[2020-10-31T11:11:19.653+0000][info][gc] Consider -XX:+ClassUnloadingWithConcurrentMark if large pause times are observed on class-unloading sensitive workloads
[2020-10-31T11:11:19.661+0000][info][gc,init] Regions: 2048 x 2048K
[2020-10-31T11:11:19.661+0000][info][gc,init] Humongous object threshold: 2048K
[2020-10-31T11:11:19.661+0000][info][gc,init] Max TLAB size: 2048K
[2020-10-31T11:11:19.661+0000][info][gc,init] GC threads: 1 parallel, 1 concurrent
[2020-10-31T11:11:19.661+0000][info][gc,init] Reference processing: parallel
[2020-10-31T11:11:19.662+0000][info][gc     ] Heuristics ergonomically sets -XX:+ExplicitGCInvokesConcurrent
[2020-10-31T11:11:19.662+0000][info][gc     ] Heuristics ergonomically sets -XX:+ShenandoahImplicitGCInvokesConcurrent
[2020-10-31T11:11:19.662+0000][info][gc,init] Shenandoah heuristics: adaptive
[2020-10-31T11:11:19.663+0000][info][gc,init] Pretouch bitmap: 2048 regions, 4096 bytes page
[2020-10-31T11:11:19.695+0000][info][gc,init] Pretouch heap: 2048 regions, 4096 bytes page
[2020-10-31T11:11:21.735+0000][info][gc,ergo] Pacer for Idle. Initial: 81M, Alloc Tax Rate: 1.0x
[2020-10-31T11:11:21.735+0000][info][gc,init] Initialize Shenandoah heap: 4096M initial, 4096M min, 4096M max
[2020-10-31T11:11:21.735+0000][info][gc,init] Safepointing mechanism: thread-local poll
[2020-10-31T11:11:21.735+0000][info][gc     ] Utlabsing Shenandoah
[2020-10-31T11:11:21.735+0000][info][gc,heap,coops] Heap address: 0x0000000700000000, size: 4096 MB, Compressed Oops mode: Zero based, Oop shift amount: 3
[2020-10-31T11:11:21.783+0000][info][safepoint    ] Safepoint "Deoptimize", Time since last: 41482205 ns, Reaching safepoint: 37483 ns, At safepoint: 12418 ns, Total: 49901 ns
[2020-10-31T11:11:22.005+0000][info][safepoint    ] Safepoint "Deoptimize", Time since last: 221350373 ns, Reaching safepoint: 81026 ns, At safepoint: 39157 ns, Total: 120183 ns
[2020-10-31T11:11:22.110+0000][info][safepoint    ] Safepoint "Deoptimize", Time since last: 104547923 ns, Reaching safepoint: 117437 ns, At safepoint: 59528 ns, Total: 176965 ns
[2020-10-31T11:11:22.125+0000][info][safepoint    ] Safepoint "EnableBiasedLocking", Time since last: 14922988 ns, Reaching safepoint: 99481 ns, At safepoint: 123813 ns, Total: 223294 ns
[2020-10-31T11:11:22.374+0000][info][safepoint    ] Safepoint "Deoptimize", Time since last: 249097755 ns, Reaching safepoint: 141463 ns, At safepoint: 110524 ns, Total: 251987 ns
[2020-10-31T11:11:22.457+0000][info][safepoint    ] Safepoint "Deoptimize", Time since last: 82703733 ns, Reaching safepoint: 64720 ns, At safepoint: 82468 ns, Total: 147188 ns
[2020-10-31T11:11:22.482+0000][info][safepoint    ] Safepoint "RevokeBias", Time since last: 25186555 ns, Reaching safepoint: 116262 ns, At safepoint: 18944 ns, Total: 135206 ns
[2020-10-31T11:11:22.483+0000][info][safepoint    ] Safepoint "RevokeBias", Time since last: 828929 ns, Reaching safepoint: 116829 ns, At safepoint: 28809 ns, Total: 145638 ns
[2020-10-31T11:11:22.484+0000][info][safepoint    ] Safepoint "RevokeBias", Time since last: 872158 ns, Reaching safepoint: 108637 ns, At safepoint: 29693 ns, Total: 138330 ns
[2020-10-31T11:11:22.487+0000][info][safepoint    ] Safepoint "RevokeBias", Time since last: 2182022 ns, Reaching safepoint: 183532 ns, At safepoint: 18827 ns, Total: 202359 ns
[2020-10-31T11:11:22.487+0000][info][safepoint    ] Safepoint "RevokeBias", Time since last: 105721 ns, Reaching safepoint: 173908 ns, At safepoint: 27756 ns, Total: 201664 ns
[2020-10-31T11:11:22.493+0000][info][safepoint    ] Safepoint "RevokeBias", Time since last: 5188551 ns, Reaching safepoint: 315857 ns, At safepoint: 32920 ns, Total: 348777 ns
[2020-10-31T11:11:22.493+0000][info][safepoint    ] Safepoint "RevokeBias", Time since last: 156059 ns, Reaching safepoint: 105702 ns, At safepoint: 20357 ns, Total: 126059 ns
[2020-10-31T11:11:22.493+0000][info][safepoint    ] Safepoint "RevokeBias", Time since last: 444549 ns, Reaching safepoint: 108980 ns, At safepoint: 15797 ns, Total: 124777 ns
[2020-10-31T11:11:22.494+0000][info][safepoint    ] Safepoint "RevokeBias", Time since last: 580023 ns, Reaching safepoint: 311715 ns, At safepoint: 23742 ns, Total: 335457 ns
[2020-10-31T11:11:22.496+0000][info][safepoint    ] Safepoint "RevokeBias", Time since last: 1800400 ns, Reaching safepoint: 108575 ns, At safepoint: 25759 ns, Total: 134334 ns
[2020-10-31T11:11:22.497+0000][info][safepoint    ] Safepoint "RevokeBias", Time since last: 940853 ns, Reaching safepoint: 105462 ns, At safepoint: 14813 ns, Total: 120275 ns
[2020-10-31T11:11:22.502+0000][info][safepoint    ] Safepoint "RevokeBias", Time since last: 4157317 ns, Reaching safepoint: 108932 ns, At safepoint: 26909 ns, Total: 135841 ns
[2020-10-31T11:11:22.502+0000][info][safepoint    ] Safepoint "RevokeBias", Time since last: 45880 ns, Reaching safepoint: 94636 ns, At safepoint: 15109 ns, Total: 109745 ns
[2020-10-31T11:11:22.503+0000][info][safepoint    ] Safepoint "RevokeBias", Time since last: 776906 ns, Reaching safepoint: 107590 ns, At safepoint: 17657 ns, Total: 125247 ns
[2020-10-31T11:11:22.505+0000][info][safepoint    ] Safepoint "RevokeBias", Time since last: 2012538 ns, Reaching safepoint: 101444 ns, At safepoint: 13181 ns, Total: 114625 ns
[2020-10-31T11:11:22.505+0000][info][safepoint    ] Safepoint "RevokeBias", Time since last: 43658 ns, Reaching safepoint: 93048 ns, At safepoint: 13204 ns, Total: 106252 ns
[2020-10-31T11:11:22.508+0000][info][safepoint    ] Safepoint "RevokeBias", Time since last: 3074213 ns, Reaching safepoint: 107593 ns, At safepoint: 40629 ns, Total: 148222 ns
[2020-10-31T11:11:22.508+0000][info][safepoint    ] Safepoint "RevokeBias", Time since last: 214180 ns, Reaching safepoint: 122211 ns, At safepoint: 8515 ns, Total: 130726 ns
[2020-10-31T11:11:22.513+0000][info][safepoint    ] Safepoint "RevokeBias", Time since last: 4814872 ns, Reaching safepoint: 108031 ns, At safepoint: 9623 ns, Total: 117654 ns
[2020-10-31T11:11:22.515+0000][info][safepoint    ] Safepoint "RevokeBias", Time since last: 1215005 ns, Reaching safepoint: 105292 ns, At safepoint: 9065 ns, Total: 114357 ns
[2020-10-31T11:11:22.515+0000][info][safepoint    ] Safepoint "RevokeBias", Time since last: 492849 ns, Reaching safepoint: 112070 ns, At safepoint: 9575 ns, Total: 121645 ns
[2020-10-31T11:11:22.517+0000][info][safepoint    ] Safepoint "RevokeBias", Time since last: 1753486 ns, Reaching safepoint: 104048 ns, At safepoint: 7122 ns, Total: 111170 ns
[2020-10-31T11:11:22.518+0000][info][safepoint    ] Safepoint "RevokeBias", Time since last: 787310 ns, Reaching safepoint: 105162 ns, At safepoint: 7978 ns, Total: 113140 ns
[2020-10-31T11:11:22.518+0000][info][safepoint    ] Safepoint "RevokeBias", Time since last: 49514 ns, Reaching safepoint: 95180 ns, At safepoint: 10915 ns, Total: 106095 ns
[2020-10-31T11:11:22.519+0000][info][safepoint    ] Safepoint "BulkRevokeBias", Time since last: 359434 ns, Reaching safepoint: 32002 ns, At safepoint: 36184 ns, Total: 68186 ns
[2020-10-31T11:11:22.574+0000][info][safepoint    ] Safepoint "RevokeBias", Time since last: 55347217 ns, Reaching safepoint: 115159 ns, At safepoint: 21505 ns, Total: 136664 ns
[2020-10-31T11:11:22.577+0000][info][safepoint    ] Safepoint "RevokeBias", Time since last: 2590403 ns, Reaching safepoint: 263688 ns, At safepoint: 32307 ns, Total: 295995 ns
[2020-10-31T11:11:22.579+0000][info][safepoint    ] Safepoint "RevokeBias", Time since last: 1442226 ns, Reaching safepoint: 108138 ns, At safepoint: 24435 ns, Total: 132573 ns
[2020-10-31T11:11:22.603+0000][info][safepoint    ] Safepoint "RevokeBias", Time since last: 24325096 ns, Reaching safepoint: 111454 ns, At safepoint: 8673 ns, Total: 120127 ns
[2020-10-31T11:11:22.604+0000][info][safepoint    ] Safepoint "RevokeBias", Time since last: 365202 ns, Reaching safepoint: 108416 ns, At safepoint: 9371 ns, Total: 117787 ns
[2020-10-31T11:11:22.605+0000][info][safepoint    ] Safepoint "RevokeBias", Time since last: 1589472 ns, Reaching safepoint: 110089 ns, At safepoint: 8741 ns, Total: 118830 ns
[2020-10-31T11:11:22.606+0000][info][safepoint    ] Safepoint "RevokeBias", Time since last: 482535 ns, Reaching safepoint: 104963 ns, At safepoint: 7833 ns, Total: 112796 ns
[2020-10-31T11:11:22.608+0000][info][safepoint    ] Safepoint "RevokeBias", Time since last: 1517234 ns, Reaching safepoint: 106454 ns, At safepoint: 8210 ns, Total: 114664 ns
[2020-10-31T11:11:22.616+0000][info][safepoint    ] Safepoint "RevokeBias", Time since last: 8650389 ns, Reaching safepoint: 37887 ns, At safepoint: 11171 ns, Total: 49058 ns
[2020-10-31T11:11:22.619+0000][info][safepoint    ] Safepoint "RevokeBias", Time since last: 2383131 ns, Reaching safepoint: 30461 ns, At safepoint: 6835 ns, Total: 37296 ns
[2020-10-31T11:11:22.619+0000][info][safepoint    ] Safepoint "RevokeBias", Time since last: 563032 ns, Reaching safepoint: 29515 ns, At safepoint: 6474 ns, Total: 35989 ns
[2020-10-31T11:11:22.619+0000][info][safepoint    ] Safepoint "RevokeBias", Time since last: 146703 ns, Reaching safepoint: 25756 ns, At safepoint: 5788 ns, Total: 31544 ns
[2020-10-31T11:11:22.621+0000][info][safepoint    ] Safepoint "RevokeBias", Time since last: 1974263 ns, Reaching safepoint: 28490 ns, At safepoint: 6641 ns, Total: 35131 ns
[2020-10-31T11:11:22.622+0000][info][safepoint    ] Safepoint "RevokeBias", Time since last: 1007368 ns, Reaching safepoint: 29167 ns, At safepoint: 6404 ns, Total: 35571 ns
[2020-10-31T11:11:22.627+0000][info][safepoint    ] Safepoint "RevokeBias", Time since last: 4163912 ns, Reaching safepoint: 33745 ns, At safepoint: 7833 ns, Total: 41578 ns
[2020-10-31T11:11:22.628+0000][info][safepoint    ] Safepoint "RevokeBias", Time since last: 1610677 ns, Reaching safepoint: 41113 ns, At safepoint: 29682 ns, Total: 70795 ns
[2020-10-31T11:11:22.630+0000][info][safepoint    ] Safepoint "RevokeBias", Time since last: 1281244 ns, Reaching safepoint: 26421 ns, At safepoint: 10969 ns, Total: 37390 ns
[2020-10-31T11:11:22.632+0000][info][safepoint    ] Safepoint "RevokeBias", Time since last: 2081674 ns, Reaching safepoint: 98284 ns, At safepoint: 11546 ns, Total: 109830 ns
[2020-10-31T11:11:22.633+0000][info][safepoint    ] Safepoint "RevokeBias", Time since last: 805788 ns, Reaching safepoint: 29911 ns, At safepoint: 6684 ns, Total: 36595 ns
[2020-10-31T11:11:22.633+0000][info][safepoint    ] Safepoint "RevokeBias", Time since last: 620943 ns, Reaching safepoint: 29694 ns, At safepoint: 6596 ns, Total: 36290 ns
[2020-10-31T11:11:22.634+0000][info][safepoint    ] Safepoint "RevokeBias", Time since last: 427906 ns, Reaching safepoint: 26321 ns, At safepoint: 6415 ns, Total: 32736 ns
[2020-10-31T11:11:22.636+0000][info][safepoint    ] Safepoint "RevokeBias", Time since last: 1964858 ns, Reaching safepoint: 102814 ns, At safepoint: 11885 ns, Total: 114699 ns
[2020-10-31T11:11:22.637+0000][info][safepoint    ] Safepoint "RevokeBias", Time since last: 575111 ns, Reaching safepoint: 71526 ns, At safepoint: 15032 ns, Total: 86558 ns
[2020-10-31T11:11:22.637+0000][info][safepoint    ] Safepoint "BulkRevokeBias", Time since last: 186193 ns, Reaching safepoint: 31898 ns, At safepoint: 66813 ns, Total: 98711 ns
[2020-10-31T11:11:22.640+0000][info][safepoint    ] Safepoint "RevokeBias", Time since last: 2041196 ns, Reaching safepoint: 598653 ns, At safepoint: 15512 ns, Total: 614165 ns
[2020-10-31T11:11:22.668+0000][info][safepoint    ] Safepoint "RevokeBias", Time since last: 28378961 ns, Reaching safepoint: 112111 ns, At safepoint: 30632 ns, Total: 142743 ns
[2020-10-31T11:11:22.679+0000][info][safepoint    ] Safepoint "RevokeBias", Time since last: 10436187 ns, Reaching safepoint: 179018 ns, At safepoint: 48381 ns, Total: 227399 ns
[2020-10-31T11:11:22.683+0000][info][safepoint    ] Safepoint "RevokeBias", Time since last: 3988369 ns, Reaching safepoint: 114987 ns, At safepoint: 12891 ns, Total: 127878 ns
[2020-10-31T11:11:22.718+0000][info][safepoint    ] Safepoint "RevokeBias", Time since last: 35281925 ns, Reaching safepoint: 112547 ns, At safepoint: 9220 ns, Total: 121767 ns
[2020-10-31T11:11:22.744+0000][info][safepoint    ] Safepoint "Deoptimize", Time since last: 25794279 ns, Reaching safepoint: 39426 ns, At safepoint: 104074 ns, Total: 143500 ns
[2020-10-31T11:11:22.792+0000][info][safepoint    ] Safepoint "RevokeBias", Time since last: 47575518 ns, Reaching safepoint: 122358 ns, At safepoint: 11377 ns, Total: 133735 ns
[2020-10-31T11:11:22.792+0000][info][safepoint    ] Safepoint "RevokeBias", Time since last: 81622 ns, Reaching safepoint: 103632 ns, At safepoint: 11192 ns, Total: 114824 ns
[2020-10-31T11:11:22.793+0000][info][safepoint    ] Safepoint "RevokeBias", Time since last: 416573 ns, Reaching safepoint: 106422 ns, At safepoint: 11021 ns, Total: 117443 ns
[2020-10-31T11:11:22.803+0000][info][safepoint    ] Safepoint "RevokeBias", Time since last: 9864196 ns, Reaching safepoint: 41546 ns, At safepoint: 9841 ns, Total: 51387 ns
[2020-10-31T11:11:22.803+0000][info][safepoint    ] Safepoint "RevokeBias", Time since last: 257033 ns, Reaching safepoint: 102434 ns, At safepoint: 11985 ns, Total: 114419 ns
[2020-10-31T11:11:23.142+0000][info][safepoint    ] Safepoint "ICBufferFull", Time since last: 338654093 ns, Reaching safepoint: 181632 ns, At safepoint: 5314 ns, Total: 186946 ns
[2020-10-31T11:11:23.298+0000][info][safepoint    ] Safepoint "ICBufferFull", Time since last: 156321444 ns, Reaching safepoint: 166469 ns, At safepoint: 3508 ns, Total: 169977 ns
[2020-10-31T11:11:24.003+0000][info][safepoint    ] Safepoint "ICBufferFull", Time since last: 704415304 ns, Reaching safepoint: 143670 ns, At safepoint: 7171 ns, Total: 150841 ns
[2020-10-31T11:11:25.003+0000][info][safepoint    ] Safepoint "Cleanup", Time since last: 1000109067 ns, Reaching safepoint: 252810 ns, At safepoint: 2951 ns, Total: 255761 ns
[2020-10-31T11:11:26.003+0000][info][safepoint    ] Safepoint "Cleanup", Time since last: 1000098523 ns, Reaching safepoint: 191487 ns, At safepoint: 2600 ns, Total: 194087 ns
[2020-10-31T11:11:27.004+0000][info][safepoint    ] Safepoint "Cleanup", Time since last: 1000104534 ns, Reaching safepoint: 180892 ns, At safepoint: 5301 ns, Total: 186193 ns
[2020-10-31T11:11:28.004+0000][info][safepoint    ] Safepoint "Cleanup", Time since last: 1000108253 ns, Reaching safepoint: 65867 ns, At safepoint: 5559 ns, Total: 71426 ns
[2020-10-31T11:11:28.167+0000][info][gc           ] Trigger: Learning 1 of 5. Free (2866M) is below initial threshold (2867M)
[2020-10-31T11:11:28.167+0000][info][gc,ergo      ] Free: 2866M (1433 regions), Max regular: 2048K, Max humongous: 2932736K, External frag: 1%, Internal frag: 0%
[2020-10-31T11:11:28.167+0000][info][gc,ergo      ] Evacuation Reserve: 206M (103 regions), Max regular: 2048K
[2020-10-31T11:11:28.167+0000][info][gc,start     ] GC(0) Concurrent reset
[2020-10-31T11:11:28.167+0000][info][gc,task      ] GC(0) Using 1 of 1 workers for concurrent reset
[2020-10-31T11:11:28.167+0000][info][gc           ] GC(0) Concurrent reset 1024M->1024M(4096M) 0.207ms
[2020-10-31T11:11:28.167+0000][info][gc,start     ] GC(0) Pause Init Mark (process weakrefs)
[2020-10-31T11:11:28.167+0000][info][gc,task      ] GC(0) Using 1 of 1 workers for init marking
[2020-10-31T11:11:28.169+0000][info][gc,ergo      ] GC(0) Pacer for Mark. Expected Live: 409M, Free: 2866M, Non-Taxable: 286M, Alloc Tax Rate: 0.5x
[2020-10-31T11:11:28.169+0000][info][gc           ] GC(0) Pause Init Mark (process weakrefs) 2.109ms
[2020-10-31T11:11:28.169+0000][info][safepoint    ] Safepoint "ShenandoahInitMark", Time since last: 162978873 ns, Reaching safepoint: 129854 ns, At safepoint: 2130631 ns, Total: 2260485 ns
[2020-10-31T11:11:28.169+0000][info][gc,start     ] GC(0) Concurrent marking (process weakrefs)
[2020-10-31T11:11:28.169+0000][info][gc,task      ] GC(0) Using 1 of 1 workers for concurrent marking
[2020-10-31T11:11:28.231+0000][info][gc           ] GC(0) Concurrent marking (process weakrefs) 1024M->1042M(4096M) 61.788ms
[2020-10-31T11:11:28.231+0000][info][gc,start     ] GC(0) Concurrent precleaning
[2020-10-31T11:11:28.231+0000][info][gc,task      ] GC(0) Using 1 of 1 workers for concurrent preclean
[2020-10-31T11:11:28.247+0000][info][gc           ] GC(0) Concurrent precleaning 1042M->1048M(4096M) 16.256ms
[2020-10-31T11:11:28.247+0000][info][gc,start     ] GC(0) Pause Final Mark (process weakrefs)
[2020-10-31T11:11:28.247+0000][info][gc,task      ] GC(0) Using 1 of 1 workers for final marking
[2020-10-31T11:11:28.261+0000][info][gc,ergo      ] GC(0) Adaptive CSet Selection. Target Free: 409M, Actual Free: 3048M, Max CSet: 170M, Min Garbage: 0M
[2020-10-31T11:11:28.261+0000][info][gc,ergo      ] GC(0) Collectable Garbage: 1011M (99% of total), 10M CSet, 511 CSet regions
[2020-10-31T11:11:28.261+0000][info][gc,ergo      ] GC(0) Immediate Garbage: 0M (0% of total), 0 regions
[2020-10-31T11:11:28.263+0000][info][gc,ergo      ] GC(0) Pacer for Evacuation. Used CSet: 1022M, Free: 2842M, Non-Taxable: 284M, Alloc Tax Rate: 1.1x
[2020-10-31T11:11:28.263+0000][info][gc           ] GC(0) Pause Final Mark (process weakrefs) 16.074ms
[2020-10-31T11:11:28.263+0000][info][safepoint    ] Safepoint "ShenandoahFinalMarkStartEvac", Time since last: 78143536 ns, Reaching safepoint: 54716 ns, At safepoint: 16154338 ns, Total: 16209054 ns
[2020-10-31T11:11:28.264+0000][info][gc,start     ] GC(0) Concurrent cleanup
[2020-10-31T11:11:28.264+0000][info][gc           ] GC(0) Concurrent cleanup 1050M->1052M(4096M) 0.194ms
[2020-10-31T11:11:28.264+0000][info][gc,ergo      ] GC(0) Free: 2838M (1419 regions), Max regular: 2048K, Max humongous: 2904064K, External frag: 1%, Internal frag: 0%
[2020-10-31T11:11:28.264+0000][info][gc,ergo      ] GC(0) Evacuation Reserve: 205M (103 regions), Max regular: 2048K
[2020-10-31T11:11:28.264+0000][info][gc,start     ] GC(0) Concurrent evacuation
[2020-10-31T11:11:28.264+0000][info][gc,task      ] GC(0) Using 1 of 1 workers for concurrent evacuation
[2020-10-31T11:11:28.289+0000][info][gc           ] GC(0) Concurrent evacuation 1052M->1066M(4096M) 24.957ms
[2020-10-31T11:11:28.289+0000][info][gc,start     ] GC(0) Pause Init Update Refs
[2020-10-31T11:11:28.289+0000][info][gc,ergo      ] GC(0) Pacer for Update Refs. Used: 1066M, Free: 2836M, Non-Taxable: 283M, Alloc Tax Rate: 1.1x
[2020-10-31T11:11:28.289+0000][info][gc           ] GC(0) Pause Init Update Refs 0.039ms
[2020-10-31T11:11:28.289+0000][info][safepoint    ] Safepoint "ShenandoahInitUpdateRefs", Time since last: 25402009 ns, Reaching safepoint: 123614 ns, At safepoint: 67993 ns, Total: 191607 ns
[2020-10-31T11:11:28.289+0000][info][gc,start     ] GC(0) Concurrent update references
[2020-10-31T11:11:28.289+0000][info][gc,task      ] GC(0) Using 1 of 1 workers for concurrent reference update
[2020-10-31T11:11:28.318+0000][info][gc           ] GC(0) Concurrent update references 1066M->1072M(4096M) 28.551ms
[2020-10-31T11:11:28.318+0000][info][gc,start     ] GC(0) Pause Final Update Refs
[2020-10-31T11:11:28.318+0000][info][gc,task      ] GC(0) Using 1 of 1 workers for final reference update
[2020-10-31T11:11:28.318+0000][info][gc           ] GC(0) Pause Final Update Refs 0.200ms
[2020-10-31T11:11:28.318+0000][info][safepoint    ] Safepoint "ShenandoahFinalUpdateRefs", Time since last: 28616274 ns, Reaching safepoint: 123440 ns, At safepoint: 229902 ns, Total: 353342 ns
[2020-10-31T11:11:28.318+0000][info][gc,start     ] GC(0) Concurrent cleanup
[2020-10-31T11:11:28.318+0000][info][gc           ] GC(0) Concurrent cleanup 1072M->50M(4096M) 0.201ms
[2020-10-31T11:11:28.318+0000][info][gc,ergo      ] Free: 3840M (1920 regions), Max regular: 2048K, Max humongous: 2883584K, External frag: 27%, Internal frag: 0%
[2020-10-31T11:11:28.318+0000][info][gc,ergo      ] Evacuation Reserve: 206M (103 regions), Max regular: 2048K
[2020-10-31T11:11:28.318+0000][info][gc,ergo      ] Pacer for Idle. Initial: 81M, Alloc Tax Rate: 1.0x
[2020-10-31T11:11:29.318+0000][info][safepoint    ] Safepoint "Cleanup", Time since last: 1000077796 ns, Reaching safepoint: 150451 ns, At safepoint: 5853 ns, Total: 156304 ns
[2020-10-31T11:11:30.318+0000][info][safepoint    ] Safepoint "Cleanup", Time since last: 1000111704 ns, Reaching safepoint: 60212 ns, At safepoint: 5517 ns, Total: 65729 ns
[2020-10-31T11:11:31.319+0000][info][safepoint    ] Safepoint "Cleanup", Time since last: 1000110814 ns, Reaching safepoint: 136219 ns, At safepoint: 5128 ns, Total: 141347 ns
[2020-10-31T11:11:31.372+0000][info][gc           ] Trigger: Learning 2 of 5. Free (2866M) is below initial threshold (2867M)
[2020-10-31T11:11:31.372+0000][info][gc,ergo      ] Free: 2866M (1433 regions), Max regular: 2048K, Max humongous: 2883584K, External frag: 2%, Internal frag: 0%
[2020-10-31T11:11:31.372+0000][info][gc,ergo      ] Evacuation Reserve: 206M (103 regions), Max regular: 2048K
[2020-10-31T11:11:31.372+0000][info][gc,start     ] GC(1) Concurrent reset
[2020-10-31T11:11:31.372+0000][info][gc,task      ] GC(1) Using 1 of 1 workers for concurrent reset
[2020-10-31T11:11:31.375+0000][info][gc           ] GC(1) Concurrent reset 1024M->1024M(4096M) 2.665ms
[2020-10-31T11:11:31.375+0000][info][gc,start     ] GC(1) Pause Init Mark
[2020-10-31T11:11:31.375+0000][info][gc,task      ] GC(1) Using 1 of 1 workers for init marking
[2020-10-31T11:11:31.376+0000][info][gc,ergo      ] GC(1) Pacer for Mark. Expected Live: 11M, Free: 2866M, Non-Taxable: 286M, Alloc Tax Rate: 0.0x
[2020-10-31T11:11:31.376+0000][info][gc           ] GC(1) Pause Init Mark 0.410ms
[2020-10-31T11:11:31.376+0000][info][safepoint    ] Safepoint "ShenandoahInitMark", Time since last: 56408041 ns, Reaching safepoint: 136480 ns, At safepoint: 428608 ns, Total: 565088 ns
[2020-10-31T11:11:31.376+0000][info][gc,start     ] GC(1) Concurrent marking
[2020-10-31T11:11:31.376+0000][info][gc,task      ] GC(1) Using 1 of 1 workers for concurrent marking
[2020-10-31T11:11:31.432+0000][info][gc           ] GC(1) Concurrent marking 1025M->1041M(4096M) 56.248ms
[2020-10-31T11:11:31.432+0000][info][gc,start     ] GC(1) Pause Final Mark
[2020-10-31T11:11:31.432+0000][info][gc,task      ] GC(1) Using 1 of 1 workers for final marking
[2020-10-31T11:11:31.433+0000][info][gc,ergo      ] GC(1) Adaptive CSet Selection. Target Free: 409M, Actual Free: 3056M, Max CSet: 170M, Min Garbage: 0M
[2020-10-31T11:11:31.433+0000][info][gc,ergo      ] GC(1) Collectable Garbage: 1002M (99% of total), 13M CSet, 508 CSet regions
[2020-10-31T11:11:31.433+0000][info][gc,ergo      ] GC(1) Immediate Garbage: 2M (0% of total), 1 regions
[2020-10-31T11:11:31.433+0000][info][gc,ergo      ] GC(1) Pacer for Evacuation. Used CSet: 1016M, Free: 2850M, Non-Taxable: 285M, Alloc Tax Rate: 1.1x
[2020-10-31T11:11:31.433+0000][info][gc           ] GC(1) Pause Final Mark 1.262ms
[2020-10-31T11:11:31.433+0000][info][safepoint    ] Safepoint "ShenandoahFinalMarkStartEvac", Time since last: 56326134 ns, Reaching safepoint: 56669 ns, At safepoint: 1286851 ns, Total: 1343520 ns
[2020-10-31T11:11:31.433+0000][info][gc,start     ] GC(1) Concurrent cleanup
[2020-10-31T11:11:31.434+0000][info][gc           ] GC(1) Concurrent cleanup 1041M->1039M(4096M) 0.165ms
[2020-10-31T11:11:31.434+0000][info][gc,ergo      ] GC(1) Free: 2850M (1426 regions), Max regular: 2048K, Max humongous: 2883584K, External frag: 2%, Internal frag: 0%
[2020-10-31T11:11:31.434+0000][info][gc,ergo      ] GC(1) Evacuation Reserve: 205M (103 regions), Max regular: 2048K
[2020-10-31T11:11:31.434+0000][info][gc,start     ] GC(1) Concurrent evacuation
[2020-10-31T11:11:31.434+0000][info][gc,task      ] GC(1) Using 1 of 1 workers for concurrent evacuation
[2020-10-31T11:11:31.469+0000][info][gc           ] GC(1) Concurrent evacuation 1039M->1063M(4096M) 35.026ms
[2020-10-31T11:11:31.469+0000][info][gc,start     ] GC(1) Pause Init Update Refs
[2020-10-31T11:11:31.469+0000][info][gc,ergo      ] GC(1) Pacer for Update Refs. Used: 1063M, Free: 2840M, Non-Taxable: 284M, Alloc Tax Rate: 1.1x
[2020-10-31T11:11:31.469+0000][info][gc           ] GC(1) Pause Init Update Refs 0.044ms
[2020-10-31T11:11:31.469+0000][info][safepoint    ] Safepoint "ShenandoahInitUpdateRefs", Time since last: 35308493 ns, Reaching safepoint: 122929 ns, At safepoint: 60263 ns, Total: 183192 ns
[2020-10-31T11:11:31.469+0000][info][gc,start     ] GC(1) Concurrent update references
[2020-10-31T11:11:31.469+0000][info][gc,task      ] GC(1) Using 1 of 1 workers for concurrent reference update
[2020-10-31T11:11:31.511+0000][info][gc           ] GC(1) Concurrent update references 1064M->1073M(4096M) 42.213ms
[2020-10-31T11:11:31.511+0000][info][gc,start     ] GC(1) Pause Final Update Refs
[2020-10-31T11:11:31.511+0000][info][gc,task      ] GC(1) Using 1 of 1 workers for final reference update
[2020-10-31T11:11:31.511+0000][info][gc           ] GC(1) Pause Final Update Refs 0.156ms
[2020-10-31T11:11:31.511+0000][info][safepoint    ] Safepoint "ShenandoahFinalUpdateRefs", Time since last: 42283890 ns, Reaching safepoint: 133056 ns, At safepoint: 180044 ns, Total: 313100 ns
[2020-10-31T11:11:31.511+0000][info][gc,start     ] GC(1) Concurrent cleanup
[2020-10-31T11:11:31.512+0000][info][gc           ] GC(1) Concurrent cleanup 1073M->57M(4096M) 0.202ms
[2020-10-31T11:11:31.512+0000][info][gc,ergo      ] Free: 3832M (1917 regions), Max regular: 2048K, Max humongous: 2926592K, External frag: 26%, Internal frag: 0%
[2020-10-31T11:11:31.512+0000][info][gc,ergo      ] Evacuation Reserve: 206M (103 regions), Max regular: 2048K
[2020-10-31T11:11:31.512+0000][info][gc,ergo      ] Pacer for Idle. Initial: 81M, Alloc Tax Rate: 1.0x
[2020-10-31T11:11:32.512+0000][info][safepoint    ] Safepoint "Cleanup", Time since last: 1000080130 ns, Reaching safepoint: 60508 ns, At safepoint: 6576 ns, Total: 67084 ns
[2020-10-31T11:11:33.512+0000][info][safepoint    ] Safepoint "Cleanup", Time since last: 1000098297 ns, Reaching safepoint: 62179 ns, At safepoint: 4181 ns, Total: 66360 ns
[2020-10-31T11:11:34.512+0000][info][safepoint    ] Safepoint "Cleanup", Time since last: 1000106185 ns, Reaching safepoint: 142651 ns, At safepoint: 7230 ns, Total: 149881 ns
[2020-10-31T11:11:34.680+0000][info][gc           ] Trigger: Learning 3 of 5. Free (2866M) is below initial threshold (2867M)
[2020-10-31T11:11:34.680+0000][info][gc,ergo      ] Free: 2866M (1435 regions), Max regular: 2048K, Max humongous: 2926592K, External frag: 1%, Internal frag: 0%
[2020-10-31T11:11:34.680+0000][info][gc,ergo      ] Evacuation Reserve: 206M (103 regions), Max regular: 2048K
[2020-10-31T11:11:34.681+0000][info][gc,start     ] GC(2) Concurrent reset
[2020-10-31T11:11:34.681+0000][info][gc,task      ] GC(2) Using 1 of 1 workers for concurrent reset
[2020-10-31T11:11:34.683+0000][info][gc           ] GC(2) Concurrent reset 1023M->1023M(4096M) 2.642ms
[2020-10-31T11:11:34.683+0000][info][gc,start     ] GC(2) Pause Init Mark
[2020-10-31T11:11:34.683+0000][info][gc,task      ] GC(2) Using 1 of 1 workers for init marking
[2020-10-31T11:11:34.684+0000][info][gc,ergo      ] GC(2) Pacer for Mark. Expected Live: 14M, Free: 2866M, Non-Taxable: 286M, Alloc Tax Rate: 0.0x
[2020-10-31T11:11:34.684+0000][info][gc           ] GC(2) Pause Init Mark 0.404ms
[2020-10-31T11:11:34.684+0000][info][safepoint    ] Safepoint "ShenandoahInitMark", Time since last: 171184528 ns, Reaching safepoint: 137370 ns, At safepoint: 422095 ns, Total: 559465 ns
[2020-10-31T11:11:34.684+0000][info][gc,start     ] GC(2) Concurrent marking
[2020-10-31T11:11:34.684+0000][info][gc,task      ] GC(2) Using 1 of 1 workers for concurrent marking
[2020-10-31T11:11:34.785+0000][info][gc           ] GC(2) Concurrent marking 1023M->1051M(4096M) 101.176ms
[2020-10-31T11:11:34.785+0000][info][gc,start     ] GC(2) Pause Final Mark
[2020-10-31T11:11:34.785+0000][info][gc,task      ] GC(2) Using 1 of 1 workers for final marking
[2020-10-31T11:11:34.786+0000][info][gc,ergo      ] GC(2) Adaptive CSet Selection. Target Free: 409M, Actual Free: 3044M, Max CSet: 170M, Min Garbage: 0M
[2020-10-31T11:11:34.786+0000][info][gc,ergo      ] GC(2) Collectable Garbage: 990M (99% of total), 13M CSet, 502 CSet regions
[2020-10-31T11:11:34.786+0000][info][gc,ergo      ] GC(2) Immediate Garbage: 0M (0% of total), 0 regions
[2020-10-31T11:11:34.786+0000][info][gc,ergo      ] GC(2) Pacer for Evacuation. Used CSet: 1004M, Free: 2838M, Non-Taxable: 283M, Alloc Tax Rate: 1.1x
[2020-10-31T11:11:34.786+0000][info][gc           ] GC(2) Pause Final Mark 1.262ms
[2020-10-31T11:11:34.786+0000][info][safepoint    ] Safepoint "ShenandoahFinalMarkStartEvac", Time since last: 101247566 ns, Reaching safepoint: 55921 ns, At safepoint: 1282708 ns, Total: 1338629 ns
[2020-10-31T11:11:34.786+0000][info][gc,start     ] GC(2) Concurrent cleanup
[2020-10-31T11:11:34.787+0000][info][gc           ] GC(2) Concurrent cleanup 1052M->1053M(4096M) 0.195ms
[2020-10-31T11:11:34.787+0000][info][gc,ergo      ] GC(2) Free: 2836M (1418 regions), Max regular: 2048K, Max humongous: 2902016K, External frag: 1%, Internal frag: 0%
[2020-10-31T11:11:34.787+0000][info][gc,ergo      ] GC(2) Evacuation Reserve: 205M (103 regions), Max regular: 2048K
[2020-10-31T11:11:34.787+0000][info][gc,start     ] GC(2) Concurrent evacuation
[2020-10-31T11:11:34.787+0000][info][gc,task      ] GC(2) Using 1 of 1 workers for concurrent evacuation
[2020-10-31T11:11:34.811+0000][info][gc           ] GC(2) Concurrent evacuation 1054M->1073M(4096M) 24.480ms
[2020-10-31T11:11:34.811+0000][info][gc,start     ] GC(2) Pause Init Update Refs
[2020-10-31T11:11:34.811+0000][info][gc,ergo      ] GC(2) Pacer for Update Refs. Used: 1073M, Free: 2830M, Non-Taxable: 283M, Alloc Tax Rate: 1.1x
[2020-10-31T11:11:34.811+0000][info][gc           ] GC(2) Pause Init Update Refs 0.041ms
[2020-10-31T11:11:34.811+0000][info][safepoint    ] Safepoint "ShenandoahInitUpdateRefs", Time since last: 24827972 ns, Reaching safepoint: 135514 ns, At safepoint: 56806 ns, Total: 192320 ns
[2020-10-31T11:11:34.811+0000][info][gc,start     ] GC(2) Concurrent update references
[2020-10-31T11:11:34.811+0000][info][gc,task      ] GC(2) Using 1 of 1 workers for concurrent reference update
[2020-10-31T11:11:34.864+0000][info][gc           ] GC(2) Concurrent update references 1074M->1087M(4096M) 52.978ms
[2020-10-31T11:11:34.865+0000][info][gc,start     ] GC(2) Pause Final Update Refs
[2020-10-31T11:11:34.865+0000][info][gc,task      ] GC(2) Using 1 of 1 workers for final reference update
[2020-10-31T11:11:34.865+0000][info][gc           ] GC(2) Pause Final Update Refs 0.175ms
[2020-10-31T11:11:34.865+0000][info][safepoint    ] Safepoint "ShenandoahFinalUpdateRefs", Time since last: 53057150 ns, Reaching safepoint: 137045 ns, At safepoint: 199131 ns, Total: 336176 ns
[2020-10-31T11:11:34.865+0000][info][gc,start     ] GC(2) Concurrent cleanup
[2020-10-31T11:11:34.865+0000][info][gc           ] GC(2) Concurrent cleanup 1087M->85M(4096M) 0.226ms
[2020-10-31T11:11:34.865+0000][info][gc,ergo      ] Free: 3804M (1904 regions), Max regular: 2048K, Max humongous: 2869248K, External frag: 27%, Internal frag: 0%
[2020-10-31T11:11:34.865+0000][info][gc,ergo      ] Evacuation Reserve: 206M (103 regions), Max regular: 2048K
[2020-10-31T11:11:34.865+0000][info][gc,ergo      ] Pacer for Idle. Initial: 81M, Alloc Tax Rate: 1.0x
[2020-10-31T11:11:35.865+0000][info][safepoint    ] Safepoint "Cleanup", Time since last: 1000081399 ns, Reaching safepoint: 63907 ns, At safepoint: 6425 ns, Total: 70332 ns
[2020-10-31T11:11:36.865+0000][info][safepoint    ] Safepoint "Cleanup", Time since last: 1000103740 ns, Reaching safepoint: 162933 ns, At safepoint: 5455 ns, Total: 168388 ns
[2020-10-31T11:11:37.860+0000][info][gc           ] Trigger: Learning 4 of 5. Free (2866M) is below initial threshold (2867M)
[2020-10-31T11:11:37.860+0000][info][gc,ergo      ] Free: 2866M (1435 regions), Max regular: 2048K, Max humongous: 2869248K, External frag: 3%, Internal frag: 0%
[2020-10-31T11:11:37.860+0000][info][gc,ergo      ] Evacuation Reserve: 206M (103 regions), Max regular: 2048K
[2020-10-31T11:11:37.860+0000][info][gc,start     ] GC(3) Concurrent reset
[2020-10-31T11:11:37.860+0000][info][gc,task      ] GC(3) Using 1 of 1 workers for concurrent reset
[2020-10-31T11:11:37.863+0000][info][gc           ] GC(3) Concurrent reset 1023M->1023M(4096M) 2.868ms
[2020-10-31T11:11:37.863+0000][info][gc,start     ] GC(3) Pause Init Mark
[2020-10-31T11:11:37.863+0000][info][gc,task      ] GC(3) Using 1 of 1 workers for init marking
[2020-10-31T11:11:37.863+0000][info][gc,ergo      ] GC(3) Pacer for Mark. Expected Live: 20M, Free: 2866M, Non-Taxable: 286M, Alloc Tax Rate: 0.0x
[2020-10-31T11:11:37.863+0000][info][gc           ] GC(3) Pause Init Mark 0.406ms
[2020-10-31T11:11:37.863+0000][info][safepoint    ] Safepoint "ShenandoahInitMark", Time since last: 997725325 ns, Reaching safepoint: 135171 ns, At safepoint: 426011 ns, Total: 561182 ns
[2020-10-31T11:11:37.864+0000][info][gc,start     ] GC(3) Concurrent marking
[2020-10-31T11:11:37.864+0000][info][gc,task      ] GC(3) Using 1 of 1 workers for concurrent marking
[2020-10-31T11:11:37.953+0000][info][gc           ] GC(3) Concurrent marking 1023M->1049M(4096M) 89.405ms
[2020-10-31T11:11:37.953+0000][info][gc,start     ] GC(3) Pause Final Mark
[2020-10-31T11:11:37.953+0000][info][gc,task      ] GC(3) Using 1 of 1 workers for final marking
[2020-10-31T11:11:37.954+0000][info][gc,ergo      ] GC(3) Adaptive CSet Selection. Target Free: 409M, Actual Free: 3046M, Max CSet: 170M, Min Garbage: 0M
[2020-10-31T11:11:37.954+0000][info][gc,ergo      ] GC(3) Collectable Garbage: 976M (99% of total), 13M CSet, 495 CSet regions
[2020-10-31T11:11:37.954+0000][info][gc,ergo      ] GC(3) Immediate Garbage: 0M (0% of total), 0 regions
[2020-10-31T11:11:37.954+0000][info][gc,ergo      ] GC(3) Pacer for Evacuation. Used CSet: 989M, Free: 2840M, Non-Taxable: 284M, Alloc Tax Rate: 1.1x
[2020-10-31T11:11:37.954+0000][info][gc           ] GC(3) Pause Final Mark 1.223ms
[2020-10-31T11:11:37.954+0000][info][safepoint    ] Safepoint "ShenandoahFinalMarkStartEvac", Time since last: 89491503 ns, Reaching safepoint: 58212 ns, At safepoint: 1246987 ns, Total: 1305199 ns
[2020-10-31T11:11:37.954+0000][info][gc,start     ] GC(3) Concurrent cleanup
[2020-10-31T11:11:37.954+0000][info][gc           ] GC(3) Concurrent cleanup 1049M->1049M(4096M) 0.169ms
[2020-10-31T11:11:37.955+0000][info][gc,ergo      ] GC(3) Free: 2840M (1420 regions), Max regular: 2048K, Max humongous: 2867200K, External frag: 2%, Internal frag: 0%
[2020-10-31T11:11:37.955+0000][info][gc,ergo      ] GC(3) Evacuation Reserve: 206M (103 regions), Max regular: 2048K
[2020-10-31T11:11:37.955+0000][info][gc,start     ] GC(3) Concurrent evacuation
[2020-10-31T11:11:37.955+0000][info][gc,task      ] GC(3) Using 1 of 1 workers for concurrent evacuation
[2020-10-31T11:11:37.979+0000][info][gc           ] GC(3) Concurrent evacuation 1049M->1071M(4096M) 24.528ms
[2020-10-31T11:11:37.979+0000][info][gc,start     ] GC(3) Pause Init Update Refs
[2020-10-31T11:11:37.979+0000][info][gc,ergo      ] GC(3) Pacer for Update Refs. Used: 1071M, Free: 2832M, Non-Taxable: 283M, Alloc Tax Rate: 1.1x
[2020-10-31T11:11:37.979+0000][info][gc           ] GC(3) Pause Init Update Refs 0.043ms
[2020-10-31T11:11:37.979+0000][info][safepoint    ] Safepoint "ShenandoahInitUpdateRefs", Time since last: 24816787 ns, Reaching safepoint: 128547 ns, At safepoint: 60177 ns, Total: 188724 ns
[2020-10-31T11:11:37.979+0000][info][gc,start     ] GC(3) Concurrent update references
[2020-10-31T11:11:37.979+0000][info][gc,task      ] GC(3) Using 1 of 1 workers for concurrent reference update
[2020-10-31T11:11:38.047+0000][info][gc           ] GC(3) Concurrent update references 1071M->1089M(4096M) 67.794ms
[2020-10-31T11:11:38.047+0000][info][gc,start     ] GC(3) Pause Final Update Refs
[2020-10-31T11:11:38.047+0000][info][gc,task      ] GC(3) Using 1 of 1 workers for final reference update
[2020-10-31T11:11:38.047+0000][info][gc           ] GC(3) Pause Final Update Refs 0.176ms
[2020-10-31T11:11:38.047+0000][info][safepoint    ] Safepoint "ShenandoahFinalUpdateRefs", Time since last: 67874376 ns, Reaching safepoint: 69404 ns, At safepoint: 204753 ns, Total: 274157 ns
[2020-10-31T11:11:38.047+0000][info][gc,start     ] GC(3) Concurrent cleanup
[2020-10-31T11:11:38.048+0000][info][gc           ] GC(3) Concurrent cleanup 1089M->99M(4096M) 0.237ms
[2020-10-31T11:11:38.048+0000][info][gc,ergo      ] Free: 3790M (1896 regions), Max regular: 2048K, Max humongous: 2910208K, External frag: 26%, Internal frag: 0%
[2020-10-31T11:11:38.048+0000][info][gc,ergo      ] Evacuation Reserve: 206M (103 regions), Max regular: 2048K
[2020-10-31T11:11:38.048+0000][info][gc,ergo      ] Pacer for Idle. Initial: 81M, Alloc Tax Rate: 1.0x
[2020-10-31T11:11:39.048+0000][info][safepoint    ] Safepoint "Cleanup", Time since last: 1000076413 ns, Reaching safepoint: 97316 ns, At safepoint: 6084 ns, Total: 103400 ns
[2020-10-31T11:11:40.048+0000][info][safepoint    ] Safepoint "Cleanup", Time since last: 1000113654 ns, Reaching safepoint: 132979 ns, At safepoint: 5729 ns, Total: 138708 ns
[2020-10-31T11:11:40.994+0000][info][gc           ] Trigger: Learning 5 of 5. Free (2866M) is below initial threshold (2867M)
[2020-10-31T11:11:40.994+0000][info][gc,ergo      ] Free: 2866M (1435 regions), Max regular: 2048K, Max humongous: 2910208K, External frag: 1%, Internal frag: 0%
[2020-10-31T11:11:40.994+0000][info][gc,ergo      ] Evacuation Reserve: 206M (103 regions), Max regular: 2048K
[2020-10-31T11:11:40.994+0000][info][gc,start     ] GC(4) Concurrent reset
[2020-10-31T11:11:40.994+0000][info][gc,task      ] GC(4) Using 1 of 1 workers for concurrent reset
[2020-10-31T11:11:40.997+0000][info][gc           ] GC(4) Concurrent reset 1023M->1023M(4096M) 2.662ms
[2020-10-31T11:11:40.997+0000][info][gc,start     ] GC(4) Pause Init Mark
[2020-10-31T11:11:40.997+0000][info][gc,task      ] GC(4) Using 1 of 1 workers for init marking
[2020-10-31T11:11:40.997+0000][info][gc,ergo      ] GC(4) Pacer for Mark. Expected Live: 26M, Free: 2866M, Non-Taxable: 286M, Alloc Tax Rate: 0.0x
[2020-10-31T11:11:40.997+0000][info][gc           ] GC(4) Pause Init Mark 0.409ms
[2020-10-31T11:11:40.997+0000][info][safepoint    ] Safepoint "ShenandoahInitMark", Time since last: 948820479 ns, Reaching safepoint: 134576 ns, At safepoint: 428011 ns, Total: 562587 ns
[2020-10-31T11:11:40.997+0000][info][gc,start     ] GC(4) Concurrent marking
[2020-10-31T11:11:40.997+0000][info][gc,task      ] GC(4) Using 1 of 1 workers for concurrent marking
[2020-10-31T11:11:41.103+0000][info][gc           ] GC(4) Concurrent marking 1023M->1053M(4096M) 105.997ms
[2020-10-31T11:11:41.103+0000][info][gc,start     ] GC(4) Pause Final Mark
[2020-10-31T11:11:41.103+0000][info][gc,task      ] GC(4) Using 1 of 1 workers for final marking
[2020-10-31T11:11:41.104+0000][info][gc,ergo      ] GC(4) Adaptive CSet Selection. Target Free: 409M, Actual Free: 3042M, Max CSet: 170M, Min Garbage: 0M
[2020-10-31T11:11:41.104+0000][info][gc,ergo      ] GC(4) Collectable Garbage: 963M (99% of total), 12M CSet, 488 CSet regions
[2020-10-31T11:11:41.104+0000][info][gc,ergo      ] GC(4) Immediate Garbage: 0M (0% of total), 0 regions
[2020-10-31T11:11:41.105+0000][info][gc,ergo      ] GC(4) Pacer for Evacuation. Used CSet: 976M, Free: 2836M, Non-Taxable: 283M, Alloc Tax Rate: 1.1x
[2020-10-31T11:11:41.105+0000][info][gc           ] GC(4) Pause Final Mark 1.297ms
[2020-10-31T11:11:41.105+0000][info][safepoint    ] Safepoint "ShenandoahFinalMarkStartEvac", Time since last: 106077355 ns, Reaching safepoint: 138287 ns, At safepoint: 1318834 ns, Total: 1457121 ns
[2020-10-31T11:11:41.105+0000][info][gc,start     ] GC(4) Concurrent cleanup
[2020-10-31T11:11:41.105+0000][info][gc           ] GC(4) Concurrent cleanup 1054M->1055M(4096M) 0.195ms
[2020-10-31T11:11:41.105+0000][info][gc,ergo      ] GC(4) Free: 2834M (1418 regions), Max regular: 2048K, Max humongous: 2902016K, External frag: 1%, Internal frag: 0%
[2020-10-31T11:11:41.105+0000][info][gc,ergo      ] GC(4) Evacuation Reserve: 206M (103 regions), Max regular: 2048K
[2020-10-31T11:11:41.105+0000][info][gc,start     ] GC(4) Concurrent evacuation
[2020-10-31T11:11:41.105+0000][info][gc,task      ] GC(4) Using 1 of 1 workers for concurrent evacuation
[2020-10-31T11:11:41.128+0000][info][gc           ] GC(4) Concurrent evacuation 1055M->1075M(4096M) 23.164ms
[2020-10-31T11:11:41.128+0000][info][gc,start     ] GC(4) Pause Init Update Refs
[2020-10-31T11:11:41.128+0000][info][gc,ergo      ] GC(4) Pacer for Update Refs. Used: 1075M, Free: 2828M, Non-Taxable: 282M, Alloc Tax Rate: 1.1x
[2020-10-31T11:11:41.128+0000][info][gc           ] GC(4) Pause Init Update Refs 0.045ms
[2020-10-31T11:11:41.128+0000][info][safepoint    ] Safepoint "ShenandoahInitUpdateRefs", Time since last: 23510609 ns, Reaching safepoint: 132869 ns, At safepoint: 63971 ns, Total: 196840 ns
[2020-10-31T11:11:41.129+0000][info][gc,start     ] GC(4) Concurrent update references
[2020-10-31T11:11:41.129+0000][info][gc,task      ] GC(4) Using 1 of 1 workers for concurrent reference update
[2020-10-31T11:11:41.202+0000][info][gc           ] GC(4) Concurrent update references 1076M->1095M(4096M) 73.496ms
[2020-10-31T11:11:41.202+0000][info][gc,start     ] GC(4) Pause Final Update Refs
[2020-10-31T11:11:41.202+0000][info][gc,task      ] GC(4) Using 1 of 1 workers for final reference update
[2020-10-31T11:11:41.202+0000][info][gc           ] GC(4) Pause Final Update Refs 0.174ms
[2020-10-31T11:11:41.202+0000][info][safepoint    ] Safepoint "ShenandoahFinalUpdateRefs", Time since last: 73598963 ns, Reaching safepoint: 139603 ns, At safepoint: 200117 ns, Total: 339720 ns
[2020-10-31T11:11:41.202+0000][info][gc,start     ] GC(4) Concurrent cleanup
[2020-10-31T11:11:41.203+0000][info][gc           ] GC(4) Concurrent cleanup 1095M->119M(4096M) 0.225ms
[2020-10-31T11:11:41.203+0000][info][gc,ergo      ] Free: 3770M (1886 regions), Max regular: 2048K, Max humongous: 2861056K, External frag: 26%, Internal frag: 0%
[2020-10-31T11:11:41.203+0000][info][gc,ergo      ] Evacuation Reserve: 206M (103 regions), Max regular: 2048K
[2020-10-31T11:11:41.203+0000][info][gc,ergo      ] Pacer for Idle. Initial: 81M, Alloc Tax Rate: 1.0x
[2020-10-31T11:11:42.203+0000][info][safepoint    ] Safepoint "Cleanup", Time since last: 1000080913 ns, Reaching safepoint: 68070 ns, At safepoint: 5040 ns, Total: 73110 ns
[2020-10-31T11:11:42.716+0000][info][safepoint    ] Safepoint "RevokeBias", Time since last: 512922320 ns, Reaching safepoint: 69154 ns, At safepoint: 16082 ns, Total: 85236 ns
[2020-10-31T11:11:43.716+0000][info][safepoint    ] Safepoint "Cleanup", Time since last: 1000104098 ns, Reaching safepoint: 190563 ns, At safepoint: 3167 ns, Total: 193730 ns
[2020-10-31T11:11:44.716+0000][info][safepoint    ] Safepoint "Cleanup", Time since last: 1000123764 ns, Reaching safepoint: 75536 ns, At safepoint: 1790 ns, Total: 77326 ns
[2020-10-31T11:11:45.716+0000][info][safepoint    ] Safepoint "Cleanup", Time since last: 1000110544 ns, Reaching safepoint: 74829 ns, At safepoint: 6073 ns, Total: 80902 ns
[2020-10-31T11:11:46.718+0000][info][safepoint    ] Safepoint "Cleanup", Time since last: 1001324708 ns, Reaching safepoint: 55027 ns, At safepoint: 3282 ns, Total: 58309 ns
[2020-10-31T11:11:47.718+0000][info][safepoint    ] Safepoint "Cleanup", Time since last: 1000101314 ns, Reaching safepoint: 133052 ns, At safepoint: 5292 ns, Total: 138344 ns
[2020-10-31T11:11:48.718+0000][info][safepoint    ] Safepoint "Cleanup", Time since last: 1000110100 ns, Reaching safepoint: 128754 ns, At safepoint: 5116 ns, Total: 133870 ns
[2020-10-31T11:11:49.718+0000][info][safepoint    ] Safepoint "Cleanup", Time since last: 1000106762 ns, Reaching safepoint: 58743 ns, At safepoint: 5801 ns, Total: 64544 ns
[2020-10-31T11:11:50.718+0000][info][safepoint    ] Safepoint "Cleanup", Time since last: 1000109798 ns, Reaching safepoint: 55174 ns, At safepoint: 3956 ns, Total: 59130 ns
[2020-10-31T11:11:51.719+0000][info][safepoint    ] Safepoint "Cleanup", Time since last: 1000112866 ns, Reaching safepoint: 62907 ns, At safepoint: 5720 ns, Total: 68627 ns
[2020-10-31T11:11:52.719+0000][info][safepoint    ] Safepoint "Cleanup", Time since last: 1000110395 ns, Reaching safepoint: 70872 ns, At safepoint: 5273 ns, Total: 76145 ns
[2020-10-31T11:11:52.719+0000][info][gc           ] Trigger: Free (408M) is below minimum threshold (409M)
[2020-10-31T11:11:52.719+0000][info][gc,ergo      ] Free: 408M (205 regions), Max regular: 2048K, Max humongous: 417792K, External frag: 1%, Internal frag: 0%
[2020-10-31T11:11:52.719+0000][info][gc,ergo      ] Evacuation Reserve: 206M (103 regions), Max regular: 2048K
[2020-10-31T11:11:52.719+0000][info][gc,start     ] GC(5) Concurrent reset
[2020-10-31T11:11:52.719+0000][info][gc,task      ] GC(5) Using 1 of 1 workers for concurrent reset
[2020-10-31T11:11:52.722+0000][info][gc           ] GC(5) Concurrent reset 3481M->3481M(4096M) 2.778ms
[2020-10-31T11:11:52.722+0000][info][gc,start     ] GC(5) Pause Init Mark (process weakrefs)
[2020-10-31T11:11:52.722+0000][info][gc,task      ] GC(5) Using 1 of 1 workers for init marking
[2020-10-31T11:11:52.722+0000][info][gc,ergo      ] GC(5) Pacer for Mark. Expected Live: 32M, Free: 408M, Non-Taxable: 40M, Alloc Tax Rate: 0.3x
[2020-10-31T11:11:52.722+0000][info][gc           ] GC(5) Pause Init Mark (process weakrefs) 0.431ms
[2020-10-31T11:11:52.722+0000][info][safepoint    ] Safepoint "ShenandoahInitMark", Time since last: 3029905 ns, Reaching safepoint: 56660 ns, At safepoint: 452493 ns, Total: 509153 ns
[2020-10-31T11:11:52.722+0000][info][gc,start     ] GC(5) Concurrent marking (process weakrefs)
[2020-10-31T11:11:52.722+0000][info][gc,task      ] GC(5) Using 1 of 1 workers for concurrent marking
[2020-10-31T11:11:52.987+0000][info][gc           ] GC(5) Concurrent marking (process weakrefs) 3481M->3550M(4096M) 264.381ms
[2020-10-31T11:11:52.987+0000][info][gc,start     ] GC(5) Concurrent precleaning
[2020-10-31T11:11:52.987+0000][info][gc,task      ] GC(5) Using 1 of 1 workers for concurrent preclean
[2020-10-31T11:11:53.054+0000][info][gc           ] GC(5) Concurrent precleaning 3550M->3570M(4096M) 67.155ms
[2020-10-31T11:11:53.054+0000][info][gc,start     ] GC(5) Pause Final Mark (process weakrefs)
[2020-10-31T11:11:53.054+0000][info][gc,task      ] GC(5) Using 1 of 1 workers for final marking
[2020-10-31T11:11:53.115+0000][info][gc,ergo      ] GC(5) Adaptive CSet Selection. Target Free: 409M, Actual Free: 526M, Max CSet: 170M, Min Garbage: 0M
[2020-10-31T11:11:53.115+0000][info][gc,ergo      ] GC(5) Collectable Garbage: 3401M (99% of total), 26M CSet, 1714 CSet regions
[2020-10-31T11:11:53.115+0000][info][gc,ergo      ] GC(5) Immediate Garbage: 0M (0% of total), 0 regions
[2020-10-31T11:11:53.116+0000][info][gc,ergo      ] GC(5) Pacer for Evacuation. Used CSet: 3428M, Free: 320M, Non-Taxable: 32M, Alloc Tax Rate: 26.2x
[2020-10-31T11:11:53.116+0000][info][gc           ] GC(5) Pause Final Mark (process weakrefs) 61.394ms
[2020-10-31T11:11:53.116+0000][info][safepoint    ] Safepoint "ShenandoahFinalMarkStartEvac", Time since last: 331657376 ns, Reaching safepoint: 140100 ns, At safepoint: 61422275 ns, Total: 61562375 ns
[2020-10-31T11:11:53.116+0000][info][gc,start     ] GC(5) Concurrent cleanup
[2020-10-31T11:11:53.116+0000][info][gc           ] GC(5) Concurrent cleanup 3572M->3574M(4096M) 0.193ms
[2020-10-31T11:11:53.116+0000][info][gc,ergo      ] GC(5) Free: 316M (158 regions), Max regular: 2048K, Max humongous: 321536K, External frag: 1%, Internal frag: 0%
[2020-10-31T11:11:53.116+0000][info][gc,ergo      ] GC(5) Evacuation Reserve: 205M (103 regions), Max regular: 2048K
[2020-10-31T11:11:53.116+0000][info][gc,start     ] GC(5) Concurrent evacuation
[2020-10-31T11:11:53.116+0000][info][gc,task      ] GC(5) Using 1 of 1 workers for concurrent evacuation
[2020-10-31T11:11:53.216+0000][info][gc           ] GC(5) Concurrent evacuation 3574M->3612M(4096M) 100.215ms
[2020-10-31T11:11:53.217+0000][info][gc,start     ] GC(5) Pause Init Update Refs
[2020-10-31T11:11:53.217+0000][info][gc,ergo      ] GC(5) Pacer for Update Refs. Used: 3612M, Free: 306M, Non-Taxable: 30M, Alloc Tax Rate: 14.4x
[2020-10-31T11:11:53.217+0000][info][gc           ] GC(5) Pause Init Update Refs 0.075ms
[2020-10-31T11:11:53.217+0000][info][safepoint    ] Safepoint "ShenandoahInitUpdateRefs", Time since last: 100546302 ns, Reaching safepoint: 481532 ns, At safepoint: 100803 ns, Total: 582335 ns
[2020-10-31T11:11:53.217+0000][info][gc,start     ] GC(5) Concurrent update references
[2020-10-31T11:11:53.217+0000][info][gc,task      ] GC(5) Using 1 of 1 workers for concurrent reference update
[2020-10-31T11:11:53.399+0000][info][gc           ] GC(5) Concurrent update references 3614M->3650M(4096M) 182.145ms
[2020-10-31T11:11:53.399+0000][info][gc,start     ] GC(5) Pause Final Update Refs
[2020-10-31T11:11:53.399+0000][info][gc,task      ] GC(5) Using 1 of 1 workers for final reference update
[2020-10-31T11:11:53.399+0000][info][gc           ] GC(5) Pause Final Update Refs 0.191ms
[2020-10-31T11:11:53.399+0000][info][safepoint    ] Safepoint "ShenandoahFinalUpdateRefs", Time since last: 182388588 ns, Reaching safepoint: 142240 ns, At safepoint: 227475 ns, Total: 369715 ns
[2020-10-31T11:11:53.400+0000][info][gc,start     ] GC(5) Concurrent cleanup
[2020-10-31T11:11:53.400+0000][info][gc           ] GC(5) Concurrent cleanup 3650M->222M(4096M) 0.319ms
[2020-10-31T11:11:53.400+0000][info][gc,ergo      ] Free: 3668M (1834 regions), Max regular: 2048K, Max humongous: 3502080K, External frag: 7%, Internal frag: 0%
[2020-10-31T11:11:53.400+0000][info][gc,ergo      ] Evacuation Reserve: 206M (103 regions), Max regular: 2048K
[2020-10-31T11:11:53.400+0000][info][gc,ergo      ] Pacer for Idle. Initial: 81M, Alloc Tax Rate: 1.0x
[2020-10-31T11:11:54.400+0000][info][safepoint    ] Safepoint "Cleanup", Time since last: 1000086558 ns, Reaching safepoint: 81091 ns, At safepoint: 6436 ns, Total: 87527 ns
[2020-10-31T11:11:55.400+0000][info][safepoint    ] Safepoint "Cleanup", Time since last: 1000101355 ns, Reaching safepoint: 131673 ns, At safepoint: 5754 ns, Total: 137427 ns
[2020-10-31T11:11:56.400+0000][info][safepoint    ] Safepoint "Cleanup", Time since last: 1000108572 ns, Reaching safepoint: 57086 ns, At safepoint: 5692 ns, Total: 62778 ns
[2020-10-31T11:11:57.400+0000][info][safepoint    ] Safepoint "Cleanup", Time since last: 1000111744 ns, Reaching safepoint: 141910 ns, At safepoint: 7668 ns, Total: 149578 ns
[2020-10-31T11:11:58.401+0000][info][safepoint    ] Safepoint "Cleanup", Time since last: 1000120288 ns, Reaching safepoint: 79871 ns, At safepoint: 7064 ns, Total: 86935 ns
[2020-10-31T11:11:59.401+0000][info][safepoint    ] Safepoint "Cleanup", Time since last: 1000105662 ns, Reaching safepoint: 133956 ns, At safepoint: 5725 ns, Total: 139681 ns
[2020-10-31T11:12:00.401+0000][info][safepoint    ] Safepoint "Cleanup", Time since last: 1000119995 ns, Reaching safepoint: 59318 ns, At safepoint: 6763 ns, Total: 66081 ns
[2020-10-31T11:12:01.401+0000][info][safepoint    ] Safepoint "Cleanup", Time since last: 1000106079 ns, Reaching safepoint: 53078 ns, At safepoint: 6302 ns, Total: 59380 ns
[2020-10-31T11:12:02.401+0000][info][safepoint    ] Safepoint "Cleanup", Time since last: 1000112685 ns, Reaching safepoint: 53117 ns, At safepoint: 6286 ns, Total: 59403 ns
[2020-10-31T11:12:03.402+0000][info][safepoint    ] Safepoint "Cleanup", Time since last: 1000112059 ns, Reaching safepoint: 144094 ns, At safepoint: 3481 ns, Total: 147575 ns
[2020-10-31T11:12:03.402+0000][info][gc           ] Trigger: Free (408M) is below minimum threshold (409M)
[2020-10-31T11:12:03.402+0000][info][gc,ergo      ] Free: 408M (204 regions), Max regular: 2048K, Max humongous: 251904K, External frag: 40%, Internal frag: 0%
[2020-10-31T11:12:03.402+0000][info][gc,ergo      ] Evacuation Reserve: 206M (103 regions), Max regular: 2048K
[2020-10-31T11:12:03.402+0000][info][gc,start     ] GC(6) Concurrent reset
[2020-10-31T11:12:03.402+0000][info][gc,task      ] GC(6) Using 1 of 1 workers for concurrent reset
[2020-10-31T11:12:03.411+0000][info][gc           ] GC(6) Concurrent reset 3482M->3484M(4096M) 8.993ms
[2020-10-31T11:12:03.411+0000][info][gc,start     ] GC(6) Pause Init Mark
[2020-10-31T11:12:03.411+0000][info][gc,task      ] GC(6) Using 1 of 1 workers for init marking
[2020-10-31T11:12:03.412+0000][info][gc,ergo      ] GC(6) Pacer for Mark. Expected Live: 41M, Free: 406M, Non-Taxable: 40M, Alloc Tax Rate: 0.4x
[2020-10-31T11:12:03.412+0000][info][gc           ] GC(6) Pause Init Mark 0.475ms
[2020-10-31T11:12:03.412+0000][info][safepoint    ] Safepoint "ShenandoahInitMark", Time since last: 9397487 ns, Reaching safepoint: 133861 ns, At safepoint: 494971 ns, Total: 628832 ns
[2020-10-31T11:12:03.412+0000][info][gc,start     ] GC(6) Concurrent marking
[2020-10-31T11:12:03.412+0000][info][gc,task      ] GC(6) Using 1 of 1 workers for concurrent marking
[2020-10-31T11:12:03.592+0000][info][gc           ] GC(6) Concurrent marking 3486M->3530M(4096M) 180.391ms
[2020-10-31T11:12:03.592+0000][info][gc,start     ] GC(6) Pause Final Mark
[2020-10-31T11:12:03.592+0000][info][gc,task      ] GC(6) Using 1 of 1 workers for final marking
[2020-10-31T11:12:03.593+0000][info][gc,ergo      ] GC(6) Adaptive CSet Selection. Target Free: 409M, Actual Free: 620M, Max CSet: 170M, Min Garbage: 0M
[2020-10-31T11:12:03.593+0000][info][gc,ergo      ] GC(6) Collectable Garbage: 3378M (98% of total), 45M CSet, 1712 CSet regions
[2020-10-31T11:12:03.593+0000][info][gc,ergo      ] GC(6) Immediate Garbage: 54M (1% of total), 27 regions
[2020-10-31T11:12:03.594+0000][info][gc,ergo      ] GC(6) Pacer for Evacuation. Used CSet: 3424M, Free: 414M, Non-Taxable: 41M, Alloc Tax Rate: 20.2x
[2020-10-31T11:12:03.594+0000][info][gc           ] GC(6) Pause Final Mark 1.495ms
[2020-10-31T11:12:03.594+0000][info][safepoint    ] Safepoint "ShenandoahFinalMarkStartEvac", Time since last: 180471935 ns, Reaching safepoint: 136545 ns, At safepoint: 1516785 ns, Total: 1653330 ns
[2020-10-31T11:12:03.594+0000][info][gc,start     ] GC(6) Concurrent cleanup
[2020-10-31T11:12:03.594+0000][info][gc           ] GC(6) Concurrent cleanup 3528M->3476M(4096M) 0.163ms
[2020-10-31T11:12:03.594+0000][info][gc,ergo      ] GC(6) Free: 414M (207 regions), Max regular: 2048K, Max humongous: 307200K, External frag: 28%, Internal frag: 0%
[2020-10-31T11:12:03.594+0000][info][gc,ergo      ] GC(6) Evacuation Reserve: 205M (103 regions), Max regular: 2048K
[2020-10-31T11:12:03.594+0000][info][gc,start     ] GC(6) Concurrent evacuation
[2020-10-31T11:12:03.594+0000][info][gc,task      ] GC(6) Using 1 of 1 workers for concurrent evacuation
[2020-10-31T11:12:03.679+0000][info][gc           ] GC(6) Concurrent evacuation 3476M->3546M(4096M) 84.578ms
[2020-10-31T11:12:03.679+0000][info][gc,start     ] GC(6) Pause Init Update Refs
[2020-10-31T11:12:03.679+0000][info][gc,ergo      ] GC(6) Pacer for Update Refs. Used: 3546M, Free: 390M, Non-Taxable: 39M, Alloc Tax Rate: 11.1x
[2020-10-31T11:12:03.679+0000][info][gc           ] GC(6) Pause Init Update Refs 0.053ms
[2020-10-31T11:12:03.679+0000][info][safepoint    ] Safepoint "ShenandoahInitUpdateRefs", Time since last: 84845572 ns, Reaching safepoint: 63710 ns, At safepoint: 71237 ns, Total: 134947 ns
[2020-10-31T11:12:03.679+0000][info][gc,start     ] GC(6) Concurrent update references
[2020-10-31T11:12:03.679+0000][info][gc,task      ] GC(6) Using 1 of 1 workers for concurrent reference update
[2020-10-31T11:12:03.807+0000][info][gc           ] GC(6) Concurrent update references 3548M->3582M(4096M) 127.987ms
[2020-10-31T11:12:03.807+0000][info][gc,start     ] GC(6) Pause Final Update Refs
[2020-10-31T11:12:03.807+0000][info][gc,task      ] GC(6) Using 1 of 1 workers for final reference update
[2020-10-31T11:12:03.807+0000][info][gc           ] GC(6) Pause Final Update Refs 0.189ms
[2020-10-31T11:12:03.807+0000][info][safepoint    ] Safepoint "ShenandoahFinalUpdateRefs", Time since last: 128066354 ns, Reaching safepoint: 128216 ns, At safepoint: 208686 ns, Total: 336902 ns
[2020-10-31T11:12:03.807+0000][info][gc,start     ] GC(6) Concurrent cleanup
[2020-10-31T11:12:03.807+0000][info][gc           ] GC(6) Concurrent cleanup 3582M->158M(4096M) 0.285ms
[2020-10-31T11:12:03.807+0000][info][gc,ergo      ] Free: 3732M (1866 regions), Max regular: 2048K, Max humongous: 3340288K, External frag: 13%, Internal frag: 0%
[2020-10-31T11:12:03.807+0000][info][gc,ergo      ] Evacuation Reserve: 206M (103 regions), Max regular: 2048K
[2020-10-31T11:12:03.807+0000][info][gc,ergo      ] Pacer for Idle. Initial: 81M, Alloc Tax Rate: 1.0x
[2020-10-31T11:12:04.807+0000][info][safepoint    ] Safepoint "Cleanup", Time since last: 1000082830 ns, Reaching safepoint: 51743 ns, At safepoint: 5533 ns, Total: 57276 ns
[2020-10-31T11:12:05.808+0000][info][safepoint    ] Safepoint "Cleanup", Time since last: 1000116693 ns, Reaching safepoint: 143507 ns, At safepoint: 3325 ns, Total: 146832 ns
[2020-10-31T11:12:06.808+0000][info][safepoint    ] Safepoint "Cleanup", Time since last: 1000112260 ns, Reaching safepoint: 135948 ns, At safepoint: 5036 ns, Total: 140984 ns
[2020-10-31T11:12:07.808+0000][info][safepoint    ] Safepoint "Cleanup", Time since last: 1000126789 ns, Reaching safepoint: 140729 ns, At safepoint: 5214 ns, Total: 145943 ns
[2020-10-31T11:12:08.808+0000][info][safepoint    ] Safepoint "Cleanup", Time since last: 1000109339 ns, Reaching safepoint: 137575 ns, At safepoint: 5388 ns, Total: 142963 ns
[2020-10-31T11:12:09.809+0000][info][safepoint    ] Safepoint "Cleanup", Time since last: 1000108036 ns, Reaching safepoint: 146772 ns, At safepoint: 5742 ns, Total: 152514 ns
[2020-10-31T11:12:10.809+0000][info][safepoint    ] Safepoint "Cleanup", Time since last: 1000109498 ns, Reaching safepoint: 130446 ns, At safepoint: 5007 ns, Total: 135453 ns
[2020-10-31T11:12:11.809+0000][info][safepoint    ] Safepoint "Cleanup", Time since last: 1000104842 ns, Reaching safepoint: 138164 ns, At safepoint: 8106 ns, Total: 146270 ns
[2020-10-31T11:12:12.809+0000][info][safepoint    ] Safepoint "Cleanup", Time since last: 1000109596 ns, Reaching safepoint: 128052 ns, At safepoint: 3314 ns, Total: 131366 ns
[2020-10-31T11:12:13.810+0000][info][safepoint    ] Safepoint "Cleanup", Time since last: 1000104707 ns, Reaching safepoint: 133571 ns, At safepoint: 5517 ns, Total: 139088 ns
[2020-10-31T11:12:13.961+0000][info][gc           ] Trigger: Free (408M) is below minimum threshold (409M)
[2020-10-31T11:12:13.961+0000][info][gc,ergo      ] Free: 408M (204 regions), Max regular: 2048K, Max humongous: 415744K, External frag: 1%, Internal frag: 0%
[2020-10-31T11:12:13.961+0000][info][gc,ergo      ] Evacuation Reserve: 206M (103 regions), Max regular: 2048K
[2020-10-31T11:12:13.961+0000][info][gc,start     ] GC(7) Concurrent reset
[2020-10-31T11:12:13.961+0000][info][gc,task      ] GC(7) Using 1 of 1 workers for concurrent reset
[2020-10-31T11:12:13.970+0000][info][gc           ] GC(7) Concurrent reset 3482M->3482M(4096M) 8.786ms
[2020-10-31T11:12:13.970+0000][info][gc,start     ] GC(7) Pause Init Mark
[2020-10-31T11:12:13.970+0000][info][gc,task      ] GC(7) Using 1 of 1 workers for init marking
[2020-10-31T11:12:13.971+0000][info][gc,ergo      ] GC(7) Pacer for Mark. Expected Live: 47M, Free: 408M, Non-Taxable: 40M, Alloc Tax Rate: 0.4x
[2020-10-31T11:12:13.971+0000][info][gc           ] GC(7) Pause Init Mark 0.466ms
[2020-10-31T11:12:13.971+0000][info][safepoint    ] Safepoint "ShenandoahInitMark", Time since last: 160546176 ns, Reaching safepoint: 63026 ns, At safepoint: 487481 ns, Total: 550507 ns
[2020-10-31T11:12:13.971+0000][info][gc,start     ] GC(7) Concurrent marking
[2020-10-31T11:12:13.971+0000][info][gc,task      ] GC(7) Using 1 of 1 workers for concurrent marking
[2020-10-31T11:12:14.204+0000][info][gc           ] GC(7) Concurrent marking 3484M->3542M(4096M) 233.441ms
[2020-10-31T11:12:14.204+0000][info][gc,start     ] GC(7) Pause Final Mark
[2020-10-31T11:12:14.204+0000][info][gc,task      ] GC(7) Using 1 of 1 workers for final marking
[2020-10-31T11:12:14.205+0000][info][gc,ergo      ] GC(7) Adaptive CSet Selection. Target Free: 409M, Actual Free: 554M, Max CSet: 170M, Min Garbage: 0M
[2020-10-31T11:12:14.205+0000][info][gc,ergo      ] GC(7) Collectable Garbage: 3384M (99% of total), 45M CSet, 1715 CSet regions
[2020-10-31T11:12:14.205+0000][info][gc,ergo      ] GC(7) Immediate Garbage: 0M (0% of total), 0 regions
[2020-10-31T11:12:14.206+0000][info][gc,ergo      ] GC(7) Pacer for Evacuation. Used CSet: 3430M, Free: 348M, Non-Taxable: 34M, Alloc Tax Rate: 24.1x
[2020-10-31T11:12:14.206+0000][info][gc           ] GC(7) Pause Final Mark 1.458ms
[2020-10-31T11:12:14.206+0000][info][safepoint    ] Safepoint "ShenandoahFinalMarkStartEvac", Time since last: 233519416 ns, Reaching safepoint: 139640 ns, At safepoint: 1480229 ns, Total: 1619869 ns
[2020-10-31T11:12:14.206+0000][info][gc,start     ] GC(7) Concurrent cleanup
[2020-10-31T11:12:14.206+0000][info][gc           ] GC(7) Concurrent cleanup 3544M->3546M(4096M) 0.173ms
[2020-10-31T11:12:14.206+0000][info][gc,ergo      ] GC(7) Free: 344M (172 regions), Max regular: 2048K, Max humongous: 350208K, External frag: 1%, Internal frag: 0%
[2020-10-31T11:12:14.206+0000][info][gc,ergo      ] GC(7) Evacuation Reserve: 206M (103 regions), Max regular: 2048K
[2020-10-31T11:12:14.206+0000][info][gc,start     ] GC(7) Concurrent evacuation
[2020-10-31T11:12:14.206+0000][info][gc,task      ] GC(7) Using 1 of 1 workers for concurrent evacuation
[2020-10-31T11:12:14.290+0000][info][gc           ] GC(7) Concurrent evacuation 3546M->3612M(4096M) 83.986ms
[2020-10-31T11:12:14.290+0000][info][gc,start     ] GC(7) Pause Init Update Refs
[2020-10-31T11:12:14.290+0000][info][gc,ergo      ] GC(7) Pacer for Update Refs. Used: 3612M, Free: 324M, Non-Taxable: 32M, Alloc Tax Rate: 13.6x
[2020-10-31T11:12:14.290+0000][info][gc           ] GC(7) Pause Init Update Refs 0.053ms
[2020-10-31T11:12:14.290+0000][info][safepoint    ] Safepoint "ShenandoahInitUpdateRefs", Time since last: 84305570 ns, Reaching safepoint: 139534 ns, At safepoint: 72155 ns, Total: 211689 ns
[2020-10-31T11:12:14.290+0000][info][gc,start     ] GC(7) Concurrent update references
[2020-10-31T11:12:14.290+0000][info][gc,task      ] GC(7) Using 1 of 1 workers for concurrent reference update
[2020-10-31T11:12:14.459+0000][info][gc           ] GC(7) Concurrent update references 3614M->3658M(4096M) 168.441ms
[2020-10-31T11:12:14.459+0000][info][gc,start     ] GC(7) Pause Final Update Refs
[2020-10-31T11:12:14.459+0000][info][gc,task      ] GC(7) Using 1 of 1 workers for final reference update
[2020-10-31T11:12:14.459+0000][info][gc           ] GC(7) Pause Final Update Refs 0.186ms
[2020-10-31T11:12:14.459+0000][info][safepoint    ] Safepoint "ShenandoahFinalUpdateRefs", Time since last: 168523161 ns, Reaching safepoint: 69180 ns, At safepoint: 207000 ns, Total: 276180 ns
[2020-10-31T11:12:14.459+0000][info][gc,start     ] GC(7) Concurrent cleanup
[2020-10-31T11:12:14.459+0000][info][gc           ] GC(7) Concurrent cleanup 3658M->228M(4096M) 0.304ms
[2020-10-31T11:12:14.459+0000][info][gc,ergo      ] Free: 3662M (1831 regions), Max regular: 2048K, Max humongous: 3512320K, External frag: 7%, Internal frag: 0%
[2020-10-31T11:12:14.460+0000][info][gc,ergo      ] Evacuation Reserve: 206M (103 regions), Max regular: 2048K
[2020-10-31T11:12:14.460+0000][info][gc,ergo      ] Pacer for Idle. Initial: 81M, Alloc Tax Rate: 1.0x
[2020-10-31T11:12:15.459+0000][info][safepoint    ] Safepoint "Cleanup", Time since last: 1000079210 ns, Reaching safepoint: 139249 ns, At safepoint: 5119 ns, Total: 144368 ns
[2020-10-31T11:12:16.460+0000][info][safepoint    ] Safepoint "Cleanup", Time since last: 1000106456 ns, Reaching safepoint: 133890 ns, At safepoint: 5009 ns, Total: 138899 ns
[2020-10-31T11:12:17.461+0000][info][safepoint    ] Safepoint "Cleanup", Time since last: 1000816906 ns, Reaching safepoint: 156015 ns, At safepoint: 5527 ns, Total: 161542 ns
[2020-10-31T11:12:18.461+0000][info][safepoint    ] Safepoint "Cleanup", Time since last: 1000110848 ns, Reaching safepoint: 60176 ns, At safepoint: 6408 ns, Total: 66584 ns
[2020-10-31T11:12:19.461+0000][info][safepoint    ] Safepoint "Cleanup", Time since last: 1000107023 ns, Reaching safepoint: 134641 ns, At safepoint: 8273 ns, Total: 142914 ns
[2020-10-31T11:12:20.461+0000][info][safepoint    ] Safepoint "Cleanup", Time since last: 1000110060 ns, Reaching safepoint: 136566 ns, At safepoint: 5633 ns, Total: 142199 ns
[2020-10-31T11:12:21.461+0000][info][safepoint    ] Safepoint "Cleanup", Time since last: 1000110176 ns, Reaching safepoint: 55245 ns, At safepoint: 5629 ns, Total: 60874 ns
[2020-10-31T11:12:22.462+0000][info][safepoint    ] Safepoint "Cleanup", Time since last: 1000113580 ns, Reaching safepoint: 137441 ns, At safepoint: 7242 ns, Total: 144683 ns
[2020-10-31T11:12:23.462+0000][info][safepoint    ] Safepoint "Cleanup", Time since last: 1000112981 ns, Reaching safepoint: 133540 ns, At safepoint: 3079 ns, Total: 136619 ns
[2020-10-31T11:12:24.462+0000][info][safepoint    ] Safepoint "Cleanup", Time since last: 1000108972 ns, Reaching safepoint: 92654 ns, At safepoint: 6042 ns, Total: 98696 ns
[2020-10-31T11:12:24.780+0000][info][gc           ] Trigger: Free (408M) is below minimum threshold (409M)
[2020-10-31T11:12:24.780+0000][info][gc,ergo      ] Free: 408M (204 regions), Max regular: 2048K, Max humongous: 235520K, External frag: 44%, Internal frag: 0%
[2020-10-31T11:12:24.781+0000][info][gc,ergo      ] Evacuation Reserve: 206M (103 regions), Max regular: 2048K
[2020-10-31T11:12:24.781+0000][info][gc,start     ] GC(8) Concurrent reset
[2020-10-31T11:12:24.781+0000][info][gc,task      ] GC(8) Using 1 of 1 workers for concurrent reset
[2020-10-31T11:12:24.789+0000][info][gc           ] GC(8) Concurrent reset 3482M->3482M(4096M) 8.914ms
[2020-10-31T11:12:24.790+0000][info][gc,start     ] GC(8) Pause Init Mark
[2020-10-31T11:12:24.790+0000][info][gc,task      ] GC(8) Using 1 of 1 workers for init marking
[2020-10-31T11:12:24.790+0000][info][gc,ergo      ] GC(8) Pacer for Mark. Expected Live: 60M, Free: 408M, Non-Taxable: 40M, Alloc Tax Rate: 0.5x
[2020-10-31T11:12:24.790+0000][info][gc           ] GC(8) Pause Init Mark 0.481ms
[2020-10-31T11:12:24.790+0000][info][safepoint    ] Safepoint "ShenandoahInitMark", Time since last: 327409241 ns, Reaching safepoint: 144609 ns, At safepoint: 502027 ns, Total: 646636 ns
[2020-10-31T11:12:24.790+0000][info][gc,start     ] GC(8) Concurrent marking
[2020-10-31T11:12:24.790+0000][info][gc,task      ] GC(8) Using 1 of 1 workers for concurrent marking
[2020-10-31T11:12:25.081+0000][info][gc           ] GC(8) Concurrent marking 3484M->3556M(4096M) 291.032ms
[2020-10-31T11:12:25.081+0000][info][gc,start     ] GC(8) Pause Final Mark
[2020-10-31T11:12:25.081+0000][info][gc,task      ] GC(8) Using 1 of 1 workers for final marking
[2020-10-31T11:12:25.082+0000][info][gc,ergo      ] GC(8) Adaptive CSet Selection. Target Free: 409M, Actual Free: 540M, Max CSet: 170M, Min Garbage: 0M
[2020-10-31T11:12:25.082+0000][info][gc,ergo      ] GC(8) Collectable Garbage: 3339M (99% of total), 44M CSet, 1692 CSet regions
[2020-10-31T11:12:25.082+0000][info][gc,ergo      ] GC(8) Immediate Garbage: 0M (0% of total), 0 regions
[2020-10-31T11:12:25.083+0000][info][gc,ergo      ] GC(8) Pacer for Evacuation. Used CSet: 3384M, Free: 334M, Non-Taxable: 33M, Alloc Tax Rate: 24.8x
[2020-10-31T11:12:25.083+0000][info][gc           ] GC(8) Pause Final Mark 1.486ms
[2020-10-31T11:12:25.083+0000][info][safepoint    ] Safepoint "ShenandoahFinalMarkStartEvac", Time since last: 291114421 ns, Reaching safepoint: 140036 ns, At safepoint: 1507774 ns, Total: 1647810 ns
[2020-10-31T11:12:25.083+0000][info][gc,start     ] GC(8) Concurrent cleanup
[2020-10-31T11:12:25.083+0000][info][gc           ] GC(8) Concurrent cleanup 3558M->3558M(4096M) 0.165ms
[2020-10-31T11:12:25.083+0000][info][gc,ergo      ] GC(8) Free: 332M (166 regions), Max regular: 2048K, Max humongous: 235520K, External frag: 31%, Internal frag: 0%
[2020-10-31T11:12:25.083+0000][info][gc,ergo      ] GC(8) Evacuation Reserve: 205M (103 regions), Max regular: 2048K
[2020-10-31T11:12:25.083+0000][info][gc,start     ] GC(8) Concurrent evacuation
[2020-10-31T11:12:25.083+0000][info][gc,task      ] GC(8) Using 1 of 1 workers for concurrent evacuation
[2020-10-31T11:12:25.168+0000][info][gc           ] GC(8) Concurrent evacuation 3558M->3626M(4096M) 85.079ms
[2020-10-31T11:12:25.168+0000][info][gc,start     ] GC(8) Pause Init Update Refs
[2020-10-31T11:12:25.168+0000][info][gc,ergo      ] GC(8) Pacer for Update Refs. Used: 3626M, Free: 310M, Non-Taxable: 31M, Alloc Tax Rate: 14.3x
[2020-10-31T11:12:25.168+0000][info][gc           ] GC(8) Pause Init Update Refs 0.054ms
[2020-10-31T11:12:25.168+0000][info][safepoint    ] Safepoint "ShenandoahInitUpdateRefs", Time since last: 85351329 ns, Reaching safepoint: 141213 ns, At safepoint: 71850 ns, Total: 213063 ns
[2020-10-31T11:12:25.169+0000][info][gc,start     ] GC(8) Concurrent update references
[2020-10-31T11:12:25.169+0000][info][gc,task      ] GC(8) Using 1 of 1 workers for concurrent reference update
[2020-10-31T11:12:25.374+0000][info][gc           ] GC(8) Concurrent update references 3628M->3678M(4096M) 205.701ms
[2020-10-31T11:12:25.374+0000][info][gc,start     ] GC(8) Pause Final Update Refs
[2020-10-31T11:12:25.374+0000][info][gc,task      ] GC(8) Using 1 of 1 workers for final reference update
[2020-10-31T11:12:25.375+0000][info][gc           ] GC(8) Pause Final Update Refs 0.195ms
[2020-10-31T11:12:25.375+0000][info][safepoint    ] Safepoint "ShenandoahFinalUpdateRefs", Time since last: 205787040 ns, Reaching safepoint: 136513 ns, At safepoint: 217709 ns, Total: 354222 ns
[2020-10-31T11:12:25.375+0000][info][gc,start     ] GC(8) Concurrent cleanup
[2020-10-31T11:12:25.375+0000][info][gc           ] GC(8) Concurrent cleanup 3680M->296M(4096M) 0.275ms
[2020-10-31T11:12:25.375+0000][info][gc,ergo      ] Free: 3594M (1797 regions), Max regular: 2048K, Max humongous: 3332096K, External frag: 10%, Internal frag: 0%
[2020-10-31T11:12:25.375+0000][info][gc,ergo      ] Evacuation Reserve: 206M (103 regions), Max regular: 2048K
[2020-10-31T11:12:25.375+0000][info][gc,ergo      ] Pacer for Idle. Initial: 81M, Alloc Tax Rate: 1.0x
[2020-10-31T11:12:26.375+0000][info][safepoint    ] Safepoint "Cleanup", Time since last: 1000082488 ns, Reaching safepoint: 139674 ns, At safepoint: 5059 ns, Total: 144733 ns
[2020-10-31T11:12:27.375+0000][info][safepoint    ] Safepoint "Cleanup", Time since last: 1000108310 ns, Reaching safepoint: 132477 ns, At safepoint: 5975 ns, Total: 138452 ns
[2020-10-31T11:12:28.375+0000][info][safepoint    ] Safepoint "Cleanup", Time since last: 1000107309 ns, Reaching safepoint: 135433 ns, At safepoint: 3330 ns, Total: 138763 ns
[2020-10-31T11:12:29.376+0000][info][safepoint    ] Safepoint "Cleanup", Time since last: 1000116651 ns, Reaching safepoint: 128023 ns, At safepoint: 5653 ns, Total: 133676 ns
[2020-10-31T11:12:30.376+0000][info][safepoint    ] Safepoint "Cleanup", Time since last: 1000108283 ns, Reaching safepoint: 59920 ns, At safepoint: 5638 ns, Total: 65558 ns
[2020-10-31T11:12:31.376+0000][info][safepoint    ] Safepoint "Cleanup", Time since last: 1000110188 ns, Reaching safepoint: 61478 ns, At safepoint: 5951 ns, Total: 67429 ns
[2020-10-31T11:12:32.376+0000][info][safepoint    ] Safepoint "Cleanup", Time since last: 1000109099 ns, Reaching safepoint: 64099 ns, At safepoint: 6458 ns, Total: 70557 ns
[2020-10-31T11:12:33.376+0000][info][safepoint    ] Safepoint "Cleanup", Time since last: 1000107974 ns, Reaching safepoint: 59185 ns, At safepoint: 2792 ns, Total: 61977 ns
[2020-10-31T11:12:34.377+0000][info][safepoint    ] Safepoint "Cleanup", Time since last: 1000102394 ns, Reaching safepoint: 149250 ns, At safepoint: 5875 ns, Total: 155125 ns
[2020-10-31T11:12:35.377+0000][info][safepoint    ] Safepoint "Cleanup", Time since last: 1000109355 ns, Reaching safepoint: 133859 ns, At safepoint: 5614 ns, Total: 139473 ns
[2020-10-31T11:12:35.599+0000][info][gc           ] Trigger: Free (408M) is below minimum threshold (409M)
[2020-10-31T11:12:35.599+0000][info][gc,ergo      ] Free: 408M (204 regions), Max regular: 2048K, Max humongous: 346112K, External frag: 18%, Internal frag: 0%
[2020-10-31T11:12:35.599+0000][info][gc,ergo      ] Evacuation Reserve: 206M (103 regions), Max regular: 2048K
[2020-10-31T11:12:35.599+0000][info][gc,start     ] GC(9) Concurrent reset
[2020-10-31T11:12:35.599+0000][info][gc,task      ] GC(9) Using 1 of 1 workers for concurrent reset
[2020-10-31T11:12:35.608+0000][info][gc           ] GC(9) Concurrent reset 3482M->3482M(4096M) 9.138ms
[2020-10-31T11:12:35.608+0000][info][gc,start     ] GC(9) Pause Init Mark
[2020-10-31T11:12:35.608+0000][info][gc,task      ] GC(9) Using 1 of 1 workers for init marking
[2020-10-31T11:12:35.608+0000][info][gc,ergo      ] GC(9) Pacer for Mark. Expected Live: 79M, Free: 408M, Non-Taxable: 40M, Alloc Tax Rate: 0.7x
[2020-10-31T11:12:35.609+0000][info][gc           ] GC(9) Pause Init Mark 0.493ms
[2020-10-31T11:12:35.609+0000][info][safepoint    ] Safepoint "ShenandoahInitMark", Time since last: 231060083 ns, Reaching safepoint: 143206 ns, At safepoint: 523568 ns, Total: 666774 ns
[2020-10-31T11:12:35.609+0000][info][gc,start     ] GC(9) Concurrent marking
[2020-10-31T11:12:35.609+0000][info][gc,task      ] GC(9) Using 1 of 1 workers for concurrent marking
[2020-10-31T11:12:35.952+0000][info][gc           ] GC(9) Concurrent marking 3482M->3570M(4096M) 343.798ms
[2020-10-31T11:12:35.953+0000][info][gc,start     ] GC(9) Pause Final Mark
[2020-10-31T11:12:35.953+0000][info][gc,task      ] GC(9) Using 1 of 1 workers for final marking
[2020-10-31T11:12:35.953+0000][info][gc,ergo      ] GC(9) Adaptive CSet Selection. Target Free: 409M, Actual Free: 526M, Max CSet: 170M, Min Garbage: 0M
[2020-10-31T11:12:35.953+0000][info][gc,ergo      ] GC(9) Collectable Garbage: 3295M (99% of total), 44M CSet, 1670 CSet regions
[2020-10-31T11:12:35.953+0000][info][gc,ergo      ] GC(9) Immediate Garbage: 0M (0% of total), 0 regions
[2020-10-31T11:12:35.954+0000][info][gc,ergo      ] GC(9) Pacer for Evacuation. Used CSet: 3340M, Free: 320M, Non-Taxable: 32M, Alloc Tax Rate: 25.5x
[2020-10-31T11:12:35.954+0000][info][gc           ] GC(9) Pause Final Mark 1.446ms
[2020-10-31T11:12:35.954+0000][info][safepoint    ] Safepoint "ShenandoahFinalMarkStartEvac", Time since last: 343881169 ns, Reaching safepoint: 147170 ns, At safepoint: 1467363 ns, Total: 1614533 ns
[2020-10-31T11:12:35.954+0000][info][gc,start     ] GC(9) Concurrent cleanup
[2020-10-31T11:12:35.954+0000][info][gc           ] GC(9) Concurrent cleanup 3572M->3574M(4096M) 0.173ms
[2020-10-31T11:12:35.954+0000][info][gc,ergo      ] GC(9) Free: 316M (158 regions), Max regular: 2048K, Max humongous: 321536K, External frag: 1%, Internal frag: 0%
[2020-10-31T11:12:35.954+0000][info][gc,ergo      ] GC(9) Evacuation Reserve: 206M (103 regions), Max regular: 2048K
[2020-10-31T11:12:35.954+0000][info][gc,start     ] GC(9) Concurrent evacuation
[2020-10-31T11:12:35.954+0000][info][gc,task      ] GC(9) Using 1 of 1 workers for concurrent evacuation
[2020-10-31T11:12:36.038+0000][info][gc           ] GC(9) Concurrent evacuation 3574M->3638M(4096M) 83.390ms
[2020-10-31T11:12:36.038+0000][info][gc,start     ] GC(9) Pause Init Update Refs
[2020-10-31T11:12:36.038+0000][info][gc,ergo      ] GC(9) Pacer for Update Refs. Used: 3638M, Free: 298M, Non-Taxable: 29M, Alloc Tax Rate: 14.9x
[2020-10-31T11:12:36.038+0000][info][gc           ] GC(9) Pause Init Update Refs 0.055ms
[2020-10-31T11:12:36.038+0000][info][safepoint    ] Safepoint "ShenandoahInitUpdateRefs", Time since last: 83685425 ns, Reaching safepoint: 64843 ns, At safepoint: 77071 ns, Total: 141914 ns
[2020-10-31T11:12:36.038+0000][info][gc,start     ] GC(9) Concurrent update references
[2020-10-31T11:12:36.038+0000][info][gc,task      ] GC(9) Using 1 of 1 workers for concurrent reference update
[2020-10-31T11:12:36.285+0000][info][gc           ] GC(9) Concurrent update references 3640M->3698M(4096M) 247.181ms
[2020-10-31T11:12:36.285+0000][info][gc,start     ] GC(9) Pause Final Update Refs
[2020-10-31T11:12:36.285+0000][info][gc,task      ] GC(9) Using 1 of 1 workers for final reference update
[2020-10-31T11:12:36.285+0000][info][gc           ] GC(9) Pause Final Update Refs 0.188ms
[2020-10-31T11:12:36.285+0000][info][safepoint    ] Safepoint "ShenandoahFinalUpdateRefs", Time since last: 247263583 ns, Reaching safepoint: 142304 ns, At safepoint: 210752 ns, Total: 353056 ns
[2020-10-31T11:12:36.285+0000][info][gc,start     ] GC(9) Concurrent cleanup
[2020-10-31T11:12:36.286+0000][info][gc           ] GC(9) Concurrent cleanup 3698M->358M(4096M) 0.304ms
[2020-10-31T11:12:36.286+0000][info][gc,ergo      ] Free: 3532M (1766 regions), Max regular: 2048K, Max humongous: 3262464K, External frag: 10%, Internal frag: 0%
[2020-10-31T11:12:36.286+0000][info][gc,ergo      ] Evacuation Reserve: 206M (103 regions), Max regular: 2048K
[2020-10-31T11:12:36.286+0000][info][gc,ergo      ] Pacer for Idle. Initial: 81M, Alloc Tax Rate: 1.0x
[2020-10-31T11:12:37.286+0000][info][safepoint    ] Safepoint "Cleanup", Time since last: 1000082307 ns, Reaching safepoint: 136927 ns, At safepoint: 5107 ns, Total: 142034 ns
[2020-10-31T11:12:38.286+0000][info][safepoint    ] Safepoint "Cleanup", Time since last: 1000108589 ns, Reaching safepoint: 61514 ns, At safepoint: 5249 ns, Total: 66763 ns
[2020-10-31T11:12:39.286+0000][info][safepoint    ] Safepoint "Cleanup", Time since last: 1000120982 ns, Reaching safepoint: 134344 ns, At safepoint: 5715 ns, Total: 140059 ns
[2020-10-31T11:12:40.286+0000][info][safepoint    ] Safepoint "Cleanup", Time since last: 1000109097 ns, Reaching safepoint: 134545 ns, At safepoint: 5916 ns, Total: 140461 ns
[2020-10-31T11:12:41.287+0000][info][safepoint    ] Safepoint "Cleanup", Time since last: 1000106777 ns, Reaching safepoint: 131131 ns, At safepoint: 2963 ns, Total: 134094 ns
[2020-10-31T11:12:42.854+0000][info][safepoint    ] Safepoint "Cleanup", Time since last: 1567060535 ns, Reaching safepoint: 146823 ns, At safepoint: 5798 ns, Total: 152621 ns
[2020-10-31T11:12:43.854+0000][info][safepoint    ] Safepoint "Cleanup", Time since last: 1000111048 ns, Reaching safepoint: 134034 ns, At safepoint: 3116 ns, Total: 137150 ns
[2020-10-31T11:12:44.854+0000][info][safepoint    ] Safepoint "Cleanup", Time since last: 1000112918 ns, Reaching safepoint: 137786 ns, At safepoint: 6104 ns, Total: 143890 ns
[2020-10-31T11:12:45.855+0000][info][safepoint    ] Safepoint "Cleanup", Time since last: 1000113616 ns, Reaching safepoint: 138383 ns, At safepoint: 7289 ns, Total: 145672 ns
[2020-10-31T11:12:46.302+0000][info][gc           ] Trigger: Free (406M) is below minimum threshold (409M)
[2020-10-31T11:12:46.302+0000][info][gc,ergo      ] Free: 406M (203 regions), Max regular: 2048K, Max humongous: 196608K, External frag: 53%, Internal frag: 0%
[2020-10-31T11:12:46.302+0000][info][gc,ergo      ] Evacuation Reserve: 206M (103 regions), Max regular: 2048K
[2020-10-31T11:12:46.302+0000][info][gc,start     ] GC(10) Concurrent reset
[2020-10-31T11:12:46.302+0000][info][gc,task      ] GC(10) Using 1 of 1 workers for concurrent reset
[2020-10-31T11:12:46.311+0000][info][gc           ] GC(10) Concurrent reset 3484M->3484M(4096M) 9.107ms
[2020-10-31T11:12:46.311+0000][info][gc,start     ] GC(10) Pause Init Mark (process weakrefs)
[2020-10-31T11:12:46.311+0000][info][gc,task      ] GC(10) Using 1 of 1 workers for init marking
[2020-10-31T11:12:46.311+0000][info][gc,ergo      ] GC(10) Pacer for Mark. Expected Live: 104M, Free: 406M, Non-Taxable: 40M, Alloc Tax Rate: 0.9x
[2020-10-31T11:12:46.311+0000][info][gc           ] GC(10) Pause Init Mark (process weakrefs) 0.459ms
[2020-10-31T11:12:46.311+0000][info][safepoint    ] Safepoint "ShenandoahInitMark", Time since last: 456206185 ns, Reaching safepoint: 61083 ns, At safepoint: 481366 ns, Total: 542449 ns
[2020-10-31T11:12:46.311+0000][info][gc,start     ] GC(10) Concurrent marking (process weakrefs)
[2020-10-31T11:12:46.311+0000][info][gc,task      ] GC(10) Using 1 of 1 workers for concurrent marking
[2020-10-31T11:12:46.748+0000][info][gc           ] GC(10) Concurrent marking (process weakrefs) 3484M->3592M(4096M) 436.365ms
[2020-10-31T11:12:46.748+0000][info][gc,start     ] GC(10) Concurrent precleaning
[2020-10-31T11:12:46.748+0000][info][gc,task      ] GC(10) Using 1 of 1 workers for concurrent preclean
[2020-10-31T11:12:46.846+0000][info][gc           ] GC(10) Concurrent precleaning 3592M->3620M(4096M) 97.733ms
[2020-10-31T11:12:46.846+0000][info][gc,start     ] GC(10) Pause Final Mark (process weakrefs)
[2020-10-31T11:12:46.846+0000][info][gc,task      ] GC(10) Using 1 of 1 workers for final marking
[2020-10-31T11:12:46.930+0000][info][gc,ergo      ] GC(10) Adaptive CSet Selection. Target Free: 409M, Actual Free: 476M, Max CSet: 170M, Min Garbage: 0M
[2020-10-31T11:12:46.931+0000][info][gc,ergo      ] GC(10) Collectable Garbage: 3277M (97% of total), 24M CSet, 1651 CSet regions
[2020-10-31T11:12:46.931+0000][info][gc,ergo      ] GC(10) Immediate Garbage: 0M (0% of total), 0 regions
[2020-10-31T11:12:46.931+0000][info][gc,ergo      ] GC(10) Pacer for Evacuation. Used CSet: 3302M, Free: 270M, Non-Taxable: 27M, Alloc Tax Rate: 29.9x
[2020-10-31T11:12:46.931+0000][info][gc           ] GC(10) Pause Final Mark (process weakrefs) 85.542ms
[2020-10-31T11:12:46.931+0000][info][safepoint    ] Safepoint "ShenandoahFinalMarkStartEvac", Time since last: 534225193 ns, Reaching safepoint: 130386 ns, At safepoint: 85567042 ns, Total: 85697428 ns
[2020-10-31T11:12:46.931+0000][info][gc,start     ] GC(10) Concurrent cleanup
[2020-10-31T11:12:46.932+0000][info][gc           ] GC(10) Concurrent cleanup 3622M->3622M(4096M) 0.212ms
[2020-10-31T11:12:46.932+0000][info][gc,ergo      ] GC(10) Free: 268M (134 regions), Max regular: 2048K, Max humongous: 196608K, External frag: 29%, Internal frag: 0%
[2020-10-31T11:12:46.932+0000][info][gc,ergo      ] GC(10) Evacuation Reserve: 205M (103 regions), Max regular: 2048K
[2020-10-31T11:12:46.932+0000][info][gc,start     ] GC(10) Concurrent evacuation
[2020-10-31T11:12:46.932+0000][info][gc,task      ] GC(10) Using 1 of 1 workers for concurrent evacuation
[2020-10-31T11:12:47.094+0000][info][gc           ] GC(10) Concurrent evacuation 3622M->3672M(4096M) 162.022ms
[2020-10-31T11:12:47.094+0000][info][gc,start     ] GC(10) Pause Init Update Refs
[2020-10-31T11:12:47.094+0000][info][gc,ergo      ] GC(10) Pacer for Update Refs. Used: 3672M, Free: 244M, Non-Taxable: 24M, Alloc Tax Rate: 18.4x
[2020-10-31T11:12:47.094+0000][info][gc           ] GC(10) Pause Init Update Refs 0.052ms
[2020-10-31T11:12:47.094+0000][info][safepoint    ] Safepoint "ShenandoahInitUpdateRefs", Time since last: 162367608 ns, Reaching safepoint: 63807 ns, At safepoint: 71617 ns, Total: 135424 ns
[2020-10-31T11:12:47.094+0000][info][gc,start     ] GC(10) Concurrent update references
[2020-10-31T11:12:47.094+0000][info][gc,task      ] GC(10) Using 1 of 1 workers for concurrent reference update
[2020-10-31T11:12:47.354+0000][info][gc           ] GC(10) Concurrent update references 3672M->3716M(4096M) 260.165ms
[2020-10-31T11:12:47.354+0000][info][gc,start     ] GC(10) Pause Final Update Refs
[2020-10-31T11:12:47.354+0000][info][gc,task      ] GC(10) Using 1 of 1 workers for final reference update
[2020-10-31T11:12:47.354+0000][info][gc           ] GC(10) Pause Final Update Refs 0.182ms
[2020-10-31T11:12:47.354+0000][info][safepoint    ] Safepoint "ShenandoahFinalUpdateRefs", Time since last: 260248198 ns, Reaching safepoint: 70362 ns, At safepoint: 205073 ns, Total: 275435 ns
[2020-10-31T11:12:47.354+0000][info][gc,start     ] GC(10) Concurrent cleanup
[2020-10-31T11:12:47.355+0000][info][gc           ] GC(10) Concurrent cleanup 3716M->414M(4096M) 0.300ms
[2020-10-31T11:12:47.355+0000][info][gc,ergo      ] Free: 3476M (1738 regions), Max regular: 2048K, Max humongous: 3201024K, External frag: 11%, Internal frag: 0%
[2020-10-31T11:12:47.355+0000][info][gc,ergo      ] Evacuation Reserve: 206M (103 regions), Max regular: 2048K
[2020-10-31T11:12:47.355+0000][info][gc,ergo      ] Pacer for Idle. Initial: 81M, Alloc Tax Rate: 1.0x
[2020-10-31T11:12:48.355+0000][info][safepoint    ] Safepoint "Cleanup", Time since last: 1000081750 ns, Reaching safepoint: 134042 ns, At safepoint: 2986 ns, Total: 137028 ns
[2020-10-31T11:12:49.355+0000][info][safepoint    ] Safepoint "Cleanup", Time since last: 1000108062 ns, Reaching safepoint: 125816 ns, At safepoint: 5680 ns, Total: 131496 ns
[2020-10-31T11:12:50.355+0000][info][safepoint    ] Safepoint "Cleanup", Time since last: 1000108951 ns, Reaching safepoint: 133590 ns, At safepoint: 5570 ns, Total: 139160 ns
[2020-10-31T11:12:51.355+0000][info][safepoint    ] Safepoint "Cleanup", Time since last: 1000109092 ns, Reaching safepoint: 59638 ns, At safepoint: 8061 ns, Total: 67699 ns
[2020-10-31T11:12:52.355+0000][info][safepoint    ] Safepoint "Cleanup", Time since last: 1000111115 ns, Reaching safepoint: 137558 ns, At safepoint: 5126 ns, Total: 142684 ns
[2020-10-31T11:12:53.356+0000][info][safepoint    ] Safepoint "Cleanup", Time since last: 1000105371 ns, Reaching safepoint: 129362 ns, At safepoint: 5845 ns, Total: 135207 ns
[2020-10-31T11:12:54.356+0000][info][safepoint    ] Safepoint "Cleanup", Time since last: 1000107042 ns, Reaching safepoint: 136980 ns, At safepoint: 5290 ns, Total: 142270 ns
[2020-10-31T11:12:55.356+0000][info][safepoint    ] Safepoint "Cleanup", Time since last: 1000110387 ns, Reaching safepoint: 153109 ns, At safepoint: 2903 ns, Total: 156012 ns
[2020-10-31T11:12:56.356+0000][info][safepoint    ] Safepoint "Cleanup", Time since last: 1000118200 ns, Reaching safepoint: 133263 ns, At safepoint: 5344 ns, Total: 138607 ns
[2020-10-31T11:12:56.775+0000][info][gc           ] Trigger: Free (408M) is below minimum threshold (409M)
[2020-10-31T11:12:56.775+0000][info][gc,ergo      ] Free: 408M (204 regions), Max regular: 2048K, Max humongous: 286720K, External frag: 32%, Internal frag: 0%
[2020-10-31T11:12:56.775+0000][info][gc,ergo      ] Evacuation Reserve: 206M (103 regions), Max regular: 2048K
[2020-10-31T11:12:56.775+0000][info][gc,start     ] GC(11) Concurrent reset
[2020-10-31T11:12:56.775+0000][info][gc,task      ] GC(11) Using 1 of 1 workers for concurrent reset
[2020-10-31T11:12:56.784+0000][info][gc           ] GC(11) Concurrent reset 3482M->3482M(4096M) 9.095ms
[2020-10-31T11:12:56.784+0000][info][gc,start     ] GC(11) Pause Init Mark
[2020-10-31T11:12:56.784+0000][info][gc,task      ] GC(11) Using 1 of 1 workers for init marking
[2020-10-31T11:12:56.785+0000][info][gc,ergo      ] GC(11) Pacer for Mark. Expected Live: 117M, Free: 408M, Non-Taxable: 40M, Alloc Tax Rate: 1.1x
[2020-10-31T11:12:56.785+0000][info][gc           ] GC(11) Pause Init Mark 0.499ms
[2020-10-31T11:12:56.785+0000][info][safepoint    ] Safepoint "ShenandoahInitMark", Time since last: 427583511 ns, Reaching safepoint: 151789 ns, At safepoint: 520104 ns, Total: 671893 ns
[2020-10-31T11:12:56.785+0000][info][gc,start     ] GC(11) Concurrent marking
[2020-10-31T11:12:56.785+0000][info][gc,task      ] GC(11) Using 1 of 1 workers for concurrent marking
[2020-10-31T11:12:56.960+0000][info][gc           ] GC(11) Concurrent marking 3484M->3526M(4096M) 174.832ms
[2020-10-31T11:12:56.960+0000][info][gc,start     ] GC(11) Pause Final Mark
[2020-10-31T11:12:56.960+0000][info][gc,task      ] GC(11) Using 1 of 1 workers for final marking
[2020-10-31T11:12:56.960+0000][info][gc,ergo      ] GC(11) Adaptive CSet Selection. Target Free: 409M, Actual Free: 762M, Max CSet: 170M, Min Garbage: 0M
[2020-10-31T11:12:56.960+0000][info][gc,ergo      ] GC(11) Collectable Garbage: 3240M (94% of total), 43M CSet, 1642 CSet regions
[2020-10-31T11:12:56.961+0000][info][gc,ergo      ] GC(11) Immediate Garbage: 192M (5% of total), 96 regions
[2020-10-31T11:12:56.961+0000][info][gc,ergo      ] GC(11) Pacer for Evacuation. Used CSet: 3284M, Free: 556M, Non-Taxable: 55M, Alloc Tax Rate: 14.4x
[2020-10-31T11:12:56.961+0000][info][gc           ] GC(11) Pause Final Mark 1.504ms
[2020-10-31T11:12:56.961+0000][info][safepoint    ] Safepoint "ShenandoahFinalMarkStartEvac", Time since last: 174908747 ns, Reaching safepoint: 63190 ns, At safepoint: 1527375 ns, Total: 1590565 ns
[2020-10-31T11:12:56.961+0000][info][gc,start     ] GC(11) Concurrent cleanup
[2020-10-31T11:12:56.961+0000][info][gc           ] GC(11) Concurrent cleanup 3526M->3338M(4096M) 0.178ms
[2020-10-31T11:12:56.961+0000][info][gc,ergo      ] GC(11) Free: 552M (276 regions), Max regular: 2048K, Max humongous: 483328K, External frag: 15%, Internal frag: 0%
[2020-10-31T11:12:56.961+0000][info][gc,ergo      ] GC(11) Evacuation Reserve: 205M (103 regions), Max regular: 2048K
[2020-10-31T11:12:56.961+0000][info][gc,start     ] GC(11) Concurrent evacuation
[2020-10-31T11:12:56.961+0000][info][gc,task      ] GC(11) Using 1 of 1 workers for concurrent evacuation
[2020-10-31T11:12:57.044+0000][info][gc           ] GC(11) Concurrent evacuation 3338M->3402M(4096M) 82.391ms
[2020-10-31T11:12:57.044+0000][info][gc,start     ] GC(11) Pause Init Update Refs
[2020-10-31T11:12:57.044+0000][info][gc,ergo      ] GC(11) Pacer for Update Refs. Used: 3402M, Free: 532M, Non-Taxable: 53M, Alloc Tax Rate: 7.8x
[2020-10-31T11:12:57.044+0000][info][gc           ] GC(11) Pause Init Update Refs 0.055ms
[2020-10-31T11:12:57.044+0000][info][safepoint    ] Safepoint "ShenandoahInitUpdateRefs", Time since last: 82696314 ns, Reaching safepoint: 147078 ns, At safepoint: 74975 ns, Total: 222053 ns
[2020-10-31T11:12:57.044+0000][info][gc,start     ] GC(11) Concurrent update references
[2020-10-31T11:12:57.044+0000][info][gc,task      ] GC(11) Using 1 of 1 workers for concurrent reference update
[2020-10-31T11:12:57.172+0000][info][gc           ] GC(11) Concurrent update references 3402M->3438M(4096M) 127.543ms
[2020-10-31T11:12:57.172+0000][info][gc,start     ] GC(11) Pause Final Update Refs
[2020-10-31T11:12:57.172+0000][info][gc,task      ] GC(11) Using 1 of 1 workers for final reference update
[2020-10-31T11:12:57.172+0000][info][gc           ] GC(11) Pause Final Update Refs 0.191ms
[2020-10-31T11:12:57.172+0000][info][safepoint    ] Safepoint "ShenandoahFinalUpdateRefs", Time since last: 127625341 ns, Reaching safepoint: 138427 ns, At safepoint: 213496 ns, Total: 351923 ns
[2020-10-31T11:12:57.172+0000][info][gc,start     ] GC(11) Concurrent cleanup
[2020-10-31T11:12:57.172+0000][info][gc           ] GC(11) Concurrent cleanup 3438M->154M(4096M) 0.304ms
[2020-10-31T11:12:57.173+0000][info][gc,ergo      ] Free: 3736M (1868 regions), Max regular: 2048K, Max humongous: 3141632K, External frag: 18%, Internal frag: 0%
[2020-10-31T11:12:57.173+0000][info][gc,ergo      ] Evacuation Reserve: 206M (103 regions), Max regular: 2048K
[2020-10-31T11:12:57.173+0000][info][gc,ergo      ] Pacer for Idle. Initial: 81M, Alloc Tax Rate: 1.0x
[2020-10-31T11:12:58.172+0000][info][safepoint    ] Safepoint "Cleanup", Time since last: 1000082869 ns, Reaching safepoint: 129347 ns, At safepoint: 5291 ns, Total: 134638 ns
[2020-10-31T11:12:59.173+0000][info][safepoint    ] Safepoint "Cleanup", Time since last: 1000109876 ns, Reaching safepoint: 140161 ns, At safepoint: 3047 ns, Total: 143208 ns
[2020-10-31T11:13:00.173+0000][info][safepoint    ] Safepoint "Cleanup", Time since last: 1000105998 ns, Reaching safepoint: 136319 ns, At safepoint: 7401 ns, Total: 143720 ns
[2020-10-31T11:13:01.173+0000][info][safepoint    ] Safepoint "Cleanup", Time since last: 1000108247 ns, Reaching safepoint: 53031 ns, At safepoint: 5101 ns, Total: 58132 ns
[2020-10-31T11:13:02.173+0000][info][safepoint    ] Safepoint "Cleanup", Time since last: 1000108274 ns, Reaching safepoint: 125994 ns, At safepoint: 5433 ns, Total: 131427 ns
[2020-10-31T11:13:03.173+0000][info][safepoint    ] Safepoint "Cleanup", Time since last: 1000111469 ns, Reaching safepoint: 136840 ns, At safepoint: 5113 ns, Total: 141953 ns
[2020-10-31T11:13:04.174+0000][info][safepoint    ] Safepoint "Cleanup", Time since last: 1000110727 ns, Reaching safepoint: 135114 ns, At safepoint: 5132 ns, Total: 140246 ns
[2020-10-31T11:13:05.174+0000][info][safepoint    ] Safepoint "Cleanup", Time since last: 1000108155 ns, Reaching safepoint: 131375 ns, At safepoint: 5677 ns, Total: 137052 ns
[2020-10-31T11:13:06.174+0000][info][safepoint    ] Safepoint "Cleanup", Time since last: 1000105998 ns, Reaching safepoint: 132105 ns, At safepoint: 6024 ns, Total: 138129 ns
[2020-10-31T11:13:07.331+0000][info][gc           ] Trigger: Average GC time (646.06 ms) is above the time for allocation rate (324.54 MB/s) to deplete free headroom (209M)
[2020-10-31T11:13:07.331+0000][info][gc,ergo      ] Free headroom: 414M (free) - 204M (spike) - 0M (penalties) = 209M
[2020-10-31T11:13:07.331+0000][info][gc,ergo      ] Free: 414M (207 regions), Max regular: 2048K, Max humongous: 421888K, External frag: 1%, Internal frag: 0%
[2020-10-31T11:13:07.331+0000][info][gc,ergo      ] Evacuation Reserve: 206M (103 regions), Max regular: 2048K
[2020-10-31T11:13:07.331+0000][info][gc,start     ] GC(12) Concurrent reset
[2020-10-31T11:13:07.331+0000][info][gc,task      ] GC(12) Using 1 of 1 workers for concurrent reset
[2020-10-31T11:13:07.340+0000][info][gc           ] GC(12) Concurrent reset 3476M->3476M(4096M) 8.655ms
[2020-10-31T11:13:07.340+0000][info][gc,start     ] GC(12) Pause Init Mark
[2020-10-31T11:13:07.340+0000][info][gc,task      ] GC(12) Using 1 of 1 workers for init marking
[2020-10-31T11:13:07.341+0000][info][gc,ergo      ] GC(12) Pacer for Mark. Expected Live: 117M, Free: 414M, Non-Taxable: 41M, Alloc Tax Rate: 1.0x
[2020-10-31T11:13:07.341+0000][info][gc           ] GC(12) Pause Init Mark 0.480ms
[2020-10-31T11:13:07.341+0000][info][safepoint    ] Safepoint "ShenandoahInitMark", Time since last: 1165979775 ns, Reaching safepoint: 138815 ns, At safepoint: 514102 ns, Total: 652917 ns
[2020-10-31T11:13:07.341+0000][info][gc,start     ] GC(12) Concurrent marking
[2020-10-31T11:13:07.341+0000][info][gc,task      ] GC(12) Using 1 of 1 workers for concurrent marking
[2020-10-31T11:13:07.580+0000][info][gc           ] GC(12) Concurrent marking 3476M->3546M(4096M) 239.225ms
[2020-10-31T11:13:07.580+0000][info][gc,start     ] GC(12) Pause Final Mark
[2020-10-31T11:13:07.580+0000][info][gc,task      ] GC(12) Using 1 of 1 workers for final marking
[2020-10-31T11:13:07.581+0000][info][gc,ergo      ] GC(12) Adaptive CSet Selection. Target Free: 409M, Actual Free: 550M, Max CSet: 170M, Min Garbage: 0M
[2020-10-31T11:13:07.581+0000][info][gc,ergo      ] GC(12) Collectable Garbage: 3380M (99% of total), 45M CSet, 1713 CSet regions
[2020-10-31T11:13:07.581+0000][info][gc,ergo      ] GC(12) Immediate Garbage: 0M (0% of total), 0 regions
[2020-10-31T11:13:07.582+0000][info][gc,ergo      ] GC(12) Pacer for Evacuation. Used CSet: 3426M, Free: 344M, Non-Taxable: 34M, Alloc Tax Rate: 24.3x
[2020-10-31T11:13:07.582+0000][info][gc           ] GC(12) Pause Final Mark 1.412ms
[2020-10-31T11:13:07.582+0000][info][safepoint    ] Safepoint "ShenandoahFinalMarkStartEvac", Time since last: 239305752 ns, Reaching safepoint: 135933 ns, At safepoint: 1433835 ns, Total: 1569768 ns
[2020-10-31T11:13:07.582+0000][info][gc,start     ] GC(12) Concurrent cleanup
[2020-10-31T11:13:07.582+0000][info][gc           ] GC(12) Concurrent cleanup 3548M->3550M(4096M) 0.167ms
[2020-10-31T11:13:07.582+0000][info][gc,ergo      ] GC(12) Free: 340M (170 regions), Max regular: 2048K, Max humongous: 346112K, External frag: 1%, Internal frag: 0%
[2020-10-31T11:13:07.582+0000][info][gc,ergo      ] GC(12) Evacuation Reserve: 205M (103 regions), Max regular: 2048K
[2020-10-31T11:13:07.582+0000][info][gc,start     ] GC(12) Concurrent evacuation
[2020-10-31T11:13:07.582+0000][info][gc,task      ] GC(12) Using 1 of 1 workers for concurrent evacuation
[2020-10-31T11:13:07.666+0000][info][gc           ] GC(12) Concurrent evacuation 3550M->3616M(4096M) 84.066ms
[2020-10-31T11:13:07.666+0000][info][gc,start     ] GC(12) Pause Init Update Refs
[2020-10-31T11:13:07.666+0000][info][gc,ergo      ] GC(12) Pacer for Update Refs. Used: 3616M, Free: 320M, Non-Taxable: 32M, Alloc Tax Rate: 13.8x
[2020-10-31T11:13:07.666+0000][info][gc           ] GC(12) Pause Init Update Refs 0.058ms
[2020-10-31T11:13:07.666+0000][info][safepoint    ] Safepoint "ShenandoahInitUpdateRefs", Time since last: 84360682 ns, Reaching safepoint: 134416 ns, At safepoint: 77304 ns, Total: 211720 ns
[2020-10-31T11:13:07.666+0000][info][gc,start     ] GC(12) Concurrent update references
[2020-10-31T11:13:07.666+0000][info][gc,task      ] GC(12) Using 1 of 1 workers for concurrent reference update
[2020-10-31T11:13:07.835+0000][info][gc           ] GC(12) Concurrent update references 3618M->3662M(4096M) 168.380ms
[2020-10-31T11:13:07.835+0000][info][gc,start     ] GC(12) Pause Final Update Refs
[2020-10-31T11:13:07.835+0000][info][gc,task      ] GC(12) Using 1 of 1 workers for final reference update
[2020-10-31T11:13:07.835+0000][info][gc           ] GC(12) Pause Final Update Refs 0.187ms
[2020-10-31T11:13:07.835+0000][info][safepoint    ] Safepoint "ShenandoahFinalUpdateRefs", Time since last: 168461919 ns, Reaching safepoint: 139683 ns, At safepoint: 209670 ns, Total: 349353 ns
[2020-10-31T11:13:07.835+0000][info][gc,start     ] GC(12) Concurrent cleanup
[2020-10-31T11:13:07.835+0000][info][gc           ] GC(12) Concurrent cleanup 3662M->236M(4096M) 0.312ms
[2020-10-31T11:13:07.836+0000][info][gc,ergo      ] Free: 3654M (1827 regions), Max regular: 2048K, Max humongous: 3508224K, External frag: 7%, Internal frag: 0%
[2020-10-31T11:13:07.836+0000][info][gc,ergo      ] Evacuation Reserve: 206M (103 regions), Max regular: 2048K
[2020-10-31T11:13:07.836+0000][info][gc,ergo      ] Pacer for Idle. Initial: 81M, Alloc Tax Rate: 1.0x
[2020-10-31T11:13:08.835+0000][info][safepoint    ] Safepoint "Cleanup", Time since last: 1000079985 ns, Reaching safepoint: 55314 ns, At safepoint: 7194 ns, Total: 62508 ns
[2020-10-31T11:13:10.141+0000][info][safepoint    ] Safepoint "Cleanup", Time since last: 1305369324 ns, Reaching safepoint: 140022 ns, At safepoint: 5605 ns, Total: 145627 ns
[2020-10-31T11:13:11.141+0000][info][safepoint    ] Safepoint "Cleanup", Time since last: 1000075504 ns, Reaching safepoint: 54644 ns, At safepoint: 6161 ns, Total: 60805 ns
[2020-10-31T11:13:12.141+0000][info][safepoint    ] Safepoint "Cleanup", Time since last: 1000108259 ns, Reaching safepoint: 135692 ns, At safepoint: 5213 ns, Total: 140905 ns
[2020-10-31T11:13:13.141+0000][info][safepoint    ] Safepoint "Cleanup", Time since last: 1000112544 ns, Reaching safepoint: 135032 ns, At safepoint: 5319 ns, Total: 140351 ns
[2020-10-31T11:13:14.142+0000][info][safepoint    ] Safepoint "Cleanup", Time since last: 1000113521 ns, Reaching safepoint: 132636 ns, At safepoint: 5376 ns, Total: 138012 ns
[2020-10-31T11:13:15.142+0000][info][safepoint    ] Safepoint "Cleanup", Time since last: 1000108278 ns, Reaching safepoint: 132694 ns, At safepoint: 5895 ns, Total: 138589 ns
[2020-10-31T11:13:16.142+0000][info][safepoint    ] Safepoint "Cleanup", Time since last: 1000106019 ns, Reaching safepoint: 132598 ns, At safepoint: 3362 ns, Total: 135960 ns
[2020-10-31T11:13:17.142+0000][info][safepoint    ] Safepoint "Cleanup", Time since last: 1000108287 ns, Reaching safepoint: 57859 ns, At safepoint: 7038 ns, Total: 64897 ns
[2020-10-31T11:13:17.729+0000][info][gc           ] Trigger: Average GC time (647.22 ms) is above the time for allocation rate (325.08 MB/s) to deplete free headroom (209M)
[2020-10-31T11:13:17.729+0000][info][gc,ergo      ] Free headroom: 414M (free) - 204M (spike) - 0M (penalties) = 209M
[2020-10-31T11:13:17.729+0000][info][gc,ergo      ] Free: 414M (207 regions), Max regular: 2048K, Max humongous: 231424K, External frag: 46%, Internal frag: 0%
[2020-10-31T11:13:17.729+0000][info][gc,ergo      ] Evacuation Reserve: 206M (103 regions), Max regular: 2048K
[2020-10-31T11:13:17.729+0000][info][gc,start     ] GC(13) Concurrent reset
[2020-10-31T11:13:17.729+0000][info][gc,task      ] GC(13) Using 1 of 1 workers for concurrent reset
[2020-10-31T11:13:17.738+0000][info][gc           ] GC(13) Concurrent reset 3476M->3476M(4096M) 8.926ms
[2020-10-31T11:13:17.738+0000][info][gc,start     ] GC(13) Pause Init Mark
[2020-10-31T11:13:17.738+0000][info][gc,task      ] GC(13) Using 1 of 1 workers for init marking
[2020-10-31T11:13:17.739+0000][info][gc,ergo      ] GC(13) Pacer for Mark. Expected Live: 117M, Free: 414M, Non-Taxable: 41M, Alloc Tax Rate: 1.0x
[2020-10-31T11:13:17.739+0000][info][gc           ] GC(13) Pause Init Mark 0.489ms
[2020-10-31T11:13:17.739+0000][info][safepoint    ] Safepoint "ShenandoahInitMark", Time since last: 595652292 ns, Reaching safepoint: 137537 ns, At safepoint: 509304 ns, Total: 646841 ns
[2020-10-31T11:13:17.739+0000][info][gc,start     ] GC(13) Concurrent marking
[2020-10-31T11:13:17.739+0000][info][gc,task      ] GC(13) Using 1 of 1 workers for concurrent marking
[2020-10-31T11:13:18.029+0000][info][gc           ] GC(13) Concurrent marking 3476M->3560M(4096M) 290.651ms
[2020-10-31T11:13:18.029+0000][info][gc,start     ] GC(13) Pause Final Mark
[2020-10-31T11:13:18.029+0000][info][gc,task      ] GC(13) Using 1 of 1 workers for final marking
[2020-10-31T11:13:18.030+0000][info][gc,ergo      ] GC(13) Adaptive CSet Selection. Target Free: 409M, Actual Free: 536M, Max CSet: 170M, Min Garbage: 0M
[2020-10-31T11:13:18.030+0000][info][gc,ergo      ] GC(13) Collectable Garbage: 3335M (99% of total), 44M CSet, 1690 CSet regions
[2020-10-31T11:13:18.030+0000][info][gc,ergo      ] GC(13) Immediate Garbage: 0M (0% of total), 0 regions
[2020-10-31T11:13:18.031+0000][info][gc,ergo      ] GC(13) Pacer for Evacuation. Used CSet: 3380M, Free: 330M, Non-Taxable: 33M, Alloc Tax Rate: 25.0x
[2020-10-31T11:13:18.031+0000][info][gc           ] GC(13) Pause Final Mark 1.374ms
[2020-10-31T11:13:18.031+0000][info][safepoint    ] Safepoint "ShenandoahFinalMarkStartEvac", Time since last: 290730663 ns, Reaching safepoint: 135006 ns, At safepoint: 1408818 ns, Total: 1543824 ns
[2020-10-31T11:13:18.031+0000][info][gc,start     ] GC(13) Concurrent cleanup
[2020-10-31T11:13:18.031+0000][info][gc           ] GC(13) Concurrent cleanup 3562M->3562M(4096M) 0.152ms
[2020-10-31T11:13:18.031+0000][info][gc,ergo      ] GC(13) Free: 328M (164 regions), Max regular: 2048K, Max humongous: 231424K, External frag: 32%, Internal frag: 0%
[2020-10-31T11:13:18.031+0000][info][gc,ergo      ] GC(13) Evacuation Reserve: 206M (103 regions), Max regular: 2048K
[2020-10-31T11:13:18.031+0000][info][gc,start     ] GC(13) Concurrent evacuation
[2020-10-31T11:13:18.031+0000][info][gc,task      ] GC(13) Using 1 of 1 workers for concurrent evacuation
[2020-10-31T11:13:18.115+0000][info][gc           ] GC(13) Concurrent evacuation 3562M->3630M(4096M) 84.079ms
[2020-10-31T11:13:18.115+0000][info][gc,start     ] GC(13) Pause Init Update Refs
[2020-10-31T11:13:18.115+0000][info][gc,ergo      ] GC(13) Pacer for Update Refs. Used: 3630M, Free: 306M, Non-Taxable: 30M, Alloc Tax Rate: 14.5x
[2020-10-31T11:13:18.115+0000][info][gc           ] GC(13) Pause Init Update Refs 0.055ms
[2020-10-31T11:13:18.115+0000][info][safepoint    ] Safepoint "ShenandoahInitUpdateRefs", Time since last: 84339555 ns, Reaching safepoint: 142279 ns, At safepoint: 73807 ns, Total: 216086 ns
[2020-10-31T11:13:18.115+0000][info][gc,start     ] GC(13) Concurrent update references
[2020-10-31T11:13:18.115+0000][info][gc,task      ] GC(13) Using 1 of 1 workers for concurrent reference update
[2020-10-31T11:13:18.323+0000][info][gc           ] GC(13) Concurrent update references 3630M->3684M(4096M) 207.029ms
[2020-10-31T11:13:18.323+0000][info][gc,start     ] GC(13) Pause Final Update Refs
[2020-10-31T11:13:18.323+0000][info][gc,task      ] GC(13) Using 1 of 1 workers for final reference update
[2020-10-31T11:13:18.323+0000][info][gc           ] GC(13) Pause Final Update Refs 0.185ms
[2020-10-31T11:13:18.323+0000][info][safepoint    ] Safepoint "ShenandoahFinalUpdateRefs", Time since last: 207113848 ns, Reaching safepoint: 59889 ns, At safepoint: 208651 ns, Total: 268540 ns
[2020-10-31T11:13:18.323+0000][info][gc,start     ] GC(13) Concurrent cleanup
[2020-10-31T11:13:18.323+0000][info][gc           ] GC(13) Concurrent cleanup 3684M->304M(4096M) 0.287ms
[2020-10-31T11:13:18.323+0000][info][gc,ergo      ] Free: 3586M (1793 regions), Max regular: 2048K, Max humongous: 3317760K, External frag: 10%, Internal frag: 0%
[2020-10-31T11:13:18.323+0000][info][gc,ergo      ] Evacuation Reserve: 206M (103 regions), Max regular: 2048K
[2020-10-31T11:13:18.323+0000][info][gc,ergo      ] Pacer for Idle. Initial: 81M, Alloc Tax Rate: 1.0x
[2020-10-31T11:13:19.323+0000][info][safepoint    ] Safepoint "Cleanup", Time since last: 1000078943 ns, Reaching safepoint: 131612 ns, At safepoint: 7912 ns, Total: 139524 ns
[2020-10-31T11:13:20.323+0000][info][safepoint    ] Safepoint "Cleanup", Time since last: 1000111335 ns, Reaching safepoint: 58814 ns, At safepoint: 4528 ns, Total: 63342 ns
[2020-10-31T11:13:21.395+0000][info][safepoint    ] Safepoint "Cleanup", Time since last: 1072081470 ns, Reaching safepoint: 56252 ns, At safepoint: 4174 ns, Total: 60426 ns
[2020-10-31T11:13:22.396+0000][info][safepoint    ] Safepoint "Cleanup", Time since last: 1000111771 ns, Reaching safepoint: 128341 ns, At safepoint: 5079 ns, Total: 133420 ns
[2020-10-31T11:13:23.396+0000][info][safepoint    ] Safepoint "Cleanup", Time since last: 1000101656 ns, Reaching safepoint: 143473 ns, At safepoint: 6485 ns, Total: 149958 ns
[2020-10-31T11:13:24.396+0000][info][safepoint    ] Safepoint "Cleanup", Time since last: 1000111001 ns, Reaching safepoint: 140164 ns, At safepoint: 4963 ns, Total: 145127 ns
[2020-10-31T11:13:25.396+0000][info][safepoint    ] Safepoint "Cleanup", Time since last: 1000104469 ns, Reaching safepoint: 138238 ns, At safepoint: 7298 ns, Total: 145536 ns
[2020-10-31T11:13:26.397+0000][info][safepoint    ] Safepoint "Cleanup", Time since last: 1000128039 ns, Reaching safepoint: 84113 ns, At safepoint: 5600 ns, Total: 89713 ns
[2020-10-31T11:13:27.397+0000][info][safepoint    ] Safepoint "Cleanup", Time since last: 1000104075 ns, Reaching safepoint: 130039 ns, At safepoint: 5254 ns, Total: 135293 ns
[2020-10-31T11:13:28.054+0000][info][gc           ] Trigger: Average GC time (647.19 ms) is above the time for allocation rate (323.11 MB/s) to deplete free headroom (207M)
[2020-10-31T11:13:28.054+0000][info][gc,ergo      ] Free headroom: 412M (free) - 204M (spike) - 0M (penalties) = 207M
[2020-10-31T11:13:28.054+0000][info][gc,ergo      ] Free: 412M (206 regions), Max regular: 2048K, Max humongous: 352256K, External frag: 17%, Internal frag: 0%
[2020-10-31T11:13:28.054+0000][info][gc,ergo      ] Evacuation Reserve: 206M (103 regions), Max regular: 2048K
[2020-10-31T11:13:28.054+0000][info][gc,start     ] GC(14) Concurrent reset
[2020-10-31T11:13:28.054+0000][info][gc,task      ] GC(14) Using 1 of 1 workers for concurrent reset
[2020-10-31T11:13:28.063+0000][info][gc           ] GC(14) Concurrent reset 3478M->3480M(4096M) 8.960ms
[2020-10-31T11:13:28.063+0000][info][gc,start     ] GC(14) Pause Init Mark
[2020-10-31T11:13:28.063+0000][info][gc,task      ] GC(14) Using 1 of 1 workers for init marking
[2020-10-31T11:13:28.063+0000][info][gc,ergo      ] GC(14) Pacer for Mark. Expected Live: 116M, Free: 410M, Non-Taxable: 41M, Alloc Tax Rate: 1.0x
[2020-10-31T11:13:28.063+0000][info][gc           ] GC(14) Pause Init Mark 0.493ms
[2020-10-31T11:13:28.063+0000][info][safepoint    ] Safepoint "ShenandoahInitMark", Time since last: 665850070 ns, Reaching safepoint: 142743 ns, At safepoint: 513848 ns, Total: 656591 ns
[2020-10-31T11:13:28.063+0000][info][gc,start     ] GC(14) Concurrent marking
[2020-10-31T11:13:28.063+0000][info][gc,task      ] GC(14) Using 1 of 1 workers for concurrent marking
[2020-10-31T11:13:28.402+0000][info][gc           ] GC(14) Concurrent marking 3482M->3568M(4096M) 338.144ms
[2020-10-31T11:13:28.402+0000][info][gc,start     ] GC(14) Pause Final Mark
[2020-10-31T11:13:28.402+0000][info][gc,task      ] GC(14) Using 1 of 1 workers for final marking
[2020-10-31T11:13:28.402+0000][info][gc,ergo      ] GC(14) Adaptive CSet Selection. Target Free: 409M, Actual Free: 528M, Max CSet: 170M, Min Garbage: 0M
[2020-10-31T11:13:28.403+0000][info][gc,ergo      ] GC(14) Collectable Garbage: 3295M (99% of total), 44M CSet, 1670 CSet regions
[2020-10-31T11:13:28.403+0000][info][gc,ergo      ] GC(14) Immediate Garbage: 0M (0% of total), 0 regions
[2020-10-31T11:13:28.403+0000][info][gc,ergo      ] GC(14) Pacer for Evacuation. Used CSet: 3340M, Free: 322M, Non-Taxable: 32M, Alloc Tax Rate: 25.4x
[2020-10-31T11:13:28.403+0000][info][gc           ] GC(14) Pause Final Mark 1.423ms
[2020-10-31T11:13:28.403+0000][info][safepoint    ] Safepoint "ShenandoahFinalMarkStartEvac", Time since last: 338227081 ns, Reaching safepoint: 136170 ns, At safepoint: 1445147 ns, Total: 1581317 ns
[2020-10-31T11:13:28.403+0000][info][gc,start     ] GC(14) Concurrent cleanup
[2020-10-31T11:13:28.403+0000][info][gc           ] GC(14) Concurrent cleanup 3570M->3572M(4096M) 0.181ms
[2020-10-31T11:13:28.403+0000][info][gc,ergo      ] GC(14) Free: 318M (159 regions), Max regular: 2048K, Max humongous: 323584K, External frag: 1%, Internal frag: 0%
[2020-10-31T11:13:28.403+0000][info][gc,ergo      ] GC(14) Evacuation Reserve: 205M (103 regions), Max regular: 2048K
[2020-10-31T11:13:28.403+0000][info][gc,start     ] GC(14) Concurrent evacuation
[2020-10-31T11:13:28.403+0000][info][gc,task      ] GC(14) Using 1 of 1 workers for concurrent evacuation
[2020-10-31T11:13:28.486+0000][info][gc           ] GC(14) Concurrent evacuation 3572M->3638M(4096M) 82.762ms
[2020-10-31T11:13:28.486+0000][info][gc,start     ] GC(14) Pause Init Update Refs
[2020-10-31T11:13:28.486+0000][info][gc,ergo      ] GC(14) Pacer for Update Refs. Used: 3638M, Free: 298M, Non-Taxable: 29M, Alloc Tax Rate: 14.9x
[2020-10-31T11:13:28.486+0000][info][gc           ] GC(14) Pause Init Update Refs 0.053ms
[2020-10-31T11:13:28.486+0000][info][safepoint    ] Safepoint "ShenandoahInitUpdateRefs", Time since last: 83076458 ns, Reaching safepoint: 141520 ns, At safepoint: 85758 ns, Total: 227278 ns
[2020-10-31T11:13:28.487+0000][info][gc,start     ] GC(14) Concurrent update references
[2020-10-31T11:13:28.487+0000][info][gc,task      ] GC(14) Using 1 of 1 workers for concurrent reference update
[2020-10-31T11:13:28.727+0000][info][gc           ] GC(14) Concurrent update references 3640M->3700M(4096M) 240.125ms
[2020-10-31T11:13:28.727+0000][info][gc,start     ] GC(14) Pause Final Update Refs
[2020-10-31T11:13:28.727+0000][info][gc,task      ] GC(14) Using 1 of 1 workers for final reference update
[2020-10-31T11:13:28.727+0000][info][gc           ] GC(14) Pause Final Update Refs 0.187ms
[2020-10-31T11:13:28.727+0000][info][safepoint    ] Safepoint "ShenandoahFinalUpdateRefs", Time since last: 240276593 ns, Reaching safepoint: 138571 ns, At safepoint: 208591 ns, Total: 347162 ns
[2020-10-31T11:13:28.727+0000][info][gc,start     ] GC(14) Concurrent cleanup
[2020-10-31T11:13:28.727+0000][info][gc           ] GC(14) Concurrent cleanup 3700M->360M(4096M) 0.303ms
[2020-10-31T11:13:28.727+0000][info][gc,ergo      ] Free: 3530M (1765 regions), Max regular: 2048K, Max humongous: 3252224K, External frag: 11%, Internal frag: 0%
[2020-10-31T11:13:28.727+0000][info][gc,ergo      ] Evacuation Reserve: 206M (103 regions), Max regular: 2048K
[2020-10-31T11:13:28.727+0000][info][gc,ergo      ] Pacer for Idle. Initial: 81M, Alloc Tax Rate: 1.0x
[2020-10-31T11:13:29.727+0000][info][safepoint    ] Safepoint "Cleanup", Time since last: 1000080276 ns, Reaching safepoint: 58505 ns, At safepoint: 6396 ns, Total: 64901 ns
[2020-10-31T11:13:30.727+0000][info][safepoint    ] Safepoint "Cleanup", Time since last: 1000110807 ns, Reaching safepoint: 136718 ns, At safepoint: 5267 ns, Total: 141985 ns
[2020-10-31T11:13:31.728+0000][info][safepoint    ] Safepoint "Cleanup", Time since last: 1000105015 ns, Reaching safepoint: 135383 ns, At safepoint: 3197 ns, Total: 138580 ns
[2020-10-31T11:13:32.728+0000][info][safepoint    ] Safepoint "Cleanup", Time since last: 1000119797 ns, Reaching safepoint: 56120 ns, At safepoint: 6790 ns, Total: 62910 ns
[2020-10-31T11:13:33.728+0000][info][safepoint    ] Safepoint "Cleanup", Time since last: 1000160619 ns, Reaching safepoint: 68927 ns, At safepoint: 3485 ns, Total: 72412 ns
[2020-10-31T11:13:34.728+0000][info][safepoint    ] Safepoint "Cleanup", Time since last: 1000106676 ns, Reaching safepoint: 139543 ns, At safepoint: 7449 ns, Total: 146992 ns
[2020-10-31T11:13:35.729+0000][info][safepoint    ] Safepoint "Cleanup", Time since last: 1000114629 ns, Reaching safepoint: 135233 ns, At safepoint: 3436 ns, Total: 138669 ns
[2020-10-31T11:13:36.729+0000][info][safepoint    ] Safepoint "Cleanup", Time since last: 1000068610 ns, Reaching safepoint: 132663 ns, At safepoint: 5840 ns, Total: 138503 ns
[2020-10-31T11:13:38.428+0000][info][safepoint    ] Safepoint "Cleanup", Time since last: 1698676481 ns, Reaching safepoint: 53921 ns, At safepoint: 6839 ns, Total: 60760 ns
[2020-10-31T11:13:38.498+0000][info][gc           ] Trigger: Free (408M) is below minimum threshold (409M)
[2020-10-31T11:13:38.498+0000][info][gc,ergo      ] Free: 408M (204 regions), Max regular: 2048K, Max humongous: 194560K, External frag: 54%, Internal frag: 0%
[2020-10-31T11:13:38.498+0000][info][gc,ergo      ] Evacuation Reserve: 206M (103 regions), Max regular: 2048K
[2020-10-31T11:13:38.498+0000][info][gc,start     ] GC(15) Concurrent reset
[2020-10-31T11:13:38.498+0000][info][gc,task      ] GC(15) Using 1 of 1 workers for concurrent reset
[2020-10-31T11:13:38.507+0000][info][gc           ] GC(15) Concurrent reset 3482M->3484M(4096M) 9.009ms
[2020-10-31T11:13:38.507+0000][info][gc,start     ] GC(15) Pause Init Mark (process weakrefs)
[2020-10-31T11:13:38.507+0000][info][gc,task      ] GC(15) Using 1 of 1 workers for init marking
[2020-10-31T11:13:38.508+0000][info][gc,ergo      ] GC(15) Pacer for Mark. Expected Live: 116M, Free: 406M, Non-Taxable: 40M, Alloc Tax Rate: 1.1x
[2020-10-31T11:13:38.508+0000][info][gc           ] GC(15) Pause Init Mark (process weakrefs) 0.509ms
[2020-10-31T11:13:38.508+0000][info][safepoint    ] Safepoint "ShenandoahInitMark", Time since last: 79571797 ns, Reaching safepoint: 142266 ns, At safepoint: 530759 ns, Total: 673025 ns
[2020-10-31T11:13:38.508+0000][info][gc,start     ] GC(15) Concurrent marking (process weakrefs)
[2020-10-31T11:13:38.508+0000][info][gc,task      ] GC(15) Using 1 of 1 workers for concurrent marking
[2020-10-31T11:13:38.935+0000][info][gc           ] GC(15) Concurrent marking (process weakrefs) 3486M->3592M(4096M) 427.296ms
[2020-10-31T11:13:38.935+0000][info][gc,start     ] GC(15) Concurrent precleaning
[2020-10-31T11:13:38.935+0000][info][gc,task      ] GC(15) Using 1 of 1 workers for concurrent preclean
[2020-10-31T11:13:39.030+0000][info][gc           ] GC(15) Concurrent precleaning 3592M->3622M(4096M) 95.095ms
[2020-10-31T11:13:39.030+0000][info][gc,start     ] GC(15) Pause Final Mark (process weakrefs)
[2020-10-31T11:13:39.030+0000][info][gc,task      ] GC(15) Using 1 of 1 workers for final marking
[2020-10-31T11:13:39.116+0000][info][gc,ergo      ] GC(15) Adaptive CSet Selection. Target Free: 409M, Actual Free: 474M, Max CSet: 170M, Min Garbage: 0M
[2020-10-31T11:13:39.116+0000][info][gc,ergo      ] GC(15) Collectable Garbage: 3278M (97% of total), 23M CSet, 1651 CSet regions
[2020-10-31T11:13:39.116+0000][info][gc,ergo      ] GC(15) Immediate Garbage: 0M (0% of total), 0 regions
[2020-10-31T11:13:39.117+0000][info][gc,ergo      ] GC(15) Pacer for Evacuation. Used CSet: 3302M, Free: 268M, Non-Taxable: 26M, Alloc Tax Rate: 30.1x
[2020-10-31T11:13:39.117+0000][info][gc           ] GC(15) Pause Final Mark (process weakrefs) 86.167ms
[2020-10-31T11:13:39.117+0000][info][safepoint    ] Safepoint "ShenandoahFinalMarkStartEvac", Time since last: 522506097 ns, Reaching safepoint: 145924 ns, At safepoint: 86192237 ns, Total: 86338161 ns
[2020-10-31T11:13:39.117+0000][info][gc,start     ] GC(15) Concurrent cleanup
[2020-10-31T11:13:39.117+0000][info][gc           ] GC(15) Concurrent cleanup 3622M->3622M(4096M) 0.219ms
[2020-10-31T11:13:39.117+0000][info][gc,ergo      ] GC(15) Free: 266M (133 regions), Max regular: 2048K, Max humongous: 194560K, External frag: 29%, Internal frag: 0%
[2020-10-31T11:13:39.117+0000][info][gc,ergo      ] GC(15) Evacuation Reserve: 206M (103 regions), Max regular: 2048K
[2020-10-31T11:13:39.117+0000][info][gc,start     ] GC(15) Concurrent evacuation
[2020-10-31T11:13:39.117+0000][info][gc,task      ] GC(15) Using 1 of 1 workers for concurrent evacuation
[2020-10-31T11:13:39.262+0000][info][gc           ] GC(15) Concurrent evacuation 3622M->3670M(4096M) 144.667ms
[2020-10-31T11:13:39.262+0000][info][gc,start     ] GC(15) Pause Init Update Refs
[2020-10-31T11:13:39.262+0000][info][gc,ergo      ] GC(15) Pacer for Update Refs. Used: 3670M, Free: 244M, Non-Taxable: 24M, Alloc Tax Rate: 18.4x
[2020-10-31T11:13:39.262+0000][info][gc           ] GC(15) Pause Init Update Refs 0.054ms
[2020-10-31T11:13:39.262+0000][info][safepoint    ] Safepoint "ShenandoahInitUpdateRefs", Time since last: 145004437 ns, Reaching safepoint: 133816 ns, At safepoint: 74950 ns, Total: 208766 ns
[2020-10-31T11:13:39.262+0000][info][gc,start     ] GC(15) Concurrent update references
[2020-10-31T11:13:39.262+0000][info][gc,task      ] GC(15) Using 1 of 1 workers for concurrent reference update
[2020-10-31T11:13:39.626+0000][info][gc           ] GC(15) Concurrent update references 3672M->3750M(4096M) 364.396ms
[2020-10-31T11:13:39.626+0000][info][gc,start     ] GC(15) Pause Final Update Refs
[2020-10-31T11:13:39.626+0000][info][gc,task      ] GC(15) Using 1 of 1 workers for final reference update
[2020-10-31T11:13:39.627+0000][info][gc           ] GC(15) Pause Final Update Refs 0.177ms
[2020-10-31T11:13:39.627+0000][info][safepoint    ] Safepoint "ShenandoahFinalUpdateRefs", Time since last: 364477228 ns, Reaching safepoint: 67570 ns, At safepoint: 199666 ns, Total: 267236 ns
[2020-10-31T11:13:39.627+0000][info][gc,start     ] GC(15) Concurrent cleanup
[2020-10-31T11:13:39.627+0000][info][gc           ] GC(15) Concurrent cleanup 3750M->448M(4096M) 0.318ms
[2020-10-31T11:13:39.627+0000][info][gc,ergo      ] Free: 3442M (1721 regions), Max regular: 2048K, Max humongous: 3198976K, External frag: 10%, Internal frag: 0%
[2020-10-31T11:13:39.627+0000][info][gc,ergo      ] Evacuation Reserve: 206M (103 regions), Max regular: 2048K
[2020-10-31T11:13:39.627+0000][info][gc,ergo      ] Pacer for Idle. Initial: 81M, Alloc Tax Rate: 1.0x
[2020-10-31T11:13:40.627+0000][info][safepoint    ] Safepoint "Cleanup", Time since last: 1000094228 ns, Reaching safepoint: 145513 ns, At safepoint: 5172 ns, Total: 150685 ns
[2020-10-31T11:13:41.627+0000][info][safepoint    ] Safepoint "Cleanup", Time since last: 1000106960 ns, Reaching safepoint: 133713 ns, At safepoint: 2995 ns, Total: 136708 ns
[2020-10-31T11:13:42.627+0000][info][safepoint    ] Safepoint "Cleanup", Time since last: 1000106604 ns, Reaching safepoint: 137366 ns, At safepoint: 5148 ns, Total: 142514 ns
[2020-10-31T11:13:43.628+0000][info][safepoint    ] Safepoint "Cleanup", Time since last: 1000106346 ns, Reaching safepoint: 54691 ns, At safepoint: 6321 ns, Total: 61012 ns
[2020-10-31T11:13:44.628+0000][info][safepoint    ] Safepoint "Cleanup", Time since last: 1000111190 ns, Reaching safepoint: 136017 ns, At safepoint: 6554 ns, Total: 142571 ns
[2020-10-31T11:13:45.628+0000][info][safepoint    ] Safepoint "Cleanup", Time since last: 1000114961 ns, Reaching safepoint: 53504 ns, At safepoint: 5424 ns, Total: 58928 ns
[2020-10-31T11:13:46.628+0000][info][safepoint    ] Safepoint "Cleanup", Time since last: 1000107496 ns, Reaching safepoint: 139626 ns, At safepoint: 5553 ns, Total: 145179 ns
[2020-10-31T11:13:47.628+0000][info][safepoint    ] Safepoint "Cleanup", Time since last: 1000112212 ns, Reaching safepoint: 61678 ns, At safepoint: 6639 ns, Total: 68317 ns
[2020-10-31T11:13:48.629+0000][info][safepoint    ] Safepoint "Cleanup", Time since last: 1000063212 ns, Reaching safepoint: 135287 ns, At safepoint: 5676 ns, Total: 140963 ns
[2020-10-31T11:13:48.932+0000][info][gc           ] Trigger: Average GC time (659.69 ms) is above the time for allocation rate (313.99 MB/s) to deplete free headroom (205M)
[2020-10-31T11:13:48.932+0000][info][gc,ergo      ] Free headroom: 410M (free) - 204M (spike) - 0M (penalties) = 205M
[2020-10-31T11:13:48.932+0000][info][gc,ergo      ] Free: 410M (205 regions), Max regular: 2048K, Max humongous: 145408K, External frag: 66%, Internal frag: 0%
[2020-10-31T11:13:48.932+0000][info][gc,ergo      ] Evacuation Reserve: 206M (103 regions), Max regular: 2048K
[2020-10-31T11:13:48.932+0000][info][gc,start     ] GC(16) Concurrent reset
[2020-10-31T11:13:48.932+0000][info][gc,task      ] GC(16) Using 1 of 1 workers for concurrent reset
[2020-10-31T11:13:48.941+0000][info][gc           ] GC(16) Concurrent reset 3480M->3480M(4096M) 9.146ms
[2020-10-31T11:13:48.941+0000][info][gc,start     ] GC(16) Pause Init Mark
[2020-10-31T11:13:48.941+0000][info][gc,task      ] GC(16) Using 1 of 1 workers for init marking
[2020-10-31T11:13:48.941+0000][info][gc,ergo      ] GC(16) Pacer for Mark. Expected Live: 116M, Free: 410M, Non-Taxable: 41M, Alloc Tax Rate: 1.0x
[2020-10-31T11:13:48.941+0000][info][gc           ] GC(16) Pause Init Mark 0.449ms
[2020-10-31T11:13:48.941+0000][info][safepoint    ] Safepoint "ShenandoahInitMark", Time since last: 312339662 ns, Reaching safepoint: 59247 ns, At safepoint: 468124 ns, Total: 527371 ns
[2020-10-31T11:13:48.941+0000][info][gc,start     ] GC(16) Concurrent marking
[2020-10-31T11:13:48.941+0000][info][gc,task      ] GC(16) Using 1 of 1 workers for concurrent marking
[2020-10-31T11:13:49.143+0000][info][gc           ] GC(16) Concurrent marking 3482M->3526M(4096M) 201.204ms
[2020-10-31T11:13:49.143+0000][info][gc,start     ] GC(16) Pause Final Mark
[2020-10-31T11:13:49.143+0000][info][gc,task      ] GC(16) Using 1 of 1 workers for final marking
[2020-10-31T11:13:49.143+0000][info][gc,ergo      ] GC(16) Adaptive CSet Selection. Target Free: 409M, Actual Free: 758M, Max CSet: 170M, Min Garbage: 0M
[2020-10-31T11:13:49.144+0000][info][gc,ergo      ] GC(16) Collectable Garbage: 3242M (94% of total), 43M CSet, 1643 CSet regions
[2020-10-31T11:13:49.144+0000][info][gc,ergo      ] GC(16) Immediate Garbage: 188M (5% of total), 94 regions
[2020-10-31T11:13:49.144+0000][info][gc,ergo      ] GC(16) Pacer for Evacuation. Used CSet: 3286M, Free: 552M, Non-Taxable: 55M, Alloc Tax Rate: 14.6x
[2020-10-31T11:13:49.144+0000][info][gc           ] GC(16) Pause Final Mark 1.368ms
[2020-10-31T11:13:49.144+0000][info][safepoint    ] Safepoint "ShenandoahFinalMarkStartEvac", Time since last: 201282844 ns, Reaching safepoint: 64827 ns, At safepoint: 1384013 ns, Total: 1448840 ns
[2020-10-31T11:13:49.144+0000][info][gc,start     ] GC(16) Concurrent cleanup
[2020-10-31T11:13:49.144+0000][info][gc           ] GC(16) Concurrent cleanup 3524M->3338M(4096M) 0.157ms
[2020-10-31T11:13:49.144+0000][info][gc,ergo      ] GC(16) Free: 552M (276 regions), Max regular: 2048K, Max humongous: 337920K, External frag: 41%, Internal frag: 0%
[2020-10-31T11:13:49.144+0000][info][gc,ergo      ] GC(16) Evacuation Reserve: 205M (103 regions), Max regular: 2048K
[2020-10-31T11:13:49.144+0000][info][gc,start     ] GC(16) Concurrent evacuation
[2020-10-31T11:13:49.144+0000][info][gc,task      ] GC(16) Using 1 of 1 workers for concurrent evacuation
[2020-10-31T11:13:49.225+0000][info][gc           ] GC(16) Concurrent evacuation 3338M->3406M(4096M) 80.357ms
[2020-10-31T11:13:49.225+0000][info][gc,start     ] GC(16) Pause Init Update Refs
[2020-10-31T11:13:49.225+0000][info][gc,ergo      ] GC(16) Pacer for Update Refs. Used: 3406M, Free: 528M, Non-Taxable: 52M, Alloc Tax Rate: 7.9x
[2020-10-31T11:13:49.225+0000][info][gc           ] GC(16) Pause Init Update Refs 0.049ms
[2020-10-31T11:13:49.225+0000][info][safepoint    ] Safepoint "ShenandoahInitUpdateRefs", Time since last: 80617103 ns, Reaching safepoint: 139022 ns, At safepoint: 66972 ns, Total: 205994 ns
[2020-10-31T11:13:49.225+0000][info][gc,start     ] GC(16) Concurrent update references
[2020-10-31T11:13:49.225+0000][info][gc,task      ] GC(16) Using 1 of 1 workers for concurrent reference update
[2020-10-31T11:13:49.355+0000][info][gc           ] GC(16) Concurrent update references 3406M->3440M(4096M) 129.568ms
[2020-10-31T11:13:49.355+0000][info][gc,start     ] GC(16) Pause Final Update Refs
[2020-10-31T11:13:49.355+0000][info][gc,task      ] GC(16) Using 1 of 1 workers for final reference update
[2020-10-31T11:13:49.355+0000][info][gc           ] GC(16) Pause Final Update Refs 0.186ms
[2020-10-31T11:13:49.355+0000][info][safepoint    ] Safepoint "ShenandoahFinalUpdateRefs", Time since last: 129655035 ns, Reaching safepoint: 141904 ns, At safepoint: 208228 ns, Total: 350132 ns
[2020-10-31T11:13:49.355+0000][info][gc,start     ] GC(16) Concurrent cleanup
[2020-10-31T11:13:49.355+0000][info][gc           ] GC(16) Concurrent cleanup 3440M->154M(4096M) 0.279ms
[2020-10-31T11:13:49.355+0000][info][gc,ergo      ] Free: 3736M (1868 regions), Max regular: 2048K, Max humongous: 3104768K, External frag: 19%, Internal frag: 0%
[2020-10-31T11:13:49.355+0000][info][gc,ergo      ] Evacuation Reserve: 206M (103 regions), Max regular: 2048K
[2020-10-31T11:13:49.355+0000][info][gc,ergo      ] Pacer for Idle. Initial: 81M, Alloc Tax Rate: 1.0x
[2020-10-31T11:13:50.355+0000][info][safepoint    ] Safepoint "Cleanup", Time since last: 1000080631 ns, Reaching safepoint: 66394 ns, At safepoint: 2925 ns, Total: 69319 ns
[2020-10-31T11:13:51.355+0000][info][safepoint    ] Safepoint "Cleanup", Time since last: 1000100708 ns, Reaching safepoint: 129144 ns, At safepoint: 5737 ns, Total: 134881 ns
[2020-10-31T11:13:52.356+0000][info][safepoint    ] Safepoint "Cleanup", Time since last: 1000106649 ns, Reaching safepoint: 140118 ns, At safepoint: 7333 ns, Total: 147451 ns
[2020-10-31T11:13:53.356+0000][info][safepoint    ] Safepoint "Cleanup", Time since last: 1000106579 ns, Reaching safepoint: 140346 ns, At safepoint: 5066 ns, Total: 145412 ns
[2020-10-31T11:13:54.356+0000][info][safepoint    ] Safepoint "Cleanup", Time since last: 1000123405 ns, Reaching safepoint: 140401 ns, At safepoint: 5126 ns, Total: 145527 ns
[2020-10-31T11:13:55.356+0000][info][safepoint    ] Safepoint "Cleanup", Time since last: 1000108114 ns, Reaching safepoint: 139188 ns, At safepoint: 5300 ns, Total: 144488 ns
[2020-10-31T11:13:56.357+0000][info][safepoint    ] Safepoint "Cleanup", Time since last: 1000098574 ns, Reaching safepoint: 58595 ns, At safepoint: 5363 ns, Total: 63958 ns
[2020-10-31T11:13:57.357+0000][info][safepoint    ] Safepoint "Cleanup", Time since last: 1000108398 ns, Reaching safepoint: 75249 ns, At safepoint: 5276 ns, Total: 80525 ns
[2020-10-31T11:13:58.357+0000][info][safepoint    ] Safepoint "Cleanup", Time since last: 1000110490 ns, Reaching safepoint: 136654 ns, At safepoint: 5319 ns, Total: 141973 ns
[2020-10-31T11:13:59.357+0000][info][safepoint    ] Safepoint "Cleanup", Time since last: 1000111977 ns, Reaching safepoint: 59380 ns, At safepoint: 5661 ns, Total: 65041 ns
[2020-10-31T11:13:59.472+0000][info][gc           ] Trigger: Average GC time (664.90 ms) is above the time for allocation rate (324.48 MB/s) to deplete free headroom (215M)
[2020-10-31T11:13:59.472+0000][info][gc,ergo      ] Free headroom: 420M (free) - 204M (spike) - 0M (penalties) = 215M
[2020-10-31T11:13:59.472+0000][info][gc,ergo      ] Free: 420M (210 regions), Max regular: 2048K, Max humongous: 428032K, External frag: 1%, Internal frag: 0%
[2020-10-31T11:13:59.472+0000][info][gc,ergo      ] Evacuation Reserve: 206M (103 regions), Max regular: 2048K
[2020-10-31T11:13:59.472+0000][info][gc,start     ] GC(17) Concurrent reset
[2020-10-31T11:13:59.472+0000][info][gc,task      ] GC(17) Using 1 of 1 workers for concurrent reset
[2020-10-31T11:13:59.480+0000][info][gc           ] GC(17) Concurrent reset 3470M->3472M(4096M) 8.647ms
[2020-10-31T11:13:59.480+0000][info][gc,start     ] GC(17) Pause Init Mark
[2020-10-31T11:13:59.480+0000][info][gc,task      ] GC(17) Using 1 of 1 workers for init marking
[2020-10-31T11:13:59.481+0000][info][gc,ergo      ] GC(17) Pacer for Mark. Expected Live: 116M, Free: 418M, Non-Taxable: 41M, Alloc Tax Rate: 1.0x
[2020-10-31T11:13:59.481+0000][info][gc           ] GC(17) Pause Init Mark 0.505ms
[2020-10-31T11:13:59.481+0000][info][safepoint    ] Safepoint "ShenandoahInitMark", Time since last: 123075145 ns, Reaching safepoint: 152634 ns, At safepoint: 525724 ns, Total: 678358 ns
[2020-10-31T11:13:59.481+0000][info][gc,start     ] GC(17) Concurrent marking
[2020-10-31T11:13:59.481+0000][info][gc,task      ] GC(17) Using 1 of 1 workers for concurrent marking
[2020-10-31T11:13:59.720+0000][info][gc           ] GC(17) Concurrent marking 3472M->3544M(4096M) 239.144ms
[2020-10-31T11:13:59.720+0000][info][gc,start     ] GC(17) Pause Final Mark
[2020-10-31T11:13:59.720+0000][info][gc,task      ] GC(17) Using 1 of 1 workers for final marking
[2020-10-31T11:13:59.721+0000][info][gc,ergo      ] GC(17) Adaptive CSet Selection. Target Free: 409M, Actual Free: 552M, Max CSet: 170M, Min Garbage: 0M
[2020-10-31T11:13:59.721+0000][info][gc,ergo      ] GC(17) Collectable Garbage: 3376M (99% of total), 45M CSet, 1711 CSet regions
[2020-10-31T11:13:59.721+0000][info][gc,ergo      ] GC(17) Immediate Garbage: 0M (0% of total), 0 regions
[2020-10-31T11:13:59.722+0000][info][gc,ergo      ] GC(17) Pacer for Evacuation. Used CSet: 3422M, Free: 346M, Non-Taxable: 34M, Alloc Tax Rate: 24.2x
[2020-10-31T11:13:59.722+0000][info][gc           ] GC(17) Pause Final Mark 1.333ms
[2020-10-31T11:13:59.722+0000][info][safepoint    ] Safepoint "ShenandoahFinalMarkStartEvac", Time since last: 239223758 ns, Reaching safepoint: 55032 ns, At safepoint: 1357698 ns, Total: 1412730 ns
[2020-10-31T11:13:59.722+0000][info][gc,start     ] GC(17) Concurrent cleanup
[2020-10-31T11:13:59.722+0000][info][gc           ] GC(17) Concurrent cleanup 3546M->3546M(4096M) 0.162ms
[2020-10-31T11:13:59.722+0000][info][gc,ergo      ] GC(17) Free: 344M (172 regions), Max regular: 2048K, Max humongous: 350208K, External frag: 1%, Internal frag: 0%
[2020-10-31T11:13:59.722+0000][info][gc,ergo      ] GC(17) Evacuation Reserve: 206M (103 regions), Max regular: 2048K
[2020-10-31T11:13:59.722+0000][info][gc,start     ] GC(17) Concurrent evacuation
[2020-10-31T11:13:59.722+0000][info][gc,task      ] GC(17) Using 1 of 1 workers for concurrent evacuation
[2020-10-31T11:13:59.814+0000][info][gc           ] GC(17) Concurrent evacuation 3546M->3614M(4096M) 92.421ms
[2020-10-31T11:13:59.814+0000][info][gc,start     ] GC(17) Pause Init Update Refs
[2020-10-31T11:13:59.814+0000][info][gc,ergo      ] GC(17) Pacer for Update Refs. Used: 3614M, Free: 322M, Non-Taxable: 32M, Alloc Tax Rate: 13.7x
[2020-10-31T11:13:59.815+0000][info][gc           ] GC(17) Pause Init Update Refs 0.054ms
[2020-10-31T11:13:59.815+0000][info][safepoint    ] Safepoint "ShenandoahInitUpdateRefs", Time since last: 92707107 ns, Reaching safepoint: 137914 ns, At safepoint: 72030 ns, Total: 209944 ns
[2020-10-31T11:13:59.815+0000][info][gc,start     ] GC(17) Concurrent update references
[2020-10-31T11:13:59.815+0000][info][gc,task      ] GC(17) Using 1 of 1 workers for concurrent reference update
[2020-10-31T11:13:59.984+0000][info][gc           ] GC(17) Concurrent update references 3616M->3660M(4096M) 169.199ms
[2020-10-31T11:13:59.984+0000][info][gc,start     ] GC(17) Pause Final Update Refs
[2020-10-31T11:13:59.984+0000][info][gc,task      ] GC(17) Using 1 of 1 workers for final reference update
[2020-10-31T11:13:59.984+0000][info][gc           ] GC(17) Pause Final Update Refs 0.183ms
[2020-10-31T11:13:59.984+0000][info][safepoint    ] Safepoint "ShenandoahFinalUpdateRefs", Time since last: 169281902 ns, Reaching safepoint: 133580 ns, At safepoint: 204907 ns, Total: 338487 ns
[2020-10-31T11:13:59.984+0000][info][gc,start     ] GC(17) Concurrent cleanup
[2020-10-31T11:13:59.984+0000][info][gc           ] GC(17) Concurrent cleanup 3660M->238M(4096M) 0.307ms
[2020-10-31T11:13:59.985+0000][info][gc,ergo      ] Free: 3652M (1826 regions), Max regular: 2048K, Max humongous: 3504128K, External frag: 7%, Internal frag: 0%
[2020-10-31T11:13:59.985+0000][info][gc,ergo      ] Evacuation Reserve: 206M (103 regions), Max regular: 2048K
[2020-10-31T11:13:59.985+0000][info][gc,ergo      ] Pacer for Idle. Initial: 81M, Alloc Tax Rate: 1.0x
[2020-10-31T11:14:00.984+0000][info][safepoint    ] Safepoint "Cleanup", Time since last: 1000079582 ns, Reaching safepoint: 136919 ns, At safepoint: 5384 ns, Total: 142303 ns
[2020-10-31T11:14:01.985+0000][info][safepoint    ] Safepoint "Cleanup", Time since last: 1000068831 ns, Reaching safepoint: 142305 ns, At safepoint: 5764 ns, Total: 148069 ns
[2020-10-31T11:14:02.985+0000][info][safepoint    ] Safepoint "Cleanup", Time since last: 1000114631 ns, Reaching safepoint: 57635 ns, At safepoint: 5271 ns, Total: 62906 ns
[2020-10-31T11:14:03.985+0000][info][safepoint    ] Safepoint "Cleanup", Time since last: 1000106248 ns, Reaching safepoint: 57919 ns, At safepoint: 6988 ns, Total: 64907 ns
[2020-10-31T11:14:04.985+0000][info][safepoint    ] Safepoint "Cleanup", Time since last: 1000103165 ns, Reaching safepoint: 129033 ns, At safepoint: 5573 ns, Total: 134606 ns
[2020-10-31T11:14:05.985+0000][info][safepoint    ] Safepoint "Cleanup", Time since last: 1000103461 ns, Reaching safepoint: 142059 ns, At safepoint: 5196 ns, Total: 147255 ns
[2020-10-31T11:14:06.986+0000][info][safepoint    ] Safepoint "Cleanup", Time since last: 1000111473 ns, Reaching safepoint: 61626 ns, At safepoint: 6229 ns, Total: 67855 ns
[2020-10-31T11:14:07.986+0000][info][safepoint    ] Safepoint "Cleanup", Time since last: 1000056350 ns, Reaching safepoint: 131171 ns, At safepoint: 2923 ns, Total: 134094 ns
[2020-10-31T11:14:09.315+0000][info][safepoint    ] Safepoint "Cleanup", Time since last: 1329280900 ns, Reaching safepoint: 138060 ns, At safepoint: 3458 ns, Total: 141518 ns
[2020-10-31T11:14:09.867+0000][info][gc           ] Trigger: Average GC time (666.68 ms) is above the time for allocation rate (324.76 MB/s) to deplete free headroom (215M)
[2020-10-31T11:14:09.867+0000][info][gc,ergo      ] Free headroom: 420M (free) - 204M (spike) - 0M (penalties) = 215M
[2020-10-31T11:14:09.867+0000][info][gc,ergo      ] Free: 420M (210 regions), Max regular: 2048K, Max humongous: 233472K, External frag: 46%, Internal frag: 0%
[2020-10-31T11:14:09.867+0000][info][gc,ergo      ] Evacuation Reserve: 206M (103 regions), Max regular: 2048K
[2020-10-31T11:14:09.867+0000][info][gc,start     ] GC(18) Concurrent reset
[2020-10-31T11:14:09.867+0000][info][gc,task      ] GC(18) Using 1 of 1 workers for concurrent reset
[2020-10-31T11:14:09.876+0000][info][gc           ] GC(18) Concurrent reset 3470M->3472M(4096M) 9.082ms
[2020-10-31T11:14:09.876+0000][info][gc,start     ] GC(18) Pause Init Mark
[2020-10-31T11:14:09.876+0000][info][gc,task      ] GC(18) Using 1 of 1 workers for init marking
[2020-10-31T11:14:09.877+0000][info][gc,ergo      ] GC(18) Pacer for Mark. Expected Live: 116M, Free: 418M, Non-Taxable: 41M, Alloc Tax Rate: 1.0x
[2020-10-31T11:14:09.877+0000][info][gc           ] GC(18) Pause Init Mark 0.470ms
[2020-10-31T11:14:09.877+0000][info][safepoint    ] Safepoint "ShenandoahInitMark", Time since last: 560914785 ns, Reaching safepoint: 57188 ns, At safepoint: 492036 ns, Total: 549224 ns
[2020-10-31T11:14:09.877+0000][info][gc,start     ] GC(18) Concurrent marking
[2020-10-31T11:14:09.877+0000][info][gc,task      ] GC(18) Using 1 of 1 workers for concurrent marking
[2020-10-31T11:14:10.162+0000][info][gc           ] GC(18) Concurrent marking 3472M->3546M(4096M) 285.421ms
[2020-10-31T11:14:10.162+0000][info][gc,start     ] GC(18) Pause Final Mark
[2020-10-31T11:14:10.162+0000][info][gc,task      ] GC(18) Using 1 of 1 workers for final marking
[2020-10-31T11:14:10.163+0000][info][gc,ergo      ] GC(18) Adaptive CSet Selection. Target Free: 409M, Actual Free: 550M, Max CSet: 170M, Min Garbage: 0M
[2020-10-31T11:14:10.163+0000][info][gc,ergo      ] GC(18) Collectable Garbage: 3331M (99% of total), 44M CSet, 1688 CSet regions
[2020-10-31T11:14:10.163+0000][info][gc,ergo      ] GC(18) Immediate Garbage: 0M (0% of total), 0 regions
[2020-10-31T11:14:10.164+0000][info][gc,ergo      ] GC(18) Pacer for Evacuation. Used CSet: 3376M, Free: 344M, Non-Taxable: 34M, Alloc Tax Rate: 24.0x
[2020-10-31T11:14:10.164+0000][info][gc           ] GC(18) Pause Final Mark 1.454ms
[2020-10-31T11:14:10.164+0000][info][safepoint    ] Safepoint "ShenandoahFinalMarkStartEvac", Time since last: 285503343 ns, Reaching safepoint: 133205 ns, At safepoint: 1475790 ns, Total: 1608995 ns
[2020-10-31T11:14:10.164+0000][info][gc,start     ] GC(18) Concurrent cleanup
[2020-10-31T11:14:10.164+0000][info][gc           ] GC(18) Concurrent cleanup 3548M->3550M(4096M) 0.171ms
[2020-10-31T11:14:10.164+0000][info][gc,ergo      ] GC(18) Free: 340M (170 regions), Max regular: 2048K, Max humongous: 233472K, External frag: 33%, Internal frag: 0%
[2020-10-31T11:14:10.164+0000][info][gc,ergo      ] GC(18) Evacuation Reserve: 205M (103 regions), Max regular: 2048K
[2020-10-31T11:14:10.164+0000][info][gc,start     ] GC(18) Concurrent evacuation
[2020-10-31T11:14:10.164+0000][info][gc,task      ] GC(18) Using 1 of 1 workers for concurrent evacuation
[2020-10-31T11:14:10.249+0000][info][gc           ] GC(18) Concurrent evacuation 3550M->3616M(4096M) 85.396ms
[2020-10-31T11:14:10.250+0000][info][gc,start     ] GC(18) Pause Init Update Refs
[2020-10-31T11:14:10.250+0000][info][gc,ergo      ] GC(18) Pacer for Update Refs. Used: 3616M, Free: 320M, Non-Taxable: 32M, Alloc Tax Rate: 13.8x
[2020-10-31T11:14:10.250+0000][info][gc           ] GC(18) Pause Init Update Refs 0.056ms
[2020-10-31T11:14:10.250+0000][info][safepoint    ] Safepoint "ShenandoahInitUpdateRefs", Time since last: 85692459 ns, Reaching safepoint: 141771 ns, At safepoint: 74648 ns, Total: 216419 ns
[2020-10-31T11:14:10.250+0000][info][gc,start     ] GC(18) Concurrent update references
[2020-10-31T11:14:10.250+0000][info][gc,task      ] GC(18) Using 1 of 1 workers for concurrent reference update
[2020-10-31T11:14:10.456+0000][info][gc           ] GC(18) Concurrent update references 3618M->3670M(4096M) 206.447ms
[2020-10-31T11:14:10.456+0000][info][gc,start     ] GC(18) Pause Final Update Refs
[2020-10-31T11:14:10.456+0000][info][gc,task      ] GC(18) Using 1 of 1 workers for final reference update
[2020-10-31T11:14:10.457+0000][info][gc           ] GC(18) Pause Final Update Refs 0.207ms
[2020-10-31T11:14:10.457+0000][info][safepoint    ] Safepoint "ShenandoahFinalUpdateRefs", Time since last: 206550069 ns, Reaching safepoint: 144106 ns, At safepoint: 229025 ns, Total: 373131 ns
[2020-10-31T11:14:10.457+0000][info][gc,start     ] GC(18) Concurrent cleanup
[2020-10-31T11:14:10.457+0000][info][gc           ] GC(18) Concurrent cleanup 3670M->294M(4096M) 0.314ms
[2020-10-31T11:14:10.457+0000][info][gc,ergo      ] Free: 3596M (1798 regions), Max regular: 2048K, Max humongous: 3311616K, External frag: 11%, Internal frag: 0%
[2020-10-31T11:14:10.457+0000][info][gc,ergo      ] Evacuation Reserve: 206M (103 regions), Max regular: 2048K
[2020-10-31T11:14:10.457+0000][info][gc,ergo      ] Pacer for Idle. Initial: 81M, Alloc Tax Rate: 1.0x
[2020-10-31T11:14:11.457+0000][info][safepoint    ] Safepoint "Cleanup", Time since last: 1000082868 ns, Reaching safepoint: 133252 ns, At safepoint: 4937 ns, Total: 138189 ns
[2020-10-31T11:14:12.457+0000][info][safepoint    ] Safepoint "Cleanup", Time since last: 1000115018 ns, Reaching safepoint: 135724 ns, At safepoint: 5332 ns, Total: 141056 ns
[2020-10-31T11:14:13.457+0000][info][safepoint    ] Safepoint "Cleanup", Time since last: 1000109092 ns, Reaching safepoint: 61650 ns, At safepoint: 6444 ns, Total: 68094 ns
[2020-10-31T11:14:14.458+0000][info][safepoint    ] Safepoint "Cleanup", Time since last: 1000102964 ns, Reaching safepoint: 132762 ns, At safepoint: 5601 ns, Total: 138363 ns
[2020-10-31T11:14:15.458+0000][info][safepoint    ] Safepoint "Cleanup", Time since last: 1000107774 ns, Reaching safepoint: 60363 ns, At safepoint: 4748 ns, Total: 65111 ns
[2020-10-31T11:14:16.458+0000][info][safepoint    ] Safepoint "Cleanup", Time since last: 1000106600 ns, Reaching safepoint: 132134 ns, At safepoint: 5347 ns, Total: 137481 ns
[2020-10-31T11:14:17.458+0000][info][safepoint    ] Safepoint "Cleanup", Time since last: 1000108057 ns, Reaching safepoint: 136826 ns, At safepoint: 3071 ns, Total: 139897 ns
[2020-10-31T11:14:18.458+0000][info][safepoint    ] Safepoint "Cleanup", Time since last: 1000115518 ns, Reaching safepoint: 134039 ns, At safepoint: 3290 ns, Total: 137329 ns
[2020-10-31T11:14:19.459+0000][info][safepoint    ] Safepoint "Cleanup", Time since last: 1000108722 ns, Reaching safepoint: 136386 ns, At safepoint: 4979 ns, Total: 141365 ns
[2020-10-31T11:14:20.149+0000][info][gc           ] Trigger: Average GC time (665.84 ms) is above the time for allocation rate (323.87 MB/s) to deplete free headroom (215M)
[2020-10-31T11:14:20.149+0000][info][gc,ergo      ] Free headroom: 420M (free) - 204M (spike) - 0M (penalties) = 215M
[2020-10-31T11:14:20.149+0000][info][gc,ergo      ] Free: 420M (210 regions), Max regular: 2048K, Max humongous: 368640K, External frag: 15%, Internal frag: 0%
[2020-10-31T11:14:20.149+0000][info][gc,ergo      ] Evacuation Reserve: 206M (103 regions), Max regular: 2048K
[2020-10-31T11:14:20.149+0000][info][gc,start     ] GC(19) Concurrent reset
[2020-10-31T11:14:20.149+0000][info][gc,task      ] GC(19) Using 1 of 1 workers for concurrent reset
[2020-10-31T11:14:20.158+0000][info][gc           ] GC(19) Concurrent reset 3470M->3470M(4096M) 8.891ms
[2020-10-31T11:14:20.158+0000][info][gc,start     ] GC(19) Pause Init Mark
[2020-10-31T11:14:20.158+0000][info][gc,task      ] GC(19) Using 1 of 1 workers for init marking
[2020-10-31T11:14:20.158+0000][info][gc,ergo      ] GC(19) Pacer for Mark. Expected Live: 116M, Free: 420M, Non-Taxable: 42M, Alloc Tax Rate: 1.0x
[2020-10-31T11:14:20.158+0000][info][gc           ] GC(19) Pause Init Mark 0.456ms
[2020-10-31T11:14:20.158+0000][info][safepoint    ] Safepoint "ShenandoahInitMark", Time since last: 699098962 ns, Reaching safepoint: 134191 ns, At safepoint: 478272 ns, Total: 612463 ns
[2020-10-31T11:14:20.158+0000][info][gc,start     ] GC(19) Concurrent marking
[2020-10-31T11:14:20.158+0000][info][gc,task      ] GC(19) Using 1 of 1 workers for concurrent marking
[2020-10-31T11:14:20.499+0000][info][gc           ] GC(19) Concurrent marking 3470M->3568M(4096M) 340.588ms
[2020-10-31T11:14:20.499+0000][info][gc,start     ] GC(19) Pause Final Mark
[2020-10-31T11:14:20.499+0000][info][gc,task      ] GC(19) Using 1 of 1 workers for final marking
[2020-10-31T11:14:20.500+0000][info][gc,ergo      ] GC(19) Adaptive CSet Selection. Target Free: 409M, Actual Free: 528M, Max CSet: 170M, Min Garbage: 0M
[2020-10-31T11:14:20.500+0000][info][gc,ergo      ] GC(19) Collectable Garbage: 3285M (99% of total), 44M CSet, 1665 CSet regions
[2020-10-31T11:14:20.500+0000][info][gc,ergo      ] GC(19) Immediate Garbage: 0M (0% of total), 0 regions
[2020-10-31T11:14:20.501+0000][info][gc,ergo      ] GC(19) Pacer for Evacuation. Used CSet: 3330M, Free: 322M, Non-Taxable: 32M, Alloc Tax Rate: 25.3x
[2020-10-31T11:14:20.501+0000][info][gc           ] GC(19) Pause Final Mark 1.397ms
[2020-10-31T11:14:20.501+0000][info][safepoint    ] Safepoint "ShenandoahFinalMarkStartEvac", Time since last: 340668359 ns, Reaching safepoint: 137507 ns, At safepoint: 1418680 ns, Total: 1556187 ns
[2020-10-31T11:14:20.501+0000][info][gc,start     ] GC(19) Concurrent cleanup
[2020-10-31T11:14:20.501+0000][info][gc           ] GC(19) Concurrent cleanup 3570M->3572M(4096M) 0.174ms
[2020-10-31T11:14:20.501+0000][info][gc,ergo      ] GC(19) Free: 318M (159 regions), Max regular: 2048K, Max humongous: 323584K, External frag: 1%, Internal frag: 0%
[2020-10-31T11:14:20.501+0000][info][gc,ergo      ] GC(19) Evacuation Reserve: 206M (103 regions), Max regular: 2048K
[2020-10-31T11:14:20.501+0000][info][gc,start     ] GC(19) Concurrent evacuation
[2020-10-31T11:14:20.501+0000][info][gc,task      ] GC(19) Using 1 of 1 workers for concurrent evacuation
[2020-10-31T11:14:20.582+0000][info][gc           ] GC(19) Concurrent evacuation 3572M->3636M(4096M) 81.386ms
[2020-10-31T11:14:20.582+0000][info][gc,start     ] GC(19) Pause Init Update Refs
[2020-10-31T11:14:20.582+0000][info][gc,ergo      ] GC(19) Pacer for Update Refs. Used: 3636M, Free: 300M, Non-Taxable: 30M, Alloc Tax Rate: 14.8x
[2020-10-31T11:14:20.583+0000][info][gc           ] GC(19) Pause Init Update Refs 0.056ms
[2020-10-31T11:14:20.583+0000][info][safepoint    ] Safepoint "ShenandoahInitUpdateRefs", Time since last: 81684960 ns, Reaching safepoint: 140373 ns, At safepoint: 75218 ns, Total: 215591 ns
[2020-10-31T11:14:20.583+0000][info][gc,start     ] GC(19) Concurrent update references
[2020-10-31T11:14:20.583+0000][info][gc,task      ] GC(19) Using 1 of 1 workers for concurrent reference update
[2020-10-31T11:14:20.825+0000][info][gc           ] GC(19) Concurrent update references 3638M->3700M(4096M) 241.964ms
[2020-10-31T11:14:20.825+0000][info][gc,start     ] GC(19) Pause Final Update Refs
[2020-10-31T11:14:20.825+0000][info][gc,task      ] GC(19) Using 1 of 1 workers for final reference update
[2020-10-31T11:14:20.825+0000][info][gc           ] GC(19) Pause Final Update Refs 0.182ms
[2020-10-31T11:14:20.825+0000][info][safepoint    ] Safepoint "ShenandoahFinalUpdateRefs", Time since last: 242065116 ns, Reaching safepoint: 64758 ns, At safepoint: 204253 ns, Total: 269011 ns
[2020-10-31T11:14:20.825+0000][info][gc,start     ] GC(19) Concurrent cleanup
[2020-10-31T11:14:20.825+0000][info][gc           ] GC(19) Concurrent cleanup 3700M->370M(4096M) 0.304ms
[2020-10-31T11:14:20.825+0000][info][gc,ergo      ] Free: 3520M (1760 regions), Max regular: 2048K, Max humongous: 3252224K, External frag: 10%, Internal frag: 0%
[2020-10-31T11:14:20.825+0000][info][gc,ergo      ] Evacuation Reserve: 206M (103 regions), Max regular: 2048K
[2020-10-31T11:14:20.825+0000][info][gc,ergo      ] Pacer for Idle. Initial: 81M, Alloc Tax Rate: 1.0x
[2020-10-31T11:14:21.825+0000][info][safepoint    ] Safepoint "Cleanup", Time since last: 1000080642 ns, Reaching safepoint: 134239 ns, At safepoint: 5913 ns, Total: 140152 ns
[2020-10-31T11:14:22.825+0000][info][safepoint    ] Safepoint "Cleanup", Time since last: 1000110289 ns, Reaching safepoint: 133520 ns, At safepoint: 5947 ns, Total: 139467 ns
[2020-10-31T11:14:23.826+0000][info][safepoint    ] Safepoint "Cleanup", Time since last: 1000124206 ns, Reaching safepoint: 54776 ns, At safepoint: 6150 ns, Total: 60926 ns
[2020-10-31T11:14:24.826+0000][info][safepoint    ] Safepoint "Cleanup", Time since last: 1000107284 ns, Reaching safepoint: 135424 ns, At safepoint: 5135 ns, Total: 140559 ns
[2020-10-31T11:14:25.826+0000][info][safepoint    ] Safepoint "Cleanup", Time since last: 1000111451 ns, Reaching safepoint: 55182 ns, At safepoint: 3680 ns, Total: 58862 ns
[2020-10-31T11:14:26.826+0000][info][safepoint    ] Safepoint "Cleanup", Time since last: 1000107575 ns, Reaching safepoint: 132359 ns, At safepoint: 5561 ns, Total: 137920 ns
[2020-10-31T11:14:27.826+0000][info][safepoint    ] Safepoint "Cleanup", Time since last: 1000114234 ns, Reaching safepoint: 73394 ns, At safepoint: 5511 ns, Total: 78905 ns
[2020-10-31T11:14:28.827+0000][info][safepoint    ] Safepoint "Cleanup", Time since last: 1000104586 ns, Reaching safepoint: 133591 ns, At safepoint: 3150 ns, Total: 136741 ns
[2020-10-31T11:14:29.827+0000][info][safepoint    ] Safepoint "Cleanup", Time since last: 1000106737 ns, Reaching safepoint: 143173 ns, At safepoint: 6455 ns, Total: 149628 ns
[2020-10-31T11:14:30.292+0000][info][gc           ] Trigger: Average GC time (666.36 ms) is above the time for allocation rate (323.76 MB/s) to deplete free headroom (215M)
[2020-10-31T11:14:30.292+0000][info][gc,ergo      ] Free headroom: 420M (free) - 204M (spike) - 0M (penalties) = 215M
[2020-10-31T11:14:30.292+0000][info][gc,ergo      ] Free: 420M (210 regions), Max regular: 2048K, Max humongous: 194560K, External frag: 55%, Internal frag: 0%
[2020-10-31T11:14:30.292+0000][info][gc,ergo      ] Evacuation Reserve: 206M (103 regions), Max regular: 2048K
[2020-10-31T11:14:30.292+0000][info][gc,start     ] GC(20) Concurrent reset
[2020-10-31T11:14:30.292+0000][info][gc,task      ] GC(20) Using 1 of 1 workers for concurrent reset
[2020-10-31T11:14:30.301+0000][info][gc           ] GC(20) Concurrent reset 3470M->3472M(4096M) 8.848ms
[2020-10-31T11:14:30.301+0000][info][gc,start     ] GC(20) Pause Init Mark (process weakrefs)
[2020-10-31T11:14:30.301+0000][info][gc,task      ] GC(20) Using 1 of 1 workers for init marking
[2020-10-31T11:14:30.302+0000][info][gc,ergo      ] GC(20) Pacer for Mark. Expected Live: 116M, Free: 418M, Non-Taxable: 41M, Alloc Tax Rate: 1.0x
[2020-10-31T11:14:30.302+0000][info][gc           ] GC(20) Pause Init Mark (process weakrefs) 0.472ms
[2020-10-31T11:14:30.302+0000][info][safepoint    ] Safepoint "ShenandoahInitMark", Time since last: 474312330 ns, Reaching safepoint: 134788 ns, At safepoint: 493558 ns, Total: 628346 ns
[2020-10-31T11:14:30.302+0000][info][gc,start     ] GC(20) Concurrent marking (process weakrefs)
[2020-10-31T11:14:30.302+0000][info][gc,task      ] GC(20) Using 1 of 1 workers for concurrent marking
[2020-10-31T11:14:30.737+0000][info][gc           ] GC(20) Concurrent marking (process weakrefs) 3474M->3584M(4096M) 435.614ms
[2020-10-31T11:14:30.737+0000][info][gc,start     ] GC(20) Concurrent precleaning
[2020-10-31T11:14:30.737+0000][info][gc,task      ] GC(20) Using 1 of 1 workers for concurrent preclean
[2020-10-31T11:14:30.834+0000][info][gc           ] GC(20) Concurrent precleaning 3584M->3614M(4096M) 96.065ms
[2020-10-31T11:14:30.834+0000][info][gc,start     ] GC(20) Pause Final Mark (process weakrefs)
[2020-10-31T11:14:30.834+0000][info][gc,task      ] GC(20) Using 1 of 1 workers for final marking
[2020-10-31T11:14:30.915+0000][info][gc,ergo      ] GC(20) Adaptive CSet Selection. Target Free: 409M, Actual Free: 482M, Max CSet: 170M, Min Garbage: 0M
[2020-10-31T11:14:30.916+0000][info][gc,ergo      ] GC(20) Collectable Garbage: 3266M (97% of total), 23M CSet, 1645 CSet regions
[2020-10-31T11:14:30.916+0000][info][gc,ergo      ] GC(20) Immediate Garbage: 0M (0% of total), 0 regions
[2020-10-31T11:14:30.916+0000][info][gc,ergo      ] GC(20) Pacer for Evacuation. Used CSet: 3290M, Free: 276M, Non-Taxable: 27M, Alloc Tax Rate: 29.1x
[2020-10-31T11:14:30.916+0000][info][gc           ] GC(20) Pause Final Mark (process weakrefs) 82.684ms
[2020-10-31T11:14:30.916+0000][info][safepoint    ] Safepoint "ShenandoahFinalMarkStartEvac", Time since last: 531795973 ns, Reaching safepoint: 139697 ns, At safepoint: 82709367 ns, Total: 82849064 ns
[2020-10-31T11:14:30.916+0000][info][gc,start     ] GC(20) Concurrent cleanup
[2020-10-31T11:14:30.917+0000][info][gc           ] GC(20) Concurrent cleanup 3616M->3616M(4096M) 0.236ms
[2020-10-31T11:14:30.917+0000][info][gc,ergo      ] GC(20) Free: 274M (137 regions), Max regular: 2048K, Max humongous: 194560K, External frag: 31%, Internal frag: 0%
[2020-10-31T11:14:30.917+0000][info][gc,ergo      ] GC(20) Evacuation Reserve: 205M (103 regions), Max regular: 2048K
[2020-10-31T11:14:30.917+0000][info][gc,start     ] GC(20) Concurrent evacuation
[2020-10-31T11:14:30.917+0000][info][gc,task      ] GC(20) Using 1 of 1 workers for concurrent evacuation
[2020-10-31T11:14:31.075+0000][info][gc           ] GC(20) Concurrent evacuation 3616M->3664M(4096M) 158.296ms
[2020-10-31T11:14:31.075+0000][info][gc,start     ] GC(20) Pause Init Update Refs
[2020-10-31T11:14:31.075+0000][info][gc,ergo      ] GC(20) Pacer for Update Refs. Used: 3664M, Free: 250M, Non-Taxable: 25M, Alloc Tax Rate: 17.9x
[2020-10-31T11:14:31.075+0000][info][gc           ] GC(20) Pause Init Update Refs 0.054ms
[2020-10-31T11:14:31.075+0000][info][safepoint    ] Safepoint "ShenandoahInitUpdateRefs", Time since last: 158654339 ns, Reaching safepoint: 138384 ns, At safepoint: 73618 ns, Total: 212002 ns
[2020-10-31T11:14:31.075+0000][info][gc,start     ] GC(20) Concurrent update references
[2020-10-31T11:14:31.075+0000][info][gc,task      ] GC(20) Using 1 of 1 workers for concurrent reference update
[2020-10-31T11:14:31.402+0000][info][gc           ] GC(20) Concurrent update references 3666M->3738M(4096M) 327.120ms
[2020-10-31T11:14:31.403+0000][info][gc,start     ] GC(20) Pause Final Update Refs
[2020-10-31T11:14:31.403+0000][info][gc,task      ] GC(20) Using 1 of 1 workers for final reference update
[2020-10-31T11:14:31.403+0000][info][gc           ] GC(20) Pause Final Update Refs 0.177ms
[2020-10-31T11:14:31.403+0000][info][safepoint    ] Safepoint "ShenandoahFinalUpdateRefs", Time since last: 327266500 ns, Reaching safepoint: 135727 ns, At safepoint: 198817 ns, Total: 334544 ns
[2020-10-31T11:14:31.403+0000][info][gc,start     ] GC(20) Concurrent cleanup
[2020-10-31T11:14:31.403+0000][info][gc           ] GC(20) Concurrent cleanup 3738M->448M(4096M) 0.314ms
[2020-10-31T11:14:31.403+0000][info][gc,ergo      ] Free: 3442M (1721 regions), Max regular: 2048K, Max humongous: 3176448K, External frag: 10%, Internal frag: 0%
[2020-10-31T11:14:31.403+0000][info][gc,ergo      ] Evacuation Reserve: 206M (103 regions), Max regular: 2048K
[2020-10-31T11:14:31.403+0000][info][gc,ergo      ] Pacer for Idle. Initial: 81M, Alloc Tax Rate: 1.0x
[2020-10-31T11:14:32.403+0000][info][safepoint    ] Safepoint "Cleanup", Time since last: 1000082520 ns, Reaching safepoint: 133211 ns, At safepoint: 5021 ns, Total: 138232 ns
[2020-10-31T11:14:33.403+0000][info][safepoint    ] Safepoint "Cleanup", Time since last: 1000107865 ns, Reaching safepoint: 136862 ns, At safepoint: 3126 ns, Total: 139988 ns
[2020-10-31T11:14:34.404+0000][info][safepoint    ] Safepoint "Cleanup", Time since last: 1000114981 ns, Reaching safepoint: 141338 ns, At safepoint: 5004 ns, Total: 146342 ns
[2020-10-31T11:14:35.404+0000][info][safepoint    ] Safepoint "Cleanup", Time since last: 1000108547 ns, Reaching safepoint: 145915 ns, At safepoint: 5308 ns, Total: 151223 ns
[2020-10-31T11:14:36.404+0000][info][safepoint    ] Safepoint "Cleanup", Time since last: 1000110119 ns, Reaching safepoint: 59077 ns, At safepoint: 5559 ns, Total: 64636 ns
[2020-10-31T11:14:37.404+0000][info][safepoint    ] Safepoint "Cleanup", Time since last: 1000108508 ns, Reaching safepoint: 135127 ns, At safepoint: 5179 ns, Total: 140306 ns
[2020-10-31T11:14:38.405+0000][info][safepoint    ] Safepoint "Cleanup", Time since last: 1000124353 ns, Reaching safepoint: 68013 ns, At safepoint: 5606 ns, Total: 73619 ns
[2020-10-31T11:14:39.405+0000][info][safepoint    ] Safepoint "Cleanup", Time since last: 1000111067 ns, Reaching safepoint: 129436 ns, At safepoint: 4894 ns, Total: 134330 ns
[2020-10-31T11:14:40.405+0000][info][safepoint    ] Safepoint "Cleanup", Time since last: 1000109804 ns, Reaching safepoint: 136809 ns, At safepoint: 5148 ns, Total: 141957 ns
[2020-10-31T11:14:40.706+0000][info][gc           ] Trigger: Average GC time (662.79 ms) is above the time for allocation rate (314.39 MB/s) to deplete free headroom (207M)
[2020-10-31T11:14:40.706+0000][info][gc,ergo      ] Free headroom: 412M (free) - 204M (spike) - 0M (penalties) = 207M
[2020-10-31T11:14:40.706+0000][info][gc,ergo      ] Free: 412M (206 regions), Max regular: 2048K, Max humongous: 157696K, External frag: 63%, Internal frag: 0%
[2020-10-31T11:14:40.706+0000][info][gc,ergo      ] Evacuation Reserve: 206M (103 regions), Max regular: 2048K
[2020-10-31T11:14:40.706+0000][info][gc,start     ] GC(21) Concurrent reset
[2020-10-31T11:14:40.706+0000][info][gc,task      ] GC(21) Using 1 of 1 workers for concurrent reset
[2020-10-31T11:14:40.715+0000][info][gc           ] GC(21) Concurrent reset 3478M->3480M(4096M) 8.999ms
[2020-10-31T11:14:40.715+0000][info][gc,start     ] GC(21) Pause Init Mark
[2020-10-31T11:14:40.715+0000][info][gc,task      ] GC(21) Using 1 of 1 workers for init marking
[2020-10-31T11:14:40.716+0000][info][gc,ergo      ] GC(21) Pacer for Mark. Expected Live: 116M, Free: 410M, Non-Taxable: 41M, Alloc Tax Rate: 1.0x
[2020-10-31T11:14:40.716+0000][info][gc           ] GC(21) Pause Init Mark 0.485ms
[2020-10-31T11:14:40.716+0000][info][safepoint    ] Safepoint "ShenandoahInitMark", Time since last: 310087641 ns, Reaching safepoint: 136409 ns, At safepoint: 505375 ns, Total: 641784 ns
[2020-10-31T11:14:40.716+0000][info][gc,start     ] GC(21) Concurrent marking
[2020-10-31T11:14:40.716+0000][info][gc,task      ] GC(21) Using 1 of 1 workers for concurrent marking
[2020-10-31T11:14:40.890+0000][info][gc           ] GC(21) Concurrent marking 3482M->3524M(4096M) 174.623ms
[2020-10-31T11:14:40.891+0000][info][gc,start     ] GC(21) Pause Final Mark
[2020-10-31T11:14:40.891+0000][info][gc,task      ] GC(21) Using 1 of 1 workers for final marking
[2020-10-31T11:14:40.891+0000][info][gc,ergo      ] GC(21) Adaptive CSet Selection. Target Free: 409M, Actual Free: 762M, Max CSet: 170M, Min Garbage: 0M
[2020-10-31T11:14:40.891+0000][info][gc,ergo      ] GC(21) Collectable Garbage: 3240M (94% of total), 43M CSet, 1642 CSet regions
[2020-10-31T11:14:40.891+0000][info][gc,ergo      ] GC(21) Immediate Garbage: 190M (5% of total), 95 regions
[2020-10-31T11:14:40.892+0000][info][gc,ergo      ] GC(21) Pacer for Evacuation. Used CSet: 3284M, Free: 556M, Non-Taxable: 55M, Alloc Tax Rate: 14.4x
[2020-10-31T11:14:40.892+0000][info][gc           ] GC(21) Pause Final Mark 1.429ms
[2020-10-31T11:14:40.892+0000][info][safepoint    ] Safepoint "ShenandoahFinalMarkStartEvac", Time since last: 174701864 ns, Reaching safepoint: 59337 ns, At safepoint: 1450228 ns, Total: 1509565 ns
[2020-10-31T11:14:40.892+0000][info][gc,start     ] GC(21) Concurrent cleanup
[2020-10-31T11:14:40.892+0000][info][gc           ] GC(21) Concurrent cleanup 3524M->3338M(4096M) 0.169ms
[2020-10-31T11:14:40.892+0000][info][gc,ergo      ] GC(21) Free: 552M (276 regions), Max regular: 2048K, Max humongous: 352256K, External frag: 38%, Internal frag: 0%
[2020-10-31T11:14:40.892+0000][info][gc,ergo      ] GC(21) Evacuation Reserve: 205M (103 regions), Max regular: 2048K
[2020-10-31T11:14:40.892+0000][info][gc,start     ] GC(21) Concurrent evacuation
[2020-10-31T11:14:40.892+0000][info][gc,task      ] GC(21) Using 1 of 1 workers for concurrent evacuation
[2020-10-31T11:14:40.973+0000][info][gc           ] GC(21) Concurrent evacuation 3338M->3402M(4096M) 81.121ms
[2020-10-31T11:14:40.974+0000][info][gc,start     ] GC(21) Pause Init Update Refs
[2020-10-31T11:14:40.974+0000][info][gc,ergo      ] GC(21) Pacer for Update Refs. Used: 3402M, Free: 532M, Non-Taxable: 53M, Alloc Tax Rate: 7.8x
[2020-10-31T11:14:40.974+0000][info][gc           ] GC(21) Pause Init Update Refs 0.070ms
[2020-10-31T11:14:40.974+0000][info][safepoint    ] Safepoint "ShenandoahInitUpdateRefs", Time since last: 81419730 ns, Reaching safepoint: 145778 ns, At safepoint: 88314 ns, Total: 234092 ns
[2020-10-31T11:14:40.974+0000][info][gc,start     ] GC(21) Concurrent update references
[2020-10-31T11:14:40.974+0000][info][gc,task      ] GC(21) Using 1 of 1 workers for concurrent reference update
[2020-10-31T11:14:41.098+0000][info][gc           ] GC(21) Concurrent update references 3404M->3436M(4096M) 124.008ms
[2020-10-31T11:14:41.098+0000][info][gc,start     ] GC(21) Pause Final Update Refs
[2020-10-31T11:14:41.098+0000][info][gc,task      ] GC(21) Using 1 of 1 workers for final reference update
[2020-10-31T11:14:41.098+0000][info][gc           ] GC(21) Pause Final Update Refs 0.192ms
[2020-10-31T11:14:41.098+0000][info][safepoint    ] Safepoint "ShenandoahFinalUpdateRefs", Time since last: 124090621 ns, Reaching safepoint: 137975 ns, At safepoint: 212404 ns, Total: 350379 ns
[2020-10-31T11:14:41.098+0000][info][gc,start     ] GC(21) Concurrent cleanup
[2020-10-31T11:14:41.098+0000][info][gc           ] GC(21) Concurrent cleanup 3436M->152M(4096M) 0.301ms
[2020-10-31T11:14:41.098+0000][info][gc,ergo      ] Free: 3738M (1869 regions), Max regular: 2048K, Max humongous: 3104768K, External frag: 19%, Internal frag: 0%
[2020-10-31T11:14:41.098+0000][info][gc,ergo      ] Evacuation Reserve: 206M (103 regions), Max regular: 2048K
[2020-10-31T11:14:41.098+0000][info][gc,ergo      ] Pacer for Idle. Initial: 81M, Alloc Tax Rate: 1.0x
[2020-10-31T11:14:42.098+0000][info][safepoint    ] Safepoint "Cleanup", Time since last: 1000080401 ns, Reaching safepoint: 134021 ns, At safepoint: 5231 ns, Total: 139252 ns
[2020-10-31T11:14:43.714+0000][info][safepoint    ] Safepoint "Cleanup", Time since last: 1615849579 ns, Reaching safepoint: 133611 ns, At safepoint: 5858 ns, Total: 139469 ns
[2020-10-31T11:14:44.715+0000][info][safepoint    ] Safepoint "Cleanup", Time since last: 1000109257 ns, Reaching safepoint: 138297 ns, At safepoint: 5302 ns, Total: 143599 ns
[2020-10-31T11:14:45.715+0000][info][safepoint    ] Safepoint "Cleanup", Time since last: 1000111771 ns, Reaching safepoint: 132473 ns, At safepoint: 5729 ns, Total: 138202 ns
[2020-10-31T11:14:46.715+0000][info][safepoint    ] Safepoint "Cleanup", Time since last: 1000112159 ns, Reaching safepoint: 58266 ns, At safepoint: 5263 ns, Total: 63529 ns
[2020-10-31T11:14:47.715+0000][info][safepoint    ] Safepoint "Cleanup", Time since last: 1000108722 ns, Reaching safepoint: 136751 ns, At safepoint: 3274 ns, Total: 140025 ns
[2020-10-31T11:14:48.715+0000][info][safepoint    ] Safepoint "Cleanup", Time since last: 1000113905 ns, Reaching safepoint: 133596 ns, At safepoint: 5134 ns, Total: 138730 ns
[2020-10-31T11:14:49.716+0000][info][safepoint    ] Safepoint "Cleanup", Time since last: 1000110623 ns, Reaching safepoint: 135486 ns, At safepoint: 5754 ns, Total: 141240 ns
[2020-10-31T11:14:50.716+0000][info][safepoint    ] Safepoint "Cleanup", Time since last: 1000111726 ns, Reaching safepoint: 58791 ns, At safepoint: 5514 ns, Total: 64305 ns
[2020-10-31T11:14:51.246+0000][info][gc           ] Trigger: Average GC time (656.54 ms) is above the time for allocation rate (324.86 MB/s) to deplete free headroom (213M)
[2020-10-31T11:14:51.246+0000][info][gc,ergo      ] Free headroom: 418M (free) - 204M (spike) - 0M (penalties) = 213M
[2020-10-31T11:14:51.246+0000][info][gc,ergo      ] Free: 418M (209 regions), Max regular: 2048K, Max humongous: 425984K, External frag: 1%, Internal frag: 0%
[2020-10-31T11:14:51.246+0000][info][gc,ergo      ] Evacuation Reserve: 206M (103 regions), Max regular: 2048K
[2020-10-31T11:14:51.246+0000][info][gc,start     ] GC(22) Concurrent reset
[2020-10-31T11:14:51.246+0000][info][gc,task      ] GC(22) Using 1 of 1 workers for concurrent reset
[2020-10-31T11:14:51.255+0000][info][gc           ] GC(22) Concurrent reset 3472M->3472M(4096M) 8.557ms
[2020-10-31T11:14:51.255+0000][info][gc,start     ] GC(22) Pause Init Mark
[2020-10-31T11:14:51.255+0000][info][gc,task      ] GC(22) Using 1 of 1 workers for init marking
[2020-10-31T11:14:51.255+0000][info][gc,ergo      ] GC(22) Pacer for Mark. Expected Live: 116M, Free: 418M, Non-Taxable: 41M, Alloc Tax Rate: 1.0x
[2020-10-31T11:14:51.255+0000][info][gc           ] GC(22) Pause Init Mark 0.479ms
[2020-10-31T11:14:51.255+0000][info][safepoint    ] Safepoint "ShenandoahInitMark", Time since last: 538731660 ns, Reaching safepoint: 137439 ns, At safepoint: 498553 ns, Total: 635992 ns
[2020-10-31T11:14:51.255+0000][info][gc,start     ] GC(22) Concurrent marking
[2020-10-31T11:14:51.255+0000][info][gc,task      ] GC(22) Using 1 of 1 workers for concurrent marking
[2020-10-31T11:14:51.489+0000][info][gc           ] GC(22) Concurrent marking 3472M->3532M(4096M) 233.760ms
[2020-10-31T11:14:51.489+0000][info][gc,start     ] GC(22) Pause Final Mark
[2020-10-31T11:14:51.489+0000][info][gc,task      ] GC(22) Using 1 of 1 workers for final marking
[2020-10-31T11:14:51.490+0000][info][gc,ergo      ] GC(22) Adaptive CSet Selection. Target Free: 409M, Actual Free: 564M, Max CSet: 170M, Min Garbage: 0M
[2020-10-31T11:14:51.490+0000][info][gc,ergo      ] GC(22) Collectable Garbage: 3376M (99% of total), 45M CSet, 1711 CSet regions
[2020-10-31T11:14:51.490+0000][info][gc,ergo      ] GC(22) Immediate Garbage: 0M (0% of total), 0 regions
[2020-10-31T11:14:51.491+0000][info][gc,ergo      ] GC(22) Pacer for Evacuation. Used CSet: 3422M, Free: 358M, Non-Taxable: 35M, Alloc Tax Rate: 23.4x
[2020-10-31T11:14:51.491+0000][info][gc           ] GC(22) Pause Final Mark 1.419ms
[2020-10-31T11:14:51.491+0000][info][safepoint    ] Safepoint "ShenandoahFinalMarkStartEvac", Time since last: 233840939 ns, Reaching safepoint: 140068 ns, At safepoint: 1441940 ns, Total: 1582008 ns
[2020-10-31T11:14:51.491+0000][info][gc,start     ] GC(22) Concurrent cleanup
[2020-10-31T11:14:51.491+0000][info][gc           ] GC(22) Concurrent cleanup 3534M->3536M(4096M) 0.171ms
[2020-10-31T11:14:51.491+0000][info][gc,ergo      ] GC(22) Free: 354M (177 regions), Max regular: 2048K, Max humongous: 360448K, External frag: 1%, Internal frag: 0%
[2020-10-31T11:14:51.491+0000][info][gc,ergo      ] GC(22) Evacuation Reserve: 205M (103 regions), Max regular: 2048K
[2020-10-31T11:14:51.491+0000][info][gc,start     ] GC(22) Concurrent evacuation
[2020-10-31T11:14:51.491+0000][info][gc,task      ] GC(22) Using 1 of 1 workers for concurrent evacuation
[2020-10-31T11:14:51.576+0000][info][gc           ] GC(22) Concurrent evacuation 3536M->3602M(4096M) 85.253ms
[2020-10-31T11:14:51.576+0000][info][gc,start     ] GC(22) Pause Init Update Refs
[2020-10-31T11:14:51.576+0000][info][gc,ergo      ] GC(22) Pacer for Update Refs. Used: 3602M, Free: 334M, Non-Taxable: 33M, Alloc Tax Rate: 13.2x
[2020-10-31T11:14:51.576+0000][info][gc           ] GC(22) Pause Init Update Refs 0.056ms
[2020-10-31T11:14:51.576+0000][info][safepoint    ] Safepoint "ShenandoahInitUpdateRefs", Time since last: 85547959 ns, Reaching safepoint: 138924 ns, At safepoint: 74934 ns, Total: 213858 ns
[2020-10-31T11:14:51.576+0000][info][gc,start     ] GC(22) Concurrent update references
[2020-10-31T11:14:51.576+0000][info][gc,task      ] GC(22) Using 1 of 1 workers for concurrent reference update
[2020-10-31T11:14:51.745+0000][info][gc           ] GC(22) Concurrent update references 3604M->3648M(4096M) 168.172ms
[2020-10-31T11:14:51.745+0000][info][gc,start     ] GC(22) Pause Final Update Refs
[2020-10-31T11:14:51.745+0000][info][gc,task      ] GC(22) Using 1 of 1 workers for final reference update
[2020-10-31T11:14:51.745+0000][info][gc           ] GC(22) Pause Final Update Refs 0.183ms
[2020-10-31T11:14:51.745+0000][info][safepoint    ] Safepoint "ShenandoahFinalUpdateRefs", Time since last: 168254807 ns, Reaching safepoint: 137367 ns, At safepoint: 204223 ns, Total: 341590 ns
[2020-10-31T11:14:51.745+0000][info][gc,start     ] GC(22) Concurrent cleanup
[2020-10-31T11:14:51.745+0000][info][gc           ] GC(22) Concurrent cleanup 3648M->226M(4096M) 0.322ms
[2020-10-31T11:14:51.745+0000][info][gc,ergo      ] Free: 3664M (1832 regions), Max regular: 2048K, Max humongous: 3504128K, External frag: 7%, Internal frag: 0%
[2020-10-31T11:14:51.745+0000][info][gc,ergo      ] Evacuation Reserve: 206M (103 regions), Max regular: 2048K
[2020-10-31T11:14:51.745+0000][info][gc,ergo      ] Pacer for Idle. Initial: 81M, Alloc Tax Rate: 1.0x
[2020-10-31T11:14:52.745+0000][info][safepoint    ] Safepoint "Cleanup", Time since last: 1000080763 ns, Reaching safepoint: 56335 ns, At safepoint: 6125 ns, Total: 62460 ns
[2020-10-31T11:14:53.745+0000][info][safepoint    ] Safepoint "Cleanup", Time since last: 1000108163 ns, Reaching safepoint: 129971 ns, At safepoint: 3088 ns, Total: 133059 ns
[2020-10-31T11:14:54.746+0000][info][safepoint    ] Safepoint "Cleanup", Time since last: 1000104992 ns, Reaching safepoint: 140426 ns, At safepoint: 5542 ns, Total: 145968 ns
[2020-10-31T11:14:55.746+0000][info][safepoint    ] Safepoint "Cleanup", Time since last: 1000115078 ns, Reaching safepoint: 57870 ns, At safepoint: 5518 ns, Total: 63388 ns
[2020-10-31T11:14:56.746+0000][info][safepoint    ] Safepoint "Cleanup", Time since last: 1000107476 ns, Reaching safepoint: 132752 ns, At safepoint: 5644 ns, Total: 138396 ns
[2020-10-31T11:14:57.746+0000][info][safepoint    ] Safepoint "Cleanup", Time since last: 1000105974 ns, Reaching safepoint: 75762 ns, At safepoint: 4987 ns, Total: 80749 ns
[2020-10-31T11:14:58.746+0000][info][safepoint    ] Safepoint "Cleanup", Time since last: 1000109964 ns, Reaching safepoint: 72720 ns, At safepoint: 5768 ns, Total: 78488 ns
[2020-10-31T11:14:59.747+0000][info][safepoint    ] Safepoint "Cleanup", Time since last: 1000086922 ns, Reaching safepoint: 132957 ns, At safepoint: 7719 ns, Total: 140676 ns
[2020-10-31T11:15:00.747+0000][info][safepoint    ] Safepoint "Cleanup", Time since last: 1000109845 ns, Reaching safepoint: 140769 ns, At safepoint: 7038 ns, Total: 147807 ns
[2020-10-31T11:15:01.658+0000][info][gc           ] Trigger: Average GC time (653.84 ms) is above the time for allocation rate (324.42 MB/s) to deplete free headroom (211M)
[2020-10-31T11:15:01.659+0000][info][gc,ergo      ] Free headroom: 416M (free) - 204M (spike) - 0M (penalties) = 211M
[2020-10-31T11:15:01.659+0000][info][gc,ergo      ] Free: 416M (208 regions), Max regular: 2048K, Max humongous: 245760K, External frag: 43%, Internal frag: 0%
[2020-10-31T11:15:01.659+0000][info][gc,ergo      ] Evacuation Reserve: 206M (103 regions), Max regular: 2048K
[2020-10-31T11:15:01.659+0000][info][gc,start     ] GC(23) Concurrent reset
[2020-10-31T11:15:01.659+0000][info][gc,task      ] GC(23) Using 1 of 1 workers for concurrent reset
[2020-10-31T11:15:01.668+0000][info][gc           ] GC(23) Concurrent reset 3474M->3474M(4096M) 9.015ms
[2020-10-31T11:15:01.668+0000][info][gc,start     ] GC(23) Pause Init Mark
[2020-10-31T11:15:01.668+0000][info][gc,task      ] GC(23) Using 1 of 1 workers for init marking
[2020-10-31T11:15:01.668+0000][info][gc,ergo      ] GC(23) Pacer for Mark. Expected Live: 116M, Free: 416M, Non-Taxable: 41M, Alloc Tax Rate: 1.0x
[2020-10-31T11:15:01.668+0000][info][gc           ] GC(23) Pause Init Mark 0.472ms
[2020-10-31T11:15:01.668+0000][info][safepoint    ] Safepoint "ShenandoahInitMark", Time since last: 920697331 ns, Reaching safepoint: 138675 ns, At safepoint: 493312 ns, Total: 631987 ns
[2020-10-31T11:15:01.668+0000][info][gc,start     ] GC(23) Concurrent marking
[2020-10-31T11:15:01.668+0000][info][gc,task      ] GC(23) Using 1 of 1 workers for concurrent marking
[2020-10-31T11:15:01.954+0000][info][gc           ] GC(23) Concurrent marking 3476M->3548M(4096M) 285.443ms
[2020-10-31T11:15:01.954+0000][info][gc,start     ] GC(23) Pause Final Mark
[2020-10-31T11:15:01.954+0000][info][gc,task      ] GC(23) Using 1 of 1 workers for final marking
[2020-10-31T11:15:01.954+0000][info][gc,ergo      ] GC(23) Adaptive CSet Selection. Target Free: 409M, Actual Free: 548M, Max CSet: 170M, Min Garbage: 0M
[2020-10-31T11:15:01.955+0000][info][gc,ergo      ] GC(23) Collectable Garbage: 3333M (99% of total), 44M CSet, 1689 CSet regions
[2020-10-31T11:15:01.955+0000][info][gc,ergo      ] GC(23) Immediate Garbage: 0M (0% of total), 0 regions
[2020-10-31T11:15:01.955+0000][info][gc,ergo      ] GC(23) Pacer for Evacuation. Used CSet: 3378M, Free: 342M, Non-Taxable: 34M, Alloc Tax Rate: 24.1x
[2020-10-31T11:15:01.955+0000][info][gc           ] GC(23) Pause Final Mark 1.402ms
[2020-10-31T11:15:01.955+0000][info][safepoint    ] Safepoint "ShenandoahFinalMarkStartEvac", Time since last: 285525431 ns, Reaching safepoint: 139185 ns, At safepoint: 1424087 ns, Total: 1563272 ns
[2020-10-31T11:15:01.955+0000][info][gc,start     ] GC(23) Concurrent cleanup
[2020-10-31T11:15:01.956+0000][info][gc           ] GC(23) Concurrent cleanup 3550M->3552M(4096M) 0.167ms
[2020-10-31T11:15:01.956+0000][info][gc,ergo      ] GC(23) Free: 338M (169 regions), Max regular: 2048K, Max humongous: 245760K, External frag: 29%, Internal frag: 0%
[2020-10-31T11:15:01.956+0000][info][gc,ergo      ] GC(23) Evacuation Reserve: 206M (103 regions), Max regular: 2048K
[2020-10-31T11:15:01.956+0000][info][gc,start     ] GC(23) Concurrent evacuation
[2020-10-31T11:15:01.956+0000][info][gc,task      ] GC(23) Using 1 of 1 workers for concurrent evacuation
[2020-10-31T11:15:02.039+0000][info][gc           ] GC(23) Concurrent evacuation 3552M->3618M(4096M) 83.406ms
[2020-10-31T11:15:02.039+0000][info][gc,start     ] GC(23) Pause Init Update Refs
[2020-10-31T11:15:02.039+0000][info][gc,ergo      ] GC(23) Pacer for Update Refs. Used: 3618M, Free: 318M, Non-Taxable: 31M, Alloc Tax Rate: 13.9x
[2020-10-31T11:15:02.039+0000][info][gc           ] GC(23) Pause Init Update Refs 0.052ms
[2020-10-31T11:15:02.039+0000][info][safepoint    ] Safepoint "ShenandoahInitUpdateRefs", Time since last: 83695037 ns, Reaching safepoint: 62773 ns, At safepoint: 74185 ns, Total: 136958 ns
[2020-10-31T11:15:02.039+0000][info][gc,start     ] GC(23) Concurrent update references
[2020-10-31T11:15:02.039+0000][info][gc,task      ] GC(23) Using 1 of 1 workers for concurrent reference update
[2020-10-31T11:15:02.243+0000][info][gc           ] GC(23) Concurrent update references 3620M->3672M(4096M) 203.631ms
[2020-10-31T11:15:02.243+0000][info][gc,start     ] GC(23) Pause Final Update Refs
[2020-10-31T11:15:02.243+0000][info][gc,task      ] GC(23) Using 1 of 1 workers for final reference update
[2020-10-31T11:15:02.243+0000][info][gc           ] GC(23) Pause Final Update Refs 0.187ms
[2020-10-31T11:15:02.243+0000][info][safepoint    ] Safepoint "ShenandoahFinalUpdateRefs", Time since last: 203786839 ns, Reaching safepoint: 139335 ns, At safepoint: 206926 ns, Total: 346261 ns
[2020-10-31T11:15:02.243+0000][info][gc,start     ] GC(23) Concurrent cleanup
[2020-10-31T11:15:02.244+0000][info][gc           ] GC(23) Concurrent cleanup 3672M->294M(4096M) 0.304ms
[2020-10-31T11:15:02.244+0000][info][gc,ergo      ] Free: 3596M (1798 regions), Max regular: 2048K, Max humongous: 3325952K, External frag: 10%, Internal frag: 0%
[2020-10-31T11:15:02.244+0000][info][gc,ergo      ] Evacuation Reserve: 206M (103 regions), Max regular: 2048K
[2020-10-31T11:15:02.244+0000][info][gc,ergo      ] Pacer for Idle. Initial: 81M, Alloc Tax Rate: 1.0x
[2020-10-31T11:15:03.243+0000][info][safepoint    ] Safepoint "Cleanup", Time since last: 1000079939 ns, Reaching safepoint: 53578 ns, At safepoint: 5582 ns, Total: 59160 ns
[2020-10-31T11:15:04.244+0000][info][safepoint    ] Safepoint "Cleanup", Time since last: 1000105322 ns, Reaching safepoint: 133088 ns, At safepoint: 3296 ns, Total: 136384 ns
[2020-10-31T11:15:05.244+0000][info][safepoint    ] Safepoint "Cleanup", Time since last: 1000110027 ns, Reaching safepoint: 133767 ns, At safepoint: 3113 ns, Total: 136880 ns
[2020-10-31T11:15:06.244+0000][info][safepoint    ] Safepoint "Cleanup", Time since last: 1000106909 ns, Reaching safepoint: 140110 ns, At safepoint: 5612 ns, Total: 145722 ns
[2020-10-31T11:15:07.244+0000][info][safepoint    ] Safepoint "Cleanup", Time since last: 1000109793 ns, Reaching safepoint: 135563 ns, At safepoint: 5268 ns, Total: 140831 ns
[2020-10-31T11:15:08.245+0000][info][safepoint    ] Safepoint "Cleanup", Time since last: 1000136391 ns, Reaching safepoint: 65837 ns, At safepoint: 5177 ns, Total: 71014 ns
[2020-10-31T11:15:09.245+0000][info][safepoint    ] Safepoint "Cleanup", Time since last: 1000113003 ns, Reaching safepoint: 57073 ns, At safepoint: 5462 ns, Total: 62535 ns
[2020-10-31T11:15:10.245+0000][info][safepoint    ] Safepoint "Cleanup", Time since last: 1000107663 ns, Reaching safepoint: 131551 ns, At safepoint: 2965 ns, Total: 134516 ns
[2020-10-31T11:15:11.245+0000][info][safepoint    ] Safepoint "Cleanup", Time since last: 1000109254 ns, Reaching safepoint: 133717 ns, At safepoint: 5064 ns, Total: 138781 ns
[2020-10-31T11:15:11.953+0000][info][gc           ] Trigger: Average GC time (652.86 ms) is above the time for allocation rate (323.68 MB/s) to deplete free headroom (211M)
[2020-10-31T11:15:11.953+0000][info][gc,ergo      ] Free headroom: 416M (free) - 204M (spike) - 0M (penalties) = 211M
[2020-10-31T11:15:11.953+0000][info][gc,ergo      ] Free: 416M (208 regions), Max regular: 2048K, Max humongous: 354304K, External frag: 17%, Internal frag: 0%
[2020-10-31T11:15:11.953+0000][info][gc,ergo      ] Evacuation Reserve: 206M (103 regions), Max regular: 2048K
[2020-10-31T11:15:11.953+0000][info][gc,start     ] GC(24) Concurrent reset
[2020-10-31T11:15:11.953+0000][info][gc,task      ] GC(24) Using 1 of 1 workers for concurrent reset
[2020-10-31T11:15:11.962+0000][info][gc           ] GC(24) Concurrent reset 3474M->3474M(4096M) 8.899ms
[2020-10-31T11:15:11.962+0000][info][gc,start     ] GC(24) Pause Init Mark
[2020-10-31T11:15:11.962+0000][info][gc,task      ] GC(24) Using 1 of 1 workers for init marking
[2020-10-31T11:15:11.962+0000][info][gc,ergo      ] GC(24) Pacer for Mark. Expected Live: 116M, Free: 416M, Non-Taxable: 41M, Alloc Tax Rate: 1.0x
[2020-10-31T11:15:11.962+0000][info][gc           ] GC(24) Pause Init Mark 0.494ms
[2020-10-31T11:15:11.962+0000][info][safepoint    ] Safepoint "ShenandoahInitMark", Time since last: 716445127 ns, Reaching safepoint: 140139 ns, At safepoint: 514464 ns, Total: 654603 ns
[2020-10-31T11:15:11.962+0000][info][gc,start     ] GC(24) Concurrent marking
[2020-10-31T11:15:11.962+0000][info][gc,task      ] GC(24) Using 1 of 1 workers for concurrent marking
[2020-10-31T11:15:12.300+0000][info][gc           ] GC(24) Concurrent marking 3476M->3562M(4096M) 337.391ms
[2020-10-31T11:15:12.300+0000][info][gc,start     ] GC(24) Pause Final Mark
[2020-10-31T11:15:12.300+0000][info][gc,task      ] GC(24) Using 1 of 1 workers for final marking
[2020-10-31T11:15:12.301+0000][info][gc,ergo      ] GC(24) Adaptive CSet Selection. Target Free: 409M, Actual Free: 534M, Max CSet: 170M, Min Garbage: 0M
[2020-10-31T11:15:12.301+0000][info][gc,ergo      ] GC(24) Collectable Garbage: 3289M (99% of total), 44M CSet, 1667 CSet regions
[2020-10-31T11:15:12.301+0000][info][gc,ergo      ] GC(24) Immediate Garbage: 0M (0% of total), 0 regions
[2020-10-31T11:15:12.301+0000][info][gc,ergo      ] GC(24) Pacer for Evacuation. Used CSet: 3334M, Free: 328M, Non-Taxable: 32M, Alloc Tax Rate: 24.8x
[2020-10-31T11:15:12.301+0000][info][gc           ] GC(24) Pause Final Mark 1.394ms
[2020-10-31T11:15:12.301+0000][info][safepoint    ] Safepoint "ShenandoahFinalMarkStartEvac", Time since last: 337473011 ns, Reaching safepoint: 137721 ns, At safepoint: 1416360 ns, Total: 1554081 ns
[2020-10-31T11:15:12.301+0000][info][gc,start     ] GC(24) Concurrent cleanup
[2020-10-31T11:15:12.302+0000][info][gc           ] GC(24) Concurrent cleanup 3564M->3566M(4096M) 0.165ms
[2020-10-31T11:15:12.302+0000][info][gc,ergo      ] GC(24) Free: 324M (162 regions), Max regular: 2048K, Max humongous: 329728K, External frag: 1%, Internal frag: 0%
[2020-10-31T11:15:12.302+0000][info][gc,ergo      ] GC(24) Evacuation Reserve: 205M (103 regions), Max regular: 2048K
[2020-10-31T11:15:12.302+0000][info][gc,start     ] GC(24) Concurrent evacuation
[2020-10-31T11:15:12.302+0000][info][gc,task      ] GC(24) Using 1 of 1 workers for concurrent evacuation
[2020-10-31T11:15:12.384+0000][info][gc           ] GC(24) Concurrent evacuation 3566M->3632M(4096M) 82.035ms
[2020-10-31T11:15:12.384+0000][info][gc,start     ] GC(24) Pause Init Update Refs
[2020-10-31T11:15:12.384+0000][info][gc,ergo      ] GC(24) Pacer for Update Refs. Used: 3632M, Free: 304M, Non-Taxable: 30M, Alloc Tax Rate: 14.6x
[2020-10-31T11:15:12.384+0000][info][gc           ] GC(24) Pause Init Update Refs 0.052ms
[2020-10-31T11:15:12.384+0000][info][safepoint    ] Safepoint "ShenandoahInitUpdateRefs", Time since last: 82321575 ns, Reaching safepoint: 137937 ns, At safepoint: 70019 ns, Total: 207956 ns
[2020-10-31T11:15:12.384+0000][info][gc,start     ] GC(24) Concurrent update references
[2020-10-31T11:15:12.384+0000][info][gc,task      ] GC(24) Using 1 of 1 workers for concurrent reference update
[2020-10-31T11:15:12.624+0000][info][gc           ] GC(24) Concurrent update references 3634M->3696M(4096M) 240.429ms
[2020-10-31T11:15:12.625+0000][info][gc,start     ] GC(24) Pause Final Update Refs
[2020-10-31T11:15:12.625+0000][info][gc,task      ] GC(24) Using 1 of 1 workers for final reference update
[2020-10-31T11:15:12.625+0000][info][gc           ] GC(24) Pause Final Update Refs 0.187ms
[2020-10-31T11:15:12.625+0000][info][safepoint    ] Safepoint "ShenandoahFinalUpdateRefs", Time since last: 240512135 ns, Reaching safepoint: 148444 ns, At safepoint: 208807 ns, Total: 357251 ns
[2020-10-31T11:15:12.625+0000][info][gc,start     ] GC(24) Concurrent cleanup
[2020-10-31T11:15:12.625+0000][info][gc           ] GC(24) Concurrent cleanup 3696M->362M(4096M) 0.304ms
[2020-10-31T11:15:12.625+0000][info][gc,ergo      ] Free: 3528M (1764 regions), Max regular: 2048K, Max humongous: 3256320K, External frag: 10%, Internal frag: 0%
[2020-10-31T11:15:12.625+0000][info][gc,ergo      ] Evacuation Reserve: 206M (103 regions), Max regular: 2048K
[2020-10-31T11:15:12.625+0000][info][gc,ergo      ] Pacer for Idle. Initial: 81M, Alloc Tax Rate: 1.0x
[2020-10-31T11:15:13.625+0000][info][safepoint    ] Safepoint "Cleanup", Time since last: 1000077937 ns, Reaching safepoint: 58315 ns, At safepoint: 6017 ns, Total: 64332 ns
[2020-10-31T11:15:14.625+0000][info][safepoint    ] Safepoint "Cleanup", Time since last: 1000110917 ns, Reaching safepoint: 137345 ns, At safepoint: 5198 ns, Total: 142543 ns
[2020-10-31T11:15:15.625+0000][info][safepoint    ] Safepoint "Cleanup", Time since last: 1000108424 ns, Reaching safepoint: 53772 ns, At safepoint: 5815 ns, Total: 59587 ns
[2020-10-31T11:15:16.626+0000][info][safepoint    ] Safepoint "Cleanup", Time since last: 1000107216 ns, Reaching safepoint: 55796 ns, At safepoint: 5651 ns, Total: 61447 ns
[2020-10-31T11:15:17.626+0000][info][safepoint    ] Safepoint "Cleanup", Time since last: 1000110084 ns, Reaching safepoint: 55762 ns, At safepoint: 5675 ns, Total: 61437 ns
[2020-10-31T11:15:18.626+0000][info][safepoint    ] Safepoint "Cleanup", Time since last: 1000108240 ns, Reaching safepoint: 128311 ns, At safepoint: 5682 ns, Total: 133993 ns
[2020-10-31T11:15:19.626+0000][info][safepoint    ] Safepoint "Cleanup", Time since last: 1000105470 ns, Reaching safepoint: 61919 ns, At safepoint: 7747 ns, Total: 69666 ns
[2020-10-31T11:15:20.626+0000][info][safepoint    ] Safepoint "Cleanup", Time since last: 1000114581 ns, Reaching safepoint: 56271 ns, At safepoint: 5432 ns, Total: 61703 ns
[2020-10-31T11:15:21.627+0000][info][safepoint    ] Safepoint "Cleanup", Time since last: 1000109530 ns, Reaching safepoint: 134975 ns, At safepoint: 5111 ns, Total: 140086 ns
[2020-10-31T11:15:22.221+0000][info][gc           ] Trigger: Average GC time (652.06 ms) is above the time for allocation rate (320.59 MB/s) to deplete free headroom (207M)
[2020-10-31T11:15:22.221+0000][info][gc,ergo      ] Free headroom: 412M (free) - 204M (spike) - 0M (penalties) = 207M
[2020-10-31T11:15:22.221+0000][info][gc,ergo      ] Free: 412M (206 regions), Max regular: 2048K, Max humongous: 198656K, External frag: 53%, Internal frag: 0%
[2020-10-31T11:15:22.221+0000][info][gc,ergo      ] Evacuation Reserve: 206M (103 regions), Max regular: 2048K
[2020-10-31T11:15:22.221+0000][info][gc,start     ] GC(25) Concurrent reset
[2020-10-31T11:15:22.221+0000][info][gc,task      ] GC(25) Using 1 of 1 workers for concurrent reset
[2020-10-31T11:15:22.230+0000][info][gc           ] GC(25) Concurrent reset 3478M->3478M(4096M) 8.937ms
[2020-10-31T11:15:22.230+0000][info][gc,start     ] GC(25) Pause Init Mark (process weakrefs)
[2020-10-31T11:15:22.230+0000][info][gc,task      ] GC(25) Using 1 of 1 workers for init marking
[2020-10-31T11:15:22.231+0000][info][gc,ergo      ] GC(25) Pacer for Mark. Expected Live: 116M, Free: 412M, Non-Taxable: 41M, Alloc Tax Rate: 1.0x
[2020-10-31T11:15:22.231+0000][info][gc           ] GC(25) Pause Init Mark (process weakrefs) 0.472ms
[2020-10-31T11:15:22.231+0000][info][safepoint    ] Safepoint "ShenandoahInitMark", Time since last: 603720609 ns, Reaching safepoint: 133867 ns, At safepoint: 491806 ns, Total: 625673 ns
[2020-10-31T11:15:22.231+0000][info][gc,start     ] GC(25) Concurrent marking (process weakrefs)
[2020-10-31T11:15:22.231+0000][info][gc,task      ] GC(25) Using 1 of 1 workers for concurrent marking
[2020-10-31T11:15:22.658+0000][info][gc           ] GC(25) Concurrent marking (process weakrefs) 3480M->3586M(4096M) 427.376ms
[2020-10-31T11:15:22.658+0000][info][gc,start     ] GC(25) Concurrent precleaning
[2020-10-31T11:15:22.658+0000][info][gc,task      ] GC(25) Using 1 of 1 workers for concurrent preclean
[2020-10-31T11:15:22.754+0000][info][gc           ] GC(25) Concurrent precleaning 3586M->3614M(4096M) 95.696ms
[2020-10-31T11:15:22.754+0000][info][gc,start     ] GC(25) Pause Final Mark (process weakrefs)
[2020-10-31T11:15:22.754+0000][info][gc,task      ] GC(25) Using 1 of 1 workers for final marking
[2020-10-31T11:15:22.836+0000][info][gc,ergo      ] GC(25) Adaptive CSet Selection. Target Free: 409M, Actual Free: 482M, Max CSet: 170M, Min Garbage: 0M
[2020-10-31T11:15:22.837+0000][info][gc,ergo      ] GC(25) Collectable Garbage: 3272M (97% of total), 23M CSet, 1648 CSet regions
[2020-10-31T11:15:22.837+0000][info][gc,ergo      ] GC(25) Immediate Garbage: 0M (0% of total), 0 regions
[2020-10-31T11:15:22.837+0000][info][gc,ergo      ] GC(25) Pacer for Evacuation. Used CSet: 3296M, Free: 276M, Non-Taxable: 27M, Alloc Tax Rate: 29.2x
[2020-10-31T11:15:22.837+0000][info][gc           ] GC(25) Pause Final Mark (process weakrefs) 82.997ms
[2020-10-31T11:15:22.837+0000][info][safepoint    ] Safepoint "ShenandoahFinalMarkStartEvac", Time since last: 523189252 ns, Reaching safepoint: 138885 ns, At safepoint: 83025120 ns, Total: 83164005 ns
[2020-10-31T11:15:22.837+0000][info][gc,start     ] GC(25) Concurrent cleanup
[2020-10-31T11:15:22.838+0000][info][gc           ] GC(25) Concurrent cleanup 3616M->3616M(4096M) 0.181ms
[2020-10-31T11:15:22.838+0000][info][gc,ergo      ] GC(25) Free: 274M (137 regions), Max regular: 2048K, Max humongous: 198656K, External frag: 30%, Internal frag: 0%
[2020-10-31T11:15:22.838+0000][info][gc,ergo      ] GC(25) Evacuation Reserve: 206M (103 regions), Max regular: 2048K
[2020-10-31T11:15:22.838+0000][info][gc,start     ] GC(25) Concurrent evacuation
[2020-10-31T11:15:22.838+0000][info][gc,task      ] GC(25) Using 1 of 1 workers for concurrent evacuation
[2020-10-31T11:15:22.903+0000][info][gc           ] GC(25) Concurrent evacuation 3616M->3648M(4096M) 65.111ms
[2020-10-31T11:15:22.903+0000][info][gc,start     ] GC(25) Pause Init Update Refs
[2020-10-31T11:15:22.903+0000][info][gc,ergo      ] GC(25) Pacer for Update Refs. Used: 3648M, Free: 266M, Non-Taxable: 26M, Alloc Tax Rate: 16.8x
[2020-10-31T11:15:22.903+0000][info][gc           ] GC(25) Pause Init Update Refs 0.056ms
[2020-10-31T11:15:22.903+0000][info][safepoint    ] Safepoint "ShenandoahInitUpdateRefs", Time since last: 65615049 ns, Reaching safepoint: 135844 ns, At safepoint: 76649 ns, Total: 212493 ns
[2020-10-31T11:15:22.903+0000][info][gc,start     ] GC(25) Concurrent update references
[2020-10-31T11:15:22.903+0000][info][gc,task      ] GC(25) Using 1 of 1 workers for concurrent reference update
[2020-10-31T11:15:23.268+0000][info][gc           ] GC(25) Concurrent update references 3650M->3726M(4096M) 364.485ms
[2020-10-31T11:15:23.268+0000][info][gc,start     ] GC(25) Pause Final Update Refs
[2020-10-31T11:15:23.268+0000][info][gc,task      ] GC(25) Using 1 of 1 workers for final reference update
[2020-10-31T11:15:23.268+0000][info][gc           ] GC(25) Pause Final Update Refs 0.181ms
[2020-10-31T11:15:23.268+0000][info][safepoint    ] Safepoint "ShenandoahFinalUpdateRefs", Time since last: 364644581 ns, Reaching safepoint: 70402 ns, At safepoint: 205707 ns, Total: 276109 ns
[2020-10-31T11:15:23.268+0000][info][gc,start     ] GC(25) Concurrent cleanup
[2020-10-31T11:15:23.268+0000][info][gc           ] GC(25) Concurrent cleanup 3726M->430M(4096M) 0.288ms
[2020-10-31T11:15:23.268+0000][info][gc,ergo      ] Free: 3460M (1730 regions), Max regular: 2048K, Max humongous: 3190784K, External frag: 10%, Internal frag: 0%
[2020-10-31T11:15:23.268+0000][info][gc,ergo      ] Evacuation Reserve: 206M (103 regions), Max regular: 2048K
[2020-10-31T11:15:23.268+0000][info][gc,ergo      ] Pacer for Idle. Initial: 81M, Alloc Tax Rate: 1.0x
[2020-10-31T11:15:24.268+0000][info][safepoint    ] Safepoint "Cleanup", Time since last: 1000083764 ns, Reaching safepoint: 135805 ns, At safepoint: 5516 ns, Total: 141321 ns
[2020-10-31T11:15:25.268+0000][info][safepoint    ] Safepoint "Cleanup", Time since last: 1000109901 ns, Reaching safepoint: 57544 ns, At safepoint: 5566 ns, Total: 63110 ns
[2020-10-31T11:15:26.269+0000][info][safepoint    ] Safepoint "Cleanup", Time since last: 1000108093 ns, Reaching safepoint: 140057 ns, At safepoint: 5353 ns, Total: 145410 ns
[2020-10-31T11:15:27.269+0000][info][safepoint    ] Safepoint "Cleanup", Time since last: 1000083934 ns, Reaching safepoint: 122799 ns, At safepoint: 5485 ns, Total: 128284 ns
[2020-10-31T11:15:28.269+0000][info][safepoint    ] Safepoint "Cleanup", Time since last: 1000106859 ns, Reaching safepoint: 131144 ns, At safepoint: 5292 ns, Total: 136436 ns
[2020-10-31T11:15:29.269+0000][info][safepoint    ] Safepoint "Cleanup", Time since last: 1000107018 ns, Reaching safepoint: 77637 ns, At safepoint: 6241 ns, Total: 83878 ns
[2020-10-31T11:15:30.270+0000][info][safepoint    ] Safepoint "Cleanup", Time since last: 1000097682 ns, Reaching safepoint: 130694 ns, At safepoint: 5680 ns, Total: 136374 ns
[2020-10-31T11:15:31.270+0000][info][safepoint    ] Safepoint "Cleanup", Time since last: 1000107369 ns, Reaching safepoint: 130685 ns, At safepoint: 4896 ns, Total: 135581 ns
[2020-10-31T11:15:32.270+0000][info][safepoint    ] Safepoint "Cleanup", Time since last: 1000103321 ns, Reaching safepoint: 133907 ns, At safepoint: 3156 ns, Total: 137063 ns
[2020-10-31T11:15:32.631+0000][info][gc           ] Trigger: Free (408M) is below minimum threshold (409M)
[2020-10-31T11:15:32.631+0000][info][gc,ergo      ] Free: 408M (204 regions), Max regular: 2048K, Max humongous: 169984K, External frag: 60%, Internal frag: 0%
[2020-10-31T11:15:32.631+0000][info][gc,ergo      ] Evacuation Reserve: 206M (103 regions), Max regular: 2048K
[2020-10-31T11:15:32.631+0000][info][gc,start     ] GC(26) Concurrent reset
[2020-10-31T11:15:32.631+0000][info][gc,task      ] GC(26) Using 1 of 1 workers for concurrent reset
[2020-10-31T11:15:32.640+0000][info][gc           ] GC(26) Concurrent reset 3482M->3484M(4096M) 9.118ms
[2020-10-31T11:15:32.640+0000][info][gc,start     ] GC(26) Pause Init Mark
[2020-10-31T11:15:32.640+0000][info][gc,task      ] GC(26) Using 1 of 1 workers for init marking
[2020-10-31T11:15:32.641+0000][info][gc,ergo      ] GC(26) Pacer for Mark. Expected Live: 116M, Free: 406M, Non-Taxable: 40M, Alloc Tax Rate: 1.0x
[2020-10-31T11:15:32.641+0000][info][gc           ] GC(26) Pause Init Mark 0.500ms
[2020-10-31T11:15:32.641+0000][info][safepoint    ] Safepoint "ShenandoahInitMark", Time since last: 370193944 ns, Reaching safepoint: 152751 ns, At safepoint: 521959 ns, Total: 674710 ns
[2020-10-31T11:15:32.641+0000][info][gc,start     ] GC(26) Concurrent marking
[2020-10-31T11:15:32.641+0000][info][gc,task      ] GC(26) Using 1 of 1 workers for concurrent marking
[2020-10-31T11:15:32.812+0000][info][gc           ] GC(26) Concurrent marking 3484M->3528M(4096M) 171.407ms
[2020-10-31T11:15:32.812+0000][info][gc,start     ] GC(26) Pause Final Mark
[2020-10-31T11:15:32.812+0000][info][gc,task      ] GC(26) Using 1 of 1 workers for final marking
[2020-10-31T11:15:32.813+0000][info][gc,ergo      ] GC(26) Adaptive CSet Selection. Target Free: 409M, Actual Free: 758M, Max CSet: 170M, Min Garbage: 0M
[2020-10-31T11:15:32.813+0000][info][gc,ergo      ] GC(26) Collectable Garbage: 3244M (94% of total), 43M CSet, 1644 CSet regions
[2020-10-31T11:15:32.813+0000][info][gc,ergo      ] GC(26) Immediate Garbage: 190M (5% of total), 95 regions
[2020-10-31T11:15:32.814+0000][info][gc,ergo      ] GC(26) Pacer for Evacuation. Used CSet: 3288M, Free: 552M, Non-Taxable: 55M, Alloc Tax Rate: 14.6x
[2020-10-31T11:15:32.814+0000][info][gc           ] GC(26) Pause Final Mark 1.396ms
[2020-10-31T11:15:32.814+0000][info][safepoint    ] Safepoint "ShenandoahFinalMarkStartEvac", Time since last: 171480725 ns, Reaching safepoint: 61543 ns, At safepoint: 1412019 ns, Total: 1473562 ns
[2020-10-31T11:15:32.814+0000][info][gc,start     ] GC(26) Concurrent cleanup
[2020-10-31T11:15:32.814+0000][info][gc           ] GC(26) Concurrent cleanup 3526M->3338M(4096M) 0.159ms
[2020-10-31T11:15:32.814+0000][info][gc,ergo      ] GC(26) Free: 552M (276 regions), Max regular: 2048K, Max humongous: 362496K, External frag: 36%, Internal frag: 0%
[2020-10-31T11:15:32.814+0000][info][gc,ergo      ] GC(26) Evacuation Reserve: 205M (103 regions), Max regular: 2048K
[2020-10-31T11:15:32.814+0000][info][gc,start     ] GC(26) Concurrent evacuation
[2020-10-31T11:15:32.814+0000][info][gc,task      ] GC(26) Using 1 of 1 workers for concurrent evacuation
[2020-10-31T11:15:32.894+0000][info][gc           ] GC(26) Concurrent evacuation 3338M->3404M(4096M) 79.947ms
[2020-10-31T11:15:32.894+0000][info][gc,start     ] GC(26) Pause Init Update Refs
[2020-10-31T11:15:32.894+0000][info][gc,ergo      ] GC(26) Pacer for Update Refs. Used: 3404M, Free: 530M, Non-Taxable: 53M, Alloc Tax Rate: 7.8x
[2020-10-31T11:15:32.894+0000][info][gc           ] GC(26) Pause Init Update Refs 0.051ms
[2020-10-31T11:15:32.894+0000][info][safepoint    ] Safepoint "ShenandoahInitUpdateRefs", Time since last: 80207157 ns, Reaching safepoint: 139723 ns, At safepoint: 67865 ns, Total: 207588 ns
[2020-10-31T11:15:32.894+0000][info][gc,start     ] GC(26) Concurrent update references
[2020-10-31T11:15:32.894+0000][info][gc,task      ] GC(26) Using 1 of 1 workers for concurrent reference update
[2020-10-31T11:15:33.017+0000][info][gc           ] GC(26) Concurrent update references 3406M->3438M(4096M) 122.892ms
[2020-10-31T11:15:33.017+0000][info][gc,start     ] GC(26) Pause Final Update Refs
[2020-10-31T11:15:33.017+0000][info][gc,task      ] GC(26) Using 1 of 1 workers for final reference update
[2020-10-31T11:15:33.018+0000][info][gc           ] GC(26) Pause Final Update Refs 0.184ms
[2020-10-31T11:15:33.018+0000][info][safepoint    ] Safepoint "ShenandoahFinalUpdateRefs", Time since last: 122973816 ns, Reaching safepoint: 140877 ns, At safepoint: 206200 ns, Total: 347077 ns
[2020-10-31T11:15:33.018+0000][info][gc,start     ] GC(26) Concurrent cleanup
[2020-10-31T11:15:33.018+0000][info][gc           ] GC(26) Concurrent cleanup 3438M->150M(4096M) 0.310ms
[2020-10-31T11:15:33.018+0000][info][gc,ergo      ] Free: 3740M (1870 regions), Max regular: 2048K, Max humongous: 3127296K, External frag: 19%, Internal frag: 0%
[2020-10-31T11:15:33.018+0000][info][gc,ergo      ] Evacuation Reserve: 206M (103 regions), Max regular: 2048K
[2020-10-31T11:15:33.018+0000][info][gc,ergo      ] Pacer for Idle. Initial: 81M, Alloc Tax Rate: 1.0x
[2020-10-31T11:15:34.018+0000][info][safepoint    ] Safepoint "Cleanup", Time since last: 1000080743 ns, Reaching safepoint: 131902 ns, At safepoint: 5354 ns, Total: 137256 ns
[2020-10-31T11:15:35.018+0000][info][safepoint    ] Safepoint "Cleanup", Time since last: 1000107140 ns, Reaching safepoint: 53974 ns, At safepoint: 6207 ns, Total: 60181 ns
[2020-10-31T11:15:36.018+0000][info][safepoint    ] Safepoint "Cleanup", Time since last: 1000122632 ns, Reaching safepoint: 55797 ns, At safepoint: 5466 ns, Total: 61263 ns
[2020-10-31T11:15:37.018+0000][info][safepoint    ] Safepoint "Cleanup", Time since last: 1000110654 ns, Reaching safepoint: 132824 ns, At safepoint: 5692 ns, Total: 138516 ns
[2020-10-31T11:15:38.019+0000][info][safepoint    ] Safepoint "Cleanup", Time since last: 1000107594 ns, Reaching safepoint: 132024 ns, At safepoint: 5807 ns, Total: 137831 ns
[2020-10-31T11:15:39.019+0000][info][safepoint    ] Safepoint "Cleanup", Time since last: 1000107540 ns, Reaching safepoint: 134507 ns, At safepoint: 4990 ns, Total: 139497 ns
[2020-10-31T11:15:40.019+0000][info][safepoint    ] Safepoint "Cleanup", Time since last: 1000108945 ns, Reaching safepoint: 144036 ns, At safepoint: 5060 ns, Total: 149096 ns
[2020-10-31T11:15:41.019+0000][info][safepoint    ] Safepoint "Cleanup", Time since last: 1000093820 ns, Reaching safepoint: 129850 ns, At safepoint: 5548 ns, Total: 135398 ns
[2020-10-31T11:15:42.020+0000][info][safepoint    ] Safepoint "Cleanup", Time since last: 1000107052 ns, Reaching safepoint: 133451 ns, At safepoint: 3114 ns, Total: 136565 ns
[2020-10-31T11:15:43.020+0000][info][safepoint    ] Safepoint "Cleanup", Time since last: 1000105197 ns, Reaching safepoint: 132654 ns, At safepoint: 3417 ns, Total: 136071 ns
[2020-10-31T11:15:43.155+0000][info][gc           ] Trigger: Average GC time (638.17 ms) is above the time for allocation rate (325.91 MB/s) to deplete free headroom (207M)
[2020-10-31T11:15:43.155+0000][info][gc,ergo      ] Free headroom: 412M (free) - 204M (spike) - 0M (penalties) = 207M
[2020-10-31T11:15:43.155+0000][info][gc,ergo      ] Free: 412M (206 regions), Max regular: 2048K, Max humongous: 419840K, External frag: 1%, Internal frag: 0%
[2020-10-31T11:15:43.155+0000][info][gc,ergo      ] Evacuation Reserve: 206M (103 regions), Max regular: 2048K
[2020-10-31T11:15:43.155+0000][info][gc,start     ] GC(27) Concurrent reset
[2020-10-31T11:15:43.155+0000][info][gc,task      ] GC(27) Using 1 of 1 workers for concurrent reset
[2020-10-31T11:15:43.164+0000][info][gc           ] GC(27) Concurrent reset 3478M->3480M(4096M) 8.658ms
[2020-10-31T11:15:43.164+0000][info][gc,start     ] GC(27) Pause Init Mark
[2020-10-31T11:15:43.164+0000][info][gc,task      ] GC(27) Using 1 of 1 workers for init marking
[2020-10-31T11:15:43.165+0000][info][gc,ergo      ] GC(27) Pacer for Mark. Expected Live: 116M, Free: 410M, Non-Taxable: 41M, Alloc Tax Rate: 1.0x
[2020-10-31T11:15:43.165+0000][info][gc           ] GC(27) Pause Init Mark 0.492ms
[2020-10-31T11:15:43.165+0000][info][safepoint    ] Safepoint "ShenandoahInitMark", Time since last: 144213753 ns, Reaching safepoint: 140418 ns, At safepoint: 512112 ns, Total: 652530 ns
[2020-10-31T11:15:43.165+0000][info][gc,start     ] GC(27) Concurrent marking
[2020-10-31T11:15:43.165+0000][info][gc,task      ] GC(27) Using 1 of 1 workers for concurrent marking
[2020-10-31T11:15:43.393+0000][info][gc           ] GC(27) Concurrent marking 3480M->3538M(4096M) 228.645ms
[2020-10-31T11:15:43.394+0000][info][gc,start     ] GC(27) Pause Final Mark
[2020-10-31T11:15:43.394+0000][info][gc,task      ] GC(27) Using 1 of 1 workers for final marking
[2020-10-31T11:15:43.394+0000][info][gc,ergo      ] GC(27) Adaptive CSet Selection. Target Free: 409M, Actual Free: 558M, Max CSet: 170M, Min Garbage: 0M
[2020-10-31T11:15:43.394+0000][info][gc,ergo      ] GC(27) Collectable Garbage: 3384M (99% of total), 45M CSet, 1715 CSet regions
[2020-10-31T11:15:43.394+0000][info][gc,ergo      ] GC(27) Immediate Garbage: 0M (0% of total), 0 regions
[2020-10-31T11:15:43.395+0000][info][gc,ergo      ] GC(27) Pacer for Evacuation. Used CSet: 3430M, Free: 352M, Non-Taxable: 35M, Alloc Tax Rate: 23.8x
[2020-10-31T11:15:43.395+0000][info][gc           ] GC(27) Pause Final Mark 1.374ms
[2020-10-31T11:15:43.395+0000][info][safepoint    ] Safepoint "ShenandoahFinalMarkStartEvac", Time since last: 228728266 ns, Reaching safepoint: 136373 ns, At safepoint: 1395136 ns, Total: 1531509 ns
[2020-10-31T11:15:43.395+0000][info][gc,start     ] GC(27) Concurrent cleanup
[2020-10-31T11:15:43.395+0000][info][gc           ] GC(27) Concurrent cleanup 3540M->3542M(4096M) 0.169ms
[2020-10-31T11:15:43.395+0000][info][gc,ergo      ] GC(27) Free: 348M (174 regions), Max regular: 2048K, Max humongous: 354304K, External frag: 1%, Internal frag: 0%
[2020-10-31T11:15:43.395+0000][info][gc,ergo      ] GC(27) Evacuation Reserve: 205M (103 regions), Max regular: 2048K
[2020-10-31T11:15:43.395+0000][info][gc,start     ] GC(27) Concurrent evacuation
[2020-10-31T11:15:43.395+0000][info][gc,task      ] GC(27) Using 1 of 1 workers for concurrent evacuation
[2020-10-31T11:15:43.480+0000][info][gc           ] GC(27) Concurrent evacuation 3542M->3608M(4096M) 84.744ms
[2020-10-31T11:15:43.480+0000][info][gc,start     ] GC(27) Pause Init Update Refs
[2020-10-31T11:15:43.480+0000][info][gc,ergo      ] GC(27) Pacer for Update Refs. Used: 3608M, Free: 328M, Non-Taxable: 32M, Alloc Tax Rate: 13.4x
[2020-10-31T11:15:43.480+0000][info][gc           ] GC(27) Pause Init Update Refs 0.052ms
[2020-10-31T11:15:43.480+0000][info][safepoint    ] Safepoint "ShenandoahInitUpdateRefs", Time since last: 85050890 ns, Reaching safepoint: 142142 ns, At safepoint: 71905 ns, Total: 214047 ns
[2020-10-31T11:15:43.480+0000][info][gc,start     ] GC(27) Concurrent update references
[2020-10-31T11:15:43.480+0000][info][gc,task      ] GC(27) Using 1 of 1 workers for concurrent reference update
[2020-10-31T11:15:43.647+0000][info][gc           ] GC(27) Concurrent update references 3610M->3654M(4096M) 166.517ms
[2020-10-31T11:15:43.647+0000][info][gc,start     ] GC(27) Pause Final Update Refs
[2020-10-31T11:15:43.647+0000][info][gc,task      ] GC(27) Using 1 of 1 workers for final reference update
[2020-10-31T11:15:43.647+0000][info][gc           ] GC(27) Pause Final Update Refs 0.190ms
[2020-10-31T11:15:43.647+0000][info][safepoint    ] Safepoint "ShenandoahFinalUpdateRefs", Time since last: 166599520 ns, Reaching safepoint: 143714 ns, At safepoint: 211100 ns, Total: 354814 ns
[2020-10-31T11:15:43.647+0000][info][gc,start     ] GC(27) Concurrent cleanup
[2020-10-31T11:15:43.648+0000][info][gc           ] GC(27) Concurrent cleanup 3654M->224M(4096M) 0.302ms
[2020-10-31T11:15:43.648+0000][info][gc,ergo      ] Free: 3666M (1833 regions), Max regular: 2048K, Max humongous: 3512320K, External frag: 7%, Internal frag: 0%
[2020-10-31T11:15:43.648+0000][info][gc,ergo      ] Evacuation Reserve: 206M (103 regions), Max regular: 2048K
[2020-10-31T11:15:43.648+0000][info][gc,ergo      ] Pacer for Idle. Initial: 81M, Alloc Tax Rate: 1.0x
[2020-10-31T11:15:44.647+0000][info][safepoint    ] Safepoint "Cleanup", Time since last: 1000077265 ns, Reaching safepoint: 128613 ns, At safepoint: 5285 ns, Total: 133898 ns
[2020-10-31T11:15:45.648+0000][info][safepoint    ] Safepoint "Cleanup", Time since last: 1000105947 ns, Reaching safepoint: 137088 ns, At safepoint: 5405 ns, Total: 142493 ns
[2020-10-31T11:15:46.648+0000][info][safepoint    ] Safepoint "Cleanup", Time since last: 1000108964 ns, Reaching safepoint: 137836 ns, At safepoint: 5315 ns, Total: 143151 ns
[2020-10-31T11:15:47.648+0000][info][safepoint    ] Safepoint "Cleanup", Time since last: 1000108673 ns, Reaching safepoint: 136495 ns, At safepoint: 5220 ns, Total: 141715 ns
[2020-10-31T11:15:48.648+0000][info][safepoint    ] Safepoint "Cleanup", Time since last: 1000105992 ns, Reaching safepoint: 51851 ns, At safepoint: 5394 ns, Total: 57245 ns
[2020-10-31T11:15:49.649+0000][info][safepoint    ] Safepoint "Cleanup", Time since last: 1000107580 ns, Reaching safepoint: 132017 ns, At safepoint: 5103 ns, Total: 137120 ns
[2020-10-31T11:15:50.649+0000][info][safepoint    ] Safepoint "Cleanup", Time since last: 1000113902 ns, Reaching safepoint: 62148 ns, At safepoint: 7426 ns, Total: 69574 ns
[2020-10-31T11:15:51.649+0000][info][safepoint    ] Safepoint "Cleanup", Time since last: 1000107359 ns, Reaching safepoint: 139013 ns, At safepoint: 5662 ns, Total: 144675 ns
[2020-10-31T11:15:52.649+0000][info][safepoint    ] Safepoint "Cleanup", Time since last: 1000125095 ns, Reaching safepoint: 136931 ns, At safepoint: 6981 ns, Total: 143912 ns
[2020-10-31T11:15:53.589+0000][info][gc           ] Trigger: Free (408M) is below minimum threshold (409M)
[2020-10-31T11:15:53.589+0000][info][gc,ergo      ] Free: 408M (204 regions), Max regular: 2048K, Max humongous: 239616K, External frag: 43%, Internal frag: 0%
[2020-10-31T11:15:53.589+0000][info][gc,ergo      ] Evacuation Reserve: 206M (103 regions), Max regular: 2048K
[2020-10-31T11:15:53.589+0000][info][gc,start     ] GC(28) Concurrent reset
[2020-10-31T11:15:53.589+0000][info][gc,task      ] GC(28) Using 1 of 1 workers for concurrent reset
[2020-10-31T11:15:53.598+0000][info][gc           ] GC(28) Concurrent reset 3482M->3482M(4096M) 8.937ms
[2020-10-31T11:15:53.599+0000][info][gc,start     ] GC(28) Pause Init Mark
[2020-10-31T11:15:53.599+0000][info][gc,task      ] GC(28) Using 1 of 1 workers for init marking
[2020-10-31T11:15:53.599+0000][info][gc,ergo      ] GC(28) Pacer for Mark. Expected Live: 116M, Free: 408M, Non-Taxable: 40M, Alloc Tax Rate: 1.0x
[2020-10-31T11:15:53.599+0000][info][gc           ] GC(28) Pause Init Mark 0.472ms
[2020-10-31T11:15:53.599+0000][info][safepoint    ] Safepoint "ShenandoahInitMark", Time since last: 949128148 ns, Reaching safepoint: 135516 ns, At safepoint: 492196 ns, Total: 627712 ns
[2020-10-31T11:15:53.599+0000][info][gc,start     ] GC(28) Concurrent marking
[2020-10-31T11:15:53.599+0000][info][gc,task      ] GC(28) Using 1 of 1 workers for concurrent marking
[2020-10-31T11:15:53.889+0000][info][gc           ] GC(28) Concurrent marking 3484M->3566M(4096M) 290.373ms
[2020-10-31T11:15:53.890+0000][info][gc,start     ] GC(28) Pause Final Mark
[2020-10-31T11:15:53.890+0000][info][gc,task      ] GC(28) Using 1 of 1 workers for final marking
[2020-10-31T11:15:53.890+0000][info][gc,ergo      ] GC(28) Adaptive CSet Selection. Target Free: 409M, Actual Free: 530M, Max CSet: 170M, Min Garbage: 0M
[2020-10-31T11:15:53.890+0000][info][gc,ergo      ] GC(28) Collectable Garbage: 3341M (99% of total), 44M CSet, 1693 CSet regions
[2020-10-31T11:15:53.890+0000][info][gc,ergo      ] GC(28) Immediate Garbage: 0M (0% of total), 0 regions
[2020-10-31T11:15:53.891+0000][info][gc,ergo      ] GC(28) Pacer for Evacuation. Used CSet: 3386M, Free: 324M, Non-Taxable: 32M, Alloc Tax Rate: 25.5x
[2020-10-31T11:15:53.891+0000][info][gc           ] GC(28) Pause Final Mark 1.391ms
[2020-10-31T11:15:53.891+0000][info][safepoint    ] Safepoint "ShenandoahFinalMarkStartEvac", Time since last: 290452999 ns, Reaching safepoint: 129258 ns, At safepoint: 1414553 ns, Total: 1543811 ns
[2020-10-31T11:15:53.891+0000][info][gc,start     ] GC(28) Concurrent cleanup
[2020-10-31T11:15:53.891+0000][info][gc           ] GC(28) Concurrent cleanup 3568M->3570M(4096M) 0.171ms
[2020-10-31T11:15:53.891+0000][info][gc,ergo      ] GC(28) Free: 320M (160 regions), Max regular: 2048K, Max humongous: 239616K, External frag: 27%, Internal frag: 0%
[2020-10-31T11:15:53.891+0000][info][gc,ergo      ] GC(28) Evacuation Reserve: 206M (103 regions), Max regular: 2048K
[2020-10-31T11:15:53.891+0000][info][gc,start     ] GC(28) Concurrent evacuation
[2020-10-31T11:15:53.891+0000][info][gc,task      ] GC(28) Using 1 of 1 workers for concurrent evacuation
[2020-10-31T11:15:53.975+0000][info][gc           ] GC(28) Concurrent evacuation 3570M->3636M(4096M) 83.911ms
[2020-10-31T11:15:53.975+0000][info][gc,start     ] GC(28) Pause Init Update Refs
[2020-10-31T11:15:53.975+0000][info][gc,ergo      ] GC(28) Pacer for Update Refs. Used: 3636M, Free: 300M, Non-Taxable: 30M, Alloc Tax Rate: 14.8x
[2020-10-31T11:15:53.975+0000][info][gc           ] GC(28) Pause Init Update Refs 0.067ms
[2020-10-31T11:15:53.976+0000][info][safepoint    ] Safepoint "ShenandoahInitUpdateRefs", Time since last: 84200694 ns, Reaching safepoint: 136034 ns, At safepoint: 84795 ns, Total: 220829 ns
[2020-10-31T11:15:53.976+0000][info][gc,start     ] GC(28) Concurrent update references
[2020-10-31T11:15:53.976+0000][info][gc,task      ] GC(28) Using 1 of 1 workers for concurrent reference update
[2020-10-31T11:15:54.180+0000][info][gc           ] GC(28) Concurrent update references 3638M->3690M(4096M) 204.558ms
[2020-10-31T11:15:54.180+0000][info][gc,start     ] GC(28) Pause Final Update Refs
[2020-10-31T11:15:54.180+0000][info][gc,task      ] GC(28) Using 1 of 1 workers for final reference update
[2020-10-31T11:15:54.181+0000][info][gc           ] GC(28) Pause Final Update Refs 0.213ms
[2020-10-31T11:15:54.181+0000][info][safepoint    ] Safepoint "ShenandoahFinalUpdateRefs", Time since last: 204658771 ns, Reaching safepoint: 145934 ns, At safepoint: 238328 ns, Total: 384262 ns
[2020-10-31T11:15:54.181+0000][info][gc,start     ] GC(28) Concurrent cleanup
[2020-10-31T11:15:54.181+0000][info][gc           ] GC(28) Concurrent cleanup 3690M->304M(4096M) 0.305ms
[2020-10-31T11:15:54.181+0000][info][gc,ergo      ] Free: 3586M (1793 regions), Max regular: 2048K, Max humongous: 3336192K, External frag: 10%, Internal frag: 0%
[2020-10-31T11:15:54.181+0000][info][gc,ergo      ] Evacuation Reserve: 206M (103 regions), Max regular: 2048K
[2020-10-31T11:15:54.181+0000][info][gc,ergo      ] Pacer for Idle. Initial: 81M, Alloc Tax Rate: 1.0x
[2020-10-31T11:15:55.181+0000][info][safepoint    ] Safepoint "Cleanup", Time since last: 1000082377 ns, Reaching safepoint: 135891 ns, At safepoint: 5039 ns, Total: 140930 ns
[2020-10-31T11:15:56.181+0000][info][safepoint    ] Safepoint "Cleanup", Time since last: 1000112396 ns, Reaching safepoint: 135556 ns, At safepoint: 5134 ns, Total: 140690 ns
[2020-10-31T11:15:57.181+0000][info][safepoint    ] Safepoint "Cleanup", Time since last: 1000107731 ns, Reaching safepoint: 129755 ns, At safepoint: 5601 ns, Total: 135356 ns
[2020-10-31T11:15:58.182+0000][info][safepoint    ] Safepoint "Cleanup", Time since last: 1000106601 ns, Reaching safepoint: 132178 ns, At safepoint: 5673 ns, Total: 137851 ns
[2020-10-31T11:15:59.182+0000][info][safepoint    ] Safepoint "Cleanup", Time since last: 1000110887 ns, Reaching safepoint: 140078 ns, At safepoint: 5231 ns, Total: 145309 ns
[2020-10-31T11:16:00.182+0000][info][safepoint    ] Safepoint "Cleanup", Time since last: 1000106341 ns, Reaching safepoint: 70269 ns, At safepoint: 3479 ns, Total: 73748 ns
[2020-10-31T11:16:01.182+0000][info][safepoint    ] Safepoint "Cleanup", Time since last: 1000069957 ns, Reaching safepoint: 132478 ns, At safepoint: 5691 ns, Total: 138169 ns
[2020-10-31T11:16:02.182+0000][info][safepoint    ] Safepoint "Cleanup", Time since last: 1000111970 ns, Reaching safepoint: 132516 ns, At safepoint: 5289 ns, Total: 137805 ns
[2020-10-31T11:16:03.183+0000][info][safepoint    ] Safepoint "Cleanup", Time since last: 1000108652 ns, Reaching safepoint: 135645 ns, At safepoint: 5199 ns, Total: 140844 ns
[2020-10-31T11:16:04.076+0000][info][gc           ] Trigger: Free (408M) is below minimum threshold (409M)
[2020-10-31T11:16:04.076+0000][info][gc,ergo      ] Free: 408M (204 regions), Max regular: 2048K, Max humongous: 333824K, External frag: 21%, Internal frag: 0%
[2020-10-31T11:16:04.076+0000][info][gc,ergo      ] Evacuation Reserve: 206M (103 regions), Max regular: 2048K
[2020-10-31T11:16:04.076+0000][info][gc,start     ] GC(29) Concurrent reset
[2020-10-31T11:16:04.076+0000][info][gc,task      ] GC(29) Using 1 of 1 workers for concurrent reset
[2020-10-31T11:16:04.085+0000][info][gc           ] GC(29) Concurrent reset 3482M->3482M(4096M) 9.154ms
[2020-10-31T11:16:04.085+0000][info][gc,start     ] GC(29) Pause Init Mark
[2020-10-31T11:16:04.085+0000][info][gc,task      ] GC(29) Using 1 of 1 workers for init marking
[2020-10-31T11:16:04.085+0000][info][gc,ergo      ] GC(29) Pacer for Mark. Expected Live: 116M, Free: 408M, Non-Taxable: 40M, Alloc Tax Rate: 1.0x
[2020-10-31T11:16:04.086+0000][info][gc           ] GC(29) Pause Init Mark 0.449ms
[2020-10-31T11:16:04.086+0000][info][safepoint    ] Safepoint "ShenandoahInitMark", Time since last: 902336112 ns, Reaching safepoint: 63639 ns, At safepoint: 472063 ns, Total: 535702 ns
[2020-10-31T11:16:04.086+0000][info][gc,start     ] GC(29) Concurrent marking
[2020-10-31T11:16:04.086+0000][info][gc,task      ] GC(29) Using 1 of 1 workers for concurrent marking
[2020-10-31T11:16:04.427+0000][info][gc           ] GC(29) Concurrent marking 3484M->3580M(4096M) 341.305ms
[2020-10-31T11:16:04.427+0000][info][gc,start     ] GC(29) Pause Final Mark
[2020-10-31T11:16:04.427+0000][info][gc,task      ] GC(29) Using 1 of 1 workers for final marking
[2020-10-31T11:16:04.428+0000][info][gc,ergo      ] GC(29) Adaptive CSet Selection. Target Free: 409M, Actual Free: 516M, Max CSet: 170M, Min Garbage: 0M
[2020-10-31T11:16:04.428+0000][info][gc,ergo      ] GC(29) Collectable Garbage: 3297M (99% of total), 44M CSet, 1671 CSet regions
[2020-10-31T11:16:04.428+0000][info][gc,ergo      ] GC(29) Immediate Garbage: 0M (0% of total), 0 regions
[2020-10-31T11:16:04.428+0000][info][gc,ergo      ] GC(29) Pacer for Evacuation. Used CSet: 3342M, Free: 310M, Non-Taxable: 31M, Alloc Tax Rate: 26.4x
[2020-10-31T11:16:04.428+0000][info][gc           ] GC(29) Pause Final Mark 1.331ms
[2020-10-31T11:16:04.428+0000][info][safepoint    ] Safepoint "ShenandoahFinalMarkStartEvac", Time since last: 341406537 ns, Reaching safepoint: 136862 ns, At safepoint: 1355378 ns, Total: 1492240 ns
[2020-10-31T11:16:04.428+0000][info][gc,start     ] GC(29) Concurrent cleanup
[2020-10-31T11:16:04.429+0000][info][gc           ] GC(29) Concurrent cleanup 3582M->3582M(4096M) 0.182ms
[2020-10-31T11:16:04.429+0000][info][gc,ergo      ] GC(29) Free: 308M (154 regions), Max regular: 2048K, Max humongous: 313344K, External frag: 1%, Internal frag: 0%
[2020-10-31T11:16:04.429+0000][info][gc,ergo      ] GC(29) Evacuation Reserve: 205M (103 regions), Max regular: 2048K
[2020-10-31T11:16:04.429+0000][info][gc,start     ] GC(29) Concurrent evacuation
[2020-10-31T11:16:04.429+0000][info][gc,task      ] GC(29) Using 1 of 1 workers for concurrent evacuation
[2020-10-31T11:16:04.511+0000][info][gc           ] GC(29) Concurrent evacuation 3582M->3648M(4096M) 82.109ms
[2020-10-31T11:16:04.511+0000][info][gc,start     ] GC(29) Pause Init Update Refs
[2020-10-31T11:16:04.511+0000][info][gc,ergo      ] GC(29) Pacer for Update Refs. Used: 3648M, Free: 288M, Non-Taxable: 28M, Alloc Tax Rate: 15.5x
[2020-10-31T11:16:04.511+0000][info][gc           ] GC(29) Pause Init Update Refs 0.054ms
[2020-10-31T11:16:04.511+0000][info][safepoint    ] Safepoint "ShenandoahInitUpdateRefs", Time since last: 82407983 ns, Reaching safepoint: 137280 ns, At safepoint: 72234 ns, Total: 209514 ns
[2020-10-31T11:16:04.511+0000][info][gc,start     ] GC(29) Concurrent update references
[2020-10-31T11:16:04.511+0000][info][gc,task      ] GC(29) Using 1 of 1 workers for concurrent reference update
[2020-10-31T11:16:04.754+0000][info][gc           ] GC(29) Concurrent update references 3650M->3712M(4096M) 242.714ms
[2020-10-31T11:16:04.754+0000][info][gc,start     ] GC(29) Pause Final Update Refs
[2020-10-31T11:16:04.754+0000][info][gc,task      ] GC(29) Using 1 of 1 workers for final reference update
[2020-10-31T11:16:04.754+0000][info][gc           ] GC(29) Pause Final Update Refs 0.185ms
[2020-10-31T11:16:04.754+0000][info][safepoint    ] Safepoint "ShenandoahFinalUpdateRefs", Time since last: 242786371 ns, Reaching safepoint: 142850 ns, At safepoint: 204809 ns, Total: 347659 ns
[2020-10-31T11:16:04.754+0000][info][gc,start     ] GC(29) Concurrent cleanup
[2020-10-31T11:16:04.755+0000][info][gc           ] GC(29) Concurrent cleanup 3712M->370M(4096M) 0.304ms
[2020-10-31T11:16:04.755+0000][info][gc,ergo      ] Free: 3520M (1760 regions), Max regular: 2048K, Max humongous: 3254272K, External frag: 10%, Internal frag: 0%
[2020-10-31T11:16:04.755+0000][info][gc,ergo      ] Evacuation Reserve: 206M (103 regions), Max regular: 2048K
[2020-10-31T11:16:04.755+0000][info][gc,ergo      ] Pacer for Idle. Initial: 81M, Alloc Tax Rate: 1.0x
[2020-10-31T11:16:05.754+0000][info][safepoint    ] Safepoint "Cleanup", Time since last: 1000086733 ns, Reaching safepoint: 133747 ns, At safepoint: 5708 ns, Total: 139455 ns
[2020-10-31T11:16:06.755+0000][info][safepoint    ] Safepoint "Cleanup", Time since last: 1000126061 ns, Reaching safepoint: 137010 ns, At safepoint: 5478 ns, Total: 142488 ns
[2020-10-31T11:16:07.755+0000][info][safepoint    ] Safepoint "Cleanup", Time since last: 1000107986 ns, Reaching safepoint: 56895 ns, At safepoint: 5684 ns, Total: 62579 ns
[2020-10-31T11:16:08.755+0000][info][safepoint    ] Safepoint "Cleanup", Time since last: 1000109968 ns, Reaching safepoint: 136694 ns, At safepoint: 8180 ns, Total: 144874 ns
[2020-10-31T11:16:09.755+0000][info][safepoint    ] Safepoint "Cleanup", Time since last: 1000103354 ns, Reaching safepoint: 139944 ns, At safepoint: 6873 ns, Total: 146817 ns
[2020-10-31T11:16:10.756+0000][info][safepoint    ] Safepoint "Cleanup", Time since last: 1000094985 ns, Reaching safepoint: 132188 ns, At safepoint: 5770 ns, Total: 137958 ns
[2020-10-31T11:16:11.756+0000][info][safepoint    ] Safepoint "Cleanup", Time since last: 1000110665 ns, Reaching safepoint: 137047 ns, At safepoint: 5071 ns, Total: 142118 ns
[2020-10-31T11:16:12.756+0000][info][safepoint    ] Safepoint "Cleanup", Time since last: 1000107782 ns, Reaching safepoint: 57837 ns, At safepoint: 5790 ns, Total: 63627 ns
[2020-10-31T11:16:13.756+0000][info][safepoint    ] Safepoint "Cleanup", Time since last: 1000107331 ns, Reaching safepoint: 137320 ns, At safepoint: 3126 ns, Total: 140446 ns
[2020-10-31T11:16:14.228+0000][info][gc           ] Trigger: Average GC time (639.26 ms) is above the time for allocation rate (324.27 MB/s) to deplete free headroom (207M)
[2020-10-31T11:16:14.228+0000][info][gc,ergo      ] Free headroom: 412M (free) - 204M (spike) - 0M (penalties) = 207M
[2020-10-31T11:16:14.228+0000][info][gc,ergo      ] Free: 412M (206 regions), Max regular: 2048K, Max humongous: 182272K, External frag: 57%, Internal frag: 0%
[2020-10-31T11:16:14.228+0000][info][gc,ergo      ] Evacuation Reserve: 206M (103 regions), Max regular: 2048K
[2020-10-31T11:16:14.228+0000][info][gc,start     ] GC(30) Concurrent reset
[2020-10-31T11:16:14.228+0000][info][gc,task      ] GC(30) Using 1 of 1 workers for concurrent reset
[2020-10-31T11:16:14.237+0000][info][gc           ] GC(30) Concurrent reset 3478M->3478M(4096M) 9.189ms
[2020-10-31T11:16:14.237+0000][info][gc,start     ] GC(30) Pause Init Mark (process weakrefs)
[2020-10-31T11:16:14.237+0000][info][gc,task      ] GC(30) Using 1 of 1 workers for init marking
[2020-10-31T11:16:14.238+0000][info][gc,ergo      ] GC(30) Pacer for Mark. Expected Live: 116M, Free: 412M, Non-Taxable: 41M, Alloc Tax Rate: 1.0x
[2020-10-31T11:16:14.238+0000][info][gc           ] GC(30) Pause Init Mark (process weakrefs) 0.473ms
[2020-10-31T11:16:14.238+0000][info][safepoint    ] Safepoint "ShenandoahInitMark", Time since last: 480791070 ns, Reaching safepoint: 63901 ns, At safepoint: 493172 ns, Total: 557073 ns
[2020-10-31T11:16:14.238+0000][info][gc,start     ] GC(30) Concurrent marking (process weakrefs)
[2020-10-31T11:16:14.238+0000][info][gc,task      ] GC(30) Using 1 of 1 workers for concurrent marking
[2020-10-31T11:16:14.667+0000][info][gc           ] GC(30) Concurrent marking (process weakrefs) 3480M->3586M(4096M) 429.307ms
[2020-10-31T11:16:14.667+0000][info][gc,start     ] GC(30) Concurrent precleaning
[2020-10-31T11:16:14.667+0000][info][gc,task      ] GC(30) Using 1 of 1 workers for concurrent preclean
[2020-10-31T11:16:14.763+0000][info][gc           ] GC(30) Concurrent precleaning 3586M->3612M(4096M) 95.982ms
[2020-10-31T11:16:14.763+0000][info][gc,start     ] GC(30) Pause Final Mark (process weakrefs)
[2020-10-31T11:16:14.763+0000][info][gc,task      ] GC(30) Using 1 of 1 workers for final marking
[2020-10-31T11:16:14.845+0000][info][gc,ergo      ] GC(30) Adaptive CSet Selection. Target Free: 409M, Actual Free: 484M, Max CSet: 170M, Min Garbage: 0M
[2020-10-31T11:16:14.845+0000][info][gc,ergo      ] GC(30) Collectable Garbage: 3272M (97% of total), 23M CSet, 1648 CSet regions
[2020-10-31T11:16:14.845+0000][info][gc,ergo      ] GC(30) Immediate Garbage: 0M (0% of total), 0 regions
[2020-10-31T11:16:14.846+0000][info][gc,ergo      ] GC(30) Pacer for Evacuation. Used CSet: 3296M, Free: 278M, Non-Taxable: 27M, Alloc Tax Rate: 29.0x
[2020-10-31T11:16:14.846+0000][info][gc           ] GC(30) Pause Final Mark (process weakrefs) 82.686ms
[2020-10-31T11:16:14.846+0000][info][safepoint    ] Safepoint "ShenandoahFinalMarkStartEvac", Time since last: 525402392 ns, Reaching safepoint: 129981 ns, At safepoint: 82710766 ns, Total: 82840747 ns
[2020-10-31T11:16:14.846+0000][info][gc,start     ] GC(30) Concurrent cleanup
[2020-10-31T11:16:14.846+0000][info][gc           ] GC(30) Concurrent cleanup 3612M->3612M(4096M) 0.211ms
[2020-10-31T11:16:14.849+0000][info][gc,ergo      ] GC(30) Free: 274M (137 regions), Max regular: 2048K, Max humongous: 182272K, External frag: 36%, Internal frag: 0%
[2020-10-31T11:16:14.849+0000][info][gc,ergo      ] GC(30) Evacuation Reserve: 206M (103 regions), Max regular: 2048K
[2020-10-31T11:16:14.849+0000][info][gc,start     ] GC(30) Concurrent evacuation
[2020-10-31T11:16:14.849+0000][info][gc,task      ] GC(30) Using 1 of 1 workers for concurrent evacuation
[2020-10-31T11:16:15.000+0000][info][gc           ] GC(30) Concurrent evacuation 3616M->3660M(4096M) 151.209ms
[2020-10-31T11:16:15.000+0000][info][gc,start     ] GC(30) Pause Init Update Refs
[2020-10-31T11:16:15.000+0000][info][gc,ergo      ] GC(30) Pacer for Update Refs. Used: 3660M, Free: 254M, Non-Taxable: 25M, Alloc Tax Rate: 17.6x
[2020-10-31T11:16:15.000+0000][info][gc           ] GC(30) Pause Init Update Refs 0.059ms
[2020-10-31T11:16:15.000+0000][info][safepoint    ] Safepoint "ShenandoahInitUpdateRefs", Time since last: 154150209 ns, Reaching safepoint: 137317 ns, At safepoint: 78601 ns, Total: 215918 ns
[2020-10-31T11:16:15.000+0000][info][gc,start     ] GC(30) Concurrent update references
[2020-10-31T11:16:15.000+0000][info][gc,task      ] GC(30) Using 1 of 1 workers for concurrent reference update
[2020-10-31T11:16:15.367+0000][info][gc           ] GC(30) Concurrent update references 3662M->3724M(4096M) 366.444ms
[2020-10-31T11:16:15.367+0000][info][gc,start     ] GC(30) Pause Final Update Refs
[2020-10-31T11:16:15.367+0000][info][gc,task      ] GC(30) Using 1 of 1 workers for final reference update
[2020-10-31T11:16:15.367+0000][info][gc           ] GC(30) Pause Final Update Refs 0.183ms
[2020-10-31T11:16:15.367+0000][info][safepoint    ] Safepoint "ShenandoahFinalUpdateRefs", Time since last: 366526006 ns, Reaching safepoint: 132770 ns, At safepoint: 206078 ns, Total: 338848 ns
[2020-10-31T11:16:15.367+0000][info][gc,start     ] GC(30) Concurrent cleanup
[2020-10-31T11:16:15.367+0000][info][gc           ] GC(30) Concurrent cleanup 3724M->428M(4096M) 0.318ms
[2020-10-31T11:16:15.367+0000][info][gc,ergo      ] Free: 3462M (1731 regions), Max regular: 2048K, Max humongous: 3182592K, External frag: 11%, Internal frag: 0%
[2020-10-31T11:16:15.367+0000][info][gc,ergo      ] Evacuation Reserve: 206M (103 regions), Max regular: 2048K
[2020-10-31T11:16:15.367+0000][info][gc,ergo      ] Pacer for Idle. Initial: 81M, Alloc Tax Rate: 1.0x
[2020-10-31T11:16:16.367+0000][info][safepoint    ] Safepoint "Cleanup", Time since last: 1000080055 ns, Reaching safepoint: 59848 ns, At safepoint: 5404 ns, Total: 65252 ns
[2020-10-31T11:16:17.367+0000][info][safepoint    ] Safepoint "Cleanup", Time since last: 1000107308 ns, Reaching safepoint: 57081 ns, At safepoint: 6236 ns, Total: 63317 ns
[2020-10-31T11:16:18.368+0000][info][safepoint    ] Safepoint "Cleanup", Time since last: 1000109709 ns, Reaching safepoint: 138924 ns, At safepoint: 5095 ns, Total: 144019 ns
[2020-10-31T11:16:19.368+0000][info][safepoint    ] Safepoint "Cleanup", Time since last: 1000106724 ns, Reaching safepoint: 61777 ns, At safepoint: 4626 ns, Total: 66403 ns
[2020-10-31T11:16:20.368+0000][info][safepoint    ] Safepoint "Cleanup", Time since last: 1000102255 ns, Reaching safepoint: 131194 ns, At safepoint: 5714 ns, Total: 136908 ns
[2020-10-31T11:16:21.560+0000][info][safepoint    ] Safepoint "Cleanup", Time since last: 1191867349 ns, Reaching safepoint: 134720 ns, At safepoint: 5183 ns, Total: 139903 ns
[2020-10-31T11:16:22.560+0000][info][safepoint    ] Safepoint "Cleanup", Time since last: 1000126140 ns, Reaching safepoint: 56449 ns, At safepoint: 5735 ns, Total: 62184 ns
[2020-10-31T11:16:23.564+0000][info][safepoint    ] Safepoint "Cleanup", Time since last: 1003669689 ns, Reaching safepoint: 71592 ns, At safepoint: 6403 ns, Total: 77995 ns
[2020-10-31T11:16:24.564+0000][info][safepoint    ] Safepoint "Cleanup", Time since last: 1000106472 ns, Reaching safepoint: 136399 ns, At safepoint: 5136 ns, Total: 141535 ns
[2020-10-31T11:16:24.696+0000][info][gc           ] Trigger: Average GC time (657.78 ms) is above the time for allocation rate (312.75 MB/s) to deplete free headroom (205M)
[2020-10-31T11:16:24.696+0000][info][gc,ergo      ] Free headroom: 410M (free) - 204M (spike) - 0M (penalties) = 205M
[2020-10-31T11:16:24.696+0000][info][gc,ergo      ] Free: 410M (205 regions), Max regular: 2048K, Max humongous: 278528K, External frag: 34%, Internal frag: 0%
[2020-10-31T11:16:24.696+0000][info][gc,ergo      ] Evacuation Reserve: 206M (103 regions), Max regular: 2048K
[2020-10-31T11:16:24.696+0000][info][gc,start     ] GC(31) Concurrent reset
[2020-10-31T11:16:24.696+0000][info][gc,task      ] GC(31) Using 1 of 1 workers for concurrent reset
[2020-10-31T11:16:24.705+0000][info][gc           ] GC(31) Concurrent reset 3480M->3480M(4096M) 8.858ms
[2020-10-31T11:16:24.705+0000][info][gc,start     ] GC(31) Pause Init Mark
[2020-10-31T11:16:24.705+0000][info][gc,task      ] GC(31) Using 1 of 1 workers for init marking
[2020-10-31T11:16:24.706+0000][info][gc,ergo      ] GC(31) Pacer for Mark. Expected Live: 116M, Free: 410M, Non-Taxable: 41M, Alloc Tax Rate: 1.0x
[2020-10-31T11:16:24.706+0000][info][gc           ] GC(31) Pause Init Mark 0.477ms
[2020-10-31T11:16:24.706+0000][info][safepoint    ] Safepoint "ShenandoahInitMark", Time since last: 140802482 ns, Reaching safepoint: 136713 ns, At safepoint: 497745 ns, Total: 634458 ns
[2020-10-31T11:16:24.706+0000][info][gc,start     ] GC(31) Concurrent marking
[2020-10-31T11:16:24.706+0000][info][gc,task      ] GC(31) Using 1 of 1 workers for concurrent marking
[2020-10-31T11:16:24.879+0000][info][gc           ] GC(31) Concurrent marking 3480M->3524M(4096M) 173.622ms
[2020-10-31T11:16:24.879+0000][info][gc,start     ] GC(31) Pause Final Mark
[2020-10-31T11:16:24.879+0000][info][gc,task      ] GC(31) Using 1 of 1 workers for final marking
[2020-10-31T11:16:24.880+0000][info][gc,ergo      ] GC(31) Adaptive CSet Selection. Target Free: 409M, Actual Free: 762M, Max CSet: 170M, Min Garbage: 0M
[2020-10-31T11:16:24.880+0000][info][gc,ergo      ] GC(31) Collectable Garbage: 3240M (94% of total), 43M CSet, 1642 CSet regions
[2020-10-31T11:16:24.880+0000][info][gc,ergo      ] GC(31) Immediate Garbage: 190M (5% of total), 95 regions
[2020-10-31T11:16:24.881+0000][info][gc,ergo      ] GC(31) Pacer for Evacuation. Used CSet: 3284M, Free: 556M, Non-Taxable: 55M, Alloc Tax Rate: 14.4x
[2020-10-31T11:16:24.881+0000][info][gc           ] GC(31) Pause Final Mark 1.430ms
[2020-10-31T11:16:24.881+0000][info][safepoint    ] Safepoint "ShenandoahFinalMarkStartEvac", Time since last: 173696259 ns, Reaching safepoint: 61179 ns, At safepoint: 1451733 ns, Total: 1512912 ns
[2020-10-31T11:16:24.881+0000][info][gc,start     ] GC(31) Concurrent cleanup
[2020-10-31T11:16:24.881+0000][info][gc           ] GC(31) Concurrent cleanup 3524M->3336M(4096M) 0.166ms
[2020-10-31T11:16:24.881+0000][info][gc,ergo      ] GC(31) Free: 554M (277 regions), Max regular: 2048K, Max humongous: 473088K, External frag: 17%, Internal frag: 0%
[2020-10-31T11:16:24.881+0000][info][gc,ergo      ] GC(31) Evacuation Reserve: 205M (103 regions), Max regular: 2048K
[2020-10-31T11:16:24.881+0000][info][gc,start     ] GC(31) Concurrent evacuation
[2020-10-31T11:16:24.881+0000][info][gc,task      ] GC(31) Using 1 of 1 workers for concurrent evacuation
[2020-10-31T11:16:24.962+0000][info][gc           ] GC(31) Concurrent evacuation 3336M->3402M(4096M) 80.522ms
[2020-10-31T11:16:24.962+0000][info][gc,start     ] GC(31) Pause Init Update Refs
[2020-10-31T11:16:24.962+0000][info][gc,ergo      ] GC(31) Pacer for Update Refs. Used: 3402M, Free: 532M, Non-Taxable: 53M, Alloc Tax Rate: 7.8x
[2020-10-31T11:16:24.962+0000][info][gc           ] GC(31) Pause Init Update Refs 0.053ms
[2020-10-31T11:16:24.962+0000][info][safepoint    ] Safepoint "ShenandoahInitUpdateRefs", Time since last: 80803838 ns, Reaching safepoint: 131023 ns, At safepoint: 71333 ns, Total: 202356 ns
[2020-10-31T11:16:24.962+0000][info][gc,start     ] GC(31) Concurrent update references
[2020-10-31T11:16:24.962+0000][info][gc,task      ] GC(31) Using 1 of 1 workers for concurrent reference update
[2020-10-31T11:16:25.085+0000][info][gc           ] GC(31) Concurrent update references 3402M->3436M(4096M) 123.179ms
[2020-10-31T11:16:25.085+0000][info][gc,start     ] GC(31) Pause Final Update Refs
[2020-10-31T11:16:25.085+0000][info][gc,task      ] GC(31) Using 1 of 1 workers for final reference update
[2020-10-31T11:16:25.085+0000][info][gc           ] GC(31) Pause Final Update Refs 0.189ms
[2020-10-31T11:16:25.086+0000][info][safepoint    ] Safepoint "ShenandoahFinalUpdateRefs", Time since last: 123257009 ns, Reaching safepoint: 139269 ns, At safepoint: 209144 ns, Total: 348413 ns
[2020-10-31T11:16:25.086+0000][info][gc,start     ] GC(31) Concurrent cleanup
[2020-10-31T11:16:25.086+0000][info][gc           ] GC(31) Concurrent cleanup 3436M->152M(4096M) 0.279ms
[2020-10-31T11:16:25.086+0000][info][gc,ergo      ] Free: 3738M (1869 regions), Max regular: 2048K, Max humongous: 3125248K, External frag: 19%, Internal frag: 0%
[2020-10-31T11:16:25.086+0000][info][gc,ergo      ] Evacuation Reserve: 206M (103 regions), Max regular: 2048K
[2020-10-31T11:16:25.086+0000][info][gc,ergo      ] Pacer for Idle. Initial: 81M, Alloc Tax Rate: 1.0x
[2020-10-31T11:16:26.086+0000][info][safepoint    ] Safepoint "Cleanup", Time since last: 1000080796 ns, Reaching safepoint: 134699 ns, At safepoint: 5036 ns, Total: 139735 ns
[2020-10-31T11:16:27.086+0000][info][safepoint    ] Safepoint "Cleanup", Time since last: 1000107735 ns, Reaching safepoint: 134570 ns, At safepoint: 4952 ns, Total: 139522 ns
[2020-10-31T11:16:28.086+0000][info][safepoint    ] Safepoint "Cleanup", Time since last: 1000109137 ns, Reaching safepoint: 135093 ns, At safepoint: 5360 ns, Total: 140453 ns
[2020-10-31T11:16:29.087+0000][info][safepoint    ] Safepoint "Cleanup", Time since last: 1000924475 ns, Reaching safepoint: 133941 ns, At safepoint: 5011 ns, Total: 138952 ns
[2020-10-31T11:16:30.088+0000][info][safepoint    ] Safepoint "Cleanup", Time since last: 1000107327 ns, Reaching safepoint: 131925 ns, At safepoint: 5913 ns, Total: 137838 ns
[2020-10-31T11:16:31.088+0000][info][safepoint    ] Safepoint "Cleanup", Time since last: 1000105215 ns, Reaching safepoint: 151107 ns, At safepoint: 3377 ns, Total: 154484 ns
[2020-10-31T11:16:32.088+0000][info][safepoint    ] Safepoint "Cleanup", Time since last: 1000100159 ns, Reaching safepoint: 59542 ns, At safepoint: 5574 ns, Total: 65116 ns
[2020-10-31T11:16:33.088+0000][info][safepoint    ] Safepoint "Cleanup", Time since last: 1000110545 ns, Reaching safepoint: 139280 ns, At safepoint: 5514 ns, Total: 144794 ns
[2020-10-31T11:16:34.088+0000][info][safepoint    ] Safepoint "Cleanup", Time since last: 1000108893 ns, Reaching safepoint: 57500 ns, At safepoint: 4035 ns, Total: 61535 ns
[2020-10-31T11:16:35.089+0000][info][safepoint    ] Safepoint "Cleanup", Time since last: 1000112408 ns, Reaching safepoint: 65908 ns, At safepoint: 5504 ns, Total: 71412 ns
[2020-10-31T11:16:35.203+0000][info][gc           ] Trigger: Average GC time (658.33 ms) is above the time for allocation rate (325.70 MB/s) to deplete free headroom (213M)
[2020-10-31T11:16:35.203+0000][info][gc,ergo      ] Free headroom: 418M (free) - 204M (spike) - 0M (penalties) = 213M
[2020-10-31T11:16:35.203+0000][info][gc,ergo      ] Free: 418M (209 regions), Max regular: 2048K, Max humongous: 425984K, External frag: 1%, Internal frag: 0%
[2020-10-31T11:16:35.203+0000][info][gc,ergo      ] Evacuation Reserve: 206M (103 regions), Max regular: 2048K
[2020-10-31T11:16:35.203+0000][info][gc,start     ] GC(32) Concurrent reset
[2020-10-31T11:16:35.203+0000][info][gc,task      ] GC(32) Using 1 of 1 workers for concurrent reset
[2020-10-31T11:16:35.211+0000][info][gc           ] GC(32) Concurrent reset 3472M->3472M(4096M) 8.571ms
[2020-10-31T11:16:35.212+0000][info][gc,start     ] GC(32) Pause Init Mark
[2020-10-31T11:16:35.212+0000][info][gc,task      ] GC(32) Using 1 of 1 workers for init marking
[2020-10-31T11:16:35.212+0000][info][gc,ergo      ] GC(32) Pacer for Mark. Expected Live: 116M, Free: 418M, Non-Taxable: 41M, Alloc Tax Rate: 1.0x
[2020-10-31T11:16:35.212+0000][info][gc           ] GC(32) Pause Init Mark 0.488ms
[2020-10-31T11:16:35.212+0000][info][safepoint    ] Safepoint "ShenandoahInitMark", Time since last: 122880268 ns, Reaching safepoint: 133143 ns, At safepoint: 509036 ns, Total: 642179 ns
[2020-10-31T11:16:35.212+0000][info][gc,start     ] GC(32) Concurrent marking
[2020-10-31T11:16:35.212+0000][info][gc,task      ] GC(32) Using 1 of 1 workers for concurrent marking
[2020-10-31T11:16:35.442+0000][info][gc           ] GC(32) Concurrent marking 3474M->3530M(4096M) 229.963ms
[2020-10-31T11:16:35.442+0000][info][gc,start     ] GC(32) Pause Final Mark
[2020-10-31T11:16:35.442+0000][info][gc,task      ] GC(32) Using 1 of 1 workers for final marking
[2020-10-31T11:16:35.443+0000][info][gc,ergo      ] GC(32) Adaptive CSet Selection. Target Free: 409M, Actual Free: 566M, Max CSet: 170M, Min Garbage: 0M
[2020-10-31T11:16:35.443+0000][info][gc,ergo      ] GC(32) Collectable Garbage: 3376M (99% of total), 45M CSet, 1711 CSet regions
[2020-10-31T11:16:35.443+0000][info][gc,ergo      ] GC(32) Immediate Garbage: 0M (0% of total), 0 regions
[2020-10-31T11:16:35.444+0000][info][gc,ergo      ] GC(32) Pacer for Evacuation. Used CSet: 3422M, Free: 360M, Non-Taxable: 36M, Alloc Tax Rate: 23.2x
[2020-10-31T11:16:35.444+0000][info][gc           ] GC(32) Pause Final Mark 1.387ms
[2020-10-31T11:16:35.444+0000][info][safepoint    ] Safepoint "ShenandoahFinalMarkStartEvac", Time since last: 230044268 ns, Reaching safepoint: 139425 ns, At safepoint: 1408872 ns, Total: 1548297 ns
[2020-10-31T11:16:35.444+0000][info][gc,start     ] GC(32) Concurrent cleanup
[2020-10-31T11:16:35.444+0000][info][gc           ] GC(32) Concurrent cleanup 3530M->3534M(4096M) 0.180ms
[2020-10-31T11:16:35.444+0000][info][gc,ergo      ] GC(32) Free: 356M (178 regions), Max regular: 2048K, Max humongous: 362496K, External frag: 1%, Internal frag: 0%
[2020-10-31T11:16:35.444+0000][info][gc,ergo      ] GC(32) Evacuation Reserve: 206M (103 regions), Max regular: 2048K
[2020-10-31T11:16:35.444+0000][info][gc,start     ] GC(32) Concurrent evacuation
[2020-10-31T11:16:35.444+0000][info][gc,task      ] GC(32) Using 1 of 1 workers for concurrent evacuation
[2020-10-31T11:16:35.529+0000][info][gc           ] GC(32) Concurrent evacuation 3534M->3600M(4096M) 85.197ms
[2020-10-31T11:16:35.529+0000][info][gc,start     ] GC(32) Pause Init Update Refs
[2020-10-31T11:16:35.529+0000][info][gc,ergo      ] GC(32) Pacer for Update Refs. Used: 3600M, Free: 336M, Non-Taxable: 33M, Alloc Tax Rate: 13.1x
[2020-10-31T11:16:35.529+0000][info][gc           ] GC(32) Pause Init Update Refs 0.052ms
[2020-10-31T11:16:35.529+0000][info][safepoint    ] Safepoint "ShenandoahInitUpdateRefs", Time since last: 85500142 ns, Reaching safepoint: 143447 ns, At safepoint: 69654 ns, Total: 213101 ns
[2020-10-31T11:16:35.529+0000][info][gc,start     ] GC(32) Concurrent update references
[2020-10-31T11:16:35.529+0000][info][gc,task      ] GC(32) Using 1 of 1 workers for concurrent reference update
[2020-10-31T11:16:35.700+0000][info][gc           ] GC(32) Concurrent update references 3602M->3644M(4096M) 170.578ms
[2020-10-31T11:16:35.700+0000][info][gc,start     ] GC(32) Pause Final Update Refs
[2020-10-31T11:16:35.700+0000][info][gc,task      ] GC(32) Using 1 of 1 workers for final reference update
[2020-10-31T11:16:35.700+0000][info][gc           ] GC(32) Pause Final Update Refs 0.200ms
[2020-10-31T11:16:35.700+0000][info][safepoint    ] Safepoint "ShenandoahFinalUpdateRefs", Time since last: 170656590 ns, Reaching safepoint: 141743 ns, At safepoint: 237941 ns, Total: 379684 ns
[2020-10-31T11:16:35.700+0000][info][gc,start     ] GC(32) Concurrent cleanup
[2020-10-31T11:16:35.701+0000][info][gc           ] GC(32) Concurrent cleanup 3644M->222M(4096M) 0.326ms
[2020-10-31T11:16:35.701+0000][info][gc,ergo      ] Free: 3668M (1834 regions), Max regular: 2048K, Max humongous: 3504128K, External frag: 7%, Internal frag: 0%
[2020-10-31T11:16:35.701+0000][info][gc,ergo      ] Evacuation Reserve: 206M (103 regions), Max regular: 2048K
[2020-10-31T11:16:35.701+0000][info][gc,ergo      ] Pacer for Idle. Initial: 81M, Alloc Tax Rate: 1.0x
[2020-10-31T11:16:36.701+0000][info][safepoint    ] Safepoint "Cleanup", Time since last: 1000093249 ns, Reaching safepoint: 135864 ns, At safepoint: 5122 ns, Total: 140986 ns
[2020-10-31T11:16:37.701+0000][info][safepoint    ] Safepoint "Cleanup", Time since last: 1000105389 ns, Reaching safepoint: 135159 ns, At safepoint: 7278 ns, Total: 142437 ns
[2020-10-31T11:16:38.701+0000][info][safepoint    ] Safepoint "Cleanup", Time since last: 1000107785 ns, Reaching safepoint: 131558 ns, At safepoint: 7899 ns, Total: 139457 ns
[2020-10-31T11:16:39.701+0000][info][safepoint    ] Safepoint "Cleanup", Time since last: 1000110909 ns, Reaching safepoint: 60950 ns, At safepoint: 2894 ns, Total: 63844 ns
[2020-10-31T11:16:40.702+0000][info][safepoint    ] Safepoint "Cleanup", Time since last: 1000101719 ns, Reaching safepoint: 62245 ns, At safepoint: 6279 ns, Total: 68524 ns
[2020-10-31T11:16:41.702+0000][info][safepoint    ] Safepoint "Cleanup", Time since last: 1000101315 ns, Reaching safepoint: 130931 ns, At safepoint: 5686 ns, Total: 136617 ns
[2020-10-31T11:16:42.702+0000][info][safepoint    ] Safepoint "Cleanup", Time since last: 1000106264 ns, Reaching safepoint: 133380 ns, At safepoint: 5776 ns, Total: 139156 ns
[2020-10-31T11:16:43.702+0000][info][safepoint    ] Safepoint "Cleanup", Time since last: 1000108203 ns, Reaching safepoint: 132786 ns, At safepoint: 3236 ns, Total: 136022 ns
[2020-10-31T11:16:44.702+0000][info][safepoint    ] Safepoint "Cleanup", Time since last: 1000108457 ns, Reaching safepoint: 56177 ns, At safepoint: 6200 ns, Total: 62377 ns
[2020-10-31T11:16:45.595+0000][info][gc           ] Trigger: Average GC time (659.49 ms) is above the time for allocation rate (324.85 MB/s) to deplete free headroom (213M)
[2020-10-31T11:16:45.595+0000][info][gc,ergo      ] Free headroom: 418M (free) - 204M (spike) - 0M (penalties) = 213M
[2020-10-31T11:16:45.595+0000][info][gc,ergo      ] Free: 418M (209 regions), Max regular: 2048K, Max humongous: 249856K, External frag: 42%, Internal frag: 0%
[2020-10-31T11:16:45.595+0000][info][gc,ergo      ] Evacuation Reserve: 206M (103 regions), Max regular: 2048K
[2020-10-31T11:16:45.595+0000][info][gc,start     ] GC(33) Concurrent reset
[2020-10-31T11:16:45.595+0000][info][gc,task      ] GC(33) Using 1 of 1 workers for concurrent reset
[2020-10-31T11:16:45.604+0000][info][gc           ] GC(33) Concurrent reset 3472M->3472M(4096M) 9.058ms
[2020-10-31T11:16:45.604+0000][info][gc,start     ] GC(33) Pause Init Mark
[2020-10-31T11:16:45.605+0000][info][gc,task      ] GC(33) Using 1 of 1 workers for init marking
[2020-10-31T11:16:45.605+0000][info][gc,ergo      ] GC(33) Pacer for Mark. Expected Live: 116M, Free: 418M, Non-Taxable: 41M, Alloc Tax Rate: 1.0x
[2020-10-31T11:16:45.605+0000][info][gc           ] GC(33) Pause Init Mark 0.482ms
[2020-10-31T11:16:45.605+0000][info][safepoint    ] Safepoint "ShenandoahInitMark", Time since last: 901953856 ns, Reaching safepoint: 137039 ns, At safepoint: 502304 ns, Total: 639343 ns
[2020-10-31T11:16:45.605+0000][info][gc,start     ] GC(33) Concurrent marking
[2020-10-31T11:16:45.605+0000][info][gc,task      ] GC(33) Using 1 of 1 workers for concurrent marking
[2020-10-31T11:16:45.890+0000][info][gc           ] GC(33) Concurrent marking 3474M->3546M(4096M) 284.548ms
[2020-10-31T11:16:45.890+0000][info][gc,start     ] GC(33) Pause Final Mark
[2020-10-31T11:16:45.890+0000][info][gc,task      ] GC(33) Using 1 of 1 workers for final marking
[2020-10-31T11:16:45.890+0000][info][gc,ergo      ] GC(33) Adaptive CSet Selection. Target Free: 409M, Actual Free: 550M, Max CSet: 170M, Min Garbage: 0M
[2020-10-31T11:16:45.891+0000][info][gc,ergo      ] GC(33) Collectable Garbage: 3331M (99% of total), 44M CSet, 1688 CSet regions
[2020-10-31T11:16:45.891+0000][info][gc,ergo      ] GC(33) Immediate Garbage: 0M (0% of total), 0 regions
[2020-10-31T11:16:45.891+0000][info][gc,ergo      ] GC(33) Pacer for Evacuation. Used CSet: 3376M, Free: 344M, Non-Taxable: 34M, Alloc Tax Rate: 24.0x
[2020-10-31T11:16:45.891+0000][info][gc           ] GC(33) Pause Final Mark 1.430ms
[2020-10-31T11:16:45.891+0000][info][safepoint    ] Safepoint "ShenandoahFinalMarkStartEvac", Time since last: 284640577 ns, Reaching safepoint: 137541 ns, At safepoint: 1451574 ns, Total: 1589115 ns
[2020-10-31T11:16:45.891+0000][info][gc,start     ] GC(33) Concurrent cleanup
[2020-10-31T11:16:45.891+0000][info][gc           ] GC(33) Concurrent cleanup 3548M->3550M(4096M) 0.179ms
[2020-10-31T11:16:45.891+0000][info][gc,ergo      ] GC(33) Free: 340M (170 regions), Max regular: 2048K, Max humongous: 249856K, External frag: 29%, Internal frag: 0%
[2020-10-31T11:16:45.891+0000][info][gc,ergo      ] GC(33) Evacuation Reserve: 205M (103 regions), Max regular: 2048K
[2020-10-31T11:16:45.891+0000][info][gc,start     ] GC(33) Concurrent evacuation
[2020-10-31T11:16:45.891+0000][info][gc,task      ] GC(33) Using 1 of 1 workers for concurrent evacuation
[2020-10-31T11:16:45.975+0000][info][gc           ] GC(33) Concurrent evacuation 3550M->3616M(4096M) 83.875ms
[2020-10-31T11:16:45.975+0000][info][gc,start     ] GC(33) Pause Init Update Refs
[2020-10-31T11:16:45.976+0000][info][gc,ergo      ] GC(33) Pacer for Update Refs. Used: 3616M, Free: 320M, Non-Taxable: 32M, Alloc Tax Rate: 13.8x
[2020-10-31T11:16:45.976+0000][info][gc           ] GC(33) Pause Init Update Refs 0.052ms
[2020-10-31T11:16:45.976+0000][info][safepoint    ] Safepoint "ShenandoahInitUpdateRefs", Time since last: 84179072 ns, Reaching safepoint: 65378 ns, At safepoint: 70451 ns, Total: 135829 ns
[2020-10-31T11:16:45.976+0000][info][gc,start     ] GC(33) Concurrent update references
[2020-10-31T11:16:45.976+0000][info][gc,task      ] GC(33) Using 1 of 1 workers for concurrent reference update
[2020-10-31T11:16:46.185+0000][info][gc           ] GC(33) Concurrent update references 3618M->3670M(4096M) 209.404ms
[2020-10-31T11:16:46.185+0000][info][gc,start     ] GC(33) Pause Final Update Refs
[2020-10-31T11:16:46.185+0000][info][gc,task      ] GC(33) Using 1 of 1 workers for final reference update
[2020-10-31T11:16:46.185+0000][info][gc           ] GC(33) Pause Final Update Refs 0.192ms
[2020-10-31T11:16:46.185+0000][info][safepoint    ] Safepoint "ShenandoahFinalUpdateRefs", Time since last: 209487542 ns, Reaching safepoint: 137741 ns, At safepoint: 214810 ns, Total: 352551 ns
[2020-10-31T11:16:46.185+0000][info][gc,start     ] GC(33) Concurrent cleanup
[2020-10-31T11:16:46.186+0000][info][gc           ] GC(33) Concurrent cleanup 3670M->294M(4096M) 0.306ms
[2020-10-31T11:16:46.186+0000][info][gc,ergo      ] Free: 3596M (1798 regions), Max regular: 2048K, Max humongous: 3328000K, External frag: 10%, Internal frag: 0%
[2020-10-31T11:16:46.186+0000][info][gc,ergo      ] Evacuation Reserve: 206M (103 regions), Max regular: 2048K
[2020-10-31T11:16:46.186+0000][info][gc,ergo      ] Pacer for Idle. Initial: 81M, Alloc Tax Rate: 1.0x
[2020-10-31T11:16:47.186+0000][info][safepoint    ] Safepoint "Cleanup", Time since last: 1000081160 ns, Reaching safepoint: 133114 ns, At safepoint: 5235 ns, Total: 138349 ns
[2020-10-31T11:16:48.186+0000][info][safepoint    ] Safepoint "Cleanup", Time since last: 1000105494 ns, Reaching safepoint: 145495 ns, At safepoint: 3048 ns, Total: 148543 ns
[2020-10-31T11:16:49.186+0000][info][safepoint    ] Safepoint "Cleanup", Time since last: 1000108268 ns, Reaching safepoint: 133697 ns, At safepoint: 5749 ns, Total: 139446 ns
[2020-10-31T11:16:50.186+0000][info][safepoint    ] Safepoint "Cleanup", Time since last: 1000119713 ns, Reaching safepoint: 132348 ns, At safepoint: 5681 ns, Total: 138029 ns
[2020-10-31T11:16:51.187+0000][info][safepoint    ] Safepoint "Cleanup", Time since last: 1000102853 ns, Reaching safepoint: 130633 ns, At safepoint: 5645 ns, Total: 136278 ns
[2020-10-31T11:16:52.187+0000][info][safepoint    ] Safepoint "Cleanup", Time since last: 1000107729 ns, Reaching safepoint: 55148 ns, At safepoint: 4778 ns, Total: 59926 ns
[2020-10-31T11:16:53.187+0000][info][safepoint    ] Safepoint "Cleanup", Time since last: 1000103479 ns, Reaching safepoint: 55811 ns, At safepoint: 7284 ns, Total: 63095 ns
[2020-10-31T11:16:54.187+0000][info][safepoint    ] Safepoint "Cleanup", Time since last: 1000100551 ns, Reaching safepoint: 131544 ns, At safepoint: 5697 ns, Total: 137241 ns
[2020-10-31T11:16:55.187+0000][info][safepoint    ] Safepoint "Cleanup", Time since last: 1000108965 ns, Reaching safepoint: 135232 ns, At safepoint: 5184 ns, Total: 140416 ns
[2020-10-31T11:16:55.870+0000][info][gc           ] Trigger: Average GC time (659.31 ms) is above the time for allocation rate (324.10 MB/s) to deplete free headroom (213M)
[2020-10-31T11:16:55.870+0000][info][gc,ergo      ] Free headroom: 418M (free) - 204M (spike) - 0M (penalties) = 213M
[2020-10-31T11:16:55.870+0000][info][gc,ergo      ] Free: 418M (209 regions), Max regular: 2048K, Max humongous: 352256K, External frag: 18%, Internal frag: 0%
[2020-10-31T11:16:55.870+0000][info][gc,ergo      ] Evacuation Reserve: 206M (103 regions), Max regular: 2048K
[2020-10-31T11:16:55.870+0000][info][gc,start     ] GC(34) Concurrent reset
[2020-10-31T11:16:55.870+0000][info][gc,task      ] GC(34) Using 1 of 1 workers for concurrent reset
[2020-10-31T11:16:55.879+0000][info][gc           ] GC(34) Concurrent reset 3472M->3472M(4096M) 8.928ms
[2020-10-31T11:16:55.879+0000][info][gc,start     ] GC(34) Pause Init Mark
[2020-10-31T11:16:55.879+0000][info][gc,task      ] GC(34) Using 1 of 1 workers for init marking
[2020-10-31T11:16:55.879+0000][info][gc,ergo      ] GC(34) Pacer for Mark. Expected Live: 116M, Free: 418M, Non-Taxable: 41M, Alloc Tax Rate: 1.0x
[2020-10-31T11:16:55.879+0000][info][gc           ] GC(34) Pause Init Mark 0.470ms
[2020-10-31T11:16:55.879+0000][info][safepoint    ] Safepoint "ShenandoahInitMark", Time since last: 691364750 ns, Reaching safepoint: 137848 ns, At safepoint: 489512 ns, Total: 627360 ns
[2020-10-31T11:16:55.879+0000][info][gc,start     ] GC(34) Concurrent marking
[2020-10-31T11:16:55.879+0000][info][gc,task      ] GC(34) Using 1 of 1 workers for concurrent marking
[2020-10-31T11:16:56.219+0000][info][gc           ] GC(34) Concurrent marking 3474M->3570M(4096M) 340.046ms
[2020-10-31T11:16:56.220+0000][info][gc,start     ] GC(34) Pause Final Mark
[2020-10-31T11:16:56.220+0000][info][gc,task      ] GC(34) Using 1 of 1 workers for final marking
[2020-10-31T11:16:56.220+0000][info][gc,ergo      ] GC(34) Adaptive CSet Selection. Target Free: 409M, Actual Free: 526M, Max CSet: 170M, Min Garbage: 0M
[2020-10-31T11:16:56.220+0000][info][gc,ergo      ] GC(34) Collectable Garbage: 3287M (99% of total), 44M CSet, 1666 CSet regions
[2020-10-31T11:16:56.220+0000][info][gc,ergo      ] GC(34) Immediate Garbage: 0M (0% of total), 0 regions
[2020-10-31T11:16:56.221+0000][info][gc,ergo      ] GC(34) Pacer for Evacuation. Used CSet: 3332M, Free: 320M, Non-Taxable: 32M, Alloc Tax Rate: 25.5x
[2020-10-31T11:16:56.221+0000][info][gc           ] GC(34) Pause Final Mark 1.409ms
[2020-10-31T11:16:56.221+0000][info][safepoint    ] Safepoint "ShenandoahFinalMarkStartEvac", Time since last: 340126208 ns, Reaching safepoint: 142677 ns, At safepoint: 1429861 ns, Total: 1572538 ns
[2020-10-31T11:16:56.221+0000][info][gc,start     ] GC(34) Concurrent cleanup
[2020-10-31T11:16:56.221+0000][info][gc           ] GC(34) Concurrent cleanup 3572M->3574M(4096M) 0.172ms
[2020-10-31T11:16:56.221+0000][info][gc,ergo      ] GC(34) Free: 316M (158 regions), Max regular: 2048K, Max humongous: 321536K, External frag: 1%, Internal frag: 0%
[2020-10-31T11:16:56.221+0000][info][gc,ergo      ] GC(34) Evacuation Reserve: 206M (103 regions), Max regular: 2048K
[2020-10-31T11:16:56.221+0000][info][gc,start     ] GC(34) Concurrent evacuation
[2020-10-31T11:16:56.221+0000][info][gc,task      ] GC(34) Using 1 of 1 workers for concurrent evacuation
[2020-10-31T11:16:56.303+0000][info][gc           ] GC(34) Concurrent evacuation 3574M->3640M(4096M) 81.863ms
[2020-10-31T11:16:56.303+0000][info][gc,start     ] GC(34) Pause Init Update Refs
[2020-10-31T11:16:56.303+0000][info][gc,ergo      ] GC(34) Pacer for Update Refs. Used: 3640M, Free: 296M, Non-Taxable: 29M, Alloc Tax Rate: 15.0x
[2020-10-31T11:16:56.303+0000][info][gc           ] GC(34) Pause Init Update Refs 0.053ms
[2020-10-31T11:16:56.303+0000][info][safepoint    ] Safepoint "ShenandoahInitUpdateRefs", Time since last: 82177642 ns, Reaching safepoint: 137852 ns, At safepoint: 71710 ns, Total: 209562 ns
[2020-10-31T11:16:56.304+0000][info][gc,start     ] GC(34) Concurrent update references
[2020-10-31T11:16:56.304+0000][info][gc,task      ] GC(34) Using 1 of 1 workers for concurrent reference update
[2020-10-31T11:16:56.546+0000][info][gc           ] GC(34) Concurrent update references 3642M->3704M(4096M) 242.147ms
[2020-10-31T11:16:56.546+0000][info][gc,start     ] GC(34) Pause Final Update Refs
[2020-10-31T11:16:56.546+0000][info][gc,task      ] GC(34) Using 1 of 1 workers for final reference update
[2020-10-31T11:16:56.546+0000][info][gc           ] GC(34) Pause Final Update Refs 0.187ms
[2020-10-31T11:16:56.546+0000][info][safepoint    ] Safepoint "ShenandoahFinalUpdateRefs", Time since last: 242230774 ns, Reaching safepoint: 138492 ns, At safepoint: 208476 ns, Total: 346968 ns
[2020-10-31T11:16:56.546+0000][info][gc,start     ] GC(34) Concurrent cleanup
[2020-10-31T11:16:56.546+0000][info][gc           ] GC(34) Concurrent cleanup 3704M->372M(4096M) 0.301ms
[2020-10-31T11:16:56.546+0000][info][gc,ergo      ] Free: 3518M (1759 regions), Max regular: 2048K, Max humongous: 3254272K, External frag: 10%, Internal frag: 0%
[2020-10-31T11:16:56.546+0000][info][gc,ergo      ] Evacuation Reserve: 206M (103 regions), Max regular: 2048K
[2020-10-31T11:16:56.547+0000][info][gc,ergo      ] Pacer for Idle. Initial: 81M, Alloc Tax Rate: 1.0x
[2020-10-31T11:16:57.546+0000][info][safepoint    ] Safepoint "Cleanup", Time since last: 1000078565 ns, Reaching safepoint: 129059 ns, At safepoint: 5226 ns, Total: 134285 ns
[2020-10-31T11:16:58.546+0000][info][safepoint    ] Safepoint "Cleanup", Time since last: 1000106319 ns, Reaching safepoint: 54293 ns, At safepoint: 5583 ns, Total: 59876 ns
[2020-10-31T11:16:59.547+0000][info][safepoint    ] Safepoint "Cleanup", Time since last: 1000828382 ns, Reaching safepoint: 138645 ns, At safepoint: 5132 ns, Total: 143777 ns
[2020-10-31T11:17:00.548+0000][info][safepoint    ] Safepoint "Cleanup", Time since last: 1000109503 ns, Reaching safepoint: 138106 ns, At safepoint: 5112 ns, Total: 143218 ns
[2020-10-31T11:17:01.548+0000][info][safepoint    ] Safepoint "Cleanup", Time since last: 1000102343 ns, Reaching safepoint: 72103 ns, At safepoint: 5887 ns, Total: 77990 ns
[2020-10-31T11:17:02.548+0000][info][safepoint    ] Safepoint "Cleanup", Time since last: 1000103386 ns, Reaching safepoint: 135254 ns, At safepoint: 5269 ns, Total: 140523 ns
[2020-10-31T11:17:03.935+0000][info][safepoint    ] Safepoint "Cleanup", Time since last: 1387226436 ns, Reaching safepoint: 131697 ns, At safepoint: 5766 ns, Total: 137463 ns
[2020-10-31T11:17:04.936+0000][info][safepoint    ] Safepoint "Cleanup", Time since last: 1000110068 ns, Reaching safepoint: 51515 ns, At safepoint: 5753 ns, Total: 57268 ns
[2020-10-31T11:17:05.936+0000][info][safepoint    ] Safepoint "Cleanup", Time since last: 1000106590 ns, Reaching safepoint: 61333 ns, At safepoint: 6473 ns, Total: 67806 ns
[2020-10-31T11:17:06.082+0000][info][gc           ] Trigger: Average GC time (658.88 ms) is above the time for allocation rate (321.98 MB/s) to deplete free headroom (211M)
[2020-10-31T11:17:06.082+0000][info][gc,ergo      ] Free headroom: 416M (free) - 204M (spike) - 0M (penalties) = 211M
[2020-10-31T11:17:06.082+0000][info][gc,ergo      ] Free: 416M (208 regions), Max regular: 2048K, Max humongous: 190464K, External frag: 56%, Internal frag: 0%
[2020-10-31T11:17:06.082+0000][info][gc,ergo      ] Evacuation Reserve: 206M (103 regions), Max regular: 2048K
[2020-10-31T11:17:06.082+0000][info][gc,start     ] GC(35) Concurrent reset
[2020-10-31T11:17:06.082+0000][info][gc,task      ] GC(35) Using 1 of 1 workers for concurrent reset
[2020-10-31T11:17:06.091+0000][info][gc           ] GC(35) Concurrent reset 3474M->3474M(4096M) 9.085ms
[2020-10-31T11:17:06.091+0000][info][gc,start     ] GC(35) Pause Init Mark (process weakrefs)
[2020-10-31T11:17:06.091+0000][info][gc,task      ] GC(35) Using 1 of 1 workers for init marking
[2020-10-31T11:17:06.091+0000][info][gc,ergo      ] GC(35) Pacer for Mark. Expected Live: 116M, Free: 416M, Non-Taxable: 41M, Alloc Tax Rate: 1.0x
[2020-10-31T11:17:06.091+0000][info][gc           ] GC(35) Pause Init Mark (process weakrefs) 0.477ms
[2020-10-31T11:17:06.091+0000][info][safepoint    ] Safepoint "ShenandoahInitMark", Time since last: 155030166 ns, Reaching safepoint: 135821 ns, At safepoint: 497108 ns, Total: 632929 ns
[2020-10-31T11:17:06.091+0000][info][gc,start     ] GC(35) Concurrent marking (process weakrefs)
[2020-10-31T11:17:06.092+0000][info][gc,task      ] GC(35) Using 1 of 1 workers for concurrent marking
[2020-10-31T11:17:06.530+0000][info][gc           ] GC(35) Concurrent marking (process weakrefs) 3476M->3596M(4096M) 438.964ms
[2020-10-31T11:17:06.530+0000][info][gc,start     ] GC(35) Concurrent precleaning
[2020-10-31T11:17:06.531+0000][info][gc,task      ] GC(35) Using 1 of 1 workers for concurrent preclean
[2020-10-31T11:17:06.625+0000][info][gc           ] GC(35) Concurrent precleaning 3596M->3622M(4096M) 94.629ms
[2020-10-31T11:17:06.625+0000][info][gc,start     ] GC(35) Pause Final Mark (process weakrefs)
[2020-10-31T11:17:06.625+0000][info][gc,task      ] GC(35) Using 1 of 1 workers for final marking
[2020-10-31T11:17:06.707+0000][info][gc,ergo      ] GC(35) Adaptive CSet Selection. Target Free: 409M, Actual Free: 474M, Max CSet: 170M, Min Garbage: 0M
[2020-10-31T11:17:06.707+0000][info][gc,ergo      ] GC(35) Collectable Garbage: 3268M (97% of total), 23M CSet, 1646 CSet regions
[2020-10-31T11:17:06.707+0000][info][gc,ergo      ] GC(35) Immediate Garbage: 0M (0% of total), 0 regions
[2020-10-31T11:17:06.708+0000][info][gc,ergo      ] GC(35) Pacer for Evacuation. Used CSet: 3292M, Free: 268M, Non-Taxable: 26M, Alloc Tax Rate: 30.0x
[2020-10-31T11:17:06.708+0000][info][gc           ] GC(35) Pause Final Mark (process weakrefs) 82.245ms
[2020-10-31T11:17:06.708+0000][info][safepoint    ] Safepoint "ShenandoahFinalMarkStartEvac", Time since last: 533709724 ns, Reaching safepoint: 136737 ns, At safepoint: 82271557 ns, Total: 82408294 ns
[2020-10-31T11:17:06.708+0000][info][gc,start     ] GC(35) Concurrent cleanup
[2020-10-31T11:17:06.708+0000][info][gc           ] GC(35) Concurrent cleanup 3622M->3622M(4096M) 0.217ms
[2020-10-31T11:17:06.708+0000][info][gc,ergo      ] GC(35) Free: 268M (134 regions), Max regular: 2048K, Max humongous: 190464K, External frag: 31%, Internal frag: 0%
[2020-10-31T11:17:06.708+0000][info][gc,ergo      ] GC(35) Evacuation Reserve: 205M (103 regions), Max regular: 2048K
[2020-10-31T11:17:06.708+0000][info][gc,start     ] GC(35) Concurrent evacuation
[2020-10-31T11:17:06.708+0000][info][gc,task      ] GC(35) Using 1 of 1 workers for concurrent evacuation
[2020-10-31T11:17:06.834+0000][info][gc           ] GC(35) Concurrent evacuation 3622M->3672M(4096M) 126.244ms
[2020-10-31T11:17:06.834+0000][info][gc,start     ] GC(35) Pause Init Update Refs
[2020-10-31T11:17:06.834+0000][info][gc,ergo      ] GC(35) Pacer for Update Refs. Used: 3672M, Free: 244M, Non-Taxable: 24M, Alloc Tax Rate: 18.4x
[2020-10-31T11:17:06.834+0000][info][gc           ] GC(35) Pause Init Update Refs 0.054ms
[2020-10-31T11:17:06.834+0000][info][safepoint    ] Safepoint "ShenandoahInitUpdateRefs", Time since last: 126583140 ns, Reaching safepoint: 134547 ns, At safepoint: 74457 ns, Total: 209004 ns
[2020-10-31T11:17:06.834+0000][info][gc,start     ] GC(35) Concurrent update references
[2020-10-31T11:17:06.834+0000][info][gc,task      ] GC(35) Using 1 of 1 workers for concurrent reference update
[2020-10-31T11:17:07.152+0000][info][gc           ] GC(35) Concurrent update references 3672M->3732M(4096M) 317.713ms
[2020-10-31T11:17:07.152+0000][info][gc,start     ] GC(35) Pause Final Update Refs
[2020-10-31T11:17:07.152+0000][info][gc,task      ] GC(35) Using 1 of 1 workers for final reference update
[2020-10-31T11:17:07.153+0000][info][gc           ] GC(35) Pause Final Update Refs 0.197ms
[2020-10-31T11:17:07.153+0000][info][safepoint    ] Safepoint "ShenandoahFinalUpdateRefs", Time since last: 317812266 ns, Reaching safepoint: 140016 ns, At safepoint: 223661 ns, Total: 363677 ns
[2020-10-31T11:17:07.153+0000][info][gc,start     ] GC(35) Concurrent cleanup
[2020-10-31T11:17:07.153+0000][info][gc           ] GC(35) Concurrent cleanup 3732M->440M(4096M) 0.317ms
[2020-10-31T11:17:07.153+0000][info][gc,ergo      ] Free: 3450M (1725 regions), Max regular: 2048K, Max humongous: 3176448K, External frag: 11%, Internal frag: 0%
[2020-10-31T11:17:07.153+0000][info][gc,ergo      ] Evacuation Reserve: 206M (103 regions), Max regular: 2048K
[2020-10-31T11:17:07.153+0000][info][gc,ergo      ] Pacer for Idle. Initial: 81M, Alloc Tax Rate: 1.0x
[2020-10-31T11:17:08.153+0000][info][safepoint    ] Safepoint "Cleanup", Time since last: 1000080559 ns, Reaching safepoint: 127219 ns, At safepoint: 6471 ns, Total: 133690 ns
[2020-10-31T11:17:09.153+0000][info][safepoint    ] Safepoint "Cleanup", Time since last: 1000104935 ns, Reaching safepoint: 134242 ns, At safepoint: 7931 ns, Total: 142173 ns
[2020-10-31T11:17:10.153+0000][info][safepoint    ] Safepoint "Cleanup", Time since last: 1000118387 ns, Reaching safepoint: 134633 ns, At safepoint: 5667 ns, Total: 140300 ns
[2020-10-31T11:17:11.153+0000][info][safepoint    ] Safepoint "Cleanup", Time since last: 1000106863 ns, Reaching safepoint: 56165 ns, At safepoint: 5114 ns, Total: 61279 ns
[2020-10-31T11:17:12.154+0000][info][safepoint    ] Safepoint "Cleanup", Time since last: 1000112903 ns, Reaching safepoint: 135952 ns, At safepoint: 5016 ns, Total: 140968 ns
[2020-10-31T11:17:13.154+0000][info][safepoint    ] Safepoint "Cleanup", Time since last: 1000105121 ns, Reaching safepoint: 134065 ns, At safepoint: 5631 ns, Total: 139696 ns
[2020-10-31T11:17:14.154+0000][info][safepoint    ] Safepoint "Cleanup", Time since last: 1000111320 ns, Reaching safepoint: 136899 ns, At safepoint: 5317 ns, Total: 142216 ns
[2020-10-31T11:17:15.154+0000][info][safepoint    ] Safepoint "Cleanup", Time since last: 1000105312 ns, Reaching safepoint: 134024 ns, At safepoint: 5128 ns, Total: 139152 ns
[2020-10-31T11:17:16.155+0000][info][safepoint    ] Safepoint "Cleanup", Time since last: 1000106241 ns, Reaching safepoint: 137065 ns, At safepoint: 7126 ns, Total: 144191 ns
[2020-10-31T11:17:16.605+0000][info][gc           ] Trigger: Free (408M) is below minimum threshold (409M)
[2020-10-31T11:17:16.605+0000][info][gc,ergo      ] Free: 408M (204 regions), Max regular: 2048K, Max humongous: 163840K, External frag: 61%, Internal frag: 0%
[2020-10-31T11:17:16.605+0000][info][gc,ergo      ] Evacuation Reserve: 206M (103 regions), Max regular: 2048K
[2020-10-31T11:17:16.605+0000][info][gc,start     ] GC(36) Concurrent reset
[2020-10-31T11:17:16.605+0000][info][gc,task      ] GC(36) Using 1 of 1 workers for concurrent reset
[2020-10-31T11:17:16.614+0000][info][gc           ] GC(36) Concurrent reset 3482M->3482M(4096M) 8.866ms
[2020-10-31T11:17:16.614+0000][info][gc,start     ] GC(36) Pause Init Mark
[2020-10-31T11:17:16.614+0000][info][gc,task      ] GC(36) Using 1 of 1 workers for init marking
[2020-10-31T11:17:16.614+0000][info][gc,ergo      ] GC(36) Pacer for Mark. Expected Live: 116M, Free: 408M, Non-Taxable: 40M, Alloc Tax Rate: 1.0x
[2020-10-31T11:17:16.614+0000][info][gc           ] GC(36) Pause Init Mark 0.467ms
[2020-10-31T11:17:16.614+0000][info][safepoint    ] Safepoint "ShenandoahInitMark", Time since last: 458896250 ns, Reaching safepoint: 128437 ns, At safepoint: 488384 ns, Total: 616821 ns
[2020-10-31T11:17:16.614+0000][info][gc,start     ] GC(36) Concurrent marking
[2020-10-31T11:17:16.614+0000][info][gc,task      ] GC(36) Using 1 of 1 workers for concurrent marking
[2020-10-31T11:17:16.782+0000][info][gc           ] GC(36) Concurrent marking 3484M->3526M(4096M) 167.745ms
[2020-10-31T11:17:16.782+0000][info][gc,start     ] GC(36) Pause Final Mark
[2020-10-31T11:17:16.782+0000][info][gc,task      ] GC(36) Using 1 of 1 workers for final marking
[2020-10-31T11:17:16.783+0000][info][gc,ergo      ] GC(36) Adaptive CSet Selection. Target Free: 409M, Actual Free: 762M, Max CSet: 170M, Min Garbage: 0M
[2020-10-31T11:17:16.783+0000][info][gc,ergo      ] GC(36) Collectable Garbage: 3240M (94% of total), 43M CSet, 1642 CSet regions
[2020-10-31T11:17:16.783+0000][info][gc,ergo      ] GC(36) Immediate Garbage: 192M (5% of total), 96 regions
[2020-10-31T11:17:16.783+0000][info][gc,ergo      ] GC(36) Pacer for Evacuation. Used CSet: 3284M, Free: 556M, Non-Taxable: 55M, Alloc Tax Rate: 14.4x
[2020-10-31T11:17:16.783+0000][info][gc           ] GC(36) Pause Final Mark 1.368ms
[2020-10-31T11:17:16.783+0000][info][safepoint    ] Safepoint "ShenandoahFinalMarkStartEvac", Time since last: 167832947 ns, Reaching safepoint: 59483 ns, At safepoint: 1391397 ns, Total: 1450880 ns
[2020-10-31T11:17:16.784+0000][info][gc,start     ] GC(36) Concurrent cleanup
[2020-10-31T11:17:16.784+0000][info][gc           ] GC(36) Concurrent cleanup 3524M->3338M(4096M) 0.189ms
[2020-10-31T11:17:16.784+0000][info][gc,ergo      ] GC(36) Free: 552M (276 regions), Max regular: 2048K, Max humongous: 360448K, External frag: 37%, Internal frag: 0%
[2020-10-31T11:17:16.784+0000][info][gc,ergo      ] GC(36) Evacuation Reserve: 205M (103 regions), Max regular: 2048K
[2020-10-31T11:17:16.784+0000][info][gc,start     ] GC(36) Concurrent evacuation
[2020-10-31T11:17:16.784+0000][info][gc,task      ] GC(36) Using 1 of 1 workers for concurrent evacuation
[2020-10-31T11:17:16.865+0000][info][gc           ] GC(36) Concurrent evacuation 3338M->3402M(4096M) 80.925ms
[2020-10-31T11:17:16.865+0000][info][gc,start     ] GC(36) Pause Init Update Refs
[2020-10-31T11:17:16.865+0000][info][gc,ergo      ] GC(36) Pacer for Update Refs. Used: 3402M, Free: 532M, Non-Taxable: 53M, Alloc Tax Rate: 7.8x
[2020-10-31T11:17:16.865+0000][info][gc           ] GC(36) Pause Init Update Refs 0.052ms
[2020-10-31T11:17:16.865+0000][info][safepoint    ] Safepoint "ShenandoahInitUpdateRefs", Time since last: 81238058 ns, Reaching safepoint: 143645 ns, At safepoint: 70827 ns, Total: 214472 ns
[2020-10-31T11:17:16.865+0000][info][gc,start     ] GC(36) Concurrent update references
[2020-10-31T11:17:16.865+0000][info][gc,task      ] GC(36) Using 1 of 1 workers for concurrent reference update
[2020-10-31T11:17:16.987+0000][info][gc           ] GC(36) Concurrent update references 3402M->3436M(4096M) 122.100ms
[2020-10-31T11:17:16.987+0000][info][gc,start     ] GC(36) Pause Final Update Refs
[2020-10-31T11:17:16.987+0000][info][gc,task      ] GC(36) Using 1 of 1 workers for final reference update
[2020-10-31T11:17:16.987+0000][info][gc           ] GC(36) Pause Final Update Refs 0.194ms
[2020-10-31T11:17:16.987+0000][info][safepoint    ] Safepoint "ShenandoahFinalUpdateRefs", Time since last: 122179615 ns, Reaching safepoint: 141411 ns, At safepoint: 216951 ns, Total: 358362 ns
[2020-10-31T11:17:16.988+0000][info][gc,start     ] GC(36) Concurrent cleanup
[2020-10-31T11:17:16.988+0000][info][gc           ] GC(36) Concurrent cleanup 3436M->152M(4096M) 0.280ms
[2020-10-31T11:17:16.988+0000][info][gc,ergo      ] Free: 3738M (1869 regions), Max regular: 2048K, Max humongous: 3115008K, External frag: 19%, Internal frag: 0%
[2020-10-31T11:17:16.988+0000][info][gc,ergo      ] Evacuation Reserve: 206M (103 regions), Max regular: 2048K
[2020-10-31T11:17:16.988+0000][info][gc,ergo      ] Pacer for Idle. Initial: 81M, Alloc Tax Rate: 1.0x
[2020-10-31T11:17:17.988+0000][info][safepoint    ] Safepoint "Cleanup", Time since last: 1000082085 ns, Reaching safepoint: 135837 ns, At safepoint: 5494 ns, Total: 141331 ns
[2020-10-31T11:17:18.988+0000][info][safepoint    ] Safepoint "Cleanup", Time since last: 1000106885 ns, Reaching safepoint: 134154 ns, At safepoint: 3267 ns, Total: 137421 ns
[2020-10-31T11:17:19.988+0000][info][safepoint    ] Safepoint "Cleanup", Time since last: 1000108601 ns, Reaching safepoint: 135732 ns, At safepoint: 5083 ns, Total: 140815 ns
[2020-10-31T11:17:20.988+0000][info][safepoint    ] Safepoint "Cleanup", Time since last: 1000108156 ns, Reaching safepoint: 138517 ns, At safepoint: 7488 ns, Total: 146005 ns
[2020-10-31T11:17:21.989+0000][info][safepoint    ] Safepoint "Cleanup", Time since last: 1000077121 ns, Reaching safepoint: 131984 ns, At safepoint: 5218 ns, Total: 137202 ns
[2020-10-31T11:17:22.989+0000][info][safepoint    ] Safepoint "Cleanup", Time since last: 1000105861 ns, Reaching safepoint: 135732 ns, At safepoint: 5172 ns, Total: 140904 ns
[2020-10-31T11:17:23.989+0000][info][safepoint    ] Safepoint "Cleanup", Time since last: 1000104690 ns, Reaching safepoint: 134594 ns, At safepoint: 5501 ns, Total: 140095 ns
[2020-10-31T11:17:24.989+0000][info][safepoint    ] Safepoint "Cleanup", Time since last: 1000105867 ns, Reaching safepoint: 130397 ns, At safepoint: 5951 ns, Total: 136348 ns
[2020-10-31T11:17:25.990+0000][info][safepoint    ] Safepoint "Cleanup", Time since last: 1000108896 ns, Reaching safepoint: 137854 ns, At safepoint: 5311 ns, Total: 143165 ns
[2020-10-31T11:17:26.990+0000][info][safepoint    ] Safepoint "Cleanup", Time since last: 1000103769 ns, Reaching safepoint: 133644 ns, At safepoint: 3158 ns, Total: 136802 ns
[2020-10-31T11:17:27.288+0000][info][gc           ] Trigger: Average GC time (643.90 ms) is above the time for allocation rate (321.05 MB/s) to deplete free headroom (205M)
[2020-10-31T11:17:27.288+0000][info][gc,ergo      ] Free headroom: 410M (free) - 204M (spike) - 0M (penalties) = 205M
[2020-10-31T11:17:27.289+0000][info][gc,ergo      ] Free: 410M (205 regions), Max regular: 2048K, Max humongous: 417792K, External frag: 1%, Internal frag: 0%
[2020-10-31T11:17:27.289+0000][info][gc,ergo      ] Evacuation Reserve: 206M (103 regions), Max regular: 2048K
[2020-10-31T11:17:27.289+0000][info][gc,start     ] GC(37) Concurrent reset
[2020-10-31T11:17:27.289+0000][info][gc,task      ] GC(37) Using 1 of 1 workers for concurrent reset
[2020-10-31T11:17:27.297+0000][info][gc           ] GC(37) Concurrent reset 3480M->3480M(4096M) 8.371ms
[2020-10-31T11:17:27.297+0000][info][gc,start     ] GC(37) Pause Init Mark
[2020-10-31T11:17:27.297+0000][info][gc,task      ] GC(37) Using 1 of 1 workers for init marking
[2020-10-31T11:17:27.298+0000][info][gc,ergo      ] GC(37) Pacer for Mark. Expected Live: 116M, Free: 410M, Non-Taxable: 41M, Alloc Tax Rate: 1.0x
[2020-10-31T11:17:27.298+0000][info][gc           ] GC(37) Pause Init Mark 0.477ms
[2020-10-31T11:17:27.298+0000][info][safepoint    ] Safepoint "ShenandoahInitMark", Time since last: 307071990 ns, Reaching safepoint: 133478 ns, At safepoint: 497352 ns, Total: 630830 ns
[2020-10-31T11:17:27.298+0000][info][gc,start     ] GC(37) Concurrent marking
[2020-10-31T11:17:27.298+0000][info][gc,task      ] GC(37) Using 1 of 1 workers for concurrent marking
[2020-10-31T11:17:27.536+0000][info][gc           ] GC(37) Concurrent marking 3482M->3550M(4096M) 238.216ms
[2020-10-31T11:17:27.536+0000][info][gc,start     ] GC(37) Pause Final Mark
[2020-10-31T11:17:27.536+0000][info][gc,task      ] GC(37) Using 1 of 1 workers for final marking
[2020-10-31T11:17:27.537+0000][info][gc,ergo      ] GC(37) Adaptive CSet Selection. Target Free: 409M, Actual Free: 546M, Max CSet: 170M, Min Garbage: 0M
[2020-10-31T11:17:27.537+0000][info][gc,ergo      ] GC(37) Collectable Garbage: 3384M (99% of total), 45M CSet, 1715 CSet regions
[2020-10-31T11:17:27.537+0000][info][gc,ergo      ] GC(37) Immediate Garbage: 0M (0% of total), 0 regions
[2020-10-31T11:17:27.537+0000][info][gc,ergo      ] GC(37) Pacer for Evacuation. Used CSet: 3430M, Free: 340M, Non-Taxable: 34M, Alloc Tax Rate: 24.7x
[2020-10-31T11:17:27.537+0000][info][gc           ] GC(37) Pause Final Mark 1.440ms
[2020-10-31T11:17:27.537+0000][info][safepoint    ] Safepoint "ShenandoahFinalMarkStartEvac", Time since last: 238294512 ns, Reaching safepoint: 139962 ns, At safepoint: 1462230 ns, Total: 1602192 ns
[2020-10-31T11:17:27.538+0000][info][gc,start     ] GC(37) Concurrent cleanup
[2020-10-31T11:17:27.538+0000][info][gc           ] GC(37) Concurrent cleanup 3552M->3554M(4096M) 0.183ms
[2020-10-31T11:17:27.538+0000][info][gc,ergo      ] GC(37) Free: 336M (168 regions), Max regular: 2048K, Max humongous: 342016K, External frag: 1%, Internal frag: 0%
[2020-10-31T11:17:27.538+0000][info][gc,ergo      ] GC(37) Evacuation Reserve: 205M (103 regions), Max regular: 2048K
[2020-10-31T11:17:27.538+0000][info][gc,start     ] GC(37) Concurrent evacuation
[2020-10-31T11:17:27.538+0000][info][gc,task      ] GC(37) Using 1 of 1 workers for concurrent evacuation
[2020-10-31T11:17:27.622+0000][info][gc           ] GC(37) Concurrent evacuation 3554M->3620M(4096M) 83.875ms
[2020-10-31T11:17:27.622+0000][info][gc,start     ] GC(37) Pause Init Update Refs
[2020-10-31T11:17:27.622+0000][info][gc,ergo      ] GC(37) Pacer for Update Refs. Used: 3620M, Free: 316M, Non-Taxable: 31M, Alloc Tax Rate: 14.0x
[2020-10-31T11:17:27.622+0000][info][gc           ] GC(37) Pause Init Update Refs 0.045ms
[2020-10-31T11:17:27.622+0000][info][safepoint    ] Safepoint "ShenandoahInitUpdateRefs", Time since last: 84173103 ns, Reaching safepoint: 55624 ns, At safepoint: 62737 ns, Total: 118361 ns
[2020-10-31T11:17:27.622+0000][info][gc,start     ] GC(37) Concurrent update references
[2020-10-31T11:17:27.622+0000][info][gc,task      ] GC(37) Using 1 of 1 workers for concurrent reference update
[2020-10-31T11:17:27.789+0000][info][gc           ] GC(37) Concurrent update references 3622M->3664M(4096M) 167.188ms
[2020-10-31T11:17:27.789+0000][info][gc,start     ] GC(37) Pause Final Update Refs
[2020-10-31T11:17:27.789+0000][info][gc,task      ] GC(37) Using 1 of 1 workers for final reference update
[2020-10-31T11:17:27.789+0000][info][gc           ] GC(37) Pause Final Update Refs 0.185ms
[2020-10-31T11:17:27.789+0000][info][safepoint    ] Safepoint "ShenandoahFinalUpdateRefs", Time since last: 167268330 ns, Reaching safepoint: 143027 ns, At safepoint: 206866 ns, Total: 349893 ns
[2020-10-31T11:17:27.789+0000][info][gc,start     ] GC(37) Concurrent cleanup
[2020-10-31T11:17:27.790+0000][info][gc           ] GC(37) Concurrent cleanup 3664M->234M(4096M) 0.313ms
[2020-10-31T11:17:27.790+0000][info][gc,ergo      ] Free: 3656M (1828 regions), Max regular: 2048K, Max humongous: 3512320K, External frag: 7%, Internal frag: 0%
[2020-10-31T11:17:27.790+0000][info][gc,ergo      ] Evacuation Reserve: 206M (103 regions), Max regular: 2048K
[2020-10-31T11:17:27.790+0000][info][gc,ergo      ] Pacer for Idle. Initial: 81M, Alloc Tax Rate: 1.0x
[2020-10-31T11:17:28.790+0000][info][safepoint    ] Safepoint "Cleanup", Time since last: 1000078465 ns, Reaching safepoint: 139795 ns, At safepoint: 5426 ns, Total: 145221 ns
[2020-10-31T11:17:30.601+0000][info][safepoint    ] Safepoint "Cleanup", Time since last: 1811467380 ns, Reaching safepoint: 132836 ns, At safepoint: 5443 ns, Total: 138279 ns
[2020-10-31T11:17:31.601+0000][info][safepoint    ] Safepoint "Cleanup", Time since last: 1000107143 ns, Reaching safepoint: 52730 ns, At safepoint: 5464 ns, Total: 58194 ns
[2020-10-31T11:17:32.602+0000][info][safepoint    ] Safepoint "Cleanup", Time since last: 1000109844 ns, Reaching safepoint: 72095 ns, At safepoint: 4995 ns, Total: 77090 ns
[2020-10-31T11:17:33.602+0000][info][safepoint    ] Safepoint "Cleanup", Time since last: 1000099243 ns, Reaching safepoint: 130665 ns, At safepoint: 5707 ns, Total: 136372 ns
[2020-10-31T11:17:34.602+0000][info][safepoint    ] Safepoint "Cleanup", Time since last: 1000106860 ns, Reaching safepoint: 132479 ns, At safepoint: 13996 ns, Total: 146475 ns
[2020-10-31T11:17:35.602+0000][info][safepoint    ] Safepoint "Cleanup", Time since last: 1000121193 ns, Reaching safepoint: 128716 ns, At safepoint: 15041 ns, Total: 143757 ns
[2020-10-31T11:17:36.603+0000][info][safepoint    ] Safepoint "Cleanup", Time since last: 1000106412 ns, Reaching safepoint: 56021 ns, At safepoint: 3534 ns, Total: 59555 ns
[2020-10-31T11:17:37.603+0000][info][safepoint    ] Safepoint "Cleanup", Time since last: 1000108424 ns, Reaching safepoint: 133116 ns, At safepoint: 5105 ns, Total: 138221 ns
[2020-10-31T11:17:37.846+0000][info][gc           ] Trigger: Average GC time (644.55 ms) is above the time for allocation rate (320.55 MB/s) to deplete free headroom (205M)
[2020-10-31T11:17:37.846+0000][info][gc,ergo      ] Free headroom: 410M (free) - 204M (spike) - 0M (penalties) = 205M
[2020-10-31T11:17:37.846+0000][info][gc,ergo      ] Free: 410M (205 regions), Max regular: 2048K, Max humongous: 229376K, External frag: 46%, Internal frag: 0%
[2020-10-31T11:17:37.846+0000][info][gc,ergo      ] Evacuation Reserve: 206M (103 regions), Max regular: 2048K
[2020-10-31T11:17:37.846+0000][info][gc,start     ] GC(38) Concurrent reset
[2020-10-31T11:17:37.846+0000][info][gc,task      ] GC(38) Using 1 of 1 workers for concurrent reset
[2020-10-31T11:17:37.855+0000][info][gc           ] GC(38) Concurrent reset 3480M->3480M(4096M) 8.944ms
[2020-10-31T11:17:37.855+0000][info][gc,start     ] GC(38) Pause Init Mark
[2020-10-31T11:17:37.855+0000][info][gc,task      ] GC(38) Using 1 of 1 workers for init marking
[2020-10-31T11:17:37.855+0000][info][gc,ergo      ] GC(38) Pacer for Mark. Expected Live: 116M, Free: 410M, Non-Taxable: 41M, Alloc Tax Rate: 1.0x
[2020-10-31T11:17:37.855+0000][info][gc           ] GC(38) Pause Init Mark 0.452ms
[2020-10-31T11:17:37.855+0000][info][safepoint    ] Safepoint "ShenandoahInitMark", Time since last: 251832133 ns, Reaching safepoint: 60109 ns, At safepoint: 474709 ns, Total: 534818 ns
[2020-10-31T11:17:37.855+0000][info][gc,start     ] GC(38) Concurrent marking
[2020-10-31T11:17:37.855+0000][info][gc,task      ] GC(38) Using 1 of 1 workers for concurrent marking
[2020-10-31T11:17:38.145+0000][info][gc           ] GC(38) Concurrent marking 3480M->3564M(4096M) 289.776ms
[2020-10-31T11:17:38.145+0000][info][gc,start     ] GC(38) Pause Final Mark
[2020-10-31T11:17:38.145+0000][info][gc,task      ] GC(38) Using 1 of 1 workers for final marking
[2020-10-31T11:17:38.146+0000][info][gc,ergo      ] GC(38) Adaptive CSet Selection. Target Free: 409M, Actual Free: 532M, Max CSet: 170M, Min Garbage: 0M
[2020-10-31T11:17:38.146+0000][info][gc,ergo      ] GC(38) Collectable Garbage: 3339M (99% of total), 44M CSet, 1692 CSet regions
[2020-10-31T11:17:38.146+0000][info][gc,ergo      ] GC(38) Immediate Garbage: 0M (0% of total), 0 regions
[2020-10-31T11:17:38.147+0000][info][gc,ergo      ] GC(38) Pacer for Evacuation. Used CSet: 3384M, Free: 326M, Non-Taxable: 32M, Alloc Tax Rate: 25.4x
[2020-10-31T11:17:38.147+0000][info][gc           ] GC(38) Pause Final Mark 1.405ms
[2020-10-31T11:17:38.147+0000][info][safepoint    ] Safepoint "ShenandoahFinalMarkStartEvac", Time since last: 289856908 ns, Reaching safepoint: 138262 ns, At safepoint: 1427111 ns, Total: 1565373 ns
[2020-10-31T11:17:38.147+0000][info][gc,start     ] GC(38) Concurrent cleanup
[2020-10-31T11:17:38.147+0000][info][gc           ] GC(38) Concurrent cleanup 3566M->3568M(4096M) 0.182ms
[2020-10-31T11:17:38.147+0000][info][gc,ergo      ] GC(38) Free: 322M (161 regions), Max regular: 2048K, Max humongous: 229376K, External frag: 31%, Internal frag: 0%
[2020-10-31T11:17:38.147+0000][info][gc,ergo      ] GC(38) Evacuation Reserve: 206M (103 regions), Max regular: 2048K
[2020-10-31T11:17:38.147+0000][info][gc,start     ] GC(38) Concurrent evacuation
[2020-10-31T11:17:38.147+0000][info][gc,task      ] GC(38) Using 1 of 1 workers for concurrent evacuation
[2020-10-31T11:17:38.229+0000][info][gc           ] GC(38) Concurrent evacuation 3568M->3634M(4096M) 82.549ms
[2020-10-31T11:17:38.230+0000][info][gc,start     ] GC(38) Pause Init Update Refs
[2020-10-31T11:17:38.230+0000][info][gc,ergo      ] GC(38) Pacer for Update Refs. Used: 3634M, Free: 302M, Non-Taxable: 30M, Alloc Tax Rate: 14.7x
[2020-10-31T11:17:38.230+0000][info][gc           ] GC(38) Pause Init Update Refs 0.063ms
[2020-10-31T11:17:38.230+0000][info][safepoint    ] Safepoint "ShenandoahInitUpdateRefs", Time since last: 82852557 ns, Reaching safepoint: 134725 ns, At safepoint: 80178 ns, Total: 214903 ns
[2020-10-31T11:17:38.230+0000][info][gc,start     ] GC(38) Concurrent update references
[2020-10-31T11:17:38.230+0000][info][gc,task      ] GC(38) Using 1 of 1 workers for concurrent reference update
[2020-10-31T11:17:38.432+0000][info][gc           ] GC(38) Concurrent update references 3634M->3686M(4096M) 202.079ms
[2020-10-31T11:17:38.432+0000][info][gc,start     ] GC(38) Pause Final Update Refs
[2020-10-31T11:17:38.432+0000][info][gc,task      ] GC(38) Using 1 of 1 workers for final reference update
[2020-10-31T11:17:38.432+0000][info][gc           ] GC(38) Pause Final Update Refs 0.191ms
[2020-10-31T11:17:38.432+0000][info][safepoint    ] Safepoint "ShenandoahFinalUpdateRefs", Time since last: 202160161 ns, Reaching safepoint: 147925 ns, At safepoint: 212315 ns, Total: 360240 ns
[2020-10-31T11:17:38.432+0000][info][gc,start     ] GC(38) Concurrent cleanup
[2020-10-31T11:17:38.432+0000][info][gc           ] GC(38) Concurrent cleanup 3686M->302M(4096M) 0.316ms
[2020-10-31T11:17:38.433+0000][info][gc,ergo      ] Free: 3588M (1794 regions), Max regular: 2048K, Max humongous: 3323904K, External frag: 10%, Internal frag: 0%
[2020-10-31T11:17:38.433+0000][info][gc,ergo      ] Evacuation Reserve: 206M (103 regions), Max regular: 2048K
[2020-10-31T11:17:38.433+0000][info][gc,ergo      ] Pacer for Idle. Initial: 81M, Alloc Tax Rate: 1.0x
[2020-10-31T11:17:39.432+0000][info][safepoint    ] Safepoint "Cleanup", Time since last: 1000080527 ns, Reaching safepoint: 132316 ns, At safepoint: 5154 ns, Total: 137470 ns
[2020-10-31T11:17:40.433+0000][info][safepoint    ] Safepoint "Cleanup", Time since last: 1000108494 ns, Reaching safepoint: 133575 ns, At safepoint: 5026 ns, Total: 138601 ns
[2020-10-31T11:17:41.433+0000][info][safepoint    ] Safepoint "Cleanup", Time since last: 1000106884 ns, Reaching safepoint: 63668 ns, At safepoint: 5097 ns, Total: 68765 ns
[2020-10-31T11:17:42.433+0000][info][safepoint    ] Safepoint "Cleanup", Time since last: 1000103276 ns, Reaching safepoint: 129879 ns, At safepoint: 5445 ns, Total: 135324 ns
[2020-10-31T11:17:43.433+0000][info][safepoint    ] Safepoint "Cleanup", Time since last: 1000105151 ns, Reaching safepoint: 122623 ns, At safepoint: 5146 ns, Total: 127769 ns
[2020-10-31T11:17:44.433+0000][info][safepoint    ] Safepoint "Cleanup", Time since last: 1000106670 ns, Reaching safepoint: 139359 ns, At safepoint: 7319 ns, Total: 146678 ns
[2020-10-31T11:17:45.434+0000][info][safepoint    ] Safepoint "Cleanup", Time since last: 1000108308 ns, Reaching safepoint: 54626 ns, At safepoint: 6655 ns, Total: 61281 ns
[2020-10-31T11:17:46.434+0000][info][safepoint    ] Safepoint "Cleanup", Time since last: 1000096832 ns, Reaching safepoint: 134286 ns, At safepoint: 6266 ns, Total: 140552 ns
[2020-10-31T11:17:47.434+0000][info][safepoint    ] Safepoint "Cleanup", Time since last: 1000106602 ns, Reaching safepoint: 70994 ns, At safepoint: 6025 ns, Total: 77019 ns
[2020-10-31T11:17:48.286+0000][info][gc           ] Trigger: Average GC time (643.83 ms) is above the time for allocation rate (319.71 MB/s) to deplete free headroom (205M)
[2020-10-31T11:17:48.286+0000][info][gc,ergo      ] Free headroom: 410M (free) - 204M (spike) - 0M (penalties) = 205M
[2020-10-31T11:17:48.286+0000][info][gc,ergo      ] Free: 410M (205 regions), Max regular: 2048K, Max humongous: 348160K, External frag: 18%, Internal frag: 0%
[2020-10-31T11:17:48.286+0000][info][gc,ergo      ] Evacuation Reserve: 206M (103 regions), Max regular: 2048K
[2020-10-31T11:17:48.286+0000][info][gc,start     ] GC(39) Concurrent reset
[2020-10-31T11:17:48.286+0000][info][gc,task      ] GC(39) Using 1 of 1 workers for concurrent reset
[2020-10-31T11:17:48.296+0000][info][gc           ] GC(39) Concurrent reset 3480M->3480M(4096M) 9.078ms
[2020-10-31T11:17:48.296+0000][info][gc,start     ] GC(39) Pause Init Mark
[2020-10-31T11:17:48.296+0000][info][gc,task      ] GC(39) Using 1 of 1 workers for init marking
[2020-10-31T11:17:48.296+0000][info][gc,ergo      ] GC(39) Pacer for Mark. Expected Live: 116M, Free: 410M, Non-Taxable: 41M, Alloc Tax Rate: 1.0x
[2020-10-31T11:17:48.296+0000][info][gc           ] GC(39) Pause Init Mark 0.448ms
[2020-10-31T11:17:48.296+0000][info][safepoint    ] Safepoint "ShenandoahInitMark", Time since last: 861485247 ns, Reaching safepoint: 128758 ns, At safepoint: 468133 ns, Total: 596891 ns
[2020-10-31T11:17:48.296+0000][info][gc,start     ] GC(39) Concurrent marking
[2020-10-31T11:17:48.296+0000][info][gc,task      ] GC(39) Using 1 of 1 workers for concurrent marking
[2020-10-31T11:17:48.629+0000][info][gc           ] GC(39) Concurrent marking 3480M->3568M(4096M) 332.828ms
[2020-10-31T11:17:48.629+0000][info][gc,start     ] GC(39) Pause Final Mark
[2020-10-31T11:17:48.629+0000][info][gc,task      ] GC(39) Using 1 of 1 workers for final marking
[2020-10-31T11:17:48.630+0000][info][gc,ergo      ] GC(39) Adaptive CSet Selection. Target Free: 409M, Actual Free: 528M, Max CSet: 170M, Min Garbage: 0M
[2020-10-31T11:17:48.630+0000][info][gc,ergo      ] GC(39) Collectable Garbage: 3295M (99% of total), 44M CSet, 1670 CSet regions
[2020-10-31T11:17:48.630+0000][info][gc,ergo      ] GC(39) Immediate Garbage: 0M (0% of total), 0 regions
[2020-10-31T11:17:48.631+0000][info][gc,ergo      ] GC(39) Pacer for Evacuation. Used CSet: 3340M, Free: 322M, Non-Taxable: 32M, Alloc Tax Rate: 25.4x
[2020-10-31T11:17:48.631+0000][info][gc           ] GC(39) Pause Final Mark 1.429ms
[2020-10-31T11:17:48.631+0000][info][safepoint    ] Safepoint "ShenandoahFinalMarkStartEvac", Time since last: 332906663 ns, Reaching safepoint: 140526 ns, At safepoint: 1450850 ns, Total: 1591376 ns
[2020-10-31T11:17:48.631+0000][info][gc,start     ] GC(39) Concurrent cleanup
[2020-10-31T11:17:48.631+0000][info][gc           ] GC(39) Concurrent cleanup 3570M->3572M(4096M) 0.189ms
[2020-10-31T11:17:48.631+0000][info][gc,ergo      ] GC(39) Free: 318M (159 regions), Max regular: 2048K, Max humongous: 323584K, External frag: 1%, Internal frag: 0%
[2020-10-31T11:17:48.631+0000][info][gc,ergo      ] GC(39) Evacuation Reserve: 205M (103 regions), Max regular: 2048K
[2020-10-31T11:17:48.631+0000][info][gc,start     ] GC(39) Concurrent evacuation
[2020-10-31T11:17:48.631+0000][info][gc,task      ] GC(39) Using 1 of 1 workers for concurrent evacuation
[2020-10-31T11:17:48.713+0000][info][gc           ] GC(39) Concurrent evacuation 3572M->3638M(4096M) 82.087ms
[2020-10-31T11:17:48.713+0000][info][gc,start     ] GC(39) Pause Init Update Refs
[2020-10-31T11:17:48.713+0000][info][gc,ergo      ] GC(39) Pacer for Update Refs. Used: 3638M, Free: 298M, Non-Taxable: 29M, Alloc Tax Rate: 14.9x
[2020-10-31T11:17:48.713+0000][info][gc           ] GC(39) Pause Init Update Refs 0.046ms
[2020-10-31T11:17:48.713+0000][info][safepoint    ] Safepoint "ShenandoahInitUpdateRefs", Time since last: 82389252 ns, Reaching safepoint: 133226 ns, At safepoint: 63802 ns, Total: 197028 ns
[2020-10-31T11:17:48.713+0000][info][gc,start     ] GC(39) Concurrent update references
[2020-10-31T11:17:48.713+0000][info][gc,task      ] GC(39) Using 1 of 1 workers for concurrent reference update
[2020-10-31T11:17:48.952+0000][info][gc           ] GC(39) Concurrent update references 3640M->3698M(4096M) 238.809ms
[2020-10-31T11:17:48.952+0000][info][gc,start     ] GC(39) Pause Final Update Refs
[2020-10-31T11:17:48.952+0000][info][gc,task      ] GC(39) Using 1 of 1 workers for final reference update
[2020-10-31T11:17:48.952+0000][info][gc           ] GC(39) Pause Final Update Refs 0.194ms
[2020-10-31T11:17:48.952+0000][info][safepoint    ] Safepoint "ShenandoahFinalUpdateRefs", Time since last: 238891330 ns, Reaching safepoint: 141582 ns, At safepoint: 215425 ns, Total: 357007 ns
[2020-10-31T11:17:48.953+0000][info][gc,start     ] GC(39) Concurrent cleanup
[2020-10-31T11:17:48.953+0000][info][gc           ] GC(39) Concurrent cleanup 3698M->358M(4096M) 0.312ms
[2020-10-31T11:17:48.953+0000][info][gc,ergo      ] Free: 3532M (1766 regions), Max regular: 2048K, Max humongous: 3254272K, External frag: 11%, Internal frag: 0%
[2020-10-31T11:17:48.953+0000][info][gc,ergo      ] Evacuation Reserve: 206M (103 regions), Max regular: 2048K
[2020-10-31T11:17:48.953+0000][info][gc,ergo      ] Pacer for Idle. Initial: 81M, Alloc Tax Rate: 1.0x
[2020-10-31T11:17:49.953+0000][info][safepoint    ] Safepoint "Cleanup", Time since last: 1000109160 ns, Reaching safepoint: 130058 ns, At safepoint: 5363 ns, Total: 135421 ns
[2020-10-31T11:17:50.953+0000][info][safepoint    ] Safepoint "Cleanup", Time since last: 1000105931 ns, Reaching safepoint: 127038 ns, At safepoint: 5563 ns, Total: 132601 ns
[2020-10-31T11:17:51.953+0000][info][safepoint    ] Safepoint "Cleanup", Time since last: 1000114137 ns, Reaching safepoint: 131254 ns, At safepoint: 3047 ns, Total: 134301 ns
[2020-10-31T11:17:52.953+0000][info][safepoint    ] Safepoint "Cleanup", Time since last: 1000106407 ns, Reaching safepoint: 75517 ns, At safepoint: 6527 ns, Total: 82044 ns
[2020-10-31T11:17:53.954+0000][info][safepoint    ] Safepoint "Cleanup", Time since last: 1000103138 ns, Reaching safepoint: 132167 ns, At safepoint: 3299 ns, Total: 135466 ns
[2020-10-31T11:17:54.954+0000][info][safepoint    ] Safepoint "Cleanup", Time since last: 1000104411 ns, Reaching safepoint: 59074 ns, At safepoint: 6888 ns, Total: 65962 ns
[2020-10-31T11:17:55.954+0000][info][safepoint    ] Safepoint "Cleanup", Time since last: 1000102979 ns, Reaching safepoint: 134608 ns, At safepoint: 5246 ns, Total: 139854 ns
[2020-10-31T11:17:56.954+0000][info][safepoint    ] Safepoint "Cleanup", Time since last: 1000106556 ns, Reaching safepoint: 55872 ns, At safepoint: 3260 ns, Total: 59132 ns
[2020-10-31T11:17:57.954+0000][info][safepoint    ] Safepoint "Cleanup", Time since last: 1000103487 ns, Reaching safepoint: 67011 ns, At safepoint: 5535 ns, Total: 72546 ns
[2020-10-31T11:17:58.620+0000][info][gc           ] Trigger: Free (408M) is below minimum threshold (409M)
[2020-10-31T11:17:58.620+0000][info][gc,ergo      ] Free: 408M (204 regions), Max regular: 2048K, Max humongous: 196608K, External frag: 53%, Internal frag: 0%
[2020-10-31T11:17:58.620+0000][info][gc,ergo      ] Evacuation Reserve: 206M (103 regions), Max regular: 2048K
[2020-10-31T11:17:58.620+0000][info][gc,start     ] GC(40) Concurrent reset
[2020-10-31T11:17:58.620+0000][info][gc,task      ] GC(40) Using 1 of 1 workers for concurrent reset
[2020-10-31T11:17:58.629+0000][info][gc           ] GC(40) Concurrent reset 3482M->3484M(4096M) 8.845ms
[2020-10-31T11:17:58.629+0000][info][gc,start     ] GC(40) Pause Init Mark (process weakrefs)
[2020-10-31T11:17:58.629+0000][info][gc,task      ] GC(40) Using 1 of 1 workers for init marking
[2020-10-31T11:17:58.630+0000][info][gc,ergo      ] GC(40) Pacer for Mark. Expected Live: 116M, Free: 406M, Non-Taxable: 40M, Alloc Tax Rate: 1.1x
[2020-10-31T11:17:58.630+0000][info][gc           ] GC(40) Pause Init Mark (process weakrefs) 0.481ms
[2020-10-31T11:17:58.630+0000][info][safepoint    ] Safepoint "ShenandoahInitMark", Time since last: 674873563 ns, Reaching safepoint: 133208 ns, At safepoint: 502089 ns, Total: 635297 ns
[2020-10-31T11:17:58.630+0000][info][gc,start     ] GC(40) Concurrent marking (process weakrefs)
[2020-10-31T11:17:58.630+0000][info][gc,task      ] GC(40) Using 1 of 1 workers for concurrent marking
[2020-10-31T11:17:59.058+0000][info][gc           ] GC(40) Concurrent marking (process weakrefs) 3486M->3592M(4096M) 427.567ms
[2020-10-31T11:17:59.058+0000][info][gc,start     ] GC(40) Concurrent precleaning
[2020-10-31T11:17:59.058+0000][info][gc,task      ] GC(40) Using 1 of 1 workers for concurrent preclean
[2020-10-31T11:17:59.153+0000][info][gc           ] GC(40) Concurrent precleaning 3592M->3622M(4096M) 95.391ms
[2020-10-31T11:17:59.153+0000][info][gc,start     ] GC(40) Pause Final Mark (process weakrefs)
[2020-10-31T11:17:59.153+0000][info][gc,task      ] GC(40) Using 1 of 1 workers for final marking
[2020-10-31T11:17:59.234+0000][info][gc,ergo      ] GC(40) Adaptive CSet Selection. Target Free: 409M, Actual Free: 474M, Max CSet: 170M, Min Garbage: 0M
[2020-10-31T11:17:59.235+0000][info][gc,ergo      ] GC(40) Collectable Garbage: 3279M (97% of total), 24M CSet, 1652 CSet regions
[2020-10-31T11:17:59.235+0000][info][gc,ergo      ] GC(40) Immediate Garbage: 0M (0% of total), 0 regions
[2020-10-31T11:17:59.235+0000][info][gc,ergo      ] GC(40) Pacer for Evacuation. Used CSet: 3304M, Free: 268M, Non-Taxable: 26M, Alloc Tax Rate: 30.1x
[2020-10-31T11:17:59.235+0000][info][gc           ] GC(40) Pause Final Mark (process weakrefs) 82.167ms
[2020-10-31T11:17:59.235+0000][info][safepoint    ] Safepoint "ShenandoahFinalMarkStartEvac", Time since last: 523080549 ns, Reaching safepoint: 139926 ns, At safepoint: 82191332 ns, Total: 82331258 ns
[2020-10-31T11:17:59.235+0000][info][gc,start     ] GC(40) Concurrent cleanup
[2020-10-31T11:17:59.236+0000][info][gc           ] GC(40) Concurrent cleanup 3622M->3622M(4096M) 0.229ms
[2020-10-31T11:17:59.236+0000][info][gc,ergo      ] GC(40) Free: 268M (134 regions), Max regular: 2048K, Max humongous: 196608K, External frag: 29%, Internal frag: 0%
[2020-10-31T11:17:59.236+0000][info][gc,ergo      ] GC(40) Evacuation Reserve: 205M (103 regions), Max regular: 2048K
[2020-10-31T11:17:59.236+0000][info][gc,start     ] GC(40) Concurrent evacuation
[2020-10-31T11:17:59.236+0000][info][gc,task      ] GC(40) Using 1 of 1 workers for concurrent evacuation
[2020-10-31T11:17:59.378+0000][info][gc           ] GC(40) Concurrent evacuation 3622M->3672M(4096M) 142.322ms
[2020-10-31T11:17:59.378+0000][info][gc,start     ] GC(40) Pause Init Update Refs
[2020-10-31T11:17:59.378+0000][info][gc,ergo      ] GC(40) Pacer for Update Refs. Used: 3672M, Free: 244M, Non-Taxable: 24M, Alloc Tax Rate: 18.4x
[2020-10-31T11:17:59.378+0000][info][gc           ] GC(40) Pause Init Update Refs 0.053ms
[2020-10-31T11:17:59.378+0000][info][safepoint    ] Safepoint "ShenandoahInitUpdateRefs", Time since last: 142674748 ns, Reaching safepoint: 136584 ns, At safepoint: 72654 ns, Total: 209238 ns
[2020-10-31T11:17:59.378+0000][info][gc,start     ] GC(40) Concurrent update references
[2020-10-31T11:17:59.378+0000][info][gc,task      ] GC(40) Using 1 of 1 workers for concurrent reference update
[2020-10-31T11:17:59.735+0000][info][gc           ] GC(40) Concurrent update references 3674M->3734M(4096M) 356.503ms
[2020-10-31T11:17:59.735+0000][info][gc,start     ] GC(40) Pause Final Update Refs
[2020-10-31T11:17:59.735+0000][info][gc,task      ] GC(40) Using 1 of 1 workers for final reference update
[2020-10-31T11:17:59.735+0000][info][gc           ] GC(40) Pause Final Update Refs 0.169ms
[2020-10-31T11:17:59.735+0000][info][safepoint    ] Safepoint "ShenandoahFinalUpdateRefs", Time since last: 356586052 ns, Reaching safepoint: 60546 ns, At safepoint: 191156 ns, Total: 251702 ns
[2020-10-31T11:17:59.735+0000][info][gc,start     ] GC(40) Concurrent cleanup
[2020-10-31T11:17:59.735+0000][info][gc           ] GC(40) Concurrent cleanup 3734M->430M(4096M) 0.316ms
[2020-10-31T11:17:59.735+0000][info][gc,ergo      ] Free: 3460M (1730 regions), Max regular: 2048K, Max humongous: 3201024K, External frag: 10%, Internal frag: 0%
[2020-10-31T11:17:59.735+0000][info][gc,ergo      ] Evacuation Reserve: 206M (103 regions), Max regular: 2048K
[2020-10-31T11:17:59.735+0000][info][gc,ergo      ] Pacer for Idle. Initial: 81M, Alloc Tax Rate: 1.0x
[2020-10-31T11:18:00.735+0000][info][safepoint    ] Safepoint "Cleanup", Time since last: 1000077040 ns, Reaching safepoint: 57414 ns, At safepoint: 7237 ns, Total: 64651 ns
[2020-10-31T11:18:01.735+0000][info][safepoint    ] Safepoint "Cleanup", Time since last: 1000096537 ns, Reaching safepoint: 136305 ns, At safepoint: 3057 ns, Total: 139362 ns
[2020-10-31T11:18:02.736+0000][info][safepoint    ] Safepoint "Cleanup", Time since last: 1000108903 ns, Reaching safepoint: 74895 ns, At safepoint: 5480 ns, Total: 80375 ns
[2020-10-31T11:18:03.771+0000][info][safepoint    ] Safepoint "Cleanup", Time since last: 1035608693 ns, Reaching safepoint: 52857 ns, At safepoint: 5450 ns, Total: 58307 ns
[2020-10-31T11:18:04.772+0000][info][safepoint    ] Safepoint "Cleanup", Time since last: 1000111669 ns, Reaching safepoint: 136790 ns, At safepoint: 5230 ns, Total: 142020 ns
[2020-10-31T11:18:05.772+0000][info][safepoint    ] Safepoint "Cleanup", Time since last: 1000098813 ns, Reaching safepoint: 135320 ns, At safepoint: 3115 ns, Total: 138435 ns
[2020-10-31T11:18:06.772+0000][info][safepoint    ] Safepoint "Cleanup", Time since last: 1000109615 ns, Reaching safepoint: 59968 ns, At safepoint: 6309 ns, Total: 66277 ns
[2020-10-31T11:18:07.772+0000][info][safepoint    ] Safepoint "Cleanup", Time since last: 1000105362 ns, Reaching safepoint: 58334 ns, At safepoint: 6019 ns, Total: 64353 ns
[2020-10-31T11:18:08.772+0000][info][safepoint    ] Safepoint "Cleanup", Time since last: 1000112225 ns, Reaching safepoint: 140725 ns, At safepoint: 4947 ns, Total: 145672 ns
[2020-10-31T11:18:09.244+0000][info][gc           ] Trigger: Free (408M) is below minimum threshold (409M)
[2020-10-31T11:18:09.244+0000][info][gc,ergo      ] Free: 408M (204 regions), Max regular: 2048K, Max humongous: 163840K, External frag: 61%, Internal frag: 0%
[2020-10-31T11:18:09.244+0000][info][gc,ergo      ] Evacuation Reserve: 206M (103 regions), Max regular: 2048K
[2020-10-31T11:18:09.244+0000][info][gc,start     ] GC(41) Concurrent reset
[2020-10-31T11:18:09.244+0000][info][gc,task      ] GC(41) Using 1 of 1 workers for concurrent reset
[2020-10-31T11:18:09.253+0000][info][gc           ] GC(41) Concurrent reset 3482M->3484M(4096M) 9.117ms
[2020-10-31T11:18:09.253+0000][info][gc,start     ] GC(41) Pause Init Mark
[2020-10-31T11:18:09.253+0000][info][gc,task      ] GC(41) Using 1 of 1 workers for init marking
[2020-10-31T11:18:09.253+0000][info][gc,ergo      ] GC(41) Pacer for Mark. Expected Live: 116M, Free: 406M, Non-Taxable: 40M, Alloc Tax Rate: 1.1x
[2020-10-31T11:18:09.253+0000][info][gc           ] GC(41) Pause Init Mark 0.476ms
[2020-10-31T11:18:09.253+0000][info][safepoint    ] Safepoint "ShenandoahInitMark", Time since last: 480428494 ns, Reaching safepoint: 133403 ns, At safepoint: 496476 ns, Total: 629879 ns
[2020-10-31T11:18:09.253+0000][info][gc,start     ] GC(41) Concurrent marking
[2020-10-31T11:18:09.253+0000][info][gc,task      ] GC(41) Using 1 of 1 workers for concurrent marking
[2020-10-31T11:18:09.427+0000][info][gc           ] GC(41) Concurrent marking 3486M->3528M(4096M) 173.595ms
[2020-10-31T11:18:09.427+0000][info][gc,start     ] GC(41) Pause Final Mark
[2020-10-31T11:18:09.427+0000][info][gc,task      ] GC(41) Using 1 of 1 workers for final marking
[2020-10-31T11:18:09.428+0000][info][gc,ergo      ] GC(41) Adaptive CSet Selection. Target Free: 409M, Actual Free: 758M, Max CSet: 170M, Min Garbage: 0M
[2020-10-31T11:18:09.428+0000][info][gc,ergo      ] GC(41) Collectable Garbage: 3244M (94% of total), 43M CSet, 1644 CSet regions
[2020-10-31T11:18:09.428+0000][info][gc,ergo      ] GC(41) Immediate Garbage: 190M (5% of total), 95 regions
[2020-10-31T11:18:09.429+0000][info][gc,ergo      ] GC(41) Pacer for Evacuation. Used CSet: 3288M, Free: 552M, Non-Taxable: 55M, Alloc Tax Rate: 14.6x
[2020-10-31T11:18:09.429+0000][info][gc           ] GC(41) Pause Final Mark 1.426ms
[2020-10-31T11:18:09.429+0000][info][safepoint    ] Safepoint "ShenandoahFinalMarkStartEvac", Time since last: 173670004 ns, Reaching safepoint: 63115 ns, At safepoint: 1442294 ns, Total: 1505409 ns
[2020-10-31T11:18:09.429+0000][info][gc,start     ] GC(41) Concurrent cleanup
[2020-10-31T11:18:09.429+0000][info][gc           ] GC(41) Concurrent cleanup 3526M->3338M(4096M) 0.167ms
[2020-10-31T11:18:09.429+0000][info][gc,ergo      ] GC(41) Free: 552M (276 regions), Max regular: 2048K, Max humongous: 358400K, External frag: 37%, Internal frag: 0%
[2020-10-31T11:18:09.429+0000][info][gc,ergo      ] GC(41) Evacuation Reserve: 205M (103 regions), Max regular: 2048K
[2020-10-31T11:18:09.429+0000][info][gc,start     ] GC(41) Concurrent evacuation
[2020-10-31T11:18:09.429+0000][info][gc,task      ] GC(41) Using 1 of 1 workers for concurrent evacuation
[2020-10-31T11:18:09.510+0000][info][gc           ] GC(41) Concurrent evacuation 3338M->3404M(4096M) 80.841ms
[2020-10-31T11:18:09.510+0000][info][gc,start     ] GC(41) Pause Init Update Refs
[2020-10-31T11:18:09.510+0000][info][gc,ergo      ] GC(41) Pacer for Update Refs. Used: 3404M, Free: 530M, Non-Taxable: 53M, Alloc Tax Rate: 7.8x
[2020-10-31T11:18:09.510+0000][info][gc           ] GC(41) Pause Init Update Refs 0.051ms
[2020-10-31T11:18:09.510+0000][info][safepoint    ] Safepoint "ShenandoahInitUpdateRefs", Time since last: 81126911 ns, Reaching safepoint: 131798 ns, At safepoint: 69118 ns, Total: 200916 ns
[2020-10-31T11:18:09.510+0000][info][gc,start     ] GC(41) Concurrent update references
[2020-10-31T11:18:09.510+0000][info][gc,task      ] GC(41) Using 1 of 1 workers for concurrent reference update
[2020-10-31T11:18:09.633+0000][info][gc           ] GC(41) Concurrent update references 3406M->3438M(4096M) 123.240ms
[2020-10-31T11:18:09.633+0000][info][gc,start     ] GC(41) Pause Final Update Refs
[2020-10-31T11:18:09.633+0000][info][gc,task      ] GC(41) Using 1 of 1 workers for final reference update
[2020-10-31T11:18:09.634+0000][info][gc           ] GC(41) Pause Final Update Refs 0.182ms
[2020-10-31T11:18:09.634+0000][info][safepoint    ] Safepoint "ShenandoahFinalUpdateRefs", Time since last: 123320363 ns, Reaching safepoint: 66542 ns, At safepoint: 203373 ns, Total: 269915 ns
[2020-10-31T11:18:09.634+0000][info][gc,start     ] GC(41) Concurrent cleanup
[2020-10-31T11:18:09.634+0000][info][gc           ] GC(41) Concurrent cleanup 3438M->150M(4096M) 0.310ms
[2020-10-31T11:18:09.634+0000][info][gc,ergo      ] Free: 3740M (1870 regions), Max regular: 2048K, Max humongous: 3127296K, External frag: 19%, Internal frag: 0%
[2020-10-31T11:18:09.634+0000][info][gc,ergo      ] Evacuation Reserve: 206M (103 regions), Max regular: 2048K
[2020-10-31T11:18:09.634+0000][info][gc,ergo      ] Pacer for Idle. Initial: 81M, Alloc Tax Rate: 1.0x
[2020-10-31T11:18:10.634+0000][info][safepoint    ] Safepoint "Cleanup", Time since last: 1000079609 ns, Reaching safepoint: 133089 ns, At safepoint: 5882 ns, Total: 138971 ns
[2020-10-31T11:18:11.634+0000][info][safepoint    ] Safepoint "Cleanup", Time since last: 1000107276 ns, Reaching safepoint: 134565 ns, At safepoint: 8137 ns, Total: 142702 ns
[2020-10-31T11:18:12.634+0000][info][safepoint    ] Safepoint "Cleanup", Time since last: 1000110417 ns, Reaching safepoint: 58261 ns, At safepoint: 6341 ns, Total: 64602 ns
[2020-10-31T11:18:13.634+0000][info][safepoint    ] Safepoint "Cleanup", Time since last: 1000099925 ns, Reaching safepoint: 132024 ns, At safepoint: 3020 ns, Total: 135044 ns
[2020-10-31T11:18:14.635+0000][info][safepoint    ] Safepoint "Cleanup", Time since last: 1000109550 ns, Reaching safepoint: 60302 ns, At safepoint: 6210 ns, Total: 66512 ns
[2020-10-31T11:18:15.635+0000][info][safepoint    ] Safepoint "Cleanup", Time since last: 1000098665 ns, Reaching safepoint: 133509 ns, At safepoint: 3085 ns, Total: 136594 ns
[2020-10-31T11:18:16.635+0000][info][safepoint    ] Safepoint "Cleanup", Time since last: 1000110157 ns, Reaching safepoint: 55265 ns, At safepoint: 7597 ns, Total: 62862 ns
[2020-10-31T11:18:17.635+0000][info][safepoint    ] Safepoint "Cleanup", Time since last: 1000111445 ns, Reaching safepoint: 54490 ns, At safepoint: 3918 ns, Total: 58408 ns
[2020-10-31T11:18:18.635+0000][info][safepoint    ] Safepoint "Cleanup", Time since last: 1000105961 ns, Reaching safepoint: 135966 ns, At safepoint: 5729 ns, Total: 141695 ns
[2020-10-31T11:18:19.636+0000][info][safepoint    ] Safepoint "Cleanup", Time since last: 1000107820 ns, Reaching safepoint: 54906 ns, At safepoint: 6126 ns, Total: 61032 ns
[2020-10-31T11:18:19.925+0000][info][gc           ] Trigger: Average GC time (651.96 ms) is above the time for allocation rate (320.93 MB/s) to deplete free headroom (209M)
[2020-10-31T11:18:19.925+0000][info][gc,ergo      ] Free headroom: 414M (free) - 204M (spike) - 0M (penalties) = 209M
[2020-10-31T11:18:19.925+0000][info][gc,ergo      ] Free: 414M (207 regions), Max regular: 2048K, Max humongous: 421888K, External frag: 1%, Internal frag: 0%
[2020-10-31T11:18:19.925+0000][info][gc,ergo      ] Evacuation Reserve: 206M (103 regions), Max regular: 2048K
[2020-10-31T11:18:19.925+0000][info][gc,start     ] GC(42) Concurrent reset
[2020-10-31T11:18:19.925+0000][info][gc,task      ] GC(42) Using 1 of 1 workers for concurrent reset
[2020-10-31T11:18:19.934+0000][info][gc           ] GC(42) Concurrent reset 3476M->3476M(4096M) 8.478ms
[2020-10-31T11:18:19.934+0000][info][gc,start     ] GC(42) Pause Init Mark
[2020-10-31T11:18:19.934+0000][info][gc,task      ] GC(42) Using 1 of 1 workers for init marking
[2020-10-31T11:18:19.934+0000][info][gc,ergo      ] GC(42) Pacer for Mark. Expected Live: 116M, Free: 414M, Non-Taxable: 41M, Alloc Tax Rate: 1.0x
[2020-10-31T11:18:19.935+0000][info][gc           ] GC(42) Pause Init Mark 0.480ms
[2020-10-31T11:18:19.935+0000][info][safepoint    ] Safepoint "ShenandoahInitMark", Time since last: 298294030 ns, Reaching safepoint: 138526 ns, At safepoint: 500317 ns, Total: 638843 ns
[2020-10-31T11:18:19.935+0000][info][gc,start     ] GC(42) Concurrent marking
[2020-10-31T11:18:19.935+0000][info][gc,task      ] GC(42) Using 1 of 1 workers for concurrent marking
[2020-10-31T11:18:20.173+0000][info][gc           ] GC(42) Concurrent marking 3478M->3546M(4096M) 238.146ms
[2020-10-31T11:18:20.173+0000][info][gc,start     ] GC(42) Pause Final Mark
[2020-10-31T11:18:20.173+0000][info][gc,task      ] GC(42) Using 1 of 1 workers for final marking
[2020-10-31T11:18:20.173+0000][info][gc,ergo      ] GC(42) Adaptive CSet Selection. Target Free: 409M, Actual Free: 550M, Max CSet: 170M, Min Garbage: 0M
[2020-10-31T11:18:20.174+0000][info][gc,ergo      ] GC(42) Collectable Garbage: 3380M (99% of total), 45M CSet, 1713 CSet regions
[2020-10-31T11:18:20.174+0000][info][gc,ergo      ] GC(42) Immediate Garbage: 0M (0% of total), 0 regions
[2020-10-31T11:18:20.174+0000][info][gc,ergo      ] GC(42) Pacer for Evacuation. Used CSet: 3426M, Free: 344M, Non-Taxable: 34M, Alloc Tax Rate: 24.3x
[2020-10-31T11:18:20.174+0000][info][gc           ] GC(42) Pause Final Mark 1.376ms
[2020-10-31T11:18:20.174+0000][info][safepoint    ] Safepoint "ShenandoahFinalMarkStartEvac", Time since last: 238225806 ns, Reaching safepoint: 62581 ns, At safepoint: 1397306 ns, Total: 1459887 ns
[2020-10-31T11:18:20.174+0000][info][gc,start     ] GC(42) Concurrent cleanup
[2020-10-31T11:18:20.174+0000][info][gc           ] GC(42) Concurrent cleanup 3546M->3550M(4096M) 0.200ms
[2020-10-31T11:18:20.174+0000][info][gc,ergo      ] GC(42) Free: 340M (170 regions), Max regular: 2048K, Max humongous: 346112K, External frag: 1%, Internal frag: 0%
[2020-10-31T11:18:20.174+0000][info][gc,ergo      ] GC(42) Evacuation Reserve: 206M (103 regions), Max regular: 2048K
[2020-10-31T11:18:20.174+0000][info][gc,start     ] GC(42) Concurrent evacuation
[2020-10-31T11:18:20.174+0000][info][gc,task      ] GC(42) Using 1 of 1 workers for concurrent evacuation
[2020-10-31T11:18:20.259+0000][info][gc           ] GC(42) Concurrent evacuation 3550M->3616M(4096M) 84.807ms
[2020-10-31T11:18:20.259+0000][info][gc,start     ] GC(42) Pause Init Update Refs
[2020-10-31T11:18:20.260+0000][info][gc,ergo      ] GC(42) Pacer for Update Refs. Used: 3616M, Free: 320M, Non-Taxable: 32M, Alloc Tax Rate: 13.8x
[2020-10-31T11:18:20.260+0000][info][gc           ] GC(42) Pause Init Update Refs 0.052ms
[2020-10-31T11:18:20.260+0000][info][safepoint    ] Safepoint "ShenandoahInitUpdateRefs", Time since last: 85123084 ns, Reaching safepoint: 134187 ns, At safepoint: 71530 ns, Total: 205717 ns
[2020-10-31T11:18:20.260+0000][info][gc,start     ] GC(42) Concurrent update references
[2020-10-31T11:18:20.260+0000][info][gc,task      ] GC(42) Using 1 of 1 workers for concurrent reference update
[2020-10-31T11:18:20.428+0000][info][gc           ] GC(42) Concurrent update references 3618M->3660M(4096M) 167.983ms
[2020-10-31T11:18:20.428+0000][info][gc,start     ] GC(42) Pause Final Update Refs
[2020-10-31T11:18:20.428+0000][info][gc,task      ] GC(42) Using 1 of 1 workers for final reference update
[2020-10-31T11:18:20.428+0000][info][gc           ] GC(42) Pause Final Update Refs 0.192ms
[2020-10-31T11:18:20.428+0000][info][safepoint    ] Safepoint "ShenandoahFinalUpdateRefs", Time since last: 168079115 ns, Reaching safepoint: 145301 ns, At safepoint: 215250 ns, Total: 360551 ns
[2020-10-31T11:18:20.428+0000][info][gc,start     ] GC(42) Concurrent cleanup
[2020-10-31T11:18:20.428+0000][info][gc           ] GC(42) Concurrent cleanup 3660M->234M(4096M) 0.314ms
[2020-10-31T11:18:20.428+0000][info][gc,ergo      ] Free: 3656M (1828 regions), Max regular: 2048K, Max humongous: 3508224K, External frag: 7%, Internal frag: 0%
[2020-10-31T11:18:20.428+0000][info][gc,ergo      ] Evacuation Reserve: 206M (103 regions), Max regular: 2048K
[2020-10-31T11:18:20.428+0000][info][gc,ergo      ] Pacer for Idle. Initial: 81M, Alloc Tax Rate: 1.0x
[2020-10-31T11:18:21.428+0000][info][safepoint    ] Safepoint "Cleanup", Time since last: 1000080320 ns, Reaching safepoint: 58192 ns, At safepoint: 6490 ns, Total: 64682 ns
[2020-10-31T11:18:22.428+0000][info][safepoint    ] Safepoint "Cleanup", Time since last: 1000101671 ns, Reaching safepoint: 51283 ns, At safepoint: 5594 ns, Total: 56877 ns
[2020-10-31T11:18:23.428+0000][info][safepoint    ] Safepoint "Cleanup", Time since last: 1000103160 ns, Reaching safepoint: 63283 ns, At safepoint: 5268 ns, Total: 68551 ns
[2020-10-31T11:18:24.429+0000][info][safepoint    ] Safepoint "Cleanup", Time since last: 1000109228 ns, Reaching safepoint: 134536 ns, At safepoint: 5008 ns, Total: 139544 ns
[2020-10-31T11:18:25.429+0000][info][safepoint    ] Safepoint "Cleanup", Time since last: 1000109864 ns, Reaching safepoint: 61395 ns, At safepoint: 1885 ns, Total: 63280 ns
[2020-10-31T11:18:26.429+0000][info][safepoint    ] Safepoint "Cleanup", Time since last: 1000101801 ns, Reaching safepoint: 55152 ns, At safepoint: 5352 ns, Total: 60504 ns
[2020-10-31T11:18:27.429+0000][info][safepoint    ] Safepoint "Cleanup", Time since last: 1000107561 ns, Reaching safepoint: 134739 ns, At safepoint: 6851 ns, Total: 141590 ns
[2020-10-31T11:18:28.430+0000][info][safepoint    ] Safepoint "Cleanup", Time since last: 1000103760 ns, Reaching safepoint: 131722 ns, At safepoint: 5627 ns, Total: 137349 ns
[2020-10-31T11:18:29.430+0000][info][safepoint    ] Safepoint "Cleanup", Time since last: 1000109798 ns, Reaching safepoint: 134646 ns, At safepoint: 5238 ns, Total: 139884 ns
[2020-10-31T11:18:30.431+0000][info][safepoint    ] Safepoint "Cleanup", Time since last: 1000819140 ns, Reaching safepoint: 134989 ns, At safepoint: 5093 ns, Total: 140082 ns
[2020-10-31T11:18:30.440+0000][info][gc           ] Trigger: Average GC time (652.32 ms) is above the time for allocation rate (321.45 MB/s) to deplete free headroom (209M)
[2020-10-31T11:18:30.440+0000][info][gc,ergo      ] Free headroom: 414M (free) - 204M (spike) - 0M (penalties) = 209M
[2020-10-31T11:18:30.440+0000][info][gc,ergo      ] Free: 414M (207 regions), Max regular: 2048K, Max humongous: 233472K, External frag: 45%, Internal frag: 0%
[2020-10-31T11:18:30.440+0000][info][gc,ergo      ] Evacuation Reserve: 206M (103 regions), Max regular: 2048K
[2020-10-31T11:18:30.440+0000][info][gc,start     ] GC(43) Concurrent reset
[2020-10-31T11:18:30.440+0000][info][gc,task      ] GC(43) Using 1 of 1 workers for concurrent reset
[2020-10-31T11:18:30.449+0000][info][gc           ] GC(43) Concurrent reset 3476M->3476M(4096M) 8.834ms
[2020-10-31T11:18:30.449+0000][info][gc,start     ] GC(43) Pause Init Mark
[2020-10-31T11:18:30.449+0000][info][gc,task      ] GC(43) Using 1 of 1 workers for init marking
[2020-10-31T11:18:30.450+0000][info][gc,ergo      ] GC(43) Pacer for Mark. Expected Live: 116M, Free: 414M, Non-Taxable: 41M, Alloc Tax Rate: 1.0x
[2020-10-31T11:18:30.450+0000][info][gc           ] GC(43) Pause Init Mark 0.447ms
[2020-10-31T11:18:30.450+0000][info][safepoint    ] Safepoint "ShenandoahInitMark", Time since last: 18306377 ns, Reaching safepoint: 126896 ns, At safepoint: 480177 ns, Total: 607073 ns
[2020-10-31T11:18:30.450+0000][info][gc,start     ] GC(43) Concurrent marking
[2020-10-31T11:18:30.450+0000][info][gc,task      ] GC(43) Using 1 of 1 workers for concurrent marking
[2020-10-31T11:18:30.733+0000][info][gc           ] GC(43) Concurrent marking 3478M->3550M(4096M) 283.436ms
[2020-10-31T11:18:30.733+0000][info][gc,start     ] GC(43) Pause Final Mark
[2020-10-31T11:18:30.733+0000][info][gc,task      ] GC(43) Using 1 of 1 workers for final marking
[2020-10-31T11:18:30.734+0000][info][gc,ergo      ] GC(43) Adaptive CSet Selection. Target Free: 409M, Actual Free: 546M, Max CSet: 170M, Min Garbage: 0M
[2020-10-31T11:18:30.734+0000][info][gc,ergo      ] GC(43) Collectable Garbage: 3335M (99% of total), 44M CSet, 1690 CSet regions
[2020-10-31T11:18:30.734+0000][info][gc,ergo      ] GC(43) Immediate Garbage: 0M (0% of total), 0 regions
[2020-10-31T11:18:30.735+0000][info][gc,ergo      ] GC(43) Pacer for Evacuation. Used CSet: 3380M, Free: 340M, Non-Taxable: 34M, Alloc Tax Rate: 24.3x
[2020-10-31T11:18:30.735+0000][info][gc           ] GC(43) Pause Final Mark 1.340ms
[2020-10-31T11:18:30.735+0000][info][safepoint    ] Safepoint "ShenandoahFinalMarkStartEvac", Time since last: 283515544 ns, Reaching safepoint: 133423 ns, At safepoint: 1362843 ns, Total: 1496266 ns
[2020-10-31T11:18:30.735+0000][info][gc,start     ] GC(43) Concurrent cleanup
[2020-10-31T11:18:30.735+0000][info][gc           ] GC(43) Concurrent cleanup 3550M->3550M(4096M) 0.162ms
[2020-10-31T11:18:30.735+0000][info][gc,ergo      ] GC(43) Free: 340M (170 regions), Max regular: 2048K, Max humongous: 233472K, External frag: 33%, Internal frag: 0%
[2020-10-31T11:18:30.735+0000][info][gc,ergo      ] GC(43) Evacuation Reserve: 205M (103 regions), Max regular: 2048K
[2020-10-31T11:18:30.735+0000][info][gc,start     ] GC(43) Concurrent evacuation
[2020-10-31T11:18:30.735+0000][info][gc,task      ] GC(43) Using 1 of 1 workers for concurrent evacuation
[2020-10-31T11:18:30.830+0000][info][gc           ] GC(43) Concurrent evacuation 3550M->3620M(4096M) 95.629ms
[2020-10-31T11:18:30.831+0000][info][gc,start     ] GC(43) Pause Init Update Refs
[2020-10-31T11:18:30.831+0000][info][gc,ergo      ] GC(43) Pacer for Update Refs. Used: 3620M, Free: 316M, Non-Taxable: 31M, Alloc Tax Rate: 14.0x
[2020-10-31T11:18:30.831+0000][info][gc           ] GC(43) Pause Init Update Refs 0.049ms
[2020-10-31T11:18:30.831+0000][info][safepoint    ] Safepoint "ShenandoahInitUpdateRefs", Time since last: 95894371 ns, Reaching safepoint: 146091 ns, At safepoint: 68303 ns, Total: 214394 ns
[2020-10-31T11:18:30.831+0000][info][gc,start     ] GC(43) Concurrent update references
[2020-10-31T11:18:30.831+0000][info][gc,task      ] GC(43) Using 1 of 1 workers for concurrent reference update
[2020-10-31T11:18:31.035+0000][info][gc           ] GC(43) Concurrent update references 3622M->3674M(4096M) 204.310ms
[2020-10-31T11:18:31.035+0000][info][gc,start     ] GC(43) Pause Final Update Refs
[2020-10-31T11:18:31.035+0000][info][gc,task      ] GC(43) Using 1 of 1 workers for final reference update
[2020-10-31T11:18:31.035+0000][info][gc           ] GC(43) Pause Final Update Refs 0.186ms
[2020-10-31T11:18:31.036+0000][info][safepoint    ] Safepoint "ShenandoahFinalUpdateRefs", Time since last: 204394215 ns, Reaching safepoint: 144687 ns, At safepoint: 210483 ns, Total: 355170 ns
[2020-10-31T11:18:31.036+0000][info][gc,start     ] GC(43) Concurrent cleanup
[2020-10-31T11:18:31.036+0000][info][gc           ] GC(43) Concurrent cleanup 3674M->294M(4096M) 0.313ms
[2020-10-31T11:18:31.036+0000][info][gc,ergo      ] Free: 3596M (1798 regions), Max regular: 2048K, Max humongous: 3319808K, External frag: 10%, Internal frag: 0%
[2020-10-31T11:18:31.036+0000][info][gc,ergo      ] Evacuation Reserve: 206M (103 regions), Max regular: 2048K
[2020-10-31T11:18:31.036+0000][info][gc,ergo      ] Pacer for Idle. Initial: 81M, Alloc Tax Rate: 1.0x
[2020-10-31T11:18:32.036+0000][info][safepoint    ] Safepoint "Cleanup", Time since last: 1000080303 ns, Reaching safepoint: 132111 ns, At safepoint: 4892 ns, Total: 137003 ns
[2020-10-31T11:18:33.036+0000][info][safepoint    ] Safepoint "Cleanup", Time since last: 1000101627 ns, Reaching safepoint: 133280 ns, At safepoint: 3294 ns, Total: 136574 ns
[2020-10-31T11:18:34.036+0000][info][safepoint    ] Safepoint "Cleanup", Time since last: 1000107779 ns, Reaching safepoint: 161496 ns, At safepoint: 6914 ns, Total: 168410 ns
[2020-10-31T11:18:35.036+0000][info][safepoint    ] Safepoint "Cleanup", Time since last: 1000105001 ns, Reaching safepoint: 136062 ns, At safepoint: 5248 ns, Total: 141310 ns
[2020-10-31T11:18:36.037+0000][info][safepoint    ] Safepoint "Cleanup", Time since last: 1000118204 ns, Reaching safepoint: 132134 ns, At safepoint: 3238 ns, Total: 135372 ns
[2020-10-31T11:18:37.037+0000][info][safepoint    ] Safepoint "Cleanup", Time since last: 1000106501 ns, Reaching safepoint: 58028 ns, At safepoint: 6186 ns, Total: 64214 ns
[2020-10-31T11:18:38.037+0000][info][safepoint    ] Safepoint "Cleanup", Time since last: 1000101984 ns, Reaching safepoint: 135210 ns, At safepoint: 5065 ns, Total: 140275 ns
[2020-10-31T11:18:39.037+0000][info][safepoint    ] Safepoint "Cleanup", Time since last: 1000107681 ns, Reaching safepoint: 131331 ns, At safepoint: 5732 ns, Total: 137063 ns
[2020-10-31T11:18:40.038+0000][info][safepoint    ] Safepoint "Cleanup", Time since last: 1000104381 ns, Reaching safepoint: 131777 ns, At safepoint: 5667 ns, Total: 137444 ns
[2020-10-31T11:18:40.879+0000][info][gc           ] Trigger: Average GC time (654.08 ms) is above the time for allocation rate (319.57 MB/s) to deplete free headroom (207M)
[2020-10-31T11:18:40.879+0000][info][gc,ergo      ] Free headroom: 412M (free) - 204M (spike) - 0M (penalties) = 207M
[2020-10-31T11:18:40.879+0000][info][gc,ergo      ] Free: 412M (206 regions), Max regular: 2048K, Max humongous: 360448K, External frag: 15%, Internal frag: 0%
[2020-10-31T11:18:40.879+0000][info][gc,ergo      ] Evacuation Reserve: 206M (103 regions), Max regular: 2048K
[2020-10-31T11:18:40.879+0000][info][gc,start     ] GC(44) Concurrent reset
[2020-10-31T11:18:40.879+0000][info][gc,task      ] GC(44) Using 1 of 1 workers for concurrent reset
[2020-10-31T11:18:40.888+0000][info][gc           ] GC(44) Concurrent reset 3478M->3480M(4096M) 9.087ms
[2020-10-31T11:18:40.889+0000][info][gc,start     ] GC(44) Pause Init Mark
[2020-10-31T11:18:40.889+0000][info][gc,task      ] GC(44) Using 1 of 1 workers for init marking
[2020-10-31T11:18:40.889+0000][info][gc,ergo      ] GC(44) Pacer for Mark. Expected Live: 116M, Free: 410M, Non-Taxable: 41M, Alloc Tax Rate: 1.0x
[2020-10-31T11:18:40.889+0000][info][gc           ] GC(44) Pause Init Mark 0.478ms
[2020-10-31T11:18:40.889+0000][info][safepoint    ] Safepoint "ShenandoahInitMark", Time since last: 850767989 ns, Reaching safepoint: 148371 ns, At safepoint: 498841 ns, Total: 647212 ns
[2020-10-31T11:18:40.889+0000][info][gc,start     ] GC(44) Concurrent marking
[2020-10-31T11:18:40.889+0000][info][gc,task      ] GC(44) Using 1 of 1 workers for concurrent marking
[2020-10-31T11:18:41.223+0000][info][gc           ] GC(44) Concurrent marking 3482M->3568M(4096M) 333.877ms
[2020-10-31T11:18:41.223+0000][info][gc,start     ] GC(44) Pause Final Mark
[2020-10-31T11:18:41.223+0000][info][gc,task      ] GC(44) Using 1 of 1 workers for final marking
[2020-10-31T11:18:41.224+0000][info][gc,ergo      ] GC(44) Adaptive CSet Selection. Target Free: 409M, Actual Free: 528M, Max CSet: 170M, Min Garbage: 0M
[2020-10-31T11:18:41.224+0000][info][gc,ergo      ] GC(44) Collectable Garbage: 3295M (99% of total), 44M CSet, 1670 CSet regions
[2020-10-31T11:18:41.224+0000][info][gc,ergo      ] GC(44) Immediate Garbage: 0M (0% of total), 0 regions
[2020-10-31T11:18:41.225+0000][info][gc,ergo      ] GC(44) Pacer for Evacuation. Used CSet: 3340M, Free: 322M, Non-Taxable: 32M, Alloc Tax Rate: 25.4x
[2020-10-31T11:18:41.225+0000][info][gc           ] GC(44) Pause Final Mark 1.447ms
[2020-10-31T11:18:41.225+0000][info][safepoint    ] Safepoint "ShenandoahFinalMarkStartEvac", Time since last: 333959640 ns, Reaching safepoint: 138581 ns, At safepoint: 1483144 ns, Total: 1621725 ns
[2020-10-31T11:18:41.225+0000][info][gc,start     ] GC(44) Concurrent cleanup
[2020-10-31T11:18:41.225+0000][info][gc           ] GC(44) Concurrent cleanup 3570M->3572M(4096M) 0.187ms
[2020-10-31T11:18:41.225+0000][info][gc,ergo      ] GC(44) Free: 318M (159 regions), Max regular: 2048K, Max humongous: 323584K, External frag: 1%, Internal frag: 0%
[2020-10-31T11:18:41.225+0000][info][gc,ergo      ] GC(44) Evacuation Reserve: 206M (103 regions), Max regular: 2048K
[2020-10-31T11:18:41.225+0000][info][gc,start     ] GC(44) Concurrent evacuation
[2020-10-31T11:18:41.225+0000][info][gc,task      ] GC(44) Using 1 of 1 workers for concurrent evacuation
[2020-10-31T11:18:41.306+0000][info][gc           ] GC(44) Concurrent evacuation 3572M->3634M(4096M) 81.372ms
[2020-10-31T11:18:41.306+0000][info][gc,start     ] GC(44) Pause Init Update Refs
[2020-10-31T11:18:41.306+0000][info][gc,ergo      ] GC(44) Pacer for Update Refs. Used: 3634M, Free: 302M, Non-Taxable: 30M, Alloc Tax Rate: 14.7x
[2020-10-31T11:18:41.306+0000][info][gc           ] GC(44) Pause Init Update Refs 0.047ms
[2020-10-31T11:18:41.306+0000][info][safepoint    ] Safepoint "ShenandoahInitUpdateRefs", Time since last: 81675673 ns, Reaching safepoint: 57001 ns, At safepoint: 66607 ns, Total: 123608 ns
[2020-10-31T11:18:41.306+0000][info][gc,start     ] GC(44) Concurrent update references
[2020-10-31T11:18:41.306+0000][info][gc,task      ] GC(44) Using 1 of 1 workers for concurrent reference update
[2020-10-31T11:18:41.548+0000][info][gc           ] GC(44) Concurrent update references 3636M->3694M(4096M) 241.496ms
[2020-10-31T11:18:41.548+0000][info][gc,start     ] GC(44) Pause Final Update Refs
[2020-10-31T11:18:41.548+0000][info][gc,task      ] GC(44) Using 1 of 1 workers for final reference update
[2020-10-31T11:18:41.548+0000][info][gc           ] GC(44) Pause Final Update Refs 0.182ms
[2020-10-31T11:18:41.548+0000][info][safepoint    ] Safepoint "ShenandoahFinalUpdateRefs", Time since last: 241577746 ns, Reaching safepoint: 133216 ns, At safepoint: 202893 ns, Total: 336109 ns
[2020-10-31T11:18:41.548+0000][info][gc,start     ] GC(44) Concurrent cleanup
[2020-10-31T11:18:41.549+0000][info][gc           ] GC(44) Concurrent cleanup 3694M->354M(4096M) 0.329ms
[2020-10-31T11:18:41.549+0000][info][gc,ergo      ] Free: 3536M (1768 regions), Max regular: 2048K, Max humongous: 3262464K, External frag: 10%, Internal frag: 0%
[2020-10-31T11:18:41.549+0000][info][gc,ergo      ] Evacuation Reserve: 206M (103 regions), Max regular: 2048K
[2020-10-31T11:18:41.549+0000][info][gc,ergo      ] Pacer for Idle. Initial: 81M, Alloc Tax Rate: 1.0x
[2020-10-31T11:18:42.549+0000][info][safepoint    ] Safepoint "Cleanup", Time since last: 1000078888 ns, Reaching safepoint: 137830 ns, At safepoint: 5540 ns, Total: 143370 ns
[2020-10-31T11:18:43.549+0000][info][safepoint    ] Safepoint "Cleanup", Time since last: 1000106091 ns, Reaching safepoint: 63862 ns, At safepoint: 6519 ns, Total: 70381 ns
[2020-10-31T11:18:44.549+0000][info][safepoint    ] Safepoint "Cleanup", Time since last: 1000099038 ns, Reaching safepoint: 132978 ns, At safepoint: 5623 ns, Total: 138601 ns
[2020-10-31T11:18:45.549+0000][info][safepoint    ] Safepoint "Cleanup", Time since last: 1000108140 ns, Reaching safepoint: 132253 ns, At safepoint: 5496 ns, Total: 137749 ns
[2020-10-31T11:18:46.549+0000][info][safepoint    ] Safepoint "Cleanup", Time since last: 1000110911 ns, Reaching safepoint: 135287 ns, At safepoint: 5273 ns, Total: 140560 ns
[2020-10-31T11:18:47.550+0000][info][safepoint    ] Safepoint "Cleanup", Time since last: 1000105069 ns, Reaching safepoint: 52163 ns, At safepoint: 6222 ns, Total: 58385 ns
[2020-10-31T11:18:48.550+0000][info][safepoint    ] Safepoint "Cleanup", Time since last: 1000108947 ns, Reaching safepoint: 124830 ns, At safepoint: 5040 ns, Total: 129870 ns
[2020-10-31T11:18:49.550+0000][info][safepoint    ] Safepoint "Cleanup", Time since last: 1000106444 ns, Reaching safepoint: 130473 ns, At safepoint: 5155 ns, Total: 135628 ns
[2020-10-31T11:18:50.550+0000][info][safepoint    ] Safepoint "Cleanup", Time since last: 1000112392 ns, Reaching safepoint: 137967 ns, At safepoint: 5478 ns, Total: 143445 ns
[2020-10-31T11:18:51.205+0000][info][gc           ] Trigger: Average GC time (654.68 ms) is above the time for allocation rate (319.00 MB/s) to deplete free headroom (207M)
[2020-10-31T11:18:51.205+0000][info][gc,ergo      ] Free headroom: 412M (free) - 204M (spike) - 0M (penalties) = 207M
[2020-10-31T11:18:51.205+0000][info][gc,ergo      ] Free: 412M (206 regions), Max regular: 2048K, Max humongous: 200704K, External frag: 53%, Internal frag: 0%
[2020-10-31T11:18:51.205+0000][info][gc,ergo      ] Evacuation Reserve: 206M (103 regions), Max regular: 2048K
[2020-10-31T11:18:51.205+0000][info][gc,start     ] GC(45) Concurrent reset
[2020-10-31T11:18:51.205+0000][info][gc,task      ] GC(45) Using 1 of 1 workers for concurrent reset
[2020-10-31T11:18:51.214+0000][info][gc           ] GC(45) Concurrent reset 3478M->3480M(4096M) 9.064ms
[2020-10-31T11:18:51.214+0000][info][gc,start     ] GC(45) Pause Init Mark (process weakrefs)
[2020-10-31T11:18:51.214+0000][info][gc,task      ] GC(45) Using 1 of 1 workers for init marking
[2020-10-31T11:18:51.215+0000][info][gc,ergo      ] GC(45) Pacer for Mark. Expected Live: 116M, Free: 410M, Non-Taxable: 41M, Alloc Tax Rate: 1.0x
[2020-10-31T11:18:51.215+0000][info][gc           ] GC(45) Pause Init Mark (process weakrefs) 0.436ms
[2020-10-31T11:18:51.215+0000][info][safepoint    ] Safepoint "ShenandoahInitMark", Time since last: 664002440 ns, Reaching safepoint: 61000 ns, At safepoint: 455516 ns, Total: 516516 ns
[2020-10-31T11:18:51.215+0000][info][gc,start     ] GC(45) Concurrent marking (process weakrefs)
[2020-10-31T11:18:51.215+0000][info][gc,task      ] GC(45) Using 1 of 1 workers for concurrent marking
[2020-10-31T11:18:51.651+0000][info][gc           ] GC(45) Concurrent marking (process weakrefs) 3482M->3588M(4096M) 436.077ms
[2020-10-31T11:18:51.651+0000][info][gc,start     ] GC(45) Concurrent precleaning
[2020-10-31T11:18:51.651+0000][info][gc,task      ] GC(45) Using 1 of 1 workers for concurrent preclean
[2020-10-31T11:18:51.746+0000][info][gc           ] GC(45) Concurrent precleaning 3588M->3618M(4096M) 95.029ms
[2020-10-31T11:18:51.746+0000][info][gc,start     ] GC(45) Pause Final Mark (process weakrefs)
[2020-10-31T11:18:51.746+0000][info][gc,task      ] GC(45) Using 1 of 1 workers for final marking
[2020-10-31T11:18:51.828+0000][info][gc,ergo      ] GC(45) Adaptive CSet Selection. Target Free: 409M, Actual Free: 478M, Max CSet: 170M, Min Garbage: 0M
[2020-10-31T11:18:51.828+0000][info][gc,ergo      ] GC(45) Collectable Garbage: 3274M (97% of total), 23M CSet, 1649 CSet regions
[2020-10-31T11:18:51.828+0000][info][gc,ergo      ] GC(45) Immediate Garbage: 0M (0% of total), 0 regions
[2020-10-31T11:18:51.829+0000][info][gc,ergo      ] GC(45) Pacer for Evacuation. Used CSet: 3298M, Free: 272M, Non-Taxable: 27M, Alloc Tax Rate: 29.6x
[2020-10-31T11:18:51.829+0000][info][gc           ] GC(45) Pause Final Mark (process weakrefs) 82.512ms
[2020-10-31T11:18:51.829+0000][info][safepoint    ] Safepoint "ShenandoahFinalMarkStartEvac", Time since last: 531224870 ns, Reaching safepoint: 61079 ns, At safepoint: 82561421 ns, Total: 82622500 ns
[2020-10-31T11:18:51.829+0000][info][gc,start     ] GC(45) Concurrent cleanup
[2020-10-31T11:18:51.829+0000][info][gc           ] GC(45) Concurrent cleanup 3620M->3622M(4096M) 0.207ms
[2020-10-31T11:18:51.829+0000][info][gc,ergo      ] GC(45) Free: 268M (134 regions), Max regular: 2048K, Max humongous: 200704K, External frag: 27%, Internal frag: 0%
[2020-10-31T11:18:51.829+0000][info][gc,ergo      ] GC(45) Evacuation Reserve: 205M (103 regions), Max regular: 2048K
[2020-10-31T11:18:51.829+0000][info][gc,start     ] GC(45) Concurrent evacuation
[2020-10-31T11:18:51.829+0000][info][gc,task      ] GC(45) Using 1 of 1 workers for concurrent evacuation
[2020-10-31T11:18:51.916+0000][info][gc           ] GC(45) Concurrent evacuation 3622M->3662M(4096M) 87.121ms
[2020-10-31T11:18:51.916+0000][info][gc,start     ] GC(45) Pause Init Update Refs
[2020-10-31T11:18:51.916+0000][info][gc,ergo      ] GC(45) Pacer for Update Refs. Used: 3662M, Free: 252M, Non-Taxable: 25M, Alloc Tax Rate: 17.8x
[2020-10-31T11:18:51.916+0000][info][gc           ] GC(45) Pause Init Update Refs 0.050ms
[2020-10-31T11:18:51.916+0000][info][safepoint    ] Safepoint "ShenandoahInitUpdateRefs", Time since last: 87447736 ns, Reaching safepoint: 145968 ns, At safepoint: 71507 ns, Total: 217475 ns
[2020-10-31T11:18:51.916+0000][info][gc,start     ] GC(45) Concurrent update references
[2020-10-31T11:18:51.916+0000][info][gc,task      ] GC(45) Using 1 of 1 workers for concurrent reference update
[2020-10-31T11:18:52.210+0000][info][gc           ] GC(45) Concurrent update references 3664M->3718M(4096M) 293.445ms
[2020-10-31T11:18:52.210+0000][info][gc,start     ] GC(45) Pause Final Update Refs
[2020-10-31T11:18:52.210+0000][info][gc,task      ] GC(45) Using 1 of 1 workers for final reference update
[2020-10-31T11:18:52.210+0000][info][gc           ] GC(45) Pause Final Update Refs 0.190ms
[2020-10-31T11:18:52.210+0000][info][safepoint    ] Safepoint "ShenandoahFinalUpdateRefs", Time since last: 293525022 ns, Reaching safepoint: 133209 ns, At safepoint: 214897 ns, Total: 348106 ns
[2020-10-31T11:18:52.210+0000][info][gc,start     ] GC(45) Concurrent cleanup
[2020-10-31T11:18:52.211+0000][info][gc           ] GC(45) Concurrent cleanup 3718M->420M(4096M) 0.314ms
[2020-10-31T11:18:52.211+0000][info][gc,ergo      ] Free: 3470M (1735 regions), Max regular: 2048K, Max humongous: 3201024K, External frag: 10%, Internal frag: 0%
[2020-10-31T11:18:52.211+0000][info][gc,ergo      ] Evacuation Reserve: 206M (103 regions), Max regular: 2048K
[2020-10-31T11:18:52.211+0000][info][gc,ergo      ] Pacer for Idle. Initial: 81M, Alloc Tax Rate: 1.0x
[2020-10-31T11:18:53.211+0000][info][safepoint    ] Safepoint "Cleanup", Time since last: 1000077896 ns, Reaching safepoint: 130086 ns, At safepoint: 5447 ns, Total: 135533 ns
[2020-10-31T11:18:54.211+0000][info][safepoint    ] Safepoint "Cleanup", Time since last: 1000105534 ns, Reaching safepoint: 131836 ns, At safepoint: 5260 ns, Total: 137096 ns
[2020-10-31T11:18:55.211+0000][info][safepoint    ] Safepoint "Cleanup", Time since last: 1000107627 ns, Reaching safepoint: 131324 ns, At safepoint: 5369 ns, Total: 136693 ns
[2020-10-31T11:18:56.211+0000][info][safepoint    ] Safepoint "Cleanup", Time since last: 1000104421 ns, Reaching safepoint: 128210 ns, At safepoint: 5202 ns, Total: 133412 ns
[2020-10-31T11:18:57.211+0000][info][safepoint    ] Safepoint "Cleanup", Time since last: 1000104688 ns, Reaching safepoint: 124955 ns, At safepoint: 5167 ns, Total: 130122 ns
[2020-10-31T11:18:58.212+0000][info][safepoint    ] Safepoint "Cleanup", Time since last: 1000107700 ns, Reaching safepoint: 51042 ns, At safepoint: 5700 ns, Total: 56742 ns
[2020-10-31T11:18:59.212+0000][info][safepoint    ] Safepoint "Cleanup", Time since last: 1000109544 ns, Reaching safepoint: 129243 ns, At safepoint: 5300 ns, Total: 134543 ns
[2020-10-31T11:19:00.212+0000][info][safepoint    ] Safepoint "Cleanup", Time since last: 1000105989 ns, Reaching safepoint: 54834 ns, At safepoint: 6875 ns, Total: 61709 ns
[2020-10-31T11:19:01.212+0000][info][safepoint    ] Safepoint "Cleanup", Time since last: 1000120311 ns, Reaching safepoint: 144136 ns, At safepoint: 2892 ns, Total: 147028 ns
[2020-10-31T11:19:01.748+0000][info][gc           ] Trigger: Free (408M) is below minimum threshold (409M)
[2020-10-31T11:19:01.748+0000][info][gc,ergo      ] Free: 408M (204 regions), Max regular: 2048K, Max humongous: 178176K, External frag: 58%, Internal frag: 0%
[2020-10-31T11:19:01.748+0000][info][gc,ergo      ] Evacuation Reserve: 206M (103 regions), Max regular: 2048K
[2020-10-31T11:19:01.748+0000][info][gc,start     ] GC(46) Concurrent reset
[2020-10-31T11:19:01.748+0000][info][gc,task      ] GC(46) Using 1 of 1 workers for concurrent reset
[2020-10-31T11:19:01.757+0000][info][gc           ] GC(46) Concurrent reset 3482M->3482M(4096M) 9.174ms
[2020-10-31T11:19:01.757+0000][info][gc,start     ] GC(46) Pause Init Mark
[2020-10-31T11:19:01.757+0000][info][gc,task      ] GC(46) Using 1 of 1 workers for init marking
[2020-10-31T11:19:01.758+0000][info][gc,ergo      ] GC(46) Pacer for Mark. Expected Live: 116M, Free: 408M, Non-Taxable: 40M, Alloc Tax Rate: 1.0x
[2020-10-31T11:19:01.758+0000][info][gc           ] GC(46) Pause Init Mark 0.456ms
[2020-10-31T11:19:01.758+0000][info][safepoint    ] Safepoint "ShenandoahInitMark", Time since last: 544729530 ns, Reaching safepoint: 63067 ns, At safepoint: 476816 ns, Total: 539883 ns
[2020-10-31T11:19:01.758+0000][info][gc,start     ] GC(46) Concurrent marking
[2020-10-31T11:19:01.758+0000][info][gc,task      ] GC(46) Using 1 of 1 workers for concurrent marking
[2020-10-31T11:19:01.930+0000][info][gc           ] GC(46) Concurrent marking 3484M->3526M(4096M) 172.018ms
[2020-10-31T11:19:01.930+0000][info][gc,start     ] GC(46) Pause Final Mark
[2020-10-31T11:19:01.930+0000][info][gc,task      ] GC(46) Using 1 of 1 workers for final marking
[2020-10-31T11:19:01.930+0000][info][gc,ergo      ] GC(46) Adaptive CSet Selection. Target Free: 409M, Actual Free: 762M, Max CSet: 170M, Min Garbage: 0M
[2020-10-31T11:19:01.931+0000][info][gc,ergo      ] GC(46) Collectable Garbage: 3240M (94% of total), 43M CSet, 1642 CSet regions
[2020-10-31T11:19:01.931+0000][info][gc,ergo      ] GC(46) Immediate Garbage: 192M (5% of total), 96 regions
[2020-10-31T11:19:01.931+0000][info][gc,ergo      ] GC(46) Pacer for Evacuation. Used CSet: 3284M, Free: 556M, Non-Taxable: 55M, Alloc Tax Rate: 14.4x
[2020-10-31T11:19:01.931+0000][info][gc           ] GC(46) Pause Final Mark 1.426ms
[2020-10-31T11:19:01.931+0000][info][safepoint    ] Safepoint "ShenandoahFinalMarkStartEvac", Time since last: 172093325 ns, Reaching safepoint: 58810 ns, At safepoint: 1448626 ns, Total: 1507436 ns
[2020-10-31T11:19:01.931+0000][info][gc,start     ] GC(46) Concurrent cleanup
[2020-10-31T11:19:01.931+0000][info][gc           ] GC(46) Concurrent cleanup 3526M->3336M(4096M) 0.163ms
[2020-10-31T11:19:01.931+0000][info][gc,ergo      ] GC(46) Free: 554M (277 regions), Max regular: 2048K, Max humongous: 374784K, External frag: 34%, Internal frag: 0%
[2020-10-31T11:19:01.931+0000][info][gc,ergo      ] GC(46) Evacuation Reserve: 205M (103 regions), Max regular: 2048K
[2020-10-31T11:19:01.931+0000][info][gc,start     ] GC(46) Concurrent evacuation
[2020-10-31T11:19:01.931+0000][info][gc,task      ] GC(46) Using 1 of 1 workers for concurrent evacuation
[2020-10-31T11:19:02.012+0000][info][gc           ] GC(46) Concurrent evacuation 3336M->3402M(4096M) 80.666ms
[2020-10-31T11:19:02.012+0000][info][gc,start     ] GC(46) Pause Init Update Refs
[2020-10-31T11:19:02.012+0000][info][gc,ergo      ] GC(46) Pacer for Update Refs. Used: 3402M, Free: 532M, Non-Taxable: 53M, Alloc Tax Rate: 7.8x
[2020-10-31T11:19:02.012+0000][info][gc           ] GC(46) Pause Init Update Refs 0.053ms
[2020-10-31T11:19:02.012+0000][info][safepoint    ] Safepoint "ShenandoahInitUpdateRefs", Time since last: 80935930 ns, Reaching safepoint: 135136 ns, At safepoint: 71850 ns, Total: 206986 ns
[2020-10-31T11:19:02.012+0000][info][gc,start     ] GC(46) Concurrent update references
[2020-10-31T11:19:02.012+0000][info][gc,task      ] GC(46) Using 1 of 1 workers for concurrent reference update
[2020-10-31T11:19:02.135+0000][info][gc           ] GC(46) Concurrent update references 3404M->3436M(4096M) 122.914ms
[2020-10-31T11:19:02.135+0000][info][gc,start     ] GC(46) Pause Final Update Refs
[2020-10-31T11:19:02.135+0000][info][gc,task      ] GC(46) Using 1 of 1 workers for final reference update
[2020-10-31T11:19:02.136+0000][info][gc           ] GC(46) Pause Final Update Refs 0.186ms
[2020-10-31T11:19:02.136+0000][info][safepoint    ] Safepoint "ShenandoahFinalUpdateRefs", Time since last: 122994051 ns, Reaching safepoint: 135956 ns, At safepoint: 206656 ns, Total: 342612 ns
[2020-10-31T11:19:02.136+0000][info][gc,start     ] GC(46) Concurrent cleanup
[2020-10-31T11:19:02.136+0000][info][gc           ] GC(46) Concurrent cleanup 3436M->152M(4096M) 0.292ms
[2020-10-31T11:19:02.136+0000][info][gc,ergo      ] Free: 3738M (1869 regions), Max regular: 2048K, Max humongous: 3135488K, External frag: 19%, Internal frag: 0%
[2020-10-31T11:19:02.136+0000][info][gc,ergo      ] Evacuation Reserve: 206M (103 regions), Max regular: 2048K
[2020-10-31T11:19:02.136+0000][info][gc,ergo      ] Pacer for Idle. Initial: 81M, Alloc Tax Rate: 1.0x
[2020-10-31T11:19:03.136+0000][info][safepoint    ] Safepoint "Cleanup", Time since last: 1000081266 ns, Reaching safepoint: 136404 ns, At safepoint: 5374 ns, Total: 141778 ns
[2020-10-31T11:19:04.136+0000][info][safepoint    ] Safepoint "Cleanup", Time since last: 1000106086 ns, Reaching safepoint: 162632 ns, At safepoint: 5447 ns, Total: 168079 ns
[2020-10-31T11:19:05.136+0000][info][safepoint    ] Safepoint "Cleanup", Time since last: 1000100122 ns, Reaching safepoint: 130920 ns, At safepoint: 5910 ns, Total: 136830 ns
[2020-10-31T11:19:06.137+0000][info][safepoint    ] Safepoint "Cleanup", Time since last: 1000106295 ns, Reaching safepoint: 144073 ns, At safepoint: 5197 ns, Total: 149270 ns
[2020-10-31T11:19:07.137+0000][info][safepoint    ] Safepoint "Cleanup", Time since last: 1000105737 ns, Reaching safepoint: 135960 ns, At safepoint: 3064 ns, Total: 139024 ns
[2020-10-31T11:19:08.137+0000][info][safepoint    ] Safepoint "Cleanup", Time since last: 1000104942 ns, Reaching safepoint: 129650 ns, At safepoint: 5532 ns, Total: 135182 ns
[2020-10-31T11:19:09.137+0000][info][safepoint    ] Safepoint "Cleanup", Time since last: 1000105953 ns, Reaching safepoint: 134269 ns, At safepoint: 3333 ns, Total: 137602 ns
[2020-10-31T11:19:10.138+0000][info][safepoint    ] Safepoint "Cleanup", Time since last: 1000110188 ns, Reaching safepoint: 134599 ns, At safepoint: 5308 ns, Total: 139907 ns
[2020-10-31T11:19:11.138+0000][info][safepoint    ] Safepoint "Cleanup", Time since last: 1000109959 ns, Reaching safepoint: 138265 ns, At safepoint: 5258 ns, Total: 143523 ns
[2020-10-31T11:19:12.138+0000][info][safepoint    ] Safepoint "Cleanup", Time since last: 1000109647 ns, Reaching safepoint: 133073 ns, At safepoint: 5276 ns, Total: 138349 ns
[2020-10-31T11:19:12.415+0000][info][gc           ] Trigger: Free (408M) is below minimum threshold (409M)
[2020-10-31T11:19:12.415+0000][info][gc,ergo      ] Free: 408M (204 regions), Max regular: 2048K, Max humongous: 415744K, External frag: 1%, Internal frag: 0%
[2020-10-31T11:19:12.415+0000][info][gc,ergo      ] Evacuation Reserve: 206M (103 regions), Max regular: 2048K
[2020-10-31T11:19:12.415+0000][info][gc,start     ] GC(47) Concurrent reset
[2020-10-31T11:19:12.415+0000][info][gc,task      ] GC(47) Using 1 of 1 workers for concurrent reset
[2020-10-31T11:19:12.424+0000][info][gc           ] GC(47) Concurrent reset 3482M->3482M(4096M) 8.595ms
[2020-10-31T11:19:12.424+0000][info][gc,start     ] GC(47) Pause Init Mark
[2020-10-31T11:19:12.424+0000][info][gc,task      ] GC(47) Using 1 of 1 workers for init marking
[2020-10-31T11:19:12.425+0000][info][gc,ergo      ] GC(47) Pacer for Mark. Expected Live: 116M, Free: 408M, Non-Taxable: 40M, Alloc Tax Rate: 1.0x
[2020-10-31T11:19:12.425+0000][info][gc           ] GC(47) Pause Init Mark 0.492ms
[2020-10-31T11:19:12.425+0000][info][safepoint    ] Safepoint "ShenandoahInitMark", Time since last: 285952213 ns, Reaching safepoint: 132598 ns, At safepoint: 512345 ns, Total: 644943 ns
[2020-10-31T11:19:12.425+0000][info][gc,start     ] GC(47) Concurrent marking
[2020-10-31T11:19:12.425+0000][info][gc,task      ] GC(47) Using 1 of 1 workers for concurrent marking
[2020-10-31T11:19:12.663+0000][info][gc           ] GC(47) Concurrent marking 3484M->3552M(4096M) 238.146ms
[2020-10-31T11:19:12.663+0000][info][gc,start     ] GC(47) Pause Final Mark
[2020-10-31T11:19:12.663+0000][info][gc,task      ] GC(47) Using 1 of 1 workers for final marking
[2020-10-31T11:19:12.664+0000][info][gc,ergo      ] GC(47) Adaptive CSet Selection. Target Free: 409M, Actual Free: 544M, Max CSet: 170M, Min Garbage: 0M
[2020-10-31T11:19:12.664+0000][info][gc,ergo      ] GC(47) Collectable Garbage: 3386M (99% of total), 45M CSet, 1716 CSet regions
[2020-10-31T11:19:12.664+0000][info][gc,ergo      ] GC(47) Immediate Garbage: 0M (0% of total), 0 regions
[2020-10-31T11:19:12.664+0000][info][gc,ergo      ] GC(47) Pacer for Evacuation. Used CSet: 3432M, Free: 338M, Non-Taxable: 33M, Alloc Tax Rate: 24.8x
[2020-10-31T11:19:12.665+0000][info][gc           ] GC(47) Pause Final Mark 1.433ms
[2020-10-31T11:19:12.665+0000][info][safepoint    ] Safepoint "ShenandoahFinalMarkStartEvac", Time since last: 238228013 ns, Reaching safepoint: 138397 ns, At safepoint: 1454682 ns, Total: 1593079 ns
[2020-10-31T11:19:12.665+0000][info][gc,start     ] GC(47) Concurrent cleanup
[2020-10-31T11:19:12.665+0000][info][gc           ] GC(47) Concurrent cleanup 3554M->3556M(4096M) 0.180ms
[2020-10-31T11:19:12.665+0000][info][gc,ergo      ] GC(47) Free: 334M (167 regions), Max regular: 2048K, Max humongous: 339968K, External frag: 1%, Internal frag: 0%
[2020-10-31T11:19:12.665+0000][info][gc,ergo      ] GC(47) Evacuation Reserve: 205M (103 regions), Max regular: 2048K
[2020-10-31T11:19:12.665+0000][info][gc,start     ] GC(47) Concurrent evacuation
[2020-10-31T11:19:12.665+0000][info][gc,task      ] GC(47) Using 1 of 1 workers for concurrent evacuation
[2020-10-31T11:19:12.748+0000][info][gc           ] GC(47) Concurrent evacuation 3556M->3620M(4096M) 82.851ms
[2020-10-31T11:19:12.748+0000][info][gc,start     ] GC(47) Pause Init Update Refs
[2020-10-31T11:19:12.748+0000][info][gc,ergo      ] GC(47) Pacer for Update Refs. Used: 3620M, Free: 316M, Non-Taxable: 31M, Alloc Tax Rate: 14.0x
[2020-10-31T11:19:12.748+0000][info][gc           ] GC(47) Pause Init Update Refs 0.045ms
[2020-10-31T11:19:12.748+0000][info][safepoint    ] Safepoint "ShenandoahInitUpdateRefs", Time since last: 83144644 ns, Reaching safepoint: 135645 ns, At safepoint: 61736 ns, Total: 197381 ns
[2020-10-31T11:19:12.748+0000][info][gc,start     ] GC(47) Concurrent update references
[2020-10-31T11:19:12.748+0000][info][gc,task      ] GC(47) Using 1 of 1 workers for concurrent reference update
[2020-10-31T11:19:12.915+0000][info][gc           ] GC(47) Concurrent update references 3622M->3664M(4096M) 166.723ms
[2020-10-31T11:19:12.915+0000][info][gc,start     ] GC(47) Pause Final Update Refs
[2020-10-31T11:19:12.915+0000][info][gc,task      ] GC(47) Using 1 of 1 workers for final reference update
[2020-10-31T11:19:12.915+0000][info][gc           ] GC(47) Pause Final Update Refs 0.187ms
[2020-10-31T11:19:12.915+0000][info][safepoint    ] Safepoint "ShenandoahFinalUpdateRefs", Time since last: 166801110 ns, Reaching safepoint: 143945 ns, At safepoint: 207917 ns, Total: 351862 ns
[2020-10-31T11:19:12.915+0000][info][gc,start     ] GC(47) Concurrent cleanup
[2020-10-31T11:19:12.915+0000][info][gc           ] GC(47) Concurrent cleanup 3664M->232M(4096M) 0.307ms
[2020-10-31T11:19:12.915+0000][info][gc,ergo      ] Free: 3658M (1829 regions), Max regular: 2048K, Max humongous: 3514368K, External frag: 7%, Internal frag: 0%
[2020-10-31T11:19:12.915+0000][info][gc,ergo      ] Evacuation Reserve: 206M (103 regions), Max regular: 2048K
[2020-10-31T11:19:12.915+0000][info][gc,ergo      ] Pacer for Idle. Initial: 81M, Alloc Tax Rate: 1.0x
[2020-10-31T11:19:13.915+0000][info][safepoint    ] Safepoint "Cleanup", Time since last: 1000081185 ns, Reaching safepoint: 127051 ns, At safepoint: 5283 ns, Total: 132334 ns
[2020-10-31T11:19:14.915+0000][info][safepoint    ] Safepoint "Cleanup", Time since last: 1000107655 ns, Reaching safepoint: 56627 ns, At safepoint: 5168 ns, Total: 61795 ns
[2020-10-31T11:19:15.916+0000][info][safepoint    ] Safepoint "Cleanup", Time since last: 1000108716 ns, Reaching safepoint: 54101 ns, At safepoint: 5567 ns, Total: 59668 ns
[2020-10-31T11:19:16.916+0000][info][safepoint    ] Safepoint "Cleanup", Time since last: 1000104605 ns, Reaching safepoint: 135320 ns, At safepoint: 3203 ns, Total: 138523 ns
[2020-10-31T11:19:17.916+0000][info][safepoint    ] Safepoint "Cleanup", Time since last: 1000114674 ns, Reaching safepoint: 137610 ns, At safepoint: 5330 ns, Total: 142940 ns
[2020-10-31T11:19:18.916+0000][info][safepoint    ] Safepoint "Cleanup", Time since last: 1000122102 ns, Reaching safepoint: 143367 ns, At safepoint: 5075 ns, Total: 148442 ns
[2020-10-31T11:19:19.917+0000][info][safepoint    ] Safepoint "Cleanup", Time since last: 1000108010 ns, Reaching safepoint: 129588 ns, At safepoint: 5529 ns, Total: 135117 ns
[2020-10-31T11:19:20.917+0000][info][safepoint    ] Safepoint "Cleanup", Time since last: 1000102251 ns, Reaching safepoint: 51960 ns, At safepoint: 5812 ns, Total: 57772 ns
[2020-10-31T11:19:21.917+0000][info][safepoint    ] Safepoint "Cleanup", Time since last: 1000105857 ns, Reaching safepoint: 60814 ns, At safepoint: 4783 ns, Total: 65597 ns
[2020-10-31T11:19:22.917+0000][info][safepoint    ] Safepoint "Cleanup", Time since last: 1000103903 ns, Reaching safepoint: 62814 ns, At safepoint: 5556 ns, Total: 68370 ns
[2020-10-31T11:19:22.956+0000][info][gc           ] Trigger: Free (408M) is below minimum threshold (409M)
[2020-10-31T11:19:22.956+0000][info][gc,ergo      ] Free: 408M (204 regions), Max regular: 2048K, Max humongous: 229376K, External frag: 46%, Internal frag: 0%
[2020-10-31T11:19:22.956+0000][info][gc,ergo      ] Evacuation Reserve: 206M (103 regions), Max regular: 2048K
[2020-10-31T11:19:22.956+0000][info][gc,start     ] GC(48) Concurrent reset
[2020-10-31T11:19:22.956+0000][info][gc,task      ] GC(48) Using 1 of 1 workers for concurrent reset
[2020-10-31T11:19:22.965+0000][info][gc           ] GC(48) Concurrent reset 3482M->3482M(4096M) 8.859ms
[2020-10-31T11:19:22.965+0000][info][gc,start     ] GC(48) Pause Init Mark
[2020-10-31T11:19:22.965+0000][info][gc,task      ] GC(48) Using 1 of 1 workers for init marking
[2020-10-31T11:19:22.966+0000][info][gc,ergo      ] GC(48) Pacer for Mark. Expected Live: 116M, Free: 408M, Non-Taxable: 40M, Alloc Tax Rate: 1.0x
[2020-10-31T11:19:22.966+0000][info][gc           ] GC(48) Pause Init Mark 0.480ms
[2020-10-31T11:19:22.966+0000][info][safepoint    ] Safepoint "ShenandoahInitMark", Time since last: 47932970 ns, Reaching safepoint: 136394 ns, At safepoint: 500732 ns, Total: 637126 ns
[2020-10-31T11:19:22.966+0000][info][gc,start     ] GC(48) Concurrent marking
[2020-10-31T11:19:22.966+0000][info][gc,task      ] GC(48) Using 1 of 1 workers for concurrent marking
[2020-10-31T11:19:23.249+0000][info][gc           ] GC(48) Concurrent marking 3484M->3556M(4096M) 282.847ms
[2020-10-31T11:19:23.249+0000][info][gc,start     ] GC(48) Pause Final Mark
[2020-10-31T11:19:23.249+0000][info][gc,task      ] GC(48) Using 1 of 1 workers for final marking
[2020-10-31T11:19:23.249+0000][info][gc,ergo      ] GC(48) Adaptive CSet Selection. Target Free: 409M, Actual Free: 540M, Max CSet: 170M, Min Garbage: 0M
[2020-10-31T11:19:23.250+0000][info][gc,ergo      ] GC(48) Collectable Garbage: 3341M (99% of total), 44M CSet, 1693 CSet regions
[2020-10-31T11:19:23.250+0000][info][gc,ergo      ] GC(48) Immediate Garbage: 0M (0% of total), 0 regions
[2020-10-31T11:19:23.250+0000][info][gc,ergo      ] GC(48) Pacer for Evacuation. Used CSet: 3386M, Free: 334M, Non-Taxable: 33M, Alloc Tax Rate: 24.8x
[2020-10-31T11:19:23.250+0000][info][gc           ] GC(48) Pause Final Mark 1.395ms
[2020-10-31T11:19:23.250+0000][info][safepoint    ] Safepoint "ShenandoahFinalMarkStartEvac", Time since last: 282928847 ns, Reaching safepoint: 141540 ns, At safepoint: 1415851 ns, Total: 1557391 ns
[2020-10-31T11:19:23.250+0000][info][gc,start     ] GC(48) Concurrent cleanup
[2020-10-31T11:19:23.250+0000][info][gc           ] GC(48) Concurrent cleanup 3558M->3560M(4096M) 0.197ms
[2020-10-31T11:19:23.250+0000][info][gc,ergo      ] GC(48) Free: 330M (165 regions), Max regular: 2048K, Max humongous: 229376K, External frag: 33%, Internal frag: 0%
[2020-10-31T11:19:23.250+0000][info][gc,ergo      ] GC(48) Evacuation Reserve: 205M (103 regions), Max regular: 2048K
[2020-10-31T11:19:23.250+0000][info][gc,start     ] GC(48) Concurrent evacuation
[2020-10-31T11:19:23.250+0000][info][gc,task      ] GC(48) Using 1 of 1 workers for concurrent evacuation
[2020-10-31T11:19:23.334+0000][info][gc           ] GC(48) Concurrent evacuation 3560M->3626M(4096M) 83.963ms
[2020-10-31T11:19:23.335+0000][info][gc,start     ] GC(48) Pause Init Update Refs
[2020-10-31T11:19:23.335+0000][info][gc,ergo      ] GC(48) Pacer for Update Refs. Used: 3626M, Free: 310M, Non-Taxable: 31M, Alloc Tax Rate: 14.3x
[2020-10-31T11:19:23.335+0000][info][gc           ] GC(48) Pause Init Update Refs 0.048ms
[2020-10-31T11:19:23.335+0000][info][safepoint    ] Safepoint "ShenandoahInitUpdateRefs", Time since last: 84282183 ns, Reaching safepoint: 60209 ns, At safepoint: 66600 ns, Total: 126809 ns
[2020-10-31T11:19:23.335+0000][info][gc,start     ] GC(48) Concurrent update references
[2020-10-31T11:19:23.335+0000][info][gc,task      ] GC(48) Using 1 of 1 workers for concurrent reference update
[2020-10-31T11:19:23.541+0000][info][gc           ] GC(48) Concurrent update references 3628M->3680M(4096M) 206.703ms
[2020-10-31T11:19:23.542+0000][info][gc,start     ] GC(48) Pause Final Update Refs
[2020-10-31T11:19:23.542+0000][info][gc,task      ] GC(48) Using 1 of 1 workers for final reference update
[2020-10-31T11:19:23.542+0000][info][gc           ] GC(48) Pause Final Update Refs 0.188ms
[2020-10-31T11:19:23.542+0000][info][safepoint    ] Safepoint "ShenandoahFinalUpdateRefs", Time since last: 206783358 ns, Reaching safepoint: 143673 ns, At safepoint: 210799 ns, Total: 354472 ns
[2020-10-31T11:19:23.542+0000][info][gc,start     ] GC(48) Concurrent cleanup
[2020-10-31T11:19:23.542+0000][info][gc           ] GC(48) Concurrent cleanup 3680M->294M(4096M) 0.313ms
[2020-10-31T11:19:23.542+0000][info][gc,ergo      ] Free: 3596M (1798 regions), Max regular: 2048K, Max humongous: 3328000K, External frag: 10%, Internal frag: 0%
[2020-10-31T11:19:23.542+0000][info][gc,ergo      ] Evacuation Reserve: 206M (103 regions), Max regular: 2048K
[2020-10-31T11:19:23.542+0000][info][gc,ergo      ] Pacer for Idle. Initial: 81M, Alloc Tax Rate: 1.0x
[2020-10-31T11:19:24.542+0000][info][safepoint    ] Safepoint "Cleanup", Time since last: 1000080945 ns, Reaching safepoint: 132540 ns, At safepoint: 5183 ns, Total: 137723 ns
[2020-10-31T11:19:25.542+0000][info][safepoint    ] Safepoint "Cleanup", Time since last: 1000106670 ns, Reaching safepoint: 59626 ns, At safepoint: 7040 ns, Total: 66666 ns
[2020-10-31T11:19:26.542+0000][info][safepoint    ] Safepoint "Cleanup", Time since last: 1000101358 ns, Reaching safepoint: 126744 ns, At safepoint: 5612 ns, Total: 132356 ns
[2020-10-31T11:19:27.543+0000][info][safepoint    ] Safepoint "Cleanup", Time since last: 1000109624 ns, Reaching safepoint: 136336 ns, At safepoint: 5259 ns, Total: 141595 ns
[2020-10-31T11:19:28.543+0000][info][safepoint    ] Safepoint "Cleanup", Time since last: 1000106533 ns, Reaching safepoint: 58110 ns, At safepoint: 6273 ns, Total: 64383 ns
[2020-10-31T11:19:29.543+0000][info][safepoint    ] Safepoint "Cleanup", Time since last: 1000110484 ns, Reaching safepoint: 134732 ns, At safepoint: 5071 ns, Total: 139803 ns
[2020-10-31T11:19:30.543+0000][info][safepoint    ] Safepoint "Cleanup", Time since last: 1000102261 ns, Reaching safepoint: 129255 ns, At safepoint: 3409 ns, Total: 132664 ns
[2020-10-31T11:19:31.544+0000][info][safepoint    ] Safepoint "Cleanup", Time since last: 1000109513 ns, Reaching safepoint: 137507 ns, At safepoint: 5068 ns, Total: 142575 ns
[2020-10-31T11:19:32.544+0000][info][safepoint    ] Safepoint "Cleanup", Time since last: 1000105087 ns, Reaching safepoint: 130637 ns, At safepoint: 7434 ns, Total: 138071 ns
[2020-10-31T11:19:33.413+0000][info][gc           ] Trigger: Free (408M) is below minimum threshold (409M)
[2020-10-31T11:19:33.413+0000][info][gc,ergo      ] Free: 408M (204 regions), Max regular: 2048K, Max humongous: 352256K, External frag: 16%, Internal frag: 0%
[2020-10-31T11:19:33.413+0000][info][gc,ergo      ] Evacuation Reserve: 206M (103 regions), Max regular: 2048K
[2020-10-31T11:19:33.413+0000][info][gc,start     ] GC(49) Concurrent reset
[2020-10-31T11:19:33.413+0000][info][gc,task      ] GC(49) Using 1 of 1 workers for concurrent reset
[2020-10-31T11:19:33.422+0000][info][gc           ] GC(49) Concurrent reset 3482M->3484M(4096M) 8.994ms
[2020-10-31T11:19:33.423+0000][info][gc,start     ] GC(49) Pause Init Mark
[2020-10-31T11:19:33.423+0000][info][gc,task      ] GC(49) Using 1 of 1 workers for init marking
[2020-10-31T11:19:33.423+0000][info][gc,ergo      ] GC(49) Pacer for Mark. Expected Live: 116M, Free: 406M, Non-Taxable: 40M, Alloc Tax Rate: 1.1x
[2020-10-31T11:19:33.423+0000][info][gc           ] GC(49) Pause Init Mark 0.481ms
[2020-10-31T11:19:33.423+0000][info][safepoint    ] Safepoint "ShenandoahInitMark", Time since last: 878691915 ns, Reaching safepoint: 140041 ns, At safepoint: 501157 ns, Total: 641198 ns
[2020-10-31T11:19:33.423+0000][info][gc,start     ] GC(49) Concurrent marking
[2020-10-31T11:19:33.423+0000][info][gc,task      ] GC(49) Using 1 of 1 workers for concurrent marking
[2020-10-31T11:19:33.764+0000][info][gc           ] GC(49) Concurrent marking 3484M->3582M(4096M) 340.861ms
[2020-10-31T11:19:33.764+0000][info][gc,start     ] GC(49) Pause Final Mark
[2020-10-31T11:19:33.764+0000][info][gc,task      ] GC(49) Using 1 of 1 workers for final marking
[2020-10-31T11:19:33.765+0000][info][gc,ergo      ] GC(49) Adaptive CSet Selection. Target Free: 409M, Actual Free: 514M, Max CSet: 170M, Min Garbage: 0M
[2020-10-31T11:19:33.765+0000][info][gc,ergo      ] GC(49) Collectable Garbage: 3299M (99% of total), 44M CSet, 1672 CSet regions
[2020-10-31T11:19:33.765+0000][info][gc,ergo      ] GC(49) Immediate Garbage: 0M (0% of total), 0 regions
[2020-10-31T11:19:33.766+0000][info][gc,ergo      ] GC(49) Pacer for Evacuation. Used CSet: 3344M, Free: 308M, Non-Taxable: 30M, Alloc Tax Rate: 26.5x
[2020-10-31T11:19:33.766+0000][info][gc           ] GC(49) Pause Final Mark 1.406ms
[2020-10-31T11:19:33.766+0000][info][safepoint    ] Safepoint "ShenandoahFinalMarkStartEvac", Time since last: 340941207 ns, Reaching safepoint: 140275 ns, At safepoint: 1428327 ns, Total: 1568602 ns
[2020-10-31T11:19:33.766+0000][info][gc,start     ] GC(49) Concurrent cleanup
[2020-10-31T11:19:33.766+0000][info][gc           ] GC(49) Concurrent cleanup 3584M->3586M(4096M) 0.179ms
[2020-10-31T11:19:33.766+0000][info][gc,ergo      ] GC(49) Free: 304M (152 regions), Max regular: 2048K, Max humongous: 309248K, External frag: 1%, Internal frag: 0%
[2020-10-31T11:19:33.766+0000][info][gc,ergo      ] GC(49) Evacuation Reserve: 206M (103 regions), Max regular: 2048K
[2020-10-31T11:19:33.766+0000][info][gc,start     ] GC(49) Concurrent evacuation
[2020-10-31T11:19:33.766+0000][info][gc,task      ] GC(49) Using 1 of 1 workers for concurrent evacuation
[2020-10-31T11:19:33.848+0000][info][gc           ] GC(49) Concurrent evacuation 3586M->3650M(4096M) 82.064ms
[2020-10-31T11:19:33.848+0000][info][gc,start     ] GC(49) Pause Init Update Refs
[2020-10-31T11:19:33.848+0000][info][gc,ergo      ] GC(49) Pacer for Update Refs. Used: 3650M, Free: 286M, Non-Taxable: 28M, Alloc Tax Rate: 15.6x
[2020-10-31T11:19:33.848+0000][info][gc           ] GC(49) Pause Init Update Refs 0.049ms
[2020-10-31T11:19:33.848+0000][info][safepoint    ] Safepoint "ShenandoahInitUpdateRefs", Time since last: 82366009 ns, Reaching safepoint: 139919 ns, At safepoint: 66803 ns, Total: 206722 ns
[2020-10-31T11:19:33.848+0000][info][gc,start     ] GC(49) Concurrent update references
[2020-10-31T11:19:33.848+0000][info][gc,task      ] GC(49) Using 1 of 1 workers for concurrent reference update
[2020-10-31T11:19:34.090+0000][info][gc           ] GC(49) Concurrent update references 3650M->3712M(4096M) 241.910ms
[2020-10-31T11:19:34.090+0000][info][gc,start     ] GC(49) Pause Final Update Refs
[2020-10-31T11:19:34.090+0000][info][gc,task      ] GC(49) Using 1 of 1 workers for final reference update
[2020-10-31T11:19:34.091+0000][info][gc           ] GC(49) Pause Final Update Refs 0.200ms
[2020-10-31T11:19:34.091+0000][info][safepoint    ] Safepoint "ShenandoahFinalUpdateRefs", Time since last: 241990824 ns, Reaching safepoint: 151143 ns, At safepoint: 224642 ns, Total: 375785 ns
[2020-10-31T11:19:34.091+0000][info][gc,start     ] GC(49) Concurrent cleanup
[2020-10-31T11:19:34.091+0000][info][gc           ] GC(49) Concurrent cleanup 3712M->368M(4096M) 0.309ms
[2020-10-31T11:19:34.091+0000][info][gc,ergo      ] Free: 3520M (1760 regions), Max regular: 2048K, Max humongous: 3262464K, External frag: 10%, Internal frag: 0%
[2020-10-31T11:19:34.091+0000][info][gc,ergo      ] Evacuation Reserve: 206M (103 regions), Max regular: 2048K
[2020-10-31T11:19:34.091+0000][info][gc,ergo      ] Pacer for Idle. Initial: 81M, Alloc Tax Rate: 1.0x
[2020-10-31T11:19:35.091+0000][info][safepoint    ] Safepoint "Cleanup", Time since last: 1000093152 ns, Reaching safepoint: 152214 ns, At safepoint: 2995 ns, Total: 155209 ns
[2020-10-31T11:19:36.091+0000][info][safepoint    ] Safepoint "Cleanup", Time since last: 1000097039 ns, Reaching safepoint: 132104 ns, At safepoint: 3100 ns, Total: 135204 ns
[2020-10-31T11:19:37.091+0000][info][safepoint    ] Safepoint "Cleanup", Time since last: 1000109368 ns, Reaching safepoint: 133360 ns, At safepoint: 3244 ns, Total: 136604 ns
[2020-10-31T11:19:38.091+0000][info][safepoint    ] Safepoint "Cleanup", Time since last: 1000073149 ns, Reaching safepoint: 60463 ns, At safepoint: 6847 ns, Total: 67310 ns
[2020-10-31T11:19:39.092+0000][info][safepoint    ] Safepoint "Cleanup", Time since last: 1000103692 ns, Reaching safepoint: 54222 ns, At safepoint: 5549 ns, Total: 59771 ns
[2020-10-31T11:19:40.092+0000][info][safepoint    ] Safepoint "Cleanup", Time since last: 1000106220 ns, Reaching safepoint: 61819 ns, At safepoint: 6768 ns, Total: 68587 ns
[2020-10-31T11:19:41.092+0000][info][safepoint    ] Safepoint "Cleanup", Time since last: 1000105124 ns, Reaching safepoint: 130248 ns, At safepoint: 3075 ns, Total: 133323 ns
[2020-10-31T11:19:42.092+0000][info][safepoint    ] Safepoint "Cleanup", Time since last: 1000105220 ns, Reaching safepoint: 138176 ns, At safepoint: 6024 ns, Total: 144200 ns
[2020-10-31T11:19:43.092+0000][info][safepoint    ] Safepoint "Cleanup", Time since last: 1000109413 ns, Reaching safepoint: 60056 ns, At safepoint: 7763 ns, Total: 67819 ns
[2020-10-31T11:19:43.725+0000][info][gc           ] Trigger: Free (408M) is below minimum threshold (409M)
[2020-10-31T11:19:43.725+0000][info][gc,ergo      ] Free: 408M (204 regions), Max regular: 2048K, Max humongous: 182272K, External frag: 57%, Internal frag: 0%
[2020-10-31T11:19:43.725+0000][info][gc,ergo      ] Evacuation Reserve: 206M (103 regions), Max regular: 2048K
[2020-10-31T11:19:43.725+0000][info][gc,start     ] GC(50) Concurrent reset
[2020-10-31T11:19:43.725+0000][info][gc,task      ] GC(50) Using 1 of 1 workers for concurrent reset
[2020-10-31T11:19:43.734+0000][info][gc           ] GC(50) Concurrent reset 3482M->3482M(4096M) 8.934ms
[2020-10-31T11:19:43.734+0000][info][gc,start     ] GC(50) Pause Init Mark (process weakrefs)
[2020-10-31T11:19:43.734+0000][info][gc,task      ] GC(50) Using 1 of 1 workers for init marking
[2020-10-31T11:19:43.735+0000][info][gc,ergo      ] GC(50) Pacer for Mark. Expected Live: 116M, Free: 408M, Non-Taxable: 40M, Alloc Tax Rate: 1.0x
[2020-10-31T11:19:43.735+0000][info][gc           ] GC(50) Pause Init Mark (process weakrefs) 0.488ms
[2020-10-31T11:19:43.735+0000][info][safepoint    ] Safepoint "ShenandoahInitMark", Time since last: 641529768 ns, Reaching safepoint: 139495 ns, At safepoint: 508004 ns, Total: 647499 ns
[2020-10-31T11:19:43.735+0000][info][gc,start     ] GC(50) Concurrent marking (process weakrefs)
[2020-10-31T11:19:43.735+0000][info][gc,task      ] GC(50) Using 1 of 1 workers for concurrent marking
[2020-10-31T11:19:44.174+0000][info][gc           ] GC(50) Concurrent marking (process weakrefs) 3482M->3602M(4096M) 439.683ms
[2020-10-31T11:19:44.174+0000][info][gc,start     ] GC(50) Concurrent precleaning
[2020-10-31T11:19:44.174+0000][info][gc,task      ] GC(50) Using 1 of 1 workers for concurrent preclean
[2020-10-31T11:19:44.269+0000][info][gc           ] GC(50) Concurrent precleaning 3602M->3630M(4096M) 94.577ms
[2020-10-31T11:19:44.269+0000][info][gc,start     ] GC(50) Pause Final Mark (process weakrefs)
[2020-10-31T11:19:44.269+0000][info][gc,task      ] GC(50) Using 1 of 1 workers for final marking
[2020-10-31T11:19:44.351+0000][info][gc,ergo      ] GC(50) Adaptive CSet Selection. Target Free: 409M, Actual Free: 466M, Max CSet: 170M, Min Garbage: 0M
[2020-10-31T11:19:44.351+0000][info][gc,ergo      ] GC(50) Collectable Garbage: 3276M (97% of total), 23M CSet, 1650 CSet regions
[2020-10-31T11:19:44.351+0000][info][gc,ergo      ] GC(50) Immediate Garbage: 0M (0% of total), 0 regions
[2020-10-31T11:19:44.352+0000][info][gc,ergo      ] GC(50) Pacer for Evacuation. Used CSet: 3300M, Free: 260M, Non-Taxable: 26M, Alloc Tax Rate: 31.0x
[2020-10-31T11:19:44.352+0000][info][gc           ] GC(50) Pause Final Mark (process weakrefs) 82.588ms
[2020-10-31T11:19:44.352+0000][info][safepoint    ] Safepoint "ShenandoahFinalMarkStartEvac", Time since last: 534379148 ns, Reaching safepoint: 128668 ns, At safepoint: 82613334 ns, Total: 82742002 ns
[2020-10-31T11:19:44.352+0000][info][gc,start     ] GC(50) Concurrent cleanup
[2020-10-31T11:19:44.352+0000][info][gc           ] GC(50) Concurrent cleanup 3630M->3630M(4096M) 0.228ms
[2020-10-31T11:19:44.352+0000][info][gc,ergo      ] GC(50) Free: 260M (130 regions), Max regular: 2048K, Max humongous: 182272K, External frag: 32%, Internal frag: 0%
[2020-10-31T11:19:44.352+0000][info][gc,ergo      ] GC(50) Evacuation Reserve: 205M (103 regions), Max regular: 2048K
[2020-10-31T11:19:44.352+0000][info][gc,start     ] GC(50) Concurrent evacuation
[2020-10-31T11:19:44.352+0000][info][gc,task      ] GC(50) Using 1 of 1 workers for concurrent evacuation
[2020-10-31T11:19:44.470+0000][info][gc           ] GC(50) Concurrent evacuation 3630M->3676M(4096M) 118.160ms
[2020-10-31T11:19:44.470+0000][info][gc,start     ] GC(50) Pause Init Update Refs
[2020-10-31T11:19:44.470+0000][info][gc,ergo      ] GC(50) Pacer for Update Refs. Used: 3676M, Free: 240M, Non-Taxable: 24M, Alloc Tax Rate: 18.7x
[2020-10-31T11:19:44.470+0000][info][gc           ] GC(50) Pause Init Update Refs 0.055ms
[2020-10-31T11:19:44.470+0000][info][safepoint    ] Safepoint "ShenandoahInitUpdateRefs", Time since last: 118504801 ns, Reaching safepoint: 134610 ns, At safepoint: 76715 ns, Total: 211325 ns
[2020-10-31T11:19:44.470+0000][info][gc,start     ] GC(50) Concurrent update references
[2020-10-31T11:19:44.470+0000][info][gc,task      ] GC(50) Using 1 of 1 workers for concurrent reference update
[2020-10-31T11:19:44.748+0000][info][gc           ] GC(50) Concurrent update references 3678M->3736M(4096M) 278.053ms
[2020-10-31T11:19:44.749+0000][info][gc,start     ] GC(50) Pause Final Update Refs
[2020-10-31T11:19:44.749+0000][info][gc,task      ] GC(50) Using 1 of 1 workers for final reference update
[2020-10-31T11:19:44.749+0000][info][gc           ] GC(50) Pause Final Update Refs 0.189ms
[2020-10-31T11:19:44.749+0000][info][safepoint    ] Safepoint "ShenandoahFinalUpdateRefs", Time since last: 278158969 ns, Reaching safepoint: 143955 ns, At safepoint: 214226 ns, Total: 358181 ns
[2020-10-31T11:19:44.749+0000][info][gc,start     ] GC(50) Concurrent cleanup
[2020-10-31T11:19:44.749+0000][info][gc           ] GC(50) Concurrent cleanup 3736M->436M(4096M) 0.317ms
[2020-10-31T11:19:44.749+0000][info][gc,ergo      ] Free: 3454M (1727 regions), Max regular: 2048K, Max humongous: 3188736K, External frag: 10%, Internal frag: 0%
[2020-10-31T11:19:44.749+0000][info][gc,ergo      ] Evacuation Reserve: 206M (103 regions), Max regular: 2048K
[2020-10-31T11:19:44.749+0000][info][gc,ergo      ] Pacer for Idle. Initial: 81M, Alloc Tax Rate: 1.0x
[2020-10-31T11:19:45.749+0000][info][safepoint    ] Safepoint "Cleanup", Time since last: 1000083239 ns, Reaching safepoint: 136496 ns, At safepoint: 5585 ns, Total: 142081 ns
[2020-10-31T11:19:47.310+0000][info][safepoint    ] Safepoint "Cleanup", Time since last: 1560838959 ns, Reaching safepoint: 143582 ns, At safepoint: 6659 ns, Total: 150241 ns
[2020-10-31T11:19:48.310+0000][info][safepoint    ] Safepoint "Cleanup", Time since last: 1000108712 ns, Reaching safepoint: 56680 ns, At safepoint: 6284 ns, Total: 62964 ns
[2020-10-31T11:19:49.311+0000][info][safepoint    ] Safepoint "Cleanup", Time since last: 1000122386 ns, Reaching safepoint: 130755 ns, At safepoint: 5346 ns, Total: 136101 ns
[2020-10-31T11:19:50.311+0000][info][safepoint    ] Safepoint "Cleanup", Time since last: 1000104831 ns, Reaching safepoint: 56390 ns, At safepoint: 6995 ns, Total: 63385 ns
[2020-10-31T11:19:51.311+0000][info][safepoint    ] Safepoint "Cleanup", Time since last: 1000104023 ns, Reaching safepoint: 57224 ns, At safepoint: 5544 ns, Total: 62768 ns
[2020-10-31T11:19:52.311+0000][info][safepoint    ] Safepoint "Cleanup", Time since last: 1000107477 ns, Reaching safepoint: 128725 ns, At safepoint: 5664 ns, Total: 134389 ns
[2020-10-31T11:19:53.311+0000][info][safepoint    ] Safepoint "Cleanup", Time since last: 1000108621 ns, Reaching safepoint: 129607 ns, At safepoint: 5218 ns, Total: 134825 ns
[2020-10-31T11:19:54.259+0000][info][gc           ] Trigger: Free (408M) is below minimum threshold (409M)
[2020-10-31T11:19:54.259+0000][info][gc,ergo      ] Free: 408M (204 regions), Max regular: 2048K, Max humongous: 284672K, External frag: 32%, Internal frag: 0%
[2020-10-31T11:19:54.259+0000][info][gc,ergo      ] Evacuation Reserve: 206M (103 regions), Max regular: 2048K
[2020-10-31T11:19:54.259+0000][info][gc,start     ] GC(51) Concurrent reset
[2020-10-31T11:19:54.259+0000][info][gc,task      ] GC(51) Using 1 of 1 workers for concurrent reset
[2020-10-31T11:19:54.268+0000][info][gc           ] GC(51) Concurrent reset 3482M->3482M(4096M) 9.060ms
[2020-10-31T11:19:54.269+0000][info][gc,start     ] GC(51) Pause Init Mark
[2020-10-31T11:19:54.269+0000][info][gc,task      ] GC(51) Using 1 of 1 workers for init marking
[2020-10-31T11:19:54.269+0000][info][gc,ergo      ] GC(51) Pacer for Mark. Expected Live: 116M, Free: 408M, Non-Taxable: 40M, Alloc Tax Rate: 1.0x
[2020-10-31T11:19:54.269+0000][info][gc           ] GC(51) Pause Init Mark 0.489ms
[2020-10-31T11:19:54.269+0000][info][safepoint    ] Safepoint "ShenandoahInitMark", Time since last: 957062650 ns, Reaching safepoint: 134668 ns, At safepoint: 509376 ns, Total: 644044 ns
[2020-10-31T11:19:54.269+0000][info][gc,start     ] GC(51) Concurrent marking
[2020-10-31T11:19:54.269+0000][info][gc,task      ] GC(51) Using 1 of 1 workers for concurrent marking
[2020-10-31T11:19:54.443+0000][info][gc           ] GC(51) Concurrent marking 3482M->3526M(4096M) 173.832ms
[2020-10-31T11:19:54.443+0000][info][gc,start     ] GC(51) Pause Final Mark
[2020-10-31T11:19:54.443+0000][info][gc,task      ] GC(51) Using 1 of 1 workers for final marking
[2020-10-31T11:19:54.444+0000][info][gc,ergo      ] GC(51) Adaptive CSet Selection. Target Free: 409M, Actual Free: 762M, Max CSet: 170M, Min Garbage: 0M
[2020-10-31T11:19:54.444+0000][info][gc,ergo      ] GC(51) Collectable Garbage: 3240M (94% of total), 43M CSet, 1642 CSet regions
[2020-10-31T11:19:54.444+0000][info][gc,ergo      ] GC(51) Immediate Garbage: 192M (5% of total), 96 regions
[2020-10-31T11:19:54.444+0000][info][gc,ergo      ] GC(51) Pacer for Evacuation. Used CSet: 3284M, Free: 556M, Non-Taxable: 55M, Alloc Tax Rate: 14.4x
[2020-10-31T11:19:54.444+0000][info][gc           ] GC(51) Pause Final Mark 1.392ms
[2020-10-31T11:19:54.444+0000][info][safepoint    ] Safepoint "ShenandoahFinalMarkStartEvac", Time since last: 173906406 ns, Reaching safepoint: 64044 ns, At safepoint: 1410332 ns, Total: 1474376 ns
[2020-10-31T11:19:54.445+0000][info][gc,start     ] GC(51) Concurrent cleanup
[2020-10-31T11:19:54.445+0000][info][gc           ] GC(51) Concurrent cleanup 3524M->3334M(4096M) 0.174ms
[2020-10-31T11:19:54.445+0000][info][gc,ergo      ] GC(51) Free: 556M (278 regions), Max regular: 2048K, Max humongous: 481280K, External frag: 16%, Internal frag: 0%
[2020-10-31T11:19:54.445+0000][info][gc,ergo      ] GC(51) Evacuation Reserve: 205M (103 regions), Max regular: 2048K
[2020-10-31T11:19:54.445+0000][info][gc,start     ] GC(51) Concurrent evacuation
[2020-10-31T11:19:54.445+0000][info][gc,task      ] GC(51) Using 1 of 1 workers for concurrent evacuation
[2020-10-31T11:19:54.525+0000][info][gc           ] GC(51) Concurrent evacuation 3334M->3400M(4096M) 80.439ms
[2020-10-31T11:19:54.525+0000][info][gc,start     ] GC(51) Pause Init Update Refs
[2020-10-31T11:19:54.525+0000][info][gc,ergo      ] GC(51) Pacer for Update Refs. Used: 3400M, Free: 534M, Non-Taxable: 53M, Alloc Tax Rate: 7.8x
[2020-10-31T11:19:54.525+0000][info][gc           ] GC(51) Pause Init Update Refs 0.045ms
[2020-10-31T11:19:54.525+0000][info][safepoint    ] Safepoint "ShenandoahInitUpdateRefs", Time since last: 80710101 ns, Reaching safepoint: 62310 ns, At safepoint: 62803 ns, Total: 125113 ns
[2020-10-31T11:19:54.525+0000][info][gc,start     ] GC(51) Concurrent update references
[2020-10-31T11:19:54.525+0000][info][gc,task      ] GC(51) Using 1 of 1 workers for concurrent reference update
[2020-10-31T11:19:54.648+0000][info][gc           ] GC(51) Concurrent update references 3402M->3434M(4096M) 122.248ms
[2020-10-31T11:19:54.648+0000][info][gc,start     ] GC(51) Pause Final Update Refs
[2020-10-31T11:19:54.648+0000][info][gc,task      ] GC(51) Using 1 of 1 workers for final reference update
[2020-10-31T11:19:54.648+0000][info][gc           ] GC(51) Pause Final Update Refs 0.178ms
[2020-10-31T11:19:54.648+0000][info][safepoint    ] Safepoint "ShenandoahFinalUpdateRefs", Time since last: 122322717 ns, Reaching safepoint: 134439 ns, At safepoint: 198223 ns, Total: 332662 ns
[2020-10-31T11:19:54.648+0000][info][gc,start     ] GC(51) Concurrent cleanup
[2020-10-31T11:19:54.648+0000][info][gc           ] GC(51) Concurrent cleanup 3434M->150M(4096M) 0.308ms
[2020-10-31T11:19:54.648+0000][info][gc,ergo      ] Free: 3740M (1870 regions), Max regular: 2048K, Max humongous: 3119104K, External frag: 19%, Internal frag: 0%
[2020-10-31T11:19:54.648+0000][info][gc,ergo      ] Evacuation Reserve: 206M (103 regions), Max regular: 2048K
[2020-10-31T11:19:54.648+0000][info][gc,ergo      ] Pacer for Idle. Initial: 81M, Alloc Tax Rate: 1.0x
[2020-10-31T11:19:55.648+0000][info][safepoint    ] Safepoint "Cleanup", Time since last: 1000081777 ns, Reaching safepoint: 133865 ns, At safepoint: 5195 ns, Total: 139060 ns
[2020-10-31T11:19:56.648+0000][info][safepoint    ] Safepoint "Cleanup", Time since last: 1000106722 ns, Reaching safepoint: 135851 ns, At safepoint: 5372 ns, Total: 141223 ns
[2020-10-31T11:19:57.649+0000][info][safepoint    ] Safepoint "Cleanup", Time since last: 1000087765 ns, Reaching safepoint: 55817 ns, At safepoint: 6430 ns, Total: 62247 ns
[2020-10-31T11:19:58.649+0000][info][safepoint    ] Safepoint "Cleanup", Time since last: 1000100156 ns, Reaching safepoint: 49842 ns, At safepoint: 5608 ns, Total: 55450 ns
[2020-10-31T11:19:59.649+0000][info][safepoint    ] Safepoint "Cleanup", Time since last: 1000105782 ns, Reaching safepoint: 131116 ns, At safepoint: 13972 ns, Total: 145088 ns
[2020-10-31T11:20:00.649+0000][info][safepoint    ] Safepoint "Cleanup", Time since last: 1000102483 ns, Reaching safepoint: 134115 ns, At safepoint: 3063 ns, Total: 137178 ns
[2020-10-31T11:20:01.649+0000][info][safepoint    ] Safepoint "Cleanup", Time since last: 1000117094 ns, Reaching safepoint: 133609 ns, At safepoint: 3126 ns, Total: 136735 ns
[2020-10-31T11:20:02.650+0000][info][safepoint    ] Safepoint "Cleanup", Time since last: 1000108983 ns, Reaching safepoint: 137047 ns, At safepoint: 7037 ns, Total: 144084 ns
[2020-10-31T11:20:03.650+0000][info][safepoint    ] Safepoint "Cleanup", Time since last: 1000104146 ns, Reaching safepoint: 134205 ns, At safepoint: 5698 ns, Total: 139903 ns
[2020-10-31T11:20:04.650+0000][info][safepoint    ] Safepoint "Cleanup", Time since last: 1000106831 ns, Reaching safepoint: 135962 ns, At safepoint: 5891 ns, Total: 141853 ns
[2020-10-31T11:20:04.953+0000][info][gc           ] Trigger: Free (408M) is below minimum threshold (409M)
[2020-10-31T11:20:04.953+0000][info][gc,ergo      ] Free: 408M (204 regions), Max regular: 2048K, Max humongous: 415744K, External frag: 1%, Internal frag: 0%
[2020-10-31T11:20:04.953+0000][info][gc,ergo      ] Evacuation Reserve: 206M (103 regions), Max regular: 2048K
[2020-10-31T11:20:04.953+0000][info][gc,start     ] GC(52) Concurrent reset
[2020-10-31T11:20:04.953+0000][info][gc,task      ] GC(52) Using 1 of 1 workers for concurrent reset
[2020-10-31T11:20:04.962+0000][info][gc           ] GC(52) Concurrent reset 3482M->3482M(4096M) 8.451ms
[2020-10-31T11:20:04.962+0000][info][gc,start     ] GC(52) Pause Init Mark
[2020-10-31T11:20:04.962+0000][info][gc,task      ] GC(52) Using 1 of 1 workers for init marking
[2020-10-31T11:20:04.962+0000][info][gc,ergo      ] GC(52) Pacer for Mark. Expected Live: 116M, Free: 408M, Non-Taxable: 40M, Alloc Tax Rate: 1.0x
[2020-10-31T11:20:04.963+0000][info][gc           ] GC(52) Pause Init Mark 0.475ms
[2020-10-31T11:20:04.963+0000][info][safepoint    ] Safepoint "ShenandoahInitMark", Time since last: 311661634 ns, Reaching safepoint: 137772 ns, At safepoint: 495961 ns, Total: 633733 ns
[2020-10-31T11:20:04.963+0000][info][gc,start     ] GC(52) Concurrent marking
[2020-10-31T11:20:04.963+0000][info][gc,task      ] GC(52) Using 1 of 1 workers for concurrent marking
[2020-10-31T11:20:05.188+0000][info][gc           ] GC(52) Concurrent marking 3482M->3540M(4096M) 225.726ms
[2020-10-31T11:20:05.188+0000][info][gc,start     ] GC(52) Pause Final Mark
[2020-10-31T11:20:05.188+0000][info][gc,task      ] GC(52) Using 1 of 1 workers for final marking
[2020-10-31T11:20:05.189+0000][info][gc,ergo      ] GC(52) Adaptive CSet Selection. Target Free: 409M, Actual Free: 556M, Max CSet: 170M, Min Garbage: 0M
[2020-10-31T11:20:05.189+0000][info][gc,ergo      ] GC(52) Collectable Garbage: 3386M (99% of total), 45M CSet, 1716 CSet regions
[2020-10-31T11:20:05.189+0000][info][gc,ergo      ] GC(52) Immediate Garbage: 0M (0% of total), 0 regions
[2020-10-31T11:20:05.190+0000][info][gc,ergo      ] GC(52) Pacer for Evacuation. Used CSet: 3432M, Free: 350M, Non-Taxable: 35M, Alloc Tax Rate: 24.0x
[2020-10-31T11:20:05.190+0000][info][gc           ] GC(52) Pause Final Mark 1.424ms
[2020-10-31T11:20:05.190+0000][info][safepoint    ] Safepoint "ShenandoahFinalMarkStartEvac", Time since last: 225802779 ns, Reaching safepoint: 136528 ns, At safepoint: 1446313 ns, Total: 1582841 ns
[2020-10-31T11:20:05.190+0000][info][gc,start     ] GC(52) Concurrent cleanup
[2020-10-31T11:20:05.190+0000][info][gc           ] GC(52) Concurrent cleanup 3542M->3544M(4096M) 0.194ms
[2020-10-31T11:20:05.190+0000][info][gc,ergo      ] GC(52) Free: 346M (173 regions), Max regular: 2048K, Max humongous: 352256K, External frag: 1%, Internal frag: 0%
[2020-10-31T11:20:05.190+0000][info][gc,ergo      ] GC(52) Evacuation Reserve: 205M (103 regions), Max regular: 2048K
[2020-10-31T11:20:05.190+0000][info][gc,start     ] GC(52) Concurrent evacuation
[2020-10-31T11:20:05.190+0000][info][gc,task      ] GC(52) Using 1 of 1 workers for concurrent evacuation
[2020-10-31T11:20:05.274+0000][info][gc           ] GC(52) Concurrent evacuation 3544M->3610M(4096M) 83.524ms
[2020-10-31T11:20:05.274+0000][info][gc,start     ] GC(52) Pause Init Update Refs
[2020-10-31T11:20:05.274+0000][info][gc,ergo      ] GC(52) Pacer for Update Refs. Used: 3610M, Free: 326M, Non-Taxable: 32M, Alloc Tax Rate: 13.5x
[2020-10-31T11:20:05.274+0000][info][gc           ] GC(52) Pause Init Update Refs 0.050ms
[2020-10-31T11:20:05.274+0000][info][safepoint    ] Safepoint "ShenandoahInitUpdateRefs", Time since last: 83841494 ns, Reaching safepoint: 137016 ns, At safepoint: 68377 ns, Total: 205393 ns
[2020-10-31T11:20:05.274+0000][info][gc,start     ] GC(52) Concurrent update references
[2020-10-31T11:20:05.274+0000][info][gc,task      ] GC(52) Using 1 of 1 workers for concurrent reference update
[2020-10-31T11:20:05.439+0000][info][gc           ] GC(52) Concurrent update references 3612M->3654M(4096M) 165.456ms
[2020-10-31T11:20:05.440+0000][info][gc,start     ] GC(52) Pause Final Update Refs
[2020-10-31T11:20:05.440+0000][info][gc,task      ] GC(52) Using 1 of 1 workers for final reference update
[2020-10-31T11:20:05.440+0000][info][gc           ] GC(52) Pause Final Update Refs 0.186ms
[2020-10-31T11:20:05.440+0000][info][safepoint    ] Safepoint "ShenandoahFinalUpdateRefs", Time since last: 165549564 ns, Reaching safepoint: 141471 ns, At safepoint: 220197 ns, Total: 361668 ns
[2020-10-31T11:20:05.440+0000][info][gc,start     ] GC(52) Concurrent cleanup
[2020-10-31T11:20:05.440+0000][info][gc           ] GC(52) Concurrent cleanup 3654M->222M(4096M) 0.312ms
[2020-10-31T11:20:05.440+0000][info][gc,ergo      ] Free: 3668M (1834 regions), Max regular: 2048K, Max humongous: 3514368K, External frag: 7%, Internal frag: 0%
[2020-10-31T11:20:05.440+0000][info][gc,ergo      ] Evacuation Reserve: 206M (103 regions), Max regular: 2048K
[2020-10-31T11:20:05.440+0000][info][gc,ergo      ] Pacer for Idle. Initial: 81M, Alloc Tax Rate: 1.0x
[2020-10-31T11:20:06.440+0000][info][safepoint    ] Safepoint "Cleanup", Time since last: 1000078806 ns, Reaching safepoint: 138048 ns, At safepoint: 5666 ns, Total: 143714 ns
[2020-10-31T11:20:07.440+0000][info][safepoint    ] Safepoint "Cleanup", Time since last: 1000110153 ns, Reaching safepoint: 151681 ns, At safepoint: 4849 ns, Total: 156530 ns
[2020-10-31T11:20:08.441+0000][info][safepoint    ] Safepoint "Cleanup", Time since last: 1000109407 ns, Reaching safepoint: 131887 ns, At safepoint: 5850 ns, Total: 137737 ns
[2020-10-31T11:20:10.249+0000][info][safepoint    ] Safepoint "Cleanup", Time since last: 1807891064 ns, Reaching safepoint: 74628 ns, At safepoint: 5739 ns, Total: 80367 ns
[2020-10-31T11:20:11.249+0000][info][safepoint    ] Safepoint "Cleanup", Time since last: 1000086378 ns, Reaching safepoint: 128623 ns, At safepoint: 5411 ns, Total: 134034 ns
[2020-10-31T11:20:12.249+0000][info][safepoint    ] Safepoint "Cleanup", Time since last: 1000112536 ns, Reaching safepoint: 62365 ns, At safepoint: 5102 ns, Total: 67467 ns
[2020-10-31T11:20:13.249+0000][info][safepoint    ] Safepoint "Cleanup", Time since last: 1000102311 ns, Reaching safepoint: 132905 ns, At safepoint: 5815 ns, Total: 138720 ns
[2020-10-31T11:20:14.249+0000][info][safepoint    ] Safepoint "Cleanup", Time since last: 1000103942 ns, Reaching safepoint: 57537 ns, At safepoint: 4622 ns, Total: 62159 ns
[2020-10-31T11:20:15.250+0000][info][safepoint    ] Safepoint "Cleanup", Time since last: 1000100366 ns, Reaching safepoint: 63722 ns, At safepoint: 2100 ns, Total: 65822 ns
[2020-10-31T11:20:15.524+0000][info][gc           ] Trigger: Free (408M) is below minimum threshold (409M)
[2020-10-31T11:20:15.524+0000][info][gc,ergo      ] Free: 408M (204 regions), Max regular: 2048K, Max humongous: 239616K, External frag: 43%, Internal frag: 0%
[2020-10-31T11:20:15.524+0000][info][gc,ergo      ] Evacuation Reserve: 206M (103 regions), Max regular: 2048K
[2020-10-31T11:20:15.524+0000][info][gc,start     ] GC(53) Concurrent reset
[2020-10-31T11:20:15.524+0000][info][gc,task      ] GC(53) Using 1 of 1 workers for concurrent reset
[2020-10-31T11:20:15.533+0000][info][gc           ] GC(53) Concurrent reset 3482M->3482M(4096M) 9.227ms
[2020-10-31T11:20:15.533+0000][info][gc,start     ] GC(53) Pause Init Mark
[2020-10-31T11:20:15.533+0000][info][gc,task      ] GC(53) Using 1 of 1 workers for init marking
[2020-10-31T11:20:15.534+0000][info][gc,ergo      ] GC(53) Pacer for Mark. Expected Live: 116M, Free: 408M, Non-Taxable: 40M, Alloc Tax Rate: 1.0x
[2020-10-31T11:20:15.534+0000][info][gc           ] GC(53) Pause Init Mark 0.476ms
[2020-10-31T11:20:15.534+0000][info][safepoint    ] Safepoint "ShenandoahInitMark", Time since last: 283417828 ns, Reaching safepoint: 132435 ns, At safepoint: 496931 ns, Total: 629366 ns
[2020-10-31T11:20:15.534+0000][info][gc,start     ] GC(53) Concurrent marking
[2020-10-31T11:20:15.534+0000][info][gc,task      ] GC(53) Using 1 of 1 workers for concurrent marking
[2020-10-31T11:20:15.818+0000][info][gc           ] GC(53) Concurrent marking 3484M->3556M(4096M) 284.293ms
[2020-10-31T11:20:15.818+0000][info][gc,start     ] GC(53) Pause Final Mark
[2020-10-31T11:20:15.818+0000][info][gc,task      ] GC(53) Using 1 of 1 workers for final marking
[2020-10-31T11:20:15.819+0000][info][gc,ergo      ] GC(53) Adaptive CSet Selection. Target Free: 409M, Actual Free: 540M, Max CSet: 170M, Min Garbage: 0M
[2020-10-31T11:20:15.819+0000][info][gc,ergo      ] GC(53) Collectable Garbage: 3341M (99% of total), 44M CSet, 1693 CSet regions
[2020-10-31T11:20:15.819+0000][info][gc,ergo      ] GC(53) Immediate Garbage: 0M (0% of total), 0 regions
[2020-10-31T11:20:15.820+0000][info][gc,ergo      ] GC(53) Pacer for Evacuation. Used CSet: 3386M, Free: 334M, Non-Taxable: 33M, Alloc Tax Rate: 24.8x
[2020-10-31T11:20:15.820+0000][info][gc           ] GC(53) Pause Final Mark 1.415ms
[2020-10-31T11:20:15.820+0000][info][safepoint    ] Safepoint "ShenandoahFinalMarkStartEvac", Time since last: 284372818 ns, Reaching safepoint: 134756 ns, At safepoint: 1437822 ns, Total: 1572578 ns
[2020-10-31T11:20:15.820+0000][info][gc,start     ] GC(53) Concurrent cleanup
[2020-10-31T11:20:15.820+0000][info][gc           ] GC(53) Concurrent cleanup 3558M->3560M(4096M) 0.221ms
[2020-10-31T11:20:15.820+0000][info][gc,ergo      ] GC(53) Free: 330M (165 regions), Max regular: 2048K, Max humongous: 239616K, External frag: 30%, Internal frag: 0%
[2020-10-31T11:20:15.820+0000][info][gc,ergo      ] GC(53) Evacuation Reserve: 206M (103 regions), Max regular: 2048K
[2020-10-31T11:20:15.820+0000][info][gc,start     ] GC(53) Concurrent evacuation
[2020-10-31T11:20:15.820+0000][info][gc,task      ] GC(53) Using 1 of 1 workers for concurrent evacuation
[2020-10-31T11:20:15.903+0000][info][gc           ] GC(53) Concurrent evacuation 3560M->3626M(4096M) 83.126ms
[2020-10-31T11:20:15.903+0000][info][gc,start     ] GC(53) Pause Init Update Refs
[2020-10-31T11:20:15.903+0000][info][gc,ergo      ] GC(53) Pacer for Update Refs. Used: 3626M, Free: 310M, Non-Taxable: 31M, Alloc Tax Rate: 14.3x
[2020-10-31T11:20:15.903+0000][info][gc           ] GC(53) Pause Init Update Refs 0.047ms
[2020-10-31T11:20:15.903+0000][info][safepoint    ] Safepoint "ShenandoahInitUpdateRefs", Time since last: 83464965 ns, Reaching safepoint: 132685 ns, At safepoint: 63941 ns, Total: 196626 ns
[2020-10-31T11:20:15.903+0000][info][gc,start     ] GC(53) Concurrent update references
[2020-10-31T11:20:15.903+0000][info][gc,task      ] GC(53) Using 1 of 1 workers for concurrent reference update
[2020-10-31T11:20:16.106+0000][info][gc           ] GC(53) Concurrent update references 3628M->3680M(4096M) 202.861ms
[2020-10-31T11:20:16.106+0000][info][gc,start     ] GC(53) Pause Final Update Refs
[2020-10-31T11:20:16.106+0000][info][gc,task      ] GC(53) Using 1 of 1 workers for final reference update
[2020-10-31T11:20:16.106+0000][info][gc           ] GC(53) Pause Final Update Refs 0.189ms
[2020-10-31T11:20:16.107+0000][info][safepoint    ] Safepoint "ShenandoahFinalUpdateRefs", Time since last: 202942317 ns, Reaching safepoint: 139905 ns, At safepoint: 209891 ns, Total: 349796 ns
[2020-10-31T11:20:16.107+0000][info][gc,start     ] GC(53) Concurrent cleanup
[2020-10-31T11:20:16.107+0000][info][gc           ] GC(53) Concurrent cleanup 3680M->294M(4096M) 0.308ms
[2020-10-31T11:20:16.107+0000][info][gc,ergo      ] Free: 3596M (1798 regions), Max regular: 2048K, Max humongous: 3338240K, External frag: 10%, Internal frag: 0%
[2020-10-31T11:20:16.107+0000][info][gc,ergo      ] Evacuation Reserve: 206M (103 regions), Max regular: 2048K
[2020-10-31T11:20:16.107+0000][info][gc,ergo      ] Pacer for Idle. Initial: 81M, Alloc Tax Rate: 1.0x
[2020-10-31T11:20:17.107+0000][info][safepoint    ] Safepoint "Cleanup", Time since last: 1000060813 ns, Reaching safepoint: 131823 ns, At safepoint: 3102 ns, Total: 134925 ns
[2020-10-31T11:20:18.107+0000][info][safepoint    ] Safepoint "Cleanup", Time since last: 1000104970 ns, Reaching safepoint: 67026 ns, At safepoint: 6354 ns, Total: 73380 ns
[2020-10-31T11:20:19.107+0000][info][safepoint    ] Safepoint "Cleanup", Time since last: 1000101923 ns, Reaching safepoint: 135770 ns, At safepoint: 7485 ns, Total: 143255 ns
[2020-10-31T11:20:20.107+0000][info][safepoint    ] Safepoint "Cleanup", Time since last: 1000104389 ns, Reaching safepoint: 131542 ns, At safepoint: 3001 ns, Total: 134543 ns
[2020-10-31T11:20:21.108+0000][info][safepoint    ] Safepoint "Cleanup", Time since last: 1000124018 ns, Reaching safepoint: 60138 ns, At safepoint: 6303 ns, Total: 66441 ns
[2020-10-31T11:20:22.108+0000][info][safepoint    ] Safepoint "Cleanup", Time since last: 1000114479 ns, Reaching safepoint: 58660 ns, At safepoint: 6532 ns, Total: 65192 ns
[2020-10-31T11:20:23.108+0000][info][safepoint    ] Safepoint "Cleanup", Time since last: 1000102828 ns, Reaching safepoint: 138750 ns, At safepoint: 5304 ns, Total: 144054 ns
[2020-10-31T11:20:24.108+0000][info][safepoint    ] Safepoint "Cleanup", Time since last: 1000108226 ns, Reaching safepoint: 135108 ns, At safepoint: 5606 ns, Total: 140714 ns
[2020-10-31T11:20:25.108+0000][info][safepoint    ] Safepoint "Cleanup", Time since last: 1000108842 ns, Reaching safepoint: 137805 ns, At safepoint: 5218 ns, Total: 143023 ns
[2020-10-31T11:20:25.981+0000][info][gc           ] Trigger: Free (408M) is below minimum threshold (409M)
[2020-10-31T11:20:25.981+0000][info][gc,ergo      ] Free: 408M (204 regions), Max regular: 2048K, Max humongous: 342016K, External frag: 19%, Internal frag: 0%
[2020-10-31T11:20:25.981+0000][info][gc,ergo      ] Evacuation Reserve: 206M (103 regions), Max regular: 2048K
[2020-10-31T11:20:25.981+0000][info][gc,start     ] GC(54) Concurrent reset
[2020-10-31T11:20:25.981+0000][info][gc,task      ] GC(54) Using 1 of 1 workers for concurrent reset
[2020-10-31T11:20:25.990+0000][info][gc           ] GC(54) Concurrent reset 3482M->3484M(4096M) 8.882ms
[2020-10-31T11:20:25.990+0000][info][gc,start     ] GC(54) Pause Init Mark
[2020-10-31T11:20:25.990+0000][info][gc,task      ] GC(54) Using 1 of 1 workers for init marking
[2020-10-31T11:20:25.990+0000][info][gc,ergo      ] GC(54) Pacer for Mark. Expected Live: 116M, Free: 406M, Non-Taxable: 40M, Alloc Tax Rate: 1.1x
[2020-10-31T11:20:25.990+0000][info][gc           ] GC(54) Pause Init Mark 0.479ms
[2020-10-31T11:20:25.990+0000][info][safepoint    ] Safepoint "ShenandoahInitMark", Time since last: 881183860 ns, Reaching safepoint: 135310 ns, At safepoint: 500048 ns, Total: 635358 ns
[2020-10-31T11:20:25.990+0000][info][gc,start     ] GC(54) Concurrent marking
[2020-10-31T11:20:25.990+0000][info][gc,task      ] GC(54) Using 1 of 1 workers for concurrent marking
[2020-10-31T11:20:26.326+0000][info][gc           ] GC(54) Concurrent marking 3486M->3572M(4096M) 335.876ms
[2020-10-31T11:20:26.326+0000][info][gc,start     ] GC(54) Pause Final Mark
[2020-10-31T11:20:26.326+0000][info][gc,task      ] GC(54) Using 1 of 1 workers for final marking
[2020-10-31T11:20:26.327+0000][info][gc,ergo      ] GC(54) Adaptive CSet Selection. Target Free: 409M, Actual Free: 524M, Max CSet: 170M, Min Garbage: 0M
[2020-10-31T11:20:26.327+0000][info][gc,ergo      ] GC(54) Collectable Garbage: 3299M (99% of total), 44M CSet, 1672 CSet regions
[2020-10-31T11:20:26.327+0000][info][gc,ergo      ] GC(54) Immediate Garbage: 0M (0% of total), 0 regions
[2020-10-31T11:20:26.328+0000][info][gc,ergo      ] GC(54) Pacer for Evacuation. Used CSet: 3344M, Free: 318M, Non-Taxable: 31M, Alloc Tax Rate: 25.7x
[2020-10-31T11:20:26.328+0000][info][gc           ] GC(54) Pause Final Mark 1.430ms
[2020-10-31T11:20:26.328+0000][info][safepoint    ] Safepoint "ShenandoahFinalMarkStartEvac", Time since last: 335958193 ns, Reaching safepoint: 137519 ns, At safepoint: 1452340 ns, Total: 1589859 ns
[2020-10-31T11:20:26.328+0000][info][gc,start     ] GC(54) Concurrent cleanup
[2020-10-31T11:20:26.328+0000][info][gc           ] GC(54) Concurrent cleanup 3574M->3576M(4096M) 0.187ms
[2020-10-31T11:20:26.328+0000][info][gc,ergo      ] GC(54) Free: 314M (157 regions), Max regular: 2048K, Max humongous: 319488K, External frag: 1%, Internal frag: 0%
[2020-10-31T11:20:26.328+0000][info][gc,ergo      ] GC(54) Evacuation Reserve: 205M (103 regions), Max regular: 2048K
[2020-10-31T11:20:26.328+0000][info][gc,start     ] GC(54) Concurrent evacuation
[2020-10-31T11:20:26.328+0000][info][gc,task      ] GC(54) Using 1 of 1 workers for concurrent evacuation
[2020-10-31T11:20:26.411+0000][info][gc           ] GC(54) Concurrent evacuation 3576M->3642M(4096M) 82.985ms
[2020-10-31T11:20:26.411+0000][info][gc,start     ] GC(54) Pause Init Update Refs
[2020-10-31T11:20:26.411+0000][info][gc,ergo      ] GC(54) Pacer for Update Refs. Used: 3642M, Free: 294M, Non-Taxable: 29M, Alloc Tax Rate: 15.1x
[2020-10-31T11:20:26.411+0000][info][gc           ] GC(54) Pause Init Update Refs 0.054ms
[2020-10-31T11:20:26.411+0000][info][safepoint    ] Safepoint "ShenandoahInitUpdateRefs", Time since last: 83296242 ns, Reaching safepoint: 141662 ns, At safepoint: 71441 ns, Total: 213103 ns
[2020-10-31T11:20:26.411+0000][info][gc,start     ] GC(54) Concurrent update references
[2020-10-31T11:20:26.411+0000][info][gc,task      ] GC(54) Using 1 of 1 workers for concurrent reference update
[2020-10-31T11:20:26.656+0000][info][gc           ] GC(54) Concurrent update references 3644M->3704M(4096M) 244.456ms
[2020-10-31T11:20:26.656+0000][info][gc,start     ] GC(54) Pause Final Update Refs
[2020-10-31T11:20:26.656+0000][info][gc,task      ] GC(54) Using 1 of 1 workers for final reference update
[2020-10-31T11:20:26.656+0000][info][gc           ] GC(54) Pause Final Update Refs 0.182ms
[2020-10-31T11:20:26.656+0000][info][safepoint    ] Safepoint "ShenandoahFinalUpdateRefs", Time since last: 244537889 ns, Reaching safepoint: 136451 ns, At safepoint: 204754 ns, Total: 341205 ns
[2020-10-31T11:20:26.656+0000][info][gc,start     ] GC(54) Concurrent cleanup
[2020-10-31T11:20:26.657+0000][info][gc           ] GC(54) Concurrent cleanup 3704M->360M(4096M) 0.326ms
[2020-10-31T11:20:26.657+0000][info][gc,ergo      ] Free: 3530M (1765 regions), Max regular: 2048K, Max humongous: 3266560K, External frag: 10%, Internal frag: 0%
[2020-10-31T11:20:26.657+0000][info][gc,ergo      ] Evacuation Reserve: 206M (103 regions), Max regular: 2048K
[2020-10-31T11:20:26.657+0000][info][gc,ergo      ] Pacer for Idle. Initial: 81M, Alloc Tax Rate: 1.0x
[2020-10-31T11:20:27.656+0000][info][safepoint    ] Safepoint "Cleanup", Time since last: 1000078237 ns, Reaching safepoint: 145065 ns, At safepoint: 6678 ns, Total: 151743 ns
[2020-10-31T11:20:28.657+0000][info][safepoint    ] Safepoint "Cleanup", Time since last: 1000105746 ns, Reaching safepoint: 135835 ns, At safepoint: 5243 ns, Total: 141078 ns
[2020-10-31T11:20:29.657+0000][info][safepoint    ] Safepoint "Cleanup", Time since last: 1000064714 ns, Reaching safepoint: 129912 ns, At safepoint: 5415 ns, Total: 135327 ns
[2020-10-31T11:20:30.657+0000][info][safepoint    ] Safepoint "Cleanup", Time since last: 1000108445 ns, Reaching safepoint: 144543 ns, At safepoint: 3452 ns, Total: 147995 ns
[2020-10-31T11:20:31.971+0000][info][safepoint    ] Safepoint "Cleanup", Time since last: 1313874991 ns, Reaching safepoint: 133166 ns, At safepoint: 5466 ns, Total: 138632 ns
[2020-10-31T11:20:32.971+0000][info][safepoint    ] Safepoint "Cleanup", Time since last: 1000108781 ns, Reaching safepoint: 54553 ns, At safepoint: 5553 ns, Total: 60106 ns
[2020-10-31T11:20:33.972+0000][info][safepoint    ] Safepoint "Cleanup", Time since last: 1000106720 ns, Reaching safepoint: 140260 ns, At safepoint: 7146 ns, Total: 147406 ns
[2020-10-31T11:20:34.972+0000][info][safepoint    ] Safepoint "Cleanup", Time since last: 1000104864 ns, Reaching safepoint: 134588 ns, At safepoint: 5743 ns, Total: 140331 ns
[2020-10-31T11:20:35.972+0000][info][safepoint    ] Safepoint "Cleanup", Time since last: 1000108678 ns, Reaching safepoint: 134481 ns, At safepoint: 4983 ns, Total: 139464 ns
[2020-10-31T11:20:36.320+0000][info][gc           ] Trigger: Free (408M) is below minimum threshold (409M)
[2020-10-31T11:20:36.320+0000][info][gc,ergo      ] Free: 408M (204 regions), Max regular: 2048K, Max humongous: 190464K, External frag: 55%, Internal frag: 0%
[2020-10-31T11:20:36.320+0000][info][gc,ergo      ] Evacuation Reserve: 206M (103 regions), Max regular: 2048K
[2020-10-31T11:20:36.320+0000][info][gc,start     ] GC(55) Concurrent reset
[2020-10-31T11:20:36.320+0000][info][gc,task      ] GC(55) Using 1 of 1 workers for concurrent reset
[2020-10-31T11:20:36.329+0000][info][gc           ] GC(55) Concurrent reset 3482M->3484M(4096M) 8.877ms
[2020-10-31T11:20:36.329+0000][info][gc,start     ] GC(55) Pause Init Mark (process weakrefs)
[2020-10-31T11:20:36.329+0000][info][gc,task      ] GC(55) Using 1 of 1 workers for init marking
[2020-10-31T11:20:36.330+0000][info][gc,ergo      ] GC(55) Pacer for Mark. Expected Live: 116M, Free: 406M, Non-Taxable: 40M, Alloc Tax Rate: 1.1x
[2020-10-31T11:20:36.330+0000][info][gc           ] GC(55) Pause Init Mark (process weakrefs) 0.463ms
[2020-10-31T11:20:36.330+0000][info][safepoint    ] Safepoint "ShenandoahInitMark", Time since last: 356901913 ns, Reaching safepoint: 133538 ns, At safepoint: 482376 ns, Total: 615914 ns
[2020-10-31T11:20:36.330+0000][info][gc,start     ] GC(55) Concurrent marking (process weakrefs)
[2020-10-31T11:20:36.330+0000][info][gc,task      ] GC(55) Using 1 of 1 workers for concurrent marking
[2020-10-31T11:20:36.758+0000][info][gc           ] GC(55) Concurrent marking (process weakrefs) 3486M->3592M(4096M) 428.321ms
[2020-10-31T11:20:36.758+0000][info][gc,start     ] GC(55) Concurrent precleaning
[2020-10-31T11:20:36.758+0000][info][gc,task      ] GC(55) Using 1 of 1 workers for concurrent preclean
[2020-10-31T11:20:36.854+0000][info][gc           ] GC(55) Concurrent precleaning 3592M->3620M(4096M) 95.535ms
[2020-10-31T11:20:36.854+0000][info][gc,start     ] GC(55) Pause Final Mark (process weakrefs)
[2020-10-31T11:20:36.854+0000][info][gc,task      ] GC(55) Using 1 of 1 workers for final marking
[2020-10-31T11:20:36.935+0000][info][gc,ergo      ] GC(55) Adaptive CSet Selection. Target Free: 409M, Actual Free: 476M, Max CSet: 170M, Min Garbage: 0M
[2020-10-31T11:20:36.935+0000][info][gc,ergo      ] GC(55) Collectable Garbage: 3277M (97% of total), 24M CSet, 1651 CSet regions
[2020-10-31T11:20:36.935+0000][info][gc,ergo      ] GC(55) Immediate Garbage: 0M (0% of total), 0 regions
[2020-10-31T11:20:36.936+0000][info][gc,ergo      ] GC(55) Pacer for Evacuation. Used CSet: 3302M, Free: 270M, Non-Taxable: 27M, Alloc Tax Rate: 29.9x
[2020-10-31T11:20:36.936+0000][info][gc           ] GC(55) Pause Final Mark (process weakrefs) 82.165ms
[2020-10-31T11:20:36.936+0000][info][safepoint    ] Safepoint "ShenandoahFinalMarkStartEvac", Time since last: 523970091 ns, Reaching safepoint: 135992 ns, At safepoint: 82192021 ns, Total: 82328013 ns
[2020-10-31T11:20:36.936+0000][info][gc,start     ] GC(55) Concurrent cleanup
[2020-10-31T11:20:36.936+0000][info][gc           ] GC(55) Concurrent cleanup 3622M->3622M(4096M) 0.245ms
[2020-10-31T11:20:36.936+0000][info][gc,ergo      ] GC(55) Free: 268M (134 regions), Max regular: 2048K, Max humongous: 190464K, External frag: 31%, Internal frag: 0%
[2020-10-31T11:20:36.936+0000][info][gc,ergo      ] GC(55) Evacuation Reserve: 206M (103 regions), Max regular: 2048K
[2020-10-31T11:20:36.936+0000][info][gc,start     ] GC(55) Concurrent evacuation
[2020-10-31T11:20:36.936+0000][info][gc,task      ] GC(55) Using 1 of 1 workers for concurrent evacuation
[2020-10-31T11:20:37.092+0000][info][gc           ] GC(55) Concurrent evacuation 3622M->3672M(4096M) 155.884ms
[2020-10-31T11:20:37.092+0000][info][gc,start     ] GC(55) Pause Init Update Refs
[2020-10-31T11:20:37.092+0000][info][gc,ergo      ] GC(55) Pacer for Update Refs. Used: 3672M, Free: 244M, Non-Taxable: 24M, Alloc Tax Rate: 18.4x
[2020-10-31T11:20:37.092+0000][info][gc           ] GC(55) Pause Init Update Refs 0.054ms
[2020-10-31T11:20:37.092+0000][info][safepoint    ] Safepoint "ShenandoahInitUpdateRefs", Time since last: 156365911 ns, Reaching safepoint: 144457 ns, At safepoint: 74016 ns, Total: 218473 ns
[2020-10-31T11:20:37.093+0000][info][gc,start     ] GC(55) Concurrent update references
[2020-10-31T11:20:37.093+0000][info][gc,task      ] GC(55) Using 1 of 1 workers for concurrent reference update
[2020-10-31T11:20:37.361+0000][info][gc           ] GC(55) Concurrent update references 3672M->3726M(4096M) 268.407ms
[2020-10-31T11:20:37.361+0000][info][gc,start     ] GC(55) Pause Final Update Refs
[2020-10-31T11:20:37.361+0000][info][gc,task      ] GC(55) Using 1 of 1 workers for final reference update
[2020-10-31T11:20:37.361+0000][info][gc           ] GC(55) Pause Final Update Refs 0.182ms
[2020-10-31T11:20:37.361+0000][info][safepoint    ] Safepoint "ShenandoahFinalUpdateRefs", Time since last: 268491131 ns, Reaching safepoint: 58215 ns, At safepoint: 204661 ns, Total: 262876 ns
[2020-10-31T11:20:37.361+0000][info][gc,start     ] GC(55) Concurrent cleanup
[2020-10-31T11:20:37.362+0000][info][gc           ] GC(55) Concurrent cleanup 3726M->424M(4096M) 0.318ms
[2020-10-31T11:20:37.362+0000][info][gc,ergo      ] Free: 3466M (1733 regions), Max regular: 2048K, Max humongous: 3198976K, External frag: 10%, Internal frag: 0%
[2020-10-31T11:20:37.362+0000][info][gc,ergo      ] Evacuation Reserve: 206M (103 regions), Max regular: 2048K
[2020-10-31T11:20:37.362+0000][info][gc,ergo      ] Pacer for Idle. Initial: 81M, Alloc Tax Rate: 1.0x
[2020-10-31T11:20:38.361+0000][info][safepoint    ] Safepoint "Cleanup", Time since last: 1000078831 ns, Reaching safepoint: 130339 ns, At safepoint: 5299 ns, Total: 135638 ns
[2020-10-31T11:20:39.362+0000][info][safepoint    ] Safepoint "Cleanup", Time since last: 1000103762 ns, Reaching safepoint: 129811 ns, At safepoint: 5829 ns, Total: 135640 ns
[2020-10-31T11:20:40.362+0000][info][safepoint    ] Safepoint "Cleanup", Time since last: 1000102503 ns, Reaching safepoint: 132391 ns, At safepoint: 5640 ns, Total: 138031 ns
[2020-10-31T11:20:41.362+0000][info][safepoint    ] Safepoint "Cleanup", Time since last: 1000111939 ns, Reaching safepoint: 132163 ns, At safepoint: 7501 ns, Total: 139664 ns
[2020-10-31T11:20:42.362+0000][info][safepoint    ] Safepoint "Cleanup", Time since last: 1000109868 ns, Reaching safepoint: 129120 ns, At safepoint: 5213 ns, Total: 134333 ns
[2020-10-31T11:20:43.548+0000][info][safepoint    ] Safepoint "Cleanup", Time since last: 1185212508 ns, Reaching safepoint: 136754 ns, At safepoint: 5579 ns, Total: 142333 ns
[2020-10-31T11:20:44.548+0000][info][safepoint    ] Safepoint "Cleanup", Time since last: 1000107027 ns, Reaching safepoint: 139152 ns, At safepoint: 5210 ns, Total: 144362 ns
[2020-10-31T11:20:45.548+0000][info][safepoint    ] Safepoint "Cleanup", Time since last: 1000111117 ns, Reaching safepoint: 55979 ns, At safepoint: 3774 ns, Total: 59753 ns
[2020-10-31T11:20:46.548+0000][info][safepoint    ] Safepoint "Cleanup", Time since last: 1000120315 ns, Reaching safepoint: 61110 ns, At safepoint: 5513 ns, Total: 66623 ns
[2020-10-31T11:20:46.882+0000][info][gc           ] Trigger: Free (408M) is below minimum threshold (409M)
[2020-10-31T11:20:46.883+0000][info][gc,ergo      ] Free: 408M (204 regions), Max regular: 2048K, Max humongous: 276480K, External frag: 34%, Internal frag: 0%
[2020-10-31T11:20:46.883+0000][info][gc,ergo      ] Evacuation Reserve: 206M (103 regions), Max regular: 2048K
[2020-10-31T11:20:46.883+0000][info][gc,start     ] GC(56) Concurrent reset
[2020-10-31T11:20:46.883+0000][info][gc,task      ] GC(56) Using 1 of 1 workers for concurrent reset
[2020-10-31T11:20:46.892+0000][info][gc           ] GC(56) Concurrent reset 3482M->3482M(4096M) 9.066ms
[2020-10-31T11:20:46.892+0000][info][gc,start     ] GC(56) Pause Init Mark
[2020-10-31T11:20:46.892+0000][info][gc,task      ] GC(56) Using 1 of 1 workers for init marking
[2020-10-31T11:20:46.892+0000][info][gc,ergo      ] GC(56) Pacer for Mark. Expected Live: 116M, Free: 408M, Non-Taxable: 40M, Alloc Tax Rate: 1.0x
[2020-10-31T11:20:46.892+0000][info][gc           ] GC(56) Pause Init Mark 0.512ms
[2020-10-31T11:20:46.892+0000][info][safepoint    ] Safepoint "ShenandoahInitMark", Time since last: 343263860 ns, Reaching safepoint: 136068 ns, At safepoint: 533960 ns, Total: 670028 ns
[2020-10-31T11:20:46.892+0000][info][gc,start     ] GC(56) Concurrent marking
[2020-10-31T11:20:46.892+0000][info][gc,task      ] GC(56) Using 1 of 1 workers for concurrent marking
[2020-10-31T11:20:47.068+0000][info][gc           ] GC(56) Concurrent marking 3484M->3526M(4096M) 175.415ms
[2020-10-31T11:20:47.068+0000][info][gc,start     ] GC(56) Pause Final Mark
[2020-10-31T11:20:47.068+0000][info][gc,task      ] GC(56) Using 1 of 1 workers for final marking
[2020-10-31T11:20:47.068+0000][info][gc,ergo      ] GC(56) Adaptive CSet Selection. Target Free: 409M, Actual Free: 764M, Max CSet: 170M, Min Garbage: 0M
[2020-10-31T11:20:47.069+0000][info][gc,ergo      ] GC(56) Collectable Garbage: 3238M (94% of total), 43M CSet, 1641 CSet regions
[2020-10-31T11:20:47.069+0000][info][gc,ergo      ] GC(56) Immediate Garbage: 194M (5% of total), 97 regions
[2020-10-31T11:20:47.069+0000][info][gc,ergo      ] GC(56) Pacer for Evacuation. Used CSet: 3282M, Free: 558M, Non-Taxable: 55M, Alloc Tax Rate: 14.4x
[2020-10-31T11:20:47.069+0000][info][gc           ] GC(56) Pause Final Mark 1.443ms
[2020-10-31T11:20:47.069+0000][info][safepoint    ] Safepoint "ShenandoahFinalMarkStartEvac", Time since last: 175510547 ns, Reaching safepoint: 66556 ns, At safepoint: 1460298 ns, Total: 1526854 ns
[2020-10-31T11:20:47.069+0000][info][gc,start     ] GC(56) Concurrent cleanup
[2020-10-31T11:20:47.070+0000][info][gc           ] GC(56) Concurrent cleanup 3524M->3332M(4096M) 0.164ms
[2020-10-31T11:20:47.070+0000][info][gc,ergo      ] GC(56) Free: 558M (279 regions), Max regular: 2048K, Max humongous: 475136K, External frag: 17%, Internal frag: 0%
[2020-10-31T11:20:47.070+0000][info][gc,ergo      ] GC(56) Evacuation Reserve: 205M (103 regions), Max regular: 2048K
[2020-10-31T11:20:47.070+0000][info][gc,start     ] GC(56) Concurrent evacuation
[2020-10-31T11:20:47.070+0000][info][gc,task      ] GC(56) Using 1 of 1 workers for concurrent evacuation
[2020-10-31T11:20:47.150+0000][info][gc           ] GC(56) Concurrent evacuation 3332M->3400M(4096M) 80.781ms
[2020-10-31T11:20:47.150+0000][info][gc,start     ] GC(56) Pause Init Update Refs
[2020-10-31T11:20:47.151+0000][info][gc,ergo      ] GC(56) Pacer for Update Refs. Used: 3400M, Free: 534M, Non-Taxable: 53M, Alloc Tax Rate: 7.8x
[2020-10-31T11:20:47.151+0000][info][gc           ] GC(56) Pause Init Update Refs 0.051ms
[2020-10-31T11:20:47.151+0000][info][safepoint    ] Safepoint "ShenandoahInitUpdateRefs", Time since last: 81049912 ns, Reaching safepoint: 62310 ns, At safepoint: 71088 ns, Total: 133398 ns
[2020-10-31T11:20:47.151+0000][info][gc,start     ] GC(56) Concurrent update references
[2020-10-31T11:20:47.151+0000][info][gc,task      ] GC(56) Using 1 of 1 workers for concurrent reference update
[2020-10-31T11:20:47.274+0000][info][gc           ] GC(56) Concurrent update references 3402M->3434M(4096M) 123.528ms
[2020-10-31T11:20:47.274+0000][info][gc,start     ] GC(56) Pause Final Update Refs
[2020-10-31T11:20:47.274+0000][info][gc,task      ] GC(56) Using 1 of 1 workers for final reference update
[2020-10-31T11:20:47.275+0000][info][gc           ] GC(56) Pause Final Update Refs 0.191ms
[2020-10-31T11:20:47.275+0000][info][safepoint    ] Safepoint "ShenandoahFinalUpdateRefs", Time since last: 123613945 ns, Reaching safepoint: 146612 ns, At safepoint: 214015 ns, Total: 360627 ns
[2020-10-31T11:20:47.275+0000][info][gc,start     ] GC(56) Concurrent cleanup
[2020-10-31T11:20:47.275+0000][info][gc           ] GC(56) Concurrent cleanup 3434M->152M(4096M) 0.311ms
[2020-10-31T11:20:47.275+0000][info][gc,ergo      ] Free: 3738M (1869 regions), Max regular: 2048K, Max humongous: 3131392K, External frag: 19%, Internal frag: 0%
[2020-10-31T11:20:47.275+0000][info][gc,ergo      ] Evacuation Reserve: 206M (103 regions), Max regular: 2048K
[2020-10-31T11:20:47.275+0000][info][gc,ergo      ] Pacer for Idle. Initial: 81M, Alloc Tax Rate: 1.0x
[2020-10-31T11:20:48.275+0000][info][safepoint    ] Safepoint "Cleanup", Time since last: 1000078192 ns, Reaching safepoint: 125954 ns, At safepoint: 5675 ns, Total: 131629 ns
[2020-10-31T11:20:49.275+0000][info][safepoint    ] Safepoint "Cleanup", Time since last: 1000107669 ns, Reaching safepoint: 64400 ns, At safepoint: 4870 ns, Total: 69270 ns
[2020-10-31T11:20:50.275+0000][info][safepoint    ] Safepoint "Cleanup", Time since last: 1000107106 ns, Reaching safepoint: 54658 ns, At safepoint: 5590 ns, Total: 60248 ns
[2020-10-31T11:20:51.275+0000][info][safepoint    ] Safepoint "Cleanup", Time since last: 1000099765 ns, Reaching safepoint: 134402 ns, At safepoint: 7821 ns, Total: 142223 ns
[2020-10-31T11:20:52.276+0000][info][safepoint    ] Safepoint "Cleanup", Time since last: 1000107788 ns, Reaching safepoint: 60679 ns, At safepoint: 5231 ns, Total: 65910 ns
[2020-10-31T11:20:53.276+0000][info][safepoint    ] Safepoint "Cleanup", Time since last: 1000109365 ns, Reaching safepoint: 132640 ns, At safepoint: 5208 ns, Total: 137848 ns
[2020-10-31T11:20:54.276+0000][info][safepoint    ] Safepoint "Cleanup", Time since last: 1000107432 ns, Reaching safepoint: 54450 ns, At safepoint: 5893 ns, Total: 60343 ns
[2020-10-31T11:20:55.276+0000][info][safepoint    ] Safepoint "Cleanup", Time since last: 1000108422 ns, Reaching safepoint: 137597 ns, At safepoint: 7448 ns, Total: 145045 ns
[2020-10-31T11:20:56.276+0000][info][safepoint    ] Safepoint "Cleanup", Time since last: 1000109465 ns, Reaching safepoint: 65998 ns, At safepoint: 4945 ns, Total: 70943 ns
[2020-10-31T11:20:57.277+0000][info][safepoint    ] Safepoint "Cleanup", Time since last: 1000112131 ns, Reaching safepoint: 137882 ns, At safepoint: 5132 ns, Total: 143014 ns
[2020-10-31T11:20:57.559+0000][info][gc           ] Trigger: Free (408M) is below minimum threshold (409M)
[2020-10-31T11:20:57.559+0000][info][gc,ergo      ] Free: 408M (204 regions), Max regular: 2048K, Max humongous: 415744K, External frag: 1%, Internal frag: 0%
[2020-10-31T11:20:57.559+0000][info][gc,ergo      ] Evacuation Reserve: 206M (103 regions), Max regular: 2048K
[2020-10-31T11:20:57.559+0000][info][gc,start     ] GC(57) Concurrent reset
[2020-10-31T11:20:57.559+0000][info][gc,task      ] GC(57) Using 1 of 1 workers for concurrent reset
[2020-10-31T11:20:57.567+0000][info][gc           ] GC(57) Concurrent reset 3482M->3482M(4096M) 8.540ms
[2020-10-31T11:20:57.567+0000][info][gc,start     ] GC(57) Pause Init Mark
[2020-10-31T11:20:57.567+0000][info][gc,task      ] GC(57) Using 1 of 1 workers for init marking
[2020-10-31T11:20:57.568+0000][info][gc,ergo      ] GC(57) Pacer for Mark. Expected Live: 116M, Free: 408M, Non-Taxable: 40M, Alloc Tax Rate: 1.0x
[2020-10-31T11:20:57.568+0000][info][gc           ] GC(57) Pause Init Mark 0.445ms
[2020-10-31T11:20:57.568+0000][info][safepoint    ] Safepoint "ShenandoahInitMark", Time since last: 290669983 ns, Reaching safepoint: 57828 ns, At safepoint: 466904 ns, Total: 524732 ns
[2020-10-31T11:20:57.568+0000][info][gc,start     ] GC(57) Concurrent marking
[2020-10-31T11:20:57.568+0000][info][gc,task      ] GC(57) Using 1 of 1 workers for concurrent marking
[2020-10-31T11:20:57.806+0000][info][gc           ] GC(57) Concurrent marking 3482M->3552M(4096M) 238.592ms
[2020-10-31T11:20:57.807+0000][info][gc,start     ] GC(57) Pause Final Mark
[2020-10-31T11:20:57.807+0000][info][gc,task      ] GC(57) Using 1 of 1 workers for final marking
[2020-10-31T11:20:57.807+0000][info][gc,ergo      ] GC(57) Adaptive CSet Selection. Target Free: 409M, Actual Free: 544M, Max CSet: 170M, Min Garbage: 0M
[2020-10-31T11:20:57.807+0000][info][gc,ergo      ] GC(57) Collectable Garbage: 3386M (99% of total), 45M CSet, 1716 CSet regions
[2020-10-31T11:20:57.807+0000][info][gc,ergo      ] GC(57) Immediate Garbage: 0M (0% of total), 0 regions
[2020-10-31T11:20:57.808+0000][info][gc,ergo      ] GC(57) Pacer for Evacuation. Used CSet: 3432M, Free: 338M, Non-Taxable: 33M, Alloc Tax Rate: 24.8x
[2020-10-31T11:20:57.808+0000][info][gc           ] GC(57) Pause Final Mark 1.412ms
[2020-10-31T11:20:57.808+0000][info][safepoint    ] Safepoint "ShenandoahFinalMarkStartEvac", Time since last: 238668439 ns, Reaching safepoint: 129894 ns, At safepoint: 1435618 ns, Total: 1565512 ns
[2020-10-31T11:20:57.808+0000][info][gc,start     ] GC(57) Concurrent cleanup
[2020-10-31T11:20:57.808+0000][info][gc           ] GC(57) Concurrent cleanup 3554M->3554M(4096M) 0.167ms
[2020-10-31T11:20:57.808+0000][info][gc,ergo      ] GC(57) Free: 336M (168 regions), Max regular: 2048K, Max humongous: 342016K, External frag: 1%, Internal frag: 0%
[2020-10-31T11:20:57.808+0000][info][gc,ergo      ] GC(57) Evacuation Reserve: 206M (103 regions), Max regular: 2048K
[2020-10-31T11:20:57.808+0000][info][gc,start     ] GC(57) Concurrent evacuation
[2020-10-31T11:20:57.808+0000][info][gc,task      ] GC(57) Using 1 of 1 workers for concurrent evacuation
[2020-10-31T11:20:57.893+0000][info][gc           ] GC(57) Concurrent evacuation 3554M->3622M(4096M) 84.473ms
[2020-10-31T11:20:57.893+0000][info][gc,start     ] GC(57) Pause Init Update Refs
[2020-10-31T11:20:57.893+0000][info][gc,ergo      ] GC(57) Pacer for Update Refs. Used: 3622M, Free: 314M, Non-Taxable: 31M, Alloc Tax Rate: 14.1x
[2020-10-31T11:20:57.893+0000][info][gc           ] GC(57) Pause Init Update Refs 0.056ms
[2020-10-31T11:20:57.893+0000][info][safepoint    ] Safepoint "ShenandoahInitUpdateRefs", Time since last: 84760490 ns, Reaching safepoint: 138236 ns, At safepoint: 73253 ns, Total: 211489 ns
[2020-10-31T11:20:57.893+0000][info][gc,start     ] GC(57) Concurrent update references
[2020-10-31T11:20:57.893+0000][info][gc,task      ] GC(57) Using 1 of 1 workers for concurrent reference update
[2020-10-31T11:20:58.061+0000][info][gc           ] GC(57) Concurrent update references 3624M->3666M(4096M) 167.692ms
[2020-10-31T11:20:58.061+0000][info][gc,start     ] GC(57) Pause Final Update Refs
[2020-10-31T11:20:58.061+0000][info][gc,task      ] GC(57) Using 1 of 1 workers for final reference update
[2020-10-31T11:20:58.061+0000][info][gc           ] GC(57) Pause Final Update Refs 0.190ms
[2020-10-31T11:20:58.061+0000][info][safepoint    ] Safepoint "ShenandoahFinalUpdateRefs", Time since last: 167775399 ns, Reaching safepoint: 140698 ns, At safepoint: 210997 ns, Total: 351695 ns
[2020-10-31T11:20:58.061+0000][info][gc,start     ] GC(57) Concurrent cleanup
[2020-10-31T11:20:58.061+0000][info][gc           ] GC(57) Concurrent cleanup 3666M->234M(4096M) 0.312ms
[2020-10-31T11:20:58.062+0000][info][gc,ergo      ] Free: 3656M (1828 regions), Max regular: 2048K, Max humongous: 3514368K, External frag: 7%, Internal frag: 0%
[2020-10-31T11:20:58.062+0000][info][gc,ergo      ] Evacuation Reserve: 206M (103 regions), Max regular: 2048K
[2020-10-31T11:20:58.062+0000][info][gc,ergo      ] Pacer for Idle. Initial: 81M, Alloc Tax Rate: 1.0x
[2020-10-31T11:20:59.061+0000][info][safepoint    ] Safepoint "Cleanup", Time since last: 1000068358 ns, Reaching safepoint: 132971 ns, At safepoint: 5566 ns, Total: 138537 ns
[2020-10-31T11:21:00.062+0000][info][safepoint    ] Safepoint "Cleanup", Time since last: 1000105782 ns, Reaching safepoint: 131076 ns, At safepoint: 5522 ns, Total: 136598 ns
[2020-10-31T11:21:01.062+0000][info][safepoint    ] Safepoint "Cleanup", Time since last: 1000107404 ns, Reaching safepoint: 134716 ns, At safepoint: 5145 ns, Total: 139861 ns
[2020-10-31T11:21:02.062+0000][info][safepoint    ] Safepoint "Cleanup", Time since last: 1000105486 ns, Reaching safepoint: 125171 ns, At safepoint: 7556 ns, Total: 132727 ns
[2020-10-31T11:21:03.062+0000][info][safepoint    ] Safepoint "Cleanup", Time since last: 1000107437 ns, Reaching safepoint: 134286 ns, At safepoint: 5090 ns, Total: 139376 ns
[2020-10-31T11:21:04.063+0000][info][safepoint    ] Safepoint "Cleanup", Time since last: 1000113947 ns, Reaching safepoint: 128062 ns, At safepoint: 4818 ns, Total: 132880 ns
[2020-10-31T11:21:05.063+0000][info][safepoint    ] Safepoint "Cleanup", Time since last: 1000103369 ns, Reaching safepoint: 56141 ns, At safepoint: 5136 ns, Total: 61277 ns
[2020-10-31T11:21:06.063+0000][info][safepoint    ] Safepoint "Cleanup", Time since last: 1000096624 ns, Reaching safepoint: 132578 ns, At safepoint: 3420 ns, Total: 135998 ns
[2020-10-31T11:21:07.063+0000][info][safepoint    ] Safepoint "Cleanup", Time since last: 1000109385 ns, Reaching safepoint: 154537 ns, At safepoint: 5354 ns, Total: 159891 ns
[2020-10-31T11:21:08.063+0000][info][safepoint    ] Safepoint "Cleanup", Time since last: 1000102586 ns, Reaching safepoint: 54533 ns, At safepoint: 3808 ns, Total: 58341 ns
[2020-10-31T11:21:08.118+0000][info][gc           ] Trigger: Free (408M) is below minimum threshold (409M)
[2020-10-31T11:21:08.118+0000][info][gc,ergo      ] Free: 408M (204 regions), Max regular: 2048K, Max humongous: 227328K, External frag: 46%, Internal frag: 0%
[2020-10-31T11:21:08.118+0000][info][gc,ergo      ] Evacuation Reserve: 206M (103 regions), Max regular: 2048K
[2020-10-31T11:21:08.118+0000][info][gc,start     ] GC(58) Concurrent reset
[2020-10-31T11:21:08.118+0000][info][gc,task      ] GC(58) Using 1 of 1 workers for concurrent reset
[2020-10-31T11:21:08.127+0000][info][gc           ] GC(58) Concurrent reset 3482M->3484M(4096M) 9.010ms
[2020-10-31T11:21:08.127+0000][info][gc,start     ] GC(58) Pause Init Mark
[2020-10-31T11:21:08.127+0000][info][gc,task      ] GC(58) Using 1 of 1 workers for init marking
[2020-10-31T11:21:08.128+0000][info][gc,ergo      ] GC(58) Pacer for Mark. Expected Live: 116M, Free: 406M, Non-Taxable: 40M, Alloc Tax Rate: 1.1x
[2020-10-31T11:21:08.128+0000][info][gc           ] GC(58) Pause Init Mark 0.476ms
[2020-10-31T11:21:08.128+0000][info][safepoint    ] Safepoint "ShenandoahInitMark", Time since last: 63838079 ns, Reaching safepoint: 135079 ns, At safepoint: 496566 ns, Total: 631645 ns
[2020-10-31T11:21:08.128+0000][info][gc,start     ] GC(58) Concurrent marking
[2020-10-31T11:21:08.128+0000][info][gc,task      ] GC(58) Using 1 of 1 workers for concurrent marking
[2020-10-31T11:21:08.417+0000][info][gc           ] GC(58) Concurrent marking 3486M->3566M(4096M) 289.280ms
[2020-10-31T11:21:08.417+0000][info][gc,start     ] GC(58) Pause Final Mark
[2020-10-31T11:21:08.417+0000][info][gc,task      ] GC(58) Using 1 of 1 workers for final marking
[2020-10-31T11:21:08.418+0000][info][gc,ergo      ] GC(58) Adaptive CSet Selection. Target Free: 409M, Actual Free: 530M, Max CSet: 170M, Min Garbage: 0M
[2020-10-31T11:21:08.418+0000][info][gc,ergo      ] GC(58) Collectable Garbage: 3343M (99% of total), 44M CSet, 1694 CSet regions
[2020-10-31T11:21:08.418+0000][info][gc,ergo      ] GC(58) Immediate Garbage: 0M (0% of total), 0 regions
[2020-10-31T11:21:08.419+0000][info][gc,ergo      ] GC(58) Pacer for Evacuation. Used CSet: 3388M, Free: 324M, Non-Taxable: 32M, Alloc Tax Rate: 25.6x
[2020-10-31T11:21:08.419+0000][info][gc           ] GC(58) Pause Final Mark 1.360ms
[2020-10-31T11:21:08.419+0000][info][safepoint    ] Safepoint "ShenandoahFinalMarkStartEvac", Time since last: 289363352 ns, Reaching safepoint: 142444 ns, At safepoint: 1383412 ns, Total: 1525856 ns
[2020-10-31T11:21:08.419+0000][info][gc,start     ] GC(58) Concurrent cleanup
[2020-10-31T11:21:08.419+0000][info][gc           ] GC(58) Concurrent cleanup 3568M->3568M(4096M) 0.172ms
[2020-10-31T11:21:08.419+0000][info][gc,ergo      ] GC(58) Free: 322M (161 regions), Max regular: 2048K, Max humongous: 227328K, External frag: 32%, Internal frag: 0%
[2020-10-31T11:21:08.419+0000][info][gc,ergo      ] GC(58) Evacuation Reserve: 205M (103 regions), Max regular: 2048K
[2020-10-31T11:21:08.419+0000][info][gc,start     ] GC(58) Concurrent evacuation
[2020-10-31T11:21:08.419+0000][info][gc,task      ] GC(58) Using 1 of 1 workers for concurrent evacuation
[2020-10-31T11:21:08.507+0000][info][gc           ] GC(58) Concurrent evacuation 3568M->3636M(4096M) 87.698ms
[2020-10-31T11:21:08.507+0000][info][gc,start     ] GC(58) Pause Init Update Refs
[2020-10-31T11:21:08.507+0000][info][gc,ergo      ] GC(58) Pacer for Update Refs. Used: 3636M, Free: 300M, Non-Taxable: 30M, Alloc Tax Rate: 14.8x
[2020-10-31T11:21:08.507+0000][info][gc           ] GC(58) Pause Init Update Refs 0.050ms
[2020-10-31T11:21:08.507+0000][info][safepoint    ] Safepoint "ShenandoahInitUpdateRefs", Time since last: 87972707 ns, Reaching safepoint: 61227 ns, At safepoint: 69918 ns, Total: 131145 ns
[2020-10-31T11:21:08.507+0000][info][gc,start     ] GC(58) Concurrent update references
[2020-10-31T11:21:08.507+0000][info][gc,task      ] GC(58) Using 1 of 1 workers for concurrent reference update
[2020-10-31T11:21:08.711+0000][info][gc           ] GC(58) Concurrent update references 3638M->3690M(4096M) 204.498ms
[2020-10-31T11:21:08.712+0000][info][gc,start     ] GC(58) Pause Final Update Refs
[2020-10-31T11:21:08.712+0000][info][gc,task      ] GC(58) Using 1 of 1 workers for final reference update
[2020-10-31T11:21:08.712+0000][info][gc           ] GC(58) Pause Final Update Refs 0.189ms
[2020-10-31T11:21:08.712+0000][info][safepoint    ] Safepoint "ShenandoahFinalUpdateRefs", Time since last: 204678261 ns, Reaching safepoint: 75741 ns, At safepoint: 211031 ns, Total: 286772 ns
[2020-10-31T11:21:08.712+0000][info][gc,start     ] GC(58) Concurrent cleanup
[2020-10-31T11:21:08.712+0000][info][gc           ] GC(58) Concurrent cleanup 3690M->302M(4096M) 0.316ms
[2020-10-31T11:21:08.712+0000][info][gc,ergo      ] Free: 3588M (1794 regions), Max regular: 2048K, Max humongous: 3328000K, External frag: 10%, Internal frag: 0%
[2020-10-31T11:21:08.712+0000][info][gc,ergo      ] Evacuation Reserve: 206M (103 regions), Max regular: 2048K
[2020-10-31T11:21:08.712+0000][info][gc,ergo      ] Pacer for Idle. Initial: 81M, Alloc Tax Rate: 1.0x
[2020-10-31T11:21:09.712+0000][info][safepoint    ] Safepoint "Cleanup", Time since last: 1000084164 ns, Reaching safepoint: 134539 ns, At safepoint: 5204 ns, Total: 139743 ns
[2020-10-31T11:21:10.712+0000][info][safepoint    ] Safepoint "Cleanup", Time since last: 1000110382 ns, Reaching safepoint: 137516 ns, At safepoint: 5173 ns, Total: 142689 ns
[2020-10-31T11:21:11.713+0000][info][safepoint    ] Safepoint "Cleanup", Time since last: 1000106055 ns, Reaching safepoint: 147189 ns, At safepoint: 5304 ns, Total: 152493 ns
[2020-10-31T11:21:12.713+0000][info][safepoint    ] Safepoint "Cleanup", Time since last: 1000104357 ns, Reaching safepoint: 136212 ns, At safepoint: 5759 ns, Total: 141971 ns
[2020-10-31T11:21:13.713+0000][info][safepoint    ] Safepoint "Cleanup", Time since last: 1000109091 ns, Reaching safepoint: 54069 ns, At safepoint: 3831 ns, Total: 57900 ns
[2020-10-31T11:21:14.713+0000][info][safepoint    ] Safepoint "Cleanup", Time since last: 1000108811 ns, Reaching safepoint: 136697 ns, At safepoint: 7406 ns, Total: 144103 ns
[2020-10-31T11:21:15.713+0000][info][safepoint    ] Safepoint "Cleanup", Time since last: 1000108347 ns, Reaching safepoint: 133743 ns, At safepoint: 5359 ns, Total: 139102 ns
[2020-10-31T11:21:16.714+0000][info][safepoint    ] Safepoint "Cleanup", Time since last: 1000105938 ns, Reaching safepoint: 135017 ns, At safepoint: 5241 ns, Total: 140258 ns
[2020-10-31T11:21:17.714+0000][info][safepoint    ] Safepoint "Cleanup", Time since last: 1000111357 ns, Reaching safepoint: 135674 ns, At safepoint: 5014 ns, Total: 140688 ns
[2020-10-31T11:21:18.548+0000][info][gc           ] Trigger: Average GC time (641.34 ms) is above the time for allocation rate (320.25 MB/s) to deplete free headroom (205M)
[2020-10-31T11:21:18.548+0000][info][gc,ergo      ] Free headroom: 410M (free) - 204M (spike) - 0M (penalties) = 205M
[2020-10-31T11:21:18.548+0000][info][gc,ergo      ] Free: 410M (205 regions), Max regular: 2048K, Max humongous: 344064K, External frag: 19%, Internal frag: 0%
[2020-10-31T11:21:18.548+0000][info][gc,ergo      ] Evacuation Reserve: 206M (103 regions), Max regular: 2048K
[2020-10-31T11:21:18.548+0000][info][gc,start     ] GC(59) Concurrent reset
[2020-10-31T11:21:18.548+0000][info][gc,task      ] GC(59) Using 1 of 1 workers for concurrent reset
[2020-10-31T11:21:18.557+0000][info][gc           ] GC(59) Concurrent reset 3480M->3482M(4096M) 9.115ms
[2020-10-31T11:21:18.557+0000][info][gc,start     ] GC(59) Pause Init Mark
[2020-10-31T11:21:18.557+0000][info][gc,task      ] GC(59) Using 1 of 1 workers for init marking
[2020-10-31T11:21:18.557+0000][info][gc,ergo      ] GC(59) Pacer for Mark. Expected Live: 116M, Free: 408M, Non-Taxable: 40M, Alloc Tax Rate: 1.0x
[2020-10-31T11:21:18.557+0000][info][gc           ] GC(59) Pause Init Mark 0.467ms
[2020-10-31T11:21:18.557+0000][info][safepoint    ] Safepoint "ShenandoahInitMark", Time since last: 842824365 ns, Reaching safepoint: 130119 ns, At safepoint: 487484 ns, Total: 617603 ns
[2020-10-31T11:21:18.557+0000][info][gc,start     ] GC(59) Concurrent marking
[2020-10-31T11:21:18.557+0000][info][gc,task      ] GC(59) Using 1 of 1 workers for concurrent marking
[2020-10-31T11:21:18.893+0000][info][gc           ] GC(59) Concurrent marking 3484M->3570M(4096M) 335.666ms
[2020-10-31T11:21:18.893+0000][info][gc,start     ] GC(59) Pause Final Mark
[2020-10-31T11:21:18.893+0000][info][gc,task      ] GC(59) Using 1 of 1 workers for final marking
[2020-10-31T11:21:18.894+0000][info][gc,ergo      ] GC(59) Adaptive CSet Selection. Target Free: 409M, Actual Free: 526M, Max CSet: 170M, Min Garbage: 0M
[2020-10-31T11:21:18.894+0000][info][gc,ergo      ] GC(59) Collectable Garbage: 3297M (99% of total), 44M CSet, 1671 CSet regions
[2020-10-31T11:21:18.894+0000][info][gc,ergo      ] GC(59) Immediate Garbage: 0M (0% of total), 0 regions
[2020-10-31T11:21:18.895+0000][info][gc,ergo      ] GC(59) Pacer for Evacuation. Used CSet: 3342M, Free: 320M, Non-Taxable: 32M, Alloc Tax Rate: 25.5x
[2020-10-31T11:21:18.895+0000][info][gc           ] GC(59) Pause Final Mark 1.400ms
[2020-10-31T11:21:18.895+0000][info][safepoint    ] Safepoint "ShenandoahFinalMarkStartEvac", Time since last: 335760835 ns, Reaching safepoint: 136087 ns, At safepoint: 1421098 ns, Total: 1557185 ns
[2020-10-31T11:21:18.895+0000][info][gc,start     ] GC(59) Concurrent cleanup
[2020-10-31T11:21:18.895+0000][info][gc           ] GC(59) Concurrent cleanup 3572M->3574M(4096M) 0.183ms
[2020-10-31T11:21:18.895+0000][info][gc,ergo      ] GC(59) Free: 316M (158 regions), Max regular: 2048K, Max humongous: 321536K, External frag: 1%, Internal frag: 0%
[2020-10-31T11:21:18.895+0000][info][gc,ergo      ] GC(59) Evacuation Reserve: 206M (103 regions), Max regular: 2048K
[2020-10-31T11:21:18.895+0000][info][gc,start     ] GC(59) Concurrent evacuation
[2020-10-31T11:21:18.895+0000][info][gc,task      ] GC(59) Using 1 of 1 workers for concurrent evacuation
[2020-10-31T11:21:18.978+0000][info][gc           ] GC(59) Concurrent evacuation 3574M->3640M(4096M) 82.845ms
[2020-10-31T11:21:18.978+0000][info][gc,start     ] GC(59) Pause Init Update Refs
[2020-10-31T11:21:18.978+0000][info][gc,ergo      ] GC(59) Pacer for Update Refs. Used: 3640M, Free: 296M, Non-Taxable: 29M, Alloc Tax Rate: 15.0x
[2020-10-31T11:21:18.978+0000][info][gc           ] GC(59) Pause Init Update Refs 0.046ms
[2020-10-31T11:21:18.978+0000][info][safepoint    ] Safepoint "ShenandoahInitUpdateRefs", Time since last: 83147184 ns, Reaching safepoint: 139440 ns, At safepoint: 64161 ns, Total: 203601 ns
[2020-10-31T11:21:18.978+0000][info][gc,start     ] GC(59) Concurrent update references
[2020-10-31T11:21:18.978+0000][info][gc,task      ] GC(59) Using 1 of 1 workers for concurrent reference update
[2020-10-31T11:21:19.218+0000][info][gc           ] GC(59) Concurrent update references 3642M->3702M(4096M) 240.248ms
[2020-10-31T11:21:19.219+0000][info][gc,start     ] GC(59) Pause Final Update Refs
[2020-10-31T11:21:19.219+0000][info][gc,task      ] GC(59) Using 1 of 1 workers for final reference update
[2020-10-31T11:21:19.219+0000][info][gc           ] GC(59) Pause Final Update Refs 0.181ms
[2020-10-31T11:21:19.219+0000][info][safepoint    ] Safepoint "ShenandoahFinalUpdateRefs", Time since last: 240326223 ns, Reaching safepoint: 133689 ns, At safepoint: 202524 ns, Total: 336213 ns
[2020-10-31T11:21:19.219+0000][info][gc,start     ] GC(59) Concurrent cleanup
[2020-10-31T11:21:19.219+0000][info][gc           ] GC(59) Concurrent cleanup 3702M->360M(4096M) 0.310ms
[2020-10-31T11:21:19.219+0000][info][gc,ergo      ] Free: 3530M (1765 regions), Max regular: 2048K, Max humongous: 3256320K, External frag: 10%, Internal frag: 0%
[2020-10-31T11:21:19.219+0000][info][gc,ergo      ] Evacuation Reserve: 206M (103 regions), Max regular: 2048K
[2020-10-31T11:21:19.219+0000][info][gc,ergo      ] Pacer for Idle. Initial: 81M, Alloc Tax Rate: 1.0x
[2020-10-31T11:21:20.219+0000][info][safepoint    ] Safepoint "Cleanup", Time since last: 1000078257 ns, Reaching safepoint: 50272 ns, At safepoint: 5499 ns, Total: 55771 ns
[2020-10-31T11:21:21.219+0000][info][safepoint    ] Safepoint "Cleanup", Time since last: 1000121721 ns, Reaching safepoint: 117042 ns, At safepoint: 5605 ns, Total: 122647 ns
[2020-10-31T11:21:22.219+0000][info][safepoint    ] Safepoint "Cleanup", Time since last: 1000108177 ns, Reaching safepoint: 130202 ns, At safepoint: 5337 ns, Total: 135539 ns
[2020-10-31T11:21:23.220+0000][info][safepoint    ] Safepoint "Cleanup", Time since last: 1000103044 ns, Reaching safepoint: 133185 ns, At safepoint: 5730 ns, Total: 138915 ns
[2020-10-31T11:21:24.220+0000][info][safepoint    ] Safepoint "Cleanup", Time since last: 1000109231 ns, Reaching safepoint: 135939 ns, At safepoint: 5338 ns, Total: 141277 ns
[2020-10-31T11:21:25.220+0000][info][safepoint    ] Safepoint "Cleanup", Time since last: 1000109992 ns, Reaching safepoint: 130584 ns, At safepoint: 5051 ns, Total: 135635 ns
[2020-10-31T11:21:26.220+0000][info][safepoint    ] Safepoint "Cleanup", Time since last: 1000106447 ns, Reaching safepoint: 138954 ns, At safepoint: 7958 ns, Total: 146912 ns
[2020-10-31T11:21:27.221+0000][info][safepoint    ] Safepoint "Cleanup", Time since last: 1000107120 ns, Reaching safepoint: 133970 ns, At safepoint: 6530 ns, Total: 140500 ns
[2020-10-31T11:21:28.221+0000][info][safepoint    ] Safepoint "Cleanup", Time since last: 1000099292 ns, Reaching safepoint: 136917 ns, At safepoint: 5079 ns, Total: 141996 ns
[2020-10-31T11:21:28.873+0000][info][gc           ] Trigger: Free (408M) is below minimum threshold (409M)
[2020-10-31T11:21:28.873+0000][info][gc,ergo      ] Free: 408M (204 regions), Max regular: 2048K, Max humongous: 192512K, External frag: 54%, Internal frag: 0%
[2020-10-31T11:21:28.873+0000][info][gc,ergo      ] Evacuation Reserve: 206M (103 regions), Max regular: 2048K
[2020-10-31T11:21:28.873+0000][info][gc,start     ] GC(60) Concurrent reset
[2020-10-31T11:21:28.873+0000][info][gc,task      ] GC(60) Using 1 of 1 workers for concurrent reset
[2020-10-31T11:21:28.882+0000][info][gc           ] GC(60) Concurrent reset 3482M->3484M(4096M) 8.915ms
[2020-10-31T11:21:28.882+0000][info][gc,start     ] GC(60) Pause Init Mark (process weakrefs)
[2020-10-31T11:21:28.882+0000][info][gc,task      ] GC(60) Using 1 of 1 workers for init marking
[2020-10-31T11:21:28.883+0000][info][gc,ergo      ] GC(60) Pacer for Mark. Expected Live: 116M, Free: 406M, Non-Taxable: 40M, Alloc Tax Rate: 1.1x
[2020-10-31T11:21:28.883+0000][info][gc           ] GC(60) Pause Init Mark (process weakrefs) 0.488ms
[2020-10-31T11:21:28.883+0000][info][safepoint    ] Safepoint "ShenandoahInitMark", Time since last: 661308348 ns, Reaching safepoint: 137019 ns, At safepoint: 508651 ns, Total: 645670 ns
[2020-10-31T11:21:28.883+0000][info][gc,start     ] GC(60) Concurrent marking (process weakrefs)
[2020-10-31T11:21:28.883+0000][info][gc,task      ] GC(60) Using 1 of 1 workers for concurrent marking
[2020-10-31T11:21:29.313+0000][info][gc           ] GC(60) Concurrent marking (process weakrefs) 3486M->3592M(4096M) 429.721ms
[2020-10-31T11:21:29.313+0000][info][gc,start     ] GC(60) Concurrent precleaning
[2020-10-31T11:21:29.313+0000][info][gc,task      ] GC(60) Using 1 of 1 workers for concurrent preclean
[2020-10-31T11:21:29.407+0000][info][gc           ] GC(60) Concurrent precleaning 3592M->3618M(4096M) 94.704ms
[2020-10-31T11:21:29.407+0000][info][gc,start     ] GC(60) Pause Final Mark (process weakrefs)
[2020-10-31T11:21:29.407+0000][info][gc,task      ] GC(60) Using 1 of 1 workers for final marking
[2020-10-31T11:21:29.489+0000][info][gc,ergo      ] GC(60) Adaptive CSet Selection. Target Free: 409M, Actual Free: 478M, Max CSet: 170M, Min Garbage: 0M
[2020-10-31T11:21:29.489+0000][info][gc,ergo      ] GC(60) Collectable Garbage: 3279M (97% of total), 24M CSet, 1652 CSet regions
[2020-10-31T11:21:29.489+0000][info][gc,ergo      ] GC(60) Immediate Garbage: 0M (0% of total), 0 regions
[2020-10-31T11:21:29.489+0000][info][gc,ergo      ] GC(60) Pacer for Evacuation. Used CSet: 3304M, Free: 272M, Non-Taxable: 27M, Alloc Tax Rate: 29.7x
[2020-10-31T11:21:29.490+0000][info][gc           ] GC(60) Pause Final Mark (process weakrefs) 82.025ms
[2020-10-31T11:21:29.490+0000][info][safepoint    ] Safepoint "ShenandoahFinalMarkStartEvac", Time since last: 524546750 ns, Reaching safepoint: 135339 ns, At safepoint: 82061156 ns, Total: 82196495 ns
[2020-10-31T11:21:29.490+0000][info][gc,start     ] GC(60) Concurrent cleanup
[2020-10-31T11:21:29.490+0000][info][gc           ] GC(60) Concurrent cleanup 3620M->3620M(4096M) 0.238ms
[2020-10-31T11:21:29.490+0000][info][gc,ergo      ] GC(60) Free: 270M (135 regions), Max regular: 2048K, Max humongous: 192512K, External frag: 31%, Internal frag: 0%
[2020-10-31T11:21:29.490+0000][info][gc,ergo      ] GC(60) Evacuation Reserve: 205M (103 regions), Max regular: 2048K
[2020-10-31T11:21:29.490+0000][info][gc,start     ] GC(60) Concurrent evacuation
[2020-10-31T11:21:29.490+0000][info][gc,task      ] GC(60) Using 1 of 1 workers for concurrent evacuation
[2020-10-31T11:21:29.642+0000][info][gc           ] GC(60) Concurrent evacuation 3620M->3672M(4096M) 151.841ms
[2020-10-31T11:21:29.642+0000][info][gc,start     ] GC(60) Pause Init Update Refs
[2020-10-31T11:21:29.642+0000][info][gc,ergo      ] GC(60) Pacer for Update Refs. Used: 3672M, Free: 244M, Non-Taxable: 24M, Alloc Tax Rate: 18.4x
[2020-10-31T11:21:29.642+0000][info][gc           ] GC(60) Pause Init Update Refs 0.054ms
[2020-10-31T11:21:29.642+0000][info][safepoint    ] Safepoint "ShenandoahInitUpdateRefs", Time since last: 152200678 ns, Reaching safepoint: 133637 ns, At safepoint: 75703 ns, Total: 209340 ns
[2020-10-31T11:21:29.642+0000][info][gc,start     ] GC(60) Concurrent update references
[2020-10-31T11:21:29.642+0000][info][gc,task      ] GC(60) Using 1 of 1 workers for concurrent reference update
[2020-10-31T11:21:29.876+0000][info][gc           ] GC(60) Concurrent update references 3674M->3710M(4096M) 233.565ms
[2020-10-31T11:21:29.876+0000][info][gc,start     ] GC(60) Pause Final Update Refs
[2020-10-31T11:21:29.876+0000][info][gc,task      ] GC(60) Using 1 of 1 workers for final reference update
[2020-10-31T11:21:29.876+0000][info][gc           ] GC(60) Pause Final Update Refs 0.172ms
[2020-10-31T11:21:29.876+0000][info][safepoint    ] Safepoint "ShenandoahFinalUpdateRefs", Time since last: 233642504 ns, Reaching safepoint: 61093 ns, At safepoint: 194387 ns, Total: 255480 ns
[2020-10-31T11:21:29.876+0000][info][gc,start     ] GC(60) Concurrent cleanup
[2020-10-31T11:21:29.876+0000][info][gc           ] GC(60) Concurrent cleanup 3710M->406M(4096M) 0.314ms
[2020-10-31T11:21:29.876+0000][info][gc,ergo      ] Free: 3484M (1742 regions), Max regular: 2048K, Max humongous: 3198976K, External frag: 11%, Internal frag: 0%
[2020-10-31T11:21:29.876+0000][info][gc,ergo      ] Evacuation Reserve: 206M (103 regions), Max regular: 2048K
[2020-10-31T11:21:29.876+0000][info][gc,ergo      ] Pacer for Idle. Initial: 81M, Alloc Tax Rate: 1.0x
[2020-10-31T11:21:30.876+0000][info][safepoint    ] Safepoint "Cleanup", Time since last: 1000077527 ns, Reaching safepoint: 58775 ns, At safepoint: 2130 ns, Total: 60905 ns
[2020-10-31T11:21:31.876+0000][info][safepoint    ] Safepoint "Cleanup", Time since last: 1000110461 ns, Reaching safepoint: 54171 ns, At safepoint: 3230 ns, Total: 57401 ns
[2020-10-31T11:21:32.876+0000][info][safepoint    ] Safepoint "Cleanup", Time since last: 1000107599 ns, Reaching safepoint: 137687 ns, At safepoint: 5066 ns, Total: 142753 ns
[2020-10-31T11:21:33.877+0000][info][safepoint    ] Safepoint "Cleanup", Time since last: 1000118239 ns, Reaching safepoint: 56720 ns, At safepoint: 6958 ns, Total: 63678 ns
[2020-10-31T11:21:34.877+0000][info][safepoint    ] Safepoint "Cleanup", Time since last: 1000100797 ns, Reaching safepoint: 54867 ns, At safepoint: 5692 ns, Total: 60559 ns
[2020-10-31T11:21:35.877+0000][info][safepoint    ] Safepoint "Cleanup", Time since last: 1000104327 ns, Reaching safepoint: 133550 ns, At safepoint: 12767 ns, Total: 146317 ns
[2020-10-31T11:21:36.877+0000][info][safepoint    ] Safepoint "Cleanup", Time since last: 1000104974 ns, Reaching safepoint: 131646 ns, At safepoint: 5633 ns, Total: 137279 ns
[2020-10-31T11:21:37.877+0000][info][safepoint    ] Safepoint "Cleanup", Time since last: 1000125886 ns, Reaching safepoint: 80242 ns, At safepoint: 6449 ns, Total: 86691 ns
[2020-10-31T11:21:38.931+0000][info][safepoint    ] Safepoint "Cleanup", Time since last: 1053182490 ns, Reaching safepoint: 64963 ns, At safepoint: 5317 ns, Total: 70280 ns
[2020-10-31T11:21:39.493+0000][info][gc           ] Trigger: Free (406M) is below minimum threshold (409M)
[2020-10-31T11:21:39.493+0000][info][gc,ergo      ] Free: 406M (203 regions), Max regular: 2048K, Max humongous: 294912K, External frag: 30%, Internal frag: 0%
[2020-10-31T11:21:39.493+0000][info][gc,ergo      ] Evacuation Reserve: 206M (103 regions), Max regular: 2048K
[2020-10-31T11:21:39.493+0000][info][gc,start     ] GC(61) Concurrent reset
[2020-10-31T11:21:39.493+0000][info][gc,task      ] GC(61) Using 1 of 1 workers for concurrent reset
[2020-10-31T11:21:39.503+0000][info][gc           ] GC(61) Concurrent reset 3484M->3484M(4096M) 9.753ms
[2020-10-31T11:21:39.503+0000][info][gc,start     ] GC(61) Pause Init Mark
[2020-10-31T11:21:39.503+0000][info][gc,task      ] GC(61) Using 1 of 1 workers for init marking
[2020-10-31T11:21:39.503+0000][info][gc,ergo      ] GC(61) Pacer for Mark. Expected Live: 116M, Free: 406M, Non-Taxable: 40M, Alloc Tax Rate: 1.1x
[2020-10-31T11:21:39.503+0000][info][gc           ] GC(61) Pause Init Mark 0.530ms
[2020-10-31T11:21:39.503+0000][info][safepoint    ] Safepoint "ShenandoahInitMark", Time since last: 571860277 ns, Reaching safepoint: 73210 ns, At safepoint: 554206 ns, Total: 627416 ns
[2020-10-31T11:21:39.503+0000][info][gc,start     ] GC(61) Concurrent marking
[2020-10-31T11:21:39.503+0000][info][gc,task      ] GC(61) Using 1 of 1 workers for concurrent marking
[2020-10-31T11:21:39.671+0000][info][gc           ] GC(61) Concurrent marking 3484M->3528M(4096M) 167.740ms
[2020-10-31T11:21:39.671+0000][info][gc,start     ] GC(61) Pause Final Mark
[2020-10-31T11:21:39.671+0000][info][gc,task      ] GC(61) Using 1 of 1 workers for final marking
[2020-10-31T11:21:39.672+0000][info][gc,ergo      ] GC(61) Adaptive CSet Selection. Target Free: 409M, Actual Free: 758M, Max CSet: 170M, Min Garbage: 0M
[2020-10-31T11:21:39.672+0000][info][gc,ergo      ] GC(61) Collectable Garbage: 3244M (94% of total), 43M CSet, 1644 CSet regions
[2020-10-31T11:21:39.672+0000][info][gc,ergo      ] GC(61) Immediate Garbage: 190M (5% of total), 95 regions
[2020-10-31T11:21:39.673+0000][info][gc,ergo      ] GC(61) Pacer for Evacuation. Used CSet: 3288M, Free: 552M, Non-Taxable: 55M, Alloc Tax Rate: 14.6x
[2020-10-31T11:21:39.673+0000][info][gc           ] GC(61) Pause Final Mark 1.391ms
[2020-10-31T11:21:39.673+0000][info][safepoint    ] Safepoint "ShenandoahFinalMarkStartEvac", Time since last: 167816414 ns, Reaching safepoint: 136099 ns, At safepoint: 1413220 ns, Total: 1549319 ns
[2020-10-31T11:21:39.673+0000][info][gc,start     ] GC(61) Concurrent cleanup
[2020-10-31T11:21:39.673+0000][info][gc           ] GC(61) Concurrent cleanup 3528M->3342M(4096M) 0.189ms
[2020-10-31T11:21:39.673+0000][info][gc,ergo      ] GC(61) Free: 548M (274 regions), Max regular: 2048K, Max humongous: 489472K, External frag: 13%, Internal frag: 0%
[2020-10-31T11:21:39.673+0000][info][gc,ergo      ] GC(61) Evacuation Reserve: 205M (103 regions), Max regular: 2048K
[2020-10-31T11:21:39.673+0000][info][gc,start     ] GC(61) Concurrent evacuation
[2020-10-31T11:21:39.673+0000][info][gc,task      ] GC(61) Using 1 of 1 workers for concurrent evacuation
[2020-10-31T11:21:39.752+0000][info][gc           ] GC(61) Concurrent evacuation 3342M->3402M(4096M) 79.322ms
[2020-10-31T11:21:39.752+0000][info][gc,start     ] GC(61) Pause Init Update Refs
[2020-10-31T11:21:39.752+0000][info][gc,ergo      ] GC(61) Pacer for Update Refs. Used: 3402M, Free: 532M, Non-Taxable: 53M, Alloc Tax Rate: 7.8x
[2020-10-31T11:21:39.752+0000][info][gc           ] GC(61) Pause Init Update Refs 0.042ms
[2020-10-31T11:21:39.752+0000][info][safepoint    ] Safepoint "ShenandoahInitUpdateRefs", Time since last: 79617949 ns, Reaching safepoint: 131498 ns, At safepoint: 58103 ns, Total: 189601 ns
[2020-10-31T11:21:39.752+0000][info][gc,start     ] GC(61) Concurrent update references
[2020-10-31T11:21:39.752+0000][info][gc,task      ] GC(61) Using 1 of 1 workers for concurrent reference update
[2020-10-31T11:21:39.875+0000][info][gc           ] GC(61) Concurrent update references 3404M->3436M(4096M) 122.355ms
[2020-10-31T11:21:39.875+0000][info][gc,start     ] GC(61) Pause Final Update Refs
[2020-10-31T11:21:39.875+0000][info][gc,task      ] GC(61) Using 1 of 1 workers for final reference update
[2020-10-31T11:21:39.875+0000][info][gc           ] GC(61) Pause Final Update Refs 0.184ms
[2020-10-31T11:21:39.875+0000][info][safepoint    ] Safepoint "ShenandoahFinalUpdateRefs", Time since last: 122450610 ns, Reaching safepoint: 137935 ns, At safepoint: 205328 ns, Total: 343263 ns
[2020-10-31T11:21:39.875+0000][info][gc,start     ] GC(61) Concurrent cleanup
[2020-10-31T11:21:39.875+0000][info][gc           ] GC(61) Concurrent cleanup 3436M->148M(4096M) 0.308ms
[2020-10-31T11:21:39.876+0000][info][gc,ergo      ] Free: 3742M (1871 regions), Max regular: 2048K, Max humongous: 3151872K, External frag: 18%, Internal frag: 0%
[2020-10-31T11:21:39.876+0000][info][gc,ergo      ] Evacuation Reserve: 206M (103 regions), Max regular: 2048K
[2020-10-31T11:21:39.876+0000][info][gc,ergo      ] Pacer for Idle. Initial: 81M, Alloc Tax Rate: 1.0x
[2020-10-31T11:21:40.875+0000][info][safepoint    ] Safepoint "Cleanup", Time since last: 1000078582 ns, Reaching safepoint: 131548 ns, At safepoint: 5340 ns, Total: 136888 ns
[2020-10-31T11:21:41.876+0000][info][safepoint    ] Safepoint "Cleanup", Time since last: 1000104453 ns, Reaching safepoint: 132297 ns, At safepoint: 5998 ns, Total: 138295 ns
[2020-10-31T11:21:42.876+0000][info][safepoint    ] Safepoint "Cleanup", Time since last: 1000109036 ns, Reaching safepoint: 131420 ns, At safepoint: 5592 ns, Total: 137012 ns
[2020-10-31T11:21:43.876+0000][info][safepoint    ] Safepoint "Cleanup", Time since last: 1000110209 ns, Reaching safepoint: 134361 ns, At safepoint: 5107 ns, Total: 139468 ns
[2020-10-31T11:21:44.876+0000][info][safepoint    ] Safepoint "Cleanup", Time since last: 1000106326 ns, Reaching safepoint: 58798 ns, At safepoint: 5789 ns, Total: 64587 ns
[2020-10-31T11:21:45.877+0000][info][safepoint    ] Safepoint "Cleanup", Time since last: 1000107536 ns, Reaching safepoint: 138298 ns, At safepoint: 6761 ns, Total: 145059 ns
[2020-10-31T11:21:46.877+0000][info][safepoint    ] Safepoint "Cleanup", Time since last: 1000097273 ns, Reaching safepoint: 133048 ns, At safepoint: 6579 ns, Total: 139627 ns
[2020-10-31T11:21:47.877+0000][info][safepoint    ] Safepoint "Cleanup", Time since last: 1000075237 ns, Reaching safepoint: 124042 ns, At safepoint: 6828 ns, Total: 130870 ns
[2020-10-31T11:21:48.877+0000][info][safepoint    ] Safepoint "Cleanup", Time since last: 1000098439 ns, Reaching safepoint: 131375 ns, At safepoint: 5073 ns, Total: 136448 ns
[2020-10-31T11:21:49.877+0000][info][safepoint    ] Safepoint "Cleanup", Time since last: 1000106442 ns, Reaching safepoint: 134283 ns, At safepoint: 3380 ns, Total: 137663 ns
[2020-10-31T11:21:50.182+0000][info][gc           ] Trigger: Free (408M) is below minimum threshold (409M)
[2020-10-31T11:21:50.182+0000][info][gc,ergo      ] Free: 408M (204 regions), Max regular: 2048K, Max humongous: 415744K, External frag: 1%, Internal frag: 0%
[2020-10-31T11:21:50.182+0000][info][gc,ergo      ] Evacuation Reserve: 206M (103 regions), Max regular: 2048K
[2020-10-31T11:21:50.182+0000][info][gc,start     ] GC(62) Concurrent reset
[2020-10-31T11:21:50.182+0000][info][gc,task      ] GC(62) Using 1 of 1 workers for concurrent reset
[2020-10-31T11:21:50.191+0000][info][gc           ] GC(62) Concurrent reset 3482M->3482M(4096M) 8.539ms
[2020-10-31T11:21:50.191+0000][info][gc,start     ] GC(62) Pause Init Mark
[2020-10-31T11:21:50.191+0000][info][gc,task      ] GC(62) Using 1 of 1 workers for init marking
[2020-10-31T11:21:50.191+0000][info][gc,ergo      ] GC(62) Pacer for Mark. Expected Live: 116M, Free: 408M, Non-Taxable: 40M, Alloc Tax Rate: 1.0x
[2020-10-31T11:21:50.191+0000][info][gc           ] GC(62) Pause Init Mark 0.499ms
[2020-10-31T11:21:50.191+0000][info][safepoint    ] Safepoint "ShenandoahInitMark", Time since last: 313281330 ns, Reaching safepoint: 136555 ns, At safepoint: 521476 ns, Total: 658031 ns
[2020-10-31T11:21:50.191+0000][info][gc,start     ] GC(62) Concurrent marking
[2020-10-31T11:21:50.191+0000][info][gc,task      ] GC(62) Using 1 of 1 workers for concurrent marking
[2020-10-31T11:21:50.421+0000][info][gc           ] GC(62) Concurrent marking 3484M->3540M(4096M) 229.991ms
[2020-10-31T11:21:50.422+0000][info][gc,start     ] GC(62) Pause Final Mark
[2020-10-31T11:21:50.422+0000][info][gc,task      ] GC(62) Using 1 of 1 workers for final marking
[2020-10-31T11:21:50.422+0000][info][gc,ergo      ] GC(62) Adaptive CSet Selection. Target Free: 409M, Actual Free: 556M, Max CSet: 170M, Min Garbage: 0M
[2020-10-31T11:21:50.422+0000][info][gc,ergo      ] GC(62) Collectable Garbage: 3386M (99% of total), 45M CSet, 1716 CSet regions
[2020-10-31T11:21:50.422+0000][info][gc,ergo      ] GC(62) Immediate Garbage: 0M (0% of total), 0 regions
[2020-10-31T11:21:50.423+0000][info][gc,ergo      ] GC(62) Pacer for Evacuation. Used CSet: 3432M, Free: 350M, Non-Taxable: 35M, Alloc Tax Rate: 24.0x
[2020-10-31T11:21:50.423+0000][info][gc           ] GC(62) Pause Final Mark 1.404ms
[2020-10-31T11:21:50.423+0000][info][safepoint    ] Safepoint "ShenandoahFinalMarkStartEvac", Time since last: 230071281 ns, Reaching safepoint: 140015 ns, At safepoint: 1424555 ns, Total: 1564570 ns
[2020-10-31T11:21:50.423+0000][info][gc,start     ] GC(62) Concurrent cleanup
[2020-10-31T11:21:50.423+0000][info][gc           ] GC(62) Concurrent cleanup 3542M->3544M(4096M) 0.188ms
[2020-10-31T11:21:50.423+0000][info][gc,ergo      ] GC(62) Free: 346M (173 regions), Max regular: 2048K, Max humongous: 352256K, External frag: 1%, Internal frag: 0%
[2020-10-31T11:21:50.423+0000][info][gc,ergo      ] GC(62) Evacuation Reserve: 205M (103 regions), Max regular: 2048K
[2020-10-31T11:21:50.423+0000][info][gc,start     ] GC(62) Concurrent evacuation
[2020-10-31T11:21:50.423+0000][info][gc,task      ] GC(62) Using 1 of 1 workers for concurrent evacuation
[2020-10-31T11:21:50.508+0000][info][gc           ] GC(62) Concurrent evacuation 3544M->3610M(4096M) 84.505ms
[2020-10-31T11:21:50.508+0000][info][gc,start     ] GC(62) Pause Init Update Refs
[2020-10-31T11:21:50.508+0000][info][gc,ergo      ] GC(62) Pacer for Update Refs. Used: 3610M, Free: 326M, Non-Taxable: 32M, Alloc Tax Rate: 13.5x
[2020-10-31T11:21:50.508+0000][info][gc           ] GC(62) Pause Init Update Refs 0.052ms
[2020-10-31T11:21:50.508+0000][info][safepoint    ] Safepoint "ShenandoahInitUpdateRefs", Time since last: 84812358 ns, Reaching safepoint: 139348 ns, At safepoint: 69560 ns, Total: 208908 ns
[2020-10-31T11:21:50.508+0000][info][gc,start     ] GC(62) Concurrent update references
[2020-10-31T11:21:50.508+0000][info][gc,task      ] GC(62) Using 1 of 1 workers for concurrent reference update
[2020-10-31T11:21:50.675+0000][info][gc           ] GC(62) Concurrent update references 3612M->3654M(4096M) 166.526ms
[2020-10-31T11:21:50.675+0000][info][gc,start     ] GC(62) Pause Final Update Refs
[2020-10-31T11:21:50.675+0000][info][gc,task      ] GC(62) Using 1 of 1 workers for final reference update
[2020-10-31T11:21:50.675+0000][info][gc           ] GC(62) Pause Final Update Refs 0.180ms
[2020-10-31T11:21:50.675+0000][info][safepoint    ] Safepoint "ShenandoahFinalUpdateRefs", Time since last: 166607148 ns, Reaching safepoint: 68241 ns, At safepoint: 202494 ns, Total: 270735 ns
[2020-10-31T11:21:50.675+0000][info][gc,start     ] GC(62) Concurrent cleanup
[2020-10-31T11:21:50.675+0000][info][gc           ] GC(62) Concurrent cleanup 3654M->222M(4096M) 0.315ms
[2020-10-31T11:21:50.675+0000][info][gc,ergo      ] Free: 3668M (1834 regions), Max regular: 2048K, Max humongous: 3514368K, External frag: 7%, Internal frag: 0%
[2020-10-31T11:21:50.675+0000][info][gc,ergo      ] Evacuation Reserve: 206M (103 regions), Max regular: 2048K
[2020-10-31T11:21:50.675+0000][info][gc,ergo      ] Pacer for Idle. Initial: 81M, Alloc Tax Rate: 1.0x
[2020-10-31T11:21:51.675+0000][info][safepoint    ] Safepoint "Cleanup", Time since last: 1000080266 ns, Reaching safepoint: 131950 ns, At safepoint: 5860 ns, Total: 137810 ns
[2020-10-31T11:21:52.675+0000][info][safepoint    ] Safepoint "Cleanup", Time since last: 1000105025 ns, Reaching safepoint: 129603 ns, At safepoint: 3170 ns, Total: 132773 ns
[2020-10-31T11:21:53.676+0000][info][safepoint    ] Safepoint "Cleanup", Time since last: 1000106459 ns, Reaching safepoint: 137851 ns, At safepoint: 7141 ns, Total: 144992 ns
[2020-10-31T11:21:54.676+0000][info][safepoint    ] Safepoint "Cleanup", Time since last: 1000110709 ns, Reaching safepoint: 133120 ns, At safepoint: 5098 ns, Total: 138218 ns
[2020-10-31T11:21:55.676+0000][info][safepoint    ] Safepoint "Cleanup", Time since last: 1000107775 ns, Reaching safepoint: 142291 ns, At safepoint: 5622 ns, Total: 147913 ns
[2020-10-31T11:21:56.676+0000][info][safepoint    ] Safepoint "Cleanup", Time since last: 1000108508 ns, Reaching safepoint: 143734 ns, At safepoint: 5156 ns, Total: 148890 ns
[2020-10-31T11:21:57.677+0000][info][safepoint    ] Safepoint "Cleanup", Time since last: 1000120317 ns, Reaching safepoint: 133992 ns, At safepoint: 5815 ns, Total: 139807 ns
[2020-10-31T11:21:59.513+0000][info][safepoint    ] Safepoint "Cleanup", Time since last: 1836040127 ns, Reaching safepoint: 137589 ns, At safepoint: 5646 ns, Total: 143235 ns
[2020-10-31T11:22:00.513+0000][info][safepoint    ] Safepoint "Cleanup", Time since last: 1000109674 ns, Reaching safepoint: 132152 ns, At safepoint: 5860 ns, Total: 138012 ns
[2020-10-31T11:22:00.760+0000][info][gc           ] Trigger: Free (408M) is below minimum threshold (409M)
[2020-10-31T11:22:00.760+0000][info][gc,ergo      ] Free: 408M (204 regions), Max regular: 2048K, Max humongous: 239616K, External frag: 43%, Internal frag: 0%
[2020-10-31T11:22:00.760+0000][info][gc,ergo      ] Evacuation Reserve: 206M (103 regions), Max regular: 2048K
[2020-10-31T11:22:00.760+0000][info][gc,start     ] GC(63) Concurrent reset
[2020-10-31T11:22:00.760+0000][info][gc,task      ] GC(63) Using 1 of 1 workers for concurrent reset
[2020-10-31T11:22:00.769+0000][info][gc           ] GC(63) Concurrent reset 3482M->3482M(4096M) 8.862ms
[2020-10-31T11:22:00.769+0000][info][gc,start     ] GC(63) Pause Init Mark
[2020-10-31T11:22:00.769+0000][info][gc,task      ] GC(63) Using 1 of 1 workers for init marking
[2020-10-31T11:22:00.770+0000][info][gc,ergo      ] GC(63) Pacer for Mark. Expected Live: 116M, Free: 408M, Non-Taxable: 40M, Alloc Tax Rate: 1.0x
[2020-10-31T11:22:00.770+0000][info][gc           ] GC(63) Pause Init Mark 0.480ms
[2020-10-31T11:22:00.770+0000][info][safepoint    ] Safepoint "ShenandoahInitMark", Time since last: 256102065 ns, Reaching safepoint: 139333 ns, At safepoint: 500352 ns, Total: 639685 ns
[2020-10-31T11:22:00.770+0000][info][gc,start     ] GC(63) Concurrent marking
[2020-10-31T11:22:00.770+0000][info][gc,task      ] GC(63) Using 1 of 1 workers for concurrent marking
[2020-10-31T11:22:01.052+0000][info][gc           ] GC(63) Concurrent marking 3482M->3554M(4096M) 282.371ms
[2020-10-31T11:22:01.052+0000][info][gc,start     ] GC(63) Pause Final Mark
[2020-10-31T11:22:01.052+0000][info][gc,task      ] GC(63) Using 1 of 1 workers for final marking
[2020-10-31T11:22:01.053+0000][info][gc,ergo      ] GC(63) Adaptive CSet Selection. Target Free: 409M, Actual Free: 542M, Max CSet: 170M, Min Garbage: 0M
[2020-10-31T11:22:01.053+0000][info][gc,ergo      ] GC(63) Collectable Garbage: 3341M (99% of total), 44M CSet, 1693 CSet regions
[2020-10-31T11:22:01.053+0000][info][gc,ergo      ] GC(63) Immediate Garbage: 0M (0% of total), 0 regions
[2020-10-31T11:22:01.054+0000][info][gc,ergo      ] GC(63) Pacer for Evacuation. Used CSet: 3386M, Free: 336M, Non-Taxable: 33M, Alloc Tax Rate: 24.6x
[2020-10-31T11:22:01.054+0000][info][gc           ] GC(63) Pause Final Mark 1.401ms
[2020-10-31T11:22:01.054+0000][info][safepoint    ] Safepoint "ShenandoahFinalMarkStartEvac", Time since last: 282452787 ns, Reaching safepoint: 136999 ns, At safepoint: 1436498 ns, Total: 1573497 ns
[2020-10-31T11:22:01.054+0000][info][gc,start     ] GC(63) Concurrent cleanup
[2020-10-31T11:22:01.054+0000][info][gc           ] GC(63) Concurrent cleanup 3556M->3558M(4096M) 0.173ms
[2020-10-31T11:22:01.054+0000][info][gc,ergo      ] GC(63) Free: 332M (166 regions), Max regular: 2048K, Max humongous: 239616K, External frag: 30%, Internal frag: 0%
[2020-10-31T11:22:01.054+0000][info][gc,ergo      ] GC(63) Evacuation Reserve: 206M (103 regions), Max regular: 2048K
[2020-10-31T11:22:01.054+0000][info][gc,start     ] GC(63) Concurrent evacuation
[2020-10-31T11:22:01.054+0000][info][gc,task      ] GC(63) Using 1 of 1 workers for concurrent evacuation
[2020-10-31T11:22:01.137+0000][info][gc           ] GC(63) Concurrent evacuation 3558M->3624M(4096M) 82.967ms
[2020-10-31T11:22:01.137+0000][info][gc,start     ] GC(63) Pause Init Update Refs
[2020-10-31T11:22:01.137+0000][info][gc,ergo      ] GC(63) Pacer for Update Refs. Used: 3624M, Free: 312M, Non-Taxable: 31M, Alloc Tax Rate: 14.2x
[2020-10-31T11:22:01.137+0000][info][gc           ] GC(63) Pause Init Update Refs 0.052ms
[2020-10-31T11:22:01.137+0000][info][safepoint    ] Safepoint "ShenandoahInitUpdateRefs", Time since last: 83261579 ns, Reaching safepoint: 135738 ns, At safepoint: 70928 ns, Total: 206666 ns
[2020-10-31T11:22:01.137+0000][info][gc,start     ] GC(63) Concurrent update references
[2020-10-31T11:22:01.137+0000][info][gc,task      ] GC(63) Using 1 of 1 workers for concurrent reference update
[2020-10-31T11:22:01.340+0000][info][gc           ] GC(63) Concurrent update references 3624M->3678M(4096M) 202.699ms
[2020-10-31T11:22:01.340+0000][info][gc,start     ] GC(63) Pause Final Update Refs
[2020-10-31T11:22:01.340+0000][info][gc,task      ] GC(63) Using 1 of 1 workers for final reference update
[2020-10-31T11:22:01.340+0000][info][gc           ] GC(63) Pause Final Update Refs 0.194ms
[2020-10-31T11:22:01.340+0000][info][safepoint    ] Safepoint "ShenandoahFinalUpdateRefs", Time since last: 202781219 ns, Reaching safepoint: 147077 ns, At safepoint: 216582 ns, Total: 363659 ns
[2020-10-31T11:22:01.340+0000][info][gc,start     ] GC(63) Concurrent cleanup
[2020-10-31T11:22:01.341+0000][info][gc           ] GC(63) Concurrent cleanup 3678M->292M(4096M) 0.321ms
[2020-10-31T11:22:01.341+0000][info][gc,ergo      ] Free: 3598M (1799 regions), Max regular: 2048K, Max humongous: 3338240K, External frag: 10%, Internal frag: 0%
[2020-10-31T11:22:01.341+0000][info][gc,ergo      ] Evacuation Reserve: 206M (103 regions), Max regular: 2048K
[2020-10-31T11:22:01.341+0000][info][gc,ergo      ] Pacer for Idle. Initial: 81M, Alloc Tax Rate: 1.0x
[2020-10-31T11:22:02.341+0000][info][safepoint    ] Safepoint "Cleanup", Time since last: 1000049354 ns, Reaching safepoint: 125074 ns, At safepoint: 7011 ns, Total: 132085 ns
[2020-10-31T11:22:03.341+0000][info][safepoint    ] Safepoint "Cleanup", Time since last: 1000100777 ns, Reaching safepoint: 133236 ns, At safepoint: 5107 ns, Total: 138343 ns
[2020-10-31T11:22:04.341+0000][info][safepoint    ] Safepoint "Cleanup", Time since last: 1000105388 ns, Reaching safepoint: 50514 ns, At safepoint: 6023 ns, Total: 56537 ns
[2020-10-31T11:22:05.341+0000][info][safepoint    ] Safepoint "Cleanup", Time since last: 1000109018 ns, Reaching safepoint: 134323 ns, At safepoint: 5166 ns, Total: 139489 ns
[2020-10-31T11:22:06.341+0000][info][safepoint    ] Safepoint "Cleanup", Time since last: 1000108779 ns, Reaching safepoint: 56343 ns, At safepoint: 5713 ns, Total: 62056 ns
[2020-10-31T11:22:07.342+0000][info][safepoint    ] Safepoint "Cleanup", Time since last: 1000111181 ns, Reaching safepoint: 138343 ns, At safepoint: 5187 ns, Total: 143530 ns
[2020-10-31T11:22:08.342+0000][info][safepoint    ] Safepoint "Cleanup", Time since last: 1000110011 ns, Reaching safepoint: 73110 ns, At safepoint: 5166 ns, Total: 78276 ns
[2020-10-31T11:22:09.342+0000][info][safepoint    ] Safepoint "Cleanup", Time since last: 1000102739 ns, Reaching safepoint: 54081 ns, At safepoint: 6285 ns, Total: 60366 ns
[2020-10-31T11:22:10.342+0000][info][safepoint    ] Safepoint "Cleanup", Time since last: 1000132292 ns, Reaching safepoint: 58833 ns, At safepoint: 5597 ns, Total: 64430 ns
[2020-10-31T11:22:11.224+0000][info][gc           ] Trigger: Free (408M) is below minimum threshold (409M)
[2020-10-31T11:22:11.224+0000][info][gc,ergo      ] Free: 408M (204 regions), Max regular: 2048K, Max humongous: 344064K, External frag: 18%, Internal frag: 0%
[2020-10-31T11:22:11.224+0000][info][gc,ergo      ] Evacuation Reserve: 206M (103 regions), Max regular: 2048K
[2020-10-31T11:22:11.224+0000][info][gc,start     ] GC(64) Concurrent reset
[2020-10-31T11:22:11.224+0000][info][gc,task      ] GC(64) Using 1 of 1 workers for concurrent reset
[2020-10-31T11:22:11.233+0000][info][gc           ] GC(64) Concurrent reset 3482M->3482M(4096M) 8.889ms
[2020-10-31T11:22:11.233+0000][info][gc,start     ] GC(64) Pause Init Mark
[2020-10-31T11:22:11.233+0000][info][gc,task      ] GC(64) Using 1 of 1 workers for init marking
[2020-10-31T11:22:11.234+0000][info][gc,ergo      ] GC(64) Pacer for Mark. Expected Live: 116M, Free: 408M, Non-Taxable: 40M, Alloc Tax Rate: 1.0x
[2020-10-31T11:22:11.234+0000][info][gc           ] GC(64) Pause Init Mark 0.484ms
[2020-10-31T11:22:11.234+0000][info][safepoint    ] Safepoint "ShenandoahInitMark", Time since last: 890873330 ns, Reaching safepoint: 133985 ns, At safepoint: 506447 ns, Total: 640432 ns
[2020-10-31T11:22:11.234+0000][info][gc,start     ] GC(64) Concurrent marking
[2020-10-31T11:22:11.234+0000][info][gc,task      ] GC(64) Using 1 of 1 workers for concurrent marking
[2020-10-31T11:22:11.572+0000][info][gc           ] GC(64) Concurrent marking 3484M->3570M(4096M) 338.371ms
[2020-10-31T11:22:11.572+0000][info][gc,start     ] GC(64) Pause Final Mark
[2020-10-31T11:22:11.572+0000][info][gc,task      ] GC(64) Using 1 of 1 workers for final marking
[2020-10-31T11:22:11.573+0000][info][gc,ergo      ] GC(64) Adaptive CSet Selection. Target Free: 409M, Actual Free: 526M, Max CSet: 170M, Min Garbage: 0M
[2020-10-31T11:22:11.573+0000][info][gc,ergo      ] GC(64) Collectable Garbage: 3297M (99% of total), 44M CSet, 1671 CSet regions
[2020-10-31T11:22:11.573+0000][info][gc,ergo      ] GC(64) Immediate Garbage: 0M (0% of total), 0 regions
[2020-10-31T11:22:11.574+0000][info][gc,ergo      ] GC(64) Pacer for Evacuation. Used CSet: 3342M, Free: 320M, Non-Taxable: 32M, Alloc Tax Rate: 25.5x
[2020-10-31T11:22:11.574+0000][info][gc           ] GC(64) Pause Final Mark 1.392ms
[2020-10-31T11:22:11.574+0000][info][safepoint    ] Safepoint "ShenandoahFinalMarkStartEvac", Time since last: 338454073 ns, Reaching safepoint: 142160 ns, At safepoint: 1413288 ns, Total: 1555448 ns
[2020-10-31T11:22:11.574+0000][info][gc,start     ] GC(64) Concurrent cleanup
[2020-10-31T11:22:11.574+0000][info][gc           ] GC(64) Concurrent cleanup 3572M->3574M(4096M) 0.174ms
[2020-10-31T11:22:11.574+0000][info][gc,ergo      ] GC(64) Free: 316M (158 regions), Max regular: 2048K, Max humongous: 321536K, External frag: 1%, Internal frag: 0%
[2020-10-31T11:22:11.574+0000][info][gc,ergo      ] GC(64) Evacuation Reserve: 205M (103 regions), Max regular: 2048K
[2020-10-31T11:22:11.574+0000][info][gc,start     ] GC(64) Concurrent evacuation
[2020-10-31T11:22:11.574+0000][info][gc,task      ] GC(64) Using 1 of 1 workers for concurrent evacuation
[2020-10-31T11:22:11.657+0000][info][gc           ] GC(64) Concurrent evacuation 3574M->3638M(4096M) 82.522ms
[2020-10-31T11:22:11.657+0000][info][gc,start     ] GC(64) Pause Init Update Refs
[2020-10-31T11:22:11.657+0000][info][gc,ergo      ] GC(64) Pacer for Update Refs. Used: 3638M, Free: 298M, Non-Taxable: 29M, Alloc Tax Rate: 14.9x
[2020-10-31T11:22:11.657+0000][info][gc           ] GC(64) Pause Init Update Refs 0.053ms
[2020-10-31T11:22:11.657+0000][info][safepoint    ] Safepoint "ShenandoahInitUpdateRefs", Time since last: 82817377 ns, Reaching safepoint: 136330 ns, At safepoint: 70760 ns, Total: 207090 ns
[2020-10-31T11:22:11.657+0000][info][gc,start     ] GC(64) Concurrent update references
[2020-10-31T11:22:11.657+0000][info][gc,task      ] GC(64) Using 1 of 1 workers for concurrent reference update
[2020-10-31T11:22:11.899+0000][info][gc           ] GC(64) Concurrent update references 3640M->3700M(4096M) 242.457ms
[2020-10-31T11:22:11.900+0000][info][gc,start     ] GC(64) Pause Final Update Refs
[2020-10-31T11:22:11.900+0000][info][gc,task      ] GC(64) Using 1 of 1 workers for final reference update
[2020-10-31T11:22:11.900+0000][info][gc           ] GC(64) Pause Final Update Refs 0.191ms
[2020-10-31T11:22:11.900+0000][info][safepoint    ] Safepoint "ShenandoahFinalUpdateRefs", Time since last: 242557272 ns, Reaching safepoint: 145115 ns, At safepoint: 212800 ns, Total: 357915 ns
[2020-10-31T11:22:11.900+0000][info][gc,start     ] GC(64) Concurrent cleanup
[2020-10-31T11:22:11.900+0000][info][gc           ] GC(64) Concurrent cleanup 3700M->360M(4096M) 0.309ms
[2020-10-31T11:22:11.900+0000][info][gc,ergo      ] Free: 3530M (1765 regions), Max regular: 2048K, Max humongous: 3262464K, External frag: 10%, Internal frag: 0%
[2020-10-31T11:22:11.900+0000][info][gc,ergo      ] Evacuation Reserve: 206M (103 regions), Max regular: 2048K
[2020-10-31T11:22:11.900+0000][info][gc,ergo      ] Pacer for Idle. Initial: 81M, Alloc Tax Rate: 1.0x
[2020-10-31T11:22:13.534+0000][info][safepoint    ] Safepoint "Cleanup", Time since last: 1634577329 ns, Reaching safepoint: 140454 ns, At safepoint: 5269 ns, Total: 145723 ns
[2020-10-31T11:22:14.535+0000][info][safepoint    ] Safepoint "Cleanup", Time since last: 1000116085 ns, Reaching safepoint: 145308 ns, At safepoint: 5086 ns, Total: 150394 ns
[2020-10-31T11:22:15.535+0000][info][safepoint    ] Safepoint "Cleanup", Time since last: 1000110543 ns, Reaching safepoint: 133790 ns, At safepoint: 5665 ns, Total: 139455 ns
[2020-10-31T11:22:16.535+0000][info][safepoint    ] Safepoint "Cleanup", Time since last: 1000112068 ns, Reaching safepoint: 137607 ns, At safepoint: 5200 ns, Total: 142807 ns
[2020-10-31T11:22:17.535+0000][info][safepoint    ] Safepoint "Cleanup", Time since last: 1000110298 ns, Reaching safepoint: 129914 ns, At safepoint: 4892 ns, Total: 134806 ns
[2020-10-31T11:22:18.536+0000][info][safepoint    ] Safepoint "Cleanup", Time since last: 1000105875 ns, Reaching safepoint: 132627 ns, At safepoint: 5623 ns, Total: 138250 ns
[2020-10-31T11:22:19.536+0000][info][safepoint    ] Safepoint "Cleanup", Time since last: 1000111026 ns, Reaching safepoint: 137920 ns, At safepoint: 5206 ns, Total: 143126 ns
[2020-10-31T11:22:20.536+0000][info][safepoint    ] Safepoint "Cleanup", Time since last: 1000113145 ns, Reaching safepoint: 134999 ns, At safepoint: 5658 ns, Total: 140657 ns
[2020-10-31T11:22:21.536+0000][info][safepoint    ] Safepoint "Cleanup", Time since last: 1000109743 ns, Reaching safepoint: 136024 ns, At safepoint: 5480 ns, Total: 141504 ns
[2020-10-31T11:22:21.571+0000][info][gc           ] Trigger: Free (408M) is below minimum threshold (409M)
[2020-10-31T11:22:21.571+0000][info][gc,ergo      ] Free: 408M (204 regions), Max regular: 2048K, Max humongous: 194560K, External frag: 54%, Internal frag: 0%
[2020-10-31T11:22:21.571+0000][info][gc,ergo      ] Evacuation Reserve: 206M (103 regions), Max regular: 2048K
[2020-10-31T11:22:21.571+0000][info][gc,start     ] GC(65) Concurrent reset
[2020-10-31T11:22:21.571+0000][info][gc,task      ] GC(65) Using 1 of 1 workers for concurrent reset
[2020-10-31T11:22:21.581+0000][info][gc           ] GC(65) Concurrent reset 3482M->3482M(4096M) 9.130ms
[2020-10-31T11:22:21.581+0000][info][gc,start     ] GC(65) Pause Init Mark (process weakrefs)
[2020-10-31T11:22:21.581+0000][info][gc,task      ] GC(65) Using 1 of 1 workers for init marking
[2020-10-31T11:22:21.581+0000][info][gc,ergo      ] GC(65) Pacer for Mark. Expected Live: 116M, Free: 408M, Non-Taxable: 40M, Alloc Tax Rate: 1.0x
[2020-10-31T11:22:21.581+0000][info][gc           ] GC(65) Pause Init Mark (process weakrefs) 0.476ms
[2020-10-31T11:22:21.581+0000][info][safepoint    ] Safepoint "ShenandoahInitMark", Time since last: 44097314 ns, Reaching safepoint: 109138 ns, At safepoint: 496766 ns, Total: 605904 ns
[2020-10-31T11:22:21.581+0000][info][gc,start     ] GC(65) Concurrent marking (process weakrefs)
[2020-10-31T11:22:21.581+0000][info][gc,task      ] GC(65) Using 1 of 1 workers for concurrent marking
[2020-10-31T11:22:22.028+0000][info][gc           ] GC(65) Concurrent marking (process weakrefs) 3484M->3606M(4096M) 446.872ms
[2020-10-31T11:22:22.028+0000][info][gc,start     ] GC(65) Concurrent precleaning
[2020-10-31T11:22:22.028+0000][info][gc,task      ] GC(65) Using 1 of 1 workers for concurrent preclean
[2020-10-31T11:22:22.124+0000][info][gc           ] GC(65) Concurrent precleaning 3606M->3634M(4096M) 95.820ms
[2020-10-31T11:22:22.124+0000][info][gc,start     ] GC(65) Pause Final Mark (process weakrefs)
[2020-10-31T11:22:22.124+0000][info][gc,task      ] GC(65) Using 1 of 1 workers for final marking
[2020-10-31T11:22:22.206+0000][info][gc,ergo      ] GC(65) Adaptive CSet Selection. Target Free: 409M, Actual Free: 462M, Max CSet: 170M, Min Garbage: 0M
[2020-10-31T11:22:22.207+0000][info][gc,ergo      ] GC(65) Collectable Garbage: 3276M (97% of total), 23M CSet, 1650 CSet regions
[2020-10-31T11:22:22.207+0000][info][gc,ergo      ] GC(65) Immediate Garbage: 0M (0% of total), 0 regions
[2020-10-31T11:22:22.207+0000][info][gc,ergo      ] GC(65) Pacer for Evacuation. Used CSet: 3300M, Free: 256M, Non-Taxable: 25M, Alloc Tax Rate: 31.5x
[2020-10-31T11:22:22.207+0000][info][gc           ] GC(65) Pause Final Mark (process weakrefs) 83.116ms
[2020-10-31T11:22:22.207+0000][info][safepoint    ] Safepoint "ShenandoahFinalMarkStartEvac", Time since last: 542819001 ns, Reaching safepoint: 55546 ns, At safepoint: 83168334 ns, Total: 83223880 ns
[2020-10-31T11:22:22.207+0000][info][gc,start     ] GC(65) Concurrent cleanup
[2020-10-31T11:22:22.207+0000][info][gc           ] GC(65) Concurrent cleanup 3636M->3638M(4096M) 0.185ms
[2020-10-31T11:22:22.207+0000][info][gc,ergo      ] GC(65) Free: 252M (126 regions), Max regular: 2048K, Max humongous: 194560K, External frag: 25%, Internal frag: 0%
[2020-10-31T11:22:22.207+0000][info][gc,ergo      ] GC(65) Evacuation Reserve: 205M (103 regions), Max regular: 2048K
[2020-10-31T11:22:22.207+0000][info][gc,start     ] GC(65) Concurrent evacuation
[2020-10-31T11:22:22.207+0000][info][gc,task      ] GC(65) Using 1 of 1 workers for concurrent evacuation
[2020-10-31T11:22:22.348+0000][info][gc           ] GC(65) Concurrent evacuation 3638M->3684M(4096M) 140.575ms
[2020-10-31T11:22:22.348+0000][info][gc,start     ] GC(65) Pause Init Update Refs
[2020-10-31T11:22:22.348+0000][info][gc,ergo      ] GC(65) Pacer for Update Refs. Used: 3684M, Free: 232M, Non-Taxable: 23M, Alloc Tax Rate: 19.4x
[2020-10-31T11:22:22.348+0000][info][gc           ] GC(65) Pause Init Update Refs 0.054ms
[2020-10-31T11:22:22.348+0000][info][safepoint    ] Safepoint "ShenandoahInitUpdateRefs", Time since last: 140885714 ns, Reaching safepoint: 132415 ns, At safepoint: 74728 ns, Total: 207143 ns
[2020-10-31T11:22:22.348+0000][info][gc,start     ] GC(65) Concurrent update references
[2020-10-31T11:22:22.348+0000][info][gc,task      ] GC(65) Using 1 of 1 workers for concurrent reference update
[2020-10-31T11:22:22.695+0000][info][gc           ] GC(65) Concurrent update references 3684M->3754M(4096M) 346.390ms
[2020-10-31T11:22:22.695+0000][info][gc,start     ] GC(65) Pause Final Update Refs
[2020-10-31T11:22:22.695+0000][info][gc,task      ] GC(65) Using 1 of 1 workers for final reference update
[2020-10-31T11:22:22.695+0000][info][gc           ] GC(65) Pause Final Update Refs 0.180ms
[2020-10-31T11:22:22.695+0000][info][safepoint    ] Safepoint "ShenandoahFinalUpdateRefs", Time since last: 346474929 ns, Reaching safepoint: 139230 ns, At safepoint: 201801 ns, Total: 341031 ns
[2020-10-31T11:22:22.695+0000][info][gc,start     ] GC(65) Concurrent cleanup
[2020-10-31T11:22:22.695+0000][info][gc           ] GC(65) Concurrent cleanup 3754M->454M(4096M) 0.319ms
[2020-10-31T11:22:22.696+0000][info][gc,ergo      ] Free: 3436M (1718 regions), Max regular: 2048K, Max humongous: 3198976K, External frag: 10%, Internal frag: 0%
[2020-10-31T11:22:22.696+0000][info][gc,ergo      ] Evacuation Reserve: 206M (103 regions), Max regular: 2048K
[2020-10-31T11:22:22.696+0000][info][gc,ergo      ] Pacer for Idle. Initial: 81M, Alloc Tax Rate: 1.0x
[2020-10-31T11:22:23.695+0000][info][safepoint    ] Safepoint "Cleanup", Time since last: 1000079097 ns, Reaching safepoint: 132260 ns, At safepoint: 3357 ns, Total: 135617 ns
[2020-10-31T11:22:24.696+0000][info][safepoint    ] Safepoint "Cleanup", Time since last: 1000890580 ns, Reaching safepoint: 138974 ns, At safepoint: 7166 ns, Total: 146140 ns
[2020-10-31T11:22:25.697+0000][info][safepoint    ] Safepoint "Cleanup", Time since last: 1000110001 ns, Reaching safepoint: 67967 ns, At safepoint: 6835 ns, Total: 74802 ns
[2020-10-31T11:22:26.697+0000][info][safepoint    ] Safepoint "Cleanup", Time since last: 1000103916 ns, Reaching safepoint: 131417 ns, At safepoint: 5568 ns, Total: 136985 ns
[2020-10-31T11:22:27.697+0000][info][safepoint    ] Safepoint "Cleanup", Time since last: 1000108069 ns, Reaching safepoint: 60071 ns, At safepoint: 6269 ns, Total: 66340 ns
[2020-10-31T11:22:28.697+0000][info][safepoint    ] Safepoint "Cleanup", Time since last: 1000105574 ns, Reaching safepoint: 63401 ns, At safepoint: 6220 ns, Total: 69621 ns
[2020-10-31T11:22:29.697+0000][info][safepoint    ] Safepoint "Cleanup", Time since last: 1000113539 ns, Reaching safepoint: 145906 ns, At safepoint: 5391 ns, Total: 151297 ns
[2020-10-31T11:22:30.698+0000][info][safepoint    ] Safepoint "Cleanup", Time since last: 1000110678 ns, Reaching safepoint: 136552 ns, At safepoint: 5365 ns, Total: 141917 ns
[2020-10-31T11:22:31.698+0000][info][safepoint    ] Safepoint "Cleanup", Time since last: 1000111655 ns, Reaching safepoint: 75182 ns, At safepoint: 6804 ns, Total: 81986 ns
[2020-10-31T11:22:32.129+0000][info][gc           ] Trigger: Free (408M) is below minimum threshold (409M)
[2020-10-31T11:22:32.129+0000][info][gc,ergo      ] Free: 408M (204 regions), Max regular: 2048K, Max humongous: 141312K, External frag: 67%, Internal frag: 0%
[2020-10-31T11:22:32.129+0000][info][gc,ergo      ] Evacuation Reserve: 206M (103 regions), Max regular: 2048K
[2020-10-31T11:22:32.129+0000][info][gc,start     ] GC(66) Concurrent reset
[2020-10-31T11:22:32.129+0000][info][gc,task      ] GC(66) Using 1 of 1 workers for concurrent reset
[2020-10-31T11:22:32.138+0000][info][gc           ] GC(66) Concurrent reset 3482M->3482M(4096M) 8.936ms
[2020-10-31T11:22:32.138+0000][info][gc,start     ] GC(66) Pause Init Mark
[2020-10-31T11:22:32.138+0000][info][gc,task      ] GC(66) Using 1 of 1 workers for init marking
[2020-10-31T11:22:32.139+0000][info][gc,ergo      ] GC(66) Pacer for Mark. Expected Live: 116M, Free: 408M, Non-Taxable: 40M, Alloc Tax Rate: 1.0x
[2020-10-31T11:22:32.139+0000][info][gc           ] GC(66) Pause Init Mark 0.461ms
[2020-10-31T11:22:32.139+0000][info][safepoint    ] Safepoint "ShenandoahInitMark", Time since last: 440180568 ns, Reaching safepoint: 64475 ns, At safepoint: 481018 ns, Total: 545493 ns
[2020-10-31T11:22:32.139+0000][info][gc,start     ] GC(66) Concurrent marking
[2020-10-31T11:22:32.139+0000][info][gc,task      ] GC(66) Using 1 of 1 workers for concurrent marking
[2020-10-31T11:22:32.313+0000][info][gc           ] GC(66) Concurrent marking 3484M->3526M(4096M) 173.906ms
[2020-10-31T11:22:32.313+0000][info][gc,start     ] GC(66) Pause Final Mark
[2020-10-31T11:22:32.313+0000][info][gc,task      ] GC(66) Using 1 of 1 workers for final marking
[2020-10-31T11:22:32.313+0000][info][gc,ergo      ] GC(66) Adaptive CSet Selection. Target Free: 409M, Actual Free: 758M, Max CSet: 170M, Min Garbage: 0M
[2020-10-31T11:22:32.314+0000][info][gc,ergo      ] GC(66) Collectable Garbage: 3244M (94% of total), 43M CSet, 1644 CSet regions
[2020-10-31T11:22:32.314+0000][info][gc,ergo      ] GC(66) Immediate Garbage: 188M (5% of total), 94 regions
[2020-10-31T11:22:32.314+0000][info][gc,ergo      ] GC(66) Pacer for Evacuation. Used CSet: 3288M, Free: 552M, Non-Taxable: 55M, Alloc Tax Rate: 14.6x
[2020-10-31T11:22:32.314+0000][info][gc           ] GC(66) Pause Final Mark 1.386ms
[2020-10-31T11:22:32.314+0000][info][safepoint    ] Safepoint "ShenandoahFinalMarkStartEvac", Time since last: 173986338 ns, Reaching safepoint: 140337 ns, At safepoint: 1408086 ns, Total: 1548423 ns
[2020-10-31T11:22:32.314+0000][info][gc,start     ] GC(66) Concurrent cleanup
[2020-10-31T11:22:32.314+0000][info][gc           ] GC(66) Concurrent cleanup 3524M->3342M(4096M) 0.178ms
[2020-10-31T11:22:32.314+0000][info][gc,ergo      ] GC(66) Free: 548M (274 regions), Max regular: 2048K, Max humongous: 333824K, External frag: 41%, Internal frag: 0%
[2020-10-31T11:22:32.314+0000][info][gc,ergo      ] GC(66) Evacuation Reserve: 205M (103 regions), Max regular: 2048K
[2020-10-31T11:22:32.314+0000][info][gc,start     ] GC(66) Concurrent evacuation
[2020-10-31T11:22:32.314+0000][info][gc,task      ] GC(66) Using 1 of 1 workers for concurrent evacuation
[2020-10-31T11:22:32.395+0000][info][gc           ] GC(66) Concurrent evacuation 3342M->3404M(4096M) 80.940ms
[2020-10-31T11:22:32.395+0000][info][gc,start     ] GC(66) Pause Init Update Refs
[2020-10-31T11:22:32.395+0000][info][gc,ergo      ] GC(66) Pacer for Update Refs. Used: 3404M, Free: 530M, Non-Taxable: 53M, Alloc Tax Rate: 7.8x
[2020-10-31T11:22:32.396+0000][info][gc           ] GC(66) Pause Init Update Refs 0.054ms
[2020-10-31T11:22:32.396+0000][info][safepoint    ] Safepoint "ShenandoahInitUpdateRefs", Time since last: 81241875 ns, Reaching safepoint: 65747 ns, At safepoint: 74638 ns, Total: 140385 ns
[2020-10-31T11:22:32.396+0000][info][gc,start     ] GC(66) Concurrent update references
[2020-10-31T11:22:32.396+0000][info][gc,task      ] GC(66) Using 1 of 1 workers for concurrent reference update
[2020-10-31T11:22:32.520+0000][info][gc           ] GC(66) Concurrent update references 3406M->3438M(4096M) 123.918ms
[2020-10-31T11:22:32.520+0000][info][gc,start     ] GC(66) Pause Final Update Refs
[2020-10-31T11:22:32.520+0000][info][gc,task      ] GC(66) Using 1 of 1 workers for final reference update
[2020-10-31T11:22:32.520+0000][info][gc           ] GC(66) Pause Final Update Refs 0.184ms
[2020-10-31T11:22:32.520+0000][info][safepoint    ] Safepoint "ShenandoahFinalUpdateRefs", Time since last: 124082884 ns, Reaching safepoint: 133427 ns, At safepoint: 206562 ns, Total: 339989 ns
[2020-10-31T11:22:32.520+0000][info][gc,start     ] GC(66) Concurrent cleanup
[2020-10-31T11:22:32.520+0000][info][gc           ] GC(66) Concurrent cleanup 3438M->150M(4096M) 0.303ms
[2020-10-31T11:22:32.520+0000][info][gc,ergo      ] Free: 3740M (1870 regions), Max regular: 2048K, Max humongous: 3100672K, External frag: 20%, Internal frag: 0%
[2020-10-31T11:22:32.520+0000][info][gc,ergo      ] Evacuation Reserve: 206M (103 regions), Max regular: 2048K
[2020-10-31T11:22:32.520+0000][info][gc,ergo      ] Pacer for Idle. Initial: 81M, Alloc Tax Rate: 1.0x
[2020-10-31T11:22:33.520+0000][info][safepoint    ] Safepoint "Cleanup", Time since last: 1000083205 ns, Reaching safepoint: 144214 ns, At safepoint: 5103 ns, Total: 149317 ns
[2020-10-31T11:22:34.520+0000][info][safepoint    ] Safepoint "Cleanup", Time since last: 1000107681 ns, Reaching safepoint: 138538 ns, At safepoint: 5458 ns, Total: 143996 ns
[2020-10-31T11:22:35.521+0000][info][safepoint    ] Safepoint "Cleanup", Time since last: 1000101137 ns, Reaching safepoint: 63824 ns, At safepoint: 6300 ns, Total: 70124 ns
[2020-10-31T11:22:36.521+0000][info][safepoint    ] Safepoint "Cleanup", Time since last: 1000105447 ns, Reaching safepoint: 139224 ns, At safepoint: 5155 ns, Total: 144379 ns
[2020-10-31T11:22:37.521+0000][info][safepoint    ] Safepoint "Cleanup", Time since last: 1000107858 ns, Reaching safepoint: 57479 ns, At safepoint: 7290 ns, Total: 64769 ns
[2020-10-31T11:22:38.521+0000][info][safepoint    ] Safepoint "Cleanup", Time since last: 1000118776 ns, Reaching safepoint: 137319 ns, At safepoint: 5169 ns, Total: 142488 ns
[2020-10-31T11:22:39.521+0000][info][safepoint    ] Safepoint "Cleanup", Time since last: 1000106116 ns, Reaching safepoint: 83939 ns, At safepoint: 6903 ns, Total: 90842 ns
[2020-10-31T11:22:40.522+0000][info][safepoint    ] Safepoint "Cleanup", Time since last: 1000112204 ns, Reaching safepoint: 134838 ns, At safepoint: 5946 ns, Total: 140784 ns
[2020-10-31T11:22:41.522+0000][info][safepoint    ] Safepoint "Cleanup", Time since last: 1000110628 ns, Reaching safepoint: 128135 ns, At safepoint: 5205 ns, Total: 133340 ns
[2020-10-31T11:22:42.522+0000][info][safepoint    ] Safepoint "Cleanup", Time since last: 1000112723 ns, Reaching safepoint: 132621 ns, At safepoint: 6567 ns, Total: 139188 ns
[2020-10-31T11:22:42.850+0000][info][gc           ] Trigger: Average GC time (653.00 ms) is above the time for allocation rate (319.76 MB/s) to deplete free headroom (207M)
[2020-10-31T11:22:42.850+0000][info][gc,ergo      ] Free headroom: 412M (free) - 204M (spike) - 0M (penalties) = 207M
[2020-10-31T11:22:42.850+0000][info][gc,ergo      ] Free: 412M (206 regions), Max regular: 2048K, Max humongous: 419840K, External frag: 1%, Internal frag: 0%
[2020-10-31T11:22:42.850+0000][info][gc,ergo      ] Evacuation Reserve: 206M (103 regions), Max regular: 2048K
[2020-10-31T11:22:42.850+0000][info][gc,start     ] GC(67) Concurrent reset
[2020-10-31T11:22:42.850+0000][info][gc,task      ] GC(67) Using 1 of 1 workers for concurrent reset
[2020-10-31T11:22:42.858+0000][info][gc           ] GC(67) Concurrent reset 3478M->3480M(4096M) 8.575ms
[2020-10-31T11:22:42.859+0000][info][gc,start     ] GC(67) Pause Init Mark
[2020-10-31T11:22:42.859+0000][info][gc,task      ] GC(67) Using 1 of 1 workers for init marking
[2020-10-31T11:22:42.859+0000][info][gc,ergo      ] GC(67) Pacer for Mark. Expected Live: 116M, Free: 410M, Non-Taxable: 41M, Alloc Tax Rate: 1.0x
[2020-10-31T11:22:42.859+0000][info][gc           ] GC(67) Pause Init Mark 0.501ms
[2020-10-31T11:22:42.859+0000][info][safepoint    ] Safepoint "ShenandoahInitMark", Time since last: 336214554 ns, Reaching safepoint: 138110 ns, At safepoint: 521844 ns, Total: 659954 ns
[2020-10-31T11:22:42.859+0000][info][gc,start     ] GC(67) Concurrent marking
[2020-10-31T11:22:42.859+0000][info][gc,task      ] GC(67) Using 1 of 1 workers for concurrent marking
[2020-10-31T11:22:43.092+0000][info][gc           ] GC(67) Concurrent marking 3482M->3538M(4096M) 232.387ms
[2020-10-31T11:22:43.092+0000][info][gc,start     ] GC(67) Pause Final Mark
[2020-10-31T11:22:43.092+0000][info][gc,task      ] GC(67) Using 1 of 1 workers for final marking
[2020-10-31T11:22:43.092+0000][info][gc,ergo      ] GC(67) Adaptive CSet Selection. Target Free: 409M, Actual Free: 560M, Max CSet: 170M, Min Garbage: 0M
[2020-10-31T11:22:43.092+0000][info][gc,ergo      ] GC(67) Collectable Garbage: 3382M (99% of total), 45M CSet, 1714 CSet regions
[2020-10-31T11:22:43.092+0000][info][gc,ergo      ] GC(67) Immediate Garbage: 2M (0% of total), 1 regions
[2020-10-31T11:22:43.093+0000][info][gc,ergo      ] GC(67) Pacer for Evacuation. Used CSet: 3428M, Free: 354M, Non-Taxable: 35M, Alloc Tax Rate: 23.7x
[2020-10-31T11:22:43.093+0000][info][gc           ] GC(67) Pause Final Mark 1.420ms
[2020-10-31T11:22:43.093+0000][info][safepoint    ] Safepoint "ShenandoahFinalMarkStartEvac", Time since last: 232469248 ns, Reaching safepoint: 59088 ns, At safepoint: 1445233 ns, Total: 1504321 ns
[2020-10-31T11:22:43.093+0000][info][gc,start     ] GC(67) Concurrent cleanup
[2020-10-31T11:22:43.093+0000][info][gc           ] GC(67) Concurrent cleanup 3538M->3538M(4096M) 0.176ms
[2020-10-31T11:22:43.093+0000][info][gc,ergo      ] GC(67) Free: 352M (176 regions), Max regular: 2048K, Max humongous: 358400K, External frag: 1%, Internal frag: 0%
[2020-10-31T11:22:43.093+0000][info][gc,ergo      ] GC(67) Evacuation Reserve: 205M (103 regions), Max regular: 2048K
[2020-10-31T11:22:43.093+0000][info][gc,start     ] GC(67) Concurrent evacuation
[2020-10-31T11:22:43.093+0000][info][gc,task      ] GC(67) Using 1 of 1 workers for concurrent evacuation
[2020-10-31T11:22:43.181+0000][info][gc           ] GC(67) Concurrent evacuation 3538M->3606M(4096M) 87.328ms
[2020-10-31T11:22:43.181+0000][info][gc,start     ] GC(67) Pause Init Update Refs
[2020-10-31T11:22:43.181+0000][info][gc,ergo      ] GC(67) Pacer for Update Refs. Used: 3606M, Free: 330M, Non-Taxable: 33M, Alloc Tax Rate: 13.4x
[2020-10-31T11:22:43.181+0000][info][gc           ] GC(67) Pause Init Update Refs 0.056ms
[2020-10-31T11:22:43.181+0000][info][safepoint    ] Safepoint "ShenandoahInitUpdateRefs", Time since last: 87631263 ns, Reaching safepoint: 137759 ns, At safepoint: 76839 ns, Total: 214598 ns
[2020-10-31T11:22:43.181+0000][info][gc,start     ] GC(67) Concurrent update references
[2020-10-31T11:22:43.181+0000][info][gc,task      ] GC(67) Using 1 of 1 workers for concurrent reference update
[2020-10-31T11:22:43.349+0000][info][gc           ] GC(67) Concurrent update references 3608M->3650M(4096M) 167.976ms
[2020-10-31T11:22:43.349+0000][info][gc,start     ] GC(67) Pause Final Update Refs
[2020-10-31T11:22:43.349+0000][info][gc,task      ] GC(67) Using 1 of 1 workers for final reference update
[2020-10-31T11:22:43.349+0000][info][gc           ] GC(67) Pause Final Update Refs 0.190ms
[2020-10-31T11:22:43.349+0000][info][safepoint    ] Safepoint "ShenandoahFinalUpdateRefs", Time since last: 168058420 ns, Reaching safepoint: 144453 ns, At safepoint: 210371 ns, Total: 354824 ns
[2020-10-31T11:22:43.349+0000][info][gc,start     ] GC(67) Concurrent cleanup
[2020-10-31T11:22:43.350+0000][info][gc           ] GC(67) Concurrent cleanup 3650M->222M(4096M) 0.347ms
[2020-10-31T11:22:43.350+0000][info][gc,ergo      ] Free: 3668M (1834 regions), Max regular: 2048K, Max humongous: 3166208K, External frag: 16%, Internal frag: 0%
[2020-10-31T11:22:43.350+0000][info][gc,ergo      ] Evacuation Reserve: 206M (103 regions), Max regular: 2048K
[2020-10-31T11:22:43.350+0000][info][gc,ergo      ] Pacer for Idle. Initial: 81M, Alloc Tax Rate: 1.0x
[2020-10-31T11:22:44.349+0000][info][safepoint    ] Safepoint "Cleanup", Time since last: 1000081330 ns, Reaching safepoint: 58446 ns, At safepoint: 6854 ns, Total: 65300 ns
[2020-10-31T11:22:45.350+0000][info][safepoint    ] Safepoint "Cleanup", Time since last: 1000112990 ns, Reaching safepoint: 137487 ns, At safepoint: 4943 ns, Total: 142430 ns
[2020-10-31T11:22:46.350+0000][info][safepoint    ] Safepoint "Cleanup", Time since last: 1000109015 ns, Reaching safepoint: 54122 ns, At safepoint: 5815 ns, Total: 59937 ns
[2020-10-31T11:22:47.350+0000][info][safepoint    ] Safepoint "Cleanup", Time since last: 1000108824 ns, Reaching safepoint: 145348 ns, At safepoint: 5319 ns, Total: 150667 ns
[2020-10-31T11:22:48.350+0000][info][safepoint    ] Safepoint "Cleanup", Time since last: 1000114323 ns, Reaching safepoint: 63110 ns, At safepoint: 6294 ns, Total: 69404 ns
[2020-10-31T11:22:49.351+0000][info][safepoint    ] Safepoint "Cleanup", Time since last: 1000100984 ns, Reaching safepoint: 135374 ns, At safepoint: 3038 ns, Total: 138412 ns
[2020-10-31T11:22:50.351+0000][info][safepoint    ] Safepoint "Cleanup", Time since last: 1000107164 ns, Reaching safepoint: 138099 ns, At safepoint: 6942 ns, Total: 145041 ns
[2020-10-31T11:22:51.351+0000][info][safepoint    ] Safepoint "Cleanup", Time since last: 1000107246 ns, Reaching safepoint: 58070 ns, At safepoint: 6827 ns, Total: 64897 ns
[2020-10-31T11:22:52.351+0000][info][safepoint    ] Safepoint "Cleanup", Time since last: 1000103266 ns, Reaching safepoint: 134754 ns, At safepoint: 5039 ns, Total: 139793 ns
[2020-10-31T11:22:53.352+0000][info][safepoint    ] Safepoint "Cleanup", Time since last: 1000109905 ns, Reaching safepoint: 132649 ns, At safepoint: 4982 ns, Total: 137631 ns
[2020-10-31T11:22:53.440+0000][info][gc           ] Trigger: Average GC time (654.35 ms) is above the time for allocation rate (319.54 MB/s) to deplete free headroom (207M)
[2020-10-31T11:22:53.440+0000][info][gc,ergo      ] Free headroom: 412M (free) - 204M (spike) - 0M (penalties) = 207M
[2020-10-31T11:22:53.440+0000][info][gc,ergo      ] Free: 412M (206 regions), Max regular: 2048K, Max humongous: 243712K, External frag: 43%, Internal frag: 0%
[2020-10-31T11:22:53.440+0000][info][gc,ergo      ] Evacuation Reserve: 206M (103 regions), Max regular: 2048K
[2020-10-31T11:22:53.440+0000][info][gc,start     ] GC(68) Concurrent reset
[2020-10-31T11:22:53.440+0000][info][gc,task      ] GC(68) Using 1 of 1 workers for concurrent reset
[2020-10-31T11:22:53.449+0000][info][gc           ] GC(68) Concurrent reset 3478M->3478M(4096M) 9.129ms
[2020-10-31T11:22:53.449+0000][info][gc,start     ] GC(68) Pause Init Mark
[2020-10-31T11:22:53.449+0000][info][gc,task      ] GC(68) Using 1 of 1 workers for init marking
[2020-10-31T11:22:53.450+0000][info][gc,ergo      ] GC(68) Pacer for Mark. Expected Live: 116M, Free: 412M, Non-Taxable: 41M, Alloc Tax Rate: 1.0x
[2020-10-31T11:22:53.450+0000][info][gc           ] GC(68) Pause Init Mark 0.483ms
[2020-10-31T11:22:53.450+0000][info][safepoint    ] Safepoint "ShenandoahInitMark", Time since last: 97663467 ns, Reaching safepoint: 133624 ns, At safepoint: 502717 ns, Total: 636341 ns
[2020-10-31T11:22:53.450+0000][info][gc,start     ] GC(68) Concurrent marking
[2020-10-31T11:22:53.450+0000][info][gc,task      ] GC(68) Using 1 of 1 workers for concurrent marking
[2020-10-31T11:22:53.733+0000][info][gc           ] GC(68) Concurrent marking 3480M->3550M(4096M) 283.052ms
[2020-10-31T11:22:53.733+0000][info][gc,start     ] GC(68) Pause Final Mark
[2020-10-31T11:22:53.734+0000][info][gc,task      ] GC(68) Using 1 of 1 workers for final marking
[2020-10-31T11:22:53.734+0000][info][gc,ergo      ] GC(68) Adaptive CSet Selection. Target Free: 409M, Actual Free: 546M, Max CSet: 170M, Min Garbage: 0M
[2020-10-31T11:22:53.734+0000][info][gc,ergo      ] GC(68) Collectable Garbage: 3337M (99% of total), 44M CSet, 1691 CSet regions
[2020-10-31T11:22:53.734+0000][info][gc,ergo      ] GC(68) Immediate Garbage: 0M (0% of total), 0 regions
[2020-10-31T11:22:53.735+0000][info][gc,ergo      ] GC(68) Pacer for Evacuation. Used CSet: 3382M, Free: 340M, Non-Taxable: 34M, Alloc Tax Rate: 24.3x
[2020-10-31T11:22:53.735+0000][info][gc           ] GC(68) Pause Final Mark 1.790ms
[2020-10-31T11:22:53.735+0000][info][safepoint    ] Safepoint "ShenandoahFinalMarkStartEvac", Time since last: 283131595 ns, Reaching safepoint: 137115 ns, At safepoint: 1812785 ns, Total: 1949900 ns
[2020-10-31T11:22:53.735+0000][info][gc,start     ] GC(68) Concurrent cleanup
[2020-10-31T11:22:53.735+0000][info][gc           ] GC(68) Concurrent cleanup 3550M->3552M(4096M) 0.171ms
[2020-10-31T11:22:53.735+0000][info][gc,ergo      ] GC(68) Free: 338M (169 regions), Max regular: 2048K, Max humongous: 243712K, External frag: 30%, Internal frag: 0%
[2020-10-31T11:22:53.735+0000][info][gc,ergo      ] GC(68) Evacuation Reserve: 206M (103 regions), Max regular: 2048K
[2020-10-31T11:22:53.735+0000][info][gc,start     ] GC(68) Concurrent evacuation
[2020-10-31T11:22:53.735+0000][info][gc,task      ] GC(68) Using 1 of 1 workers for concurrent evacuation
[2020-10-31T11:22:53.819+0000][info][gc           ] GC(68) Concurrent evacuation 3552M->3620M(4096M) 83.625ms
[2020-10-31T11:22:53.819+0000][info][gc,start     ] GC(68) Pause Init Update Refs
[2020-10-31T11:22:53.819+0000][info][gc,ergo      ] GC(68) Pacer for Update Refs. Used: 3620M, Free: 316M, Non-Taxable: 31M, Alloc Tax Rate: 14.0x
[2020-10-31T11:22:53.819+0000][info][gc           ] GC(68) Pause Init Update Refs 0.056ms
[2020-10-31T11:22:53.819+0000][info][safepoint    ] Safepoint "ShenandoahInitUpdateRefs", Time since last: 83909963 ns, Reaching safepoint: 147683 ns, At safepoint: 74123 ns, Total: 221806 ns
[2020-10-31T11:22:53.819+0000][info][gc,start     ] GC(68) Concurrent update references
[2020-10-31T11:22:53.819+0000][info][gc,task      ] GC(68) Using 1 of 1 workers for concurrent reference update
[2020-10-31T11:22:54.022+0000][info][gc           ] GC(68) Concurrent update references 3622M->3674M(4096M) 203.345ms
[2020-10-31T11:22:54.023+0000][info][gc,start     ] GC(68) Pause Final Update Refs
[2020-10-31T11:22:54.023+0000][info][gc,task      ] GC(68) Using 1 of 1 workers for final reference update
[2020-10-31T11:22:54.023+0000][info][gc           ] GC(68) Pause Final Update Refs 0.206ms
[2020-10-31T11:22:54.023+0000][info][safepoint    ] Safepoint "ShenandoahFinalUpdateRefs", Time since last: 203427502 ns, Reaching safepoint: 149963 ns, At safepoint: 228032 ns, Total: 377995 ns
[2020-10-31T11:22:54.023+0000][info][gc,start     ] GC(68) Concurrent cleanup
[2020-10-31T11:22:54.023+0000][info][gc           ] GC(68) Concurrent cleanup 3674M->292M(4096M) 0.311ms
[2020-10-31T11:22:54.023+0000][info][gc,ergo      ] Free: 3598M (1799 regions), Max regular: 2048K, Max humongous: 3336192K, External frag: 10%, Internal frag: 0%
[2020-10-31T11:22:54.023+0000][info][gc,ergo      ] Evacuation Reserve: 206M (103 regions), Max regular: 2048K
[2020-10-31T11:22:54.023+0000][info][gc,ergo      ] Pacer for Idle. Initial: 81M, Alloc Tax Rate: 1.0x
[2020-10-31T11:22:55.023+0000][info][safepoint    ] Safepoint "Cleanup", Time since last: 1000085009 ns, Reaching safepoint: 140044 ns, At safepoint: 5181 ns, Total: 145225 ns
[2020-10-31T11:22:56.023+0000][info][safepoint    ] Safepoint "Cleanup", Time since last: 1000112319 ns, Reaching safepoint: 136179 ns, At safepoint: 5092 ns, Total: 141271 ns
[2020-10-31T11:22:57.024+0000][info][safepoint    ] Safepoint "Cleanup", Time since last: 1000108456 ns, Reaching safepoint: 135218 ns, At safepoint: 5371 ns, Total: 140589 ns
[2020-10-31T11:22:58.024+0000][info][safepoint    ] Safepoint "Cleanup", Time since last: 1000110815 ns, Reaching safepoint: 55970 ns, At safepoint: 5304 ns, Total: 61274 ns
[2020-10-31T11:22:59.024+0000][info][safepoint    ] Safepoint "Cleanup", Time since last: 1000108200 ns, Reaching safepoint: 127078 ns, At safepoint: 6623 ns, Total: 133701 ns
[2020-10-31T11:23:00.024+0000][info][safepoint    ] Safepoint "Cleanup", Time since last: 1000113238 ns, Reaching safepoint: 56730 ns, At safepoint: 5629 ns, Total: 62359 ns
[2020-10-31T11:23:01.024+0000][info][safepoint    ] Safepoint "Cleanup", Time since last: 1000115894 ns, Reaching safepoint: 132426 ns, At safepoint: 5634 ns, Total: 138060 ns
[2020-10-31T11:23:02.025+0000][info][safepoint    ] Safepoint "Cleanup", Time since last: 1000126227 ns, Reaching safepoint: 58648 ns, At safepoint: 5270 ns, Total: 63918 ns
[2020-10-31T11:23:03.025+0000][info][safepoint    ] Safepoint "Cleanup", Time since last: 1000111691 ns, Reaching safepoint: 124246 ns, At safepoint: 6144 ns, Total: 130390 ns
[2020-10-31T11:23:03.897+0000][info][gc           ] Trigger: Average GC time (654.88 ms) is above the time for allocation rate (319.01 MB/s) to deplete free headroom (207M)
[2020-10-31T11:23:03.897+0000][info][gc,ergo      ] Free headroom: 412M (free) - 204M (spike) - 0M (penalties) = 207M
[2020-10-31T11:23:03.897+0000][info][gc,ergo      ] Free: 412M (206 regions), Max regular: 2048K, Max humongous: 346112K, External frag: 18%, Internal frag: 0%
[2020-10-31T11:23:03.897+0000][info][gc,ergo      ] Evacuation Reserve: 206M (103 regions), Max regular: 2048K
[2020-10-31T11:23:03.898+0000][info][gc,start     ] GC(69) Concurrent reset
[2020-10-31T11:23:03.898+0000][info][gc,task      ] GC(69) Using 1 of 1 workers for concurrent reset
[2020-10-31T11:23:03.906+0000][info][gc           ] GC(69) Concurrent reset 3478M->3478M(4096M) 8.955ms
[2020-10-31T11:23:03.907+0000][info][gc,start     ] GC(69) Pause Init Mark
[2020-10-31T11:23:03.907+0000][info][gc,task      ] GC(69) Using 1 of 1 workers for init marking
[2020-10-31T11:23:03.907+0000][info][gc,ergo      ] GC(69) Pacer for Mark. Expected Live: 116M, Free: 412M, Non-Taxable: 41M, Alloc Tax Rate: 1.0x
[2020-10-31T11:23:03.907+0000][info][gc           ] GC(69) Pause Init Mark 0.480ms
[2020-10-31T11:23:03.907+0000][info][safepoint    ] Safepoint "ShenandoahInitMark", Time since last: 881689060 ns, Reaching safepoint: 139009 ns, At safepoint: 501134 ns, Total: 640143 ns
[2020-10-31T11:23:03.907+0000][info][gc,start     ] GC(69) Concurrent marking
[2020-10-31T11:23:03.907+0000][info][gc,task      ] GC(69) Using 1 of 1 workers for concurrent marking
[2020-10-31T11:23:04.250+0000][info][gc           ] GC(69) Concurrent marking 3480M->3572M(4096M) 342.786ms
[2020-10-31T11:23:04.250+0000][info][gc,start     ] GC(69) Pause Final Mark
[2020-10-31T11:23:04.250+0000][info][gc,task      ] GC(69) Using 1 of 1 workers for final marking
[2020-10-31T11:23:04.251+0000][info][gc,ergo      ] GC(69) Adaptive CSet Selection. Target Free: 409M, Actual Free: 524M, Max CSet: 170M, Min Garbage: 0M
[2020-10-31T11:23:04.251+0000][info][gc,ergo      ] GC(69) Collectable Garbage: 3293M (99% of total), 44M CSet, 1669 CSet regions
[2020-10-31T11:23:04.251+0000][info][gc,ergo      ] GC(69) Immediate Garbage: 0M (0% of total), 0 regions
[2020-10-31T11:23:04.252+0000][info][gc,ergo      ] GC(69) Pacer for Evacuation. Used CSet: 3338M, Free: 318M, Non-Taxable: 31M, Alloc Tax Rate: 25.7x
[2020-10-31T11:23:04.252+0000][info][gc           ] GC(69) Pause Final Mark 1.368ms
[2020-10-31T11:23:04.252+0000][info][safepoint    ] Safepoint "ShenandoahFinalMarkStartEvac", Time since last: 342880438 ns, Reaching safepoint: 150815 ns, At safepoint: 1390457 ns, Total: 1541272 ns
[2020-10-31T11:23:04.252+0000][info][gc,start     ] GC(69) Concurrent cleanup
[2020-10-31T11:23:04.252+0000][info][gc           ] GC(69) Concurrent cleanup 3574M->3576M(4096M) 0.174ms
[2020-10-31T11:23:04.252+0000][info][gc,ergo      ] GC(69) Free: 314M (157 regions), Max regular: 2048K, Max humongous: 319488K, External frag: 1%, Internal frag: 0%
[2020-10-31T11:23:04.252+0000][info][gc,ergo      ] GC(69) Evacuation Reserve: 205M (103 regions), Max regular: 2048K
[2020-10-31T11:23:04.252+0000][info][gc,start     ] GC(69) Concurrent evacuation
[2020-10-31T11:23:04.252+0000][info][gc,task      ] GC(69) Using 1 of 1 workers for concurrent evacuation
[2020-10-31T11:23:04.335+0000][info][gc           ] GC(69) Concurrent evacuation 3576M->3642M(4096M) 83.197ms
[2020-10-31T11:23:04.335+0000][info][gc,start     ] GC(69) Pause Init Update Refs
[2020-10-31T11:23:04.335+0000][info][gc,ergo      ] GC(69) Pacer for Update Refs. Used: 3642M, Free: 294M, Non-Taxable: 29M, Alloc Tax Rate: 15.1x
[2020-10-31T11:23:04.335+0000][info][gc           ] GC(69) Pause Init Update Refs 0.051ms
[2020-10-31T11:23:04.335+0000][info][safepoint    ] Safepoint "ShenandoahInitUpdateRefs", Time since last: 83494158 ns, Reaching safepoint: 136757 ns, At safepoint: 68987 ns, Total: 205744 ns
[2020-10-31T11:23:04.335+0000][info][gc,start     ] GC(69) Concurrent update references
[2020-10-31T11:23:04.335+0000][info][gc,task      ] GC(69) Using 1 of 1 workers for concurrent reference update
[2020-10-31T11:23:04.578+0000][info][gc           ] GC(69) Concurrent update references 3644M->3704M(4096M) 242.494ms
[2020-10-31T11:23:04.578+0000][info][gc,start     ] GC(69) Pause Final Update Refs
[2020-10-31T11:23:04.578+0000][info][gc,task      ] GC(69) Using 1 of 1 workers for final reference update
[2020-10-31T11:23:04.578+0000][info][gc           ] GC(69) Pause Final Update Refs 0.194ms
[2020-10-31T11:23:04.578+0000][info][safepoint    ] Safepoint "ShenandoahFinalUpdateRefs", Time since last: 242590192 ns, Reaching safepoint: 145699 ns, At safepoint: 217846 ns, Total: 363545 ns
[2020-10-31T11:23:04.578+0000][info][gc,start     ] GC(69) Concurrent cleanup
[2020-10-31T11:23:04.579+0000][info][gc           ] GC(69) Concurrent cleanup 3704M->366M(4096M) 0.311ms
[2020-10-31T11:23:04.579+0000][info][gc,ergo      ] Free: 3524M (1762 regions), Max regular: 2048K, Max humongous: 3262464K, External frag: 10%, Internal frag: 0%
[2020-10-31T11:23:04.579+0000][info][gc,ergo      ] Evacuation Reserve: 206M (103 regions), Max regular: 2048K
[2020-10-31T11:23:04.579+0000][info][gc,ergo      ] Pacer for Idle. Initial: 81M, Alloc Tax Rate: 1.0x
[2020-10-31T11:23:05.578+0000][info][safepoint    ] Safepoint "Cleanup", Time since last: 1000079670 ns, Reaching safepoint: 131940 ns, At safepoint: 5717 ns, Total: 137657 ns
[2020-10-31T11:23:06.579+0000][info][safepoint    ] Safepoint "Cleanup", Time since last: 1000112296 ns, Reaching safepoint: 132044 ns, At safepoint: 5037 ns, Total: 137081 ns
[2020-10-31T11:23:07.579+0000][info][safepoint    ] Safepoint "Cleanup", Time since last: 1000106876 ns, Reaching safepoint: 60396 ns, At safepoint: 4886 ns, Total: 65282 ns
[2020-10-31T11:23:08.579+0000][info][safepoint    ] Safepoint "Cleanup", Time since last: 1000119865 ns, Reaching safepoint: 55704 ns, At safepoint: 5446 ns, Total: 61150 ns
[2020-10-31T11:23:09.579+0000][info][safepoint    ] Safepoint "Cleanup", Time since last: 1000108110 ns, Reaching safepoint: 135708 ns, At safepoint: 2965 ns, Total: 138673 ns
[2020-10-31T11:23:10.580+0000][info][safepoint    ] Safepoint "Cleanup", Time since last: 1000112888 ns, Reaching safepoint: 157289 ns, At safepoint: 5298 ns, Total: 162587 ns
[2020-10-31T11:23:11.580+0000][info][safepoint    ] Safepoint "Cleanup", Time since last: 1000104965 ns, Reaching safepoint: 132441 ns, At safepoint: 5697 ns, Total: 138138 ns
[2020-10-31T11:23:12.580+0000][info][safepoint    ] Safepoint "Cleanup", Time since last: 1000110806 ns, Reaching safepoint: 57404 ns, At safepoint: 5988 ns, Total: 63392 ns
[2020-10-31T11:23:13.580+0000][info][safepoint    ] Safepoint "Cleanup", Time since last: 1000108352 ns, Reaching safepoint: 127333 ns, At safepoint: 6204 ns, Total: 133537 ns
[2020-10-31T11:23:14.222+0000][info][gc           ] Trigger: Average GC time (655.91 ms) is above the time for allocation rate (318.86 MB/s) to deplete free headroom (207M)
[2020-10-31T11:23:14.222+0000][info][gc,ergo      ] Free headroom: 412M (free) - 204M (spike) - 0M (penalties) = 207M
[2020-10-31T11:23:14.222+0000][info][gc,ergo      ] Free: 412M (206 regions), Max regular: 2048K, Max humongous: 190464K, External frag: 55%, Internal frag: 0%
[2020-10-31T11:23:14.222+0000][info][gc,ergo      ] Evacuation Reserve: 206M (103 regions), Max regular: 2048K
[2020-10-31T11:23:14.222+0000][info][gc,start     ] GC(70) Concurrent reset
[2020-10-31T11:23:14.222+0000][info][gc,task      ] GC(70) Using 1 of 1 workers for concurrent reset
[2020-10-31T11:23:14.231+0000][info][gc           ] GC(70) Concurrent reset 3478M->3480M(4096M) 9.039ms
[2020-10-31T11:23:14.231+0000][info][gc,start     ] GC(70) Pause Init Mark (process weakrefs)
[2020-10-31T11:23:14.231+0000][info][gc,task      ] GC(70) Using 1 of 1 workers for init marking
[2020-10-31T11:23:14.232+0000][info][gc,ergo      ] GC(70) Pacer for Mark. Expected Live: 116M, Free: 410M, Non-Taxable: 41M, Alloc Tax Rate: 1.0x
[2020-10-31T11:23:14.232+0000][info][gc           ] GC(70) Pause Init Mark (process weakrefs) 0.487ms
[2020-10-31T11:23:14.232+0000][info][safepoint    ] Safepoint "ShenandoahInitMark", Time since last: 650861691 ns, Reaching safepoint: 139918 ns, At safepoint: 507756 ns, Total: 647674 ns
[2020-10-31T11:23:14.232+0000][info][gc,start     ] GC(70) Concurrent marking (process weakrefs)
[2020-10-31T11:23:14.232+0000][info][gc,task      ] GC(70) Using 1 of 1 workers for concurrent marking
[2020-10-31T11:23:14.675+0000][info][gc           ] GC(70) Concurrent marking (process weakrefs) 3482M->3602M(4096M) 443.071ms
[2020-10-31T11:23:14.675+0000][info][gc,start     ] GC(70) Concurrent precleaning
[2020-10-31T11:23:14.675+0000][info][gc,task      ] GC(70) Using 1 of 1 workers for concurrent preclean
[2020-10-31T11:23:14.773+0000][info][gc           ] GC(70) Concurrent precleaning 3602M->3628M(4096M) 97.772ms
[2020-10-31T11:23:14.773+0000][info][gc,start     ] GC(70) Pause Final Mark (process weakrefs)
[2020-10-31T11:23:14.773+0000][info][gc,task      ] GC(70) Using 1 of 1 workers for final marking
[2020-10-31T11:23:14.856+0000][info][gc,ergo      ] GC(70) Adaptive CSet Selection. Target Free: 409M, Actual Free: 468M, Max CSet: 170M, Min Garbage: 0M
[2020-10-31T11:23:14.856+0000][info][gc,ergo      ] GC(70) Collectable Garbage: 3275M (97% of total), 24M CSet, 1650 CSet regions
[2020-10-31T11:23:14.856+0000][info][gc,ergo      ] GC(70) Immediate Garbage: 0M (0% of total), 0 regions
[2020-10-31T11:23:14.857+0000][info][gc,ergo      ] GC(70) Pacer for Evacuation. Used CSet: 3300M, Free: 262M, Non-Taxable: 26M, Alloc Tax Rate: 30.8x
[2020-10-31T11:23:14.857+0000][info][gc           ] GC(70) Pause Final Mark (process weakrefs) 84.124ms
[2020-10-31T11:23:14.857+0000][info][safepoint    ] Safepoint "ShenandoahFinalMarkStartEvac", Time since last: 540969233 ns, Reaching safepoint: 58436 ns, At safepoint: 84162447 ns, Total: 84220883 ns
[2020-10-31T11:23:14.857+0000][info][gc,start     ] GC(70) Concurrent cleanup
[2020-10-31T11:23:14.857+0000][info][gc           ] GC(70) Concurrent cleanup 3630M->3630M(4096M) 0.225ms
[2020-10-31T11:23:14.857+0000][info][gc,ergo      ] GC(70) Free: 260M (130 regions), Max regular: 2048K, Max humongous: 190464K, External frag: 29%, Internal frag: 0%
[2020-10-31T11:23:14.857+0000][info][gc,ergo      ] GC(70) Evacuation Reserve: 205M (103 regions), Max regular: 2048K
[2020-10-31T11:23:14.857+0000][info][gc,start     ] GC(70) Concurrent evacuation
[2020-10-31T11:23:14.857+0000][info][gc,task      ] GC(70) Using 1 of 1 workers for concurrent evacuation
[2020-10-31T11:23:15.001+0000][info][gc           ] GC(70) Concurrent evacuation 3630M->3678M(4096M) 143.594ms
[2020-10-31T11:23:15.001+0000][info][gc,start     ] GC(70) Pause Init Update Refs
[2020-10-31T11:23:15.001+0000][info][gc,ergo      ] GC(70) Pacer for Update Refs. Used: 3678M, Free: 238M, Non-Taxable: 23M, Alloc Tax Rate: 18.9x
[2020-10-31T11:23:15.001+0000][info][gc           ] GC(70) Pause Init Update Refs 0.054ms
[2020-10-31T11:23:15.001+0000][info][safepoint    ] Safepoint "ShenandoahInitUpdateRefs", Time since last: 143948017 ns, Reaching safepoint: 134728 ns, At safepoint: 74328 ns, Total: 209056 ns
[2020-10-31T11:23:15.001+0000][info][gc,start     ] GC(70) Concurrent update references
[2020-10-31T11:23:15.001+0000][info][gc,task      ] GC(70) Using 1 of 1 workers for concurrent reference update
[2020-10-31T11:23:15.390+0000][info][gc           ] GC(70) Concurrent update references 3678M->3752M(4096M) 388.886ms
[2020-10-31T11:23:15.390+0000][info][gc,start     ] GC(70) Pause Final Update Refs
[2020-10-31T11:23:15.390+0000][info][gc,task      ] GC(70) Using 1 of 1 workers for final reference update
[2020-10-31T11:23:15.390+0000][info][gc           ] GC(70) Pause Final Update Refs 0.184ms
[2020-10-31T11:23:15.390+0000][info][safepoint    ] Safepoint "ShenandoahFinalUpdateRefs", Time since last: 388970583 ns, Reaching safepoint: 138592 ns, At safepoint: 207712 ns, Total: 346304 ns
[2020-10-31T11:23:15.393+0000][info][gc,start     ] GC(70) Concurrent cleanup
[2020-10-31T11:23:15.393+0000][info][gc           ] GC(70) Concurrent cleanup 3752M->452M(4096M) 0.332ms
[2020-10-31T11:23:15.393+0000][info][gc,ergo      ] Free: 3438M (1719 regions), Max regular: 2048K, Max humongous: 3188736K, External frag: 10%, Internal frag: 0%
[2020-10-31T11:23:15.393+0000][info][gc,ergo      ] Evacuation Reserve: 206M (103 regions), Max regular: 2048K
[2020-10-31T11:23:15.393+0000][info][gc,ergo      ] Pacer for Idle. Initial: 81M, Alloc Tax Rate: 1.0x
[2020-10-31T11:23:16.391+0000][info][safepoint    ] Safepoint "Cleanup", Time since last: 1000077009 ns, Reaching safepoint: 135204 ns, At safepoint: 5816 ns, Total: 141020 ns
[2020-10-31T11:23:17.391+0000][info][safepoint    ] Safepoint "Cleanup", Time since last: 1000106224 ns, Reaching safepoint: 136660 ns, At safepoint: 5896 ns, Total: 142556 ns
[2020-10-31T11:23:18.391+0000][info][safepoint    ] Safepoint "Cleanup", Time since last: 1000107101 ns, Reaching safepoint: 133011 ns, At safepoint: 5437 ns, Total: 138448 ns
[2020-10-31T11:23:19.391+0000][info][safepoint    ] Safepoint "Cleanup", Time since last: 1000111976 ns, Reaching safepoint: 131866 ns, At safepoint: 5955 ns, Total: 137821 ns
[2020-10-31T11:23:20.392+0000][info][safepoint    ] Safepoint "Cleanup", Time since last: 1000104842 ns, Reaching safepoint: 83147 ns, At safepoint: 5592 ns, Total: 88739 ns
[2020-10-31T11:23:21.392+0000][info][safepoint    ] Safepoint "Cleanup", Time since last: 1000106339 ns, Reaching safepoint: 58411 ns, At safepoint: 6001 ns, Total: 64412 ns
[2020-10-31T11:23:22.392+0000][info][safepoint    ] Safepoint "Cleanup", Time since last: 1000121976 ns, Reaching safepoint: 58845 ns, At safepoint: 5961 ns, Total: 64806 ns
[2020-10-31T11:23:23.392+0000][info][safepoint    ] Safepoint "Cleanup", Time since last: 1000107160 ns, Reaching safepoint: 60807 ns, At safepoint: 5585 ns, Total: 66392 ns
[2020-10-31T11:23:24.392+0000][info][safepoint    ] Safepoint "Cleanup", Time since last: 1000126150 ns, Reaching safepoint: 135916 ns, At safepoint: 5218 ns, Total: 141134 ns
[2020-10-31T11:23:24.857+0000][info][gc           ] Trigger: Free (408M) is below minimum threshold (409M)
[2020-10-31T11:23:24.857+0000][info][gc,ergo      ] Free: 408M (204 regions), Max regular: 2048K, Max humongous: 145408K, External frag: 66%, Internal frag: 0%
[2020-10-31T11:23:24.857+0000][info][gc,ergo      ] Evacuation Reserve: 206M (103 regions), Max regular: 2048K
[2020-10-31T11:23:24.857+0000][info][gc,start     ] GC(71) Concurrent reset
[2020-10-31T11:23:24.857+0000][info][gc,task      ] GC(71) Using 1 of 1 workers for concurrent reset
[2020-10-31T11:23:24.866+0000][info][gc           ] GC(71) Concurrent reset 3482M->3484M(4096M) 8.958ms
[2020-10-31T11:23:24.867+0000][info][gc,start     ] GC(71) Pause Init Mark
[2020-10-31T11:23:24.867+0000][info][gc,task      ] GC(71) Using 1 of 1 workers for init marking
[2020-10-31T11:23:24.867+0000][info][gc,ergo      ] GC(71) Pacer for Mark. Expected Live: 116M, Free: 406M, Non-Taxable: 40M, Alloc Tax Rate: 1.1x
[2020-10-31T11:23:24.867+0000][info][gc           ] GC(71) Pause Init Mark 0.447ms
[2020-10-31T11:23:24.867+0000][info][safepoint    ] Safepoint "ShenandoahInitMark", Time since last: 474123127 ns, Reaching safepoint: 134239 ns, At safepoint: 466857 ns, Total: 601096 ns
[2020-10-31T11:23:24.867+0000][info][gc,start     ] GC(71) Concurrent marking
[2020-10-31T11:23:24.867+0000][info][gc,task      ] GC(71) Using 1 of 1 workers for concurrent marking
[2020-10-31T11:23:25.042+0000][info][gc           ] GC(71) Concurrent marking 3486M->3528M(4096M) 174.679ms
[2020-10-31T11:23:25.042+0000][info][gc,start     ] GC(71) Pause Final Mark
[2020-10-31T11:23:25.042+0000][info][gc,task      ] GC(71) Using 1 of 1 workers for final marking
[2020-10-31T11:23:25.042+0000][info][gc,ergo      ] GC(71) Adaptive CSet Selection. Target Free: 409M, Actual Free: 758M, Max CSet: 170M, Min Garbage: 0M
[2020-10-31T11:23:25.043+0000][info][gc,ergo      ] GC(71) Collectable Garbage: 3244M (94% of total), 43M CSet, 1644 CSet regions
[2020-10-31T11:23:25.043+0000][info][gc,ergo      ] GC(71) Immediate Garbage: 190M (5% of total), 95 regions
[2020-10-31T11:23:25.043+0000][info][gc,ergo      ] GC(71) Pacer for Evacuation. Used CSet: 3288M, Free: 552M, Non-Taxable: 55M, Alloc Tax Rate: 14.6x
[2020-10-31T11:23:25.043+0000][info][gc           ] GC(71) Pause Final Mark 1.381ms
[2020-10-31T11:23:25.043+0000][info][safepoint    ] Safepoint "ShenandoahFinalMarkStartEvac", Time since last: 174757213 ns, Reaching safepoint: 63747 ns, At safepoint: 1402760 ns, Total: 1466507 ns
[2020-10-31T11:23:25.043+0000][info][gc,start     ] GC(71) Concurrent cleanup
[2020-10-31T11:23:25.043+0000][info][gc           ] GC(71) Concurrent cleanup 3528M->3340M(4096M) 0.159ms
[2020-10-31T11:23:25.044+0000][info][gc,ergo      ] GC(71) Free: 550M (275 regions), Max regular: 2048K, Max humongous: 339968K, External frag: 40%, Internal frag: 0%
[2020-10-31T11:23:25.044+0000][info][gc,ergo      ] GC(71) Evacuation Reserve: 205M (103 regions), Max regular: 2048K
[2020-10-31T11:23:25.044+0000][info][gc,start     ] GC(71) Concurrent evacuation
[2020-10-31T11:23:25.044+0000][info][gc,task      ] GC(71) Using 1 of 1 workers for concurrent evacuation
[2020-10-31T11:23:25.125+0000][info][gc           ] GC(71) Concurrent evacuation 3340M->3406M(4096M) 81.665ms
[2020-10-31T11:23:25.125+0000][info][gc,start     ] GC(71) Pause Init Update Refs
[2020-10-31T11:23:25.125+0000][info][gc,ergo      ] GC(71) Pacer for Update Refs. Used: 3406M, Free: 528M, Non-Taxable: 52M, Alloc Tax Rate: 7.9x
[2020-10-31T11:23:25.125+0000][info][gc           ] GC(71) Pause Init Update Refs 0.052ms
[2020-10-31T11:23:25.125+0000][info][safepoint    ] Safepoint "ShenandoahInitUpdateRefs", Time since last: 81932012 ns, Reaching safepoint: 60334 ns, At safepoint: 71661 ns, Total: 131995 ns
[2020-10-31T11:23:25.125+0000][info][gc,start     ] GC(71) Concurrent update references
[2020-10-31T11:23:25.125+0000][info][gc,task      ] GC(71) Using 1 of 1 workers for concurrent reference update
[2020-10-31T11:23:25.250+0000][info][gc           ] GC(71) Concurrent update references 3408M->3440M(4096M) 124.854ms
[2020-10-31T11:23:25.250+0000][info][gc,start     ] GC(71) Pause Final Update Refs
[2020-10-31T11:23:25.251+0000][info][gc,task      ] GC(71) Using 1 of 1 workers for final reference update
[2020-10-31T11:23:25.251+0000][info][gc           ] GC(71) Pause Final Update Refs 0.193ms
[2020-10-31T11:23:25.251+0000][info][safepoint    ] Safepoint "ShenandoahFinalUpdateRefs", Time since last: 124967575 ns, Reaching safepoint: 143904 ns, At safepoint: 215251 ns, Total: 359155 ns
[2020-10-31T11:23:25.251+0000][info][gc,start     ] GC(71) Concurrent cleanup
[2020-10-31T11:23:25.251+0000][info][gc           ] GC(71) Concurrent cleanup 3440M->152M(4096M) 0.282ms
[2020-10-31T11:23:25.251+0000][info][gc,ergo      ] Free: 3738M (1869 regions), Max regular: 2048K, Max humongous: 3104768K, External frag: 19%, Internal frag: 0%
[2020-10-31T11:23:25.251+0000][info][gc,ergo      ] Evacuation Reserve: 206M (103 regions), Max regular: 2048K
[2020-10-31T11:23:25.251+0000][info][gc,ergo      ] Pacer for Idle. Initial: 81M, Alloc Tax Rate: 1.0x
[2020-10-31T11:23:26.251+0000][info][safepoint    ] Safepoint "Cleanup", Time since last: 1000081775 ns, Reaching safepoint: 132149 ns, At safepoint: 5883 ns, Total: 138032 ns
[2020-10-31T11:23:27.251+0000][info][safepoint    ] Safepoint "Cleanup", Time since last: 1000109091 ns, Reaching safepoint: 55273 ns, At safepoint: 3937 ns, Total: 59210 ns
[2020-10-31T11:23:28.251+0000][info][safepoint    ] Safepoint "Cleanup", Time since last: 1000109901 ns, Reaching safepoint: 138099 ns, At safepoint: 5216 ns, Total: 143315 ns
[2020-10-31T11:23:29.252+0000][info][safepoint    ] Safepoint "Cleanup", Time since last: 1000116389 ns, Reaching safepoint: 131458 ns, At safepoint: 5279 ns, Total: 136737 ns
[2020-10-31T11:23:30.252+0000][info][safepoint    ] Safepoint "Cleanup", Time since last: 1000107768 ns, Reaching safepoint: 58200 ns, At safepoint: 6715 ns, Total: 64915 ns
[2020-10-31T11:23:31.252+0000][info][safepoint    ] Safepoint "Cleanup", Time since last: 1000102453 ns, Reaching safepoint: 54409 ns, At safepoint: 3733 ns, Total: 58142 ns
[2020-10-31T11:23:32.252+0000][info][safepoint    ] Safepoint "Cleanup", Time since last: 1000108199 ns, Reaching safepoint: 131005 ns, At safepoint: 5347 ns, Total: 136352 ns
[2020-10-31T11:23:33.252+0000][info][safepoint    ] Safepoint "Cleanup", Time since last: 1000106090 ns, Reaching safepoint: 133666 ns, At safepoint: 5499 ns, Total: 139165 ns
[2020-10-31T11:23:34.253+0000][info][safepoint    ] Safepoint "Cleanup", Time since last: 1000102338 ns, Reaching safepoint: 58026 ns, At safepoint: 4522 ns, Total: 62548 ns
[2020-10-31T11:23:35.253+0000][info][safepoint    ] Safepoint "Cleanup", Time since last: 1000100139 ns, Reaching safepoint: 130435 ns, At safepoint: 5970 ns, Total: 136405 ns
[2020-10-31T11:23:35.529+0000][info][gc           ] Trigger: Average GC time (665.73 ms) is above the time for allocation rate (320.84 MB/s) to deplete free headroom (213M)
[2020-10-31T11:23:35.529+0000][info][gc,ergo      ] Free headroom: 418M (free) - 204M (spike) - 0M (penalties) = 213M
[2020-10-31T11:23:35.529+0000][info][gc,ergo      ] Free: 418M (209 regions), Max regular: 2048K, Max humongous: 425984K, External frag: 1%, Internal frag: 0%
[2020-10-31T11:23:35.529+0000][info][gc,ergo      ] Evacuation Reserve: 206M (103 regions), Max regular: 2048K
[2020-10-31T11:23:35.529+0000][info][gc,start     ] GC(72) Concurrent reset
[2020-10-31T11:23:35.529+0000][info][gc,task      ] GC(72) Using 1 of 1 workers for concurrent reset
[2020-10-31T11:23:35.538+0000][info][gc           ] GC(72) Concurrent reset 3472M->3472M(4096M) 8.474ms
[2020-10-31T11:23:35.538+0000][info][gc,start     ] GC(72) Pause Init Mark
[2020-10-31T11:23:35.538+0000][info][gc,task      ] GC(72) Using 1 of 1 workers for init marking
[2020-10-31T11:23:35.539+0000][info][gc,ergo      ] GC(72) Pacer for Mark. Expected Live: 116M, Free: 418M, Non-Taxable: 41M, Alloc Tax Rate: 1.0x
[2020-10-31T11:23:35.539+0000][info][gc           ] GC(72) Pause Init Mark 0.520ms
[2020-10-31T11:23:35.539+0000][info][safepoint    ] Safepoint "ShenandoahInitMark", Time since last: 285138491 ns, Reaching safepoint: 149891 ns, At safepoint: 540167 ns, Total: 690058 ns
[2020-10-31T11:23:35.539+0000][info][gc,start     ] GC(72) Concurrent marking
[2020-10-31T11:23:35.539+0000][info][gc,task      ] GC(72) Using 1 of 1 workers for concurrent marking
[2020-10-31T11:23:35.778+0000][info][gc           ] GC(72) Concurrent marking 3474M->3542M(4096M) 239.004ms
[2020-10-31T11:23:35.778+0000][info][gc,start     ] GC(72) Pause Final Mark
[2020-10-31T11:23:35.778+0000][info][gc,task      ] GC(72) Using 1 of 1 workers for final marking
[2020-10-31T11:23:35.778+0000][info][gc,ergo      ] GC(72) Adaptive CSet Selection. Target Free: 409M, Actual Free: 554M, Max CSet: 170M, Min Garbage: 0M
[2020-10-31T11:23:35.779+0000][info][gc,ergo      ] GC(72) Collectable Garbage: 3376M (99% of total), 45M CSet, 1711 CSet regions
[2020-10-31T11:23:35.779+0000][info][gc,ergo      ] GC(72) Immediate Garbage: 0M (0% of total), 0 regions
[2020-10-31T11:23:35.779+0000][info][gc,ergo      ] GC(72) Pacer for Evacuation. Used CSet: 3422M, Free: 348M, Non-Taxable: 34M, Alloc Tax Rate: 24.0x
[2020-10-31T11:23:35.779+0000][info][gc           ] GC(72) Pause Final Mark 1.396ms
[2020-10-31T11:23:35.779+0000][info][safepoint    ] Safepoint "ShenandoahFinalMarkStartEvac", Time since last: 239087966 ns, Reaching safepoint: 147774 ns, At safepoint: 1418792 ns, Total: 1566566 ns
[2020-10-31T11:23:35.779+0000][info][gc,start     ] GC(72) Concurrent cleanup
[2020-10-31T11:23:35.780+0000][info][gc           ] GC(72) Concurrent cleanup 3542M->3546M(4096M) 0.180ms
[2020-10-31T11:23:35.780+0000][info][gc,ergo      ] GC(72) Free: 344M (172 regions), Max regular: 2048K, Max humongous: 350208K, External frag: 1%, Internal frag: 0%
[2020-10-31T11:23:35.780+0000][info][gc,ergo      ] GC(72) Evacuation Reserve: 206M (103 regions), Max regular: 2048K
[2020-10-31T11:23:35.780+0000][info][gc,start     ] GC(72) Concurrent evacuation
[2020-10-31T11:23:35.780+0000][info][gc,task      ] GC(72) Using 1 of 1 workers for concurrent evacuation
[2020-10-31T11:23:35.864+0000][info][gc           ] GC(72) Concurrent evacuation 3546M->3612M(4096M) 84.572ms
[2020-10-31T11:23:35.864+0000][info][gc,start     ] GC(72) Pause Init Update Refs
[2020-10-31T11:23:35.864+0000][info][gc,ergo      ] GC(72) Pacer for Update Refs. Used: 3612M, Free: 324M, Non-Taxable: 32M, Alloc Tax Rate: 13.6x
[2020-10-31T11:23:35.864+0000][info][gc           ] GC(72) Pause Init Update Refs 0.053ms
[2020-10-31T11:23:35.864+0000][info][safepoint    ] Safepoint "ShenandoahInitUpdateRefs", Time since last: 84876983 ns, Reaching safepoint: 135598 ns, At safepoint: 74514 ns, Total: 210112 ns
[2020-10-31T11:23:35.864+0000][info][gc,start     ] GC(72) Concurrent update references
[2020-10-31T11:23:35.864+0000][info][gc,task      ] GC(72) Using 1 of 1 workers for concurrent reference update
[2020-10-31T11:23:36.033+0000][info][gc           ] GC(72) Concurrent update references 3612M->3656M(4096M) 168.388ms
[2020-10-31T11:23:36.033+0000][info][gc,start     ] GC(72) Pause Final Update Refs
[2020-10-31T11:23:36.033+0000][info][gc,task      ] GC(72) Using 1 of 1 workers for final reference update
[2020-10-31T11:23:36.033+0000][info][gc           ] GC(72) Pause Final Update Refs 0.182ms
[2020-10-31T11:23:36.033+0000][info][safepoint    ] Safepoint "ShenandoahFinalUpdateRefs", Time since last: 168469460 ns, Reaching safepoint: 67862 ns, At safepoint: 205166 ns, Total: 273028 ns
[2020-10-31T11:23:36.033+0000][info][gc,start     ] GC(72) Concurrent cleanup
[2020-10-31T11:23:36.033+0000][info][gc           ] GC(72) Concurrent cleanup 3656M->234M(4096M) 0.317ms
[2020-10-31T11:23:36.034+0000][info][gc,ergo      ] Free: 3656M (1828 regions), Max regular: 2048K, Max humongous: 3504128K, External frag: 7%, Internal frag: 0%
[2020-10-31T11:23:36.034+0000][info][gc,ergo      ] Evacuation Reserve: 206M (103 regions), Max regular: 2048K
[2020-10-31T11:23:36.034+0000][info][gc,ergo      ] Pacer for Idle. Initial: 81M, Alloc Tax Rate: 1.0x
[2020-10-31T11:23:37.033+0000][info][safepoint    ] Safepoint "Cleanup", Time since last: 1000078842 ns, Reaching safepoint: 60308 ns, At safepoint: 7149 ns, Total: 67457 ns
[2020-10-31T11:23:38.034+0000][info][safepoint    ] Safepoint "Cleanup", Time since last: 1000111715 ns, Reaching safepoint: 131957 ns, At safepoint: 4933 ns, Total: 136890 ns
[2020-10-31T11:23:39.034+0000][info][safepoint    ] Safepoint "Cleanup", Time since last: 1000104793 ns, Reaching safepoint: 134519 ns, At safepoint: 5493 ns, Total: 140012 ns
[2020-10-31T11:23:40.034+0000][info][safepoint    ] Safepoint "Cleanup", Time since last: 1000109438 ns, Reaching safepoint: 134488 ns, At safepoint: 5860 ns, Total: 140348 ns
[2020-10-31T11:23:41.034+0000][info][safepoint    ] Safepoint "Cleanup", Time since last: 1000109172 ns, Reaching safepoint: 135274 ns, At safepoint: 5391 ns, Total: 140665 ns
[2020-10-31T11:23:42.035+0000][info][safepoint    ] Safepoint "Cleanup", Time since last: 1000106538 ns, Reaching safepoint: 134422 ns, At safepoint: 7735 ns, Total: 142157 ns
[2020-10-31T11:23:43.035+0000][info][safepoint    ] Safepoint "Cleanup", Time since last: 1000107747 ns, Reaching safepoint: 58683 ns, At safepoint: 3070 ns, Total: 61753 ns
[2020-10-31T11:23:44.035+0000][info][safepoint    ] Safepoint "Cleanup", Time since last: 1000110466 ns, Reaching safepoint: 56173 ns, At safepoint: 5407 ns, Total: 61580 ns
[2020-10-31T11:23:45.035+0000][info][safepoint    ] Safepoint "Cleanup", Time since last: 1000108561 ns, Reaching safepoint: 131105 ns, At safepoint: 5794 ns, Total: 136899 ns
[2020-10-31T11:23:46.079+0000][info][gc           ] Trigger: Average GC time (666.56 ms) is above the time for allocation rate (320.03 MB/s) to deplete free headroom (213M)
[2020-10-31T11:23:46.079+0000][info][gc,ergo      ] Free headroom: 418M (free) - 204M (spike) - 0M (penalties) = 213M
[2020-10-31T11:23:46.079+0000][info][gc,ergo      ] Free: 418M (209 regions), Max regular: 2048K, Max humongous: 237568K, External frag: 45%, Internal frag: 0%
[2020-10-31T11:23:46.079+0000][info][gc,ergo      ] Evacuation Reserve: 206M (103 regions), Max regular: 2048K
[2020-10-31T11:23:46.079+0000][info][gc,start     ] GC(73) Concurrent reset
[2020-10-31T11:23:46.079+0000][info][gc,task      ] GC(73) Using 1 of 1 workers for concurrent reset
[2020-10-31T11:23:46.088+0000][info][gc           ] GC(73) Concurrent reset 3472M->3474M(4096M) 9.006ms
[2020-10-31T11:23:46.088+0000][info][gc,start     ] GC(73) Pause Init Mark
[2020-10-31T11:23:46.088+0000][info][gc,task      ] GC(73) Using 1 of 1 workers for init marking
[2020-10-31T11:23:46.088+0000][info][gc,ergo      ] GC(73) Pacer for Mark. Expected Live: 116M, Free: 416M, Non-Taxable: 41M, Alloc Tax Rate: 1.0x
[2020-10-31T11:23:46.088+0000][info][gc           ] GC(73) Pause Init Mark 0.476ms
[2020-10-31T11:23:46.088+0000][info][safepoint    ] Safepoint "ShenandoahInitMark", Time since last: 1052601034 ns, Reaching safepoint: 142623 ns, At safepoint: 496498 ns, Total: 639121 ns
[2020-10-31T11:23:46.088+0000][info][gc,start     ] GC(73) Concurrent marking
[2020-10-31T11:23:46.088+0000][info][gc,task      ] GC(73) Using 1 of 1 workers for concurrent marking
[2020-10-31T11:23:46.379+0000][info][gc           ] GC(73) Concurrent marking 3474M->3558M(4096M) 290.193ms
[2020-10-31T11:23:46.379+0000][info][gc,start     ] GC(73) Pause Final Mark
[2020-10-31T11:23:46.379+0000][info][gc,task      ] GC(73) Using 1 of 1 workers for final marking
[2020-10-31T11:23:46.379+0000][info][gc,ergo      ] GC(73) Adaptive CSet Selection. Target Free: 409M, Actual Free: 538M, Max CSet: 170M, Min Garbage: 0M
[2020-10-31T11:23:46.380+0000][info][gc,ergo      ] GC(73) Collectable Garbage: 3333M (99% of total), 44M CSet, 1689 CSet regions
[2020-10-31T11:23:46.380+0000][info][gc,ergo      ] GC(73) Immediate Garbage: 0M (0% of total), 0 regions
[2020-10-31T11:23:46.380+0000][info][gc,ergo      ] GC(73) Pacer for Evacuation. Used CSet: 3378M, Free: 332M, Non-Taxable: 33M, Alloc Tax Rate: 24.9x
[2020-10-31T11:23:46.380+0000][info][gc           ] GC(73) Pause Final Mark 1.400ms
[2020-10-31T11:23:46.380+0000][info][safepoint    ] Safepoint "ShenandoahFinalMarkStartEvac", Time since last: 290272857 ns, Reaching safepoint: 139993 ns, At safepoint: 1421797 ns, Total: 1561790 ns
[2020-10-31T11:23:46.380+0000][info][gc,start     ] GC(73) Concurrent cleanup
[2020-10-31T11:23:46.380+0000][info][gc           ] GC(73) Concurrent cleanup 3560M->3562M(4096M) 0.173ms
[2020-10-31T11:23:46.380+0000][info][gc,ergo      ] GC(73) Free: 328M (164 regions), Max regular: 2048K, Max humongous: 237568K, External frag: 30%, Internal frag: 0%
[2020-10-31T11:23:46.380+0000][info][gc,ergo      ] GC(73) Evacuation Reserve: 205M (103 regions), Max regular: 2048K
[2020-10-31T11:23:46.380+0000][info][gc,start     ] GC(73) Concurrent evacuation
[2020-10-31T11:23:46.380+0000][info][gc,task      ] GC(73) Using 1 of 1 workers for concurrent evacuation
[2020-10-31T11:23:46.464+0000][info][gc           ] GC(73) Concurrent evacuation 3562M->3628M(4096M) 83.449ms
[2020-10-31T11:23:46.464+0000][info][gc,start     ] GC(73) Pause Init Update Refs
[2020-10-31T11:23:46.464+0000][info][gc,ergo      ] GC(73) Pacer for Update Refs. Used: 3628M, Free: 308M, Non-Taxable: 30M, Alloc Tax Rate: 14.4x
[2020-10-31T11:23:46.464+0000][info][gc           ] GC(73) Pause Init Update Refs 0.052ms
[2020-10-31T11:23:46.464+0000][info][safepoint    ] Safepoint "ShenandoahInitUpdateRefs", Time since last: 83743734 ns, Reaching safepoint: 146044 ns, At safepoint: 71484 ns, Total: 217528 ns
[2020-10-31T11:23:46.464+0000][info][gc,start     ] GC(73) Concurrent update references
[2020-10-31T11:23:46.464+0000][info][gc,task      ] GC(73) Using 1 of 1 workers for concurrent reference update
[2020-10-31T11:23:46.670+0000][info][gc           ] GC(73) Concurrent update references 3630M->3682M(4096M) 205.323ms
[2020-10-31T11:23:46.670+0000][info][gc,start     ] GC(73) Pause Final Update Refs
[2020-10-31T11:23:46.670+0000][info][gc,task      ] GC(73) Using 1 of 1 workers for final reference update
[2020-10-31T11:23:46.670+0000][info][gc           ] GC(73) Pause Final Update Refs 0.182ms
[2020-10-31T11:23:46.670+0000][info][safepoint    ] Safepoint "ShenandoahFinalUpdateRefs", Time since last: 205402841 ns, Reaching safepoint: 140235 ns, At safepoint: 204964 ns, Total: 345199 ns
[2020-10-31T11:23:46.670+0000][info][gc,start     ] GC(73) Concurrent cleanup
[2020-10-31T11:23:46.670+0000][info][gc           ] GC(73) Concurrent cleanup 3682M->304M(4096M) 0.325ms
[2020-10-31T11:23:46.670+0000][info][gc,ergo      ] Free: 3586M (1793 regions), Max regular: 2048K, Max humongous: 3317760K, External frag: 10%, Internal frag: 0%
[2020-10-31T11:23:46.670+0000][info][gc,ergo      ] Evacuation Reserve: 206M (103 regions), Max regular: 2048K
[2020-10-31T11:23:46.670+0000][info][gc,ergo      ] Pacer for Idle. Initial: 81M, Alloc Tax Rate: 1.0x
[2020-10-31T11:23:47.670+0000][info][safepoint    ] Safepoint "Cleanup", Time since last: 1000078972 ns, Reaching safepoint: 132781 ns, At safepoint: 5814 ns, Total: 138595 ns
[2020-10-31T11:23:48.670+0000][info][safepoint    ] Safepoint "Cleanup", Time since last: 1000113196 ns, Reaching safepoint: 116180 ns, At safepoint: 6031 ns, Total: 122211 ns
[2020-10-31T11:23:49.671+0000][info][safepoint    ] Safepoint "Cleanup", Time since last: 1000108889 ns, Reaching safepoint: 128547 ns, At safepoint: 7277 ns, Total: 135824 ns
[2020-10-31T11:23:50.671+0000][info][safepoint    ] Safepoint "Cleanup", Time since last: 1000112491 ns, Reaching safepoint: 155645 ns, At safepoint: 5081 ns, Total: 160726 ns
[2020-10-31T11:23:51.671+0000][info][safepoint    ] Safepoint "Cleanup", Time since last: 1000101383 ns, Reaching safepoint: 133740 ns, At safepoint: 3359 ns, Total: 137099 ns
[2020-10-31T11:23:52.671+0000][info][safepoint    ] Safepoint "Cleanup", Time since last: 1000061178 ns, Reaching safepoint: 134561 ns, At safepoint: 5701 ns, Total: 140262 ns
[2020-10-31T11:23:53.672+0000][info][safepoint    ] Safepoint "Cleanup", Time since last: 1000125861 ns, Reaching safepoint: 132160 ns, At safepoint: 5728 ns, Total: 137888 ns
[2020-10-31T11:23:54.672+0000][info][safepoint    ] Safepoint "Cleanup", Time since last: 1000111544 ns, Reaching safepoint: 134132 ns, At safepoint: 7728 ns, Total: 141860 ns
[2020-10-31T11:23:55.672+0000][info][safepoint    ] Safepoint "Cleanup", Time since last: 1000131593 ns, Reaching safepoint: 137617 ns, At safepoint: 5424 ns, Total: 143041 ns
[2020-10-31T11:23:56.496+0000][info][gc           ] Trigger: Average GC time (668.24 ms) is above the time for allocation rate (319.86 MB/s) to deplete free headroom (213M)
[2020-10-31T11:23:56.496+0000][info][gc,ergo      ] Free headroom: 418M (free) - 204M (spike) - 0M (penalties) = 213M
[2020-10-31T11:23:56.496+0000][info][gc,ergo      ] Free: 418M (209 regions), Max regular: 2048K, Max humongous: 352256K, External frag: 18%, Internal frag: 0%
[2020-10-31T11:23:56.496+0000][info][gc,ergo      ] Evacuation Reserve: 206M (103 regions), Max regular: 2048K
[2020-10-31T11:23:56.496+0000][info][gc,start     ] GC(74) Concurrent reset
[2020-10-31T11:23:56.496+0000][info][gc,task      ] GC(74) Using 1 of 1 workers for concurrent reset
[2020-10-31T11:23:56.505+0000][info][gc           ] GC(74) Concurrent reset 3472M->3472M(4096M) 9.112ms
[2020-10-31T11:23:56.505+0000][info][gc,start     ] GC(74) Pause Init Mark
[2020-10-31T11:23:56.505+0000][info][gc,task      ] GC(74) Using 1 of 1 workers for init marking
[2020-10-31T11:23:56.505+0000][info][gc,ergo      ] GC(74) Pacer for Mark. Expected Live: 116M, Free: 418M, Non-Taxable: 41M, Alloc Tax Rate: 1.0x
[2020-10-31T11:23:56.505+0000][info][gc           ] GC(74) Pause Init Mark 0.482ms
[2020-10-31T11:23:56.505+0000][info][safepoint    ] Safepoint "ShenandoahInitMark", Time since last: 832729879 ns, Reaching safepoint: 141756 ns, At safepoint: 502081 ns, Total: 643837 ns
[2020-10-31T11:23:56.505+0000][info][gc,start     ] GC(74) Concurrent marking
[2020-10-31T11:23:56.506+0000][info][gc,task      ] GC(74) Using 1 of 1 workers for concurrent marking
[2020-10-31T11:23:56.846+0000][info][gc           ] GC(74) Concurrent marking 3474M->3570M(4096M) 340.152ms
[2020-10-31T11:23:56.846+0000][info][gc,start     ] GC(74) Pause Final Mark
[2020-10-31T11:23:56.846+0000][info][gc,task      ] GC(74) Using 1 of 1 workers for final marking
[2020-10-31T11:23:56.846+0000][info][gc,ergo      ] GC(74) Adaptive CSet Selection. Target Free: 409M, Actual Free: 526M, Max CSet: 170M, Min Garbage: 0M
[2020-10-31T11:23:56.847+0000][info][gc,ergo      ] GC(74) Collectable Garbage: 3287M (99% of total), 44M CSet, 1666 CSet regions
[2020-10-31T11:23:56.847+0000][info][gc,ergo      ] GC(74) Immediate Garbage: 0M (0% of total), 0 regions
[2020-10-31T11:23:56.847+0000][info][gc,ergo      ] GC(74) Pacer for Evacuation. Used CSet: 3332M, Free: 320M, Non-Taxable: 32M, Alloc Tax Rate: 25.5x
[2020-10-31T11:23:56.847+0000][info][gc           ] GC(74) Pause Final Mark 1.327ms
[2020-10-31T11:23:56.847+0000][info][safepoint    ] Safepoint "ShenandoahFinalMarkStartEvac", Time since last: 340231267 ns, Reaching safepoint: 60896 ns, At safepoint: 1351342 ns, Total: 1412238 ns
[2020-10-31T11:23:56.847+0000][info][gc,start     ] GC(74) Concurrent cleanup
[2020-10-31T11:23:56.847+0000][info][gc           ] GC(74) Concurrent cleanup 3572M->3572M(4096M) 0.162ms
[2020-10-31T11:23:56.847+0000][info][gc,ergo      ] GC(74) Free: 318M (159 regions), Max regular: 2048K, Max humongous: 323584K, External frag: 1%, Internal frag: 0%
[2020-10-31T11:23:56.847+0000][info][gc,ergo      ] GC(74) Evacuation Reserve: 206M (103 regions), Max regular: 2048K
[2020-10-31T11:23:56.847+0000][info][gc,start     ] GC(74) Concurrent evacuation
[2020-10-31T11:23:56.847+0000][info][gc,task      ] GC(74) Using 1 of 1 workers for concurrent evacuation
[2020-10-31T11:23:56.930+0000][info][gc           ] GC(74) Concurrent evacuation 3572M->3640M(4096M) 82.423ms
[2020-10-31T11:23:56.930+0000][info][gc,start     ] GC(74) Pause Init Update Refs
[2020-10-31T11:23:56.930+0000][info][gc,ergo      ] GC(74) Pacer for Update Refs. Used: 3640M, Free: 296M, Non-Taxable: 29M, Alloc Tax Rate: 15.0x
[2020-10-31T11:23:56.930+0000][info][gc           ] GC(74) Pause Init Update Refs 0.050ms
[2020-10-31T11:23:56.930+0000][info][safepoint    ] Safepoint "ShenandoahInitUpdateRefs", Time since last: 82712058 ns, Reaching safepoint: 144243 ns, At safepoint: 69018 ns, Total: 213261 ns
[2020-10-31T11:23:56.930+0000][info][gc,start     ] GC(74) Concurrent update references
[2020-10-31T11:23:56.930+0000][info][gc,task      ] GC(74) Using 1 of 1 workers for concurrent reference update
[2020-10-31T11:23:57.170+0000][info][gc           ] GC(74) Concurrent update references 3640M->3700M(4096M) 240.043ms
[2020-10-31T11:23:57.170+0000][info][gc,start     ] GC(74) Pause Final Update Refs
[2020-10-31T11:23:57.170+0000][info][gc,task      ] GC(74) Using 1 of 1 workers for final reference update
[2020-10-31T11:23:57.171+0000][info][gc           ] GC(74) Pause Final Update Refs 0.190ms
[2020-10-31T11:23:57.171+0000][info][safepoint    ] Safepoint "ShenandoahFinalUpdateRefs", Time since last: 240135278 ns, Reaching safepoint: 141083 ns, At safepoint: 212450 ns, Total: 353533 ns
[2020-10-31T11:23:57.171+0000][info][gc,start     ] GC(74) Concurrent cleanup
[2020-10-31T11:23:57.171+0000][info][gc           ] GC(74) Concurrent cleanup 3700M->368M(4096M) 0.283ms
[2020-10-31T11:23:57.171+0000][info][gc,ergo      ] Free: 3522M (1761 regions), Max regular: 2048K, Max humongous: 3244032K, External frag: 11%, Internal frag: 0%
[2020-10-31T11:23:57.171+0000][info][gc,ergo      ] Evacuation Reserve: 206M (103 regions), Max regular: 2048K
[2020-10-31T11:23:57.171+0000][info][gc,ergo      ] Pacer for Idle. Initial: 81M, Alloc Tax Rate: 1.0x
[2020-10-31T11:23:58.171+0000][info][safepoint    ] Safepoint "Cleanup", Time since last: 1000079910 ns, Reaching safepoint: 129168 ns, At safepoint: 5248 ns, Total: 134416 ns
[2020-10-31T11:23:59.364+0000][info][safepoint    ] Safepoint "Cleanup", Time since last: 1193210792 ns, Reaching safepoint: 142688 ns, At safepoint: 5078 ns, Total: 147766 ns
[2020-10-31T11:24:00.364+0000][info][safepoint    ] Safepoint "Cleanup", Time since last: 1000109217 ns, Reaching safepoint: 143148 ns, At safepoint: 7606 ns, Total: 150754 ns
[2020-10-31T11:24:01.365+0000][info][safepoint    ] Safepoint "Cleanup", Time since last: 1000111100 ns, Reaching safepoint: 139112 ns, At safepoint: 5687 ns, Total: 144799 ns
[2020-10-31T11:24:02.365+0000][info][safepoint    ] Safepoint "Cleanup", Time since last: 1000108507 ns, Reaching safepoint: 142502 ns, At safepoint: 5268 ns, Total: 147770 ns
[2020-10-31T11:24:03.365+0000][info][safepoint    ] Safepoint "Cleanup", Time since last: 1000109395 ns, Reaching safepoint: 133899 ns, At safepoint: 5019 ns, Total: 138918 ns
[2020-10-31T11:24:04.365+0000][info][safepoint    ] Safepoint "Cleanup", Time since last: 1000108195 ns, Reaching safepoint: 52444 ns, At safepoint: 5496 ns, Total: 57940 ns
[2020-10-31T11:24:05.366+0000][info][safepoint    ] Safepoint "Cleanup", Time since last: 1000109390 ns, Reaching safepoint: 147258 ns, At safepoint: 6065 ns, Total: 153323 ns
[2020-10-31T11:24:06.366+0000][info][safepoint    ] Safepoint "Cleanup", Time since last: 1000108467 ns, Reaching safepoint: 152015 ns, At safepoint: 6200 ns, Total: 158215 ns
[2020-10-31T11:24:06.800+0000][info][gc           ] Trigger: Average GC time (667.07 ms) is above the time for allocation rate (319.09 MB/s) to deplete free headroom (211M)
[2020-10-31T11:24:06.800+0000][info][gc,ergo      ] Free headroom: 416M (free) - 204M (spike) - 0M (penalties) = 211M
[2020-10-31T11:24:06.800+0000][info][gc,ergo      ] Free: 416M (208 regions), Max regular: 2048K, Max humongous: 194560K, External frag: 55%, Internal frag: 0%
[2020-10-31T11:24:06.800+0000][info][gc,ergo      ] Evacuation Reserve: 206M (103 regions), Max regular: 2048K
[2020-10-31T11:24:06.800+0000][info][gc,start     ] GC(75) Concurrent reset
[2020-10-31T11:24:06.800+0000][info][gc,task      ] GC(75) Using 1 of 1 workers for concurrent reset
[2020-10-31T11:24:06.809+0000][info][gc           ] GC(75) Concurrent reset 3474M->3474M(4096M) 8.868ms
[2020-10-31T11:24:06.809+0000][info][gc,start     ] GC(75) Pause Init Mark (process weakrefs)
[2020-10-31T11:24:06.809+0000][info][gc,task      ] GC(75) Using 1 of 1 workers for init marking
[2020-10-31T11:24:06.810+0000][info][gc,ergo      ] GC(75) Pacer for Mark. Expected Live: 116M, Free: 416M, Non-Taxable: 41M, Alloc Tax Rate: 1.0x
[2020-10-31T11:24:06.810+0000][info][gc           ] GC(75) Pause Init Mark (process weakrefs) 0.472ms
[2020-10-31T11:24:06.810+0000][info][safepoint    ] Safepoint "ShenandoahInitMark", Time since last: 443269034 ns, Reaching safepoint: 143092 ns, At safepoint: 492405 ns, Total: 635497 ns
[2020-10-31T11:24:06.810+0000][info][gc,start     ] GC(75) Concurrent marking (process weakrefs)
[2020-10-31T11:24:06.810+0000][info][gc,task      ] GC(75) Using 1 of 1 workers for concurrent marking
[2020-10-31T11:24:07.257+0000][info][gc           ] GC(75) Concurrent marking (process weakrefs) 3476M->3598M(4096M) 446.832ms
[2020-10-31T11:24:07.257+0000][info][gc,start     ] GC(75) Concurrent precleaning
[2020-10-31T11:24:07.257+0000][info][gc,task      ] GC(75) Using 1 of 1 workers for concurrent preclean
[2020-10-31T11:24:07.353+0000][info][gc           ] GC(75) Concurrent precleaning 3598M->3626M(4096M) 96.200ms
[2020-10-31T11:24:07.353+0000][info][gc,start     ] GC(75) Pause Final Mark (process weakrefs)
[2020-10-31T11:24:07.353+0000][info][gc,task      ] GC(75) Using 1 of 1 workers for final marking
[2020-10-31T11:24:07.436+0000][info][gc,ergo      ] GC(75) Adaptive CSet Selection. Target Free: 409M, Actual Free: 470M, Max CSet: 170M, Min Garbage: 0M
[2020-10-31T11:24:07.436+0000][info][gc,ergo      ] GC(75) Collectable Garbage: 3268M (97% of total), 23M CSet, 1646 CSet regions
[2020-10-31T11:24:07.436+0000][info][gc,ergo      ] GC(75) Immediate Garbage: 0M (0% of total), 0 regions
[2020-10-31T11:24:07.437+0000][info][gc,ergo      ] GC(75) Pacer for Evacuation. Used CSet: 3292M, Free: 264M, Non-Taxable: 26M, Alloc Tax Rate: 30.5x
[2020-10-31T11:24:07.437+0000][info][gc           ] GC(75) Pause Final Mark (process weakrefs) 83.517ms
[2020-10-31T11:24:07.437+0000][info][safepoint    ] Safepoint "ShenandoahFinalMarkStartEvac", Time since last: 543159348 ns, Reaching safepoint: 144402 ns, At safepoint: 83542014 ns, Total: 83686416 ns
[2020-10-31T11:24:07.437+0000][info][gc,start     ] GC(75) Concurrent cleanup
[2020-10-31T11:24:07.437+0000][info][gc           ] GC(75) Concurrent cleanup 3628M->3630M(4096M) 0.175ms
[2020-10-31T11:24:07.437+0000][info][gc,ergo      ] GC(75) Free: 260M (130 regions), Max regular: 2048K, Max humongous: 194560K, External frag: 27%, Internal frag: 0%
[2020-10-31T11:24:07.437+0000][info][gc,ergo      ] GC(75) Evacuation Reserve: 205M (103 regions), Max regular: 2048K
[2020-10-31T11:24:07.437+0000][info][gc,start     ] GC(75) Concurrent evacuation
[2020-10-31T11:24:07.437+0000][info][gc,task      ] GC(75) Using 1 of 1 workers for concurrent evacuation
[2020-10-31T11:24:07.569+0000][info][gc           ] GC(75) Concurrent evacuation 3630M->3676M(4096M) 131.683ms
[2020-10-31T11:24:07.569+0000][info][gc,start     ] GC(75) Pause Init Update Refs
[2020-10-31T11:24:07.569+0000][info][gc,ergo      ] GC(75) Pacer for Update Refs. Used: 3676M, Free: 240M, Non-Taxable: 24M, Alloc Tax Rate: 18.7x
[2020-10-31T11:24:07.569+0000][info][gc           ] GC(75) Pause Init Update Refs 0.050ms
[2020-10-31T11:24:07.569+0000][info][safepoint    ] Safepoint "ShenandoahInitUpdateRefs", Time since last: 131994584 ns, Reaching safepoint: 144528 ns, At safepoint: 69328 ns, Total: 213856 ns
[2020-10-31T11:24:07.569+0000][info][gc,start     ] GC(75) Concurrent update references
[2020-10-31T11:24:07.569+0000][info][gc,task      ] GC(75) Using 1 of 1 workers for concurrent reference update
[2020-10-31T11:24:07.844+0000][info][gc           ] GC(75) Concurrent update references 3676M->3734M(4096M) 275.141ms
[2020-10-31T11:24:07.844+0000][info][gc,start     ] GC(75) Pause Final Update Refs
[2020-10-31T11:24:07.844+0000][info][gc,task      ] GC(75) Using 1 of 1 workers for final reference update
[2020-10-31T11:24:07.844+0000][info][gc           ] GC(75) Pause Final Update Refs 0.194ms
[2020-10-31T11:24:07.844+0000][info][safepoint    ] Safepoint "ShenandoahFinalUpdateRefs", Time since last: 275230786 ns, Reaching safepoint: 66193 ns, At safepoint: 217802 ns, Total: 283995 ns
[2020-10-31T11:24:07.844+0000][info][gc,start     ] GC(75) Concurrent cleanup
[2020-10-31T11:24:07.845+0000][info][gc           ] GC(75) Concurrent cleanup 3734M->442M(4096M) 0.327ms
[2020-10-31T11:24:07.845+0000][info][gc,ergo      ] Free: 3448M (1724 regions), Max regular: 2048K, Max humongous: 3180544K, External frag: 10%, Internal frag: 0%
[2020-10-31T11:24:07.845+0000][info][gc,ergo      ] Evacuation Reserve: 206M (103 regions), Max regular: 2048K
[2020-10-31T11:24:07.845+0000][info][gc,ergo      ] Pacer for Idle. Initial: 81M, Alloc Tax Rate: 1.0x
[2020-10-31T11:24:08.845+0000][info][safepoint    ] Safepoint "Cleanup", Time since last: 1000083452 ns, Reaching safepoint: 136622 ns, At safepoint: 4785 ns, Total: 141407 ns
[2020-10-31T11:24:09.845+0000][info][safepoint    ] Safepoint "Cleanup", Time since last: 1000107337 ns, Reaching safepoint: 134140 ns, At safepoint: 3263 ns, Total: 137403 ns
[2020-10-31T11:24:10.845+0000][info][safepoint    ] Safepoint "Cleanup", Time since last: 1000113248 ns, Reaching safepoint: 60461 ns, At safepoint: 6744 ns, Total: 67205 ns
[2020-10-31T11:24:11.845+0000][info][safepoint    ] Safepoint "Cleanup", Time since last: 1000109085 ns, Reaching safepoint: 134207 ns, At safepoint: 5473 ns, Total: 139680 ns
[2020-10-31T11:24:12.845+0000][info][safepoint    ] Safepoint "Cleanup", Time since last: 1000109429 ns, Reaching safepoint: 136880 ns, At safepoint: 5128 ns, Total: 142008 ns
[2020-10-31T11:24:13.846+0000][info][safepoint    ] Safepoint "Cleanup", Time since last: 1000113584 ns, Reaching safepoint: 131742 ns, At safepoint: 4761 ns, Total: 136503 ns
[2020-10-31T11:24:14.846+0000][info][safepoint    ] Safepoint "Cleanup", Time since last: 1000106882 ns, Reaching safepoint: 130319 ns, At safepoint: 5277 ns, Total: 135596 ns
[2020-10-31T11:24:15.846+0000][info][safepoint    ] Safepoint "Cleanup", Time since last: 1000110057 ns, Reaching safepoint: 135359 ns, At safepoint: 5310 ns, Total: 140669 ns
[2020-10-31T11:24:16.846+0000][info][safepoint    ] Safepoint "Cleanup", Time since last: 1000105345 ns, Reaching safepoint: 134285 ns, At safepoint: 3160 ns, Total: 137445 ns
[2020-10-31T11:24:17.349+0000][info][gc           ] Trigger: Free (408M) is below minimum threshold (409M)
[2020-10-31T11:24:17.349+0000][info][gc,ergo      ] Free: 408M (204 regions), Max regular: 2048K, Max humongous: 161792K, External frag: 62%, Internal frag: 0%
[2020-10-31T11:24:17.349+0000][info][gc,ergo      ] Evacuation Reserve: 206M (103 regions), Max regular: 2048K
[2020-10-31T11:24:17.349+0000][info][gc,start     ] GC(76) Concurrent reset
[2020-10-31T11:24:17.349+0000][info][gc,task      ] GC(76) Using 1 of 1 workers for concurrent reset
[2020-10-31T11:24:17.358+0000][info][gc           ] GC(76) Concurrent reset 3482M->3482M(4096M) 8.898ms
[2020-10-31T11:24:17.358+0000][info][gc,start     ] GC(76) Pause Init Mark
[2020-10-31T11:24:17.358+0000][info][gc,task      ] GC(76) Using 1 of 1 workers for init marking
[2020-10-31T11:24:17.358+0000][info][gc,ergo      ] GC(76) Pacer for Mark. Expected Live: 116M, Free: 408M, Non-Taxable: 40M, Alloc Tax Rate: 1.0x
[2020-10-31T11:24:17.358+0000][info][gc           ] GC(76) Pause Init Mark 0.475ms
[2020-10-31T11:24:17.358+0000][info][safepoint    ] Safepoint "ShenandoahInitMark", Time since last: 511256983 ns, Reaching safepoint: 139884 ns, At safepoint: 494321 ns, Total: 634205 ns
[2020-10-31T11:24:17.358+0000][info][gc,start     ] GC(76) Concurrent marking
[2020-10-31T11:24:17.358+0000][info][gc,task      ] GC(76) Using 1 of 1 workers for concurrent marking
[2020-10-31T11:24:17.539+0000][info][gc           ] GC(76) Concurrent marking 3482M->3526M(4096M) 180.208ms
[2020-10-31T11:24:17.539+0000][info][gc,start     ] GC(76) Pause Final Mark
[2020-10-31T11:24:17.539+0000][info][gc,task      ] GC(76) Using 1 of 1 workers for final marking
[2020-10-31T11:24:17.539+0000][info][gc,ergo      ] GC(76) Adaptive CSet Selection. Target Free: 409M, Actual Free: 762M, Max CSet: 170M, Min Garbage: 0M
[2020-10-31T11:24:17.539+0000][info][gc,ergo      ] GC(76) Collectable Garbage: 3240M (94% of total), 43M CSet, 1642 CSet regions
[2020-10-31T11:24:17.539+0000][info][gc,ergo      ] GC(76) Immediate Garbage: 192M (5% of total), 96 regions
[2020-10-31T11:24:17.540+0000][info][gc,ergo      ] GC(76) Pacer for Evacuation. Used CSet: 3284M, Free: 556M, Non-Taxable: 55M, Alloc Tax Rate: 14.4x
[2020-10-31T11:24:17.540+0000][info][gc           ] GC(76) Pause Final Mark 1.394ms
[2020-10-31T11:24:17.540+0000][info][safepoint    ] Safepoint "ShenandoahFinalMarkStartEvac", Time since last: 180301316 ns, Reaching safepoint: 59464 ns, At safepoint: 1414178 ns, Total: 1473642 ns
[2020-10-31T11:24:17.540+0000][info][gc,start     ] GC(76) Concurrent cleanup
[2020-10-31T11:24:17.540+0000][info][gc           ] GC(76) Concurrent cleanup 3526M->3336M(4096M) 0.162ms
[2020-10-31T11:24:17.540+0000][info][gc,ergo      ] GC(76) Free: 554M (277 regions), Max regular: 2048K, Max humongous: 358400K, External frag: 37%, Internal frag: 0%
[2020-10-31T11:24:17.540+0000][info][gc,ergo      ] GC(76) Evacuation Reserve: 205M (103 regions), Max regular: 2048K
[2020-10-31T11:24:17.540+0000][info][gc,start     ] GC(76) Concurrent evacuation
[2020-10-31T11:24:17.540+0000][info][gc,task      ] GC(76) Using 1 of 1 workers for concurrent evacuation
[2020-10-31T11:24:17.622+0000][info][gc           ] GC(76) Concurrent evacuation 3336M->3402M(4096M) 82.071ms
[2020-10-31T11:24:17.623+0000][info][gc,start     ] GC(76) Pause Init Update Refs
[2020-10-31T11:24:17.623+0000][info][gc,ergo      ] GC(76) Pacer for Update Refs. Used: 3402M, Free: 532M, Non-Taxable: 53M, Alloc Tax Rate: 7.8x
[2020-10-31T11:24:17.623+0000][info][gc           ] GC(76) Pause Init Update Refs 0.058ms
[2020-10-31T11:24:17.623+0000][info][safepoint    ] Safepoint "ShenandoahInitUpdateRefs", Time since last: 82350615 ns, Reaching safepoint: 143835 ns, At safepoint: 76380 ns, Total: 220215 ns
[2020-10-31T11:24:17.623+0000][info][gc,start     ] GC(76) Concurrent update references
[2020-10-31T11:24:17.623+0000][info][gc,task      ] GC(76) Using 1 of 1 workers for concurrent reference update
[2020-10-31T11:24:17.749+0000][info][gc           ] GC(76) Concurrent update references 3402M->3436M(4096M) 125.897ms
[2020-10-31T11:24:17.749+0000][info][gc,start     ] GC(76) Pause Final Update Refs
[2020-10-31T11:24:17.749+0000][info][gc,task      ] GC(76) Using 1 of 1 workers for final reference update
[2020-10-31T11:24:17.749+0000][info][gc           ] GC(76) Pause Final Update Refs 0.189ms
[2020-10-31T11:24:17.749+0000][info][safepoint    ] Safepoint "ShenandoahFinalUpdateRefs", Time since last: 125978713 ns, Reaching safepoint: 134896 ns, At safepoint: 209535 ns, Total: 344431 ns
[2020-10-31T11:24:17.749+0000][info][gc,start     ] GC(76) Concurrent cleanup
[2020-10-31T11:24:17.749+0000][info][gc           ] GC(76) Concurrent cleanup 3436M->152M(4096M) 0.280ms
[2020-10-31T11:24:17.749+0000][info][gc,ergo      ] Free: 3738M (1869 regions), Max regular: 2048K, Max humongous: 3112960K, External frag: 19%, Internal frag: 0%
[2020-10-31T11:24:17.749+0000][info][gc,ergo      ] Evacuation Reserve: 206M (103 regions), Max regular: 2048K
[2020-10-31T11:24:17.749+0000][info][gc,ergo      ] Pacer for Idle. Initial: 81M, Alloc Tax Rate: 1.0x
[2020-10-31T11:24:18.749+0000][info][safepoint    ] Safepoint "Cleanup", Time since last: 1000081031 ns, Reaching safepoint: 135835 ns, At safepoint: 5067 ns, Total: 140902 ns
[2020-10-31T11:24:19.749+0000][info][safepoint    ] Safepoint "Cleanup", Time since last: 1000110683 ns, Reaching safepoint: 57791 ns, At safepoint: 6492 ns, Total: 64283 ns
[2020-10-31T11:24:20.750+0000][info][safepoint    ] Safepoint "Cleanup", Time since last: 1000105614 ns, Reaching safepoint: 139804 ns, At safepoint: 5058 ns, Total: 144862 ns
[2020-10-31T11:24:21.750+0000][info][safepoint    ] Safepoint "Cleanup", Time since last: 1000125393 ns, Reaching safepoint: 83379 ns, At safepoint: 6444 ns, Total: 89823 ns
[2020-10-31T11:24:22.750+0000][info][safepoint    ] Safepoint "Cleanup", Time since last: 1000103204 ns, Reaching safepoint: 58843 ns, At safepoint: 5507 ns, Total: 64350 ns
[2020-10-31T11:24:23.750+0000][info][safepoint    ] Safepoint "Cleanup", Time since last: 1000110821 ns, Reaching safepoint: 134837 ns, At safepoint: 5001 ns, Total: 139838 ns
[2020-10-31T11:24:24.751+0000][info][safepoint    ] Safepoint "Cleanup", Time since last: 1000111830 ns, Reaching safepoint: 136861 ns, At safepoint: 5127 ns, Total: 141988 ns
[2020-10-31T11:24:25.751+0000][info][safepoint    ] Safepoint "Cleanup", Time since last: 1000816580 ns, Reaching safepoint: 139761 ns, At safepoint: 3556 ns, Total: 143317 ns
[2020-10-31T11:24:26.752+0000][info][safepoint    ] Safepoint "Cleanup", Time since last: 1000109097 ns, Reaching safepoint: 135726 ns, At safepoint: 15268 ns, Total: 150994 ns
[2020-10-31T11:24:27.752+0000][info][safepoint    ] Safepoint "Cleanup", Time since last: 1000112110 ns, Reaching safepoint: 58409 ns, At safepoint: 6581 ns, Total: 64990 ns
[2020-10-31T11:24:28.071+0000][info][gc           ] Trigger: Average GC time (643.19 ms) is above the time for allocation rate (319.90 MB/s) to deplete free headroom (205M)
[2020-10-31T11:24:28.071+0000][info][gc,ergo      ] Free headroom: 410M (free) - 204M (spike) - 0M (penalties) = 205M
[2020-10-31T11:24:28.071+0000][info][gc,ergo      ] Free: 410M (205 regions), Max regular: 2048K, Max humongous: 417792K, External frag: 1%, Internal frag: 0%
[2020-10-31T11:24:28.071+0000][info][gc,ergo      ] Evacuation Reserve: 206M (103 regions), Max regular: 2048K
[2020-10-31T11:24:28.071+0000][info][gc,start     ] GC(77) Concurrent reset
[2020-10-31T11:24:28.071+0000][info][gc,task      ] GC(77) Using 1 of 1 workers for concurrent reset
[2020-10-31T11:24:28.080+0000][info][gc           ] GC(77) Concurrent reset 3480M->3482M(4096M) 8.616ms
[2020-10-31T11:24:28.080+0000][info][gc,start     ] GC(77) Pause Init Mark
[2020-10-31T11:24:28.080+0000][info][gc,task      ] GC(77) Using 1 of 1 workers for init marking
[2020-10-31T11:24:28.080+0000][info][gc,ergo      ] GC(77) Pacer for Mark. Expected Live: 116M, Free: 408M, Non-Taxable: 40M, Alloc Tax Rate: 1.0x
[2020-10-31T11:24:28.080+0000][info][gc           ] GC(77) Pause Init Mark 0.513ms
[2020-10-31T11:24:28.080+0000][info][safepoint    ] Safepoint "ShenandoahInitMark", Time since last: 327662158 ns, Reaching safepoint: 140939 ns, At safepoint: 534175 ns, Total: 675114 ns
[2020-10-31T11:24:28.080+0000][info][gc,start     ] GC(77) Concurrent marking
[2020-10-31T11:24:28.080+0000][info][gc,task      ] GC(77) Using 1 of 1 workers for concurrent marking
[2020-10-31T11:24:28.321+0000][info][gc           ] GC(77) Concurrent marking 3484M->3554M(4096M) 240.565ms
[2020-10-31T11:24:28.321+0000][info][gc,start     ] GC(77) Pause Final Mark
[2020-10-31T11:24:28.321+0000][info][gc,task      ] GC(77) Using 1 of 1 workers for final marking
[2020-10-31T11:24:28.322+0000][info][gc,ergo      ] GC(77) Adaptive CSet Selection. Target Free: 409M, Actual Free: 542M, Max CSet: 170M, Min Garbage: 0M
[2020-10-31T11:24:28.322+0000][info][gc,ergo      ] GC(77) Collectable Garbage: 3386M (99% of total), 45M CSet, 1716 CSet regions
[2020-10-31T11:24:28.322+0000][info][gc,ergo      ] GC(77) Immediate Garbage: 0M (0% of total), 0 regions
[2020-10-31T11:24:28.322+0000][info][gc,ergo      ] GC(77) Pacer for Evacuation. Used CSet: 3432M, Free: 336M, Non-Taxable: 33M, Alloc Tax Rate: 25.0x
[2020-10-31T11:24:28.322+0000][info][gc           ] GC(77) Pause Final Mark 1.432ms
[2020-10-31T11:24:28.322+0000][info][safepoint    ] Safepoint "ShenandoahFinalMarkStartEvac", Time since last: 240647125 ns, Reaching safepoint: 136712 ns, At safepoint: 1454150 ns, Total: 1590862 ns
[2020-10-31T11:24:28.323+0000][info][gc,start     ] GC(77) Concurrent cleanup
[2020-10-31T11:24:28.323+0000][info][gc           ] GC(77) Concurrent cleanup 3556M->3556M(4096M) 0.176ms
[2020-10-31T11:24:28.323+0000][info][gc,ergo      ] GC(77) Free: 334M (167 regions), Max regular: 2048K, Max humongous: 339968K, External frag: 1%, Internal frag: 0%
[2020-10-31T11:24:28.323+0000][info][gc,ergo      ] GC(77) Evacuation Reserve: 205M (103 regions), Max regular: 2048K
[2020-10-31T11:24:28.323+0000][info][gc,start     ] GC(77) Concurrent evacuation
[2020-10-31T11:24:28.323+0000][info][gc,task      ] GC(77) Using 1 of 1 workers for concurrent evacuation
[2020-10-31T11:24:28.406+0000][info][gc           ] GC(77) Concurrent evacuation 3556M->3622M(4096M) 83.215ms
[2020-10-31T11:24:28.406+0000][info][gc,start     ] GC(77) Pause Init Update Refs
[2020-10-31T11:24:28.406+0000][info][gc,ergo      ] GC(77) Pacer for Update Refs. Used: 3622M, Free: 314M, Non-Taxable: 31M, Alloc Tax Rate: 14.1x
[2020-10-31T11:24:28.406+0000][info][gc           ] GC(77) Pause Init Update Refs 0.052ms
[2020-10-31T11:24:28.406+0000][info][safepoint    ] Safepoint "ShenandoahInitUpdateRefs", Time since last: 83494801 ns, Reaching safepoint: 138838 ns, At safepoint: 70530 ns, Total: 209368 ns
[2020-10-31T11:24:28.406+0000][info][gc,start     ] GC(77) Concurrent update references
[2020-10-31T11:24:28.406+0000][info][gc,task      ] GC(77) Using 1 of 1 workers for concurrent reference update
[2020-10-31T11:24:28.575+0000][info][gc           ] GC(77) Concurrent update references 3624M->3666M(4096M) 168.602ms
[2020-10-31T11:24:28.575+0000][info][gc,start     ] GC(77) Pause Final Update Refs
[2020-10-31T11:24:28.575+0000][info][gc,task      ] GC(77) Using 1 of 1 workers for final reference update
[2020-10-31T11:24:28.575+0000][info][gc           ] GC(77) Pause Final Update Refs 0.188ms
[2020-10-31T11:24:28.575+0000][info][safepoint    ] Safepoint "ShenandoahFinalUpdateRefs", Time since last: 168683987 ns, Reaching safepoint: 139001 ns, At safepoint: 211027 ns, Total: 350028 ns
[2020-10-31T11:24:28.575+0000][info][gc,start     ] GC(77) Concurrent cleanup
[2020-10-31T11:24:28.576+0000][info][gc           ] GC(77) Concurrent cleanup 3666M->234M(4096M) 0.314ms
[2020-10-31T11:24:28.576+0000][info][gc,ergo      ] Free: 3656M (1828 regions), Max regular: 2048K, Max humongous: 3514368K, External frag: 7%, Internal frag: 0%
[2020-10-31T11:24:28.576+0000][info][gc,ergo      ] Evacuation Reserve: 206M (103 regions), Max regular: 2048K
[2020-10-31T11:24:28.576+0000][info][gc,ergo      ] Pacer for Idle. Initial: 81M, Alloc Tax Rate: 1.0x
[2020-10-31T11:24:29.575+0000][info][safepoint    ] Safepoint "Cleanup", Time since last: 1000077768 ns, Reaching safepoint: 133053 ns, At safepoint: 5969 ns, Total: 139022 ns
[2020-10-31T11:24:30.576+0000][info][safepoint    ] Safepoint "Cleanup", Time since last: 1000107869 ns, Reaching safepoint: 132100 ns, At safepoint: 5691 ns, Total: 137791 ns
[2020-10-31T11:24:31.576+0000][info][safepoint    ] Safepoint "Cleanup", Time since last: 1000111314 ns, Reaching safepoint: 133685 ns, At safepoint: 7358 ns, Total: 141043 ns
[2020-10-31T11:24:32.576+0000][info][safepoint    ] Safepoint "Cleanup", Time since last: 1000108967 ns, Reaching safepoint: 133106 ns, At safepoint: 5153 ns, Total: 138259 ns
[2020-10-31T11:24:33.576+0000][info][safepoint    ] Safepoint "Cleanup", Time since last: 1000110233 ns, Reaching safepoint: 130418 ns, At safepoint: 5218 ns, Total: 135636 ns
[2020-10-31T11:24:34.577+0000][info][safepoint    ] Safepoint "Cleanup", Time since last: 1000085944 ns, Reaching safepoint: 139329 ns, At safepoint: 5158 ns, Total: 144487 ns
[2020-10-31T11:24:35.577+0000][info][safepoint    ] Safepoint "Cleanup", Time since last: 1000109110 ns, Reaching safepoint: 134184 ns, At safepoint: 5279 ns, Total: 139463 ns
[2020-10-31T11:24:36.577+0000][info][safepoint    ] Safepoint "Cleanup", Time since last: 1000107445 ns, Reaching safepoint: 53438 ns, At safepoint: 5593 ns, Total: 59031 ns
[2020-10-31T11:24:37.577+0000][info][safepoint    ] Safepoint "Cleanup", Time since last: 1000110798 ns, Reaching safepoint: 135918 ns, At safepoint: 5134 ns, Total: 141052 ns
[2020-10-31T11:24:38.578+0000][info][safepoint    ] Safepoint "Cleanup", Time since last: 1000124447 ns, Reaching safepoint: 134124 ns, At safepoint: 5343 ns, Total: 139467 ns
[2020-10-31T11:24:38.630+0000][info][gc           ] Trigger: Average GC time (643.31 ms) is above the time for allocation rate (320.67 MB/s) to deplete free headroom (205M)
[2020-10-31T11:24:38.630+0000][info][gc,ergo      ] Free headroom: 410M (free) - 204M (spike) - 0M (penalties) = 205M
[2020-10-31T11:24:38.630+0000][info][gc,ergo      ] Free: 410M (205 regions), Max regular: 2048K, Max humongous: 227328K, External frag: 46%, Internal frag: 0%
[2020-10-31T11:24:38.630+0000][info][gc,ergo      ] Evacuation Reserve: 206M (103 regions), Max regular: 2048K
[2020-10-31T11:24:38.630+0000][info][gc,start     ] GC(78) Concurrent reset
[2020-10-31T11:24:38.630+0000][info][gc,task      ] GC(78) Using 1 of 1 workers for concurrent reset
[2020-10-31T11:24:38.639+0000][info][gc           ] GC(78) Concurrent reset 3480M->3480M(4096M) 9.036ms
[2020-10-31T11:24:38.639+0000][info][gc,start     ] GC(78) Pause Init Mark
[2020-10-31T11:24:38.639+0000][info][gc,task      ] GC(78) Using 1 of 1 workers for init marking
[2020-10-31T11:24:38.640+0000][info][gc,ergo      ] GC(78) Pacer for Mark. Expected Live: 116M, Free: 410M, Non-Taxable: 41M, Alloc Tax Rate: 1.0x
[2020-10-31T11:24:38.640+0000][info][gc           ] GC(78) Pause Init Mark 0.485ms
[2020-10-31T11:24:38.640+0000][info][safepoint    ] Safepoint "ShenandoahInitMark", Time since last: 61558181 ns, Reaching safepoint: 135911 ns, At safepoint: 504706 ns, Total: 640617 ns
[2020-10-31T11:24:38.640+0000][info][gc,start     ] GC(78) Concurrent marking
[2020-10-31T11:24:38.640+0000][info][gc,task      ] GC(78) Using 1 of 1 workers for concurrent marking
[2020-10-31T11:24:38.924+0000][info][gc           ] GC(78) Concurrent marking 3480M->3554M(4096M) 284.427ms
[2020-10-31T11:24:38.924+0000][info][gc,start     ] GC(78) Pause Final Mark
[2020-10-31T11:24:38.924+0000][info][gc,task      ] GC(78) Using 1 of 1 workers for final marking
[2020-10-31T11:24:38.925+0000][info][gc,ergo      ] GC(78) Adaptive CSet Selection. Target Free: 409M, Actual Free: 542M, Max CSet: 170M, Min Garbage: 0M
[2020-10-31T11:24:38.925+0000][info][gc,ergo      ] GC(78) Collectable Garbage: 3339M (99% of total), 44M CSet, 1692 CSet regions
[2020-10-31T11:24:38.925+0000][info][gc,ergo      ] GC(78) Immediate Garbage: 0M (0% of total), 0 regions
[2020-10-31T11:24:38.926+0000][info][gc,ergo      ] GC(78) Pacer for Evacuation. Used CSet: 3384M, Free: 336M, Non-Taxable: 33M, Alloc Tax Rate: 24.6x
[2020-10-31T11:24:38.926+0000][info][gc           ] GC(78) Pause Final Mark 1.406ms
[2020-10-31T11:24:38.926+0000][info][safepoint    ] Safepoint "ShenandoahFinalMarkStartEvac", Time since last: 284510550 ns, Reaching safepoint: 143104 ns, At safepoint: 1426899 ns, Total: 1570003 ns
[2020-10-31T11:24:38.926+0000][info][gc,start     ] GC(78) Concurrent cleanup
[2020-10-31T11:24:38.926+0000][info][gc           ] GC(78) Concurrent cleanup 3556M->3558M(4096M) 0.167ms
[2020-10-31T11:24:38.926+0000][info][gc,ergo      ] GC(78) Free: 332M (166 regions), Max regular: 2048K, Max humongous: 227328K, External frag: 34%, Internal frag: 0%
[2020-10-31T11:24:38.926+0000][info][gc,ergo      ] GC(78) Evacuation Reserve: 206M (103 regions), Max regular: 2048K
[2020-10-31T11:24:38.926+0000][info][gc,start     ] GC(78) Concurrent evacuation
[2020-10-31T11:24:38.926+0000][info][gc,task      ] GC(78) Using 1 of 1 workers for concurrent evacuation
[2020-10-31T11:24:39.009+0000][info][gc           ] GC(78) Concurrent evacuation 3558M->3624M(4096M) 82.750ms
[2020-10-31T11:24:39.009+0000][info][gc,start     ] GC(78) Pause Init Update Refs
[2020-10-31T11:24:39.009+0000][info][gc,ergo      ] GC(78) Pacer for Update Refs. Used: 3624M, Free: 312M, Non-Taxable: 31M, Alloc Tax Rate: 14.2x
[2020-10-31T11:24:39.009+0000][info][gc           ] GC(78) Pause Init Update Refs 0.053ms
[2020-10-31T11:24:39.009+0000][info][safepoint    ] Safepoint "ShenandoahInitUpdateRefs", Time since last: 83036664 ns, Reaching safepoint: 138544 ns, At safepoint: 72487 ns, Total: 211031 ns
[2020-10-31T11:24:39.009+0000][info][gc,start     ] GC(78) Concurrent update references
[2020-10-31T11:24:39.009+0000][info][gc,task      ] GC(78) Using 1 of 1 workers for concurrent reference update
[2020-10-31T11:24:39.213+0000][info][gc           ] GC(78) Concurrent update references 3626M->3678M(4096M) 203.728ms
[2020-10-31T11:24:39.213+0000][info][gc,start     ] GC(78) Pause Final Update Refs
[2020-10-31T11:24:39.213+0000][info][gc,task      ] GC(78) Using 1 of 1 workers for final reference update
[2020-10-31T11:24:39.213+0000][info][gc           ] GC(78) Pause Final Update Refs 0.184ms
[2020-10-31T11:24:39.213+0000][info][safepoint    ] Safepoint "ShenandoahFinalUpdateRefs", Time since last: 203827031 ns, Reaching safepoint: 128694 ns, At safepoint: 205381 ns, Total: 334075 ns
[2020-10-31T11:24:39.213+0000][info][gc,start     ] GC(78) Concurrent cleanup
[2020-10-31T11:24:39.214+0000][info][gc           ] GC(78) Concurrent cleanup 3678M->294M(4096M) 0.310ms
[2020-10-31T11:24:39.214+0000][info][gc,ergo      ] Free: 3596M (1798 regions), Max regular: 2048K, Max humongous: 3323904K, External frag: 10%, Internal frag: 0%
[2020-10-31T11:24:39.214+0000][info][gc,ergo      ] Evacuation Reserve: 206M (103 regions), Max regular: 2048K
[2020-10-31T11:24:39.214+0000][info][gc,ergo      ] Pacer for Idle. Initial: 81M, Alloc Tax Rate: 1.0x
[2020-10-31T11:24:40.213+0000][info][safepoint    ] Safepoint "Cleanup", Time since last: 1000080087 ns, Reaching safepoint: 54251 ns, At safepoint: 5416 ns, Total: 59667 ns
[2020-10-31T11:24:41.214+0000][info][safepoint    ] Safepoint "Cleanup", Time since last: 1000105028 ns, Reaching safepoint: 59434 ns, At safepoint: 4677 ns, Total: 64111 ns
[2020-10-31T11:24:42.214+0000][info][safepoint    ] Safepoint "Cleanup", Time since last: 1000106027 ns, Reaching safepoint: 53642 ns, At safepoint: 4246 ns, Total: 57888 ns
[2020-10-31T11:24:43.214+0000][info][safepoint    ] Safepoint "Cleanup", Time since last: 1000106492 ns, Reaching safepoint: 59525 ns, At safepoint: 6883 ns, Total: 66408 ns
[2020-10-31T11:24:44.214+0000][info][safepoint    ] Safepoint "Cleanup", Time since last: 1000112752 ns, Reaching safepoint: 130479 ns, At safepoint: 5776 ns, Total: 136255 ns
[2020-10-31T11:24:45.214+0000][info][safepoint    ] Safepoint "Cleanup", Time since last: 1000107978 ns, Reaching safepoint: 56602 ns, At safepoint: 5544 ns, Total: 62146 ns
[2020-10-31T11:24:46.215+0000][info][safepoint    ] Safepoint "Cleanup", Time since last: 1000109338 ns, Reaching safepoint: 132715 ns, At safepoint: 4922 ns, Total: 137637 ns
[2020-10-31T11:24:47.215+0000][info][safepoint    ] Safepoint "Cleanup", Time since last: 1000108155 ns, Reaching safepoint: 135715 ns, At safepoint: 5597 ns, Total: 141312 ns
[2020-10-31T11:24:48.215+0000][info][safepoint    ] Safepoint "Cleanup", Time since last: 1000110073 ns, Reaching safepoint: 145372 ns, At safepoint: 5549 ns, Total: 150921 ns
[2020-10-31T11:24:49.082+0000][info][gc           ] Trigger: Free (408M) is below minimum threshold (409M)
[2020-10-31T11:24:49.082+0000][info][gc,ergo      ] Free: 408M (204 regions), Max regular: 2048K, Max humongous: 356352K, External frag: 15%, Internal frag: 0%
[2020-10-31T11:24:49.082+0000][info][gc,ergo      ] Evacuation Reserve: 206M (103 regions), Max regular: 2048K
[2020-10-31T11:24:49.082+0000][info][gc,start     ] GC(79) Concurrent reset
[2020-10-31T11:24:49.082+0000][info][gc,task      ] GC(79) Using 1 of 1 workers for concurrent reset
[2020-10-31T11:24:49.091+0000][info][gc           ] GC(79) Concurrent reset 3482M->3482M(4096M) 9.076ms
[2020-10-31T11:24:49.091+0000][info][gc,start     ] GC(79) Pause Init Mark
[2020-10-31T11:24:49.091+0000][info][gc,task      ] GC(79) Using 1 of 1 workers for init marking
[2020-10-31T11:24:49.091+0000][info][gc,ergo      ] GC(79) Pacer for Mark. Expected Live: 116M, Free: 408M, Non-Taxable: 40M, Alloc Tax Rate: 1.0x
[2020-10-31T11:24:49.091+0000][info][gc           ] GC(79) Pause Init Mark 0.460ms
[2020-10-31T11:24:49.091+0000][info][safepoint    ] Safepoint "ShenandoahInitMark", Time since last: 875686029 ns, Reaching safepoint: 134137 ns, At safepoint: 494506 ns, Total: 628643 ns
[2020-10-31T11:24:49.091+0000][info][gc,start     ] GC(79) Concurrent marking
[2020-10-31T11:24:49.091+0000][info][gc,task      ] GC(79) Using 1 of 1 workers for concurrent marking
[2020-10-31T11:24:49.432+0000][info][gc           ] GC(79) Concurrent marking 3482M->3570M(4096M) 340.458ms
[2020-10-31T11:24:49.432+0000][info][gc,start     ] GC(79) Pause Final Mark
[2020-10-31T11:24:49.432+0000][info][gc,task      ] GC(79) Using 1 of 1 workers for final marking
[2020-10-31T11:24:49.433+0000][info][gc,ergo      ] GC(79) Adaptive CSet Selection. Target Free: 409M, Actual Free: 526M, Max CSet: 170M, Min Garbage: 0M
[2020-10-31T11:24:49.433+0000][info][gc,ergo      ] GC(79) Collectable Garbage: 3297M (99% of total), 44M CSet, 1671 CSet regions
[2020-10-31T11:24:49.433+0000][info][gc,ergo      ] GC(79) Immediate Garbage: 0M (0% of total), 0 regions
[2020-10-31T11:24:49.433+0000][info][gc,ergo      ] GC(79) Pacer for Evacuation. Used CSet: 3342M, Free: 320M, Non-Taxable: 32M, Alloc Tax Rate: 25.5x
[2020-10-31T11:24:49.433+0000][info][gc           ] GC(79) Pause Final Mark 1.414ms
[2020-10-31T11:24:49.433+0000][info][safepoint    ] Safepoint "ShenandoahFinalMarkStartEvac", Time since last: 340536610 ns, Reaching safepoint: 65599 ns, At safepoint: 1436452 ns, Total: 1502051 ns
[2020-10-31T11:24:49.433+0000][info][gc,start     ] GC(79) Concurrent cleanup
[2020-10-31T11:24:49.434+0000][info][gc           ] GC(79) Concurrent cleanup 3572M->3574M(4096M) 0.174ms
[2020-10-31T11:24:49.434+0000][info][gc,ergo      ] GC(79) Free: 316M (158 regions), Max regular: 2048K, Max humongous: 321536K, External frag: 1%, Internal frag: 0%
[2020-10-31T11:24:49.434+0000][info][gc,ergo      ] GC(79) Evacuation Reserve: 205M (103 regions), Max regular: 2048K
[2020-10-31T11:24:49.434+0000][info][gc,start     ] GC(79) Concurrent evacuation
[2020-10-31T11:24:49.434+0000][info][gc,task      ] GC(79) Using 1 of 1 workers for concurrent evacuation
[2020-10-31T11:24:49.516+0000][info][gc           ] GC(79) Concurrent evacuation 3574M->3640M(4096M) 82.696ms
[2020-10-31T11:24:49.517+0000][info][gc,start     ] GC(79) Pause Init Update Refs
[2020-10-31T11:24:49.517+0000][info][gc,ergo      ] GC(79) Pacer for Update Refs. Used: 3640M, Free: 296M, Non-Taxable: 29M, Alloc Tax Rate: 15.0x
[2020-10-31T11:24:49.517+0000][info][gc           ] GC(79) Pause Init Update Refs 0.057ms
[2020-10-31T11:24:49.517+0000][info][safepoint    ] Safepoint "ShenandoahInitUpdateRefs", Time since last: 82995111 ns, Reaching safepoint: 142806 ns, At safepoint: 75662 ns, Total: 218468 ns
[2020-10-31T11:24:49.517+0000][info][gc,start     ] GC(79) Concurrent update references
[2020-10-31T11:24:49.517+0000][info][gc,task      ] GC(79) Using 1 of 1 workers for concurrent reference update
[2020-10-31T11:24:49.758+0000][info][gc           ] GC(79) Concurrent update references 3642M->3702M(4096M) 241.772ms
[2020-10-31T11:24:49.759+0000][info][gc,start     ] GC(79) Pause Final Update Refs
[2020-10-31T11:24:49.759+0000][info][gc,task      ] GC(79) Using 1 of 1 workers for final reference update
[2020-10-31T11:24:49.759+0000][info][gc           ] GC(79) Pause Final Update Refs 0.188ms
[2020-10-31T11:24:49.759+0000][info][safepoint    ] Safepoint "ShenandoahFinalUpdateRefs", Time since last: 241853555 ns, Reaching safepoint: 137301 ns, At safepoint: 209960 ns, Total: 347261 ns
[2020-10-31T11:24:49.759+0000][info][gc,start     ] GC(79) Concurrent cleanup
[2020-10-31T11:24:49.759+0000][info][gc           ] GC(79) Concurrent cleanup 3702M->360M(4096M) 0.313ms
[2020-10-31T11:24:49.759+0000][info][gc,ergo      ] Free: 3530M (1765 regions), Max regular: 2048K, Max humongous: 3264512K, External frag: 10%, Internal frag: 0%
[2020-10-31T11:24:49.759+0000][info][gc,ergo      ] Evacuation Reserve: 206M (103 regions), Max regular: 2048K
[2020-10-31T11:24:49.759+0000][info][gc,ergo      ] Pacer for Idle. Initial: 81M, Alloc Tax Rate: 1.0x
[2020-10-31T11:24:50.759+0000][info][safepoint    ] Safepoint "Cleanup", Time since last: 1000082407 ns, Reaching safepoint: 133594 ns, At safepoint: 4984 ns, Total: 138578 ns
[2020-10-31T11:24:51.759+0000][info][safepoint    ] Safepoint "Cleanup", Time since last: 1000111583 ns, Reaching safepoint: 136366 ns, At safepoint: 5410 ns, Total: 141776 ns
[2020-10-31T11:24:52.760+0000][info][safepoint    ] Safepoint "Cleanup", Time since last: 1000109647 ns, Reaching safepoint: 156964 ns, At safepoint: 2984 ns, Total: 159948 ns
[2020-10-31T11:24:53.760+0000][info][safepoint    ] Safepoint "Cleanup", Time since last: 1000105782 ns, Reaching safepoint: 61480 ns, At safepoint: 5233 ns, Total: 66713 ns
[2020-10-31T11:24:54.760+0000][info][safepoint    ] Safepoint "Cleanup", Time since last: 1000113160 ns, Reaching safepoint: 136381 ns, At safepoint: 5746 ns, Total: 142127 ns
[2020-10-31T11:24:55.760+0000][info][safepoint    ] Safepoint "Cleanup", Time since last: 1000112797 ns, Reaching safepoint: 139579 ns, At safepoint: 5123 ns, Total: 144702 ns
[2020-10-31T11:24:56.761+0000][info][safepoint    ] Safepoint "Cleanup", Time since last: 1000109454 ns, Reaching safepoint: 146312 ns, At safepoint: 3662 ns, Total: 149974 ns
[2020-10-31T11:24:57.761+0000][info][safepoint    ] Safepoint "Cleanup", Time since last: 1000105655 ns, Reaching safepoint: 134142 ns, At safepoint: 3092 ns, Total: 137234 ns
[2020-10-31T11:24:58.761+0000][info][safepoint    ] Safepoint "Cleanup", Time since last: 1000112280 ns, Reaching safepoint: 132175 ns, At safepoint: 5400 ns, Total: 137575 ns
[2020-10-31T11:24:59.650+0000][info][gc           ] Trigger: Free (408M) is below minimum threshold (409M)
[2020-10-31T11:24:59.650+0000][info][gc,ergo      ] Free: 408M (204 regions), Max regular: 2048K, Max humongous: 192512K, External frag: 54%, Internal frag: 0%
[2020-10-31T11:24:59.650+0000][info][gc,ergo      ] Evacuation Reserve: 206M (103 regions), Max regular: 2048K
[2020-10-31T11:24:59.650+0000][info][gc,start     ] GC(80) Concurrent reset
[2020-10-31T11:24:59.650+0000][info][gc,task      ] GC(80) Using 1 of 1 workers for concurrent reset
[2020-10-31T11:24:59.659+0000][info][gc           ] GC(80) Concurrent reset 3482M->3484M(4096M) 9.023ms
[2020-10-31T11:24:59.659+0000][info][gc,start     ] GC(80) Pause Init Mark (process weakrefs)
[2020-10-31T11:24:59.659+0000][info][gc,task      ] GC(80) Using 1 of 1 workers for init marking
[2020-10-31T11:24:59.660+0000][info][gc,ergo      ] GC(80) Pacer for Mark. Expected Live: 116M, Free: 406M, Non-Taxable: 40M, Alloc Tax Rate: 1.1x
[2020-10-31T11:24:59.660+0000][info][gc           ] GC(80) Pause Init Mark (process weakrefs) 0.465ms
[2020-10-31T11:24:59.660+0000][info][safepoint    ] Safepoint "ShenandoahInitMark", Time since last: 898028577 ns, Reaching safepoint: 133203 ns, At safepoint: 486613 ns, Total: 619816 ns
[2020-10-31T11:24:59.660+0000][info][gc,start     ] GC(80) Concurrent marking (process weakrefs)
[2020-10-31T11:24:59.660+0000][info][gc,task      ] GC(80) Using 1 of 1 workers for concurrent marking
[2020-10-31T11:25:00.104+0000][info][gc           ] GC(80) Concurrent marking (process weakrefs) 3486M->3606M(4096M) 444.445ms
[2020-10-31T11:25:00.104+0000][info][gc,start     ] GC(80) Concurrent precleaning
[2020-10-31T11:25:00.104+0000][info][gc,task      ] GC(80) Using 1 of 1 workers for concurrent preclean
[2020-10-31T11:25:00.201+0000][info][gc           ] GC(80) Concurrent precleaning 3606M->3636M(4096M) 97.040ms
[2020-10-31T11:25:00.201+0000][info][gc,start     ] GC(80) Pause Final Mark (process weakrefs)
[2020-10-31T11:25:00.201+0000][info][gc,task      ] GC(80) Using 1 of 1 workers for final marking
[2020-10-31T11:25:00.285+0000][info][gc,ergo      ] GC(80) Adaptive CSet Selection. Target Free: 409M, Actual Free: 460M, Max CSet: 170M, Min Garbage: 0M
[2020-10-31T11:25:00.285+0000][info][gc,ergo      ] GC(80) Collectable Garbage: 3277M (97% of total), 24M CSet, 1651 CSet regions
[2020-10-31T11:25:00.285+0000][info][gc,ergo      ] GC(80) Immediate Garbage: 0M (0% of total), 0 regions
[2020-10-31T11:25:00.286+0000][info][gc,ergo      ] GC(80) Pacer for Evacuation. Used CSet: 3302M, Free: 254M, Non-Taxable: 25M, Alloc Tax Rate: 31.8x
[2020-10-31T11:25:00.286+0000][info][gc           ] GC(80) Pause Final Mark (process weakrefs) 84.218ms
[2020-10-31T11:25:00.286+0000][info][safepoint    ] Safepoint "ShenandoahFinalMarkStartEvac", Time since last: 541606461 ns, Reaching safepoint: 139281 ns, At safepoint: 84241791 ns, Total: 84381072 ns
[2020-10-31T11:25:00.286+0000][info][gc,start     ] GC(80) Concurrent cleanup
[2020-10-31T11:25:00.286+0000][info][gc           ] GC(80) Concurrent cleanup 3636M->3636M(4096M) 0.206ms
[2020-10-31T11:25:00.286+0000][info][gc,ergo      ] GC(80) Free: 252M (126 regions), Max regular: 2048K, Max humongous: 192512K, External frag: 26%, Internal frag: 0%
[2020-10-31T11:25:00.286+0000][info][gc,ergo      ] GC(80) Evacuation Reserve: 205M (103 regions), Max regular: 2048K
[2020-10-31T11:25:00.286+0000][info][gc,start     ] GC(80) Concurrent evacuation
[2020-10-31T11:25:00.286+0000][info][gc,task      ] GC(80) Using 1 of 1 workers for concurrent evacuation
[2020-10-31T11:25:00.403+0000][info][gc           ] GC(80) Concurrent evacuation 3636M->3682M(4096M) 117.132ms
[2020-10-31T11:25:00.403+0000][info][gc,start     ] GC(80) Pause Init Update Refs
[2020-10-31T11:25:00.403+0000][info][gc,ergo      ] GC(80) Pacer for Update Refs. Used: 3682M, Free: 234M, Non-Taxable: 23M, Alloc Tax Rate: 19.2x
[2020-10-31T11:25:00.403+0000][info][gc           ] GC(80) Pause Init Update Refs 0.053ms
[2020-10-31T11:25:00.403+0000][info][safepoint    ] Safepoint "ShenandoahInitUpdateRefs", Time since last: 117463964 ns, Reaching safepoint: 137243 ns, At safepoint: 74516 ns, Total: 211759 ns
[2020-10-31T11:25:00.403+0000][info][gc,start     ] GC(80) Concurrent update references
[2020-10-31T11:25:00.403+0000][info][gc,task      ] GC(80) Using 1 of 1 workers for concurrent reference update
[2020-10-31T11:25:00.740+0000][info][gc           ] GC(80) Concurrent update references 3684M->3762M(4096M) 336.496ms
[2020-10-31T11:25:00.740+0000][info][gc,start     ] GC(80) Pause Final Update Refs
[2020-10-31T11:25:00.740+0000][info][gc,task      ] GC(80) Using 1 of 1 workers for final reference update
[2020-10-31T11:25:00.740+0000][info][gc           ] GC(80) Pause Final Update Refs 0.197ms
[2020-10-31T11:25:00.740+0000][info][safepoint    ] Safepoint "ShenandoahFinalUpdateRefs", Time since last: 336583909 ns, Reaching safepoint: 156182 ns, At safepoint: 221905 ns, Total: 378087 ns
[2020-10-31T11:25:00.740+0000][info][gc,start     ] GC(80) Concurrent cleanup
[2020-10-31T11:25:00.741+0000][info][gc           ] GC(80) Concurrent cleanup 3762M->460M(4096M) 0.313ms
[2020-10-31T11:25:00.741+0000][info][gc,ergo      ] Free: 3430M (1715 regions), Max regular: 2048K, Max humongous: 3198976K, External frag: 9%, Internal frag: 0%
[2020-10-31T11:25:00.741+0000][info][gc,ergo      ] Evacuation Reserve: 206M (103 regions), Max regular: 2048K
[2020-10-31T11:25:00.741+0000][info][gc,ergo      ] Pacer for Idle. Initial: 81M, Alloc Tax Rate: 1.0x
[2020-10-31T11:25:01.740+0000][info][safepoint    ] Safepoint "Cleanup", Time since last: 1000085974 ns, Reaching safepoint: 56327 ns, At safepoint: 5461 ns, Total: 61788 ns
[2020-10-31T11:25:02.741+0000][info][safepoint    ] Safepoint "Cleanup", Time since last: 1000118736 ns, Reaching safepoint: 55224 ns, At safepoint: 6046 ns, Total: 61270 ns
[2020-10-31T11:25:03.741+0000][info][safepoint    ] Safepoint "Cleanup", Time since last: 1000114872 ns, Reaching safepoint: 138509 ns, At safepoint: 4995 ns, Total: 143504 ns
[2020-10-31T11:25:04.741+0000][info][safepoint    ] Safepoint "Cleanup", Time since last: 1000110207 ns, Reaching safepoint: 130832 ns, At safepoint: 5513 ns, Total: 136345 ns
[2020-10-31T11:25:05.741+0000][info][safepoint    ] Safepoint "Cleanup", Time since last: 1000109459 ns, Reaching safepoint: 54310 ns, At safepoint: 5686 ns, Total: 59996 ns
[2020-10-31T11:25:06.742+0000][info][safepoint    ] Safepoint "Cleanup", Time since last: 1000108428 ns, Reaching safepoint: 91163 ns, At safepoint: 6103 ns, Total: 97266 ns
[2020-10-31T11:25:07.742+0000][info][safepoint    ] Safepoint "Cleanup", Time since last: 1000118435 ns, Reaching safepoint: 134183 ns, At safepoint: 2897 ns, Total: 137080 ns
[2020-10-31T11:25:08.926+0000][info][safepoint    ] Safepoint "Cleanup", Time since last: 1184466927 ns, Reaching safepoint: 133884 ns, At safepoint: 5668 ns, Total: 139552 ns
[2020-10-31T11:25:09.927+0000][info][safepoint    ] Safepoint "Cleanup", Time since last: 1000107715 ns, Reaching safepoint: 56284 ns, At safepoint: 6949 ns, Total: 63233 ns
[2020-10-31T11:25:10.189+0000][info][gc           ] Trigger: Free (408M) is below minimum threshold (409M)
[2020-10-31T11:25:10.189+0000][info][gc,ergo      ] Free: 408M (204 regions), Max regular: 2048K, Max humongous: 133120K, External frag: 69%, Internal frag: 0%
[2020-10-31T11:25:10.189+0000][info][gc,ergo      ] Evacuation Reserve: 206M (103 regions), Max regular: 2048K
[2020-10-31T11:25:10.189+0000][info][gc,start     ] GC(81) Concurrent reset
[2020-10-31T11:25:10.189+0000][info][gc,task      ] GC(81) Using 1 of 1 workers for concurrent reset
[2020-10-31T11:25:10.198+0000][info][gc           ] GC(81) Concurrent reset 3482M->3482M(4096M) 8.943ms
[2020-10-31T11:25:10.198+0000][info][gc,start     ] GC(81) Pause Init Mark
[2020-10-31T11:25:10.198+0000][info][gc,task      ] GC(81) Using 1 of 1 workers for init marking
[2020-10-31T11:25:10.198+0000][info][gc,ergo      ] GC(81) Pacer for Mark. Expected Live: 116M, Free: 408M, Non-Taxable: 40M, Alloc Tax Rate: 1.0x
[2020-10-31T11:25:10.198+0000][info][gc           ] GC(81) Pause Init Mark 0.463ms
[2020-10-31T11:25:10.198+0000][info][safepoint    ] Safepoint "ShenandoahInitMark", Time since last: 271357630 ns, Reaching safepoint: 58389 ns, At safepoint: 483022 ns, Total: 541411 ns
[2020-10-31T11:25:10.198+0000][info][gc,start     ] GC(81) Concurrent marking
[2020-10-31T11:25:10.199+0000][info][gc,task      ] GC(81) Using 1 of 1 workers for concurrent marking
[2020-10-31T11:25:10.372+0000][info][gc           ] GC(81) Concurrent marking 3482M->3526M(4096M) 173.088ms
[2020-10-31T11:25:10.372+0000][info][gc,start     ] GC(81) Pause Final Mark
[2020-10-31T11:25:10.372+0000][info][gc,task      ] GC(81) Using 1 of 1 workers for final marking
[2020-10-31T11:25:10.372+0000][info][gc,ergo      ] GC(81) Adaptive CSet Selection. Target Free: 409M, Actual Free: 766M, Max CSet: 170M, Min Garbage: 0M
[2020-10-31T11:25:10.373+0000][info][gc,ergo      ] GC(81) Collectable Garbage: 3234M (94% of total), 43M CSet, 1639 CSet regions
[2020-10-31T11:25:10.373+0000][info][gc,ergo      ] GC(81) Immediate Garbage: 198M (5% of total), 99 regions
[2020-10-31T11:25:10.373+0000][info][gc,ergo      ] GC(81) Pacer for Evacuation. Used CSet: 3278M, Free: 560M, Non-Taxable: 56M, Alloc Tax Rate: 14.3x
[2020-10-31T11:25:10.373+0000][info][gc           ] GC(81) Pause Final Mark 1.330ms
[2020-10-31T11:25:10.373+0000][info][safepoint    ] Safepoint "ShenandoahFinalMarkStartEvac", Time since last: 173178740 ns, Reaching safepoint: 133569 ns, At safepoint: 1352165 ns, Total: 1485734 ns
[2020-10-31T11:25:10.373+0000][info][gc,start     ] GC(81) Concurrent cleanup
[2020-10-31T11:25:10.373+0000][info][gc           ] GC(81) Concurrent cleanup 3528M->3332M(4096M) 0.163ms
[2020-10-31T11:25:10.373+0000][info][gc,ergo      ] GC(81) Free: 558M (279 regions), Max regular: 2048K, Max humongous: 335872K, External frag: 42%, Internal frag: 0%
[2020-10-31T11:25:10.373+0000][info][gc,ergo      ] GC(81) Evacuation Reserve: 205M (103 regions), Max regular: 2048K
[2020-10-31T11:25:10.373+0000][info][gc,start     ] GC(81) Concurrent evacuation
[2020-10-31T11:25:10.373+0000][info][gc,task      ] GC(81) Using 1 of 1 workers for concurrent evacuation
[2020-10-31T11:25:10.453+0000][info][gc           ] GC(81) Concurrent evacuation 3332M->3394M(4096M) 79.702ms
[2020-10-31T11:25:10.453+0000][info][gc,start     ] GC(81) Pause Init Update Refs
[2020-10-31T11:25:10.453+0000][info][gc,ergo      ] GC(81) Pacer for Update Refs. Used: 3394M, Free: 540M, Non-Taxable: 54M, Alloc Tax Rate: 7.7x
[2020-10-31T11:25:10.453+0000][info][gc           ] GC(81) Pause Init Update Refs 0.069ms
[2020-10-31T11:25:10.453+0000][info][safepoint    ] Safepoint "ShenandoahInitUpdateRefs", Time since last: 79975993 ns, Reaching safepoint: 143728 ns, At safepoint: 88887 ns, Total: 232615 ns
[2020-10-31T11:25:10.453+0000][info][gc,start     ] GC(81) Concurrent update references
[2020-10-31T11:25:10.453+0000][info][gc,task      ] GC(81) Using 1 of 1 workers for concurrent reference update
[2020-10-31T11:25:10.577+0000][info][gc           ] GC(81) Concurrent update references 3396M->3428M(4096M) 123.750ms
[2020-10-31T11:25:10.577+0000][info][gc,start     ] GC(81) Pause Final Update Refs
[2020-10-31T11:25:10.577+0000][info][gc,task      ] GC(81) Using 1 of 1 workers for final reference update
[2020-10-31T11:25:10.578+0000][info][gc           ] GC(81) Pause Final Update Refs 0.183ms
[2020-10-31T11:25:10.578+0000][info][safepoint    ] Safepoint "ShenandoahFinalUpdateRefs", Time since last: 123833471 ns, Reaching safepoint: 140263 ns, At safepoint: 203891 ns, Total: 344154 ns
[2020-10-31T11:25:10.578+0000][info][gc,start     ] GC(81) Concurrent cleanup
[2020-10-31T11:25:10.578+0000][info][gc           ] GC(81) Concurrent cleanup 3428M->150M(4096M) 0.307ms
[2020-10-31T11:25:10.578+0000][info][gc,ergo      ] Free: 3740M (1870 regions), Max regular: 2048K, Max humongous: 3094528K, External frag: 20%, Internal frag: 0%
[2020-10-31T11:25:10.578+0000][info][gc,ergo      ] Evacuation Reserve: 206M (103 regions), Max regular: 2048K
[2020-10-31T11:25:10.578+0000][info][gc,ergo      ] Pacer for Idle. Initial: 81M, Alloc Tax Rate: 1.0x
[2020-10-31T11:25:11.578+0000][info][safepoint    ] Safepoint "Cleanup", Time since last: 1000084013 ns, Reaching safepoint: 138384 ns, At safepoint: 5136 ns, Total: 143520 ns
[2020-10-31T11:25:12.578+0000][info][safepoint    ] Safepoint "Cleanup", Time since last: 1000106346 ns, Reaching safepoint: 61560 ns, At safepoint: 7584 ns, Total: 69144 ns
[2020-10-31T11:25:13.578+0000][info][safepoint    ] Safepoint "Cleanup", Time since last: 1000109411 ns, Reaching safepoint: 130318 ns, At safepoint: 6359 ns, Total: 136677 ns
[2020-10-31T11:25:14.578+0000][info][safepoint    ] Safepoint "Cleanup", Time since last: 1000103811 ns, Reaching safepoint: 60466 ns, At safepoint: 6861 ns, Total: 67327 ns
[2020-10-31T11:25:15.579+0000][info][safepoint    ] Safepoint "Cleanup", Time since last: 1000106928 ns, Reaching safepoint: 135738 ns, At safepoint: 5237 ns, Total: 140975 ns
[2020-10-31T11:25:16.579+0000][info][safepoint    ] Safepoint "Cleanup", Time since last: 1000109130 ns, Reaching safepoint: 56777 ns, At safepoint: 5647 ns, Total: 62424 ns
[2020-10-31T11:25:17.579+0000][info][safepoint    ] Safepoint "Cleanup", Time since last: 1000107712 ns, Reaching safepoint: 132629 ns, At safepoint: 3204 ns, Total: 135833 ns
[2020-10-31T11:25:18.579+0000][info][safepoint    ] Safepoint "Cleanup", Time since last: 1000109318 ns, Reaching safepoint: 132711 ns, At safepoint: 4975 ns, Total: 137686 ns
[2020-10-31T11:25:19.580+0000][info][safepoint    ] Safepoint "Cleanup", Time since last: 1000107629 ns, Reaching safepoint: 132217 ns, At safepoint: 5069 ns, Total: 137286 ns
[2020-10-31T11:25:20.580+0000][info][safepoint    ] Safepoint "Cleanup", Time since last: 1000110173 ns, Reaching safepoint: 139925 ns, At safepoint: 4951 ns, Total: 144876 ns
[2020-10-31T11:25:20.896+0000][info][gc           ] Trigger: Average GC time (649.09 ms) is above the time for allocation rate (320.18 MB/s) to deplete free headroom (207M)
[2020-10-31T11:25:20.896+0000][info][gc,ergo      ] Free headroom: 412M (free) - 204M (spike) - 0M (penalties) = 207M
[2020-10-31T11:25:20.896+0000][info][gc,ergo      ] Free: 412M (206 regions), Max regular: 2048K, Max humongous: 419840K, External frag: 1%, Internal frag: 0%
[2020-10-31T11:25:20.896+0000][info][gc,ergo      ] Evacuation Reserve: 206M (103 regions), Max regular: 2048K
[2020-10-31T11:25:20.896+0000][info][gc,start     ] GC(82) Concurrent reset
[2020-10-31T11:25:20.896+0000][info][gc,task      ] GC(82) Using 1 of 1 workers for concurrent reset
[2020-10-31T11:25:20.904+0000][info][gc           ] GC(82) Concurrent reset 3478M->3480M(4096M) 8.669ms
[2020-10-31T11:25:20.904+0000][info][gc,start     ] GC(82) Pause Init Mark
[2020-10-31T11:25:20.904+0000][info][gc,task      ] GC(82) Using 1 of 1 workers for init marking
[2020-10-31T11:25:20.905+0000][info][gc,ergo      ] GC(82) Pacer for Mark. Expected Live: 116M, Free: 410M, Non-Taxable: 41M, Alloc Tax Rate: 1.0x
[2020-10-31T11:25:20.905+0000][info][gc           ] GC(82) Pause Init Mark 0.507ms
[2020-10-31T11:25:20.905+0000][info][safepoint    ] Safepoint "ShenandoahInitMark", Time since last: 324567625 ns, Reaching safepoint: 141952 ns, At safepoint: 528020 ns, Total: 669972 ns
[2020-10-31T11:25:20.905+0000][info][gc,start     ] GC(82) Concurrent marking
[2020-10-31T11:25:20.905+0000][info][gc,task      ] GC(82) Using 1 of 1 workers for concurrent marking
[2020-10-31T11:25:21.147+0000][info][gc           ] GC(82) Concurrent marking 3482M->3552M(4096M) 241.951ms
[2020-10-31T11:25:21.147+0000][info][gc,start     ] GC(82) Pause Final Mark
[2020-10-31T11:25:21.147+0000][info][gc,task      ] GC(82) Using 1 of 1 workers for final marking
[2020-10-31T11:25:21.148+0000][info][gc,ergo      ] GC(82) Adaptive CSet Selection. Target Free: 409M, Actual Free: 546M, Max CSet: 170M, Min Garbage: 0M
[2020-10-31T11:25:21.148+0000][info][gc,ergo      ] GC(82) Collectable Garbage: 3382M (99% of total), 45M CSet, 1714 CSet regions
[2020-10-31T11:25:21.148+0000][info][gc,ergo      ] GC(82) Immediate Garbage: 2M (0% of total), 1 regions
[2020-10-31T11:25:21.149+0000][info][gc,ergo      ] GC(82) Pacer for Evacuation. Used CSet: 3428M, Free: 340M, Non-Taxable: 34M, Alloc Tax Rate: 24.6x
[2020-10-31T11:25:21.149+0000][info][gc           ] GC(82) Pause Final Mark 1.509ms
[2020-10-31T11:25:21.149+0000][info][safepoint    ] Safepoint "ShenandoahFinalMarkStartEvac", Time since last: 242032564 ns, Reaching safepoint: 140829 ns, At safepoint: 1532272 ns, Total: 1673101 ns
[2020-10-31T11:25:21.149+0000][info][gc,start     ] GC(82) Concurrent cleanup
[2020-10-31T11:25:21.149+0000][info][gc           ] GC(82) Concurrent cleanup 3550M->3550M(4096M) 0.171ms
[2020-10-31T11:25:21.151+0000][info][gc,ergo      ] GC(82) Free: 336M (168 regions), Max regular: 2048K, Max humongous: 342016K, External frag: 1%, Internal frag: 0%
[2020-10-31T11:25:21.151+0000][info][gc,ergo      ] GC(82) Evacuation Reserve: 206M (103 regions), Max regular: 2048K
[2020-10-31T11:25:21.151+0000][info][gc,start     ] GC(82) Concurrent evacuation
[2020-10-31T11:25:21.151+0000][info][gc,task      ] GC(82) Using 1 of 1 workers for concurrent evacuation
[2020-10-31T11:25:21.237+0000][info][gc           ] GC(82) Concurrent evacuation 3554M->3620M(4096M) 85.694ms
[2020-10-31T11:25:21.237+0000][info][gc,start     ] GC(82) Pause Init Update Refs
[2020-10-31T11:25:21.237+0000][info][gc,ergo      ] GC(82) Pacer for Update Refs. Used: 3620M, Free: 316M, Non-Taxable: 31M, Alloc Tax Rate: 14.0x
[2020-10-31T11:25:21.237+0000][info][gc           ] GC(82) Pause Init Update Refs 0.055ms
[2020-10-31T11:25:21.237+0000][info][safepoint    ] Safepoint "ShenandoahInitUpdateRefs", Time since last: 88490686 ns, Reaching safepoint: 137472 ns, At safepoint: 73154 ns, Total: 210626 ns
[2020-10-31T11:25:21.237+0000][info][gc,start     ] GC(82) Concurrent update references
[2020-10-31T11:25:21.237+0000][info][gc,task      ] GC(82) Using 1 of 1 workers for concurrent reference update
[2020-10-31T11:25:21.409+0000][info][gc           ] GC(82) Concurrent update references 3622M->3666M(4096M) 171.311ms
[2020-10-31T11:25:21.409+0000][info][gc,start     ] GC(82) Pause Final Update Refs
[2020-10-31T11:25:21.409+0000][info][gc,task      ] GC(82) Using 1 of 1 workers for final reference update
[2020-10-31T11:25:21.409+0000][info][gc           ] GC(82) Pause Final Update Refs 0.179ms
[2020-10-31T11:25:21.409+0000][info][safepoint    ] Safepoint "ShenandoahFinalUpdateRefs", Time since last: 171396498 ns, Reaching safepoint: 68519 ns, At safepoint: 202315 ns, Total: 270834 ns
[2020-10-31T11:25:21.409+0000][info][gc,start     ] GC(82) Concurrent cleanup
[2020-10-31T11:25:21.409+0000][info][gc           ] GC(82) Concurrent cleanup 3666M->238M(4096M) 0.312ms
[2020-10-31T11:25:21.409+0000][info][gc,ergo      ] Free: 3652M (1826 regions), Max regular: 2048K, Max humongous: 3139584K, External frag: 17%, Internal frag: 0%
[2020-10-31T11:25:21.410+0000][info][gc,ergo      ] Evacuation Reserve: 206M (103 regions), Max regular: 2048K
[2020-10-31T11:25:21.410+0000][info][gc,ergo      ] Pacer for Idle. Initial: 81M, Alloc Tax Rate: 1.0x
[2020-10-31T11:25:22.409+0000][info][safepoint    ] Safepoint "Cleanup", Time since last: 1000098720 ns, Reaching safepoint: 54794 ns, At safepoint: 3867 ns, Total: 58661 ns
[2020-10-31T11:25:23.409+0000][info][safepoint    ] Safepoint "Cleanup", Time since last: 1000108619 ns, Reaching safepoint: 149217 ns, At safepoint: 7911 ns, Total: 157128 ns
[2020-10-31T11:25:24.410+0000][info][safepoint    ] Safepoint "Cleanup", Time since last: 1000104573 ns, Reaching safepoint: 131797 ns, At safepoint: 5121 ns, Total: 136918 ns
[2020-10-31T11:25:25.410+0000][info][safepoint    ] Safepoint "Cleanup", Time since last: 1000104723 ns, Reaching safepoint: 62184 ns, At safepoint: 1616 ns, Total: 63800 ns
[2020-10-31T11:25:26.410+0000][info][safepoint    ] Safepoint "Cleanup", Time since last: 1000103979 ns, Reaching safepoint: 141632 ns, At safepoint: 5154 ns, Total: 146786 ns
[2020-10-31T11:25:27.410+0000][info][safepoint    ] Safepoint "Cleanup", Time since last: 1000109213 ns, Reaching safepoint: 130846 ns, At safepoint: 5634 ns, Total: 136480 ns
[2020-10-31T11:25:28.411+0000][info][safepoint    ] Safepoint "Cleanup", Time since last: 1000110480 ns, Reaching safepoint: 55415 ns, At safepoint: 5108 ns, Total: 60523 ns
[2020-10-31T11:25:29.411+0000][info][safepoint    ] Safepoint "Cleanup", Time since last: 1000111049 ns, Reaching safepoint: 66547 ns, At safepoint: 4947 ns, Total: 71494 ns
[2020-10-31T11:25:30.411+0000][info][safepoint    ] Safepoint "Cleanup", Time since last: 1000122272 ns, Reaching safepoint: 128939 ns, At safepoint: 5372 ns, Total: 134311 ns
[2020-10-31T11:25:31.411+0000][info][safepoint    ] Safepoint "Cleanup", Time since last: 1000104452 ns, Reaching safepoint: 145853 ns, At safepoint: 5937 ns, Total: 151790 ns
[2020-10-31T11:25:31.455+0000][info][gc           ] Trigger: Average GC time (650.92 ms) is above the time for allocation rate (320.48 MB/s) to deplete free headroom (207M)
[2020-10-31T11:25:31.455+0000][info][gc,ergo      ] Free headroom: 412M (free) - 204M (spike) - 0M (penalties) = 207M
[2020-10-31T11:25:31.455+0000][info][gc,ergo      ] Free: 412M (206 regions), Max regular: 2048K, Max humongous: 227328K, External frag: 47%, Internal frag: 0%
[2020-10-31T11:25:31.455+0000][info][gc,ergo      ] Evacuation Reserve: 206M (103 regions), Max regular: 2048K
[2020-10-31T11:25:31.455+0000][info][gc,start     ] GC(83) Concurrent reset
[2020-10-31T11:25:31.455+0000][info][gc,task      ] GC(83) Using 1 of 1 workers for concurrent reset
[2020-10-31T11:25:31.464+0000][info][gc           ] GC(83) Concurrent reset 3478M->3478M(4096M) 9.055ms
[2020-10-31T11:25:31.464+0000][info][gc,start     ] GC(83) Pause Init Mark
[2020-10-31T11:25:31.464+0000][info][gc,task      ] GC(83) Using 1 of 1 workers for init marking
[2020-10-31T11:25:31.465+0000][info][gc,ergo      ] GC(83) Pacer for Mark. Expected Live: 116M, Free: 412M, Non-Taxable: 41M, Alloc Tax Rate: 1.0x
[2020-10-31T11:25:31.465+0000][info][gc           ] GC(83) Pause Init Mark 0.473ms
[2020-10-31T11:25:31.465+0000][info][safepoint    ] Safepoint "ShenandoahInitMark", Time since last: 52789046 ns, Reaching safepoint: 133951 ns, At safepoint: 493822 ns, Total: 627773 ns
[2020-10-31T11:25:31.465+0000][info][gc,start     ] GC(83) Concurrent marking
[2020-10-31T11:25:31.465+0000][info][gc,task      ] GC(83) Using 1 of 1 workers for concurrent marking
[2020-10-31T11:25:31.754+0000][info][gc           ] GC(83) Concurrent marking 3480M->3560M(4096M) 289.475ms
[2020-10-31T11:25:31.754+0000][info][gc,start     ] GC(83) Pause Final Mark
[2020-10-31T11:25:31.754+0000][info][gc,task      ] GC(83) Using 1 of 1 workers for final marking
[2020-10-31T11:25:31.755+0000][info][gc,ergo      ] GC(83) Adaptive CSet Selection. Target Free: 409M, Actual Free: 536M, Max CSet: 170M, Min Garbage: 0M
[2020-10-31T11:25:31.755+0000][info][gc,ergo      ] GC(83) Collectable Garbage: 3337M (99% of total), 44M CSet, 1691 CSet regions
[2020-10-31T11:25:31.755+0000][info][gc,ergo      ] GC(83) Immediate Garbage: 0M (0% of total), 0 regions
[2020-10-31T11:25:31.756+0000][info][gc,ergo      ] GC(83) Pacer for Evacuation. Used CSet: 3382M, Free: 330M, Non-Taxable: 33M, Alloc Tax Rate: 25.1x
[2020-10-31T11:25:31.756+0000][info][gc           ] GC(83) Pause Final Mark 1.415ms
[2020-10-31T11:25:31.756+0000][info][safepoint    ] Safepoint "ShenandoahFinalMarkStartEvac", Time since last: 289555674 ns, Reaching safepoint: 143280 ns, At safepoint: 1437731 ns, Total: 1581011 ns
[2020-10-31T11:25:31.756+0000][info][gc,start     ] GC(83) Concurrent cleanup
[2020-10-31T11:25:31.756+0000][info][gc           ] GC(83) Concurrent cleanup 3562M->3564M(4096M) 0.178ms
[2020-10-31T11:25:31.756+0000][info][gc,ergo      ] GC(83) Free: 326M (163 regions), Max regular: 2048K, Max humongous: 227328K, External frag: 32%, Internal frag: 0%
[2020-10-31T11:25:31.756+0000][info][gc,ergo      ] GC(83) Evacuation Reserve: 205M (103 regions), Max regular: 2048K
[2020-10-31T11:25:31.756+0000][info][gc,start     ] GC(83) Concurrent evacuation
[2020-10-31T11:25:31.756+0000][info][gc,task      ] GC(83) Using 1 of 1 workers for concurrent evacuation
[2020-10-31T11:25:31.838+0000][info][gc           ] GC(83) Concurrent evacuation 3564M->3626M(4096M) 82.082ms
[2020-10-31T11:25:31.838+0000][info][gc,start     ] GC(83) Pause Init Update Refs
[2020-10-31T11:25:31.838+0000][info][gc,ergo      ] GC(83) Pacer for Update Refs. Used: 3626M, Free: 310M, Non-Taxable: 31M, Alloc Tax Rate: 14.3x
[2020-10-31T11:25:31.838+0000][info][gc           ] GC(83) Pause Init Update Refs 0.055ms
[2020-10-31T11:25:31.838+0000][info][safepoint    ] Safepoint "ShenandoahInitUpdateRefs", Time since last: 82382708 ns, Reaching safepoint: 138790 ns, At safepoint: 73448 ns, Total: 212238 ns
[2020-10-31T11:25:31.838+0000][info][gc,start     ] GC(83) Concurrent update references
[2020-10-31T11:25:31.838+0000][info][gc,task      ] GC(83) Using 1 of 1 workers for concurrent reference update
[2020-10-31T11:25:32.043+0000][info][gc           ] GC(83) Concurrent update references 3628M->3680M(4096M) 204.945ms
[2020-10-31T11:25:32.044+0000][info][gc,start     ] GC(83) Pause Final Update Refs
[2020-10-31T11:25:32.044+0000][info][gc,task      ] GC(83) Using 1 of 1 workers for final reference update
[2020-10-31T11:25:32.044+0000][info][gc           ] GC(83) Pause Final Update Refs 0.192ms
[2020-10-31T11:25:32.044+0000][info][safepoint    ] Safepoint "ShenandoahFinalUpdateRefs", Time since last: 205030170 ns, Reaching safepoint: 145138 ns, At safepoint: 215842 ns, Total: 360980 ns
[2020-10-31T11:25:32.044+0000][info][gc,start     ] GC(83) Concurrent cleanup
[2020-10-31T11:25:32.044+0000][info][gc           ] GC(83) Concurrent cleanup 3680M->298M(4096M) 0.313ms
[2020-10-31T11:25:32.044+0000][info][gc,ergo      ] Free: 3592M (1796 regions), Max regular: 2048K, Max humongous: 3319808K, External frag: 10%, Internal frag: 0%
[2020-10-31T11:25:32.044+0000][info][gc,ergo      ] Evacuation Reserve: 206M (103 regions), Max regular: 2048K
[2020-10-31T11:25:32.044+0000][info][gc,ergo      ] Pacer for Idle. Initial: 81M, Alloc Tax Rate: 1.0x
[2020-10-31T11:25:33.044+0000][info][safepoint    ] Safepoint "Cleanup", Time since last: 1000079725 ns, Reaching safepoint: 138854 ns, At safepoint: 5135 ns, Total: 143989 ns
[2020-10-31T11:25:34.044+0000][info][safepoint    ] Safepoint "Cleanup", Time since last: 1000108014 ns, Reaching safepoint: 136796 ns, At safepoint: 5566 ns, Total: 142362 ns
[2020-10-31T11:25:35.044+0000][info][safepoint    ] Safepoint "Cleanup", Time since last: 1000106912 ns, Reaching safepoint: 60146 ns, At safepoint: 5487 ns, Total: 65633 ns
[2020-10-31T11:25:36.045+0000][info][safepoint    ] Safepoint "Cleanup", Time since last: 1000124155 ns, Reaching safepoint: 57800 ns, At safepoint: 5645 ns, Total: 63445 ns
[2020-10-31T11:25:37.045+0000][info][safepoint    ] Safepoint "Cleanup", Time since last: 1000108939 ns, Reaching safepoint: 133432 ns, At safepoint: 5287 ns, Total: 138719 ns
[2020-10-31T11:25:38.045+0000][info][safepoint    ] Safepoint "Cleanup", Time since last: 1000106544 ns, Reaching safepoint: 134370 ns, At safepoint: 5716 ns, Total: 140086 ns
[2020-10-31T11:25:39.045+0000][info][safepoint    ] Safepoint "Cleanup", Time since last: 1000111010 ns, Reaching safepoint: 135296 ns, At safepoint: 4892 ns, Total: 140188 ns
[2020-10-31T11:25:40.046+0000][info][safepoint    ] Safepoint "Cleanup", Time since last: 1000111175 ns, Reaching safepoint: 136580 ns, At safepoint: 5004 ns, Total: 141584 ns
[2020-10-31T11:25:41.046+0000][info][safepoint    ] Safepoint "Cleanup", Time since last: 1000109813 ns, Reaching safepoint: 134964 ns, At safepoint: 5263 ns, Total: 140227 ns
[2020-10-31T11:25:41.904+0000][info][gc           ] Trigger: Average GC time (652.05 ms) is above the time for allocation rate (319.27 MB/s) to deplete free headroom (207M)
[2020-10-31T11:25:41.904+0000][info][gc,ergo      ] Free headroom: 412M (free) - 204M (spike) - 0M (penalties) = 207M
[2020-10-31T11:25:41.904+0000][info][gc,ergo      ] Free: 412M (206 regions), Max regular: 2048K, Max humongous: 356352K, External frag: 16%, Internal frag: 0%
[2020-10-31T11:25:41.904+0000][info][gc,ergo      ] Evacuation Reserve: 206M (103 regions), Max regular: 2048K
[2020-10-31T11:25:41.904+0000][info][gc,start     ] GC(84) Concurrent reset
[2020-10-31T11:25:41.904+0000][info][gc,task      ] GC(84) Using 1 of 1 workers for concurrent reset
[2020-10-31T11:25:41.913+0000][info][gc           ] GC(84) Concurrent reset 3478M->3480M(4096M) 9.173ms
[2020-10-31T11:25:41.913+0000][info][gc,start     ] GC(84) Pause Init Mark
[2020-10-31T11:25:41.913+0000][info][gc,task      ] GC(84) Using 1 of 1 workers for init marking
[2020-10-31T11:25:41.914+0000][info][gc,ergo      ] GC(84) Pacer for Mark. Expected Live: 116M, Free: 410M, Non-Taxable: 41M, Alloc Tax Rate: 1.0x
[2020-10-31T11:25:41.914+0000][info][gc           ] GC(84) Pause Init Mark 0.473ms
[2020-10-31T11:25:41.914+0000][info][safepoint    ] Safepoint "ShenandoahInitMark", Time since last: 867358264 ns, Reaching safepoint: 135163 ns, At safepoint: 493732 ns, Total: 628895 ns
[2020-10-31T11:25:41.914+0000][info][gc,start     ] GC(84) Concurrent marking
[2020-10-31T11:25:41.914+0000][info][gc,task      ] GC(84) Using 1 of 1 workers for concurrent marking
[2020-10-31T11:25:42.252+0000][info][gc           ] GC(84) Concurrent marking 3482M->3568M(4096M) 338.015ms
[2020-10-31T11:25:42.252+0000][info][gc,start     ] GC(84) Pause Final Mark
[2020-10-31T11:25:42.252+0000][info][gc,task      ] GC(84) Using 1 of 1 workers for final marking
[2020-10-31T11:25:42.253+0000][info][gc,ergo      ] GC(84) Adaptive CSet Selection. Target Free: 409M, Actual Free: 528M, Max CSet: 170M, Min Garbage: 0M
[2020-10-31T11:25:42.253+0000][info][gc,ergo      ] GC(84) Collectable Garbage: 3295M (99% of total), 44M CSet, 1670 CSet regions
[2020-10-31T11:25:42.253+0000][info][gc,ergo      ] GC(84) Immediate Garbage: 0M (0% of total), 0 regions
[2020-10-31T11:25:42.253+0000][info][gc,ergo      ] GC(84) Pacer for Evacuation. Used CSet: 3340M, Free: 322M, Non-Taxable: 32M, Alloc Tax Rate: 25.4x
[2020-10-31T11:25:42.253+0000][info][gc           ] GC(84) Pause Final Mark 1.363ms
[2020-10-31T11:25:42.253+0000][info][safepoint    ] Safepoint "ShenandoahFinalMarkStartEvac", Time since last: 338095597 ns, Reaching safepoint: 59667 ns, At safepoint: 1388541 ns, Total: 1448208 ns
[2020-10-31T11:25:42.253+0000][info][gc,start     ] GC(84) Concurrent cleanup
[2020-10-31T11:25:42.254+0000][info][gc           ] GC(84) Concurrent cleanup 3568M->3570M(4096M) 0.162ms
[2020-10-31T11:25:42.254+0000][info][gc,ergo      ] GC(84) Free: 320M (160 regions), Max regular: 2048K, Max humongous: 325632K, External frag: 1%, Internal frag: 0%
[2020-10-31T11:25:42.254+0000][info][gc,ergo      ] GC(84) Evacuation Reserve: 206M (103 regions), Max regular: 2048K
[2020-10-31T11:25:42.254+0000][info][gc,start     ] GC(84) Concurrent evacuation
[2020-10-31T11:25:42.254+0000][info][gc,task      ] GC(84) Using 1 of 1 workers for concurrent evacuation
[2020-10-31T11:25:42.343+0000][info][gc           ] GC(84) Concurrent evacuation 3570M->3638M(4096M) 88.863ms
[2020-10-31T11:25:42.343+0000][info][gc,start     ] GC(84) Pause Init Update Refs
[2020-10-31T11:25:42.343+0000][info][gc,ergo      ] GC(84) Pacer for Update Refs. Used: 3638M, Free: 298M, Non-Taxable: 29M, Alloc Tax Rate: 14.9x
[2020-10-31T11:25:42.343+0000][info][gc           ] GC(84) Pause Init Update Refs 0.052ms
[2020-10-31T11:25:42.343+0000][info][safepoint    ] Safepoint "ShenandoahInitUpdateRefs", Time since last: 89149708 ns, Reaching safepoint: 143788 ns, At safepoint: 70306 ns, Total: 214094 ns
[2020-10-31T11:25:42.343+0000][info][gc,start     ] GC(84) Concurrent update references
[2020-10-31T11:25:42.343+0000][info][gc,task      ] GC(84) Using 1 of 1 workers for concurrent reference update
[2020-10-31T11:25:42.584+0000][info][gc           ] GC(84) Concurrent update references 3640M->3700M(4096M) 241.361ms
[2020-10-31T11:25:42.584+0000][info][gc,start     ] GC(84) Pause Final Update Refs
[2020-10-31T11:25:42.584+0000][info][gc,task      ] GC(84) Using 1 of 1 workers for final reference update
[2020-10-31T11:25:42.585+0000][info][gc           ] GC(84) Pause Final Update Refs 0.205ms
[2020-10-31T11:25:42.585+0000][info][safepoint    ] Safepoint "ShenandoahFinalUpdateRefs", Time since last: 241442791 ns, Reaching safepoint: 149441 ns, At safepoint: 230012 ns, Total: 379453 ns
[2020-10-31T11:25:42.585+0000][info][gc,start     ] GC(84) Concurrent cleanup
[2020-10-31T11:25:42.585+0000][info][gc           ] GC(84) Concurrent cleanup 3700M->360M(4096M) 0.307ms
[2020-10-31T11:25:42.585+0000][info][gc,ergo      ] Free: 3530M (1765 regions), Max regular: 2048K, Max humongous: 3258368K, External frag: 10%, Internal frag: 0%
[2020-10-31T11:25:42.585+0000][info][gc,ergo      ] Evacuation Reserve: 206M (103 regions), Max regular: 2048K
[2020-10-31T11:25:42.585+0000][info][gc,ergo      ] Pacer for Idle. Initial: 81M, Alloc Tax Rate: 1.0x
[2020-10-31T11:25:43.585+0000][info][safepoint    ] Safepoint "Cleanup", Time since last: 1000083254 ns, Reaching safepoint: 149520 ns, At safepoint: 3612 ns, Total: 153132 ns
[2020-10-31T11:25:44.585+0000][info][safepoint    ] Safepoint "Cleanup", Time since last: 1000112986 ns, Reaching safepoint: 61776 ns, At safepoint: 6548 ns, Total: 68324 ns
[2020-10-31T11:25:45.585+0000][info][safepoint    ] Safepoint "Cleanup", Time since last: 1000104259 ns, Reaching safepoint: 62026 ns, At safepoint: 6150 ns, Total: 68176 ns
[2020-10-31T11:25:46.585+0000][info][safepoint    ] Safepoint "Cleanup", Time since last: 1000103184 ns, Reaching safepoint: 137492 ns, At safepoint: 4984 ns, Total: 142476 ns
[2020-10-31T11:25:47.586+0000][info][safepoint    ] Safepoint "Cleanup", Time since last: 1000112771 ns, Reaching safepoint: 58135 ns, At safepoint: 5720 ns, Total: 63855 ns
[2020-10-31T11:25:48.586+0000][info][safepoint    ] Safepoint "Cleanup", Time since last: 1000109757 ns, Reaching safepoint: 135501 ns, At safepoint: 3495 ns, Total: 138996 ns
[2020-10-31T11:25:50.498+0000][info][safepoint    ] Safepoint "Cleanup", Time since last: 1912420210 ns, Reaching safepoint: 134767 ns, At safepoint: 5831 ns, Total: 140598 ns
[2020-10-31T11:25:51.499+0000][info][safepoint    ] Safepoint "Cleanup", Time since last: 1000105174 ns, Reaching safepoint: 61275 ns, At safepoint: 4801 ns, Total: 66076 ns
[2020-10-31T11:25:52.259+0000][info][gc           ] Trigger: Average GC time (652.73 ms) is above the time for allocation rate (318.10 MB/s) to deplete free headroom (207M)
[2020-10-31T11:25:52.259+0000][info][gc,ergo      ] Free headroom: 412M (free) - 204M (spike) - 0M (penalties) = 207M
[2020-10-31T11:25:52.259+0000][info][gc,ergo      ] Free: 412M (206 regions), Max regular: 2048K, Max humongous: 194560K, External frag: 54%, Internal frag: 0%
[2020-10-31T11:25:52.259+0000][info][gc,ergo      ] Evacuation Reserve: 206M (103 regions), Max regular: 2048K
[2020-10-31T11:25:52.259+0000][info][gc,start     ] GC(85) Concurrent reset
[2020-10-31T11:25:52.259+0000][info][gc,task      ] GC(85) Using 1 of 1 workers for concurrent reset
[2020-10-31T11:25:52.268+0000][info][gc           ] GC(85) Concurrent reset 3478M->3478M(4096M) 9.091ms
[2020-10-31T11:25:52.269+0000][info][gc,start     ] GC(85) Pause Init Mark (process weakrefs)
[2020-10-31T11:25:52.269+0000][info][gc,task      ] GC(85) Using 1 of 1 workers for init marking
[2020-10-31T11:25:52.269+0000][info][gc,ergo      ] GC(85) Pacer for Mark. Expected Live: 116M, Free: 412M, Non-Taxable: 41M, Alloc Tax Rate: 1.0x
[2020-10-31T11:25:52.269+0000][info][gc           ] GC(85) Pause Init Mark (process weakrefs) 0.479ms
[2020-10-31T11:25:52.269+0000][info][safepoint    ] Safepoint "ShenandoahInitMark", Time since last: 769797497 ns, Reaching safepoint: 242946 ns, At safepoint: 498284 ns, Total: 741230 ns
[2020-10-31T11:25:52.269+0000][info][gc,start     ] GC(85) Concurrent marking (process weakrefs)
[2020-10-31T11:25:52.269+0000][info][gc,task      ] GC(85) Using 1 of 1 workers for concurrent marking
[2020-10-31T11:25:52.698+0000][info][gc           ] GC(85) Concurrent marking (process weakrefs) 3480M->3586M(4096M) 428.866ms
[2020-10-31T11:25:52.698+0000][info][gc,start     ] GC(85) Concurrent precleaning
[2020-10-31T11:25:52.698+0000][info][gc,task      ] GC(85) Using 1 of 1 workers for concurrent preclean
[2020-10-31T11:25:52.794+0000][info][gc           ] GC(85) Concurrent precleaning 3586M->3616M(4096M) 95.451ms
[2020-10-31T11:25:52.794+0000][info][gc,start     ] GC(85) Pause Final Mark (process weakrefs)
[2020-10-31T11:25:52.794+0000][info][gc,task      ] GC(85) Using 1 of 1 workers for final marking
[2020-10-31T11:25:52.876+0000][info][gc,ergo      ] GC(85) Adaptive CSet Selection. Target Free: 409M, Actual Free: 480M, Max CSet: 170M, Min Garbage: 0M
[2020-10-31T11:25:52.877+0000][info][gc,ergo      ] GC(85) Collectable Garbage: 3272M (97% of total), 23M CSet, 1648 CSet regions
[2020-10-31T11:25:52.877+0000][info][gc,ergo      ] GC(85) Immediate Garbage: 0M (0% of total), 0 regions
[2020-10-31T11:25:52.877+0000][info][gc,ergo      ] GC(85) Pacer for Evacuation. Used CSet: 3296M, Free: 274M, Non-Taxable: 27M, Alloc Tax Rate: 29.4x
[2020-10-31T11:25:52.877+0000][info][gc           ] GC(85) Pause Final Mark (process weakrefs) 83.518ms
[2020-10-31T11:25:52.877+0000][info][safepoint    ] Safepoint "ShenandoahFinalMarkStartEvac", Time since last: 524439318 ns, Reaching safepoint: 144559 ns, At safepoint: 83544780 ns, Total: 83689339 ns
[2020-10-31T11:25:52.877+0000][info][gc,start     ] GC(85) Concurrent cleanup
[2020-10-31T11:25:52.878+0000][info][gc           ] GC(85) Concurrent cleanup 3618M->3618M(4096M) 0.224ms
[2020-10-31T11:25:52.878+0000][info][gc,ergo      ] GC(85) Free: 272M (136 regions), Max regular: 2048K, Max humongous: 194560K, External frag: 31%, Internal frag: 0%
[2020-10-31T11:25:52.878+0000][info][gc,ergo      ] GC(85) Evacuation Reserve: 205M (103 regions), Max regular: 2048K
[2020-10-31T11:25:52.878+0000][info][gc,start     ] GC(85) Concurrent evacuation
[2020-10-31T11:25:52.878+0000][info][gc,task      ] GC(85) Using 1 of 1 workers for concurrent evacuation
[2020-10-31T11:25:53.005+0000][info][gc           ] GC(85) Concurrent evacuation 3618M->3660M(4096M) 127.824ms
[2020-10-31T11:25:53.006+0000][info][gc,start     ] GC(85) Pause Init Update Refs
[2020-10-31T11:25:53.006+0000][info][gc,ergo      ] GC(85) Pacer for Update Refs. Used: 3660M, Free: 254M, Non-Taxable: 25M, Alloc Tax Rate: 17.6x
[2020-10-31T11:25:53.006+0000][info][gc           ] GC(85) Pause Init Update Refs 0.055ms
[2020-10-31T11:25:53.006+0000][info][safepoint    ] Safepoint "ShenandoahInitUpdateRefs", Time since last: 128282173 ns, Reaching safepoint: 136468 ns, At safepoint: 74828 ns, Total: 211296 ns
[2020-10-31T11:25:53.006+0000][info][gc,start     ] GC(85) Concurrent update references
[2020-10-31T11:25:53.006+0000][info][gc,task      ] GC(85) Using 1 of 1 workers for concurrent reference update
[2020-10-31T11:25:53.226+0000][info][gc           ] GC(85) Concurrent update references 3662M->3698M(4096M) 219.865ms
[2020-10-31T11:25:53.226+0000][info][gc,start     ] GC(85) Pause Final Update Refs
[2020-10-31T11:25:53.226+0000][info][gc,task      ] GC(85) Using 1 of 1 workers for final reference update
[2020-10-31T11:25:53.226+0000][info][gc           ] GC(85) Pause Final Update Refs 0.187ms
[2020-10-31T11:25:53.226+0000][info][safepoint    ] Safepoint "ShenandoahFinalUpdateRefs", Time since last: 219950064 ns, Reaching safepoint: 143811 ns, At safepoint: 210575 ns, Total: 354386 ns
[2020-10-31T11:25:53.226+0000][info][gc,start     ] GC(85) Concurrent cleanup
[2020-10-31T11:25:53.226+0000][info][gc           ] GC(85) Concurrent cleanup 3698M->402M(4096M) 0.322ms
[2020-10-31T11:25:53.226+0000][info][gc,ergo      ] Free: 3488M (1744 regions), Max regular: 2048K, Max humongous: 3192832K, External frag: 11%, Internal frag: 0%
[2020-10-31T11:25:53.226+0000][info][gc,ergo      ] Evacuation Reserve: 206M (103 regions), Max regular: 2048K
[2020-10-31T11:25:53.226+0000][info][gc,ergo      ] Pacer for Idle. Initial: 81M, Alloc Tax Rate: 1.0x
[2020-10-31T11:25:54.226+0000][info][safepoint    ] Safepoint "Cleanup", Time since last: 1000081022 ns, Reaching safepoint: 60896 ns, At safepoint: 6214 ns, Total: 67110 ns
[2020-10-31T11:25:55.226+0000][info][safepoint    ] Safepoint "Cleanup", Time since last: 1000104289 ns, Reaching safepoint: 131862 ns, At safepoint: 5728 ns, Total: 137590 ns
[2020-10-31T11:25:56.227+0000][info][safepoint    ] Safepoint "Cleanup", Time since last: 1000109785 ns, Reaching safepoint: 141563 ns, At safepoint: 5062 ns, Total: 146625 ns
[2020-10-31T11:25:57.227+0000][info][safepoint    ] Safepoint "Cleanup", Time since last: 1000110292 ns, Reaching safepoint: 138167 ns, At safepoint: 5048 ns, Total: 143215 ns
[2020-10-31T11:25:58.227+0000][info][safepoint    ] Safepoint "Cleanup", Time since last: 1000109599 ns, Reaching safepoint: 64017 ns, At safepoint: 5344 ns, Total: 69361 ns
[2020-10-31T11:25:59.227+0000][info][safepoint    ] Safepoint "Cleanup", Time since last: 1000108639 ns, Reaching safepoint: 93355 ns, At safepoint: 6889 ns, Total: 100244 ns
[2020-10-31T11:26:00.228+0000][info][safepoint    ] Safepoint "Cleanup", Time since last: 1000116491 ns, Reaching safepoint: 68158 ns, At safepoint: 5180 ns, Total: 73338 ns
[2020-10-31T11:26:01.228+0000][info][safepoint    ] Safepoint "Cleanup", Time since last: 1000112791 ns, Reaching safepoint: 136153 ns, At safepoint: 5066 ns, Total: 141219 ns
[2020-10-31T11:26:02.228+0000][info][safepoint    ] Safepoint "Cleanup", Time since last: 1000110081 ns, Reaching safepoint: 146101 ns, At safepoint: 5879 ns, Total: 151980 ns
[2020-10-31T11:26:02.832+0000][info][gc           ] Trigger: Free (408M) is below minimum threshold (409M)
[2020-10-31T11:26:02.832+0000][info][gc,ergo      ] Free: 408M (204 regions), Max regular: 2048K, Max humongous: 315392K, External frag: 25%, Internal frag: 0%
[2020-10-31T11:26:02.832+0000][info][gc,ergo      ] Evacuation Reserve: 206M (103 regions), Max regular: 2048K
[2020-10-31T11:26:02.832+0000][info][gc,start     ] GC(86) Concurrent reset
[2020-10-31T11:26:02.832+0000][info][gc,task      ] GC(86) Using 1 of 1 workers for concurrent reset
[2020-10-31T11:26:02.841+0000][info][gc           ] GC(86) Concurrent reset 3482M->3484M(4096M) 9.148ms
[2020-10-31T11:26:02.841+0000][info][gc,start     ] GC(86) Pause Init Mark
[2020-10-31T11:26:02.841+0000][info][gc,task      ] GC(86) Using 1 of 1 workers for init marking
[2020-10-31T11:26:02.842+0000][info][gc,ergo      ] GC(86) Pacer for Mark. Expected Live: 116M, Free: 406M, Non-Taxable: 40M, Alloc Tax Rate: 1.1x
[2020-10-31T11:26:02.842+0000][info][gc           ] GC(86) Pause Init Mark 0.482ms
[2020-10-31T11:26:02.842+0000][info][safepoint    ] Safepoint "ShenandoahInitMark", Time since last: 612859311 ns, Reaching safepoint: 137075 ns, At safepoint: 502319 ns, Total: 639394 ns
[2020-10-31T11:26:02.842+0000][info][gc,start     ] GC(86) Concurrent marking
[2020-10-31T11:26:02.842+0000][info][gc,task      ] GC(86) Using 1 of 1 workers for concurrent marking
[2020-10-31T11:26:03.012+0000][info][gc           ] GC(86) Concurrent marking 3486M->3528M(4096M) 170.685ms
[2020-10-31T11:26:03.012+0000][info][gc,start     ] GC(86) Pause Final Mark
[2020-10-31T11:26:03.012+0000][info][gc,task      ] GC(86) Using 1 of 1 workers for final marking
[2020-10-31T11:26:03.013+0000][info][gc,ergo      ] GC(86) Adaptive CSet Selection. Target Free: 409M, Actual Free: 758M, Max CSet: 170M, Min Garbage: 0M
[2020-10-31T11:26:03.013+0000][info][gc,ergo      ] GC(86) Collectable Garbage: 3244M (94% of total), 43M CSet, 1644 CSet regions
[2020-10-31T11:26:03.013+0000][info][gc,ergo      ] GC(86) Immediate Garbage: 190M (5% of total), 95 regions
[2020-10-31T11:26:03.014+0000][info][gc,ergo      ] GC(86) Pacer for Evacuation. Used CSet: 3288M, Free: 552M, Non-Taxable: 55M, Alloc Tax Rate: 14.6x
[2020-10-31T11:26:03.014+0000][info][gc           ] GC(86) Pause Final Mark 1.393ms
[2020-10-31T11:26:03.014+0000][info][safepoint    ] Safepoint "ShenandoahFinalMarkStartEvac", Time since last: 170782048 ns, Reaching safepoint: 63824 ns, At safepoint: 1415216 ns, Total: 1479040 ns
[2020-10-31T11:26:03.014+0000][info][gc,start     ] GC(86) Concurrent cleanup
[2020-10-31T11:26:03.014+0000][info][gc           ] GC(86) Concurrent cleanup 3528M->3342M(4096M) 0.183ms
[2020-10-31T11:26:03.014+0000][info][gc,ergo      ] GC(86) Free: 548M (274 regions), Max regular: 2048K, Max humongous: 509952K, External frag: 10%, Internal frag: 0%
[2020-10-31T11:26:03.014+0000][info][gc,ergo      ] GC(86) Evacuation Reserve: 205M (103 regions), Max regular: 2048K
[2020-10-31T11:26:03.014+0000][info][gc,start     ] GC(86) Concurrent evacuation
[2020-10-31T11:26:03.014+0000][info][gc,task      ] GC(86) Using 1 of 1 workers for concurrent evacuation
[2020-10-31T11:26:03.094+0000][info][gc           ] GC(86) Concurrent evacuation 3342M->3402M(4096M) 79.811ms
[2020-10-31T11:26:03.094+0000][info][gc,start     ] GC(86) Pause Init Update Refs
[2020-10-31T11:26:03.094+0000][info][gc,ergo      ] GC(86) Pacer for Update Refs. Used: 3402M, Free: 532M, Non-Taxable: 53M, Alloc Tax Rate: 7.8x
[2020-10-31T11:26:03.094+0000][info][gc           ] GC(86) Pause Init Update Refs 0.048ms
[2020-10-31T11:26:03.094+0000][info][safepoint    ] Safepoint "ShenandoahInitUpdateRefs", Time since last: 80117643 ns, Reaching safepoint: 132291 ns, At safepoint: 67031 ns, Total: 199322 ns
[2020-10-31T11:26:03.094+0000][info][gc,start     ] GC(86) Concurrent update references
[2020-10-31T11:26:03.094+0000][info][gc,task      ] GC(86) Using 1 of 1 workers for concurrent reference update
[2020-10-31T11:26:03.217+0000][info][gc           ] GC(86) Concurrent update references 3404M->3436M(4096M) 122.545ms
[2020-10-31T11:26:03.217+0000][info][gc,start     ] GC(86) Pause Final Update Refs
[2020-10-31T11:26:03.217+0000][info][gc,task      ] GC(86) Using 1 of 1 workers for final reference update
[2020-10-31T11:26:03.217+0000][info][gc           ] GC(86) Pause Final Update Refs 0.187ms
[2020-10-31T11:26:03.217+0000][info][safepoint    ] Safepoint "ShenandoahFinalUpdateRefs", Time since last: 122626417 ns, Reaching safepoint: 142037 ns, At safepoint: 208557 ns, Total: 350594 ns
[2020-10-31T11:26:03.217+0000][info][gc,start     ] GC(86) Concurrent cleanup
[2020-10-31T11:26:03.217+0000][info][gc           ] GC(86) Concurrent cleanup 3436M->148M(4096M) 0.311ms
[2020-10-31T11:26:03.218+0000][info][gc,ergo      ] Free: 3742M (1871 regions), Max regular: 2048K, Max humongous: 3155968K, External frag: 18%, Internal frag: 0%
[2020-10-31T11:26:03.218+0000][info][gc,ergo      ] Evacuation Reserve: 206M (103 regions), Max regular: 2048K
[2020-10-31T11:26:03.218+0000][info][gc,ergo      ] Pacer for Idle. Initial: 81M, Alloc Tax Rate: 1.0x
[2020-10-31T11:26:04.217+0000][info][safepoint    ] Safepoint "Cleanup", Time since last: 1000079091 ns, Reaching safepoint: 129505 ns, At safepoint: 5665 ns, Total: 135170 ns
[2020-10-31T11:26:05.218+0000][info][safepoint    ] Safepoint "Cleanup", Time since last: 1000127278 ns, Reaching safepoint: 59872 ns, At safepoint: 6432 ns, Total: 66304 ns
[2020-10-31T11:26:06.218+0000][info][safepoint    ] Safepoint "Cleanup", Time since last: 1000101935 ns, Reaching safepoint: 139854 ns, At safepoint: 5351 ns, Total: 145205 ns
[2020-10-31T11:26:07.218+0000][info][safepoint    ] Safepoint "Cleanup", Time since last: 1000109389 ns, Reaching safepoint: 54867 ns, At safepoint: 5614 ns, Total: 60481 ns
[2020-10-31T11:26:08.218+0000][info][safepoint    ] Safepoint "Cleanup", Time since last: 1000107472 ns, Reaching safepoint: 133673 ns, At safepoint: 5130 ns, Total: 138803 ns
[2020-10-31T11:26:09.218+0000][info][safepoint    ] Safepoint "Cleanup", Time since last: 1000104468 ns, Reaching safepoint: 136808 ns, At safepoint: 3048 ns, Total: 139856 ns
[2020-10-31T11:26:10.219+0000][info][safepoint    ] Safepoint "Cleanup", Time since last: 1000107069 ns, Reaching safepoint: 56182 ns, At safepoint: 3392 ns, Total: 59574 ns
[2020-10-31T11:26:11.219+0000][info][safepoint    ] Safepoint "Cleanup", Time since last: 1000104282 ns, Reaching safepoint: 54025 ns, At safepoint: 5376 ns, Total: 59401 ns
[2020-10-31T11:26:12.219+0000][info][safepoint    ] Safepoint "Cleanup", Time since last: 1000106820 ns, Reaching safepoint: 133288 ns, At safepoint: 5612 ns, Total: 138900 ns
[2020-10-31T11:26:13.219+0000][info][safepoint    ] Safepoint "Cleanup", Time since last: 1000110248 ns, Reaching safepoint: 135622 ns, At safepoint: 4318 ns, Total: 139940 ns
[2020-10-31T11:26:13.545+0000][info][gc           ] Trigger: Free (408M) is below minimum threshold (409M)
[2020-10-31T11:26:13.545+0000][info][gc,ergo      ] Free: 408M (204 regions), Max regular: 2048K, Max humongous: 415744K, External frag: 1%, Internal frag: 0%
[2020-10-31T11:26:13.545+0000][info][gc,ergo      ] Evacuation Reserve: 206M (103 regions), Max regular: 2048K
[2020-10-31T11:26:13.545+0000][info][gc,start     ] GC(87) Concurrent reset
[2020-10-31T11:26:13.545+0000][info][gc,task      ] GC(87) Using 1 of 1 workers for concurrent reset
[2020-10-31T11:26:13.553+0000][info][gc           ] GC(87) Concurrent reset 3482M->3482M(4096M) 8.422ms
[2020-10-31T11:26:13.553+0000][info][gc,start     ] GC(87) Pause Init Mark
[2020-10-31T11:26:13.553+0000][info][gc,task      ] GC(87) Using 1 of 1 workers for init marking
[2020-10-31T11:26:13.554+0000][info][gc,ergo      ] GC(87) Pacer for Mark. Expected Live: 116M, Free: 408M, Non-Taxable: 40M, Alloc Tax Rate: 1.0x
[2020-10-31T11:26:13.554+0000][info][gc           ] GC(87) Pause Init Mark 0.440ms
[2020-10-31T11:26:13.554+0000][info][safepoint    ] Safepoint "ShenandoahInitMark", Time since last: 334048329 ns, Reaching safepoint: 58745 ns, At safepoint: 462024 ns, Total: 520769 ns
[2020-10-31T11:26:13.554+0000][info][gc,start     ] GC(87) Concurrent marking
[2020-10-31T11:26:13.554+0000][info][gc,task      ] GC(87) Using 1 of 1 workers for concurrent marking
[2020-10-31T11:26:13.784+0000][info][gc           ] GC(87) Concurrent marking 3482M->3540M(4096M) 229.777ms
[2020-10-31T11:26:13.784+0000][info][gc,start     ] GC(87) Pause Final Mark
[2020-10-31T11:26:13.784+0000][info][gc,task      ] GC(87) Using 1 of 1 workers for final marking
[2020-10-31T11:26:13.784+0000][info][gc,ergo      ] GC(87) Adaptive CSet Selection. Target Free: 409M, Actual Free: 556M, Max CSet: 170M, Min Garbage: 0M
[2020-10-31T11:26:13.785+0000][info][gc,ergo      ] GC(87) Collectable Garbage: 3386M (99% of total), 45M CSet, 1716 CSet regions
[2020-10-31T11:26:13.785+0000][info][gc,ergo      ] GC(87) Immediate Garbage: 0M (0% of total), 0 regions
[2020-10-31T11:26:13.785+0000][info][gc,ergo      ] GC(87) Pacer for Evacuation. Used CSet: 3432M, Free: 350M, Non-Taxable: 35M, Alloc Tax Rate: 24.0x
[2020-10-31T11:26:13.785+0000][info][gc           ] GC(87) Pause Final Mark 1.458ms
[2020-10-31T11:26:13.785+0000][info][safepoint    ] Safepoint "ShenandoahFinalMarkStartEvac", Time since last: 229855161 ns, Reaching safepoint: 135178 ns, At safepoint: 1479585 ns, Total: 1614763 ns
[2020-10-31T11:26:13.785+0000][info][gc,start     ] GC(87) Concurrent cleanup
[2020-10-31T11:26:13.786+0000][info][gc           ] GC(87) Concurrent cleanup 3542M->3544M(4096M) 0.179ms
[2020-10-31T11:26:13.786+0000][info][gc,ergo      ] GC(87) Free: 346M (173 regions), Max regular: 2048K, Max humongous: 352256K, External frag: 1%, Internal frag: 0%
[2020-10-31T11:26:13.786+0000][info][gc,ergo      ] GC(87) Evacuation Reserve: 206M (103 regions), Max regular: 2048K
[2020-10-31T11:26:13.786+0000][info][gc,start     ] GC(87) Concurrent evacuation
[2020-10-31T11:26:13.786+0000][info][gc,task      ] GC(87) Using 1 of 1 workers for concurrent evacuation
[2020-10-31T11:26:13.870+0000][info][gc           ] GC(87) Concurrent evacuation 3544M->3610M(4096M) 84.651ms
[2020-10-31T11:26:13.870+0000][info][gc,start     ] GC(87) Pause Init Update Refs
[2020-10-31T11:26:13.870+0000][info][gc,ergo      ] GC(87) Pacer for Update Refs. Used: 3610M, Free: 326M, Non-Taxable: 32M, Alloc Tax Rate: 13.5x
[2020-10-31T11:26:13.870+0000][info][gc           ] GC(87) Pause Init Update Refs 0.054ms
[2020-10-31T11:26:13.870+0000][info][safepoint    ] Safepoint "ShenandoahInitUpdateRefs", Time since last: 84970438 ns, Reaching safepoint: 140625 ns, At safepoint: 73106 ns, Total: 213731 ns
[2020-10-31T11:26:13.870+0000][info][gc,start     ] GC(87) Concurrent update references
[2020-10-31T11:26:13.871+0000][info][gc,task      ] GC(87) Using 1 of 1 workers for concurrent reference update
[2020-10-31T11:26:14.039+0000][info][gc           ] GC(87) Concurrent update references 3612M->3654M(4096M) 168.417ms
[2020-10-31T11:26:14.039+0000][info][gc,start     ] GC(87) Pause Final Update Refs
[2020-10-31T11:26:14.039+0000][info][gc,task      ] GC(87) Using 1 of 1 workers for final reference update
[2020-10-31T11:26:14.039+0000][info][gc           ] GC(87) Pause Final Update Refs 0.196ms
[2020-10-31T11:26:14.039+0000][info][safepoint    ] Safepoint "ShenandoahFinalUpdateRefs", Time since last: 168498806 ns, Reaching safepoint: 141712 ns, At safepoint: 217085 ns, Total: 358797 ns
[2020-10-31T11:26:14.039+0000][info][gc,start     ] GC(87) Concurrent cleanup
[2020-10-31T11:26:14.040+0000][info][gc           ] GC(87) Concurrent cleanup 3654M->222M(4096M) 0.321ms
[2020-10-31T11:26:14.040+0000][info][gc,ergo      ] Free: 3668M (1834 regions), Max regular: 2048K, Max humongous: 3514368K, External frag: 7%, Internal frag: 0%
[2020-10-31T11:26:14.040+0000][info][gc,ergo      ] Evacuation Reserve: 206M (103 regions), Max regular: 2048K
[2020-10-31T11:26:14.040+0000][info][gc,ergo      ] Pacer for Idle. Initial: 81M, Alloc Tax Rate: 1.0x
[2020-10-31T11:26:15.039+0000][info][safepoint    ] Safepoint "Cleanup", Time since last: 1000082006 ns, Reaching safepoint: 59223 ns, At safepoint: 3801 ns, Total: 63024 ns
[2020-10-31T11:26:16.040+0000][info][safepoint    ] Safepoint "Cleanup", Time since last: 1000098030 ns, Reaching safepoint: 61751 ns, At safepoint: 5443 ns, Total: 67194 ns
[2020-10-31T11:26:17.040+0000][info][safepoint    ] Safepoint "Cleanup", Time since last: 1000104855 ns, Reaching safepoint: 123342 ns, At safepoint: 5708 ns, Total: 129050 ns
[2020-10-31T11:26:18.040+0000][info][safepoint    ] Safepoint "Cleanup", Time since last: 1000104483 ns, Reaching safepoint: 57498 ns, At safepoint: 5484 ns, Total: 62982 ns
[2020-10-31T11:26:19.040+0000][info][safepoint    ] Safepoint "Cleanup", Time since last: 1000117768 ns, Reaching safepoint: 137459 ns, At safepoint: 5501 ns, Total: 142960 ns
[2020-10-31T11:26:20.040+0000][info][safepoint    ] Safepoint "Cleanup", Time since last: 1000095177 ns, Reaching safepoint: 57463 ns, At safepoint: 6074 ns, Total: 63537 ns
[2020-10-31T11:26:21.041+0000][info][safepoint    ] Safepoint "Cleanup", Time since last: 1000064094 ns, Reaching safepoint: 140686 ns, At safepoint: 5048 ns, Total: 145734 ns
[2020-10-31T11:26:22.041+0000][info][safepoint    ] Safepoint "Cleanup", Time since last: 1000109704 ns, Reaching safepoint: 136332 ns, At safepoint: 7148 ns, Total: 143480 ns
[2020-10-31T11:26:23.041+0000][info][safepoint    ] Safepoint "Cleanup", Time since last: 1000114370 ns, Reaching safepoint: 55587 ns, At safepoint: 5616 ns, Total: 61203 ns
[2020-10-31T11:26:24.041+0000][info][safepoint    ] Safepoint "Cleanup", Time since last: 1000123331 ns, Reaching safepoint: 139771 ns, At safepoint: 7036 ns, Total: 146807 ns
[2020-10-31T11:26:24.131+0000][info][gc           ] Trigger: Free (408M) is below minimum threshold (409M)
[2020-10-31T11:26:24.131+0000][info][gc,ergo      ] Free: 408M (204 regions), Max regular: 2048K, Max humongous: 239616K, External frag: 43%, Internal frag: 0%
[2020-10-31T11:26:24.131+0000][info][gc,ergo      ] Evacuation Reserve: 206M (103 regions), Max regular: 2048K
[2020-10-31T11:26:24.131+0000][info][gc,start     ] GC(88) Concurrent reset
[2020-10-31T11:26:24.131+0000][info][gc,task      ] GC(88) Using 1 of 1 workers for concurrent reset
[2020-10-31T11:26:24.140+0000][info][gc           ] GC(88) Concurrent reset 3482M->3482M(4096M) 9.061ms
[2020-10-31T11:26:24.140+0000][info][gc,start     ] GC(88) Pause Init Mark
[2020-10-31T11:26:24.140+0000][info][gc,task      ] GC(88) Using 1 of 1 workers for init marking
[2020-10-31T11:26:24.140+0000][info][gc,ergo      ] GC(88) Pacer for Mark. Expected Live: 116M, Free: 408M, Non-Taxable: 40M, Alloc Tax Rate: 1.0x
[2020-10-31T11:26:24.140+0000][info][gc           ] GC(88) Pause Init Mark 0.500ms
[2020-10-31T11:26:24.141+0000][info][safepoint    ] Safepoint "ShenandoahInitMark", Time since last: 98468299 ns, Reaching safepoint: 139211 ns, At safepoint: 521981 ns, Total: 661192 ns
[2020-10-31T11:26:24.141+0000][info][gc,start     ] GC(88) Concurrent marking
[2020-10-31T11:26:24.141+0000][info][gc,task      ] GC(88) Using 1 of 1 workers for concurrent marking
[2020-10-31T11:26:24.422+0000][info][gc           ] GC(88) Concurrent marking 3484M->3554M(4096M) 281.746ms
[2020-10-31T11:26:24.423+0000][info][gc,start     ] GC(88) Pause Final Mark
[2020-10-31T11:26:24.423+0000][info][gc,task      ] GC(88) Using 1 of 1 workers for final marking
[2020-10-31T11:26:24.423+0000][info][gc,ergo      ] GC(88) Adaptive CSet Selection. Target Free: 409M, Actual Free: 542M, Max CSet: 170M, Min Garbage: 0M
[2020-10-31T11:26:24.423+0000][info][gc,ergo      ] GC(88) Collectable Garbage: 3341M (99% of total), 44M CSet, 1693 CSet regions
[2020-10-31T11:26:24.423+0000][info][gc,ergo      ] GC(88) Immediate Garbage: 0M (0% of total), 0 regions
[2020-10-31T11:26:24.424+0000][info][gc,ergo      ] GC(88) Pacer for Evacuation. Used CSet: 3386M, Free: 336M, Non-Taxable: 33M, Alloc Tax Rate: 24.6x
[2020-10-31T11:26:24.424+0000][info][gc           ] GC(88) Pause Final Mark 1.388ms
[2020-10-31T11:26:24.424+0000][info][safepoint    ] Safepoint "ShenandoahFinalMarkStartEvac", Time since last: 281854707 ns, Reaching safepoint: 141309 ns, At safepoint: 1409046 ns, Total: 1550355 ns
[2020-10-31T11:26:24.424+0000][info][gc,start     ] GC(88) Concurrent cleanup
[2020-10-31T11:26:24.424+0000][info][gc           ] GC(88) Concurrent cleanup 3556M->3558M(4096M) 0.168ms
[2020-10-31T11:26:24.424+0000][info][gc,ergo      ] GC(88) Free: 332M (166 regions), Max regular: 2048K, Max humongous: 239616K, External frag: 30%, Internal frag: 0%
[2020-10-31T11:26:24.424+0000][info][gc,ergo      ] GC(88) Evacuation Reserve: 205M (103 regions), Max regular: 2048K
[2020-10-31T11:26:24.424+0000][info][gc,start     ] GC(88) Concurrent evacuation
[2020-10-31T11:26:24.424+0000][info][gc,task      ] GC(88) Using 1 of 1 workers for concurrent evacuation
[2020-10-31T11:26:24.507+0000][info][gc           ] GC(88) Concurrent evacuation 3558M->3622M(4096M) 82.552ms
[2020-10-31T11:26:24.507+0000][info][gc,start     ] GC(88) Pause Init Update Refs
[2020-10-31T11:26:24.507+0000][info][gc,ergo      ] GC(88) Pacer for Update Refs. Used: 3622M, Free: 314M, Non-Taxable: 31M, Alloc Tax Rate: 14.1x
[2020-10-31T11:26:24.507+0000][info][gc           ] GC(88) Pause Init Update Refs 0.051ms
[2020-10-31T11:26:24.507+0000][info][safepoint    ] Safepoint "ShenandoahInitUpdateRefs", Time since last: 82848806 ns, Reaching safepoint: 60541 ns, At safepoint: 69592 ns, Total: 130133 ns
[2020-10-31T11:26:24.507+0000][info][gc,start     ] GC(88) Concurrent update references
[2020-10-31T11:26:24.507+0000][info][gc,task      ] GC(88) Using 1 of 1 workers for concurrent reference update
[2020-10-31T11:26:24.711+0000][info][gc           ] GC(88) Concurrent update references 3624M->3676M(4096M) 203.950ms
[2020-10-31T11:26:24.711+0000][info][gc,start     ] GC(88) Pause Final Update Refs
[2020-10-31T11:26:24.711+0000][info][gc,task      ] GC(88) Using 1 of 1 workers for final reference update
[2020-10-31T11:26:24.711+0000][info][gc           ] GC(88) Pause Final Update Refs 0.186ms
[2020-10-31T11:26:24.711+0000][info][safepoint    ] Safepoint "ShenandoahFinalUpdateRefs", Time since last: 204048929 ns, Reaching safepoint: 135029 ns, At safepoint: 206028 ns, Total: 341057 ns
[2020-10-31T11:26:24.711+0000][info][gc,start     ] GC(88) Concurrent cleanup
[2020-10-31T11:26:24.712+0000][info][gc           ] GC(88) Concurrent cleanup 3676M->290M(4096M) 0.309ms
[2020-10-31T11:26:24.712+0000][info][gc,ergo      ] Free: 3600M (1800 regions), Max regular: 2048K, Max humongous: 3338240K, External frag: 10%, Internal frag: 0%
[2020-10-31T11:26:24.712+0000][info][gc,ergo      ] Evacuation Reserve: 206M (103 regions), Max regular: 2048K
[2020-10-31T11:26:24.712+0000][info][gc,ergo      ] Pacer for Idle. Initial: 81M, Alloc Tax Rate: 1.0x
[2020-10-31T11:26:25.712+0000][info][safepoint    ] Safepoint "Cleanup", Time since last: 1000082261 ns, Reaching safepoint: 132641 ns, At safepoint: 8176 ns, Total: 140817 ns
[2020-10-31T11:26:26.712+0000][info][safepoint    ] Safepoint "Cleanup", Time since last: 1000108386 ns, Reaching safepoint: 61186 ns, At safepoint: 6637 ns, Total: 67823 ns
[2020-10-31T11:26:27.861+0000][info][safepoint    ] Safepoint "Cleanup", Time since last: 1148680652 ns, Reaching safepoint: 142953 ns, At safepoint: 5617 ns, Total: 148570 ns
[2020-10-31T11:26:28.861+0000][info][safepoint    ] Safepoint "Cleanup", Time since last: 1000117784 ns, Reaching safepoint: 134518 ns, At safepoint: 3245 ns, Total: 137763 ns
[2020-10-31T11:26:29.861+0000][info][safepoint    ] Safepoint "Cleanup", Time since last: 1000111083 ns, Reaching safepoint: 132396 ns, At safepoint: 5003 ns, Total: 137399 ns
[2020-10-31T11:26:30.861+0000][info][safepoint    ] Safepoint "Cleanup", Time since last: 1000108632 ns, Reaching safepoint: 133725 ns, At safepoint: 3276 ns, Total: 137001 ns
[2020-10-31T11:26:31.862+0000][info][safepoint    ] Safepoint "Cleanup", Time since last: 1000110017 ns, Reaching safepoint: 130673 ns, At safepoint: 5444 ns, Total: 136117 ns
[2020-10-31T11:26:32.862+0000][info][safepoint    ] Safepoint "Cleanup", Time since last: 1000106527 ns, Reaching safepoint: 133843 ns, At safepoint: 5768 ns, Total: 139611 ns
[2020-10-31T11:26:33.862+0000][info][safepoint    ] Safepoint "Cleanup", Time since last: 1000109229 ns, Reaching safepoint: 57380 ns, At safepoint: 7036 ns, Total: 64416 ns
[2020-10-31T11:26:34.596+0000][info][gc           ] Trigger: Free (408M) is below minimum threshold (409M)
[2020-10-31T11:26:34.596+0000][info][gc,ergo      ] Free: 408M (204 regions), Max regular: 2048K, Max humongous: 346112K, External frag: 18%, Internal frag: 0%
[2020-10-31T11:26:34.596+0000][info][gc,ergo      ] Evacuation Reserve: 206M (103 regions), Max regular: 2048K
[2020-10-31T11:26:34.596+0000][info][gc,start     ] GC(89) Concurrent reset
[2020-10-31T11:26:34.596+0000][info][gc,task      ] GC(89) Using 1 of 1 workers for concurrent reset
[2020-10-31T11:26:34.605+0000][info][gc           ] GC(89) Concurrent reset 3482M->3482M(4096M) 9.237ms
[2020-10-31T11:26:34.606+0000][info][gc,start     ] GC(89) Pause Init Mark
[2020-10-31T11:26:34.606+0000][info][gc,task      ] GC(89) Using 1 of 1 workers for init marking
[2020-10-31T11:26:34.606+0000][info][gc,ergo      ] GC(89) Pacer for Mark. Expected Live: 116M, Free: 408M, Non-Taxable: 40M, Alloc Tax Rate: 1.0x
[2020-10-31T11:26:34.606+0000][info][gc           ] GC(89) Pause Init Mark 0.480ms
[2020-10-31T11:26:34.606+0000][info][safepoint    ] Safepoint "ShenandoahInitMark", Time since last: 743452423 ns, Reaching safepoint: 142855 ns, At safepoint: 499828 ns, Total: 642683 ns
[2020-10-31T11:26:34.606+0000][info][gc,start     ] GC(89) Concurrent marking
[2020-10-31T11:26:34.606+0000][info][gc,task      ] GC(89) Using 1 of 1 workers for concurrent marking
[2020-10-31T11:26:34.945+0000][info][gc           ] GC(89) Concurrent marking 3484M->3570M(4096M) 339.174ms
[2020-10-31T11:26:34.945+0000][info][gc,start     ] GC(89) Pause Final Mark
[2020-10-31T11:26:34.945+0000][info][gc,task      ] GC(89) Using 1 of 1 workers for final marking
[2020-10-31T11:26:34.946+0000][info][gc,ergo      ] GC(89) Adaptive CSet Selection. Target Free: 409M, Actual Free: 526M, Max CSet: 170M, Min Garbage: 0M
[2020-10-31T11:26:34.946+0000][info][gc,ergo      ] GC(89) Collectable Garbage: 3297M (99% of total), 44M CSet, 1671 CSet regions
[2020-10-31T11:26:34.946+0000][info][gc,ergo      ] GC(89) Immediate Garbage: 0M (0% of total), 0 regions
[2020-10-31T11:26:34.947+0000][info][gc,ergo      ] GC(89) Pacer for Evacuation. Used CSet: 3342M, Free: 320M, Non-Taxable: 32M, Alloc Tax Rate: 25.5x
[2020-10-31T11:26:34.947+0000][info][gc           ] GC(89) Pause Final Mark 1.384ms
[2020-10-31T11:26:34.947+0000][info][safepoint    ] Safepoint "ShenandoahFinalMarkStartEvac", Time since last: 339275656 ns, Reaching safepoint: 142646 ns, At safepoint: 1405131 ns, Total: 1547777 ns
[2020-10-31T11:26:34.947+0000][info][gc,start     ] GC(89) Concurrent cleanup
[2020-10-31T11:26:34.947+0000][info][gc           ] GC(89) Concurrent cleanup 3572M->3574M(4096M) 0.174ms
[2020-10-31T11:26:34.947+0000][info][gc,ergo      ] GC(89) Free: 316M (158 regions), Max regular: 2048K, Max humongous: 321536K, External frag: 1%, Internal frag: 0%
[2020-10-31T11:26:34.947+0000][info][gc,ergo      ] GC(89) Evacuation Reserve: 206M (103 regions), Max regular: 2048K
[2020-10-31T11:26:34.947+0000][info][gc,start     ] GC(89) Concurrent evacuation
[2020-10-31T11:26:34.947+0000][info][gc,task      ] GC(89) Using 1 of 1 workers for concurrent evacuation
[2020-10-31T11:26:35.030+0000][info][gc           ] GC(89) Concurrent evacuation 3574M->3640M(4096M) 83.012ms
[2020-10-31T11:26:35.030+0000][info][gc,start     ] GC(89) Pause Init Update Refs
[2020-10-31T11:26:35.030+0000][info][gc,ergo      ] GC(89) Pacer for Update Refs. Used: 3640M, Free: 296M, Non-Taxable: 29M, Alloc Tax Rate: 15.0x
[2020-10-31T11:26:35.030+0000][info][gc           ] GC(89) Pause Init Update Refs 0.054ms
[2020-10-31T11:26:35.030+0000][info][safepoint    ] Safepoint "ShenandoahInitUpdateRefs", Time since last: 83304671 ns, Reaching safepoint: 140127 ns, At safepoint: 71601 ns, Total: 211728 ns
[2020-10-31T11:26:35.030+0000][info][gc,start     ] GC(89) Concurrent update references
[2020-10-31T11:26:35.030+0000][info][gc,task      ] GC(89) Using 1 of 1 workers for concurrent reference update
[2020-10-31T11:26:35.274+0000][info][gc           ] GC(89) Concurrent update references 3642M->3700M(4096M) 243.182ms
[2020-10-31T11:26:35.274+0000][info][gc,start     ] GC(89) Pause Final Update Refs
[2020-10-31T11:26:35.274+0000][info][gc,task      ] GC(89) Using 1 of 1 workers for final reference update
[2020-10-31T11:26:35.274+0000][info][gc           ] GC(89) Pause Final Update Refs 0.188ms
[2020-10-31T11:26:35.274+0000][info][safepoint    ] Safepoint "ShenandoahFinalUpdateRefs", Time since last: 243264248 ns, Reaching safepoint: 142455 ns, At safepoint: 210279 ns, Total: 352734 ns
[2020-10-31T11:26:35.274+0000][info][gc,start     ] GC(89) Concurrent cleanup
[2020-10-31T11:26:35.274+0000][info][gc           ] GC(89) Concurrent cleanup 3700M->358M(4096M) 0.305ms
[2020-10-31T11:26:35.274+0000][info][gc,ergo      ] Free: 3532M (1766 regions), Max regular: 2048K, Max humongous: 3268608K, External frag: 10%, Internal frag: 0%
[2020-10-31T11:26:35.274+0000][info][gc,ergo      ] Evacuation Reserve: 206M (103 regions), Max regular: 2048K
[2020-10-31T11:26:35.274+0000][info][gc,ergo      ] Pacer for Idle. Initial: 81M, Alloc Tax Rate: 1.0x
[2020-10-31T11:26:36.274+0000][info][safepoint    ] Safepoint "Cleanup", Time since last: 1000077158 ns, Reaching safepoint: 126536 ns, At safepoint: 3245 ns, Total: 129781 ns
[2020-10-31T11:26:37.274+0000][info][safepoint    ] Safepoint "Cleanup", Time since last: 1000116833 ns, Reaching safepoint: 61125 ns, At safepoint: 5357 ns, Total: 66482 ns
[2020-10-31T11:26:38.275+0000][info][safepoint    ] Safepoint "Cleanup", Time since last: 1000105595 ns, Reaching safepoint: 130109 ns, At safepoint: 5337 ns, Total: 135446 ns
[2020-10-31T11:26:39.275+0000][info][safepoint    ] Safepoint "Cleanup", Time since last: 1000105810 ns, Reaching safepoint: 130973 ns, At safepoint: 5777 ns, Total: 136750 ns
[2020-10-31T11:26:40.275+0000][info][safepoint    ] Safepoint "Cleanup", Time since last: 1000106013 ns, Reaching safepoint: 131404 ns, At safepoint: 5769 ns, Total: 137173 ns
[2020-10-31T11:26:41.275+0000][info][safepoint    ] Safepoint "Cleanup", Time since last: 1000108624 ns, Reaching safepoint: 138488 ns, At safepoint: 5132 ns, Total: 143620 ns
[2020-10-31T11:26:42.276+0000][info][safepoint    ] Safepoint "Cleanup", Time since last: 1000107209 ns, Reaching safepoint: 130187 ns, At safepoint: 5581 ns, Total: 135768 ns
[2020-10-31T11:26:43.276+0000][info][safepoint    ] Safepoint "Cleanup", Time since last: 1000108155 ns, Reaching safepoint: 130358 ns, At safepoint: 5225 ns, Total: 135583 ns
[2020-10-31T11:26:44.276+0000][info][safepoint    ] Safepoint "Cleanup", Time since last: 1000107221 ns, Reaching safepoint: 139372 ns, At safepoint: 5707 ns, Total: 145079 ns
[2020-10-31T11:26:44.934+0000][info][gc           ] Trigger: Free (408M) is below minimum threshold (409M)
[2020-10-31T11:26:44.934+0000][info][gc,ergo      ] Free: 408M (204 regions), Max regular: 2048K, Max humongous: 194560K, External frag: 54%, Internal frag: 0%
[2020-10-31T11:26:44.934+0000][info][gc,ergo      ] Evacuation Reserve: 206M (103 regions), Max regular: 2048K
[2020-10-31T11:26:44.935+0000][info][gc,start     ] GC(90) Concurrent reset
[2020-10-31T11:26:44.935+0000][info][gc,task      ] GC(90) Using 1 of 1 workers for concurrent reset
[2020-10-31T11:26:44.944+0000][info][gc           ] GC(90) Concurrent reset 3482M->3484M(4096M) 9.104ms
[2020-10-31T11:26:44.944+0000][info][gc,start     ] GC(90) Pause Init Mark (process weakrefs)
[2020-10-31T11:26:44.944+0000][info][gc,task      ] GC(90) Using 1 of 1 workers for init marking
[2020-10-31T11:26:44.944+0000][info][gc,ergo      ] GC(90) Pacer for Mark. Expected Live: 116M, Free: 406M, Non-Taxable: 40M, Alloc Tax Rate: 1.1x
[2020-10-31T11:26:44.944+0000][info][gc           ] GC(90) Pause Init Mark (process weakrefs) 0.482ms
[2020-10-31T11:26:44.944+0000][info][safepoint    ] Safepoint "ShenandoahInitMark", Time since last: 667591810 ns, Reaching safepoint: 140657 ns, At safepoint: 502940 ns, Total: 643597 ns
[2020-10-31T11:26:44.944+0000][info][gc,start     ] GC(90) Concurrent marking (process weakrefs)
[2020-10-31T11:26:44.944+0000][info][gc,task      ] GC(90) Using 1 of 1 workers for concurrent marking
[2020-10-31T11:26:45.374+0000][info][gc           ] GC(90) Concurrent marking (process weakrefs) 3486M->3592M(4096M) 429.844ms
[2020-10-31T11:26:45.374+0000][info][gc,start     ] GC(90) Concurrent precleaning
[2020-10-31T11:26:45.374+0000][info][gc,task      ] GC(90) Using 1 of 1 workers for concurrent preclean
[2020-10-31T11:26:45.471+0000][info][gc           ] GC(90) Concurrent precleaning 3592M->3620M(4096M) 96.650ms
[2020-10-31T11:26:45.471+0000][info][gc,start     ] GC(90) Pause Final Mark (process weakrefs)
[2020-10-31T11:26:45.471+0000][info][gc,task      ] GC(90) Using 1 of 1 workers for final marking
[2020-10-31T11:26:45.553+0000][info][gc,ergo      ] GC(90) Adaptive CSet Selection. Target Free: 409M, Actual Free: 476M, Max CSet: 170M, Min Garbage: 0M
[2020-10-31T11:26:45.554+0000][info][gc,ergo      ] GC(90) Collectable Garbage: 3277M (97% of total), 24M CSet, 1651 CSet regions
[2020-10-31T11:26:45.554+0000][info][gc,ergo      ] GC(90) Immediate Garbage: 0M (0% of total), 0 regions
[2020-10-31T11:26:45.554+0000][info][gc,ergo      ] GC(90) Pacer for Evacuation. Used CSet: 3302M, Free: 270M, Non-Taxable: 27M, Alloc Tax Rate: 29.9x
[2020-10-31T11:26:45.554+0000][info][gc           ] GC(90) Pause Final Mark (process weakrefs) 83.132ms
[2020-10-31T11:26:45.554+0000][info][safepoint    ] Safepoint "ShenandoahFinalMarkStartEvac", Time since last: 526608645 ns, Reaching safepoint: 135746 ns, At safepoint: 83156482 ns, Total: 83292228 ns
[2020-10-31T11:26:45.554+0000][info][gc,start     ] GC(90) Concurrent cleanup
[2020-10-31T11:26:45.554+0000][info][gc           ] GC(90) Concurrent cleanup 3622M->3622M(4096M) 0.235ms
[2020-10-31T11:26:45.554+0000][info][gc,ergo      ] GC(90) Free: 268M (134 regions), Max regular: 2048K, Max humongous: 194560K, External frag: 30%, Internal frag: 0%
[2020-10-31T11:26:45.555+0000][info][gc,ergo      ] GC(90) Evacuation Reserve: 205M (103 regions), Max regular: 2048K
[2020-10-31T11:26:45.555+0000][info][gc,start     ] GC(90) Concurrent evacuation
[2020-10-31T11:26:45.555+0000][info][gc,task      ] GC(90) Using 1 of 1 workers for concurrent evacuation
[2020-10-31T11:26:45.699+0000][info][gc           ] GC(90) Concurrent evacuation 3622M->3674M(4096M) 144.561ms
[2020-10-31T11:26:45.699+0000][info][gc,start     ] GC(90) Pause Init Update Refs
[2020-10-31T11:26:45.699+0000][info][gc,ergo      ] GC(90) Pacer for Update Refs. Used: 3674M, Free: 242M, Non-Taxable: 24M, Alloc Tax Rate: 18.6x
[2020-10-31T11:26:45.699+0000][info][gc           ] GC(90) Pause Init Update Refs 0.055ms
[2020-10-31T11:26:45.699+0000][info][safepoint    ] Safepoint "ShenandoahInitUpdateRefs", Time since last: 144917988 ns, Reaching safepoint: 138145 ns, At safepoint: 75268 ns, Total: 213413 ns
[2020-10-31T11:26:45.699+0000][info][gc,start     ] GC(90) Concurrent update references
[2020-10-31T11:26:45.699+0000][info][gc,task      ] GC(90) Using 1 of 1 workers for concurrent reference update
[2020-10-31T11:26:45.982+0000][info][gc           ] GC(90) Concurrent update references 3674M->3738M(4096M) 282.897ms
[2020-10-31T11:26:45.982+0000][info][gc,start     ] GC(90) Pause Final Update Refs
[2020-10-31T11:26:45.982+0000][info][gc,task      ] GC(90) Using 1 of 1 workers for final reference update
[2020-10-31T11:26:45.983+0000][info][gc           ] GC(90) Pause Final Update Refs 0.190ms
[2020-10-31T11:26:45.983+0000][info][safepoint    ] Safepoint "ShenandoahFinalUpdateRefs", Time since last: 282979385 ns, Reaching safepoint: 139897 ns, At safepoint: 213229 ns, Total: 353126 ns
[2020-10-31T11:26:45.983+0000][info][gc,start     ] GC(90) Concurrent cleanup
[2020-10-31T11:26:45.983+0000][info][gc           ] GC(90) Concurrent cleanup 3738M->436M(4096M) 0.313ms
[2020-10-31T11:26:45.983+0000][info][gc,ergo      ] Free: 3454M (1727 regions), Max regular: 2048K, Max humongous: 3201024K, External frag: 10%, Internal frag: 0%
[2020-10-31T11:26:45.983+0000][info][gc,ergo      ] Evacuation Reserve: 206M (103 regions), Max regular: 2048K
[2020-10-31T11:26:45.983+0000][info][gc,ergo      ] Pacer for Idle. Initial: 81M, Alloc Tax Rate: 1.0x
[2020-10-31T11:26:46.983+0000][info][safepoint    ] Safepoint "Cleanup", Time since last: 1000077512 ns, Reaching safepoint: 135428 ns, At safepoint: 5843 ns, Total: 141271 ns
[2020-10-31T11:26:47.983+0000][info][safepoint    ] Safepoint "Cleanup", Time since last: 1000106653 ns, Reaching safepoint: 133894 ns, At safepoint: 5926 ns, Total: 139820 ns
[2020-10-31T11:26:48.983+0000][info][safepoint    ] Safepoint "Cleanup", Time since last: 1000109196 ns, Reaching safepoint: 135852 ns, At safepoint: 7739 ns, Total: 143591 ns
[2020-10-31T11:26:49.984+0000][info][safepoint    ] Safepoint "Cleanup", Time since last: 1000113465 ns, Reaching safepoint: 146521 ns, At safepoint: 5623 ns, Total: 152144 ns
[2020-10-31T11:26:50.984+0000][info][safepoint    ] Safepoint "Cleanup", Time since last: 1000109593 ns, Reaching safepoint: 141507 ns, At safepoint: 4783 ns, Total: 146290 ns
[2020-10-31T11:26:51.984+0000][info][safepoint    ] Safepoint "Cleanup", Time since last: 1000105617 ns, Reaching safepoint: 59565 ns, At safepoint: 6759 ns, Total: 66324 ns
[2020-10-31T11:26:52.984+0000][info][safepoint    ] Safepoint "Cleanup", Time since last: 1000100059 ns, Reaching safepoint: 134640 ns, At safepoint: 7260 ns, Total: 141900 ns
[2020-10-31T11:26:53.985+0000][info][safepoint    ] Safepoint "Cleanup", Time since last: 1000121280 ns, Reaching safepoint: 135123 ns, At safepoint: 2940 ns, Total: 138063 ns
[2020-10-31T11:26:54.985+0000][info][safepoint    ] Safepoint "Cleanup", Time since last: 1000124155 ns, Reaching safepoint: 153189 ns, At safepoint: 3285 ns, Total: 156474 ns
[2020-10-31T11:26:55.472+0000][info][gc           ] Trigger: Free (408M) is below minimum threshold (409M)
[2020-10-31T11:26:55.472+0000][info][gc,ergo      ] Free: 408M (204 regions), Max regular: 2048K, Max humongous: 157696K, External frag: 63%, Internal frag: 0%
[2020-10-31T11:26:55.472+0000][info][gc,ergo      ] Evacuation Reserve: 206M (103 regions), Max regular: 2048K
[2020-10-31T11:26:55.472+0000][info][gc,start     ] GC(91) Concurrent reset
[2020-10-31T11:26:55.472+0000][info][gc,task      ] GC(91) Using 1 of 1 workers for concurrent reset
[2020-10-31T11:26:55.481+0000][info][gc           ] GC(91) Concurrent reset 3482M->3484M(4096M) 8.895ms
[2020-10-31T11:26:55.481+0000][info][gc,start     ] GC(91) Pause Init Mark
[2020-10-31T11:26:55.481+0000][info][gc,task      ] GC(91) Using 1 of 1 workers for init marking
[2020-10-31T11:26:55.482+0000][info][gc,ergo      ] GC(91) Pacer for Mark. Expected Live: 116M, Free: 406M, Non-Taxable: 40M, Alloc Tax Rate: 1.1x
[2020-10-31T11:26:55.482+0000][info][gc           ] GC(91) Pause Init Mark 0.481ms
[2020-10-31T11:26:55.482+0000][info][safepoint    ] Safepoint "ShenandoahInitMark", Time since last: 496447112 ns, Reaching safepoint: 140949 ns, At safepoint: 501398 ns, Total: 642347 ns
[2020-10-31T11:26:55.482+0000][info][gc,start     ] GC(91) Concurrent marking
[2020-10-31T11:26:55.482+0000][info][gc,task      ] GC(91) Using 1 of 1 workers for concurrent marking
[2020-10-31T11:26:55.656+0000][info][gc           ] GC(91) Concurrent marking 3486M->3528M(4096M) 173.872ms
[2020-10-31T11:26:55.656+0000][info][gc,start     ] GC(91) Pause Final Mark
[2020-10-31T11:26:55.656+0000][info][gc,task      ] GC(91) Using 1 of 1 workers for final marking
[2020-10-31T11:26:55.657+0000][info][gc,ergo      ] GC(91) Adaptive CSet Selection. Target Free: 409M, Actual Free: 760M, Max CSet: 170M, Min Garbage: 0M
[2020-10-31T11:26:55.657+0000][info][gc,ergo      ] GC(91) Collectable Garbage: 3242M (94% of total), 43M CSet, 1643 CSet regions
[2020-10-31T11:26:55.657+0000][info][gc,ergo      ] GC(91) Immediate Garbage: 192M (5% of total), 96 regions
[2020-10-31T11:26:55.657+0000][info][gc,ergo      ] GC(91) Pacer for Evacuation. Used CSet: 3286M, Free: 554M, Non-Taxable: 55M, Alloc Tax Rate: 14.5x
[2020-10-31T11:26:55.657+0000][info][gc           ] GC(91) Pause Final Mark 1.420ms
[2020-10-31T11:26:55.657+0000][info][safepoint    ] Safepoint "ShenandoahFinalMarkStartEvac", Time since last: 173948275 ns, Reaching safepoint: 61293 ns, At safepoint: 1437139 ns, Total: 1498432 ns
[2020-10-31T11:26:55.657+0000][info][gc,start     ] GC(91) Concurrent cleanup
[2020-10-31T11:26:55.658+0000][info][gc           ] GC(91) Concurrent cleanup 3526M->3336M(4096M) 0.163ms
[2020-10-31T11:26:55.658+0000][info][gc,ergo      ] GC(91) Free: 554M (277 regions), Max regular: 2048K, Max humongous: 354304K, External frag: 38%, Internal frag: 0%
[2020-10-31T11:26:55.658+0000][info][gc,ergo      ] GC(91) Evacuation Reserve: 205M (103 regions), Max regular: 2048K
[2020-10-31T11:26:55.658+0000][info][gc,start     ] GC(91) Concurrent evacuation
[2020-10-31T11:26:55.658+0000][info][gc,task      ] GC(91) Using 1 of 1 workers for concurrent evacuation
[2020-10-31T11:26:55.738+0000][info][gc           ] GC(91) Concurrent evacuation 3336M->3400M(4096M) 79.986ms
[2020-10-31T11:26:55.738+0000][info][gc,start     ] GC(91) Pause Init Update Refs
[2020-10-31T11:26:55.738+0000][info][gc,ergo      ] GC(91) Pacer for Update Refs. Used: 3400M, Free: 534M, Non-Taxable: 53M, Alloc Tax Rate: 7.8x
[2020-10-31T11:26:55.738+0000][info][gc           ] GC(91) Pause Init Update Refs 0.051ms
[2020-10-31T11:26:55.738+0000][info][safepoint    ] Safepoint "ShenandoahInitUpdateRefs", Time since last: 80252520 ns, Reaching safepoint: 139790 ns, At safepoint: 81800 ns, Total: 221590 ns
[2020-10-31T11:26:55.738+0000][info][gc,start     ] GC(91) Concurrent update references
[2020-10-31T11:26:55.738+0000][info][gc,task      ] GC(91) Using 1 of 1 workers for concurrent reference update
[2020-10-31T11:26:55.861+0000][info][gc           ] GC(91) Concurrent update references 3400M->3434M(4096M) 123.028ms
[2020-10-31T11:26:55.861+0000][info][gc,start     ] GC(91) Pause Final Update Refs
[2020-10-31T11:26:55.861+0000][info][gc,task      ] GC(91) Using 1 of 1 workers for final reference update
[2020-10-31T11:26:55.861+0000][info][gc           ] GC(91) Pause Final Update Refs 0.184ms
[2020-10-31T11:26:55.861+0000][info][safepoint    ] Safepoint "ShenandoahFinalUpdateRefs", Time since last: 123109966 ns, Reaching safepoint: 138970 ns, At safepoint: 205288 ns, Total: 344258 ns
[2020-10-31T11:26:55.861+0000][info][gc,start     ] GC(91) Concurrent cleanup
[2020-10-31T11:26:55.862+0000][info][gc           ] GC(91) Concurrent cleanup 3434M->148M(4096M) 0.311ms
[2020-10-31T11:26:55.862+0000][info][gc,ergo      ] Free: 3742M (1871 regions), Max regular: 2048K, Max humongous: 3121152K, External frag: 19%, Internal frag: 0%
[2020-10-31T11:26:55.862+0000][info][gc,ergo      ] Evacuation Reserve: 206M (103 regions), Max regular: 2048K
[2020-10-31T11:26:55.862+0000][info][gc,ergo      ] Pacer for Idle. Initial: 81M, Alloc Tax Rate: 1.0x
[2020-10-31T11:26:56.862+0000][info][safepoint    ] Safepoint "Cleanup", Time since last: 1000080324 ns, Reaching safepoint: 132137 ns, At safepoint: 5257 ns, Total: 137394 ns
[2020-10-31T11:26:57.862+0000][info][safepoint    ] Safepoint "Cleanup", Time since last: 1000106677 ns, Reaching safepoint: 131569 ns, At safepoint: 5731 ns, Total: 137300 ns
[2020-10-31T11:26:58.862+0000][info][safepoint    ] Safepoint "Cleanup", Time since last: 1000108814 ns, Reaching safepoint: 138088 ns, At safepoint: 5236 ns, Total: 143324 ns
[2020-10-31T11:26:59.862+0000][info][safepoint    ] Safepoint "Cleanup", Time since last: 1000111989 ns, Reaching safepoint: 59274 ns, At safepoint: 6282 ns, Total: 65556 ns
[2020-10-31T11:27:00.862+0000][info][safepoint    ] Safepoint "Cleanup", Time since last: 1000102897 ns, Reaching safepoint: 129332 ns, At safepoint: 5675 ns, Total: 135007 ns
[2020-10-31T11:27:01.863+0000][info][safepoint    ] Safepoint "Cleanup", Time since last: 1000111046 ns, Reaching safepoint: 56377 ns, At safepoint: 5626 ns, Total: 62003 ns
[2020-10-31T11:27:02.863+0000][info][safepoint    ] Safepoint "Cleanup", Time since last: 1000110060 ns, Reaching safepoint: 135927 ns, At safepoint: 5115 ns, Total: 141042 ns
[2020-10-31T11:27:03.863+0000][info][safepoint    ] Safepoint "Cleanup", Time since last: 1000108990 ns, Reaching safepoint: 55677 ns, At safepoint: 5135 ns, Total: 60812 ns
[2020-10-31T11:27:04.863+0000][info][safepoint    ] Safepoint "Cleanup", Time since last: 1000109279 ns, Reaching safepoint: 57585 ns, At safepoint: 7479 ns, Total: 65064 ns
[2020-10-31T11:27:05.863+0000][info][safepoint    ] Safepoint "Cleanup", Time since last: 1000110901 ns, Reaching safepoint: 134154 ns, At safepoint: 5502 ns, Total: 139656 ns
[2020-10-31T11:27:06.173+0000][info][gc           ] Trigger: Free (408M) is below minimum threshold (409M)
[2020-10-31T11:27:06.173+0000][info][gc,ergo      ] Free: 408M (204 regions), Max regular: 2048K, Max humongous: 415744K, External frag: 1%, Internal frag: 0%
[2020-10-31T11:27:06.173+0000][info][gc,ergo      ] Evacuation Reserve: 206M (103 regions), Max regular: 2048K
[2020-10-31T11:27:06.173+0000][info][gc,start     ] GC(92) Concurrent reset
[2020-10-31T11:27:06.173+0000][info][gc,task      ] GC(92) Using 1 of 1 workers for concurrent reset
[2020-10-31T11:27:06.181+0000][info][gc           ] GC(92) Concurrent reset 3482M->3482M(4096M) 8.416ms
[2020-10-31T11:27:06.181+0000][info][gc,start     ] GC(92) Pause Init Mark
[2020-10-31T11:27:06.181+0000][info][gc,task      ] GC(92) Using 1 of 1 workers for init marking
[2020-10-31T11:27:06.182+0000][info][gc,ergo      ] GC(92) Pacer for Mark. Expected Live: 116M, Free: 408M, Non-Taxable: 40M, Alloc Tax Rate: 1.0x
[2020-10-31T11:27:06.182+0000][info][gc           ] GC(92) Pause Init Mark 0.506ms
[2020-10-31T11:27:06.182+0000][info][safepoint    ] Safepoint "ShenandoahInitMark", Time since last: 317733721 ns, Reaching safepoint: 148970 ns, At safepoint: 526812 ns, Total: 675782 ns
[2020-10-31T11:27:06.182+0000][info][gc,start     ] GC(92) Concurrent marking
[2020-10-31T11:27:06.182+0000][info][gc,task      ] GC(92) Using 1 of 1 workers for concurrent marking
[2020-10-31T11:27:06.413+0000][info][gc           ] GC(92) Concurrent marking 3482M->3540M(4096M) 231.352ms
[2020-10-31T11:27:06.413+0000][info][gc,start     ] GC(92) Pause Final Mark
[2020-10-31T11:27:06.413+0000][info][gc,task      ] GC(92) Using 1 of 1 workers for final marking
[2020-10-31T11:27:06.414+0000][info][gc,ergo      ] GC(92) Adaptive CSet Selection. Target Free: 409M, Actual Free: 556M, Max CSet: 170M, Min Garbage: 0M
[2020-10-31T11:27:06.414+0000][info][gc,ergo      ] GC(92) Collectable Garbage: 3386M (99% of total), 45M CSet, 1716 CSet regions
[2020-10-31T11:27:06.414+0000][info][gc,ergo      ] GC(92) Immediate Garbage: 0M (0% of total), 0 regions
[2020-10-31T11:27:06.415+0000][info][gc,ergo      ] GC(92) Pacer for Evacuation. Used CSet: 3432M, Free: 350M, Non-Taxable: 35M, Alloc Tax Rate: 24.0x
[2020-10-31T11:27:06.415+0000][info][gc           ] GC(92) Pause Final Mark 1.414ms
[2020-10-31T11:27:06.415+0000][info][safepoint    ] Safepoint "ShenandoahFinalMarkStartEvac", Time since last: 231432807 ns, Reaching safepoint: 143172 ns, At safepoint: 1437830 ns, Total: 1581002 ns
[2020-10-31T11:27:06.415+0000][info][gc,start     ] GC(92) Concurrent cleanup
[2020-10-31T11:27:06.415+0000][info][gc           ] GC(92) Concurrent cleanup 3542M->3544M(4096M) 0.185ms
[2020-10-31T11:27:06.415+0000][info][gc,ergo      ] GC(92) Free: 346M (173 regions), Max regular: 2048K, Max humongous: 352256K, External frag: 1%, Internal frag: 0%
[2020-10-31T11:27:06.415+0000][info][gc,ergo      ] GC(92) Evacuation Reserve: 205M (103 regions), Max regular: 2048K
[2020-10-31T11:27:06.415+0000][info][gc,start     ] GC(92) Concurrent evacuation
[2020-10-31T11:27:06.415+0000][info][gc,task      ] GC(92) Using 1 of 1 workers for concurrent evacuation
[2020-10-31T11:27:06.500+0000][info][gc           ] GC(92) Concurrent evacuation 3544M->3610M(4096M) 85.193ms
[2020-10-31T11:27:06.501+0000][info][gc,start     ] GC(92) Pause Init Update Refs
[2020-10-31T11:27:06.501+0000][info][gc,ergo      ] GC(92) Pacer for Update Refs. Used: 3610M, Free: 326M, Non-Taxable: 32M, Alloc Tax Rate: 13.5x
[2020-10-31T11:27:06.501+0000][info][gc           ] GC(92) Pause Init Update Refs 0.053ms
[2020-10-31T11:27:06.501+0000][info][safepoint    ] Safepoint "ShenandoahInitUpdateRefs", Time since last: 85500957 ns, Reaching safepoint: 151595 ns, At safepoint: 72691 ns, Total: 224286 ns
[2020-10-31T11:27:06.501+0000][info][gc,start     ] GC(92) Concurrent update references
[2020-10-31T11:27:06.501+0000][info][gc,task      ] GC(92) Using 1 of 1 workers for concurrent reference update
[2020-10-31T11:27:06.667+0000][info][gc           ] GC(92) Concurrent update references 3612M->3654M(4096M) 166.071ms
[2020-10-31T11:27:06.667+0000][info][gc,start     ] GC(92) Pause Final Update Refs
[2020-10-31T11:27:06.667+0000][info][gc,task      ] GC(92) Using 1 of 1 workers for final reference update
[2020-10-31T11:27:06.667+0000][info][gc           ] GC(92) Pause Final Update Refs 0.188ms
[2020-10-31T11:27:06.667+0000][info][safepoint    ] Safepoint "ShenandoahFinalUpdateRefs", Time since last: 166151766 ns, Reaching safepoint: 140423 ns, At safepoint: 210062 ns, Total: 350485 ns
[2020-10-31T11:27:06.667+0000][info][gc,start     ] GC(92) Concurrent cleanup
[2020-10-31T11:27:06.667+0000][info][gc           ] GC(92) Concurrent cleanup 3654M->222M(4096M) 0.318ms
[2020-10-31T11:27:06.668+0000][info][gc,ergo      ] Free: 3668M (1834 regions), Max regular: 2048K, Max humongous: 3514368K, External frag: 7%, Internal frag: 0%
[2020-10-31T11:27:06.668+0000][info][gc,ergo      ] Evacuation Reserve: 206M (103 regions), Max regular: 2048K
[2020-10-31T11:27:06.668+0000][info][gc,ergo      ] Pacer for Idle. Initial: 81M, Alloc Tax Rate: 1.0x
[2020-10-31T11:27:07.667+0000][info][safepoint    ] Safepoint "Cleanup", Time since last: 1000079287 ns, Reaching safepoint: 131882 ns, At safepoint: 6435 ns, Total: 138317 ns
[2020-10-31T11:27:08.668+0000][info][safepoint    ] Safepoint "Cleanup", Time since last: 1000108563 ns, Reaching safepoint: 135429 ns, At safepoint: 5011 ns, Total: 140440 ns
[2020-10-31T11:27:09.668+0000][info][safepoint    ] Safepoint "Cleanup", Time since last: 1000105131 ns, Reaching safepoint: 132537 ns, At safepoint: 5571 ns, Total: 138108 ns
[2020-10-31T11:27:10.668+0000][info][safepoint    ] Safepoint "Cleanup", Time since last: 1000105606 ns, Reaching safepoint: 131473 ns, At safepoint: 5598 ns, Total: 137071 ns
[2020-10-31T11:27:11.668+0000][info][safepoint    ] Safepoint "Cleanup", Time since last: 1000114735 ns, Reaching safepoint: 136126 ns, At safepoint: 7121 ns, Total: 143247 ns
[2020-10-31T11:27:12.669+0000][info][safepoint    ] Safepoint "Cleanup", Time since last: 1000111056 ns, Reaching safepoint: 137448 ns, At safepoint: 5455 ns, Total: 142903 ns
[2020-10-31T11:27:13.669+0000][info][safepoint    ] Safepoint "Cleanup", Time since last: 1000108260 ns, Reaching safepoint: 138218 ns, At safepoint: 5060 ns, Total: 143278 ns
[2020-10-31T11:27:14.669+0000][info][safepoint    ] Safepoint "Cleanup", Time since last: 1000107243 ns, Reaching safepoint: 135855 ns, At safepoint: 5313 ns, Total: 141168 ns
[2020-10-31T11:27:15.669+0000][info][safepoint    ] Safepoint "Cleanup", Time since last: 1000110709 ns, Reaching safepoint: 137910 ns, At safepoint: 5206 ns, Total: 143116 ns
[2020-10-31T11:27:16.670+0000][info][safepoint    ] Safepoint "Cleanup", Time since last: 1000112275 ns, Reaching safepoint: 55686 ns, At safepoint: 5533 ns, Total: 61219 ns
[2020-10-31T11:27:16.741+0000][info][gc           ] Trigger: Free (408M) is below minimum threshold (409M)
[2020-10-31T11:27:16.741+0000][info][gc,ergo      ] Free: 408M (204 regions), Max regular: 2048K, Max humongous: 239616K, External frag: 43%, Internal frag: 0%
[2020-10-31T11:27:16.741+0000][info][gc,ergo      ] Evacuation Reserve: 206M (103 regions), Max regular: 2048K
[2020-10-31T11:27:16.741+0000][info][gc,start     ] GC(93) Concurrent reset
[2020-10-31T11:27:16.741+0000][info][gc,task      ] GC(93) Using 1 of 1 workers for concurrent reset
[2020-10-31T11:27:16.750+0000][info][gc           ] GC(93) Concurrent reset 3482M->3482M(4096M) 8.859ms
[2020-10-31T11:27:16.750+0000][info][gc,start     ] GC(93) Pause Init Mark
[2020-10-31T11:27:16.750+0000][info][gc,task      ] GC(93) Using 1 of 1 workers for init marking
[2020-10-31T11:27:16.750+0000][info][gc,ergo      ] GC(93) Pacer for Mark. Expected Live: 116M, Free: 408M, Non-Taxable: 40M, Alloc Tax Rate: 1.0x
[2020-10-31T11:27:16.750+0000][info][gc           ] GC(93) Pause Init Mark 0.496ms
[2020-10-31T11:27:16.750+0000][info][safepoint    ] Safepoint "ShenandoahInitMark", Time since last: 80069495 ns, Reaching safepoint: 135892 ns, At safepoint: 516884 ns, Total: 652776 ns
[2020-10-31T11:27:16.750+0000][info][gc,start     ] GC(93) Concurrent marking
[2020-10-31T11:27:16.750+0000][info][gc,task      ] GC(93) Using 1 of 1 workers for concurrent marking
[2020-10-31T11:27:17.041+0000][info][gc           ] GC(93) Concurrent marking 3484M->3566M(4096M) 290.987ms
[2020-10-31T11:27:17.041+0000][info][gc,start     ] GC(93) Pause Final Mark
[2020-10-31T11:27:17.041+0000][info][gc,task      ] GC(93) Using 1 of 1 workers for final marking
[2020-10-31T11:27:17.042+0000][info][gc,ergo      ] GC(93) Adaptive CSet Selection. Target Free: 409M, Actual Free: 530M, Max CSet: 170M, Min Garbage: 0M
[2020-10-31T11:27:17.042+0000][info][gc,ergo      ] GC(93) Collectable Garbage: 3341M (99% of total), 44M CSet, 1693 CSet regions
[2020-10-31T11:27:17.042+0000][info][gc,ergo      ] GC(93) Immediate Garbage: 0M (0% of total), 0 regions
[2020-10-31T11:27:17.043+0000][info][gc,ergo      ] GC(93) Pacer for Evacuation. Used CSet: 3386M, Free: 324M, Non-Taxable: 32M, Alloc Tax Rate: 25.5x
[2020-10-31T11:27:17.043+0000][info][gc           ] GC(93) Pause Final Mark 1.437ms
[2020-10-31T11:27:17.043+0000][info][safepoint    ] Safepoint "ShenandoahFinalMarkStartEvac", Time since last: 291067728 ns, Reaching safepoint: 141884 ns, At safepoint: 1461141 ns, Total: 1603025 ns
[2020-10-31T11:27:17.043+0000][info][gc,start     ] GC(93) Concurrent cleanup
[2020-10-31T11:27:17.043+0000][info][gc           ] GC(93) Concurrent cleanup 3568M->3570M(4096M) 0.189ms
[2020-10-31T11:27:17.043+0000][info][gc,ergo      ] GC(93) Free: 320M (160 regions), Max regular: 2048K, Max humongous: 239616K, External frag: 27%, Internal frag: 0%
[2020-10-31T11:27:17.043+0000][info][gc,ergo      ] GC(93) Evacuation Reserve: 206M (103 regions), Max regular: 2048K
[2020-10-31T11:27:17.043+0000][info][gc,start     ] GC(93) Concurrent evacuation
[2020-10-31T11:27:17.043+0000][info][gc,task      ] GC(93) Using 1 of 1 workers for concurrent evacuation
[2020-10-31T11:27:17.127+0000][info][gc           ] GC(93) Concurrent evacuation 3570M->3636M(4096M) 83.769ms
[2020-10-31T11:27:17.127+0000][info][gc,start     ] GC(93) Pause Init Update Refs
[2020-10-31T11:27:17.127+0000][info][gc,ergo      ] GC(93) Pacer for Update Refs. Used: 3636M, Free: 300M, Non-Taxable: 30M, Alloc Tax Rate: 14.8x
[2020-10-31T11:27:17.127+0000][info][gc           ] GC(93) Pause Init Update Refs 0.051ms
[2020-10-31T11:27:17.127+0000][info][safepoint    ] Safepoint "ShenandoahInitUpdateRefs", Time since last: 84079067 ns, Reaching safepoint: 141082 ns, At safepoint: 72155 ns, Total: 213237 ns
[2020-10-31T11:27:17.127+0000][info][gc,start     ] GC(93) Concurrent update references
[2020-10-31T11:27:17.127+0000][info][gc,task      ] GC(93) Using 1 of 1 workers for concurrent reference update
[2020-10-31T11:27:17.338+0000][info][gc           ] GC(93) Concurrent update references 3638M->3690M(4096M) 211.225ms
[2020-10-31T11:27:17.339+0000][info][gc,start     ] GC(93) Pause Final Update Refs
[2020-10-31T11:27:17.339+0000][info][gc,task      ] GC(93) Using 1 of 1 workers for final reference update
[2020-10-31T11:27:17.339+0000][info][gc           ] GC(93) Pause Final Update Refs 0.189ms
[2020-10-31T11:27:17.339+0000][info][safepoint    ] Safepoint "ShenandoahFinalUpdateRefs", Time since last: 211306122 ns, Reaching safepoint: 140313 ns, At safepoint: 210724 ns, Total: 351037 ns
[2020-10-31T11:27:17.339+0000][info][gc,start     ] GC(93) Concurrent cleanup
[2020-10-31T11:27:17.339+0000][info][gc           ] GC(93) Concurrent cleanup 3690M->304M(4096M) 0.308ms
[2020-10-31T11:27:17.339+0000][info][gc,ergo      ] Free: 3586M (1793 regions), Max regular: 2048K, Max humongous: 3338240K, External frag: 10%, Internal frag: 0%
[2020-10-31T11:27:17.339+0000][info][gc,ergo      ] Evacuation Reserve: 206M (103 regions), Max regular: 2048K
[2020-10-31T11:27:17.339+0000][info][gc,ergo      ] Pacer for Idle. Initial: 81M, Alloc Tax Rate: 1.0x
[2020-10-31T11:27:18.339+0000][info][safepoint    ] Safepoint "Cleanup", Time since last: 1000076756 ns, Reaching safepoint: 53732 ns, At safepoint: 6229 ns, Total: 59961 ns
[2020-10-31T11:27:19.339+0000][info][safepoint    ] Safepoint "Cleanup", Time since last: 1000105651 ns, Reaching safepoint: 138555 ns, At safepoint: 3064 ns, Total: 141619 ns
[2020-10-31T11:27:20.340+0000][info][safepoint    ] Safepoint "Cleanup", Time since last: 1000107080 ns, Reaching safepoint: 132419 ns, At safepoint: 5122 ns, Total: 137541 ns
[2020-10-31T11:27:21.340+0000][info][safepoint    ] Safepoint "Cleanup", Time since last: 1000106128 ns, Reaching safepoint: 56270 ns, At safepoint: 7050 ns, Total: 63320 ns
[2020-10-31T11:27:22.340+0000][info][safepoint    ] Safepoint "Cleanup", Time since last: 1000102307 ns, Reaching safepoint: 55217 ns, At safepoint: 5713 ns, Total: 60930 ns
[2020-10-31T11:27:23.340+0000][info][safepoint    ] Safepoint "Cleanup", Time since last: 1000107925 ns, Reaching safepoint: 143682 ns, At safepoint: 7300 ns, Total: 150982 ns
[2020-10-31T11:27:24.340+0000][info][safepoint    ] Safepoint "Cleanup", Time since last: 1000121214 ns, Reaching safepoint: 59724 ns, At safepoint: 6378 ns, Total: 66102 ns
[2020-10-31T11:27:25.341+0000][info][safepoint    ] Safepoint "Cleanup", Time since last: 1000111915 ns, Reaching safepoint: 145475 ns, At safepoint: 5563 ns, Total: 151038 ns
[2020-10-31T11:27:26.341+0000][info][safepoint    ] Safepoint "Cleanup", Time since last: 1000107115 ns, Reaching safepoint: 72020 ns, At safepoint: 6116 ns, Total: 78136 ns
[2020-10-31T11:27:27.168+0000][info][gc           ] Trigger: Average GC time (641.87 ms) is above the time for allocation rate (320.12 MB/s) to deplete free headroom (205M)
[2020-10-31T11:27:27.168+0000][info][gc,ergo      ] Free headroom: 410M (free) - 204M (spike) - 0M (penalties) = 205M
[2020-10-31T11:27:27.168+0000][info][gc,ergo      ] Free: 410M (205 regions), Max regular: 2048K, Max humongous: 331776K, External frag: 21%, Internal frag: 0%
[2020-10-31T11:27:27.168+0000][info][gc,ergo      ] Evacuation Reserve: 206M (103 regions), Max regular: 2048K
[2020-10-31T11:27:27.168+0000][info][gc,start     ] GC(94) Concurrent reset
[2020-10-31T11:27:27.168+0000][info][gc,task      ] GC(94) Using 1 of 1 workers for concurrent reset
[2020-10-31T11:27:27.177+0000][info][gc           ] GC(94) Concurrent reset 3480M->3480M(4096M) 8.858ms
[2020-10-31T11:27:27.177+0000][info][gc,start     ] GC(94) Pause Init Mark
[2020-10-31T11:27:27.177+0000][info][gc,task      ] GC(94) Using 1 of 1 workers for init marking
[2020-10-31T11:27:27.178+0000][info][gc,ergo      ] GC(94) Pacer for Mark. Expected Live: 116M, Free: 410M, Non-Taxable: 41M, Alloc Tax Rate: 1.0x
[2020-10-31T11:27:27.178+0000][info][gc           ] GC(94) Pause Init Mark 0.486ms
[2020-10-31T11:27:27.178+0000][info][safepoint    ] Safepoint "ShenandoahInitMark", Time since last: 836303411 ns, Reaching safepoint: 140362 ns, At safepoint: 506590 ns, Total: 646952 ns
[2020-10-31T11:27:27.178+0000][info][gc,start     ] GC(94) Concurrent marking
[2020-10-31T11:27:27.178+0000][info][gc,task      ] GC(94) Using 1 of 1 workers for concurrent marking
[2020-10-31T11:27:27.515+0000][info][gc           ] GC(94) Concurrent marking 3482M->3568M(4096M) 336.792ms
[2020-10-31T11:27:27.515+0000][info][gc,start     ] GC(94) Pause Final Mark
[2020-10-31T11:27:27.515+0000][info][gc,task      ] GC(94) Using 1 of 1 workers for final marking
[2020-10-31T11:27:27.515+0000][info][gc,ergo      ] GC(94) Adaptive CSet Selection. Target Free: 409M, Actual Free: 528M, Max CSet: 170M, Min Garbage: 0M
[2020-10-31T11:27:27.516+0000][info][gc,ergo      ] GC(94) Collectable Garbage: 3295M (99% of total), 44M CSet, 1670 CSet regions
[2020-10-31T11:27:27.516+0000][info][gc,ergo      ] GC(94) Immediate Garbage: 0M (0% of total), 0 regions
[2020-10-31T11:27:27.516+0000][info][gc,ergo      ] GC(94) Pacer for Evacuation. Used CSet: 3340M, Free: 322M, Non-Taxable: 32M, Alloc Tax Rate: 25.4x
[2020-10-31T11:27:27.516+0000][info][gc           ] GC(94) Pause Final Mark 1.428ms
[2020-10-31T11:27:27.516+0000][info][safepoint    ] Safepoint "ShenandoahFinalMarkStartEvac", Time since last: 336873642 ns, Reaching safepoint: 140869 ns, At safepoint: 1450729 ns, Total: 1591598 ns
[2020-10-31T11:27:27.516+0000][info][gc,start     ] GC(94) Concurrent cleanup
[2020-10-31T11:27:27.516+0000][info][gc           ] GC(94) Concurrent cleanup 3570M->3572M(4096M) 0.189ms
[2020-10-31T11:27:27.516+0000][info][gc,ergo      ] GC(94) Free: 318M (159 regions), Max regular: 2048K, Max humongous: 323584K, External frag: 1%, Internal frag: 0%
[2020-10-31T11:27:27.516+0000][info][gc,ergo      ] GC(94) Evacuation Reserve: 205M (103 regions), Max regular: 2048K
[2020-10-31T11:27:27.516+0000][info][gc,start     ] GC(94) Concurrent evacuation
[2020-10-31T11:27:27.516+0000][info][gc,task      ] GC(94) Using 1 of 1 workers for concurrent evacuation
[2020-10-31T11:27:27.600+0000][info][gc           ] GC(94) Concurrent evacuation 3572M->3638M(4096M) 83.165ms
[2020-10-31T11:27:27.600+0000][info][gc,start     ] GC(94) Pause Init Update Refs
[2020-10-31T11:27:27.600+0000][info][gc,ergo      ] GC(94) Pacer for Update Refs. Used: 3638M, Free: 298M, Non-Taxable: 29M, Alloc Tax Rate: 14.9x
[2020-10-31T11:27:27.600+0000][info][gc           ] GC(94) Pause Init Update Refs 0.053ms
[2020-10-31T11:27:27.600+0000][info][safepoint    ] Safepoint "ShenandoahInitUpdateRefs", Time since last: 83489819 ns, Reaching safepoint: 146404 ns, At safepoint: 72327 ns, Total: 218731 ns
[2020-10-31T11:27:27.600+0000][info][gc,start     ] GC(94) Concurrent update references
[2020-10-31T11:27:27.600+0000][info][gc,task      ] GC(94) Using 1 of 1 workers for concurrent reference update
[2020-10-31T11:27:27.841+0000][info][gc           ] GC(94) Concurrent update references 3640M->3700M(4096M) 241.159ms
[2020-10-31T11:27:27.841+0000][info][gc,start     ] GC(94) Pause Final Update Refs
[2020-10-31T11:27:27.841+0000][info][gc,task      ] GC(94) Using 1 of 1 workers for final reference update
[2020-10-31T11:27:27.841+0000][info][gc           ] GC(94) Pause Final Update Refs 0.178ms
[2020-10-31T11:27:27.841+0000][info][safepoint    ] Safepoint "ShenandoahFinalUpdateRefs", Time since last: 241238618 ns, Reaching safepoint: 67370 ns, At safepoint: 200787 ns, Total: 268157 ns
[2020-10-31T11:27:27.841+0000][info][gc,start     ] GC(94) Concurrent cleanup
[2020-10-31T11:27:27.842+0000][info][gc           ] GC(94) Concurrent cleanup 3700M->360M(4096M) 0.319ms
[2020-10-31T11:27:27.842+0000][info][gc,ergo      ] Free: 3530M (1765 regions), Max regular: 2048K, Max humongous: 3252224K, External frag: 11%, Internal frag: 0%
[2020-10-31T11:27:27.842+0000][info][gc,ergo      ] Evacuation Reserve: 206M (103 regions), Max regular: 2048K
[2020-10-31T11:27:27.842+0000][info][gc,ergo      ] Pacer for Idle. Initial: 81M, Alloc Tax Rate: 1.0x
[2020-10-31T11:27:28.842+0000][info][safepoint    ] Safepoint "Cleanup", Time since last: 1000079367 ns, Reaching safepoint: 57801 ns, At safepoint: 6999 ns, Total: 64800 ns
[2020-10-31T11:27:29.842+0000][info][safepoint    ] Safepoint "Cleanup", Time since last: 1000105995 ns, Reaching safepoint: 132124 ns, At safepoint: 5003 ns, Total: 137127 ns
[2020-10-31T11:27:30.842+0000][info][safepoint    ] Safepoint "Cleanup", Time since last: 1000106843 ns, Reaching safepoint: 132916 ns, At safepoint: 6122 ns, Total: 139038 ns
[2020-10-31T11:27:31.842+0000][info][safepoint    ] Safepoint "Cleanup", Time since last: 1000116610 ns, Reaching safepoint: 133767 ns, At safepoint: 7810 ns, Total: 141577 ns
[2020-10-31T11:27:32.842+0000][info][safepoint    ] Safepoint "Cleanup", Time since last: 1000105601 ns, Reaching safepoint: 126811 ns, At safepoint: 6659 ns, Total: 133470 ns
[2020-10-31T11:27:33.843+0000][info][safepoint    ] Safepoint "Cleanup", Time since last: 1000109399 ns, Reaching safepoint: 134129 ns, At safepoint: 5080 ns, Total: 139209 ns
[2020-10-31T11:27:34.843+0000][info][safepoint    ] Safepoint "Cleanup", Time since last: 1000109346 ns, Reaching safepoint: 137406 ns, At safepoint: 5243 ns, Total: 142649 ns
[2020-10-31T11:27:35.843+0000][info][safepoint    ] Safepoint "Cleanup", Time since last: 1000108156 ns, Reaching safepoint: 130439 ns, At safepoint: 5722 ns, Total: 136161 ns
[2020-10-31T11:27:36.843+0000][info][safepoint    ] Safepoint "Cleanup", Time since last: 1000108639 ns, Reaching safepoint: 133703 ns, At safepoint: 5305 ns, Total: 139008 ns
[2020-10-31T11:27:37.489+0000][info][gc           ] Trigger: Free (408M) is below minimum threshold (409M)
[2020-10-31T11:27:37.489+0000][info][gc,ergo      ] Free: 408M (204 regions), Max regular: 2048K, Max humongous: 194560K, External frag: 54%, Internal frag: 0%
[2020-10-31T11:27:37.489+0000][info][gc,ergo      ] Evacuation Reserve: 206M (103 regions), Max regular: 2048K
[2020-10-31T11:27:37.489+0000][info][gc,start     ] GC(95) Concurrent reset
[2020-10-31T11:27:37.489+0000][info][gc,task      ] GC(95) Using 1 of 1 workers for concurrent reset
[2020-10-31T11:27:37.498+0000][info][gc           ] GC(95) Concurrent reset 3482M->3484M(4096M) 8.942ms
[2020-10-31T11:27:37.498+0000][info][gc,start     ] GC(95) Pause Init Mark (process weakrefs)
[2020-10-31T11:27:37.498+0000][info][gc,task      ] GC(95) Using 1 of 1 workers for init marking
[2020-10-31T11:27:37.499+0000][info][gc,ergo      ] GC(95) Pacer for Mark. Expected Live: 116M, Free: 406M, Non-Taxable: 40M, Alloc Tax Rate: 1.1x
[2020-10-31T11:27:37.499+0000][info][gc           ] GC(95) Pause Init Mark (process weakrefs) 0.451ms
[2020-10-31T11:27:37.499+0000][info][safepoint    ] Safepoint "ShenandoahInitMark", Time since last: 654899334 ns, Reaching safepoint: 57377 ns, At safepoint: 472201 ns, Total: 529578 ns
[2020-10-31T11:27:37.499+0000][info][gc,start     ] GC(95) Concurrent marking (process weakrefs)
[2020-10-31T11:27:37.499+0000][info][gc,task      ] GC(95) Using 1 of 1 workers for concurrent marking
[2020-10-31T11:27:37.925+0000][info][gc           ] GC(95) Concurrent marking (process weakrefs) 3484M->3592M(4096M) 425.877ms
[2020-10-31T11:27:37.925+0000][info][gc,start     ] GC(95) Concurrent precleaning
[2020-10-31T11:27:37.925+0000][info][gc,task      ] GC(95) Using 1 of 1 workers for concurrent preclean
[2020-10-31T11:27:38.020+0000][info][gc           ] GC(95) Concurrent precleaning 3592M->3620M(4096M) 95.277ms
[2020-10-31T11:27:38.020+0000][info][gc,start     ] GC(95) Pause Final Mark (process weakrefs)
[2020-10-31T11:27:38.020+0000][info][gc,task      ] GC(95) Using 1 of 1 workers for final marking
[2020-10-31T11:27:38.102+0000][info][gc,ergo      ] GC(95) Adaptive CSet Selection. Target Free: 409M, Actual Free: 476M, Max CSet: 170M, Min Garbage: 0M
[2020-10-31T11:27:38.103+0000][info][gc,ergo      ] GC(95) Collectable Garbage: 3278M (97% of total), 23M CSet, 1651 CSet regions
[2020-10-31T11:27:38.103+0000][info][gc,ergo      ] GC(95) Immediate Garbage: 0M (0% of total), 0 regions
[2020-10-31T11:27:38.103+0000][info][gc,ergo      ] GC(95) Pacer for Evacuation. Used CSet: 3302M, Free: 270M, Non-Taxable: 27M, Alloc Tax Rate: 29.9x
[2020-10-31T11:27:38.103+0000][info][gc           ] GC(95) Pause Final Mark (process weakrefs) 83.108ms
[2020-10-31T11:27:38.103+0000][info][safepoint    ] Safepoint "ShenandoahFinalMarkStartEvac", Time since last: 521265760 ns, Reaching safepoint: 137450 ns, At safepoint: 83133842 ns, Total: 83271292 ns
[2020-10-31T11:27:38.103+0000][info][gc,start     ] GC(95) Concurrent cleanup
[2020-10-31T11:27:38.104+0000][info][gc           ] GC(95) Concurrent cleanup 3620M->3620M(4096M) 0.217ms
[2020-10-31T11:27:38.104+0000][info][gc,ergo      ] GC(95) Free: 270M (135 regions), Max regular: 2048K, Max humongous: 194560K, External frag: 30%, Internal frag: 0%
[2020-10-31T11:27:38.104+0000][info][gc,ergo      ] GC(95) Evacuation Reserve: 206M (103 regions), Max regular: 2048K
[2020-10-31T11:27:38.104+0000][info][gc,start     ] GC(95) Concurrent evacuation
[2020-10-31T11:27:38.104+0000][info][gc,task      ] GC(95) Using 1 of 1 workers for concurrent evacuation
[2020-10-31T11:27:38.274+0000][info][gc           ] GC(95) Concurrent evacuation 3620M->3672M(4096M) 170.435ms
[2020-10-31T11:27:38.274+0000][info][gc,start     ] GC(95) Pause Init Update Refs
[2020-10-31T11:27:38.274+0000][info][gc,ergo      ] GC(95) Pacer for Update Refs. Used: 3672M, Free: 242M, Non-Taxable: 24M, Alloc Tax Rate: 18.5x
[2020-10-31T11:27:38.274+0000][info][gc           ] GC(95) Pause Init Update Refs 0.053ms
[2020-10-31T11:27:38.274+0000][info][safepoint    ] Safepoint "ShenandoahInitUpdateRefs", Time since last: 170778451 ns, Reaching safepoint: 133976 ns, At safepoint: 72612 ns, Total: 206588 ns
[2020-10-31T11:27:38.274+0000][info][gc,start     ] GC(95) Concurrent update references
[2020-10-31T11:27:38.274+0000][info][gc,task      ] GC(95) Using 1 of 1 workers for concurrent reference update
[2020-10-31T11:27:38.576+0000][info][gc           ] GC(95) Concurrent update references 3674M->3728M(4096M) 301.530ms
[2020-10-31T11:27:38.576+0000][info][gc,start     ] GC(95) Pause Final Update Refs
[2020-10-31T11:27:38.576+0000][info][gc,task      ] GC(95) Using 1 of 1 workers for final reference update
[2020-10-31T11:27:38.576+0000][info][gc           ] GC(95) Pause Final Update Refs 0.198ms
[2020-10-31T11:27:38.576+0000][info][safepoint    ] Safepoint "ShenandoahFinalUpdateRefs", Time since last: 301610894 ns, Reaching safepoint: 142502 ns, At safepoint: 222733 ns, Total: 365235 ns
[2020-10-31T11:27:38.576+0000][info][gc,start     ] GC(95) Concurrent cleanup
[2020-10-31T11:27:38.577+0000][info][gc           ] GC(95) Concurrent cleanup 3728M->426M(4096M) 0.331ms
[2020-10-31T11:27:38.577+0000][info][gc,ergo      ] Free: 3464M (1732 regions), Max regular: 2048K, Max humongous: 3198976K, External frag: 10%, Internal frag: 0%
[2020-10-31T11:27:38.577+0000][info][gc,ergo      ] Evacuation Reserve: 206M (103 regions), Max regular: 2048K
[2020-10-31T11:27:38.577+0000][info][gc,ergo      ] Pacer for Idle. Initial: 81M, Alloc Tax Rate: 1.0x
[2020-10-31T11:27:39.577+0000][info][safepoint    ] Safepoint "Cleanup", Time since last: 1000080507 ns, Reaching safepoint: 131196 ns, At safepoint: 5694 ns, Total: 136890 ns
[2020-10-31T11:27:40.577+0000][info][safepoint    ] Safepoint "Cleanup", Time since last: 1000104523 ns, Reaching safepoint: 130834 ns, At safepoint: 3464 ns, Total: 134298 ns
[2020-10-31T11:27:41.577+0000][info][safepoint    ] Safepoint "Cleanup", Time since last: 1000107802 ns, Reaching safepoint: 130425 ns, At safepoint: 5169 ns, Total: 135594 ns
[2020-10-31T11:27:42.577+0000][info][safepoint    ] Safepoint "Cleanup", Time since last: 1000106866 ns, Reaching safepoint: 135404 ns, At safepoint: 5267 ns, Total: 140671 ns
[2020-10-31T11:27:43.578+0000][info][safepoint    ] Safepoint "Cleanup", Time since last: 1000107868 ns, Reaching safepoint: 134858 ns, At safepoint: 3569 ns, Total: 138427 ns
[2020-10-31T11:27:44.578+0000][info][safepoint    ] Safepoint "Cleanup", Time since last: 1000107108 ns, Reaching safepoint: 134440 ns, At safepoint: 5225 ns, Total: 139665 ns
[2020-10-31T11:27:45.578+0000][info][safepoint    ] Safepoint "Cleanup", Time since last: 1000111099 ns, Reaching safepoint: 52286 ns, At safepoint: 5651 ns, Total: 57937 ns
[2020-10-31T11:27:46.578+0000][info][safepoint    ] Safepoint "Cleanup", Time since last: 1000109579 ns, Reaching safepoint: 60731 ns, At safepoint: 6517 ns, Total: 67248 ns
[2020-10-31T11:27:47.578+0000][info][safepoint    ] Safepoint "Cleanup", Time since last: 1000107604 ns, Reaching safepoint: 61129 ns, At safepoint: 6442 ns, Total: 67571 ns
[2020-10-31T11:27:48.069+0000][info][gc           ] Trigger: Free (408M) is below minimum threshold (409M)
[2020-10-31T11:27:48.069+0000][info][gc,ergo      ] Free: 408M (204 regions), Max regular: 2048K, Max humongous: 167936K, External frag: 60%, Internal frag: 0%
[2020-10-31T11:27:48.069+0000][info][gc,ergo      ] Evacuation Reserve: 206M (103 regions), Max regular: 2048K
[2020-10-31T11:27:48.069+0000][info][gc,start     ] GC(96) Concurrent reset
[2020-10-31T11:27:48.069+0000][info][gc,task      ] GC(96) Using 1 of 1 workers for concurrent reset
[2020-10-31T11:27:48.078+0000][info][gc           ] GC(96) Concurrent reset 3482M->3482M(4096M) 8.953ms
[2020-10-31T11:27:48.079+0000][info][gc,start     ] GC(96) Pause Init Mark
[2020-10-31T11:27:48.079+0000][info][gc,task      ] GC(96) Using 1 of 1 workers for init marking
[2020-10-31T11:27:48.079+0000][info][gc,ergo      ] GC(96) Pacer for Mark. Expected Live: 116M, Free: 408M, Non-Taxable: 40M, Alloc Tax Rate: 1.0x
[2020-10-31T11:27:48.079+0000][info][gc           ] GC(96) Pause Init Mark 0.479ms
[2020-10-31T11:27:48.079+0000][info][safepoint    ] Safepoint "ShenandoahInitMark", Time since last: 500037775 ns, Reaching safepoint: 137882 ns, At safepoint: 499096 ns, Total: 636978 ns
[2020-10-31T11:27:48.079+0000][info][gc,start     ] GC(96) Concurrent marking
[2020-10-31T11:27:48.079+0000][info][gc,task      ] GC(96) Using 1 of 1 workers for concurrent marking
[2020-10-31T11:27:48.253+0000][info][gc           ] GC(96) Concurrent marking 3482M->3526M(4096M) 174.164ms
[2020-10-31T11:27:48.253+0000][info][gc,start     ] GC(96) Pause Final Mark
[2020-10-31T11:27:48.253+0000][info][gc,task      ] GC(96) Using 1 of 1 workers for final marking
[2020-10-31T11:27:48.254+0000][info][gc,ergo      ] GC(96) Adaptive CSet Selection. Target Free: 409M, Actual Free: 764M, Max CSet: 170M, Min Garbage: 0M
[2020-10-31T11:27:48.254+0000][info][gc,ergo      ] GC(96) Collectable Garbage: 3238M (94% of total), 43M CSet, 1641 CSet regions
[2020-10-31T11:27:48.254+0000][info][gc,ergo      ] GC(96) Immediate Garbage: 194M (5% of total), 97 regions
[2020-10-31T11:27:48.255+0000][info][gc,ergo      ] GC(96) Pacer for Evacuation. Used CSet: 3282M, Free: 558M, Non-Taxable: 55M, Alloc Tax Rate: 14.4x
[2020-10-31T11:27:48.255+0000][info][gc           ] GC(96) Pause Final Mark 1.422ms
[2020-10-31T11:27:48.255+0000][info][safepoint    ] Safepoint "ShenandoahFinalMarkStartEvac", Time since last: 174241481 ns, Reaching safepoint: 60505 ns, At safepoint: 1438548 ns, Total: 1499053 ns
[2020-10-31T11:27:48.255+0000][info][gc,start     ] GC(96) Concurrent cleanup
[2020-10-31T11:27:48.255+0000][info][gc           ] GC(96) Concurrent cleanup 3524M->3332M(4096M) 0.170ms
[2020-10-31T11:27:48.255+0000][info][gc,ergo      ] GC(96) Free: 558M (279 regions), Max regular: 2048K, Max humongous: 366592K, External frag: 36%, Internal frag: 0%
[2020-10-31T11:27:48.255+0000][info][gc,ergo      ] GC(96) Evacuation Reserve: 205M (103 regions), Max regular: 2048K
[2020-10-31T11:27:48.255+0000][info][gc,start     ] GC(96) Concurrent evacuation
[2020-10-31T11:27:48.255+0000][info][gc,task      ] GC(96) Using 1 of 1 workers for concurrent evacuation
[2020-10-31T11:27:48.336+0000][info][gc           ] GC(96) Concurrent evacuation 3332M->3398M(4096M) 80.921ms
[2020-10-31T11:27:48.336+0000][info][gc,start     ] GC(96) Pause Init Update Refs
[2020-10-31T11:27:48.336+0000][info][gc,ergo      ] GC(96) Pacer for Update Refs. Used: 3398M, Free: 536M, Non-Taxable: 53M, Alloc Tax Rate: 7.7x
[2020-10-31T11:27:48.336+0000][info][gc           ] GC(96) Pause Init Update Refs 0.045ms
[2020-10-31T11:27:48.336+0000][info][safepoint    ] Safepoint "ShenandoahInitUpdateRefs", Time since last: 81181586 ns, Reaching safepoint: 131767 ns, At safepoint: 62023 ns, Total: 193790 ns
[2020-10-31T11:27:48.336+0000][info][gc,start     ] GC(96) Concurrent update references
[2020-10-31T11:27:48.336+0000][info][gc,task      ] GC(96) Using 1 of 1 workers for concurrent reference update
[2020-10-31T11:27:48.459+0000][info][gc           ] GC(96) Concurrent update references 3400M->3432M(4096M) 123.172ms
[2020-10-31T11:27:48.460+0000][info][gc,start     ] GC(96) Pause Final Update Refs
[2020-10-31T11:27:48.460+0000][info][gc,task      ] GC(96) Using 1 of 1 workers for final reference update
[2020-10-31T11:27:48.460+0000][info][gc           ] GC(96) Pause Final Update Refs 0.180ms
[2020-10-31T11:27:48.460+0000][info][safepoint    ] Safepoint "ShenandoahFinalUpdateRefs", Time since last: 123247301 ns, Reaching safepoint: 136844 ns, At safepoint: 201550 ns, Total: 338394 ns
[2020-10-31T11:27:48.460+0000][info][gc,start     ] GC(96) Concurrent cleanup
[2020-10-31T11:27:48.460+0000][info][gc           ] GC(96) Concurrent cleanup 3432M->150M(4096M) 0.317ms
[2020-10-31T11:27:48.460+0000][info][gc,ergo      ] Free: 3740M (1870 regions), Max regular: 2048K, Max humongous: 3129344K, External frag: 19%, Internal frag: 0%
[2020-10-31T11:27:48.460+0000][info][gc,ergo      ] Evacuation Reserve: 206M (103 regions), Max regular: 2048K
[2020-10-31T11:27:48.460+0000][info][gc,ergo      ] Pacer for Idle. Initial: 81M, Alloc Tax Rate: 1.0x
[2020-10-31T11:27:49.460+0000][info][safepoint    ] Safepoint "Cleanup", Time since last: 1000043666 ns, Reaching safepoint: 141867 ns, At safepoint: 6980 ns, Total: 148847 ns
[2020-10-31T11:27:50.460+0000][info][safepoint    ] Safepoint "Cleanup", Time since last: 1000105387 ns, Reaching safepoint: 133411 ns, At safepoint: 3066 ns, Total: 136477 ns
[2020-10-31T11:27:51.460+0000][info][safepoint    ] Safepoint "Cleanup", Time since last: 1000100997 ns, Reaching safepoint: 137982 ns, At safepoint: 5657 ns, Total: 143639 ns
[2020-10-31T11:27:52.461+0000][info][safepoint    ] Safepoint "Cleanup", Time since last: 1000106291 ns, Reaching safepoint: 133860 ns, At safepoint: 3221 ns, Total: 137081 ns
[2020-10-31T11:27:53.461+0000][info][safepoint    ] Safepoint "Cleanup", Time since last: 1000127798 ns, Reaching safepoint: 134625 ns, At safepoint: 5014 ns, Total: 139639 ns
[2020-10-31T11:27:54.461+0000][info][safepoint    ] Safepoint "Cleanup", Time since last: 1000099093 ns, Reaching safepoint: 134267 ns, At safepoint: 5657 ns, Total: 139924 ns
[2020-10-31T11:27:55.461+0000][info][safepoint    ] Safepoint "Cleanup", Time since last: 1000104399 ns, Reaching safepoint: 129371 ns, At safepoint: 5216 ns, Total: 134587 ns
[2020-10-31T11:27:56.465+0000][info][safepoint    ] Safepoint "Cleanup", Time since last: 1003631320 ns, Reaching safepoint: 75301 ns, At safepoint: 5915 ns, Total: 81216 ns
[2020-10-31T11:27:57.465+0000][info][safepoint    ] Safepoint "Cleanup", Time since last: 1000092313 ns, Reaching safepoint: 54513 ns, At safepoint: 6180 ns, Total: 60693 ns
[2020-10-31T11:27:58.466+0000][info][safepoint    ] Safepoint "Cleanup", Time since last: 1000106166 ns, Reaching safepoint: 138702 ns, At safepoint: 2823 ns, Total: 141525 ns
[2020-10-31T11:27:58.755+0000][info][gc           ] Trigger: Average GC time (649.00 ms) is above the time for allocation rate (320.81 MB/s) to deplete free headroom (207M)
[2020-10-31T11:27:58.755+0000][info][gc,ergo      ] Free headroom: 412M (free) - 204M (spike) - 0M (penalties) = 207M
[2020-10-31T11:27:58.755+0000][info][gc,ergo      ] Free: 412M (206 regions), Max regular: 2048K, Max humongous: 419840K, External frag: 1%, Internal frag: 0%
[2020-10-31T11:27:58.755+0000][info][gc,ergo      ] Evacuation Reserve: 206M (103 regions), Max regular: 2048K
[2020-10-31T11:27:58.755+0000][info][gc,start     ] GC(97) Concurrent reset
[2020-10-31T11:27:58.755+0000][info][gc,task      ] GC(97) Using 1 of 1 workers for concurrent reset
[2020-10-31T11:27:58.763+0000][info][gc           ] GC(97) Concurrent reset 3478M->3478M(4096M) 8.570ms
[2020-10-31T11:27:58.764+0000][info][gc,start     ] GC(97) Pause Init Mark
[2020-10-31T11:27:58.764+0000][info][gc,task      ] GC(97) Using 1 of 1 workers for init marking
[2020-10-31T11:27:58.764+0000][info][gc,ergo      ] GC(97) Pacer for Mark. Expected Live: 116M, Free: 412M, Non-Taxable: 41M, Alloc Tax Rate: 1.0x
[2020-10-31T11:27:58.764+0000][info][gc           ] GC(97) Pause Init Mark 0.478ms
[2020-10-31T11:27:58.764+0000][info][safepoint    ] Safepoint "ShenandoahInitMark", Time since last: 297958429 ns, Reaching safepoint: 140048 ns, At safepoint: 498740 ns, Total: 638788 ns
[2020-10-31T11:27:58.764+0000][info][gc,start     ] GC(97) Concurrent marking
[2020-10-31T11:27:58.764+0000][info][gc,task      ] GC(97) Using 1 of 1 workers for concurrent marking
[2020-10-31T11:27:58.992+0000][info][gc           ] GC(97) Concurrent marking 3480M->3538M(4096M) 227.465ms
[2020-10-31T11:27:58.992+0000][info][gc,start     ] GC(97) Pause Final Mark
[2020-10-31T11:27:58.992+0000][info][gc,task      ] GC(97) Using 1 of 1 workers for final marking
[2020-10-31T11:27:58.992+0000][info][gc,ergo      ] GC(97) Adaptive CSet Selection. Target Free: 409M, Actual Free: 558M, Max CSet: 170M, Min Garbage: 0M
[2020-10-31T11:27:58.993+0000][info][gc,ergo      ] GC(97) Collectable Garbage: 3382M (99% of total), 45M CSet, 1714 CSet regions
[2020-10-31T11:27:58.993+0000][info][gc,ergo      ] GC(97) Immediate Garbage: 0M (0% of total), 0 regions
[2020-10-31T11:27:58.993+0000][info][gc,ergo      ] GC(97) Pacer for Evacuation. Used CSet: 3428M, Free: 352M, Non-Taxable: 35M, Alloc Tax Rate: 23.8x
[2020-10-31T11:27:58.993+0000][info][gc           ] GC(97) Pause Final Mark 1.448ms
[2020-10-31T11:27:58.993+0000][info][safepoint    ] Safepoint "ShenandoahFinalMarkStartEvac", Time since last: 227546971 ns, Reaching safepoint: 134834 ns, At safepoint: 1470813 ns, Total: 1605647 ns
[2020-10-31T11:27:58.993+0000][info][gc,start     ] GC(97) Concurrent cleanup
[2020-10-31T11:27:58.993+0000][info][gc           ] GC(97) Concurrent cleanup 3540M->3542M(4096M) 0.187ms
[2020-10-31T11:27:58.994+0000][info][gc,ergo      ] GC(97) Free: 348M (174 regions), Max regular: 2048K, Max humongous: 354304K, External frag: 1%, Internal frag: 0%
[2020-10-31T11:27:58.994+0000][info][gc,ergo      ] GC(97) Evacuation Reserve: 206M (103 regions), Max regular: 2048K
[2020-10-31T11:27:58.994+0000][info][gc,start     ] GC(97) Concurrent evacuation
[2020-10-31T11:27:58.994+0000][info][gc,task      ] GC(97) Using 1 of 1 workers for concurrent evacuation
[2020-10-31T11:27:59.077+0000][info][gc           ] GC(97) Concurrent evacuation 3542M->3608M(4096M) 83.462ms
[2020-10-31T11:27:59.077+0000][info][gc,start     ] GC(97) Pause Init Update Refs
[2020-10-31T11:27:59.077+0000][info][gc,ergo      ] GC(97) Pacer for Update Refs. Used: 3608M, Free: 328M, Non-Taxable: 32M, Alloc Tax Rate: 13.4x
[2020-10-31T11:27:59.077+0000][info][gc           ] GC(97) Pause Init Update Refs 0.045ms
[2020-10-31T11:27:59.077+0000][info][safepoint    ] Safepoint "ShenandoahInitUpdateRefs", Time since last: 83781387 ns, Reaching safepoint: 126413 ns, At safepoint: 63838 ns, Total: 190251 ns
[2020-10-31T11:27:59.077+0000][info][gc,start     ] GC(97) Concurrent update references
[2020-10-31T11:27:59.077+0000][info][gc,task      ] GC(97) Using 1 of 1 workers for concurrent reference update
[2020-10-31T11:27:59.242+0000][info][gc           ] GC(97) Concurrent update references 3610M->3652M(4096M) 164.240ms
[2020-10-31T11:27:59.242+0000][info][gc,start     ] GC(97) Pause Final Update Refs
[2020-10-31T11:27:59.242+0000][info][gc,task      ] GC(97) Using 1 of 1 workers for final reference update
[2020-10-31T11:27:59.242+0000][info][gc           ] GC(97) Pause Final Update Refs 0.179ms
[2020-10-31T11:27:59.242+0000][info][safepoint    ] Safepoint "ShenandoahFinalUpdateRefs", Time since last: 164318915 ns, Reaching safepoint: 64365 ns, At safepoint: 199613 ns, Total: 263978 ns
[2020-10-31T11:27:59.242+0000][info][gc,start     ] GC(97) Concurrent cleanup
[2020-10-31T11:27:59.242+0000][info][gc           ] GC(97) Concurrent cleanup 3652M->224M(4096M) 0.312ms
[2020-10-31T11:27:59.242+0000][info][gc,ergo      ] Free: 3666M (1833 regions), Max regular: 2048K, Max humongous: 3510272K, External frag: 7%, Internal frag: 0%
[2020-10-31T11:27:59.242+0000][info][gc,ergo      ] Evacuation Reserve: 206M (103 regions), Max regular: 2048K
[2020-10-31T11:27:59.242+0000][info][gc,ergo      ] Pacer for Idle. Initial: 81M, Alloc Tax Rate: 1.0x
[2020-10-31T11:28:00.242+0000][info][safepoint    ] Safepoint "Cleanup", Time since last: 1000079628 ns, Reaching safepoint: 133644 ns, At safepoint: 5787 ns, Total: 139431 ns
[2020-10-31T11:28:01.242+0000][info][safepoint    ] Safepoint "Cleanup", Time since last: 1000107170 ns, Reaching safepoint: 126919 ns, At safepoint: 5660 ns, Total: 132579 ns
[2020-10-31T11:28:02.242+0000][info][safepoint    ] Safepoint "Cleanup", Time since last: 1000108758 ns, Reaching safepoint: 53029 ns, At safepoint: 6312 ns, Total: 59341 ns
[2020-10-31T11:28:03.243+0000][info][safepoint    ] Safepoint "Cleanup", Time since last: 1000105803 ns, Reaching safepoint: 53804 ns, At safepoint: 6107 ns, Total: 59911 ns
[2020-10-31T11:28:04.243+0000][info][safepoint    ] Safepoint "Cleanup", Time since last: 1000103785 ns, Reaching safepoint: 57960 ns, At safepoint: 6888 ns, Total: 64848 ns
[2020-10-31T11:28:05.243+0000][info][safepoint    ] Safepoint "Cleanup", Time since last: 1000103859 ns, Reaching safepoint: 133911 ns, At safepoint: 2987 ns, Total: 136898 ns
[2020-10-31T11:28:06.243+0000][info][safepoint    ] Safepoint "Cleanup", Time since last: 1000104494 ns, Reaching safepoint: 56990 ns, At safepoint: 6712 ns, Total: 63702 ns
[2020-10-31T11:28:07.243+0000][info][safepoint    ] Safepoint "Cleanup", Time since last: 1000097504 ns, Reaching safepoint: 129952 ns, At safepoint: 5477 ns, Total: 135429 ns
[2020-10-31T11:28:08.244+0000][info][safepoint    ] Safepoint "Cleanup", Time since last: 1000110836 ns, Reaching safepoint: 135744 ns, At safepoint: 5116 ns, Total: 140860 ns
[2020-10-31T11:28:09.244+0000][info][safepoint    ] Safepoint "Cleanup", Time since last: 1000105135 ns, Reaching safepoint: 55914 ns, At safepoint: 7157 ns, Total: 63071 ns
[2020-10-31T11:28:09.312+0000][info][gc           ] Trigger: Average GC time (647.52 ms) is above the time for allocation rate (320.35 MB/s) to deplete free headroom (207M)
[2020-10-31T11:28:09.312+0000][info][gc,ergo      ] Free headroom: 412M (free) - 204M (spike) - 0M (penalties) = 207M
[2020-10-31T11:28:09.312+0000][info][gc,ergo      ] Free: 412M (206 regions), Max regular: 2048K, Max humongous: 241664K, External frag: 43%, Internal frag: 0%
[2020-10-31T11:28:09.312+0000][info][gc,ergo      ] Evacuation Reserve: 206M (103 regions), Max regular: 2048K
[2020-10-31T11:28:09.312+0000][info][gc,start     ] GC(98) Concurrent reset
[2020-10-31T11:28:09.312+0000][info][gc,task      ] GC(98) Using 1 of 1 workers for concurrent reset
[2020-10-31T11:28:09.321+0000][info][gc           ] GC(98) Concurrent reset 3478M->3478M(4096M) 8.840ms
[2020-10-31T11:28:09.321+0000][info][gc,start     ] GC(98) Pause Init Mark
[2020-10-31T11:28:09.321+0000][info][gc,task      ] GC(98) Using 1 of 1 workers for init marking
[2020-10-31T11:28:09.322+0000][info][gc,ergo      ] GC(98) Pacer for Mark. Expected Live: 116M, Free: 412M, Non-Taxable: 41M, Alloc Tax Rate: 1.0x
[2020-10-31T11:28:09.322+0000][info][gc           ] GC(98) Pause Init Mark 0.479ms
[2020-10-31T11:28:09.322+0000][info][safepoint    ] Safepoint "ShenandoahInitMark", Time since last: 77239233 ns, Reaching safepoint: 135112 ns, At safepoint: 498717 ns, Total: 633829 ns
[2020-10-31T11:28:09.322+0000][info][gc,start     ] GC(98) Concurrent marking
[2020-10-31T11:28:09.322+0000][info][gc,task      ] GC(98) Using 1 of 1 workers for concurrent marking
[2020-10-31T11:28:09.611+0000][info][gc           ] GC(98) Concurrent marking 3480M->3562M(4096M) 289.038ms
[2020-10-31T11:28:09.611+0000][info][gc,start     ] GC(98) Pause Final Mark
[2020-10-31T11:28:09.611+0000][info][gc,task      ] GC(98) Using 1 of 1 workers for final marking
[2020-10-31T11:28:09.612+0000][info][gc,ergo      ] GC(98) Adaptive CSet Selection. Target Free: 409M, Actual Free: 534M, Max CSet: 170M, Min Garbage: 0M
[2020-10-31T11:28:09.612+0000][info][gc,ergo      ] GC(98) Collectable Garbage: 3337M (99% of total), 44M CSet, 1691 CSet regions
[2020-10-31T11:28:09.612+0000][info][gc,ergo      ] GC(98) Immediate Garbage: 0M (0% of total), 0 regions
[2020-10-31T11:28:09.612+0000][info][gc,ergo      ] GC(98) Pacer for Evacuation. Used CSet: 3382M, Free: 328M, Non-Taxable: 32M, Alloc Tax Rate: 25.2x
[2020-10-31T11:28:09.612+0000][info][gc           ] GC(98) Pause Final Mark 1.389ms
[2020-10-31T11:28:09.612+0000][info][safepoint    ] Safepoint "ShenandoahFinalMarkStartEvac", Time since last: 289118526 ns, Reaching safepoint: 137284 ns, At safepoint: 1410750 ns, Total: 1548034 ns
[2020-10-31T11:28:09.612+0000][info][gc,start     ] GC(98) Concurrent cleanup
[2020-10-31T11:28:09.613+0000][info][gc           ] GC(98) Concurrent cleanup 3564M->3566M(4096M) 0.193ms
[2020-10-31T11:28:09.613+0000][info][gc,ergo      ] GC(98) Free: 324M (162 regions), Max regular: 2048K, Max humongous: 241664K, External frag: 28%, Internal frag: 0%
[2020-10-31T11:28:09.613+0000][info][gc,ergo      ] GC(98) Evacuation Reserve: 205M (103 regions), Max regular: 2048K
[2020-10-31T11:28:09.613+0000][info][gc,start     ] GC(98) Concurrent evacuation
[2020-10-31T11:28:09.613+0000][info][gc,task      ] GC(98) Using 1 of 1 workers for concurrent evacuation
[2020-10-31T11:28:09.695+0000][info][gc           ] GC(98) Concurrent evacuation 3566M->3628M(4096M) 82.095ms
[2020-10-31T11:28:09.695+0000][info][gc,start     ] GC(98) Pause Init Update Refs
[2020-10-31T11:28:09.695+0000][info][gc,ergo      ] GC(98) Pacer for Update Refs. Used: 3628M, Free: 308M, Non-Taxable: 30M, Alloc Tax Rate: 14.4x
[2020-10-31T11:28:09.695+0000][info][gc           ] GC(98) Pause Init Update Refs 0.043ms
[2020-10-31T11:28:09.695+0000][info][safepoint    ] Safepoint "ShenandoahInitUpdateRefs", Time since last: 82400018 ns, Reaching safepoint: 135205 ns, At safepoint: 61965 ns, Total: 197170 ns
[2020-10-31T11:28:09.695+0000][info][gc,start     ] GC(98) Concurrent update references
[2020-10-31T11:28:09.695+0000][info][gc,task      ] GC(98) Using 1 of 1 workers for concurrent reference update
[2020-10-31T11:28:09.899+0000][info][gc           ] GC(98) Concurrent update references 3630M->3682M(4096M) 204.408ms
[2020-10-31T11:28:09.900+0000][info][gc,start     ] GC(98) Pause Final Update Refs
[2020-10-31T11:28:09.900+0000][info][gc,task      ] GC(98) Using 1 of 1 workers for final reference update
[2020-10-31T11:28:09.900+0000][info][gc           ] GC(98) Pause Final Update Refs 0.191ms
[2020-10-31T11:28:09.900+0000][info][safepoint    ] Safepoint "ShenandoahFinalUpdateRefs", Time since last: 204486906 ns, Reaching safepoint: 141986 ns, At safepoint: 214511 ns, Total: 356497 ns
[2020-10-31T11:28:09.900+0000][info][gc,start     ] GC(98) Concurrent cleanup
[2020-10-31T11:28:09.900+0000][info][gc           ] GC(98) Concurrent cleanup 3682M->300M(4096M) 0.325ms
[2020-10-31T11:28:09.900+0000][info][gc,ergo      ] Free: 3590M (1795 regions), Max regular: 2048K, Max humongous: 3332096K, External frag: 10%, Internal frag: 0%
[2020-10-31T11:28:09.900+0000][info][gc,ergo      ] Evacuation Reserve: 206M (103 regions), Max regular: 2048K
[2020-10-31T11:28:09.900+0000][info][gc,ergo      ] Pacer for Idle. Initial: 81M, Alloc Tax Rate: 1.0x
[2020-10-31T11:28:10.900+0000][info][safepoint    ] Safepoint "Cleanup", Time since last: 1000076297 ns, Reaching safepoint: 142987 ns, At safepoint: 5905 ns, Total: 148892 ns
[2020-10-31T11:28:11.900+0000][info][safepoint    ] Safepoint "Cleanup", Time since last: 1000106340 ns, Reaching safepoint: 68216 ns, At safepoint: 5301 ns, Total: 73517 ns
[2020-10-31T11:28:12.901+0000][info][safepoint    ] Safepoint "Cleanup", Time since last: 1000112894 ns, Reaching safepoint: 136963 ns, At safepoint: 5520 ns, Total: 142483 ns
[2020-10-31T11:28:13.901+0000][info][safepoint    ] Safepoint "Cleanup", Time since last: 1000117745 ns, Reaching safepoint: 135884 ns, At safepoint: 5343 ns, Total: 141227 ns
[2020-10-31T11:28:14.901+0000][info][safepoint    ] Safepoint "Cleanup", Time since last: 1000112830 ns, Reaching safepoint: 59204 ns, At safepoint: 6334 ns, Total: 65538 ns
[2020-10-31T11:28:15.901+0000][info][safepoint    ] Safepoint "Cleanup", Time since last: 1000101861 ns, Reaching safepoint: 132908 ns, At safepoint: 5593 ns, Total: 138501 ns
[2020-10-31T11:28:16.901+0000][info][safepoint    ] Safepoint "Cleanup", Time since last: 1000106339 ns, Reaching safepoint: 65908 ns, At safepoint: 3031 ns, Total: 68939 ns
[2020-10-31T11:28:17.902+0000][info][safepoint    ] Safepoint "Cleanup", Time since last: 1000108921 ns, Reaching safepoint: 52773 ns, At safepoint: 5378 ns, Total: 58151 ns
[2020-10-31T11:28:18.902+0000][info][safepoint    ] Safepoint "Cleanup", Time since last: 1000109352 ns, Reaching safepoint: 129186 ns, At safepoint: 5551 ns, Total: 134737 ns
[2020-10-31T11:28:19.743+0000][info][gc           ] Trigger: Average GC time (645.41 ms) is above the time for allocation rate (320.00 MB/s) to deplete free headroom (205M)
[2020-10-31T11:28:19.743+0000][info][gc,ergo      ] Free headroom: 410M (free) - 204M (spike) - 0M (penalties) = 205M
[2020-10-31T11:28:19.743+0000][info][gc,ergo      ] Free: 410M (205 regions), Max regular: 2048K, Max humongous: 342016K, External frag: 19%, Internal frag: 0%
[2020-10-31T11:28:19.743+0000][info][gc,ergo      ] Evacuation Reserve: 206M (103 regions), Max regular: 2048K
[2020-10-31T11:28:19.744+0000][info][gc,start     ] GC(99) Concurrent reset
[2020-10-31T11:28:19.744+0000][info][gc,task      ] GC(99) Using 1 of 1 workers for concurrent reset
[2020-10-31T11:28:19.753+0000][info][gc           ] GC(99) Concurrent reset 3480M->3480M(4096M) 9.139ms
[2020-10-31T11:28:19.753+0000][info][gc,start     ] GC(99) Pause Init Mark
[2020-10-31T11:28:19.753+0000][info][gc,task      ] GC(99) Using 1 of 1 workers for init marking
[2020-10-31T11:28:19.753+0000][info][gc,ergo      ] GC(99) Pacer for Mark. Expected Live: 116M, Free: 410M, Non-Taxable: 41M, Alloc Tax Rate: 1.0x
[2020-10-31T11:28:19.753+0000][info][gc           ] GC(99) Pause Init Mark 0.439ms
[2020-10-31T11:28:19.753+0000][info][safepoint    ] Safepoint "ShenandoahInitMark", Time since last: 850935805 ns, Reaching safepoint: 55320 ns, At safepoint: 472375 ns, Total: 527695 ns
[2020-10-31T11:28:19.753+0000][info][gc,start     ] GC(99) Concurrent marking
[2020-10-31T11:28:19.753+0000][info][gc,task      ] GC(99) Using 1 of 1 workers for concurrent marking
[2020-10-31T11:28:20.089+0000][info][gc           ] GC(99) Concurrent marking 3482M->3568M(4096M) 335.519ms
[2020-10-31T11:28:20.089+0000][info][gc,start     ] GC(99) Pause Final Mark
[2020-10-31T11:28:20.089+0000][info][gc,task      ] GC(99) Using 1 of 1 workers for final marking
[2020-10-31T11:28:20.089+0000][info][gc,ergo      ] GC(99) Adaptive CSet Selection. Target Free: 409M, Actual Free: 528M, Max CSet: 170M, Min Garbage: 0M
[2020-10-31T11:28:20.090+0000][info][gc,ergo      ] GC(99) Collectable Garbage: 3295M (99% of total), 44M CSet, 1670 CSet regions
[2020-10-31T11:28:20.090+0000][info][gc,ergo      ] GC(99) Immediate Garbage: 0M (0% of total), 0 regions
[2020-10-31T11:28:20.090+0000][info][gc,ergo      ] GC(99) Pacer for Evacuation. Used CSet: 3340M, Free: 322M, Non-Taxable: 32M, Alloc Tax Rate: 25.4x
[2020-10-31T11:28:20.090+0000][info][gc           ] GC(99) Pause Final Mark 1.380ms
[2020-10-31T11:28:20.090+0000][info][safepoint    ] Safepoint "ShenandoahFinalMarkStartEvac", Time since last: 335597158 ns, Reaching safepoint: 66031 ns, At safepoint: 1403098 ns, Total: 1469129 ns
[2020-10-31T11:28:20.090+0000][info][gc,start     ] GC(99) Concurrent cleanup
[2020-10-31T11:28:20.091+0000][info][gc           ] GC(99) Concurrent cleanup 3570M->3572M(4096M) 0.188ms
[2020-10-31T11:28:20.091+0000][info][gc,ergo      ] GC(99) Free: 318M (159 regions), Max regular: 2048K, Max humongous: 323584K, External frag: 1%, Internal frag: 0%
[2020-10-31T11:28:20.091+0000][info][gc,ergo      ] GC(99) Evacuation Reserve: 206M (103 regions), Max regular: 2048K
[2020-10-31T11:28:20.091+0000][info][gc,start     ] GC(99) Concurrent evacuation
[2020-10-31T11:28:20.091+0000][info][gc,task      ] GC(99) Using 1 of 1 workers for concurrent evacuation
[2020-10-31T11:28:20.173+0000][info][gc           ] GC(99) Concurrent evacuation 3572M->3638M(4096M) 82.740ms
[2020-10-31T11:28:20.173+0000][info][gc,start     ] GC(99) Pause Init Update Refs
[2020-10-31T11:28:20.173+0000][info][gc,ergo      ] GC(99) Pacer for Update Refs. Used: 3638M, Free: 298M, Non-Taxable: 29M, Alloc Tax Rate: 14.9x
[2020-10-31T11:28:20.173+0000][info][gc           ] GC(99) Pause Init Update Refs 0.043ms
[2020-10-31T11:28:20.173+0000][info][safepoint    ] Safepoint "ShenandoahInitUpdateRefs", Time since last: 83034561 ns, Reaching safepoint: 61718 ns, At safepoint: 61855 ns, Total: 123573 ns
[2020-10-31T11:28:20.173+0000][info][gc,start     ] GC(99) Concurrent update references
[2020-10-31T11:28:20.173+0000][info][gc,task      ] GC(99) Using 1 of 1 workers for concurrent reference update
[2020-10-31T11:28:20.413+0000][info][gc           ] GC(99) Concurrent update references 3640M->3700M(4096M) 239.721ms
[2020-10-31T11:28:20.413+0000][info][gc,start     ] GC(99) Pause Final Update Refs
[2020-10-31T11:28:20.413+0000][info][gc,task      ] GC(99) Using 1 of 1 workers for final reference update
[2020-10-31T11:28:20.414+0000][info][gc           ] GC(99) Pause Final Update Refs 0.184ms
[2020-10-31T11:28:20.414+0000][info][safepoint    ] Safepoint "ShenandoahFinalUpdateRefs", Time since last: 239798406 ns, Reaching safepoint: 140323 ns, At safepoint: 205674 ns, Total: 345997 ns
[2020-10-31T11:28:20.414+0000][info][gc,start     ] GC(99) Concurrent cleanup
[2020-10-31T11:28:20.414+0000][info][gc           ] GC(99) Concurrent cleanup 3700M->360M(4096M) 0.307ms
[2020-10-31T11:28:20.414+0000][info][gc,ergo      ] Free: 3530M (1765 regions), Max regular: 2048K, Max humongous: 3256320K, External frag: 10%, Internal frag: 0%
[2020-10-31T11:28:20.414+0000][info][gc,ergo      ] Evacuation Reserve: 206M (103 regions), Max regular: 2048K
[2020-10-31T11:28:20.414+0000][info][gc,ergo      ] Pacer for Idle. Initial: 81M, Alloc Tax Rate: 1.0x
[2020-10-31T11:28:21.414+0000][info][safepoint    ] Safepoint "Cleanup", Time since last: 1000078801 ns, Reaching safepoint: 132984 ns, At safepoint: 3084 ns, Total: 136068 ns
[2020-10-31T11:28:22.414+0000][info][safepoint    ] Safepoint "Cleanup", Time since last: 1000105324 ns, Reaching safepoint: 118688 ns, At safepoint: 6034 ns, Total: 124722 ns
[2020-10-31T11:28:23.414+0000][info][safepoint    ] Safepoint "Cleanup", Time since last: 1000105302 ns, Reaching safepoint: 121989 ns, At safepoint: 7743 ns, Total: 129732 ns
[2020-10-31T11:28:24.415+0000][info][safepoint    ] Safepoint "Cleanup", Time since last: 1000078469 ns, Reaching safepoint: 140877 ns, At safepoint: 6987 ns, Total: 147864 ns
[2020-10-31T11:28:25.415+0000][info][safepoint    ] Safepoint "Cleanup", Time since last: 1000105025 ns, Reaching safepoint: 50790 ns, At safepoint: 5937 ns, Total: 56727 ns
[2020-10-31T11:28:26.415+0000][info][safepoint    ] Safepoint "Cleanup", Time since last: 1000101385 ns, Reaching safepoint: 133368 ns, At safepoint: 3122 ns, Total: 136490 ns
[2020-10-31T11:28:27.415+0000][info][safepoint    ] Safepoint "Cleanup", Time since last: 1000106314 ns, Reaching safepoint: 152279 ns, At safepoint: 5603 ns, Total: 157882 ns
[2020-10-31T11:28:28.415+0000][info][safepoint    ] Safepoint "Cleanup", Time since last: 1000100535 ns, Reaching safepoint: 132145 ns, At safepoint: 3031 ns, Total: 135176 ns
[2020-10-31T11:28:29.416+0000][info][safepoint    ] Safepoint "Cleanup", Time since last: 1000109638 ns, Reaching safepoint: 129468 ns, At safepoint: 4847 ns, Total: 134315 ns
[2020-10-31T11:28:30.067+0000][info][gc           ] Trigger: Average GC time (644.78 ms) is above the time for allocation rate (319.07 MB/s) to deplete free headroom (205M)
[2020-10-31T11:28:30.067+0000][info][gc,ergo      ] Free headroom: 410M (free) - 204M (spike) - 0M (penalties) = 205M
[2020-10-31T11:28:30.067+0000][info][gc,ergo      ] Free: 410M (205 regions), Max regular: 2048K, Max humongous: 194560K, External frag: 54%, Internal frag: 0%
[2020-10-31T11:28:30.067+0000][info][gc,ergo      ] Evacuation Reserve: 206M (103 regions), Max regular: 2048K
[2020-10-31T11:28:30.067+0000][info][gc,start     ] GC(100) Concurrent reset
[2020-10-31T11:28:30.067+0000][info][gc,task      ] GC(100) Using 1 of 1 workers for concurrent reset
[2020-10-31T11:28:30.076+0000][info][gc           ] GC(100) Concurrent reset 3480M->3480M(4096M) 9.088ms
[2020-10-31T11:28:30.077+0000][info][gc,start     ] GC(100) Pause Init Mark (process weakrefs)
[2020-10-31T11:28:30.077+0000][info][gc,task      ] GC(100) Using 1 of 1 workers for init marking
[2020-10-31T11:28:30.077+0000][info][gc,ergo      ] GC(100) Pacer for Mark. Expected Live: 116M, Free: 410M, Non-Taxable: 41M, Alloc Tax Rate: 1.0x
[2020-10-31T11:28:30.077+0000][info][gc           ] GC(100) Pause Init Mark (process weakrefs) 0.478ms
[2020-10-31T11:28:30.077+0000][info][safepoint    ] Safepoint "ShenandoahInitMark", Time since last: 660885342 ns, Reaching safepoint: 135947 ns, At safepoint: 498391 ns, Total: 634338 ns
[2020-10-31T11:28:30.077+0000][info][gc,start     ] GC(100) Concurrent marking (process weakrefs)
[2020-10-31T11:28:30.077+0000][info][gc,task      ] GC(100) Using 1 of 1 workers for concurrent marking
[2020-10-31T11:28:30.513+0000][info][gc           ] GC(100) Concurrent marking (process weakrefs) 3480M->3598M(4096M) 436.129ms
[2020-10-31T11:28:30.513+0000][info][gc,start     ] GC(100) Concurrent precleaning
[2020-10-31T11:28:30.513+0000][info][gc,task      ] GC(100) Using 1 of 1 workers for concurrent preclean
[2020-10-31T11:28:30.608+0000][info][gc           ] GC(100) Concurrent precleaning 3598M->3626M(4096M) 94.850ms
[2020-10-31T11:28:30.608+0000][info][gc,start     ] GC(100) Pause Final Mark (process weakrefs)
[2020-10-31T11:28:30.608+0000][info][gc,task      ] GC(100) Using 1 of 1 workers for final marking
[2020-10-31T11:28:30.689+0000][info][gc,ergo      ] GC(100) Adaptive CSet Selection. Target Free: 409M, Actual Free: 470M, Max CSet: 170M, Min Garbage: 0M
[2020-10-31T11:28:30.690+0000][info][gc,ergo      ] GC(100) Collectable Garbage: 3274M (97% of total), 23M CSet, 1649 CSet regions
[2020-10-31T11:28:30.690+0000][info][gc,ergo      ] GC(100) Immediate Garbage: 0M (0% of total), 0 regions
[2020-10-31T11:28:30.690+0000][info][gc,ergo      ] GC(100) Pacer for Evacuation. Used CSet: 3298M, Free: 264M, Non-Taxable: 26M, Alloc Tax Rate: 30.5x
[2020-10-31T11:28:30.690+0000][info][gc           ] GC(100) Pause Final Mark (process weakrefs) 81.975ms
[2020-10-31T11:28:30.690+0000][info][safepoint    ] Safepoint "ShenandoahFinalMarkStartEvac", Time since last: 531104216 ns, Reaching safepoint: 138572 ns, At safepoint: 82000048 ns, Total: 82138620 ns
[2020-10-31T11:28:30.691+0000][info][gc,start     ] GC(100) Concurrent cleanup
[2020-10-31T11:28:30.691+0000][info][gc           ] GC(100) Concurrent cleanup 3630M->3630M(4096M) 0.206ms
[2020-10-31T11:28:30.691+0000][info][gc,ergo      ] GC(100) Free: 260M (130 regions), Max regular: 2048K, Max humongous: 194560K, External frag: 27%, Internal frag: 0%
[2020-10-31T11:28:30.691+0000][info][gc,ergo      ] GC(100) Evacuation Reserve: 205M (103 regions), Max regular: 2048K
[2020-10-31T11:28:30.691+0000][info][gc,start     ] GC(100) Concurrent evacuation
[2020-10-31T11:28:30.691+0000][info][gc,task      ] GC(100) Using 1 of 1 workers for concurrent evacuation
[2020-10-31T11:28:30.823+0000][info][gc           ] GC(100) Concurrent evacuation 3630M->3676M(4096M) 131.769ms
[2020-10-31T11:28:30.823+0000][info][gc,start     ] GC(100) Pause Init Update Refs
[2020-10-31T11:28:30.823+0000][info][gc,ergo      ] GC(100) Pacer for Update Refs. Used: 3676M, Free: 240M, Non-Taxable: 24M, Alloc Tax Rate: 18.7x
[2020-10-31T11:28:30.823+0000][info][gc           ] GC(100) Pause Init Update Refs 0.050ms
[2020-10-31T11:28:30.823+0000][info][safepoint    ] Safepoint "ShenandoahInitUpdateRefs", Time since last: 132203415 ns, Reaching safepoint: 131829 ns, At safepoint: 70163 ns, Total: 201992 ns
[2020-10-31T11:28:30.823+0000][info][gc,start     ] GC(100) Concurrent update references
[2020-10-31T11:28:30.823+0000][info][gc,task      ] GC(100) Using 1 of 1 workers for concurrent reference update
[2020-10-31T11:28:31.240+0000][info][gc           ] GC(100) Concurrent update references 3678M->3756M(4096M) 417.412ms
[2020-10-31T11:28:31.240+0000][info][gc,start     ] GC(100) Pause Final Update Refs
[2020-10-31T11:28:31.240+0000][info][gc,task      ] GC(100) Using 1 of 1 workers for final reference update
[2020-10-31T11:28:31.241+0000][info][gc           ] GC(100) Pause Final Update Refs 0.182ms
[2020-10-31T11:28:31.241+0000][info][safepoint    ] Safepoint "ShenandoahFinalUpdateRefs", Time since last: 417495212 ns, Reaching safepoint: 126678 ns, At safepoint: 206716 ns, Total: 333394 ns
[2020-10-31T11:28:31.241+0000][info][gc,start     ] GC(100) Concurrent cleanup
[2020-10-31T11:28:31.241+0000][info][gc           ] GC(100) Concurrent cleanup 3756M->458M(4096M) 0.335ms
[2020-10-31T11:28:31.241+0000][info][gc,ergo      ] Free: 3432M (1716 regions), Max regular: 2048K, Max humongous: 3194880K, External frag: 10%, Internal frag: 0%
[2020-10-31T11:28:31.241+0000][info][gc,ergo      ] Evacuation Reserve: 206M (103 regions), Max regular: 2048K
[2020-10-31T11:28:31.241+0000][info][gc,ergo      ] Pacer for Idle. Initial: 81M, Alloc Tax Rate: 1.0x
[2020-10-31T11:28:32.241+0000][info][safepoint    ] Safepoint "Cleanup", Time since last: 1000075662 ns, Reaching safepoint: 130945 ns, At safepoint: 5638 ns, Total: 136583 ns
[2020-10-31T11:28:33.241+0000][info][safepoint    ] Safepoint "Cleanup", Time since last: 1000116466 ns, Reaching safepoint: 132055 ns, At safepoint: 5124 ns, Total: 137179 ns
[2020-10-31T11:28:34.241+0000][info][safepoint    ] Safepoint "Cleanup", Time since last: 1000108481 ns, Reaching safepoint: 54240 ns, At safepoint: 7319 ns, Total: 61559 ns
[2020-10-31T11:28:35.242+0000][info][safepoint    ] Safepoint "Cleanup", Time since last: 1000088674 ns, Reaching safepoint: 131216 ns, At safepoint: 5424 ns, Total: 136640 ns
[2020-10-31T11:28:36.242+0000][info][safepoint    ] Safepoint "Cleanup", Time since last: 1000107827 ns, Reaching safepoint: 70629 ns, At safepoint: 6278 ns, Total: 76907 ns
[2020-10-31T11:28:37.242+0000][info][safepoint    ] Safepoint "Cleanup", Time since last: 1000118518 ns, Reaching safepoint: 144276 ns, At safepoint: 5720 ns, Total: 149996 ns
[2020-10-31T11:28:38.242+0000][info][safepoint    ] Safepoint "Cleanup", Time since last: 1000108665 ns, Reaching safepoint: 139778 ns, At safepoint: 3792 ns, Total: 143570 ns
[2020-10-31T11:28:39.242+0000][info][safepoint    ] Safepoint "Cleanup", Time since last: 1000108239 ns, Reaching safepoint: 133957 ns, At safepoint: 5168 ns, Total: 139125 ns
[2020-10-31T11:28:39.546+0000][info][safepoint    ] Safepoint "RevokeBias", Time since last: 303500537 ns, Reaching safepoint: 134957 ns, At safepoint: 17301 ns, Total: 152258 ns
[2020-10-31T11:28:40.560+0000][info][safepoint    ] Safepoint "Cleanup", Time since last: 1014134962 ns, Reaching safepoint: 158951 ns, At safepoint: 5308 ns, Total: 164259 ns
[2020-10-31T11:28:40.656+0000][info][gc           ] Trigger: Free (408M) is below minimum threshold (409M)
[2020-10-31T11:28:40.656+0000][info][gc,ergo      ] Free: 408M (204 regions), Max regular: 2048K, Max humongous: 139264K, External frag: 67%, Internal frag: 0%
[2020-10-31T11:28:40.656+0000][info][gc,ergo      ] Evacuation Reserve: 206M (103 regions), Max regular: 2048K
[2020-10-31T11:28:40.656+0000][info][gc,start     ] GC(101) Concurrent reset
[2020-10-31T11:28:40.656+0000][info][gc,task      ] GC(101) Using 1 of 1 workers for concurrent reset
[2020-10-31T11:28:40.665+0000][info][gc           ] GC(101) Concurrent reset 3482M->3484M(4096M) 8.842ms
[2020-10-31T11:28:40.665+0000][info][gc,start     ] GC(101) Pause Init Mark
[2020-10-31T11:28:40.665+0000][info][gc,task      ] GC(101) Using 1 of 1 workers for init marking
[2020-10-31T11:28:40.666+0000][info][gc,ergo      ] GC(101) Pacer for Mark. Expected Live: 116M, Free: 406M, Non-Taxable: 40M, Alloc Tax Rate: 1.1x
[2020-10-31T11:28:40.666+0000][info][gc           ] GC(101) Pause Init Mark 0.734ms
[2020-10-31T11:28:40.666+0000][info][safepoint    ] Safepoint "ShenandoahInitMark", Time since last: 104727061 ns, Reaching safepoint: 142270 ns, At safepoint: 755122 ns, Total: 897392 ns
[2020-10-31T11:28:40.666+0000][info][gc,start     ] GC(101) Concurrent marking
[2020-10-31T11:28:40.666+0000][info][gc,task      ] GC(101) Using 1 of 1 workers for concurrent marking
[2020-10-31T11:28:40.840+0000][info][gc           ] GC(101) Concurrent marking 3484M->3528M(4096M) 173.526ms
[2020-10-31T11:28:40.840+0000][info][gc,start     ] GC(101) Pause Final Mark
[2020-10-31T11:28:40.840+0000][info][gc,task      ] GC(101) Using 1 of 1 workers for final marking
[2020-10-31T11:28:40.840+0000][info][gc,ergo      ] GC(101) Adaptive CSet Selection. Target Free: 409M, Actual Free: 760M, Max CSet: 170M, Min Garbage: 0M
[2020-10-31T11:28:40.841+0000][info][gc,ergo      ] GC(101) Collectable Garbage: 3242M (94% of total), 43M CSet, 1643 CSet regions
[2020-10-31T11:28:40.841+0000][info][gc,ergo      ] GC(101) Immediate Garbage: 192M (5% of total), 96 regions
[2020-10-31T11:28:40.841+0000][info][gc,ergo      ] GC(101) Pacer for Evacuation. Used CSet: 3286M, Free: 554M, Non-Taxable: 55M, Alloc Tax Rate: 14.5x
[2020-10-31T11:28:40.841+0000][info][gc           ] GC(101) Pause Final Mark 1.499ms
[2020-10-31T11:28:40.841+0000][info][safepoint    ] Safepoint "ShenandoahFinalMarkStartEvac", Time since last: 173603442 ns, Reaching safepoint: 67591 ns, At safepoint: 1516255 ns, Total: 1583846 ns
[2020-10-31T11:28:40.841+0000][info][gc,start     ] GC(101) Concurrent cleanup
[2020-10-31T11:28:40.841+0000][info][gc           ] GC(101) Concurrent cleanup 3526M->3336M(4096M) 0.164ms
[2020-10-31T11:28:40.841+0000][info][gc,ergo      ] GC(101) Free: 554M (277 regions), Max regular: 2048K, Max humongous: 335872K, External frag: 41%, Internal frag: 0%
[2020-10-31T11:28:40.841+0000][info][gc,ergo      ] GC(101) Evacuation Reserve: 205M (103 regions), Max regular: 2048K
[2020-10-31T11:28:40.841+0000][info][gc,start     ] GC(101) Concurrent evacuation
[2020-10-31T11:28:40.841+0000][info][gc,task      ] GC(101) Using 1 of 1 workers for concurrent evacuation
[2020-10-31T11:28:40.922+0000][info][gc           ] GC(101) Concurrent evacuation 3336M->3402M(4096M) 80.682ms
[2020-10-31T11:28:40.922+0000][info][gc,start     ] GC(101) Pause Init Update Refs
[2020-10-31T11:28:40.922+0000][info][gc,ergo      ] GC(101) Pacer for Update Refs. Used: 3402M, Free: 532M, Non-Taxable: 53M, Alloc Tax Rate: 7.8x
[2020-10-31T11:28:40.922+0000][info][gc           ] GC(101) Pause Init Update Refs 0.050ms
[2020-10-31T11:28:40.922+0000][info][safepoint    ] Safepoint "ShenandoahInitUpdateRefs", Time since last: 80946533 ns, Reaching safepoint: 141264 ns, At safepoint: 68226 ns, Total: 209490 ns
[2020-10-31T11:28:40.922+0000][info][gc,start     ] GC(101) Concurrent update references
[2020-10-31T11:28:40.922+0000][info][gc,task      ] GC(101) Using 1 of 1 workers for concurrent reference update
[2020-10-31T11:28:41.046+0000][info][gc           ] GC(101) Concurrent update references 3404M->3436M(4096M) 123.772ms
[2020-10-31T11:28:41.046+0000][info][gc,start     ] GC(101) Pause Final Update Refs
[2020-10-31T11:28:41.046+0000][info][gc,task      ] GC(101) Using 1 of 1 workers for final reference update
[2020-10-31T11:28:41.047+0000][info][gc           ] GC(101) Pause Final Update Refs 0.209ms
[2020-10-31T11:28:41.047+0000][info][safepoint    ] Safepoint "ShenandoahFinalUpdateRefs", Time since last: 123852877 ns, Reaching safepoint: 141562 ns, At safepoint: 230669 ns, Total: 372231 ns
[2020-10-31T11:28:41.047+0000][info][gc,start     ] GC(101) Concurrent cleanup
[2020-10-31T11:28:41.047+0000][info][gc           ] GC(101) Concurrent cleanup 3436M->150M(4096M) 0.283ms
[2020-10-31T11:28:41.047+0000][info][gc,ergo      ] Free: 3740M (1870 regions), Max regular: 2048K, Max humongous: 3098624K, External frag: 20%, Internal frag: 0%
[2020-10-31T11:28:41.047+0000][info][gc,ergo      ] Evacuation Reserve: 206M (103 regions), Max regular: 2048K
[2020-10-31T11:28:41.047+0000][info][gc,ergo      ] Pacer for Idle. Initial: 81M, Alloc Tax Rate: 1.0x
[2020-10-31T11:28:42.047+0000][info][safepoint    ] Safepoint "Cleanup", Time since last: 1000082313 ns, Reaching safepoint: 59810 ns, At safepoint: 5628 ns, Total: 65438 ns
[2020-10-31T11:28:43.047+0000][info][safepoint    ] Safepoint "Cleanup", Time since last: 1000108900 ns, Reaching safepoint: 139942 ns, At safepoint: 5091 ns, Total: 145033 ns
[2020-10-31T11:28:44.047+0000][info][safepoint    ] Safepoint "Cleanup", Time since last: 1000114046 ns, Reaching safepoint: 138443 ns, At safepoint: 5505 ns, Total: 143948 ns
[2020-10-31T11:28:45.047+0000][info][safepoint    ] Safepoint "Cleanup", Time since last: 1000070376 ns, Reaching safepoint: 140866 ns, At safepoint: 5160 ns, Total: 146026 ns
[2020-10-31T11:28:46.048+0000][info][safepoint    ] Safepoint "Cleanup", Time since last: 1000110729 ns, Reaching safepoint: 71069 ns, At safepoint: 4734 ns, Total: 75803 ns
[2020-10-31T11:28:47.048+0000][info][safepoint    ] Safepoint "Cleanup", Time since last: 1000111435 ns, Reaching safepoint: 147808 ns, At safepoint: 5244 ns, Total: 153052 ns
[2020-10-31T11:28:48.048+0000][info][safepoint    ] Safepoint "Cleanup", Time since last: 1000111012 ns, Reaching safepoint: 60518 ns, At safepoint: 6505 ns, Total: 67023 ns
[2020-10-31T11:28:49.048+0000][info][safepoint    ] Safepoint "Cleanup", Time since last: 1000109922 ns, Reaching safepoint: 141184 ns, At safepoint: 5307 ns, Total: 146491 ns
[2020-10-31T11:28:50.049+0000][info][safepoint    ] Safepoint "Cleanup", Time since last: 1000114036 ns, Reaching safepoint: 142167 ns, At safepoint: 5307 ns, Total: 147474 ns
[2020-10-31T11:28:51.049+0000][info][safepoint    ] Safepoint "Cleanup", Time since last: 1000106462 ns, Reaching safepoint: 148978 ns, At safepoint: 7949 ns, Total: 156927 ns
[2020-10-31T11:28:51.340+0000][info][gc           ] Trigger: Average GC time (662.04 ms) is above the time for allocation rate (320.67 MB/s) to deplete free headroom (211M)
[2020-10-31T11:28:51.340+0000][info][gc,ergo      ] Free headroom: 416M (free) - 204M (spike) - 0M (penalties) = 211M
[2020-10-31T11:28:51.340+0000][info][gc,ergo      ] Free: 416M (208 regions), Max regular: 2048K, Max humongous: 423936K, External frag: 1%, Internal frag: 0%
[2020-10-31T11:28:51.340+0000][info][gc,ergo      ] Evacuation Reserve: 206M (103 regions), Max regular: 2048K
[2020-10-31T11:28:51.340+0000][info][gc,start     ] GC(102) Concurrent reset
[2020-10-31T11:28:51.340+0000][info][gc,task      ] GC(102) Using 1 of 1 workers for concurrent reset
[2020-10-31T11:28:51.349+0000][info][gc           ] GC(102) Concurrent reset 3474M->3474M(4096M) 8.379ms
[2020-10-31T11:28:51.349+0000][info][gc,start     ] GC(102) Pause Init Mark
[2020-10-31T11:28:51.349+0000][info][gc,task      ] GC(102) Using 1 of 1 workers for init marking
[2020-10-31T11:28:51.349+0000][info][gc,ergo      ] GC(102) Pacer for Mark. Expected Live: 116M, Free: 416M, Non-Taxable: 41M, Alloc Tax Rate: 1.0x
[2020-10-31T11:28:51.349+0000][info][gc           ] GC(102) Pause Init Mark 0.472ms
[2020-10-31T11:28:51.349+0000][info][safepoint    ] Safepoint "ShenandoahInitMark", Time since last: 299841163 ns, Reaching safepoint: 64157 ns, At safepoint: 494486 ns, Total: 558643 ns
[2020-10-31T11:28:51.349+0000][info][gc,start     ] GC(102) Concurrent marking
[2020-10-31T11:28:51.349+0000][info][gc,task      ] GC(102) Using 1 of 1 workers for concurrent marking
[2020-10-31T11:28:51.580+0000][info][gc           ] GC(102) Concurrent marking 3474M->3534M(4096M) 230.759ms
[2020-10-31T11:28:51.580+0000][info][gc,start     ] GC(102) Pause Final Mark
[2020-10-31T11:28:51.580+0000][info][gc,task      ] GC(102) Using 1 of 1 workers for final marking
[2020-10-31T11:28:51.581+0000][info][gc,ergo      ] GC(102) Adaptive CSet Selection. Target Free: 409M, Actual Free: 562M, Max CSet: 170M, Min Garbage: 0M
[2020-10-31T11:28:51.581+0000][info][gc,ergo      ] GC(102) Collectable Garbage: 3378M (99% of total), 45M CSet, 1712 CSet regions
[2020-10-31T11:28:51.581+0000][info][gc,ergo      ] GC(102) Immediate Garbage: 0M (0% of total), 0 regions
[2020-10-31T11:28:51.582+0000][info][gc,ergo      ] GC(102) Pacer for Evacuation. Used CSet: 3424M, Free: 356M, Non-Taxable: 35M, Alloc Tax Rate: 23.5x
[2020-10-31T11:28:51.582+0000][info][gc           ] GC(102) Pause Final Mark 1.470ms
[2020-10-31T11:28:51.582+0000][info][safepoint    ] Safepoint "ShenandoahFinalMarkStartEvac", Time since last: 230840883 ns, Reaching safepoint: 143244 ns, At safepoint: 1493204 ns, Total: 1636448 ns
[2020-10-31T11:28:51.582+0000][info][gc,start     ] GC(102) Concurrent cleanup
[2020-10-31T11:28:51.582+0000][info][gc           ] GC(102) Concurrent cleanup 3534M->3538M(4096M) 0.180ms
[2020-10-31T11:28:51.582+0000][info][gc,ergo      ] GC(102) Free: 352M (176 regions), Max regular: 2048K, Max humongous: 358400K, External frag: 1%, Internal frag: 0%
[2020-10-31T11:28:51.582+0000][info][gc,ergo      ] GC(102) Evacuation Reserve: 205M (103 regions), Max regular: 2048K
[2020-10-31T11:28:51.582+0000][info][gc,start     ] GC(102) Concurrent evacuation
[2020-10-31T11:28:51.582+0000][info][gc,task      ] GC(102) Using 1 of 1 workers for concurrent evacuation
[2020-10-31T11:28:51.666+0000][info][gc           ] GC(102) Concurrent evacuation 3538M->3604M(4096M) 83.734ms
[2020-10-31T11:28:51.666+0000][info][gc,start     ] GC(102) Pause Init Update Refs
[2020-10-31T11:28:51.666+0000][info][gc,ergo      ] GC(102) Pacer for Update Refs. Used: 3604M, Free: 332M, Non-Taxable: 33M, Alloc Tax Rate: 13.3x
[2020-10-31T11:28:51.666+0000][info][gc           ] GC(102) Pause Init Update Refs 0.051ms
[2020-10-31T11:28:51.666+0000][info][safepoint    ] Safepoint "ShenandoahInitUpdateRefs", Time since last: 84038546 ns, Reaching safepoint: 149545 ns, At safepoint: 69660 ns, Total: 219205 ns
[2020-10-31T11:28:51.666+0000][info][gc,start     ] GC(102) Concurrent update references
[2020-10-31T11:28:51.666+0000][info][gc,task      ] GC(102) Using 1 of 1 workers for concurrent reference update
[2020-10-31T11:28:51.832+0000][info][gc           ] GC(102) Concurrent update references 3606M->3648M(4096M) 166.297ms
[2020-10-31T11:28:51.833+0000][info][gc,start     ] GC(102) Pause Final Update Refs
[2020-10-31T11:28:51.833+0000][info][gc,task      ] GC(102) Using 1 of 1 workers for final reference update
[2020-10-31T11:28:51.833+0000][info][gc           ] GC(102) Pause Final Update Refs 0.202ms
[2020-10-31T11:28:51.833+0000][info][safepoint    ] Safepoint "ShenandoahFinalUpdateRefs", Time since last: 166405272 ns, Reaching safepoint: 160195 ns, At safepoint: 225487 ns, Total: 385682 ns
[2020-10-31T11:28:51.833+0000][info][gc,start     ] GC(102) Concurrent cleanup
[2020-10-31T11:28:51.833+0000][info][gc           ] GC(102) Concurrent cleanup 3648M->224M(4096M) 0.312ms
[2020-10-31T11:28:51.833+0000][info][gc,ergo      ] Free: 3666M (1833 regions), Max regular: 2048K, Max humongous: 3506176K, External frag: 7%, Internal frag: 0%
[2020-10-31T11:28:51.833+0000][info][gc,ergo      ] Evacuation Reserve: 206M (103 regions), Max regular: 2048K
[2020-10-31T11:28:51.833+0000][info][gc,ergo      ] Pacer for Idle. Initial: 81M, Alloc Tax Rate: 1.0x
[2020-10-31T11:28:52.833+0000][info][safepoint    ] Safepoint "Cleanup", Time since last: 1000078486 ns, Reaching safepoint: 137078 ns, At safepoint: 6247 ns, Total: 143325 ns
[2020-10-31T11:28:53.833+0000][info][safepoint    ] Safepoint "Cleanup", Time since last: 1000104105 ns, Reaching safepoint: 137954 ns, At safepoint: 5860 ns, Total: 143814 ns
[2020-10-31T11:28:54.833+0000][info][safepoint    ] Safepoint "Cleanup", Time since last: 1000113843 ns, Reaching safepoint: 58200 ns, At safepoint: 5730 ns, Total: 63930 ns
[2020-10-31T11:28:55.834+0000][info][safepoint    ] Safepoint "Cleanup", Time since last: 1000112213 ns, Reaching safepoint: 137552 ns, At safepoint: 7047 ns, Total: 144599 ns
[2020-10-31T11:28:56.834+0000][info][safepoint    ] Safepoint "Cleanup", Time since last: 1000101388 ns, Reaching safepoint: 142989 ns, At safepoint: 6829 ns, Total: 149818 ns
[2020-10-31T11:28:57.834+0000][info][safepoint    ] Safepoint "Cleanup", Time since last: 1000109496 ns, Reaching safepoint: 75504 ns, At safepoint: 6235 ns, Total: 81739 ns
[2020-10-31T11:28:58.834+0000][info][safepoint    ] Safepoint "Cleanup", Time since last: 1000095524 ns, Reaching safepoint: 135439 ns, At safepoint: 5236 ns, Total: 140675 ns
[2020-10-31T11:28:59.835+0000][info][safepoint    ] Safepoint "Cleanup", Time since last: 1000109459 ns, Reaching safepoint: 137036 ns, At safepoint: 5650 ns, Total: 142686 ns
[2020-10-31T11:29:00.835+0000][info][safepoint    ] Safepoint "Cleanup", Time since last: 1000119744 ns, Reaching safepoint: 57492 ns, At safepoint: 5667 ns, Total: 63159 ns
[2020-10-31T11:29:01.835+0000][info][safepoint    ] Safepoint "Cleanup", Time since last: 1000104167 ns, Reaching safepoint: 134353 ns, At safepoint: 5931 ns, Total: 140284 ns
[2020-10-31T11:29:01.899+0000][info][gc           ] Trigger: Average GC time (663.15 ms) is above the time for allocation rate (319.94 MB/s) to deplete free headroom (211M)
[2020-10-31T11:29:01.899+0000][info][gc,ergo      ] Free headroom: 416M (free) - 204M (spike) - 0M (penalties) = 211M
[2020-10-31T11:29:01.899+0000][info][gc,ergo      ] Free: 416M (208 regions), Max regular: 2048K, Max humongous: 245760K, External frag: 43%, Internal frag: 0%
[2020-10-31T11:29:01.899+0000][info][gc,ergo      ] Evacuation Reserve: 206M (103 regions), Max regular: 2048K
[2020-10-31T11:29:01.899+0000][info][gc,start     ] GC(103) Concurrent reset
[2020-10-31T11:29:01.899+0000][info][gc,task      ] GC(103) Using 1 of 1 workers for concurrent reset
[2020-10-31T11:29:01.908+0000][info][gc           ] GC(103) Concurrent reset 3474M->3474M(4096M) 9.036ms
[2020-10-31T11:29:01.908+0000][info][gc,start     ] GC(103) Pause Init Mark
[2020-10-31T11:29:01.908+0000][info][gc,task      ] GC(103) Using 1 of 1 workers for init marking
[2020-10-31T11:29:01.908+0000][info][gc,ergo      ] GC(103) Pacer for Mark. Expected Live: 116M, Free: 416M, Non-Taxable: 41M, Alloc Tax Rate: 1.0x
[2020-10-31T11:29:01.908+0000][info][gc           ] GC(103) Pause Init Mark 0.564ms
[2020-10-31T11:29:01.908+0000][info][safepoint    ] Safepoint "ShenandoahInitMark", Time since last: 72767933 ns, Reaching safepoint: 61119 ns, At safepoint: 587010 ns, Total: 648129 ns
[2020-10-31T11:29:01.909+0000][info][gc,start     ] GC(103) Concurrent marking
[2020-10-31T11:29:01.909+0000][info][gc,task      ] GC(103) Using 1 of 1 workers for concurrent marking
[2020-10-31T11:29:02.192+0000][info][gc           ] GC(103) Concurrent marking 3474M->3548M(4096M) 282.987ms
[2020-10-31T11:29:02.192+0000][info][gc,start     ] GC(103) Pause Final Mark
[2020-10-31T11:29:02.192+0000][info][gc,task      ] GC(103) Using 1 of 1 workers for final marking
[2020-10-31T11:29:02.192+0000][info][gc,ergo      ] GC(103) Adaptive CSet Selection. Target Free: 409M, Actual Free: 548M, Max CSet: 170M, Min Garbage: 0M
[2020-10-31T11:29:02.193+0000][info][gc,ergo      ] GC(103) Collectable Garbage: 3333M (99% of total), 44M CSet, 1689 CSet regions
[2020-10-31T11:29:02.193+0000][info][gc,ergo      ] GC(103) Immediate Garbage: 0M (0% of total), 0 regions
[2020-10-31T11:29:02.193+0000][info][gc,ergo      ] GC(103) Pacer for Evacuation. Used CSet: 3378M, Free: 342M, Non-Taxable: 34M, Alloc Tax Rate: 24.1x
[2020-10-31T11:29:02.193+0000][info][gc           ] GC(103) Pause Final Mark 1.381ms
[2020-10-31T11:29:02.193+0000][info][safepoint    ] Safepoint "ShenandoahFinalMarkStartEvac", Time since last: 283104412 ns, Reaching safepoint: 145108 ns, At safepoint: 1404393 ns, Total: 1549501 ns
[2020-10-31T11:29:02.193+0000][info][gc,start     ] GC(103) Concurrent cleanup
[2020-10-31T11:29:02.193+0000][info][gc           ] GC(103) Concurrent cleanup 3550M->3550M(4096M) 0.167ms
[2020-10-31T11:29:02.193+0000][info][gc,ergo      ] GC(103) Free: 340M (170 regions), Max regular: 2048K, Max humongous: 245760K, External frag: 30%, Internal frag: 0%
[2020-10-31T11:29:02.193+0000][info][gc,ergo      ] GC(103) Evacuation Reserve: 205M (103 regions), Max regular: 2048K
[2020-10-31T11:29:02.193+0000][info][gc,start     ] GC(103) Concurrent evacuation
[2020-10-31T11:29:02.193+0000][info][gc,task      ] GC(103) Using 1 of 1 workers for concurrent evacuation
[2020-10-31T11:29:02.277+0000][info][gc           ] GC(103) Concurrent evacuation 3550M->3618M(4096M) 83.594ms
[2020-10-31T11:29:02.277+0000][info][gc,start     ] GC(103) Pause Init Update Refs
[2020-10-31T11:29:02.277+0000][info][gc,ergo      ] GC(103) Pacer for Update Refs. Used: 3618M, Free: 318M, Non-Taxable: 31M, Alloc Tax Rate: 13.9x
[2020-10-31T11:29:02.277+0000][info][gc           ] GC(103) Pause Init Update Refs 0.050ms
[2020-10-31T11:29:02.277+0000][info][safepoint    ] Safepoint "ShenandoahInitUpdateRefs", Time since last: 83867453 ns, Reaching safepoint: 140072 ns, At safepoint: 68284 ns, Total: 208356 ns
[2020-10-31T11:29:02.277+0000][info][gc,start     ] GC(103) Concurrent update references
[2020-10-31T11:29:02.277+0000][info][gc,task      ] GC(103) Using 1 of 1 workers for concurrent reference update
[2020-10-31T11:29:02.480+0000][info][gc           ] GC(103) Concurrent update references 3620M->3672M(4096M) 202.305ms
[2020-10-31T11:29:02.480+0000][info][gc,start     ] GC(103) Pause Final Update Refs
[2020-10-31T11:29:02.480+0000][info][gc,task      ] GC(103) Using 1 of 1 workers for final reference update
[2020-10-31T11:29:02.480+0000][info][gc           ] GC(103) Pause Final Update Refs 0.193ms
[2020-10-31T11:29:02.480+0000][info][safepoint    ] Safepoint "ShenandoahFinalUpdateRefs", Time since last: 202386578 ns, Reaching safepoint: 147611 ns, At safepoint: 214073 ns, Total: 361684 ns
[2020-10-31T11:29:02.480+0000][info][gc,start     ] GC(103) Concurrent cleanup
[2020-10-31T11:29:02.480+0000][info][gc           ] GC(103) Concurrent cleanup 3672M->294M(4096M) 0.316ms
[2020-10-31T11:29:02.480+0000][info][gc,ergo      ] Free: 3596M (1798 regions), Max regular: 2048K, Max humongous: 3328000K, External frag: 10%, Internal frag: 0%
[2020-10-31T11:29:02.480+0000][info][gc,ergo      ] Evacuation Reserve: 206M (103 regions), Max regular: 2048K
[2020-10-31T11:29:02.480+0000][info][gc,ergo      ] Pacer for Idle. Initial: 81M, Alloc Tax Rate: 1.0x
[2020-10-31T11:29:03.480+0000][info][safepoint    ] Safepoint "Cleanup", Time since last: 1000078800 ns, Reaching safepoint: 139847 ns, At safepoint: 5329 ns, Total: 145176 ns
[2020-10-31T11:29:04.480+0000][info][safepoint    ] Safepoint "Cleanup", Time since last: 1000108182 ns, Reaching safepoint: 135826 ns, At safepoint: 5194 ns, Total: 141020 ns
[2020-10-31T11:29:05.481+0000][info][safepoint    ] Safepoint "Cleanup", Time since last: 1000101297 ns, Reaching safepoint: 59631 ns, At safepoint: 7004 ns, Total: 66635 ns
[2020-10-31T11:29:06.481+0000][info][safepoint    ] Safepoint "Cleanup", Time since last: 1000112048 ns, Reaching safepoint: 150725 ns, At safepoint: 3862 ns, Total: 154587 ns
[2020-10-31T11:29:07.481+0000][info][safepoint    ] Safepoint "Cleanup", Time since last: 1000109087 ns, Reaching safepoint: 133205 ns, At safepoint: 5125 ns, Total: 138330 ns
[2020-10-31T11:29:08.481+0000][info][safepoint    ] Safepoint "Cleanup", Time since last: 1000102492 ns, Reaching safepoint: 58133 ns, At safepoint: 6536 ns, Total: 64669 ns
[2020-10-31T11:29:09.481+0000][info][safepoint    ] Safepoint "Cleanup", Time since last: 1000097156 ns, Reaching safepoint: 62105 ns, At safepoint: 6885 ns, Total: 68990 ns
[2020-10-31T11:29:10.482+0000][info][safepoint    ] Safepoint "Cleanup", Time since last: 1000105556 ns, Reaching safepoint: 74779 ns, At safepoint: 6146 ns, Total: 80925 ns
[2020-10-31T11:29:11.482+0000][info][safepoint    ] Safepoint "Cleanup", Time since last: 1000107587 ns, Reaching safepoint: 147632 ns, At safepoint: 3247 ns, Total: 150879 ns
[2020-10-31T11:29:12.482+0000][info][safepoint    ] Safepoint "Cleanup", Time since last: 1000102766 ns, Reaching safepoint: 59749 ns, At safepoint: 3304 ns, Total: 63053 ns
[2020-10-31T11:29:12.578+0000][info][gc           ] Trigger: Average GC time (661.86 ms) is above the time for allocation rate (312.58 MB/s) to deplete free headroom (205M)
[2020-10-31T11:29:12.578+0000][info][gc,ergo      ] Free headroom: 410M (free) - 204M (spike) - 0M (penalties) = 205M
[2020-10-31T11:29:12.578+0000][info][gc,ergo      ] Free: 410M (205 regions), Max regular: 2048K, Max humongous: 352256K, External frag: 17%, Internal frag: 0%
[2020-10-31T11:29:12.578+0000][info][gc,ergo      ] Evacuation Reserve: 206M (103 regions), Max regular: 2048K
[2020-10-31T11:29:12.578+0000][info][gc,start     ] GC(104) Concurrent reset
[2020-10-31T11:29:12.578+0000][info][gc,task      ] GC(104) Using 1 of 1 workers for concurrent reset
[2020-10-31T11:29:12.587+0000][info][gc           ] GC(104) Concurrent reset 3480M->3480M(4096M) 8.964ms
[2020-10-31T11:29:12.587+0000][info][gc,start     ] GC(104) Pause Init Mark
[2020-10-31T11:29:12.587+0000][info][gc,task      ] GC(104) Using 1 of 1 workers for init marking
[2020-10-31T11:29:12.587+0000][info][gc,ergo      ] GC(104) Pacer for Mark. Expected Live: 116M, Free: 410M, Non-Taxable: 41M, Alloc Tax Rate: 1.0x
[2020-10-31T11:29:12.587+0000][info][gc           ] GC(104) Pause Init Mark 0.501ms
[2020-10-31T11:29:12.588+0000][info][safepoint    ] Safepoint "ShenandoahInitMark", Time since last: 104784117 ns, Reaching safepoint: 141933 ns, At safepoint: 520384 ns, Total: 662317 ns
[2020-10-31T11:29:12.588+0000][info][gc,start     ] GC(104) Concurrent marking
[2020-10-31T11:29:12.588+0000][info][gc,task      ] GC(104) Using 1 of 1 workers for concurrent marking
[2020-10-31T11:29:12.928+0000][info][gc           ] GC(104) Concurrent marking 3482M->3578M(4096M) 340.350ms
[2020-10-31T11:29:12.928+0000][info][gc,start     ] GC(104) Pause Final Mark
[2020-10-31T11:29:12.928+0000][info][gc,task      ] GC(104) Using 1 of 1 workers for final marking
[2020-10-31T11:29:12.929+0000][info][gc,ergo      ] GC(104) Adaptive CSet Selection. Target Free: 409M, Actual Free: 518M, Max CSet: 170M, Min Garbage: 0M
[2020-10-31T11:29:12.929+0000][info][gc,ergo      ] GC(104) Collectable Garbage: 3295M (99% of total), 44M CSet, 1670 CSet regions
[2020-10-31T11:29:12.929+0000][info][gc,ergo      ] GC(104) Immediate Garbage: 0M (0% of total), 0 regions
[2020-10-31T11:29:12.930+0000][info][gc,ergo      ] GC(104) Pacer for Evacuation. Used CSet: 3340M, Free: 312M, Non-Taxable: 31M, Alloc Tax Rate: 26.2x
[2020-10-31T11:29:12.930+0000][info][gc           ] GC(104) Pause Final Mark 1.486ms
[2020-10-31T11:29:12.930+0000][info][safepoint    ] Safepoint "ShenandoahFinalMarkStartEvac", Time since last: 340428032 ns, Reaching safepoint: 138883 ns, At safepoint: 1508101 ns, Total: 1646984 ns
[2020-10-31T11:29:12.930+0000][info][gc,start     ] GC(104) Concurrent cleanup
[2020-10-31T11:29:12.930+0000][info][gc           ] GC(104) Concurrent cleanup 3578M->3578M(4096M) 0.155ms
[2020-10-31T11:29:12.930+0000][info][gc,ergo      ] GC(104) Free: 312M (156 regions), Max regular: 2048K, Max humongous: 317440K, External frag: 1%, Internal frag: 0%
[2020-10-31T11:29:12.930+0000][info][gc,ergo      ] GC(104) Evacuation Reserve: 205M (103 regions), Max regular: 2048K
[2020-10-31T11:29:12.930+0000][info][gc,start     ] GC(104) Concurrent evacuation
[2020-10-31T11:29:12.930+0000][info][gc,task      ] GC(104) Using 1 of 1 workers for concurrent evacuation
[2020-10-31T11:29:13.013+0000][info][gc           ] GC(104) Concurrent evacuation 3578M->3648M(4096M) 82.739ms
[2020-10-31T11:29:13.013+0000][info][gc,start     ] GC(104) Pause Init Update Refs
[2020-10-31T11:29:13.013+0000][info][gc,ergo      ] GC(104) Pacer for Update Refs. Used: 3648M, Free: 288M, Non-Taxable: 28M, Alloc Tax Rate: 15.5x
[2020-10-31T11:29:13.013+0000][info][gc           ] GC(104) Pause Init Update Refs 0.046ms
[2020-10-31T11:29:13.013+0000][info][safepoint    ] Safepoint "ShenandoahInitUpdateRefs", Time since last: 82991643 ns, Reaching safepoint: 138919 ns, At safepoint: 63774 ns, Total: 202693 ns
[2020-10-31T11:29:13.013+0000][info][gc,start     ] GC(104) Concurrent update references
[2020-10-31T11:29:13.013+0000][info][gc,task      ] GC(104) Using 1 of 1 workers for concurrent reference update
[2020-10-31T11:29:13.253+0000][info][gc           ] GC(104) Concurrent update references 3648M->3710M(4096M) 240.604ms
[2020-10-31T11:29:13.254+0000][info][gc,start     ] GC(104) Pause Final Update Refs
[2020-10-31T11:29:13.254+0000][info][gc,task      ] GC(104) Using 1 of 1 workers for final reference update
[2020-10-31T11:29:13.254+0000][info][gc           ] GC(104) Pause Final Update Refs 0.197ms
[2020-10-31T11:29:13.254+0000][info][safepoint    ] Safepoint "ShenandoahFinalUpdateRefs", Time since last: 240689871 ns, Reaching safepoint: 149280 ns, At safepoint: 219755 ns, Total: 369035 ns
[2020-10-31T11:29:13.254+0000][info][gc,start     ] GC(104) Concurrent cleanup
[2020-10-31T11:29:13.254+0000][info][gc           ] GC(104) Concurrent cleanup 3710M->370M(4096M) 0.313ms
[2020-10-31T11:29:13.254+0000][info][gc,ergo      ] Free: 3520M (1760 regions), Max regular: 2048K, Max humongous: 3262464K, External frag: 10%, Internal frag: 0%
[2020-10-31T11:29:13.254+0000][info][gc,ergo      ] Evacuation Reserve: 206M (103 regions), Max regular: 2048K
[2020-10-31T11:29:13.254+0000][info][gc,ergo      ] Pacer for Idle. Initial: 81M, Alloc Tax Rate: 1.0x
[2020-10-31T11:29:14.254+0000][info][safepoint    ] Safepoint "Cleanup", Time since last: 1000079163 ns, Reaching safepoint: 138756 ns, At safepoint: 5073 ns, Total: 143829 ns
[2020-10-31T11:29:15.254+0000][info][safepoint    ] Safepoint "Cleanup", Time since last: 1000110045 ns, Reaching safepoint: 139949 ns, At safepoint: 5432 ns, Total: 145381 ns
[2020-10-31T11:29:16.255+0000][info][safepoint    ] Safepoint "Cleanup", Time since last: 1000108520 ns, Reaching safepoint: 145579 ns, At safepoint: 5889 ns, Total: 151468 ns
[2020-10-31T11:29:17.255+0000][info][safepoint    ] Safepoint "Cleanup", Time since last: 1000109542 ns, Reaching safepoint: 135195 ns, At safepoint: 5682 ns, Total: 140877 ns
[2020-10-31T11:29:18.255+0000][info][safepoint    ] Safepoint "Cleanup", Time since last: 1000110528 ns, Reaching safepoint: 134713 ns, At safepoint: 5197 ns, Total: 139910 ns
[2020-10-31T11:29:19.255+0000][info][safepoint    ] Safepoint "Cleanup", Time since last: 1000105200 ns, Reaching safepoint: 136601 ns, At safepoint: 5698 ns, Total: 142299 ns
[2020-10-31T11:29:20.256+0000][info][safepoint    ] Safepoint "Cleanup", Time since last: 1000122395 ns, Reaching safepoint: 130261 ns, At safepoint: 6993 ns, Total: 137254 ns
[2020-10-31T11:29:21.256+0000][info][safepoint    ] Safepoint "Cleanup", Time since last: 1000103191 ns, Reaching safepoint: 63670 ns, At safepoint: 6728 ns, Total: 70398 ns
[2020-10-31T11:29:22.256+0000][info][safepoint    ] Safepoint "Cleanup", Time since last: 1000103431 ns, Reaching safepoint: 127667 ns, At safepoint: 5129 ns, Total: 132796 ns
[2020-10-31T11:29:22.846+0000][info][gc           ] Trigger: Average GC time (663.05 ms) is above the time for allocation rate (320.22 MB/s) to deplete free headroom (211M)
[2020-10-31T11:29:22.846+0000][info][gc,ergo      ] Free headroom: 416M (free) - 204M (spike) - 0M (penalties) = 211M
[2020-10-31T11:29:22.846+0000][info][gc,ergo      ] Free: 416M (208 regions), Max regular: 2048K, Max humongous: 184320K, External frag: 57%, Internal frag: 0%
[2020-10-31T11:29:22.846+0000][info][gc,ergo      ] Evacuation Reserve: 206M (103 regions), Max regular: 2048K
[2020-10-31T11:29:22.846+0000][info][gc,start     ] GC(105) Concurrent reset
[2020-10-31T11:29:22.846+0000][info][gc,task      ] GC(105) Using 1 of 1 workers for concurrent reset
[2020-10-31T11:29:22.855+0000][info][gc           ] GC(105) Concurrent reset 3474M->3474M(4096M) 8.977ms
[2020-10-31T11:29:22.855+0000][info][gc,start     ] GC(105) Pause Init Mark (process weakrefs)
[2020-10-31T11:29:22.855+0000][info][gc,task      ] GC(105) Using 1 of 1 workers for init marking
[2020-10-31T11:29:22.856+0000][info][gc,ergo      ] GC(105) Pacer for Mark. Expected Live: 116M, Free: 416M, Non-Taxable: 41M, Alloc Tax Rate: 1.0x
[2020-10-31T11:29:22.856+0000][info][gc           ] GC(105) Pause Init Mark (process weakrefs) 0.489ms
[2020-10-31T11:29:22.856+0000][info][safepoint    ] Safepoint "ShenandoahInitMark", Time since last: 598987767 ns, Reaching safepoint: 142544 ns, At safepoint: 510791 ns, Total: 653335 ns
[2020-10-31T11:29:22.856+0000][info][gc,start     ] GC(105) Concurrent marking (process weakrefs)
[2020-10-31T11:29:22.856+0000][info][gc,task      ] GC(105) Using 1 of 1 workers for concurrent marking
[2020-10-31T11:29:23.284+0000][info][gc           ] GC(105) Concurrent marking (process weakrefs) 3476M->3584M(4096M) 428.055ms
[2020-10-31T11:29:23.284+0000][info][gc,start     ] GC(105) Concurrent precleaning
[2020-10-31T11:29:23.284+0000][info][gc,task      ] GC(105) Using 1 of 1 workers for concurrent preclean
[2020-10-31T11:29:23.386+0000][info][gc           ] GC(105) Concurrent precleaning 3584M->3612M(4096M) 101.981ms
[2020-10-31T11:29:23.386+0000][info][gc,start     ] GC(105) Pause Final Mark (process weakrefs)
[2020-10-31T11:29:23.386+0000][info][gc,task      ] GC(105) Using 1 of 1 workers for final marking
[2020-10-31T11:29:23.467+0000][info][gc,ergo      ] GC(105) Adaptive CSet Selection. Target Free: 409M, Actual Free: 484M, Max CSet: 170M, Min Garbage: 0M
[2020-10-31T11:29:23.467+0000][info][gc,ergo      ] GC(105) Collectable Garbage: 3268M (97% of total), 23M CSet, 1646 CSet regions
[2020-10-31T11:29:23.467+0000][info][gc,ergo      ] GC(105) Immediate Garbage: 0M (0% of total), 0 regions
[2020-10-31T11:29:23.468+0000][info][gc,ergo      ] GC(105) Pacer for Evacuation. Used CSet: 3292M, Free: 278M, Non-Taxable: 27M, Alloc Tax Rate: 28.9x
[2020-10-31T11:29:23.468+0000][info][gc           ] GC(105) Pause Final Mark (process weakrefs) 81.953ms
[2020-10-31T11:29:23.468+0000][info][safepoint    ] Safepoint "ShenandoahFinalMarkStartEvac", Time since last: 530151425 ns, Reaching safepoint: 150689 ns, At safepoint: 81979224 ns, Total: 82129913 ns
[2020-10-31T11:29:23.468+0000][info][gc,start     ] GC(105) Concurrent cleanup
[2020-10-31T11:29:23.468+0000][info][gc           ] GC(105) Concurrent cleanup 3612M->3612M(4096M) 0.231ms
[2020-10-31T11:29:23.468+0000][info][gc,ergo      ] GC(105) Free: 278M (139 regions), Max regular: 2048K, Max humongous: 184320K, External frag: 36%, Internal frag: 0%
[2020-10-31T11:29:23.468+0000][info][gc,ergo      ] GC(105) Evacuation Reserve: 205M (103 regions), Max regular: 2048K
[2020-10-31T11:29:23.468+0000][info][gc,start     ] GC(105) Concurrent evacuation
[2020-10-31T11:29:23.468+0000][info][gc,task      ] GC(105) Using 1 of 1 workers for concurrent evacuation
[2020-10-31T11:29:23.611+0000][info][gc           ] GC(105) Concurrent evacuation 3612M->3662M(4096M) 143.102ms
[2020-10-31T11:29:23.612+0000][info][gc,start     ] GC(105) Pause Init Update Refs
[2020-10-31T11:29:23.612+0000][info][gc,ergo      ] GC(105) Pacer for Update Refs. Used: 3662M, Free: 252M, Non-Taxable: 25M, Alloc Tax Rate: 17.8x
[2020-10-31T11:29:23.612+0000][info][gc           ] GC(105) Pause Init Update Refs 0.052ms
[2020-10-31T11:29:23.612+0000][info][safepoint    ] Safepoint "ShenandoahInitUpdateRefs", Time since last: 143473465 ns, Reaching safepoint: 140683 ns, At safepoint: 71923 ns, Total: 212606 ns
[2020-10-31T11:29:23.612+0000][info][gc,start     ] GC(105) Concurrent update references
[2020-10-31T11:29:23.612+0000][info][gc,task      ] GC(105) Using 1 of 1 workers for concurrent reference update
[2020-10-31T11:29:23.976+0000][info][gc           ] GC(105) Concurrent update references 3664M->3740M(4096M) 364.864ms
[2020-10-31T11:29:23.977+0000][info][gc,start     ] GC(105) Pause Final Update Refs
[2020-10-31T11:29:23.977+0000][info][gc,task      ] GC(105) Using 1 of 1 workers for final reference update
[2020-10-31T11:29:23.977+0000][info][gc           ] GC(105) Pause Final Update Refs 0.190ms
[2020-10-31T11:29:23.977+0000][info][safepoint    ] Safepoint "ShenandoahFinalUpdateRefs", Time since last: 364960004 ns, Reaching safepoint: 134506 ns, At safepoint: 214606 ns, Total: 349112 ns
[2020-10-31T11:29:23.977+0000][info][gc,start     ] GC(105) Concurrent cleanup
[2020-10-31T11:29:23.977+0000][info][gc           ] GC(105) Concurrent cleanup 3740M->448M(4096M) 0.282ms
[2020-10-31T11:29:23.977+0000][info][gc,ergo      ] Free: 3442M (1721 regions), Max regular: 2048K, Max humongous: 3178496K, External frag: 10%, Internal frag: 0%
[2020-10-31T11:29:23.977+0000][info][gc,ergo      ] Evacuation Reserve: 206M (103 regions), Max regular: 2048K
[2020-10-31T11:29:23.977+0000][info][gc,ergo      ] Pacer for Idle. Initial: 81M, Alloc Tax Rate: 1.0x
[2020-10-31T11:29:24.977+0000][info][safepoint    ] Safepoint "Cleanup", Time since last: 1000081563 ns, Reaching safepoint: 134592 ns, At safepoint: 5557 ns, Total: 140149 ns
[2020-10-31T11:29:25.276+0000][info][safepoint    ] Safepoint "RevokeBias", Time since last: 298849827 ns, Reaching safepoint: 58016 ns, At safepoint: 17766 ns, Total: 75782 ns
[2020-10-31T11:29:26.276+0000][info][safepoint    ] Safepoint "Cleanup", Time since last: 1000106493 ns, Reaching safepoint: 61195 ns, At safepoint: 3007 ns, Total: 64202 ns
[2020-10-31T11:29:27.276+0000][info][safepoint    ] Safepoint "Cleanup", Time since last: 1000107293 ns, Reaching safepoint: 63635 ns, At safepoint: 6567 ns, Total: 70202 ns
[2020-10-31T11:29:28.277+0000][info][safepoint    ] Safepoint "Cleanup", Time since last: 1000114819 ns, Reaching safepoint: 137151 ns, At safepoint: 5048 ns, Total: 142199 ns
[2020-10-31T11:29:29.277+0000][info][safepoint    ] Safepoint "Cleanup", Time since last: 1000106560 ns, Reaching safepoint: 160981 ns, At safepoint: 3187 ns, Total: 164168 ns
[2020-10-31T11:29:30.277+0000][info][safepoint    ] Safepoint "Cleanup", Time since last: 1000102875 ns, Reaching safepoint: 56622 ns, At safepoint: 3762 ns, Total: 60384 ns
[2020-10-31T11:29:31.277+0000][info][safepoint    ] Safepoint "Cleanup", Time since last: 1000107499 ns, Reaching safepoint: 134732 ns, At safepoint: 5772 ns, Total: 140504 ns
[2020-10-31T11:29:32.278+0000][info][safepoint    ] Safepoint "Cleanup", Time since last: 1000105849 ns, Reaching safepoint: 134610 ns, At safepoint: 6060 ns, Total: 140670 ns
[2020-10-31T11:29:33.278+0000][info][safepoint    ] Safepoint "Cleanup", Time since last: 1000106262 ns, Reaching safepoint: 59694 ns, At safepoint: 6861 ns, Total: 66555 ns
[2020-10-31T11:29:33.386+0000][info][gc           ] Trigger: Free (408M) is below minimum threshold (409M)
[2020-10-31T11:29:33.386+0000][info][gc,ergo      ] Free: 408M (204 regions), Max regular: 2048K, Max humongous: 155648K, External frag: 63%, Internal frag: 0%
[2020-10-31T11:29:33.386+0000][info][gc,ergo      ] Evacuation Reserve: 206M (103 regions), Max regular: 2048K
[2020-10-31T11:29:33.386+0000][info][gc,start     ] GC(106) Concurrent reset
[2020-10-31T11:29:33.386+0000][info][gc,task      ] GC(106) Using 1 of 1 workers for concurrent reset
[2020-10-31T11:29:33.395+0000][info][gc           ] GC(106) Concurrent reset 3482M->3482M(4096M) 8.954ms
[2020-10-31T11:29:33.395+0000][info][gc,start     ] GC(106) Pause Init Mark
[2020-10-31T11:29:33.395+0000][info][gc,task      ] GC(106) Using 1 of 1 workers for init marking
[2020-10-31T11:29:33.396+0000][info][gc,ergo      ] GC(106) Pacer for Mark. Expected Live: 116M, Free: 408M, Non-Taxable: 40M, Alloc Tax Rate: 1.0x
[2020-10-31T11:29:33.396+0000][info][gc           ] GC(106) Pause Init Mark 0.490ms
[2020-10-31T11:29:33.396+0000][info][safepoint    ] Safepoint "ShenandoahInitMark", Time since last: 117218571 ns, Reaching safepoint: 139445 ns, At safepoint: 509927 ns, Total: 649372 ns
[2020-10-31T11:29:33.396+0000][info][gc,start     ] GC(106) Concurrent marking
[2020-10-31T11:29:33.396+0000][info][gc,task      ] GC(106) Using 1 of 1 workers for concurrent marking
[2020-10-31T11:29:33.569+0000][info][gc           ] GC(106) Concurrent marking 3484M->3526M(4096M) 173.556ms
[2020-10-31T11:29:33.569+0000][info][gc,start     ] GC(106) Pause Final Mark
[2020-10-31T11:29:33.569+0000][info][gc,task      ] GC(106) Using 1 of 1 workers for final marking
[2020-10-31T11:29:33.570+0000][info][gc,ergo      ] GC(106) Adaptive CSet Selection. Target Free: 409M, Actual Free: 752M, Max CSet: 170M, Min Garbage: 0M
[2020-10-31T11:29:33.570+0000][info][gc,ergo      ] GC(106) Collectable Garbage: 3248M (94% of total), 43M CSet, 1646 CSet regions
[2020-10-31T11:29:33.570+0000][info][gc,ergo      ] GC(106) Immediate Garbage: 184M (5% of total), 92 regions
[2020-10-31T11:29:33.571+0000][info][gc,ergo      ] GC(106) Pacer for Evacuation. Used CSet: 3292M, Free: 546M, Non-Taxable: 54M, Alloc Tax Rate: 14.7x
[2020-10-31T11:29:33.571+0000][info][gc           ] GC(106) Pause Final Mark 1.459ms
[2020-10-31T11:29:33.571+0000][info][safepoint    ] Safepoint "ShenandoahFinalMarkStartEvac", Time since last: 173646286 ns, Reaching safepoint: 63563 ns, At safepoint: 1482482 ns, Total: 1546045 ns
[2020-10-31T11:29:33.571+0000][info][gc,start     ] GC(106) Concurrent cleanup
[2020-10-31T11:29:33.571+0000][info][gc           ] GC(106) Concurrent cleanup 3528M->3348M(4096M) 0.190ms
[2020-10-31T11:29:33.571+0000][info][gc,ergo      ] GC(106) Free: 542M (271 regions), Max regular: 2048K, Max humongous: 344064K, External frag: 39%, Internal frag: 0%
[2020-10-31T11:29:33.571+0000][info][gc,ergo      ] GC(106) Evacuation Reserve: 205M (103 regions), Max regular: 2048K
[2020-10-31T11:29:33.571+0000][info][gc,start     ] GC(106) Concurrent evacuation
[2020-10-31T11:29:33.571+0000][info][gc,task      ] GC(106) Using 1 of 1 workers for concurrent evacuation
[2020-10-31T11:29:33.652+0000][info][gc           ] GC(106) Concurrent evacuation 3348M->3410M(4096M) 80.951ms
[2020-10-31T11:29:33.652+0000][info][gc,start     ] GC(106) Pause Init Update Refs
[2020-10-31T11:29:33.652+0000][info][gc,ergo      ] GC(106) Pacer for Update Refs. Used: 3410M, Free: 524M, Non-Taxable: 52M, Alloc Tax Rate: 8.0x
[2020-10-31T11:29:33.652+0000][info][gc           ] GC(106) Pause Init Update Refs 0.052ms
[2020-10-31T11:29:33.652+0000][info][safepoint    ] Safepoint "ShenandoahInitUpdateRefs", Time since last: 81259482 ns, Reaching safepoint: 76945 ns, At safepoint: 72504 ns, Total: 149449 ns
[2020-10-31T11:29:33.652+0000][info][gc,start     ] GC(106) Concurrent update references
[2020-10-31T11:29:33.652+0000][info][gc,task      ] GC(106) Using 1 of 1 workers for concurrent reference update
[2020-10-31T11:29:33.775+0000][info][gc           ] GC(106) Concurrent update references 3412M->3444M(4096M) 122.715ms
[2020-10-31T11:29:33.775+0000][info][gc,start     ] GC(106) Pause Final Update Refs
[2020-10-31T11:29:33.775+0000][info][gc,task      ] GC(106) Using 1 of 1 workers for final reference update
[2020-10-31T11:29:33.775+0000][info][gc           ] GC(106) Pause Final Update Refs 0.199ms
[2020-10-31T11:29:33.775+0000][info][safepoint    ] Safepoint "ShenandoahFinalUpdateRefs", Time since last: 122796767 ns, Reaching safepoint: 144336 ns, At safepoint: 220736 ns, Total: 365072 ns
[2020-10-31T11:29:33.775+0000][info][gc,start     ] GC(106) Concurrent cleanup
[2020-10-31T11:29:33.776+0000][info][gc           ] GC(106) Concurrent cleanup 3444M->152M(4096M) 0.310ms
[2020-10-31T11:29:33.776+0000][info][gc,ergo      ] Free: 3738M (1869 regions), Max regular: 2048K, Max humongous: 3106816K, External frag: 19%, Internal frag: 0%
[2020-10-31T11:29:33.776+0000][info][gc,ergo      ] Evacuation Reserve: 206M (103 regions), Max regular: 2048K
[2020-10-31T11:29:33.776+0000][info][gc,ergo      ] Pacer for Idle. Initial: 81M, Alloc Tax Rate: 1.0x
[2020-10-31T11:29:34.776+0000][info][safepoint    ] Safepoint "Cleanup", Time since last: 1000080346 ns, Reaching safepoint: 147039 ns, At safepoint: 5419 ns, Total: 152458 ns
[2020-10-31T11:29:35.776+0000][info][safepoint    ] Safepoint "Cleanup", Time since last: 1000104614 ns, Reaching safepoint: 135188 ns, At safepoint: 6557 ns, Total: 141745 ns
[2020-10-31T11:29:36.776+0000][info][safepoint    ] Safepoint "Cleanup", Time since last: 1000112109 ns, Reaching safepoint: 145881 ns, At safepoint: 7099 ns, Total: 152980 ns
[2020-10-31T11:29:37.776+0000][info][safepoint    ] Safepoint "Cleanup", Time since last: 1000110510 ns, Reaching safepoint: 139415 ns, At safepoint: 5104 ns, Total: 144519 ns
[2020-10-31T11:29:38.777+0000][info][safepoint    ] Safepoint "Cleanup", Time since last: 1000108959 ns, Reaching safepoint: 146617 ns, At safepoint: 5890 ns, Total: 152507 ns
[2020-10-31T11:29:39.777+0000][info][safepoint    ] Safepoint "Cleanup", Time since last: 1000107054 ns, Reaching safepoint: 138581 ns, At safepoint: 5835 ns, Total: 144416 ns
[2020-10-31T11:29:40.777+0000][info][safepoint    ] Safepoint "Cleanup", Time since last: 1000071452 ns, Reaching safepoint: 136408 ns, At safepoint: 3293 ns, Total: 139701 ns
[2020-10-31T11:29:41.777+0000][info][safepoint    ] Safepoint "Cleanup", Time since last: 1000107559 ns, Reaching safepoint: 57442 ns, At safepoint: 7151 ns, Total: 64593 ns
[2020-10-31T11:29:42.778+0000][info][safepoint    ] Safepoint "Cleanup", Time since last: 1000101356 ns, Reaching safepoint: 121126 ns, At safepoint: 5936 ns, Total: 127062 ns
[2020-10-31T11:29:43.778+0000][info][safepoint    ] Safepoint "Cleanup", Time since last: 1000104672 ns, Reaching safepoint: 138071 ns, At safepoint: 3342 ns, Total: 141413 ns
[2020-10-31T11:29:44.044+0000][info][gc           ] Trigger: Average GC time (654.37 ms) is above the time for allocation rate (321.44 MB/s) to deplete free headroom (209M)
[2020-10-31T11:29:44.044+0000][info][gc,ergo      ] Free headroom: 414M (free) - 204M (spike) - 0M (penalties) = 209M
[2020-10-31T11:29:44.044+0000][info][gc,ergo      ] Free: 414M (207 regions), Max regular: 2048K, Max humongous: 421888K, External frag: 1%, Internal frag: 0%
[2020-10-31T11:29:44.044+0000][info][gc,ergo      ] Evacuation Reserve: 206M (103 regions), Max regular: 2048K
[2020-10-31T11:29:44.044+0000][info][gc,start     ] GC(107) Concurrent reset
[2020-10-31T11:29:44.044+0000][info][gc,task      ] GC(107) Using 1 of 1 workers for concurrent reset
[2020-10-31T11:29:44.053+0000][info][gc           ] GC(107) Concurrent reset 3476M->3476M(4096M) 8.391ms
[2020-10-31T11:29:44.053+0000][info][gc,start     ] GC(107) Pause Init Mark
[2020-10-31T11:29:44.053+0000][info][gc,task      ] GC(107) Using 1 of 1 workers for init marking
[2020-10-31T11:29:44.053+0000][info][gc,ergo      ] GC(107) Pacer for Mark. Expected Live: 116M, Free: 414M, Non-Taxable: 41M, Alloc Tax Rate: 1.0x
[2020-10-31T11:29:44.053+0000][info][gc           ] GC(107) Pause Init Mark 0.491ms
[2020-10-31T11:29:44.053+0000][info][safepoint    ] Safepoint "ShenandoahInitMark", Time since last: 275040374 ns, Reaching safepoint: 138893 ns, At safepoint: 510938 ns, Total: 649831 ns
[2020-10-31T11:29:44.053+0000][info][gc,start     ] GC(107) Concurrent marking
[2020-10-31T11:29:44.054+0000][info][gc,task      ] GC(107) Using 1 of 1 workers for concurrent marking
[2020-10-31T11:29:44.291+0000][info][gc           ] GC(107) Concurrent marking 3478M->3546M(4096M) 237.782ms
[2020-10-31T11:29:44.291+0000][info][gc,start     ] GC(107) Pause Final Mark
[2020-10-31T11:29:44.291+0000][info][gc,task      ] GC(107) Using 1 of 1 workers for final marking
[2020-10-31T11:29:44.292+0000][info][gc,ergo      ] GC(107) Adaptive CSet Selection. Target Free: 409M, Actual Free: 552M, Max CSet: 170M, Min Garbage: 0M
[2020-10-31T11:29:44.292+0000][info][gc,ergo      ] GC(107) Collectable Garbage: 3378M (99% of total), 45M CSet, 1712 CSet regions
[2020-10-31T11:29:44.292+0000][info][gc,ergo      ] GC(107) Immediate Garbage: 2M (0% of total), 1 regions
[2020-10-31T11:29:44.293+0000][info][gc,ergo      ] GC(107) Pacer for Evacuation. Used CSet: 3424M, Free: 346M, Non-Taxable: 34M, Alloc Tax Rate: 24.2x
[2020-10-31T11:29:44.293+0000][info][gc           ] GC(107) Pause Final Mark 1.440ms
[2020-10-31T11:29:44.293+0000][info][safepoint    ] Safepoint "ShenandoahFinalMarkStartEvac", Time since last: 237877126 ns, Reaching safepoint: 140200 ns, At safepoint: 1462074 ns, Total: 1602274 ns
[2020-10-31T11:29:44.293+0000][info][gc,start     ] GC(107) Concurrent cleanup
[2020-10-31T11:29:44.293+0000][info][gc           ] GC(107) Concurrent cleanup 3546M->3546M(4096M) 0.161ms
[2020-10-31T11:29:44.293+0000][info][gc,ergo      ] GC(107) Free: 344M (172 regions), Max regular: 2048K, Max humongous: 350208K, External frag: 1%, Internal frag: 0%
[2020-10-31T11:29:44.293+0000][info][gc,ergo      ] GC(107) Evacuation Reserve: 205M (103 regions), Max regular: 2048K
[2020-10-31T11:29:44.293+0000][info][gc,start     ] GC(107) Concurrent evacuation
[2020-10-31T11:29:44.293+0000][info][gc,task      ] GC(107) Using 1 of 1 workers for concurrent evacuation
[2020-10-31T11:29:44.378+0000][info][gc           ] GC(107) Concurrent evacuation 3546M->3614M(4096M) 84.695ms
[2020-10-31T11:29:44.378+0000][info][gc,start     ] GC(107) Pause Init Update Refs
[2020-10-31T11:29:44.378+0000][info][gc,ergo      ] GC(107) Pacer for Update Refs. Used: 3614M, Free: 322M, Non-Taxable: 32M, Alloc Tax Rate: 13.7x
[2020-10-31T11:29:44.378+0000][info][gc           ] GC(107) Pause Init Update Refs 0.052ms
[2020-10-31T11:29:44.378+0000][info][safepoint    ] Safepoint "ShenandoahInitUpdateRefs", Time since last: 84962109 ns, Reaching safepoint: 147106 ns, At safepoint: 72332 ns, Total: 219438 ns
[2020-10-31T11:29:44.378+0000][info][gc,start     ] GC(107) Concurrent update references
[2020-10-31T11:29:44.378+0000][info][gc,task      ] GC(107) Using 1 of 1 workers for concurrent reference update
[2020-10-31T11:29:44.545+0000][info][gc           ] GC(107) Concurrent update references 3616M->3658M(4096M) 166.946ms
[2020-10-31T11:29:44.545+0000][info][gc,start     ] GC(107) Pause Final Update Refs
[2020-10-31T11:29:44.545+0000][info][gc,task      ] GC(107) Using 1 of 1 workers for final reference update
[2020-10-31T11:29:44.545+0000][info][gc           ] GC(107) Pause Final Update Refs 0.189ms
[2020-10-31T11:29:44.545+0000][info][safepoint    ] Safepoint "ShenandoahFinalUpdateRefs", Time since last: 167025671 ns, Reaching safepoint: 141920 ns, At safepoint: 211372 ns, Total: 353292 ns
[2020-10-31T11:29:44.546+0000][info][gc,start     ] GC(107) Concurrent cleanup
[2020-10-31T11:29:44.546+0000][info][gc           ] GC(107) Concurrent cleanup 3658M->234M(4096M) 0.310ms
[2020-10-31T11:29:44.546+0000][info][gc,ergo      ] Free: 3656M (1828 regions), Max regular: 2048K, Max humongous: 3151872K, External frag: 16%, Internal frag: 0%
[2020-10-31T11:29:44.546+0000][info][gc,ergo      ] Evacuation Reserve: 206M (103 regions), Max regular: 2048K
[2020-10-31T11:29:44.546+0000][info][gc,ergo      ] Pacer for Idle. Initial: 81M, Alloc Tax Rate: 1.0x
[2020-10-31T11:29:45.546+0000][info][safepoint    ] Safepoint "Cleanup", Time since last: 1000079340 ns, Reaching safepoint: 137718 ns, At safepoint: 5238 ns, Total: 142956 ns
[2020-10-31T11:29:46.546+0000][info][safepoint    ] Safepoint "Cleanup", Time since last: 1000124033 ns, Reaching safepoint: 58490 ns, At safepoint: 5532 ns, Total: 64022 ns
[2020-10-31T11:29:47.648+0000][info][safepoint    ] Safepoint "Cleanup", Time since last: 1102230858 ns, Reaching safepoint: 137194 ns, At safepoint: 5198 ns, Total: 142392 ns
[2020-10-31T11:29:48.649+0000][info][safepoint    ] Safepoint "Cleanup", Time since last: 1000109829 ns, Reaching safepoint: 152058 ns, At safepoint: 5593 ns, Total: 157651 ns
[2020-10-31T11:29:49.649+0000][info][safepoint    ] Safepoint "Cleanup", Time since last: 1000110144 ns, Reaching safepoint: 145137 ns, At safepoint: 5855 ns, Total: 150992 ns
[2020-10-31T11:29:50.649+0000][info][safepoint    ] Safepoint "Cleanup", Time since last: 1000105704 ns, Reaching safepoint: 137558 ns, At safepoint: 5604 ns, Total: 143162 ns
[2020-10-31T11:29:51.649+0000][info][safepoint    ] Safepoint "Cleanup", Time since last: 1000107784 ns, Reaching safepoint: 137983 ns, At safepoint: 4995 ns, Total: 142978 ns
[2020-10-31T11:29:52.650+0000][info][safepoint    ] Safepoint "Cleanup", Time since last: 1000105330 ns, Reaching safepoint: 134409 ns, At safepoint: 5902 ns, Total: 140311 ns
[2020-10-31T11:29:53.650+0000][info][safepoint    ] Safepoint "Cleanup", Time since last: 1000107376 ns, Reaching safepoint: 135288 ns, At safepoint: 4937 ns, Total: 140225 ns
[2020-10-31T11:29:54.561+0000][info][gc           ] Trigger: Average GC time (656.10 ms) is above the time for allocation rate (321.41 MB/s) to deplete free headroom (209M)
[2020-10-31T11:29:54.561+0000][info][gc,ergo      ] Free headroom: 414M (free) - 204M (spike) - 0M (penalties) = 209M
[2020-10-31T11:29:54.561+0000][info][gc,ergo      ] Free: 414M (207 regions), Max regular: 2048K, Max humongous: 235520K, External frag: 45%, Internal frag: 0%
[2020-10-31T11:29:54.561+0000][info][gc,ergo      ] Evacuation Reserve: 206M (103 regions), Max regular: 2048K
[2020-10-31T11:29:54.561+0000][info][gc,start     ] GC(108) Concurrent reset
[2020-10-31T11:29:54.561+0000][info][gc,task      ] GC(108) Using 1 of 1 workers for concurrent reset
[2020-10-31T11:29:54.569+0000][info][gc           ] GC(108) Concurrent reset 3476M->3476M(4096M) 8.863ms
[2020-10-31T11:29:54.570+0000][info][gc,start     ] GC(108) Pause Init Mark
[2020-10-31T11:29:54.570+0000][info][gc,task      ] GC(108) Using 1 of 1 workers for init marking
[2020-10-31T11:29:54.570+0000][info][gc,ergo      ] GC(108) Pacer for Mark. Expected Live: 116M, Free: 414M, Non-Taxable: 41M, Alloc Tax Rate: 1.0x
[2020-10-31T11:29:54.570+0000][info][gc           ] GC(108) Pause Init Mark 0.506ms
[2020-10-31T11:29:54.570+0000][info][safepoint    ] Safepoint "ShenandoahInitMark", Time since last: 919720729 ns, Reaching safepoint: 143843 ns, At safepoint: 526633 ns, Total: 670476 ns
[2020-10-31T11:29:54.570+0000][info][gc,start     ] GC(108) Concurrent marking
[2020-10-31T11:29:54.570+0000][info][gc,task      ] GC(108) Using 1 of 1 workers for concurrent marking
[2020-10-31T11:29:54.853+0000][info][gc           ] GC(108) Concurrent marking 3478M->3550M(4096M) 282.888ms
[2020-10-31T11:29:54.853+0000][info][gc,start     ] GC(108) Pause Final Mark
[2020-10-31T11:29:54.853+0000][info][gc,task      ] GC(108) Using 1 of 1 workers for final marking
[2020-10-31T11:29:54.854+0000][info][gc,ergo      ] GC(108) Adaptive CSet Selection. Target Free: 409M, Actual Free: 546M, Max CSet: 170M, Min Garbage: 0M
[2020-10-31T11:29:54.854+0000][info][gc,ergo      ] GC(108) Collectable Garbage: 3335M (99% of total), 44M CSet, 1690 CSet regions
[2020-10-31T11:29:54.854+0000][info][gc,ergo      ] GC(108) Immediate Garbage: 0M (0% of total), 0 regions
[2020-10-31T11:29:54.855+0000][info][gc,ergo      ] GC(108) Pacer for Evacuation. Used CSet: 3380M, Free: 340M, Non-Taxable: 34M, Alloc Tax Rate: 24.3x
[2020-10-31T11:29:54.855+0000][info][gc           ] GC(108) Pause Final Mark 1.436ms
[2020-10-31T11:29:54.855+0000][info][safepoint    ] Safepoint "ShenandoahFinalMarkStartEvac", Time since last: 282966075 ns, Reaching safepoint: 136887 ns, At safepoint: 1459165 ns, Total: 1596052 ns
[2020-10-31T11:29:54.855+0000][info][gc,start     ] GC(108) Concurrent cleanup
[2020-10-31T11:29:54.855+0000][info][gc           ] GC(108) Concurrent cleanup 3552M->3554M(4096M) 0.198ms
[2020-10-31T11:29:54.855+0000][info][gc,ergo      ] GC(108) Free: 336M (168 regions), Max regular: 2048K, Max humongous: 235520K, External frag: 32%, Internal frag: 0%
[2020-10-31T11:29:54.855+0000][info][gc,ergo      ] GC(108) Evacuation Reserve: 206M (103 regions), Max regular: 2048K
[2020-10-31T11:29:54.855+0000][info][gc,start     ] GC(108) Concurrent evacuation
[2020-10-31T11:29:54.855+0000][info][gc,task      ] GC(108) Using 1 of 1 workers for concurrent evacuation
[2020-10-31T11:29:54.939+0000][info][gc           ] GC(108) Concurrent evacuation 3554M->3620M(4096M) 83.789ms
[2020-10-31T11:29:54.939+0000][info][gc,start     ] GC(108) Pause Init Update Refs
[2020-10-31T11:29:54.939+0000][info][gc,ergo      ] GC(108) Pacer for Update Refs. Used: 3620M, Free: 316M, Non-Taxable: 31M, Alloc Tax Rate: 14.0x
[2020-10-31T11:29:54.939+0000][info][gc           ] GC(108) Pause Init Update Refs 0.044ms
[2020-10-31T11:29:54.939+0000][info][safepoint    ] Safepoint "ShenandoahInitUpdateRefs", Time since last: 84111723 ns, Reaching safepoint: 141698 ns, At safepoint: 61322 ns, Total: 203020 ns
[2020-10-31T11:29:54.939+0000][info][gc,start     ] GC(108) Concurrent update references
[2020-10-31T11:29:54.939+0000][info][gc,task      ] GC(108) Using 1 of 1 workers for concurrent reference update
[2020-10-31T11:29:55.142+0000][info][gc           ] GC(108) Concurrent update references 3622M->3674M(4096M) 202.907ms
[2020-10-31T11:29:55.142+0000][info][gc,start     ] GC(108) Pause Final Update Refs
[2020-10-31T11:29:55.142+0000][info][gc,task      ] GC(108) Using 1 of 1 workers for final reference update
[2020-10-31T11:29:55.142+0000][info][gc           ] GC(108) Pause Final Update Refs 0.199ms
[2020-10-31T11:29:55.142+0000][info][safepoint    ] Safepoint "ShenandoahFinalUpdateRefs", Time since last: 202986122 ns, Reaching safepoint: 147886 ns, At safepoint: 220200 ns, Total: 368086 ns
[2020-10-31T11:29:55.142+0000][info][gc,start     ] GC(108) Concurrent cleanup
[2020-10-31T11:29:55.143+0000][info][gc           ] GC(108) Concurrent cleanup 3674M->294M(4096M) 0.308ms
[2020-10-31T11:29:55.143+0000][info][gc,ergo      ] Free: 3596M (1798 regions), Max regular: 2048K, Max humongous: 3321856K, External frag: 10%, Internal frag: 0%
[2020-10-31T11:29:55.143+0000][info][gc,ergo      ] Evacuation Reserve: 206M (103 regions), Max regular: 2048K
[2020-10-31T11:29:55.143+0000][info][gc,ergo      ] Pacer for Idle. Initial: 81M, Alloc Tax Rate: 1.0x
[2020-10-31T11:29:55.945+0000][info][safepoint    ] Safepoint "RevokeBias", Time since last: 802200461 ns, Reaching safepoint: 129603 ns, At safepoint: 19021 ns, Total: 148624 ns
[2020-10-31T11:29:56.945+0000][info][safepoint    ] Safepoint "Cleanup", Time since last: 1000100972 ns, Reaching safepoint: 144330 ns, At safepoint: 5865 ns, Total: 150195 ns
[2020-10-31T11:29:57.945+0000][info][safepoint    ] Safepoint "Cleanup", Time since last: 1000108819 ns, Reaching safepoint: 141595 ns, At safepoint: 5153 ns, Total: 146748 ns
[2020-10-31T11:29:58.946+0000][info][safepoint    ] Safepoint "Cleanup", Time since last: 1000106228 ns, Reaching safepoint: 138138 ns, At safepoint: 8143 ns, Total: 146281 ns
[2020-10-31T11:29:59.946+0000][info][safepoint    ] Safepoint "Cleanup", Time since last: 1000113405 ns, Reaching safepoint: 153647 ns, At safepoint: 3201 ns, Total: 156848 ns
[2020-10-31T11:30:00.946+0000][info][safepoint    ] Safepoint "Cleanup", Time since last: 1000114745 ns, Reaching safepoint: 139349 ns, At safepoint: 6366 ns, Total: 145715 ns
[2020-10-31T11:30:01.946+0000][info][safepoint    ] Safepoint "Cleanup", Time since last: 1000107776 ns, Reaching safepoint: 139269 ns, At safepoint: 5210 ns, Total: 144479 ns
[2020-10-31T11:30:02.947+0000][info][safepoint    ] Safepoint "Cleanup", Time since last: 1000107102 ns, Reaching safepoint: 132743 ns, At safepoint: 5627 ns, Total: 138370 ns
[2020-10-31T11:30:03.947+0000][info][safepoint    ] Safepoint "Cleanup", Time since last: 1000119914 ns, Reaching safepoint: 136098 ns, At safepoint: 5856 ns, Total: 141954 ns
[2020-10-31T11:30:04.947+0000][info][safepoint    ] Safepoint "Cleanup", Time since last: 1000127811 ns, Reaching safepoint: 61170 ns, At safepoint: 5771 ns, Total: 66941 ns
[2020-10-31T11:30:04.967+0000][info][gc           ] Trigger: Average GC time (656.21 ms) is above the time for allocation rate (320.39 MB/s) to deplete free headroom (209M)
[2020-10-31T11:30:04.967+0000][info][gc,ergo      ] Free headroom: 414M (free) - 204M (spike) - 0M (penalties) = 209M
[2020-10-31T11:30:04.967+0000][info][gc,ergo      ] Free: 414M (207 regions), Max regular: 2048K, Max humongous: 358400K, External frag: 16%, Internal frag: 0%
[2020-10-31T11:30:04.967+0000][info][gc,ergo      ] Evacuation Reserve: 206M (103 regions), Max regular: 2048K
[2020-10-31T11:30:04.967+0000][info][gc,start     ] GC(109) Concurrent reset
[2020-10-31T11:30:04.967+0000][info][gc,task      ] GC(109) Using 1 of 1 workers for concurrent reset
[2020-10-31T11:30:04.976+0000][info][gc           ] GC(109) Concurrent reset 3476M->3476M(4096M) 9.035ms
[2020-10-31T11:30:04.976+0000][info][gc,start     ] GC(109) Pause Init Mark
[2020-10-31T11:30:04.976+0000][info][gc,task      ] GC(109) Using 1 of 1 workers for init marking
[2020-10-31T11:30:04.976+0000][info][gc,ergo      ] GC(109) Pacer for Mark. Expected Live: 116M, Free: 414M, Non-Taxable: 41M, Alloc Tax Rate: 1.0x
[2020-10-31T11:30:04.976+0000][info][gc           ] GC(109) Pause Init Mark 0.497ms
[2020-10-31T11:30:04.976+0000][info][safepoint    ] Safepoint "ShenandoahInitMark", Time since last: 28789326 ns, Reaching safepoint: 140814 ns, At safepoint: 518435 ns, Total: 659249 ns
[2020-10-31T11:30:04.976+0000][info][gc,start     ] GC(109) Concurrent marking
[2020-10-31T11:30:04.976+0000][info][gc,task      ] GC(109) Using 1 of 1 workers for concurrent marking
[2020-10-31T11:30:05.314+0000][info][gc           ] GC(109) Concurrent marking 3476M->3570M(4096M) 337.080ms
[2020-10-31T11:30:05.314+0000][info][gc,start     ] GC(109) Pause Final Mark
[2020-10-31T11:30:05.314+0000][info][gc,task      ] GC(109) Using 1 of 1 workers for final marking
[2020-10-31T11:30:05.314+0000][info][gc,ergo      ] GC(109) Adaptive CSet Selection. Target Free: 409M, Actual Free: 526M, Max CSet: 170M, Min Garbage: 0M
[2020-10-31T11:30:05.315+0000][info][gc,ergo      ] GC(109) Collectable Garbage: 3291M (99% of total), 44M CSet, 1668 CSet regions
[2020-10-31T11:30:05.315+0000][info][gc,ergo      ] GC(109) Immediate Garbage: 0M (0% of total), 0 regions
[2020-10-31T11:30:05.315+0000][info][gc,ergo      ] GC(109) Pacer for Evacuation. Used CSet: 3336M, Free: 320M, Non-Taxable: 32M, Alloc Tax Rate: 25.5x
[2020-10-31T11:30:05.315+0000][info][gc           ] GC(109) Pause Final Mark 1.386ms
[2020-10-31T11:30:05.315+0000][info][safepoint    ] Safepoint "ShenandoahFinalMarkStartEvac", Time since last: 337158993 ns, Reaching safepoint: 143992 ns, At safepoint: 1408687 ns, Total: 1552679 ns
[2020-10-31T11:30:05.315+0000][info][gc,start     ] GC(109) Concurrent cleanup
[2020-10-31T11:30:05.315+0000][info][gc           ] GC(109) Concurrent cleanup 3572M->3572M(4096M) 0.169ms
[2020-10-31T11:30:05.315+0000][info][gc,ergo      ] GC(109) Free: 318M (159 regions), Max regular: 2048K, Max humongous: 323584K, External frag: 1%, Internal frag: 0%
[2020-10-31T11:30:05.315+0000][info][gc,ergo      ] GC(109) Evacuation Reserve: 205M (103 regions), Max regular: 2048K
[2020-10-31T11:30:05.315+0000][info][gc,start     ] GC(109) Concurrent evacuation
[2020-10-31T11:30:05.315+0000][info][gc,task      ] GC(109) Using 1 of 1 workers for concurrent evacuation
[2020-10-31T11:30:05.398+0000][info][gc           ] GC(109) Concurrent evacuation 3572M->3640M(4096M) 82.326ms
[2020-10-31T11:30:05.398+0000][info][gc,start     ] GC(109) Pause Init Update Refs
[2020-10-31T11:30:05.398+0000][info][gc,ergo      ] GC(109) Pacer for Update Refs. Used: 3640M, Free: 296M, Non-Taxable: 29M, Alloc Tax Rate: 15.0x
[2020-10-31T11:30:05.398+0000][info][gc           ] GC(109) Pause Init Update Refs 0.066ms
[2020-10-31T11:30:05.398+0000][info][safepoint    ] Safepoint "ShenandoahInitUpdateRefs", Time since last: 82604581 ns, Reaching safepoint: 146363 ns, At safepoint: 84731 ns, Total: 231094 ns
[2020-10-31T11:30:05.398+0000][info][gc,start     ] GC(109) Concurrent update references
[2020-10-31T11:30:05.398+0000][info][gc,task      ] GC(109) Using 1 of 1 workers for concurrent reference update
[2020-10-31T11:30:05.640+0000][info][gc           ] GC(109) Concurrent update references 3642M->3702M(4096M) 241.860ms
[2020-10-31T11:30:05.640+0000][info][gc,start     ] GC(109) Pause Final Update Refs
[2020-10-31T11:30:05.640+0000][info][gc,task      ] GC(109) Using 1 of 1 workers for final reference update
[2020-10-31T11:30:05.640+0000][info][gc           ] GC(109) Pause Final Update Refs 0.204ms
[2020-10-31T11:30:05.640+0000][info][safepoint    ] Safepoint "ShenandoahFinalUpdateRefs", Time since last: 241942222 ns, Reaching safepoint: 156725 ns, At safepoint: 224097 ns, Total: 380822 ns
[2020-10-31T11:30:05.640+0000][info][gc,start     ] GC(109) Concurrent cleanup
[2020-10-31T11:30:05.641+0000][info][gc           ] GC(109) Concurrent cleanup 3702M->368M(4096M) 0.330ms
[2020-10-31T11:30:05.641+0000][info][gc,ergo      ] Free: 3522M (1761 regions), Max regular: 2048K, Max humongous: 3254272K, External frag: 10%, Internal frag: 0%
[2020-10-31T11:30:05.641+0000][info][gc,ergo      ] Evacuation Reserve: 206M (103 regions), Max regular: 2048K
[2020-10-31T11:30:05.641+0000][info][gc,ergo      ] Pacer for Idle. Initial: 81M, Alloc Tax Rate: 1.0x
[2020-10-31T11:30:06.641+0000][info][safepoint    ] Safepoint "Cleanup", Time since last: 1000081038 ns, Reaching safepoint: 145045 ns, At safepoint: 3475 ns, Total: 148520 ns
[2020-10-31T11:30:07.641+0000][info][safepoint    ] Safepoint "Cleanup", Time since last: 1000106923 ns, Reaching safepoint: 140482 ns, At safepoint: 5409 ns, Total: 145891 ns
[2020-10-31T11:30:08.641+0000][info][safepoint    ] Safepoint "Cleanup", Time since last: 1000105051 ns, Reaching safepoint: 137331 ns, At safepoint: 5465 ns, Total: 142796 ns
[2020-10-31T11:30:09.641+0000][info][safepoint    ] Safepoint "Cleanup", Time since last: 1000104371 ns, Reaching safepoint: 140618 ns, At safepoint: 3085 ns, Total: 143703 ns
[2020-10-31T11:30:10.642+0000][info][safepoint    ] Safepoint "Cleanup", Time since last: 1000108790 ns, Reaching safepoint: 138309 ns, At safepoint: 7374 ns, Total: 145683 ns
[2020-10-31T11:30:11.642+0000][info][safepoint    ] Safepoint "Cleanup", Time since last: 1000107841 ns, Reaching safepoint: 131611 ns, At safepoint: 5676 ns, Total: 137287 ns
[2020-10-31T11:30:12.642+0000][info][safepoint    ] Safepoint "Cleanup", Time since last: 1000108808 ns, Reaching safepoint: 138794 ns, At safepoint: 5325 ns, Total: 144119 ns
[2020-10-31T11:30:13.642+0000][info][safepoint    ] Safepoint "Cleanup", Time since last: 1000111656 ns, Reaching safepoint: 138406 ns, At safepoint: 5105 ns, Total: 143511 ns
[2020-10-31T11:30:14.643+0000][info][safepoint    ] Safepoint "Cleanup", Time since last: 1000103578 ns, Reaching safepoint: 71282 ns, At safepoint: 6024 ns, Total: 77306 ns
[2020-10-31T11:30:15.246+0000][info][gc           ] Trigger: Average GC time (655.74 ms) is above the time for allocation rate (320.06 MB/s) to deplete free headroom (209M)
[2020-10-31T11:30:15.246+0000][info][gc,ergo      ] Free headroom: 414M (free) - 204M (spike) - 0M (penalties) = 209M
[2020-10-31T11:30:15.246+0000][info][gc,ergo      ] Free: 414M (207 regions), Max regular: 2048K, Max humongous: 192512K, External frag: 55%, Internal frag: 0%
[2020-10-31T11:30:15.246+0000][info][gc,ergo      ] Evacuation Reserve: 206M (103 regions), Max regular: 2048K
[2020-10-31T11:30:15.246+0000][info][gc,start     ] GC(110) Concurrent reset
[2020-10-31T11:30:15.246+0000][info][gc,task      ] GC(110) Using 1 of 1 workers for concurrent reset
[2020-10-31T11:30:15.255+0000][info][gc           ] GC(110) Concurrent reset 3476M->3476M(4096M) 8.988ms
[2020-10-31T11:30:15.255+0000][info][gc,start     ] GC(110) Pause Init Mark (process weakrefs)
[2020-10-31T11:30:15.255+0000][info][gc,task      ] GC(110) Using 1 of 1 workers for init marking
[2020-10-31T11:30:15.256+0000][info][gc,ergo      ] GC(110) Pacer for Mark. Expected Live: 116M, Free: 414M, Non-Taxable: 41M, Alloc Tax Rate: 1.0x
[2020-10-31T11:30:15.256+0000][info][gc           ] GC(110) Pause Init Mark (process weakrefs) 0.492ms
[2020-10-31T11:30:15.256+0000][info][safepoint    ] Safepoint "ShenandoahInitMark", Time since last: 612654467 ns, Reaching safepoint: 141227 ns, At safepoint: 511839 ns, Total: 653066 ns
[2020-10-31T11:30:15.256+0000][info][gc,start     ] GC(110) Concurrent marking (process weakrefs)
[2020-10-31T11:30:15.256+0000][info][gc,task      ] GC(110) Using 1 of 1 workers for concurrent marking
[2020-10-31T11:30:15.696+0000][info][gc           ] GC(110) Concurrent marking (process weakrefs) 3478M->3598M(4096M) 440.519ms
[2020-10-31T11:30:15.696+0000][info][gc,start     ] GC(110) Concurrent precleaning
[2020-10-31T11:30:15.696+0000][info][gc,task      ] GC(110) Using 1 of 1 workers for concurrent preclean
[2020-10-31T11:30:15.793+0000][info][gc           ] GC(110) Concurrent precleaning 3598M->3624M(4096M) 96.175ms
[2020-10-31T11:30:15.793+0000][info][gc,start     ] GC(110) Pause Final Mark (process weakrefs)
[2020-10-31T11:30:15.793+0000][info][gc,task      ] GC(110) Using 1 of 1 workers for final marking
[2020-10-31T11:30:15.874+0000][info][gc,ergo      ] GC(110) Adaptive CSet Selection. Target Free: 409M, Actual Free: 472M, Max CSet: 170M, Min Garbage: 0M
[2020-10-31T11:30:15.874+0000][info][gc,ergo      ] GC(110) Collectable Garbage: 3270M (97% of total), 23M CSet, 1647 CSet regions
[2020-10-31T11:30:15.874+0000][info][gc,ergo      ] GC(110) Immediate Garbage: 0M (0% of total), 0 regions
[2020-10-31T11:30:15.875+0000][info][gc,ergo      ] GC(110) Pacer for Evacuation. Used CSet: 3294M, Free: 266M, Non-Taxable: 26M, Alloc Tax Rate: 30.3x
[2020-10-31T11:30:15.875+0000][info][gc           ] GC(110) Pause Final Mark (process weakrefs) 82.357ms
[2020-10-31T11:30:15.875+0000][info][safepoint    ] Safepoint "ShenandoahFinalMarkStartEvac", Time since last: 536808817 ns, Reaching safepoint: 143813 ns, At safepoint: 82382620 ns, Total: 82526433 ns
[2020-10-31T11:30:15.875+0000][info][gc,start     ] GC(110) Concurrent cleanup
[2020-10-31T11:30:15.875+0000][info][gc           ] GC(110) Concurrent cleanup 3624M->3624M(4096M) 0.209ms
[2020-10-31T11:30:15.875+0000][info][gc,ergo      ] GC(110) Free: 266M (133 regions), Max regular: 2048K, Max humongous: 192512K, External frag: 30%, Internal frag: 0%
[2020-10-31T11:30:15.875+0000][info][gc,ergo      ] GC(110) Evacuation Reserve: 205M (103 regions), Max regular: 2048K
[2020-10-31T11:30:15.875+0000][info][gc,start     ] GC(110) Concurrent evacuation
[2020-10-31T11:30:15.875+0000][info][gc,task      ] GC(110) Using 1 of 1 workers for concurrent evacuation
[2020-10-31T11:30:16.007+0000][info][gc           ] GC(110) Concurrent evacuation 3624M->3676M(4096M) 131.129ms
[2020-10-31T11:30:16.007+0000][info][gc,start     ] GC(110) Pause Init Update Refs
[2020-10-31T11:30:16.007+0000][info][gc,ergo      ] GC(110) Pacer for Update Refs. Used: 3676M, Free: 240M, Non-Taxable: 24M, Alloc Tax Rate: 18.7x
[2020-10-31T11:30:16.007+0000][info][gc           ] GC(110) Pause Init Update Refs 0.053ms
[2020-10-31T11:30:16.007+0000][info][safepoint    ] Safepoint "ShenandoahInitUpdateRefs", Time since last: 131463715 ns, Reaching safepoint: 133488 ns, At safepoint: 73957 ns, Total: 207445 ns
[2020-10-31T11:30:16.007+0000][info][gc,start     ] GC(110) Concurrent update references
[2020-10-31T11:30:16.007+0000][info][gc,task      ] GC(110) Using 1 of 1 workers for concurrent reference update
[2020-10-31T11:30:16.262+0000][info][gc           ] GC(110) Concurrent update references 3678M->3730M(4096M) 254.801ms
[2020-10-31T11:30:16.262+0000][info][gc,start     ] GC(110) Pause Final Update Refs
[2020-10-31T11:30:16.262+0000][info][gc,task      ] GC(110) Using 1 of 1 workers for final reference update
[2020-10-31T11:30:16.262+0000][info][gc           ] GC(110) Pause Final Update Refs 0.202ms
[2020-10-31T11:30:16.262+0000][info][safepoint    ] Safepoint "ShenandoahFinalUpdateRefs", Time since last: 254885006 ns, Reaching safepoint: 136549 ns, At safepoint: 225616 ns, Total: 362165 ns
[2020-10-31T11:30:16.262+0000][info][gc,start     ] GC(110) Concurrent cleanup
[2020-10-31T11:30:16.262+0000][info][gc           ] GC(110) Concurrent cleanup 3730M->436M(4096M) 0.279ms
[2020-10-31T11:30:16.262+0000][info][gc,ergo      ] Free: 3454M (1727 regions), Max regular: 2048K, Max humongous: 3184640K, External frag: 10%, Internal frag: 0%
[2020-10-31T11:30:16.262+0000][info][gc,ergo      ] Evacuation Reserve: 206M (103 regions), Max regular: 2048K
[2020-10-31T11:30:16.262+0000][info][gc,ergo      ] Pacer for Idle. Initial: 81M, Alloc Tax Rate: 1.0x
[2020-10-31T11:30:17.262+0000][info][safepoint    ] Safepoint "Cleanup", Time since last: 1000079364 ns, Reaching safepoint: 59262 ns, At safepoint: 6117 ns, Total: 65379 ns
[2020-10-31T11:30:18.262+0000][info][safepoint    ] Safepoint "Cleanup", Time since last: 1000109210 ns, Reaching safepoint: 137565 ns, At safepoint: 5653 ns, Total: 143218 ns
[2020-10-31T11:30:19.263+0000][info][safepoint    ] Safepoint "Cleanup", Time since last: 1000112512 ns, Reaching safepoint: 141767 ns, At safepoint: 5064 ns, Total: 146831 ns
[2020-10-31T11:30:20.263+0000][info][safepoint    ] Safepoint "Cleanup", Time since last: 1000110077 ns, Reaching safepoint: 136826 ns, At safepoint: 5082 ns, Total: 141908 ns
[2020-10-31T11:30:21.263+0000][info][safepoint    ] Safepoint "Cleanup", Time since last: 1000108472 ns, Reaching safepoint: 140261 ns, At safepoint: 5167 ns, Total: 145428 ns
[2020-10-31T11:30:22.263+0000][info][safepoint    ] Safepoint "Cleanup", Time since last: 1000103395 ns, Reaching safepoint: 135412 ns, At safepoint: 5929 ns, Total: 141341 ns
[2020-10-31T11:30:23.264+0000][info][safepoint    ] Safepoint "Cleanup", Time since last: 1000110377 ns, Reaching safepoint: 137696 ns, At safepoint: 5169 ns, Total: 142865 ns
[2020-10-31T11:30:24.264+0000][info][safepoint    ] Safepoint "Cleanup", Time since last: 1000109274 ns, Reaching safepoint: 139642 ns, At safepoint: 6966 ns, Total: 146608 ns
[2020-10-31T11:30:25.264+0000][info][safepoint    ] Safepoint "Cleanup", Time since last: 1000107667 ns, Reaching safepoint: 141353 ns, At safepoint: 5280 ns, Total: 146633 ns
[2020-10-31T11:30:25.758+0000][info][gc           ] Trigger: Free (408M) is below minimum threshold (409M)
[2020-10-31T11:30:25.758+0000][info][gc,ergo      ] Free: 408M (204 regions), Max regular: 2048K, Max humongous: 165888K, External frag: 61%, Internal frag: 0%
[2020-10-31T11:30:25.758+0000][info][gc,ergo      ] Evacuation Reserve: 206M (103 regions), Max regular: 2048K
[2020-10-31T11:30:25.758+0000][info][gc,start     ] GC(111) Concurrent reset
[2020-10-31T11:30:25.758+0000][info][gc,task      ] GC(111) Using 1 of 1 workers for concurrent reset
[2020-10-31T11:30:25.767+0000][info][gc           ] GC(111) Concurrent reset 3482M->3484M(4096M) 8.972ms
[2020-10-31T11:30:25.767+0000][info][gc,start     ] GC(111) Pause Init Mark
[2020-10-31T11:30:25.767+0000][info][gc,task      ] GC(111) Using 1 of 1 workers for init marking
[2020-10-31T11:30:25.768+0000][info][gc,ergo      ] GC(111) Pacer for Mark. Expected Live: 116M, Free: 406M, Non-Taxable: 40M, Alloc Tax Rate: 1.1x
[2020-10-31T11:30:25.768+0000][info][gc           ] GC(111) Pause Init Mark 0.480ms
[2020-10-31T11:30:25.768+0000][info][safepoint    ] Safepoint "ShenandoahInitMark", Time since last: 502828483 ns, Reaching safepoint: 134173 ns, At safepoint: 500178 ns, Total: 634351 ns
[2020-10-31T11:30:25.768+0000][info][gc,start     ] GC(111) Concurrent marking
[2020-10-31T11:30:25.768+0000][info][gc,task      ] GC(111) Using 1 of 1 workers for concurrent marking
[2020-10-31T11:30:25.941+0000][info][gc           ] GC(111) Concurrent marking 3486M->3528M(4096M) 173.750ms
[2020-10-31T11:30:25.942+0000][info][gc,start     ] GC(111) Pause Final Mark
[2020-10-31T11:30:25.942+0000][info][gc,task      ] GC(111) Using 1 of 1 workers for final marking
[2020-10-31T11:30:25.942+0000][info][gc,ergo      ] GC(111) Adaptive CSet Selection. Target Free: 409M, Actual Free: 756M, Max CSet: 170M, Min Garbage: 0M
[2020-10-31T11:30:25.942+0000][info][gc,ergo      ] GC(111) Collectable Garbage: 3246M (94% of total), 43M CSet, 1645 CSet regions
[2020-10-31T11:30:25.942+0000][info][gc,ergo      ] GC(111) Immediate Garbage: 188M (5% of total), 94 regions
[2020-10-31T11:30:25.943+0000][info][gc,ergo      ] GC(111) Pacer for Evacuation. Used CSet: 3290M, Free: 550M, Non-Taxable: 55M, Alloc Tax Rate: 14.6x
[2020-10-31T11:30:25.943+0000][info][gc           ] GC(111) Pause Final Mark 1.420ms
[2020-10-31T11:30:25.943+0000][info][safepoint    ] Safepoint "ShenandoahFinalMarkStartEvac", Time since last: 173844830 ns, Reaching safepoint: 65774 ns, At safepoint: 1436978 ns, Total: 1502752 ns
[2020-10-31T11:30:25.943+0000][info][gc,start     ] GC(111) Concurrent cleanup
[2020-10-31T11:30:25.943+0000][info][gc           ] GC(111) Concurrent cleanup 3526M->3340M(4096M) 0.166ms
[2020-10-31T11:30:25.943+0000][info][gc,ergo      ] GC(111) Free: 550M (275 regions), Max regular: 2048K, Max humongous: 358400K, External frag: 37%, Internal frag: 0%
[2020-10-31T11:30:25.943+0000][info][gc,ergo      ] GC(111) Evacuation Reserve: 205M (103 regions), Max regular: 2048K
[2020-10-31T11:30:25.943+0000][info][gc,start     ] GC(111) Concurrent evacuation
[2020-10-31T11:30:25.943+0000][info][gc,task      ] GC(111) Using 1 of 1 workers for concurrent evacuation
[2020-10-31T11:30:26.024+0000][info][gc           ] GC(111) Concurrent evacuation 3340M->3404M(4096M) 80.604ms
[2020-10-31T11:30:26.024+0000][info][gc,start     ] GC(111) Pause Init Update Refs
[2020-10-31T11:30:26.024+0000][info][gc,ergo      ] GC(111) Pacer for Update Refs. Used: 3404M, Free: 530M, Non-Taxable: 53M, Alloc Tax Rate: 7.8x
[2020-10-31T11:30:26.024+0000][info][gc           ] GC(111) Pause Init Update Refs 0.054ms
[2020-10-31T11:30:26.024+0000][info][safepoint    ] Safepoint "ShenandoahInitUpdateRefs", Time since last: 80877999 ns, Reaching safepoint: 140980 ns, At safepoint: 71504 ns, Total: 212484 ns
[2020-10-31T11:30:26.024+0000][info][gc,start     ] GC(111) Concurrent update references
[2020-10-31T11:30:26.024+0000][info][gc,task      ] GC(111) Using 1 of 1 workers for concurrent reference update
[2020-10-31T11:30:26.147+0000][info][gc           ] GC(111) Concurrent update references 3404M->3438M(4096M) 122.738ms
[2020-10-31T11:30:26.147+0000][info][gc,start     ] GC(111) Pause Final Update Refs
[2020-10-31T11:30:26.147+0000][info][gc,task      ] GC(111) Using 1 of 1 workers for final reference update
[2020-10-31T11:30:26.147+0000][info][gc           ] GC(111) Pause Final Update Refs 0.187ms
[2020-10-31T11:30:26.147+0000][info][safepoint    ] Safepoint "ShenandoahFinalUpdateRefs", Time since last: 122816814 ns, Reaching safepoint: 141229 ns, At safepoint: 208199 ns, Total: 349428 ns
[2020-10-31T11:30:26.147+0000][info][gc,start     ] GC(111) Concurrent cleanup
[2020-10-31T11:30:26.148+0000][info][gc           ] GC(111) Concurrent cleanup 3438M->148M(4096M) 0.315ms
[2020-10-31T11:30:26.148+0000][info][gc,ergo      ] Free: 3742M (1871 regions), Max regular: 2048K, Max humongous: 3121152K, External frag: 19%, Internal frag: 0%
[2020-10-31T11:30:26.148+0000][info][gc,ergo      ] Evacuation Reserve: 206M (103 regions), Max regular: 2048K
[2020-10-31T11:30:26.148+0000][info][gc,ergo      ] Pacer for Idle. Initial: 81M, Alloc Tax Rate: 1.0x
[2020-10-31T11:30:27.148+0000][info][safepoint    ] Safepoint "Cleanup", Time since last: 1000072072 ns, Reaching safepoint: 133142 ns, At safepoint: 5801 ns, Total: 138943 ns
[2020-10-31T11:30:28.148+0000][info][safepoint    ] Safepoint "Cleanup", Time since last: 1000107657 ns, Reaching safepoint: 134033 ns, At safepoint: 5850 ns, Total: 139883 ns
[2020-10-31T11:30:29.148+0000][info][safepoint    ] Safepoint "Cleanup", Time since last: 1000104268 ns, Reaching safepoint: 139840 ns, At safepoint: 6862 ns, Total: 146702 ns
[2020-10-31T11:30:30.148+0000][info][safepoint    ] Safepoint "Cleanup", Time since last: 1000122548 ns, Reaching safepoint: 142623 ns, At safepoint: 5149 ns, Total: 147772 ns
[2020-10-31T11:30:31.149+0000][info][safepoint    ] Safepoint "Cleanup", Time since last: 1000109971 ns, Reaching safepoint: 152336 ns, At safepoint: 5151 ns, Total: 157487 ns
[2020-10-31T11:30:32.149+0000][info][safepoint    ] Safepoint "Cleanup", Time since last: 1000104333 ns, Reaching safepoint: 58691 ns, At safepoint: 6225 ns, Total: 64916 ns
[2020-10-31T11:30:33.149+0000][info][safepoint    ] Safepoint "Cleanup", Time since last: 1000107584 ns, Reaching safepoint: 137657 ns, At safepoint: 5448 ns, Total: 143105 ns
[2020-10-31T11:30:34.149+0000][info][safepoint    ] Safepoint "Cleanup", Time since last: 1000106288 ns, Reaching safepoint: 135984 ns, At safepoint: 3180 ns, Total: 139164 ns
[2020-10-31T11:30:35.150+0000][info][safepoint    ] Safepoint "Cleanup", Time since last: 1000979738 ns, Reaching safepoint: 125633 ns, At safepoint: 5228 ns, Total: 130861 ns
[2020-10-31T11:30:36.151+0000][info][safepoint    ] Safepoint "Cleanup", Time since last: 1000104437 ns, Reaching safepoint: 135775 ns, At safepoint: 3133 ns, Total: 138908 ns
[2020-10-31T11:30:36.442+0000][info][gc           ] Trigger: Free (408M) is below minimum threshold (409M)
[2020-10-31T11:30:36.442+0000][info][gc,ergo      ] Free: 408M (204 regions), Max regular: 2048K, Max humongous: 415744K, External frag: 1%, Internal frag: 0%
[2020-10-31T11:30:36.442+0000][info][gc,ergo      ] Evacuation Reserve: 206M (103 regions), Max regular: 2048K
[2020-10-31T11:30:36.442+0000][info][gc,start     ] GC(112) Concurrent reset
[2020-10-31T11:30:36.442+0000][info][gc,task      ] GC(112) Using 1 of 1 workers for concurrent reset
[2020-10-31T11:30:36.450+0000][info][gc           ] GC(112) Concurrent reset 3482M->3482M(4096M) 8.556ms
[2020-10-31T11:30:36.450+0000][info][gc,start     ] GC(112) Pause Init Mark
[2020-10-31T11:30:36.450+0000][info][gc,task      ] GC(112) Using 1 of 1 workers for init marking
[2020-10-31T11:30:36.451+0000][info][gc,ergo      ] GC(112) Pacer for Mark. Expected Live: 116M, Free: 408M, Non-Taxable: 40M, Alloc Tax Rate: 1.0x
[2020-10-31T11:30:36.451+0000][info][gc           ] GC(112) Pause Init Mark 0.497ms
[2020-10-31T11:30:36.451+0000][info][safepoint    ] Safepoint "ShenandoahInitMark", Time since last: 299649873 ns, Reaching safepoint: 144978 ns, At safepoint: 516450 ns, Total: 661428 ns
[2020-10-31T11:30:36.451+0000][info][gc,start     ] GC(112) Concurrent marking
[2020-10-31T11:30:36.451+0000][info][gc,task      ] GC(112) Using 1 of 1 workers for concurrent marking
[2020-10-31T11:30:36.690+0000][info][gc           ] GC(112) Concurrent marking 3484M->3552M(4096M) 239.044ms
[2020-10-31T11:30:36.690+0000][info][gc,start     ] GC(112) Pause Final Mark
[2020-10-31T11:30:36.690+0000][info][gc,task      ] GC(112) Using 1 of 1 workers for final marking
[2020-10-31T11:30:36.691+0000][info][gc,ergo      ] GC(112) Adaptive CSet Selection. Target Free: 409M, Actual Free: 544M, Max CSet: 170M, Min Garbage: 0M
[2020-10-31T11:30:36.691+0000][info][gc,ergo      ] GC(112) Collectable Garbage: 3386M (99% of total), 45M CSet, 1716 CSet regions
[2020-10-31T11:30:36.691+0000][info][gc,ergo      ] GC(112) Immediate Garbage: 0M (0% of total), 0 regions
[2020-10-31T11:30:36.692+0000][info][gc,ergo      ] GC(112) Pacer for Evacuation. Used CSet: 3432M, Free: 338M, Non-Taxable: 33M, Alloc Tax Rate: 24.8x
[2020-10-31T11:30:36.692+0000][info][gc           ] GC(112) Pause Final Mark 1.423ms
[2020-10-31T11:30:36.692+0000][info][safepoint    ] Safepoint "ShenandoahFinalMarkStartEvac", Time since last: 239135188 ns, Reaching safepoint: 140591 ns, At safepoint: 1445766 ns, Total: 1586357 ns
[2020-10-31T11:30:36.692+0000][info][gc,start     ] GC(112) Concurrent cleanup
[2020-10-31T11:30:36.692+0000][info][gc           ] GC(112) Concurrent cleanup 3554M->3556M(4096M) 0.181ms
[2020-10-31T11:30:36.692+0000][info][gc,ergo      ] GC(112) Free: 334M (167 regions), Max regular: 2048K, Max humongous: 339968K, External frag: 1%, Internal frag: 0%
[2020-10-31T11:30:36.692+0000][info][gc,ergo      ] GC(112) Evacuation Reserve: 206M (103 regions), Max regular: 2048K
[2020-10-31T11:30:36.692+0000][info][gc,start     ] GC(112) Concurrent evacuation
[2020-10-31T11:30:36.692+0000][info][gc,task      ] GC(112) Using 1 of 1 workers for concurrent evacuation
[2020-10-31T11:30:36.777+0000][info][gc           ] GC(112) Concurrent evacuation 3556M->3622M(4096M) 85.169ms
[2020-10-31T11:30:36.777+0000][info][gc,start     ] GC(112) Pause Init Update Refs
[2020-10-31T11:30:36.777+0000][info][gc,ergo      ] GC(112) Pacer for Update Refs. Used: 3622M, Free: 314M, Non-Taxable: 31M, Alloc Tax Rate: 14.1x
[2020-10-31T11:30:36.777+0000][info][gc           ] GC(112) Pause Init Update Refs 0.052ms
[2020-10-31T11:30:36.777+0000][info][safepoint    ] Safepoint "ShenandoahInitUpdateRefs", Time since last: 85490859 ns, Reaching safepoint: 144109 ns, At safepoint: 70844 ns, Total: 214953 ns
[2020-10-31T11:30:36.777+0000][info][gc,start     ] GC(112) Concurrent update references
[2020-10-31T11:30:36.777+0000][info][gc,task      ] GC(112) Using 1 of 1 workers for concurrent reference update
[2020-10-31T11:30:36.946+0000][info][gc           ] GC(112) Concurrent update references 3624M->3666M(4096M) 168.279ms
[2020-10-31T11:30:36.946+0000][info][gc,start     ] GC(112) Pause Final Update Refs
[2020-10-31T11:30:36.946+0000][info][gc,task      ] GC(112) Using 1 of 1 workers for final reference update
[2020-10-31T11:30:36.946+0000][info][gc           ] GC(112) Pause Final Update Refs 0.187ms
[2020-10-31T11:30:36.946+0000][info][safepoint    ] Safepoint "ShenandoahFinalUpdateRefs", Time since last: 168358369 ns, Reaching safepoint: 140294 ns, At safepoint: 208512 ns, Total: 348806 ns
[2020-10-31T11:30:36.946+0000][info][gc,start     ] GC(112) Concurrent cleanup
[2020-10-31T11:30:36.946+0000][info][gc           ] GC(112) Concurrent cleanup 3666M->234M(4096M) 0.315ms
[2020-10-31T11:30:36.946+0000][info][gc,ergo      ] Free: 3656M (1828 regions), Max regular: 2048K, Max humongous: 3514368K, External frag: 7%, Internal frag: 0%
[2020-10-31T11:30:36.946+0000][info][gc,ergo      ] Evacuation Reserve: 206M (103 regions), Max regular: 2048K
[2020-10-31T11:30:36.946+0000][info][gc,ergo      ] Pacer for Idle. Initial: 81M, Alloc Tax Rate: 1.0x
[2020-10-31T11:30:37.946+0000][info][safepoint    ] Safepoint "Cleanup", Time since last: 1000083176 ns, Reaching safepoint: 136498 ns, At safepoint: 5362 ns, Total: 141860 ns
[2020-10-31T11:30:38.947+0000][info][safepoint    ] Safepoint "Cleanup", Time since last: 1000109511 ns, Reaching safepoint: 140447 ns, At safepoint: 5073 ns, Total: 145520 ns
[2020-10-31T11:30:39.947+0000][info][safepoint    ] Safepoint "Cleanup", Time since last: 1000104943 ns, Reaching safepoint: 141876 ns, At safepoint: 6376 ns, Total: 148252 ns
[2020-10-31T11:30:40.947+0000][info][safepoint    ] Safepoint "Cleanup", Time since last: 1000107670 ns, Reaching safepoint: 138149 ns, At safepoint: 5251 ns, Total: 143400 ns
[2020-10-31T11:30:41.947+0000][info][safepoint    ] Safepoint "Cleanup", Time since last: 1000084292 ns, Reaching safepoint: 136496 ns, At safepoint: 5691 ns, Total: 142187 ns
[2020-10-31T11:30:42.947+0000][info][safepoint    ] Safepoint "Cleanup", Time since last: 1000105232 ns, Reaching safepoint: 135905 ns, At safepoint: 5652 ns, Total: 141557 ns
[2020-10-31T11:30:43.948+0000][info][safepoint    ] Safepoint "Cleanup", Time since last: 1000108260 ns, Reaching safepoint: 138077 ns, At safepoint: 6706 ns, Total: 144783 ns
[2020-10-31T11:30:44.948+0000][info][safepoint    ] Safepoint "Cleanup", Time since last: 1000109250 ns, Reaching safepoint: 143401 ns, At safepoint: 5101 ns, Total: 148502 ns
[2020-10-31T11:30:45.948+0000][info][safepoint    ] Safepoint "Cleanup", Time since last: 1000105654 ns, Reaching safepoint: 74557 ns, At safepoint: 3933 ns, Total: 78490 ns
[2020-10-31T11:30:46.948+0000][info][safepoint    ] Safepoint "Cleanup", Time since last: 1000102510 ns, Reaching safepoint: 135473 ns, At safepoint: 5304 ns, Total: 140777 ns
[2020-10-31T11:30:46.978+0000][info][gc           ] Trigger: Free (408M) is below minimum threshold (409M)
[2020-10-31T11:30:46.978+0000][info][gc,ergo      ] Free: 408M (204 regions), Max regular: 2048K, Max humongous: 227328K, External frag: 46%, Internal frag: 0%
[2020-10-31T11:30:46.978+0000][info][gc,ergo      ] Evacuation Reserve: 206M (103 regions), Max regular: 2048K
[2020-10-31T11:30:46.978+0000][info][gc,start     ] GC(113) Concurrent reset
[2020-10-31T11:30:46.978+0000][info][gc,task      ] GC(113) Using 1 of 1 workers for concurrent reset
[2020-10-31T11:30:46.987+0000][info][gc           ] GC(113) Concurrent reset 3482M->3484M(4096M) 9.073ms
[2020-10-31T11:30:46.987+0000][info][gc,start     ] GC(113) Pause Init Mark
[2020-10-31T11:30:46.987+0000][info][gc,task      ] GC(113) Using 1 of 1 workers for init marking
[2020-10-31T11:30:46.988+0000][info][gc,ergo      ] GC(113) Pacer for Mark. Expected Live: 116M, Free: 406M, Non-Taxable: 40M, Alloc Tax Rate: 1.1x
[2020-10-31T11:30:46.988+0000][info][gc           ] GC(113) Pause Init Mark 0.492ms
[2020-10-31T11:30:46.988+0000][info][safepoint    ] Safepoint "ShenandoahInitMark", Time since last: 38787497 ns, Reaching safepoint: 141282 ns, At safepoint: 511215 ns, Total: 652497 ns
[2020-10-31T11:30:46.988+0000][info][gc,start     ] GC(113) Concurrent marking
[2020-10-31T11:30:46.988+0000][info][gc,task      ] GC(113) Using 1 of 1 workers for concurrent marking
[2020-10-31T11:30:47.271+0000][info][gc           ] GC(113) Concurrent marking 3486M->3558M(4096M) 283.051ms
[2020-10-31T11:30:47.271+0000][info][gc,start     ] GC(113) Pause Final Mark
[2020-10-31T11:30:47.271+0000][info][gc,task      ] GC(113) Using 1 of 1 workers for final marking
[2020-10-31T11:30:47.272+0000][info][gc,ergo      ] GC(113) Adaptive CSet Selection. Target Free: 409M, Actual Free: 538M, Max CSet: 170M, Min Garbage: 0M
[2020-10-31T11:30:47.272+0000][info][gc,ergo      ] GC(113) Collectable Garbage: 3343M (99% of total), 44M CSet, 1694 CSet regions
[2020-10-31T11:30:47.272+0000][info][gc,ergo      ] GC(113) Immediate Garbage: 0M (0% of total), 0 regions
[2020-10-31T11:30:47.273+0000][info][gc,ergo      ] GC(113) Pacer for Evacuation. Used CSet: 3388M, Free: 332M, Non-Taxable: 33M, Alloc Tax Rate: 24.9x
[2020-10-31T11:30:47.273+0000][info][gc           ] GC(113) Pause Final Mark 1.469ms
[2020-10-31T11:30:47.273+0000][info][safepoint    ] Safepoint "ShenandoahFinalMarkStartEvac", Time since last: 283129342 ns, Reaching safepoint: 138557 ns, At safepoint: 1490234 ns, Total: 1628791 ns
[2020-10-31T11:30:47.273+0000][info][gc,start     ] GC(113) Concurrent cleanup
[2020-10-31T11:30:47.273+0000][info][gc           ] GC(113) Concurrent cleanup 3560M->3562M(4096M) 0.191ms
[2020-10-31T11:30:47.273+0000][info][gc,ergo      ] GC(113) Free: 328M (164 regions), Max regular: 2048K, Max humongous: 227328K, External frag: 33%, Internal frag: 0%
[2020-10-31T11:30:47.273+0000][info][gc,ergo      ] GC(113) Evacuation Reserve: 205M (103 regions), Max regular: 2048K
[2020-10-31T11:30:47.273+0000][info][gc,start     ] GC(113) Concurrent evacuation
[2020-10-31T11:30:47.273+0000][info][gc,task      ] GC(113) Using 1 of 1 workers for concurrent evacuation
[2020-10-31T11:30:47.355+0000][info][gc           ] GC(113) Concurrent evacuation 3562M->3626M(4096M) 82.378ms
[2020-10-31T11:30:47.355+0000][info][gc,start     ] GC(113) Pause Init Update Refs
[2020-10-31T11:30:47.355+0000][info][gc,ergo      ] GC(113) Pacer for Update Refs. Used: 3626M, Free: 310M, Non-Taxable: 31M, Alloc Tax Rate: 14.3x
[2020-10-31T11:30:47.356+0000][info][gc           ] GC(113) Pause Init Update Refs 0.052ms
[2020-10-31T11:30:47.356+0000][info][safepoint    ] Safepoint "ShenandoahInitUpdateRefs", Time since last: 82692960 ns, Reaching safepoint: 141549 ns, At safepoint: 70104 ns, Total: 211653 ns
[2020-10-31T11:30:47.356+0000][info][gc,start     ] GC(113) Concurrent update references
[2020-10-31T11:30:47.356+0000][info][gc,task      ] GC(113) Using 1 of 1 workers for concurrent reference update
[2020-10-31T11:30:47.558+0000][info][gc           ] GC(113) Concurrent update references 3628M->3680M(4096M) 202.753ms
[2020-10-31T11:30:47.558+0000][info][gc,start     ] GC(113) Pause Final Update Refs
[2020-10-31T11:30:47.559+0000][info][gc,task      ] GC(113) Using 1 of 1 workers for final reference update
[2020-10-31T11:30:47.559+0000][info][gc           ] GC(113) Pause Final Update Refs 0.191ms
[2020-10-31T11:30:47.559+0000][info][safepoint    ] Safepoint "ShenandoahFinalUpdateRefs", Time since last: 202833965 ns, Reaching safepoint: 141521 ns, At safepoint: 212412 ns, Total: 353933 ns
[2020-10-31T11:30:47.559+0000][info][gc,start     ] GC(113) Concurrent cleanup
[2020-10-31T11:30:47.559+0000][info][gc           ] GC(113) Concurrent cleanup 3680M->292M(4096M) 0.306ms
[2020-10-31T11:30:47.559+0000][info][gc,ergo      ] Free: 3598M (1799 regions), Max regular: 2048K, Max humongous: 3328000K, External frag: 10%, Internal frag: 0%
[2020-10-31T11:30:47.559+0000][info][gc,ergo      ] Evacuation Reserve: 206M (103 regions), Max regular: 2048K
[2020-10-31T11:30:47.559+0000][info][gc,ergo      ] Pacer for Idle. Initial: 81M, Alloc Tax Rate: 1.0x
[2020-10-31T11:30:48.559+0000][info][safepoint    ] Safepoint "Cleanup", Time since last: 1000078805 ns, Reaching safepoint: 138034 ns, At safepoint: 3212 ns, Total: 141246 ns
[2020-10-31T11:30:49.559+0000][info][safepoint    ] Safepoint "Cleanup", Time since last: 1000106899 ns, Reaching safepoint: 134878 ns, At safepoint: 5689 ns, Total: 140567 ns
[2020-10-31T11:30:50.559+0000][info][safepoint    ] Safepoint "Cleanup", Time since last: 1000104678 ns, Reaching safepoint: 140573 ns, At safepoint: 5080 ns, Total: 145653 ns
[2020-10-31T11:30:51.560+0000][info][safepoint    ] Safepoint "Cleanup", Time since last: 1000103752 ns, Reaching safepoint: 141986 ns, At safepoint: 5229 ns, Total: 147215 ns
[2020-10-31T11:30:52.560+0000][info][safepoint    ] Safepoint "Cleanup", Time since last: 1000106749 ns, Reaching safepoint: 61788 ns, At safepoint: 3312 ns, Total: 65100 ns
[2020-10-31T11:30:53.560+0000][info][safepoint    ] Safepoint "Cleanup", Time since last: 1000115691 ns, Reaching safepoint: 140327 ns, At safepoint: 5414 ns, Total: 145741 ns
[2020-10-31T11:30:54.560+0000][info][safepoint    ] Safepoint "Cleanup", Time since last: 1000108741 ns, Reaching safepoint: 140103 ns, At safepoint: 5197 ns, Total: 145300 ns
[2020-10-31T11:30:55.561+0000][info][safepoint    ] Safepoint "Cleanup", Time since last: 1000109685 ns, Reaching safepoint: 136943 ns, At safepoint: 5661 ns, Total: 142604 ns
[2020-10-31T11:30:56.561+0000][info][safepoint    ] Safepoint "Cleanup", Time since last: 1000104967 ns, Reaching safepoint: 137798 ns, At safepoint: 5741 ns, Total: 143539 ns
[2020-10-31T11:30:57.414+0000][info][gc           ] Trigger: Free (408M) is below minimum threshold (409M)
[2020-10-31T11:30:57.414+0000][info][gc,ergo      ] Free: 408M (204 regions), Max regular: 2048K, Max humongous: 354304K, External frag: 16%, Internal frag: 0%
[2020-10-31T11:30:57.414+0000][info][gc,ergo      ] Evacuation Reserve: 206M (103 regions), Max regular: 2048K
[2020-10-31T11:30:57.414+0000][info][gc,start     ] GC(114) Concurrent reset
[2020-10-31T11:30:57.414+0000][info][gc,task      ] GC(114) Using 1 of 1 workers for concurrent reset
[2020-10-31T11:30:57.423+0000][info][gc           ] GC(114) Concurrent reset 3482M->3482M(4096M) 9.005ms
[2020-10-31T11:30:57.423+0000][info][gc,start     ] GC(114) Pause Init Mark
[2020-10-31T11:30:57.423+0000][info][gc,task      ] GC(114) Using 1 of 1 workers for init marking
[2020-10-31T11:30:57.424+0000][info][gc,ergo      ] GC(114) Pacer for Mark. Expected Live: 116M, Free: 408M, Non-Taxable: 40M, Alloc Tax Rate: 1.0x
[2020-10-31T11:30:57.424+0000][info][gc           ] GC(114) Pause Init Mark 0.493ms
[2020-10-31T11:30:57.424+0000][info][safepoint    ] Safepoint "ShenandoahInitMark", Time since last: 862388488 ns, Reaching safepoint: 144317 ns, At safepoint: 513235 ns, Total: 657552 ns
[2020-10-31T11:30:57.424+0000][info][gc,start     ] GC(114) Concurrent marking
[2020-10-31T11:30:57.424+0000][info][gc,task      ] GC(114) Using 1 of 1 workers for concurrent marking
[2020-10-31T11:30:57.765+0000][info][gc           ] GC(114) Concurrent marking 3482M->3576M(4096M) 341.043ms
[2020-10-31T11:30:57.765+0000][info][gc,start     ] GC(114) Pause Final Mark
[2020-10-31T11:30:57.765+0000][info][gc,task      ] GC(114) Using 1 of 1 workers for final marking
[2020-10-31T11:30:57.766+0000][info][gc,ergo      ] GC(114) Adaptive CSet Selection. Target Free: 409M, Actual Free: 520M, Max CSet: 170M, Min Garbage: 0M
[2020-10-31T11:30:57.766+0000][info][gc,ergo      ] GC(114) Collectable Garbage: 3297M (99% of total), 44M CSet, 1671 CSet regions
[2020-10-31T11:30:57.766+0000][info][gc,ergo      ] GC(114) Immediate Garbage: 0M (0% of total), 0 regions
[2020-10-31T11:30:57.767+0000][info][gc,ergo      ] GC(114) Pacer for Evacuation. Used CSet: 3342M, Free: 314M, Non-Taxable: 31M, Alloc Tax Rate: 26.0x
[2020-10-31T11:30:57.767+0000][info][gc           ] GC(114) Pause Final Mark 1.391ms
[2020-10-31T11:30:57.767+0000][info][safepoint    ] Safepoint "ShenandoahFinalMarkStartEvac", Time since last: 341124870 ns, Reaching safepoint: 143724 ns, At safepoint: 1414205 ns, Total: 1557929 ns
[2020-10-31T11:30:57.767+0000][info][gc,start     ] GC(114) Concurrent cleanup
[2020-10-31T11:30:57.767+0000][info][gc           ] GC(114) Concurrent cleanup 3578M->3580M(4096M) 0.176ms
[2020-10-31T11:30:57.767+0000][info][gc,ergo      ] GC(114) Free: 310M (155 regions), Max regular: 2048K, Max humongous: 315392K, External frag: 1%, Internal frag: 0%
[2020-10-31T11:30:57.767+0000][info][gc,ergo      ] GC(114) Evacuation Reserve: 206M (103 regions), Max regular: 2048K
[2020-10-31T11:30:57.767+0000][info][gc,start     ] GC(114) Concurrent evacuation
[2020-10-31T11:30:57.767+0000][info][gc,task      ] GC(114) Using 1 of 1 workers for concurrent evacuation
[2020-10-31T11:30:57.850+0000][info][gc           ] GC(114) Concurrent evacuation 3580M->3646M(4096M) 83.210ms
[2020-10-31T11:30:57.850+0000][info][gc,start     ] GC(114) Pause Init Update Refs
[2020-10-31T11:30:57.850+0000][info][gc,ergo      ] GC(114) Pacer for Update Refs. Used: 3646M, Free: 290M, Non-Taxable: 29M, Alloc Tax Rate: 15.4x
[2020-10-31T11:30:57.850+0000][info][gc           ] GC(114) Pause Init Update Refs 0.053ms
[2020-10-31T11:30:57.850+0000][info][safepoint    ] Safepoint "ShenandoahInitUpdateRefs", Time since last: 83509361 ns, Reaching safepoint: 141413 ns, At safepoint: 72201 ns, Total: 213614 ns
[2020-10-31T11:30:57.850+0000][info][gc,start     ] GC(114) Concurrent update references
[2020-10-31T11:30:57.850+0000][info][gc,task      ] GC(114) Using 1 of 1 workers for concurrent reference update
[2020-10-31T11:30:58.121+0000][info][gc           ] GC(114) Concurrent update references 3648M->3714M(4096M) 271.018ms
[2020-10-31T11:30:58.121+0000][info][gc,start     ] GC(114) Pause Final Update Refs
[2020-10-31T11:30:58.121+0000][info][gc,task      ] GC(114) Using 1 of 1 workers for final reference update
[2020-10-31T11:30:58.122+0000][info][gc           ] GC(114) Pause Final Update Refs 0.191ms
[2020-10-31T11:30:58.122+0000][info][safepoint    ] Safepoint "ShenandoahFinalUpdateRefs", Time since last: 271098279 ns, Reaching safepoint: 69530 ns, At safepoint: 212400 ns, Total: 281930 ns
[2020-10-31T11:30:58.122+0000][info][gc,start     ] GC(114) Concurrent cleanup
[2020-10-31T11:30:58.122+0000][info][gc           ] GC(114) Concurrent cleanup 3714M->372M(4096M) 0.310ms
[2020-10-31T11:30:58.122+0000][info][gc,ergo      ] Free: 3518M (1759 regions), Max regular: 2048K, Max humongous: 3266560K, External frag: 10%, Internal frag: 0%
[2020-10-31T11:30:58.122+0000][info][gc,ergo      ] Evacuation Reserve: 206M (103 regions), Max regular: 2048K
[2020-10-31T11:30:58.122+0000][info][gc,ergo      ] Pacer for Idle. Initial: 81M, Alloc Tax Rate: 1.0x
[2020-10-31T11:30:59.122+0000][info][safepoint    ] Safepoint "Cleanup", Time since last: 1000081493 ns, Reaching safepoint: 138882 ns, At safepoint: 3372 ns, Total: 142254 ns
[2020-10-31T11:31:00.122+0000][info][safepoint    ] Safepoint "Cleanup", Time since last: 1000109548 ns, Reaching safepoint: 130637 ns, At safepoint: 6255 ns, Total: 136892 ns
[2020-10-31T11:31:01.122+0000][info][safepoint    ] Safepoint "Cleanup", Time since last: 1000116230 ns, Reaching safepoint: 129730 ns, At safepoint: 5227 ns, Total: 134957 ns
[2020-10-31T11:31:02.123+0000][info][safepoint    ] Safepoint "Cleanup", Time since last: 1000106266 ns, Reaching safepoint: 138338 ns, At safepoint: 5142 ns, Total: 143480 ns
[2020-10-31T11:31:03.123+0000][info][safepoint    ] Safepoint "Cleanup", Time since last: 1000108423 ns, Reaching safepoint: 138106 ns, At safepoint: 5229 ns, Total: 143335 ns
[2020-10-31T11:31:04.123+0000][info][safepoint    ] Safepoint "Cleanup", Time since last: 1000102332 ns, Reaching safepoint: 118932 ns, At safepoint: 6162 ns, Total: 125094 ns
[2020-10-31T11:31:05.123+0000][info][safepoint    ] Safepoint "Cleanup", Time since last: 1000105969 ns, Reaching safepoint: 135747 ns, At safepoint: 5946 ns, Total: 141693 ns
[2020-10-31T11:31:06.124+0000][info][safepoint    ] Safepoint "Cleanup", Time since last: 1000105978 ns, Reaching safepoint: 139112 ns, At safepoint: 5926 ns, Total: 145038 ns
[2020-10-31T11:31:07.124+0000][info][safepoint    ] Safepoint "Cleanup", Time since last: 1000108284 ns, Reaching safepoint: 143770 ns, At safepoint: 8090 ns, Total: 151860 ns
[2020-10-31T11:31:07.740+0000][info][gc           ] Trigger: Free (408M) is below minimum threshold (409M)
[2020-10-31T11:31:07.740+0000][info][gc,ergo      ] Free: 408M (204 regions), Max regular: 2048K, Max humongous: 180224K, External frag: 57%, Internal frag: 0%
[2020-10-31T11:31:07.740+0000][info][gc,ergo      ] Evacuation Reserve: 206M (103 regions), Max regular: 2048K
[2020-10-31T11:31:07.740+0000][info][gc,start     ] GC(115) Concurrent reset
[2020-10-31T11:31:07.740+0000][info][gc,task      ] GC(115) Using 1 of 1 workers for concurrent reset
[2020-10-31T11:31:07.749+0000][info][gc           ] GC(115) Concurrent reset 3482M->3484M(4096M) 9.199ms
[2020-10-31T11:31:07.749+0000][info][gc,start     ] GC(115) Pause Init Mark (process weakrefs)
[2020-10-31T11:31:07.749+0000][info][gc,task      ] GC(115) Using 1 of 1 workers for init marking
[2020-10-31T11:31:07.750+0000][info][gc,ergo      ] GC(115) Pacer for Mark. Expected Live: 116M, Free: 406M, Non-Taxable: 40M, Alloc Tax Rate: 1.1x
[2020-10-31T11:31:07.750+0000][info][gc           ] GC(115) Pause Init Mark (process weakrefs) 0.493ms
[2020-10-31T11:31:07.750+0000][info][safepoint    ] Safepoint "ShenandoahInitMark", Time since last: 625111355 ns, Reaching safepoint: 141487 ns, At safepoint: 513572 ns, Total: 655059 ns
[2020-10-31T11:31:07.750+0000][info][gc,start     ] GC(115) Concurrent marking (process weakrefs)
[2020-10-31T11:31:07.750+0000][info][gc,task      ] GC(115) Using 1 of 1 workers for concurrent marking
[2020-10-31T11:31:08.180+0000][info][gc           ] GC(115) Concurrent marking (process weakrefs) 3484M->3592M(4096M) 430.323ms
[2020-10-31T11:31:08.180+0000][info][gc,start     ] GC(115) Concurrent precleaning
[2020-10-31T11:31:08.180+0000][info][gc,task      ] GC(115) Using 1 of 1 workers for concurrent preclean
[2020-10-31T11:31:08.276+0000][info][gc           ] GC(115) Concurrent precleaning 3592M->3620M(4096M) 95.866ms
[2020-10-31T11:31:08.276+0000][info][gc,start     ] GC(115) Pause Final Mark (process weakrefs)
[2020-10-31T11:31:08.276+0000][info][gc,task      ] GC(115) Using 1 of 1 workers for final marking
[2020-10-31T11:31:08.358+0000][info][gc,ergo      ] GC(115) Adaptive CSet Selection. Target Free: 409M, Actual Free: 476M, Max CSet: 170M, Min Garbage: 0M
[2020-10-31T11:31:08.359+0000][info][gc,ergo      ] GC(115) Collectable Garbage: 3277M (97% of total), 24M CSet, 1651 CSet regions
[2020-10-31T11:31:08.359+0000][info][gc,ergo      ] GC(115) Immediate Garbage: 0M (0% of total), 0 regions
[2020-10-31T11:31:08.359+0000][info][gc,ergo      ] GC(115) Pacer for Evacuation. Used CSet: 3302M, Free: 270M, Non-Taxable: 27M, Alloc Tax Rate: 29.9x
[2020-10-31T11:31:08.359+0000][info][gc           ] GC(115) Pause Final Mark (process weakrefs) 83.306ms
[2020-10-31T11:31:08.359+0000][info][safepoint    ] Safepoint "ShenandoahFinalMarkStartEvac", Time since last: 526305731 ns, Reaching safepoint: 146877 ns, At safepoint: 83345982 ns, Total: 83492859 ns
[2020-10-31T11:31:08.359+0000][info][gc,start     ] GC(115) Concurrent cleanup
[2020-10-31T11:31:08.360+0000][info][gc           ] GC(115) Concurrent cleanup 3622M->3622M(4096M) 0.234ms
[2020-10-31T11:31:08.360+0000][info][gc,ergo      ] GC(115) Free: 268M (134 regions), Max regular: 2048K, Max humongous: 180224K, External frag: 35%, Internal frag: 0%
[2020-10-31T11:31:08.360+0000][info][gc,ergo      ] GC(115) Evacuation Reserve: 205M (103 regions), Max regular: 2048K
[2020-10-31T11:31:08.360+0000][info][gc,start     ] GC(115) Concurrent evacuation
[2020-10-31T11:31:08.360+0000][info][gc,task      ] GC(115) Using 1 of 1 workers for concurrent evacuation
[2020-10-31T11:31:08.503+0000][info][gc           ] GC(115) Concurrent evacuation 3622M->3672M(4096M) 143.688ms
[2020-10-31T11:31:08.504+0000][info][gc,start     ] GC(115) Pause Init Update Refs
[2020-10-31T11:31:08.504+0000][info][gc,ergo      ] GC(115) Pacer for Update Refs. Used: 3672M, Free: 244M, Non-Taxable: 24M, Alloc Tax Rate: 18.4x
[2020-10-31T11:31:08.504+0000][info][gc           ] GC(115) Pause Init Update Refs 0.055ms
[2020-10-31T11:31:08.504+0000][info][safepoint    ] Safepoint "ShenandoahInitUpdateRefs", Time since last: 144051967 ns, Reaching safepoint: 146534 ns, At safepoint: 76164 ns, Total: 222698 ns
[2020-10-31T11:31:08.504+0000][info][gc,start     ] GC(115) Concurrent update references
[2020-10-31T11:31:08.504+0000][info][gc,task      ] GC(115) Using 1 of 1 workers for concurrent reference update
[2020-10-31T11:31:08.829+0000][info][gc           ] GC(115) Concurrent update references 3672M->3750M(4096M) 325.475ms
[2020-10-31T11:31:08.829+0000][info][gc,start     ] GC(115) Pause Final Update Refs
[2020-10-31T11:31:08.829+0000][info][gc,task      ] GC(115) Using 1 of 1 workers for final reference update
[2020-10-31T11:31:08.830+0000][info][gc           ] GC(115) Pause Final Update Refs 0.189ms
[2020-10-31T11:31:08.830+0000][info][safepoint    ] Safepoint "ShenandoahFinalUpdateRefs", Time since last: 325553800 ns, Reaching safepoint: 147168 ns, At safepoint: 212393 ns, Total: 359561 ns
[2020-10-31T11:31:08.830+0000][info][gc,start     ] GC(115) Concurrent cleanup
[2020-10-31T11:31:08.830+0000][info][gc           ] GC(115) Concurrent cleanup 3750M->448M(4096M) 0.322ms
[2020-10-31T11:31:08.830+0000][info][gc,ergo      ] Free: 3442M (1721 regions), Max regular: 2048K, Max humongous: 3186688K, External frag: 10%, Internal frag: 0%
[2020-10-31T11:31:08.830+0000][info][gc,ergo      ] Evacuation Reserve: 206M (103 regions), Max regular: 2048K
[2020-10-31T11:31:08.830+0000][info][gc,ergo      ] Pacer for Idle. Initial: 81M, Alloc Tax Rate: 1.0x
[2020-10-31T11:31:09.830+0000][info][safepoint    ] Safepoint "Cleanup", Time since last: 1000081006 ns, Reaching safepoint: 62505 ns, At safepoint: 5149 ns, Total: 67654 ns
[2020-10-31T11:31:10.830+0000][info][safepoint    ] Safepoint "Cleanup", Time since last: 1000114193 ns, Reaching safepoint: 65688 ns, At safepoint: 5520 ns, Total: 71208 ns
[2020-10-31T11:31:11.830+0000][info][safepoint    ] Safepoint "Cleanup", Time since last: 1000110044 ns, Reaching safepoint: 59590 ns, At safepoint: 3552 ns, Total: 63142 ns
[2020-10-31T11:31:12.037+0000][info][safepoint    ] Safepoint "RevokeBias", Time since last: 206906455 ns, Reaching safepoint: 126795 ns, At safepoint: 17961 ns, Total: 144756 ns
[2020-10-31T11:31:12.037+0000][info][safepoint    ] Safepoint "RevokeBias", Time since last: 122282 ns, Reaching safepoint: 110276 ns, At safepoint: 12915 ns, Total: 123191 ns
[2020-10-31T11:31:12.488+0000][info][safepoint    ] Safepoint "RevokeBias", Time since last: 449955037 ns, Reaching safepoint: 128410 ns, At safepoint: 18700 ns, Total: 147110 ns
[2020-10-31T11:31:12.929+0000][info][safepoint    ] Safepoint "RevokeBias", Time since last: 441755759 ns, Reaching safepoint: 103240 ns, At safepoint: 12488 ns, Total: 115728 ns
[2020-10-31T11:31:14.162+0000][info][safepoint    ] Safepoint "Cleanup", Time since last: 1231962907 ns, Reaching safepoint: 143138 ns, At safepoint: 5546 ns, Total: 148684 ns
[2020-10-31T11:31:15.162+0000][info][safepoint    ] Safepoint "Cleanup", Time since last: 1000109510 ns, Reaching safepoint: 60189 ns, At safepoint: 5311 ns, Total: 65500 ns
[2020-10-31T11:31:16.162+0000][info][safepoint    ] Safepoint "Cleanup", Time since last: 1000108169 ns, Reaching safepoint: 87614 ns, At safepoint: 6517 ns, Total: 94131 ns
[2020-10-31T11:31:17.162+0000][info][safepoint    ] Safepoint "Cleanup", Time since last: 1000101137 ns, Reaching safepoint: 139114 ns, At safepoint: 5517 ns, Total: 144631 ns
[2020-10-31T11:31:18.162+0000][info][safepoint    ] Safepoint "Cleanup", Time since last: 1000103994 ns, Reaching safepoint: 138122 ns, At safepoint: 5500 ns, Total: 143622 ns
[2020-10-31T11:31:18.261+0000][info][gc           ] Trigger: Free (408M) is below minimum threshold (409M)
[2020-10-31T11:31:18.261+0000][info][gc,ergo      ] Free: 408M (204 regions), Max regular: 2048K, Max humongous: 145408K, External frag: 66%, Internal frag: 0%
[2020-10-31T11:31:18.261+0000][info][gc,ergo      ] Evacuation Reserve: 206M (103 regions), Max regular: 2048K
[2020-10-31T11:31:18.261+0000][info][gc,start     ] GC(116) Concurrent reset
[2020-10-31T11:31:18.261+0000][info][gc,task      ] GC(116) Using 1 of 1 workers for concurrent reset
[2020-10-31T11:31:18.270+0000][info][gc           ] GC(116) Concurrent reset 3482M->3484M(4096M) 8.875ms
[2020-10-31T11:31:18.270+0000][info][gc,start     ] GC(116) Pause Init Mark
[2020-10-31T11:31:18.270+0000][info][gc,task      ] GC(116) Using 1 of 1 workers for init marking
[2020-10-31T11:31:18.270+0000][info][gc,ergo      ] GC(116) Pacer for Mark. Expected Live: 116M, Free: 406M, Non-Taxable: 40M, Alloc Tax Rate: 1.1x
[2020-10-31T11:31:18.270+0000][info][gc           ] GC(116) Pause Init Mark 0.473ms
[2020-10-31T11:31:18.270+0000][info][safepoint    ] Safepoint "ShenandoahInitMark", Time since last: 107188930 ns, Reaching safepoint: 62781 ns, At safepoint: 495809 ns, Total: 558590 ns
[2020-10-31T11:31:18.270+0000][info][gc,start     ] GC(116) Concurrent marking
[2020-10-31T11:31:18.270+0000][info][gc,task      ] GC(116) Using 1 of 1 workers for concurrent marking
[2020-10-31T11:31:18.444+0000][info][gc           ] GC(116) Concurrent marking 3484M->3528M(4096M) 173.589ms
[2020-10-31T11:31:18.444+0000][info][gc,start     ] GC(116) Pause Final Mark
[2020-10-31T11:31:18.444+0000][info][gc,task      ] GC(116) Using 1 of 1 workers for final marking
[2020-10-31T11:31:18.444+0000][info][gc,ergo      ] GC(116) Adaptive CSet Selection. Target Free: 409M, Actual Free: 756M, Max CSet: 170M, Min Garbage: 0M
[2020-10-31T11:31:18.445+0000][info][gc,ergo      ] GC(116) Collectable Garbage: 3246M (94% of total), 43M CSet, 1645 CSet regions
[2020-10-31T11:31:18.445+0000][info][gc,ergo      ] GC(116) Immediate Garbage: 188M (5% of total), 94 regions
[2020-10-31T11:31:18.445+0000][info][gc,ergo      ] GC(116) Pacer for Evacuation. Used CSet: 3290M, Free: 550M, Non-Taxable: 55M, Alloc Tax Rate: 14.6x
[2020-10-31T11:31:18.445+0000][info][gc           ] GC(116) Pause Final Mark 1.485ms
[2020-10-31T11:31:18.445+0000][info][safepoint    ] Safepoint "ShenandoahFinalMarkStartEvac", Time since last: 173665719 ns, Reaching safepoint: 66655 ns, At safepoint: 1502918 ns, Total: 1569573 ns
[2020-10-31T11:31:18.445+0000][info][gc,start     ] GC(116) Concurrent cleanup
[2020-10-31T11:31:18.446+0000][info][gc           ] GC(116) Concurrent cleanup 3526M->3340M(4096M) 0.169ms
[2020-10-31T11:31:18.446+0000][info][gc,ergo      ] GC(116) Free: 550M (275 regions), Max regular: 2048K, Max humongous: 337920K, External frag: 40%, Internal frag: 0%
[2020-10-31T11:31:18.446+0000][info][gc,ergo      ] GC(116) Evacuation Reserve: 205M (103 regions), Max regular: 2048K
[2020-10-31T11:31:18.446+0000][info][gc,start     ] GC(116) Concurrent evacuation
[2020-10-31T11:31:18.446+0000][info][gc,task      ] GC(116) Using 1 of 1 workers for concurrent evacuation
[2020-10-31T11:31:18.526+0000][info][gc           ] GC(116) Concurrent evacuation 3340M->3404M(4096M) 80.301ms
[2020-10-31T11:31:18.526+0000][info][gc,start     ] GC(116) Pause Init Update Refs
[2020-10-31T11:31:18.526+0000][info][gc,ergo      ] GC(116) Pacer for Update Refs. Used: 3404M, Free: 530M, Non-Taxable: 53M, Alloc Tax Rate: 7.8x
[2020-10-31T11:31:18.526+0000][info][gc           ] GC(116) Pause Init Update Refs 0.045ms
[2020-10-31T11:31:18.526+0000][info][safepoint    ] Safepoint "ShenandoahInitUpdateRefs", Time since last: 80563586 ns, Reaching safepoint: 135903 ns, At safepoint: 62176 ns, Total: 198079 ns
[2020-10-31T11:31:18.526+0000][info][gc,start     ] GC(116) Concurrent update references
[2020-10-31T11:31:18.526+0000][info][gc,task      ] GC(116) Using 1 of 1 workers for concurrent reference update
[2020-10-31T11:31:18.649+0000][info][gc           ] GC(116) Concurrent update references 3404M->3438M(4096M) 123.035ms
[2020-10-31T11:31:18.649+0000][info][gc,start     ] GC(116) Pause Final Update Refs
[2020-10-31T11:31:18.649+0000][info][gc,task      ] GC(116) Using 1 of 1 workers for final reference update
[2020-10-31T11:31:18.650+0000][info][gc           ] GC(116) Pause Final Update Refs 0.201ms
[2020-10-31T11:31:18.650+0000][info][safepoint    ] Safepoint "ShenandoahFinalUpdateRefs", Time since last: 123117211 ns, Reaching safepoint: 144885 ns, At safepoint: 222776 ns, Total: 367661 ns
[2020-10-31T11:31:18.650+0000][info][gc,start     ] GC(116) Concurrent cleanup
[2020-10-31T11:31:18.650+0000][info][gc           ] GC(116) Concurrent cleanup 3438M->148M(4096M) 0.318ms
[2020-10-31T11:31:18.650+0000][info][gc,ergo      ] Free: 3742M (1871 regions), Max regular: 2048K, Max humongous: 3108864K, External frag: 19%, Internal frag: 0%
[2020-10-31T11:31:18.650+0000][info][gc,ergo      ] Evacuation Reserve: 206M (103 regions), Max regular: 2048K
[2020-10-31T11:31:18.650+0000][info][gc,ergo      ] Pacer for Idle. Initial: 81M, Alloc Tax Rate: 1.0x
[2020-10-31T11:31:19.650+0000][info][safepoint    ] Safepoint "Cleanup", Time since last: 1000083923 ns, Reaching safepoint: 131798 ns, At safepoint: 5686 ns, Total: 137484 ns
[2020-10-31T11:31:20.650+0000][info][safepoint    ] Safepoint "Cleanup", Time since last: 1000110267 ns, Reaching safepoint: 142008 ns, At safepoint: 5160 ns, Total: 147168 ns
[2020-10-31T11:31:21.650+0000][info][safepoint    ] Safepoint "Cleanup", Time since last: 1000109522 ns, Reaching safepoint: 68124 ns, At safepoint: 4988 ns, Total: 73112 ns
[2020-10-31T11:31:22.651+0000][info][safepoint    ] Safepoint "Cleanup", Time since last: 1000106301 ns, Reaching safepoint: 138012 ns, At safepoint: 5028 ns, Total: 143040 ns
[2020-10-31T11:31:23.651+0000][info][safepoint    ] Safepoint "Cleanup", Time since last: 1000116076 ns, Reaching safepoint: 134664 ns, At safepoint: 5577 ns, Total: 140241 ns
[2020-10-31T11:31:24.651+0000][info][safepoint    ] Safepoint "Cleanup", Time since last: 1000105943 ns, Reaching safepoint: 144750 ns, At safepoint: 5430 ns, Total: 150180 ns
[2020-10-31T11:31:25.651+0000][info][safepoint    ] Safepoint "Cleanup", Time since last: 1000106256 ns, Reaching safepoint: 135954 ns, At safepoint: 3275 ns, Total: 139229 ns
[2020-10-31T11:31:26.652+0000][info][safepoint    ] Safepoint "Cleanup", Time since last: 1000105161 ns, Reaching safepoint: 137254 ns, At safepoint: 3246 ns, Total: 140500 ns
[2020-10-31T11:31:27.652+0000][info][safepoint    ] Safepoint "Cleanup", Time since last: 1000107334 ns, Reaching safepoint: 141872 ns, At safepoint: 5306 ns, Total: 147178 ns
[2020-10-31T11:31:28.652+0000][info][safepoint    ] Safepoint "Cleanup", Time since last: 1000106285 ns, Reaching safepoint: 137370 ns, At safepoint: 5216 ns, Total: 142586 ns
[2020-10-31T11:31:28.918+0000][info][gc           ] Trigger: Average GC time (654.64 ms) is above the time for allocation rate (321.66 MB/s) to deplete free headroom (209M)
[2020-10-31T11:31:28.918+0000][info][gc,ergo      ] Free headroom: 414M (free) - 204M (spike) - 0M (penalties) = 209M
[2020-10-31T11:31:28.918+0000][info][gc,ergo      ] Free: 414M (207 regions), Max regular: 2048K, Max humongous: 421888K, External frag: 1%, Internal frag: 0%
[2020-10-31T11:31:28.918+0000][info][gc,ergo      ] Evacuation Reserve: 206M (103 regions), Max regular: 2048K
[2020-10-31T11:31:28.918+0000][info][gc,start     ] GC(117) Concurrent reset
[2020-10-31T11:31:28.918+0000][info][gc,task      ] GC(117) Using 1 of 1 workers for concurrent reset
[2020-10-31T11:31:28.926+0000][info][gc           ] GC(117) Concurrent reset 3476M->3476M(4096M) 8.524ms
[2020-10-31T11:31:28.927+0000][info][gc,start     ] GC(117) Pause Init Mark
[2020-10-31T11:31:28.927+0000][info][gc,task      ] GC(117) Using 1 of 1 workers for init marking
[2020-10-31T11:31:28.927+0000][info][gc,ergo      ] GC(117) Pacer for Mark. Expected Live: 116M, Free: 414M, Non-Taxable: 41M, Alloc Tax Rate: 1.0x
[2020-10-31T11:31:28.927+0000][info][gc           ] GC(117) Pause Init Mark 0.481ms
[2020-10-31T11:31:28.927+0000][info][safepoint    ] Safepoint "ShenandoahInitMark", Time since last: 274358213 ns, Reaching safepoint: 136932 ns, At safepoint: 500569 ns, Total: 637501 ns
[2020-10-31T11:31:28.927+0000][info][gc,start     ] GC(117) Concurrent marking
[2020-10-31T11:31:28.927+0000][info][gc,task      ] GC(117) Using 1 of 1 workers for concurrent marking
[2020-10-31T11:31:29.156+0000][info][gc           ] GC(117) Concurrent marking 3478M->3536M(4096M) 228.574ms
[2020-10-31T11:31:29.156+0000][info][gc,start     ] GC(117) Pause Final Mark
[2020-10-31T11:31:29.156+0000][info][gc,task      ] GC(117) Using 1 of 1 workers for final marking
[2020-10-31T11:31:29.156+0000][info][gc,ergo      ] GC(117) Adaptive CSet Selection. Target Free: 409M, Actual Free: 560M, Max CSet: 170M, Min Garbage: 0M
[2020-10-31T11:31:29.157+0000][info][gc,ergo      ] GC(117) Collectable Garbage: 3380M (99% of total), 45M CSet, 1713 CSet regions
[2020-10-31T11:31:29.157+0000][info][gc,ergo      ] GC(117) Immediate Garbage: 0M (0% of total), 0 regions
[2020-10-31T11:31:29.157+0000][info][gc,ergo      ] GC(117) Pacer for Evacuation. Used CSet: 3426M, Free: 354M, Non-Taxable: 35M, Alloc Tax Rate: 23.7x
[2020-10-31T11:31:29.157+0000][info][gc           ] GC(117) Pause Final Mark 1.477ms
[2020-10-31T11:31:29.157+0000][info][safepoint    ] Safepoint "ShenandoahFinalMarkStartEvac", Time since last: 228653041 ns, Reaching safepoint: 141572 ns, At safepoint: 1500456 ns, Total: 1642028 ns
[2020-10-31T11:31:29.157+0000][info][gc,start     ] GC(117) Concurrent cleanup
[2020-10-31T11:31:29.158+0000][info][gc           ] GC(117) Concurrent cleanup 3538M->3540M(4096M) 0.191ms
[2020-10-31T11:31:29.158+0000][info][gc,ergo      ] GC(117) Free: 350M (175 regions), Max regular: 2048K, Max humongous: 356352K, External frag: 1%, Internal frag: 0%
[2020-10-31T11:31:29.158+0000][info][gc,ergo      ] GC(117) Evacuation Reserve: 205M (103 regions), Max regular: 2048K
[2020-10-31T11:31:29.158+0000][info][gc,start     ] GC(117) Concurrent evacuation
[2020-10-31T11:31:29.158+0000][info][gc,task      ] GC(117) Using 1 of 1 workers for concurrent evacuation
[2020-10-31T11:31:29.241+0000][info][gc           ] GC(117) Concurrent evacuation 3540M->3606M(4096M) 83.392ms
[2020-10-31T11:31:29.241+0000][info][gc,start     ] GC(117) Pause Init Update Refs
[2020-10-31T11:31:29.241+0000][info][gc,ergo      ] GC(117) Pacer for Update Refs. Used: 3606M, Free: 330M, Non-Taxable: 33M, Alloc Tax Rate: 13.4x
[2020-10-31T11:31:29.241+0000][info][gc           ] GC(117) Pause Init Update Refs 0.047ms
[2020-10-31T11:31:29.241+0000][info][safepoint    ] Safepoint "ShenandoahInitUpdateRefs", Time since last: 83697601 ns, Reaching safepoint: 139926 ns, At safepoint: 64368 ns, Total: 204294 ns
[2020-10-31T11:31:29.241+0000][info][gc,start     ] GC(117) Concurrent update references
[2020-10-31T11:31:29.241+0000][info][gc,task      ] GC(117) Using 1 of 1 workers for concurrent reference update
[2020-10-31T11:31:29.406+0000][info][gc           ] GC(117) Concurrent update references 3608M->3650M(4096M) 165.066ms
[2020-10-31T11:31:29.407+0000][info][gc,start     ] GC(117) Pause Final Update Refs
[2020-10-31T11:31:29.407+0000][info][gc,task      ] GC(117) Using 1 of 1 workers for final reference update
[2020-10-31T11:31:29.407+0000][info][gc           ] GC(117) Pause Final Update Refs 0.202ms
[2020-10-31T11:31:29.407+0000][info][safepoint    ] Safepoint "ShenandoahFinalUpdateRefs", Time since last: 165148023 ns, Reaching safepoint: 141238 ns, At safepoint: 224084 ns, Total: 365322 ns
[2020-10-31T11:31:29.407+0000][info][gc,start     ] GC(117) Concurrent cleanup
[2020-10-31T11:31:29.407+0000][info][gc           ] GC(117) Concurrent cleanup 3650M->224M(4096M) 0.321ms
[2020-10-31T11:31:29.407+0000][info][gc,ergo      ] Free: 3666M (1833 regions), Max regular: 2048K, Max humongous: 3508224K, External frag: 7%, Internal frag: 0%
[2020-10-31T11:31:29.407+0000][info][gc,ergo      ] Evacuation Reserve: 206M (103 regions), Max regular: 2048K
[2020-10-31T11:31:29.407+0000][info][gc,ergo      ] Pacer for Idle. Initial: 81M, Alloc Tax Rate: 1.0x
[2020-10-31T11:31:30.407+0000][info][safepoint    ] Safepoint "Cleanup", Time since last: 1000081055 ns, Reaching safepoint: 138408 ns, At safepoint: 5050 ns, Total: 143458 ns
[2020-10-31T11:31:31.407+0000][info][safepoint    ] Safepoint "Cleanup", Time since last: 1000105729 ns, Reaching safepoint: 139345 ns, At safepoint: 4867 ns, Total: 144212 ns
[2020-10-31T11:31:32.407+0000][info][safepoint    ] Safepoint "Cleanup", Time since last: 1000087476 ns, Reaching safepoint: 135233 ns, At safepoint: 5832 ns, Total: 141065 ns
[2020-10-31T11:31:33.408+0000][info][safepoint    ] Safepoint "Cleanup", Time since last: 1000108569 ns, Reaching safepoint: 135508 ns, At safepoint: 5213 ns, Total: 140721 ns
[2020-10-31T11:31:34.408+0000][info][safepoint    ] Safepoint "Cleanup", Time since last: 1000103776 ns, Reaching safepoint: 68497 ns, At safepoint: 3046 ns, Total: 71543 ns
[2020-10-31T11:31:35.408+0000][info][safepoint    ] Safepoint "Cleanup", Time since last: 1000108034 ns, Reaching safepoint: 135269 ns, At safepoint: 6111 ns, Total: 141380 ns
[2020-10-31T11:31:36.408+0000][info][safepoint    ] Safepoint "Cleanup", Time since last: 1000103876 ns, Reaching safepoint: 140947 ns, At safepoint: 5301 ns, Total: 146248 ns
[2020-10-31T11:31:37.409+0000][info][safepoint    ] Safepoint "Cleanup", Time since last: 1000107642 ns, Reaching safepoint: 78814 ns, At safepoint: 5348 ns, Total: 84162 ns
[2020-10-31T11:31:38.409+0000][info][safepoint    ] Safepoint "Cleanup", Time since last: 1000102397 ns, Reaching safepoint: 134121 ns, At safepoint: 5331 ns, Total: 139452 ns
[2020-10-31T11:31:39.409+0000][info][safepoint    ] Safepoint "Cleanup", Time since last: 1000108698 ns, Reaching safepoint: 137909 ns, At safepoint: 5196 ns, Total: 143105 ns
[2020-10-31T11:31:39.441+0000][info][gc           ] Trigger: Average GC time (651.54 ms) is above the time for allocation rate (321.18 MB/s) to deplete free headroom (209M)
[2020-10-31T11:31:39.441+0000][info][gc,ergo      ] Free headroom: 414M (free) - 204M (spike) - 0M (penalties) = 209M
[2020-10-31T11:31:39.441+0000][info][gc,ergo      ] Free: 414M (207 regions), Max regular: 2048K, Max humongous: 243712K, External frag: 43%, Internal frag: 0%
[2020-10-31T11:31:39.441+0000][info][gc,ergo      ] Evacuation Reserve: 206M (103 regions), Max regular: 2048K
[2020-10-31T11:31:39.441+0000][info][gc,start     ] GC(118) Concurrent reset
[2020-10-31T11:31:39.441+0000][info][gc,task      ] GC(118) Using 1 of 1 workers for concurrent reset
[2020-10-31T11:31:39.450+0000][info][gc           ] GC(118) Concurrent reset 3476M->3476M(4096M) 8.935ms
[2020-10-31T11:31:39.451+0000][info][gc,start     ] GC(118) Pause Init Mark
[2020-10-31T11:31:39.451+0000][info][gc,task      ] GC(118) Using 1 of 1 workers for init marking
[2020-10-31T11:31:39.451+0000][info][gc,ergo      ] GC(118) Pacer for Mark. Expected Live: 116M, Free: 414M, Non-Taxable: 41M, Alloc Tax Rate: 1.0x
[2020-10-31T11:31:39.451+0000][info][gc           ] GC(118) Pause Init Mark 0.495ms
[2020-10-31T11:31:39.451+0000][info][safepoint    ] Safepoint "ShenandoahInitMark", Time since last: 41365000 ns, Reaching safepoint: 136846 ns, At safepoint: 514857 ns, Total: 651703 ns
[2020-10-31T11:31:39.451+0000][info][gc,start     ] GC(118) Concurrent marking
[2020-10-31T11:31:39.451+0000][info][gc,task      ] GC(118) Using 1 of 1 workers for concurrent marking
[2020-10-31T11:31:39.733+0000][info][gc           ] GC(118) Concurrent marking 3478M->3550M(4096M) 282.086ms
[2020-10-31T11:31:39.733+0000][info][gc,start     ] GC(118) Pause Final Mark
[2020-10-31T11:31:39.733+0000][info][gc,task      ] GC(118) Using 1 of 1 workers for final marking
[2020-10-31T11:31:39.734+0000][info][gc,ergo      ] GC(118) Adaptive CSet Selection. Target Free: 409M, Actual Free: 546M, Max CSet: 170M, Min Garbage: 0M
[2020-10-31T11:31:39.734+0000][info][gc,ergo      ] GC(118) Collectable Garbage: 3335M (99% of total), 44M CSet, 1690 CSet regions
[2020-10-31T11:31:39.734+0000][info][gc,ergo      ] GC(118) Immediate Garbage: 0M (0% of total), 0 regions
[2020-10-31T11:31:39.735+0000][info][gc,ergo      ] GC(118) Pacer for Evacuation. Used CSet: 3380M, Free: 340M, Non-Taxable: 34M, Alloc Tax Rate: 24.3x
[2020-10-31T11:31:39.735+0000][info][gc           ] GC(118) Pause Final Mark 1.408ms
[2020-10-31T11:31:39.735+0000][info][safepoint    ] Safepoint "ShenandoahFinalMarkStartEvac", Time since last: 282180942 ns, Reaching safepoint: 139529 ns, At safepoint: 1429918 ns, Total: 1569447 ns
[2020-10-31T11:31:39.735+0000][info][gc,start     ] GC(118) Concurrent cleanup
[2020-10-31T11:31:39.735+0000][info][gc           ] GC(118) Concurrent cleanup 3552M->3554M(4096M) 0.174ms
[2020-10-31T11:31:39.735+0000][info][gc,ergo      ] GC(118) Free: 336M (168 regions), Max regular: 2048K, Max humongous: 243712K, External frag: 30%, Internal frag: 0%
[2020-10-31T11:31:39.735+0000][info][gc,ergo      ] GC(118) Evacuation Reserve: 206M (103 regions), Max regular: 2048K
[2020-10-31T11:31:39.735+0000][info][gc,start     ] GC(118) Concurrent evacuation
[2020-10-31T11:31:39.735+0000][info][gc,task      ] GC(118) Using 1 of 1 workers for concurrent evacuation
[2020-10-31T11:31:39.819+0000][info][gc           ] GC(118) Concurrent evacuation 3554M->3620M(4096M) 83.766ms
[2020-10-31T11:31:39.819+0000][info][gc,start     ] GC(118) Pause Init Update Refs
[2020-10-31T11:31:39.819+0000][info][gc,ergo      ] GC(118) Pacer for Update Refs. Used: 3620M, Free: 316M, Non-Taxable: 31M, Alloc Tax Rate: 14.0x
[2020-10-31T11:31:39.819+0000][info][gc           ] GC(118) Pause Init Update Refs 0.055ms
[2020-10-31T11:31:39.819+0000][info][safepoint    ] Safepoint "ShenandoahInitUpdateRefs", Time since last: 84061743 ns, Reaching safepoint: 144141 ns, At safepoint: 75423 ns, Total: 219564 ns
[2020-10-31T11:31:39.819+0000][info][gc,start     ] GC(118) Concurrent update references
[2020-10-31T11:31:39.819+0000][info][gc,task      ] GC(118) Using 1 of 1 workers for concurrent reference update
[2020-10-31T11:31:40.023+0000][info][gc           ] GC(118) Concurrent update references 3622M->3674M(4096M) 203.394ms
[2020-10-31T11:31:40.023+0000][info][gc,start     ] GC(118) Pause Final Update Refs
[2020-10-31T11:31:40.023+0000][info][gc,task      ] GC(118) Using 1 of 1 workers for final reference update
[2020-10-31T11:31:40.023+0000][info][gc           ] GC(118) Pause Final Update Refs 0.197ms
[2020-10-31T11:31:40.023+0000][info][safepoint    ] Safepoint "ShenandoahFinalUpdateRefs", Time since last: 203478621 ns, Reaching safepoint: 148323 ns, At safepoint: 222452 ns, Total: 370775 ns
[2020-10-31T11:31:40.023+0000][info][gc,start     ] GC(118) Concurrent cleanup
[2020-10-31T11:31:40.023+0000][info][gc           ] GC(118) Concurrent cleanup 3674M->294M(4096M) 0.314ms
[2020-10-31T11:31:40.023+0000][info][gc,ergo      ] Free: 3596M (1798 regions), Max regular: 2048K, Max humongous: 3330048K, External frag: 10%, Internal frag: 0%
[2020-10-31T11:31:40.023+0000][info][gc,ergo      ] Evacuation Reserve: 206M (103 regions), Max regular: 2048K
[2020-10-31T11:31:40.023+0000][info][gc,ergo      ] Pacer for Idle. Initial: 81M, Alloc Tax Rate: 1.0x
[2020-10-31T11:31:41.023+0000][info][safepoint    ] Safepoint "Cleanup", Time since last: 1000077111 ns, Reaching safepoint: 139742 ns, At safepoint: 5130 ns, Total: 144872 ns
[2020-10-31T11:31:42.023+0000][info][safepoint    ] Safepoint "Cleanup", Time since last: 1000120045 ns, Reaching safepoint: 137538 ns, At safepoint: 4902 ns, Total: 142440 ns
[2020-10-31T11:31:43.024+0000][info][safepoint    ] Safepoint "Cleanup", Time since last: 1000102015 ns, Reaching safepoint: 136543 ns, At safepoint: 5721 ns, Total: 142264 ns
[2020-10-31T11:31:44.024+0000][info][safepoint    ] Safepoint "Cleanup", Time since last: 1000108576 ns, Reaching safepoint: 62910 ns, At safepoint: 6712 ns, Total: 69622 ns
[2020-10-31T11:31:45.024+0000][info][safepoint    ] Safepoint "Cleanup", Time since last: 1000103853 ns, Reaching safepoint: 139868 ns, At safepoint: 5230 ns, Total: 145098 ns
[2020-10-31T11:31:46.024+0000][info][safepoint    ] Safepoint "Cleanup", Time since last: 1000111258 ns, Reaching safepoint: 139442 ns, At safepoint: 5784 ns, Total: 145226 ns
[2020-10-31T11:31:47.025+0000][info][safepoint    ] Safepoint "Cleanup", Time since last: 1000108729 ns, Reaching safepoint: 90720 ns, At safepoint: 5400 ns, Total: 96120 ns
[2020-10-31T11:31:48.025+0000][info][safepoint    ] Safepoint "Cleanup", Time since last: 1000100713 ns, Reaching safepoint: 58721 ns, At safepoint: 6927 ns, Total: 65648 ns
[2020-10-31T11:31:49.025+0000][info][safepoint    ] Safepoint "Cleanup", Time since last: 1000102596 ns, Reaching safepoint: 148837 ns, At safepoint: 7028 ns, Total: 155865 ns
[2020-10-31T11:31:49.866+0000][info][gc           ] Trigger: Average GC time (651.72 ms) is above the time for allocation rate (320.20 MB/s) to deplete free headroom (205M)
[2020-10-31T11:31:49.866+0000][info][gc,ergo      ] Free headroom: 410M (free) - 204M (spike) - 0M (penalties) = 205M
[2020-10-31T11:31:49.866+0000][info][gc,ergo      ] Free: 410M (205 regions), Max regular: 2048K, Max humongous: 350208K, External frag: 17%, Internal frag: 0%
[2020-10-31T11:31:49.866+0000][info][gc,ergo      ] Evacuation Reserve: 206M (103 regions), Max regular: 2048K
[2020-10-31T11:31:49.866+0000][info][gc,start     ] GC(119) Concurrent reset
[2020-10-31T11:31:49.866+0000][info][gc,task      ] GC(119) Using 1 of 1 workers for concurrent reset
[2020-10-31T11:31:49.875+0000][info][gc           ] GC(119) Concurrent reset 3480M->3480M(4096M) 8.968ms
[2020-10-31T11:31:49.875+0000][info][gc,start     ] GC(119) Pause Init Mark
[2020-10-31T11:31:49.875+0000][info][gc,task      ] GC(119) Using 1 of 1 workers for init marking
[2020-10-31T11:31:49.876+0000][info][gc,ergo      ] GC(119) Pacer for Mark. Expected Live: 116M, Free: 410M, Non-Taxable: 41M, Alloc Tax Rate: 1.0x
[2020-10-31T11:31:49.876+0000][info][gc           ] GC(119) Pause Init Mark 0.484ms
[2020-10-31T11:31:49.876+0000][info][safepoint    ] Safepoint "ShenandoahInitMark", Time since last: 850134818 ns, Reaching safepoint: 139854 ns, At safepoint: 504510 ns, Total: 644364 ns
[2020-10-31T11:31:49.876+0000][info][gc,start     ] GC(119) Concurrent marking
[2020-10-31T11:31:49.876+0000][info][gc,task      ] GC(119) Using 1 of 1 workers for concurrent marking
[2020-10-31T11:31:50.217+0000][info][gc           ] GC(119) Concurrent marking 3482M->3578M(4096M) 340.729ms
[2020-10-31T11:31:50.217+0000][info][gc,start     ] GC(119) Pause Final Mark
[2020-10-31T11:31:50.217+0000][info][gc,task      ] GC(119) Using 1 of 1 workers for final marking
[2020-10-31T11:31:50.217+0000][info][gc,ergo      ] GC(119) Adaptive CSet Selection. Target Free: 409M, Actual Free: 518M, Max CSet: 170M, Min Garbage: 0M
[2020-10-31T11:31:50.217+0000][info][gc,ergo      ] GC(119) Collectable Garbage: 3295M (99% of total), 44M CSet, 1670 CSet regions
[2020-10-31T11:31:50.217+0000][info][gc,ergo      ] GC(119) Immediate Garbage: 0M (0% of total), 0 regions
[2020-10-31T11:31:50.218+0000][info][gc,ergo      ] GC(119) Pacer for Evacuation. Used CSet: 3340M, Free: 312M, Non-Taxable: 31M, Alloc Tax Rate: 26.2x
[2020-10-31T11:31:50.218+0000][info][gc           ] GC(119) Pause Final Mark 1.402ms
[2020-10-31T11:31:50.218+0000][info][safepoint    ] Safepoint "ShenandoahFinalMarkStartEvac", Time since last: 340809822 ns, Reaching safepoint: 60893 ns, At safepoint: 1426377 ns, Total: 1487270 ns
[2020-10-31T11:31:50.218+0000][info][gc,start     ] GC(119) Concurrent cleanup
[2020-10-31T11:31:50.218+0000][info][gc           ] GC(119) Concurrent cleanup 3580M->3582M(4096M) 0.182ms
[2020-10-31T11:31:50.218+0000][info][gc,ergo      ] GC(119) Free: 308M (154 regions), Max regular: 2048K, Max humongous: 313344K, External frag: 1%, Internal frag: 0%
[2020-10-31T11:31:50.218+0000][info][gc,ergo      ] GC(119) Evacuation Reserve: 205M (103 regions), Max regular: 2048K
[2020-10-31T11:31:50.218+0000][info][gc,start     ] GC(119) Concurrent evacuation
[2020-10-31T11:31:50.218+0000][info][gc,task      ] GC(119) Using 1 of 1 workers for concurrent evacuation
[2020-10-31T11:31:50.301+0000][info][gc           ] GC(119) Concurrent evacuation 3582M->3648M(4096M) 82.457ms
[2020-10-31T11:31:50.301+0000][info][gc,start     ] GC(119) Pause Init Update Refs
[2020-10-31T11:31:50.301+0000][info][gc,ergo      ] GC(119) Pacer for Update Refs. Used: 3648M, Free: 288M, Non-Taxable: 28M, Alloc Tax Rate: 15.5x
[2020-10-31T11:31:50.301+0000][info][gc           ] GC(119) Pause Init Update Refs 0.053ms
[2020-10-31T11:31:50.301+0000][info][safepoint    ] Safepoint "ShenandoahInitUpdateRefs", Time since last: 82775203 ns, Reaching safepoint: 135719 ns, At safepoint: 71457 ns, Total: 207176 ns
[2020-10-31T11:31:50.301+0000][info][gc,start     ] GC(119) Concurrent update references
[2020-10-31T11:31:50.301+0000][info][gc,task      ] GC(119) Using 1 of 1 workers for concurrent reference update
[2020-10-31T11:31:50.543+0000][info][gc           ] GC(119) Concurrent update references 3650M->3710M(4096M) 241.619ms
[2020-10-31T11:31:50.543+0000][info][gc,start     ] GC(119) Pause Final Update Refs
[2020-10-31T11:31:50.543+0000][info][gc,task      ] GC(119) Using 1 of 1 workers for final reference update
[2020-10-31T11:31:50.543+0000][info][gc           ] GC(119) Pause Final Update Refs 0.193ms
[2020-10-31T11:31:50.543+0000][info][safepoint    ] Safepoint "ShenandoahFinalUpdateRefs", Time since last: 241699678 ns, Reaching safepoint: 143129 ns, At safepoint: 214019 ns, Total: 357148 ns
[2020-10-31T11:31:50.543+0000][info][gc,start     ] GC(119) Concurrent cleanup
[2020-10-31T11:31:50.543+0000][info][gc           ] GC(119) Concurrent cleanup 3710M->370M(4096M) 0.305ms
[2020-10-31T11:31:50.544+0000][info][gc,ergo      ] Free: 3520M (1760 regions), Max regular: 2048K, Max humongous: 3262464K, External frag: 10%, Internal frag: 0%
[2020-10-31T11:31:50.544+0000][info][gc,ergo      ] Evacuation Reserve: 206M (103 regions), Max regular: 2048K
[2020-10-31T11:31:50.544+0000][info][gc,ergo      ] Pacer for Idle. Initial: 81M, Alloc Tax Rate: 1.0x
[2020-10-31T11:31:51.543+0000][info][safepoint    ] Safepoint "Cleanup", Time since last: 1000077714 ns, Reaching safepoint: 134019 ns, At safepoint: 5696 ns, Total: 139715 ns
[2020-10-31T11:31:52.544+0000][info][safepoint    ] Safepoint "Cleanup", Time since last: 1000107832 ns, Reaching safepoint: 134584 ns, At safepoint: 3090 ns, Total: 137674 ns
[2020-10-31T11:31:53.544+0000][info][safepoint    ] Safepoint "Cleanup", Time since last: 1000107026 ns, Reaching safepoint: 64551 ns, At safepoint: 6590 ns, Total: 71141 ns
[2020-10-31T11:31:54.544+0000][info][safepoint    ] Safepoint "Cleanup", Time since last: 1000106109 ns, Reaching safepoint: 139023 ns, At safepoint: 4950 ns, Total: 143973 ns
[2020-10-31T11:31:55.544+0000][info][safepoint    ] Safepoint "Cleanup", Time since last: 1000108712 ns, Reaching safepoint: 138327 ns, At safepoint: 5103 ns, Total: 143430 ns
[2020-10-31T11:31:56.545+0000][info][safepoint    ] Safepoint "Cleanup", Time since last: 1000107157 ns, Reaching safepoint: 153952 ns, At safepoint: 5249 ns, Total: 159201 ns
[2020-10-31T11:31:57.545+0000][info][safepoint    ] Safepoint "Cleanup", Time since last: 1000105296 ns, Reaching safepoint: 129947 ns, At safepoint: 5090 ns, Total: 135037 ns
[2020-10-31T11:31:58.545+0000][info][safepoint    ] Safepoint "Cleanup", Time since last: 1000107722 ns, Reaching safepoint: 134392 ns, At safepoint: 5326 ns, Total: 139718 ns
[2020-10-31T11:31:59.545+0000][info][safepoint    ] Safepoint "Cleanup", Time since last: 1000134466 ns, Reaching safepoint: 145156 ns, At safepoint: 6968 ns, Total: 152124 ns
[2020-10-31T11:32:00.144+0000][info][gc           ] Trigger: Average GC time (645.62 ms) is above the time for allocation rate (320.48 MB/s) to deplete free headroom (205M)
[2020-10-31T11:32:00.144+0000][info][gc,ergo      ] Free headroom: 410M (free) - 204M (spike) - 0M (penalties) = 205M
[2020-10-31T11:32:00.145+0000][info][gc,ergo      ] Free: 410M (205 regions), Max regular: 2048K, Max humongous: 184320K, External frag: 57%, Internal frag: 0%
[2020-10-31T11:32:00.145+0000][info][gc,ergo      ] Evacuation Reserve: 206M (103 regions), Max regular: 2048K
[2020-10-31T11:32:00.145+0000][info][gc,start     ] GC(120) Concurrent reset
[2020-10-31T11:32:00.145+0000][info][gc,task      ] GC(120) Using 1 of 1 workers for concurrent reset
[2020-10-31T11:32:00.153+0000][info][gc           ] GC(120) Concurrent reset 3480M->3480M(4096M) 8.895ms
[2020-10-31T11:32:00.154+0000][info][gc,start     ] GC(120) Pause Init Mark (process weakrefs)
[2020-10-31T11:32:00.154+0000][info][gc,task      ] GC(120) Using 1 of 1 workers for init marking
[2020-10-31T11:32:00.154+0000][info][gc,ergo      ] GC(120) Pacer for Mark. Expected Live: 116M, Free: 410M, Non-Taxable: 41M, Alloc Tax Rate: 1.0x
[2020-10-31T11:32:00.154+0000][info][gc           ] GC(120) Pause Init Mark (process weakrefs) 0.490ms
[2020-10-31T11:32:00.154+0000][info][safepoint    ] Safepoint "ShenandoahInitMark", Time since last: 608176014 ns, Reaching safepoint: 141872 ns, At safepoint: 509739 ns, Total: 651611 ns
[2020-10-31T11:32:00.154+0000][info][gc,start     ] GC(120) Concurrent marking (process weakrefs)
[2020-10-31T11:32:00.154+0000][info][gc,task      ] GC(120) Using 1 of 1 workers for concurrent marking
[2020-10-31T11:32:00.585+0000][info][gc           ] GC(120) Concurrent marking (process weakrefs) 3480M->3588M(4096M) 430.661ms
[2020-10-31T11:32:00.585+0000][info][gc,start     ] GC(120) Concurrent precleaning
[2020-10-31T11:32:00.585+0000][info][gc,task      ] GC(120) Using 1 of 1 workers for concurrent preclean
[2020-10-31T11:32:00.681+0000][info][gc           ] GC(120) Concurrent precleaning 3588M->3618M(4096M) 95.859ms
[2020-10-31T11:32:00.681+0000][info][gc,start     ] GC(120) Pause Final Mark (process weakrefs)
[2020-10-31T11:32:00.681+0000][info][gc,task      ] GC(120) Using 1 of 1 workers for final marking
[2020-10-31T11:32:00.763+0000][info][gc,ergo      ] GC(120) Adaptive CSet Selection. Target Free: 409M, Actual Free: 478M, Max CSet: 170M, Min Garbage: 0M
[2020-10-31T11:32:00.763+0000][info][gc,ergo      ] GC(120) Collectable Garbage: 3274M (97% of total), 23M CSet, 1649 CSet regions
[2020-10-31T11:32:00.763+0000][info][gc,ergo      ] GC(120) Immediate Garbage: 0M (0% of total), 0 regions
[2020-10-31T11:32:00.764+0000][info][gc,ergo      ] GC(120) Pacer for Evacuation. Used CSet: 3298M, Free: 272M, Non-Taxable: 27M, Alloc Tax Rate: 29.6x
[2020-10-31T11:32:00.764+0000][info][gc           ] GC(120) Pause Final Mark (process weakrefs) 82.985ms
[2020-10-31T11:32:00.764+0000][info][safepoint    ] Safepoint "ShenandoahFinalMarkStartEvac", Time since last: 526636703 ns, Reaching safepoint: 142462 ns, At safepoint: 83008918 ns, Total: 83151380 ns
[2020-10-31T11:32:00.764+0000][info][gc,start     ] GC(120) Concurrent cleanup
[2020-10-31T11:32:00.764+0000][info][gc           ] GC(120) Concurrent cleanup 3620M->3620M(4096M) 0.238ms
[2020-10-31T11:32:00.764+0000][info][gc,ergo      ] GC(120) Free: 270M (135 regions), Max regular: 2048K, Max humongous: 184320K, External frag: 34%, Internal frag: 0%
[2020-10-31T11:32:00.764+0000][info][gc,ergo      ] GC(120) Evacuation Reserve: 206M (103 regions), Max regular: 2048K
[2020-10-31T11:32:00.764+0000][info][gc,start     ] GC(120) Concurrent evacuation
[2020-10-31T11:32:00.764+0000][info][gc,task      ] GC(120) Using 1 of 1 workers for concurrent evacuation
[2020-10-31T11:32:00.898+0000][info][gc           ] GC(120) Concurrent evacuation 3620M->3670M(4096M) 133.333ms
[2020-10-31T11:32:00.898+0000][info][gc,start     ] GC(120) Pause Init Update Refs
[2020-10-31T11:32:00.898+0000][info][gc,ergo      ] GC(120) Pacer for Update Refs. Used: 3670M, Free: 244M, Non-Taxable: 24M, Alloc Tax Rate: 18.4x
[2020-10-31T11:32:00.898+0000][info][gc           ] GC(120) Pause Init Update Refs 0.054ms
[2020-10-31T11:32:00.898+0000][info][safepoint    ] Safepoint "ShenandoahInitUpdateRefs", Time since last: 133692116 ns, Reaching safepoint: 144277 ns, At safepoint: 74388 ns, Total: 218665 ns
[2020-10-31T11:32:00.898+0000][info][gc,start     ] GC(120) Concurrent update references
[2020-10-31T11:32:00.898+0000][info][gc,task      ] GC(120) Using 1 of 1 workers for concurrent reference update
[2020-10-31T11:32:01.150+0000][info][gc           ] GC(120) Concurrent update references 3670M->3714M(4096M) 251.704ms
[2020-10-31T11:32:01.150+0000][info][gc,start     ] GC(120) Pause Final Update Refs
[2020-10-31T11:32:01.150+0000][info][gc,task      ] GC(120) Using 1 of 1 workers for final reference update
[2020-10-31T11:32:01.150+0000][info][gc           ] GC(120) Pause Final Update Refs 0.194ms
[2020-10-31T11:32:01.150+0000][info][safepoint    ] Safepoint "ShenandoahFinalUpdateRefs", Time since last: 251787507 ns, Reaching safepoint: 142211 ns, At safepoint: 219484 ns, Total: 361695 ns
[2020-10-31T11:32:01.150+0000][info][gc,start     ] GC(120) Concurrent cleanup
[2020-10-31T11:32:01.150+0000][info][gc           ] GC(120) Concurrent cleanup 3714M->416M(4096M) 0.308ms
[2020-10-31T11:32:01.150+0000][info][gc,ergo      ] Free: 3474M (1737 regions), Max regular: 2048K, Max humongous: 3184640K, External frag: 11%, Internal frag: 0%
[2020-10-31T11:32:01.150+0000][info][gc,ergo      ] Evacuation Reserve: 206M (103 regions), Max regular: 2048K
[2020-10-31T11:32:01.150+0000][info][gc,ergo      ] Pacer for Idle. Initial: 81M, Alloc Tax Rate: 1.0x
[2020-10-31T11:32:02.150+0000][info][safepoint    ] Safepoint "Cleanup", Time since last: 1000080941 ns, Reaching safepoint: 138281 ns, At safepoint: 3500 ns, Total: 141781 ns
[2020-10-31T11:32:03.150+0000][info][safepoint    ] Safepoint "Cleanup", Time since last: 1000106487 ns, Reaching safepoint: 62951 ns, At safepoint: 7034 ns, Total: 69985 ns
[2020-10-31T11:32:04.151+0000][info][safepoint    ] Safepoint "Cleanup", Time since last: 1000101405 ns, Reaching safepoint: 135052 ns, At safepoint: 5714 ns, Total: 140766 ns
[2020-10-31T11:32:05.151+0000][info][safepoint    ] Safepoint "Cleanup", Time since last: 1000111284 ns, Reaching safepoint: 140510 ns, At safepoint: 5433 ns, Total: 145943 ns
[2020-10-31T11:32:06.151+0000][info][safepoint    ] Safepoint "Cleanup", Time since last: 1000106631 ns, Reaching safepoint: 135469 ns, At safepoint: 5737 ns, Total: 141206 ns
[2020-10-31T11:32:07.151+0000][info][safepoint    ] Safepoint "Cleanup", Time since last: 1000110751 ns, Reaching safepoint: 140784 ns, At safepoint: 5129 ns, Total: 145913 ns
[2020-10-31T11:32:08.152+0000][info][safepoint    ] Safepoint "Cleanup", Time since last: 1000111426 ns, Reaching safepoint: 81158 ns, At safepoint: 6160 ns, Total: 87318 ns
[2020-10-31T11:32:09.152+0000][info][safepoint    ] Safepoint "Cleanup", Time since last: 1000105360 ns, Reaching safepoint: 69487 ns, At safepoint: 5018 ns, Total: 74505 ns
[2020-10-31T11:32:10.152+0000][info][safepoint    ] Safepoint "Cleanup", Time since last: 1000109375 ns, Reaching safepoint: 141293 ns, At safepoint: 5393 ns, Total: 146686 ns
[2020-10-31T11:32:10.690+0000][info][gc           ] Trigger: Free (408M) is below minimum threshold (409M)
[2020-10-31T11:32:10.690+0000][info][gc,ergo      ] Free: 408M (204 regions), Max regular: 2048K, Max humongous: 303104K, External frag: 28%, Internal frag: 0%
[2020-10-31T11:32:10.690+0000][info][gc,ergo      ] Evacuation Reserve: 206M (103 regions), Max regular: 2048K
[2020-10-31T11:32:10.690+0000][info][gc,start     ] GC(121) Concurrent reset
[2020-10-31T11:32:10.690+0000][info][gc,task      ] GC(121) Using 1 of 1 workers for concurrent reset
[2020-10-31T11:32:10.699+0000][info][gc           ] GC(121) Concurrent reset 3482M->3484M(4096M) 9.009ms
[2020-10-31T11:32:10.699+0000][info][gc,start     ] GC(121) Pause Init Mark
[2020-10-31T11:32:10.699+0000][info][gc,task      ] GC(121) Using 1 of 1 workers for init marking
[2020-10-31T11:32:10.700+0000][info][gc,ergo      ] GC(121) Pacer for Mark. Expected Live: 116M, Free: 406M, Non-Taxable: 40M, Alloc Tax Rate: 1.1x
[2020-10-31T11:32:10.700+0000][info][gc           ] GC(121) Pause Init Mark 0.502ms
[2020-10-31T11:32:10.700+0000][info][safepoint    ] Safepoint "ShenandoahInitMark", Time since last: 547074396 ns, Reaching safepoint: 148162 ns, At safepoint: 524374 ns, Total: 672536 ns
[2020-10-31T11:32:10.700+0000][info][gc,start     ] GC(121) Concurrent marking
[2020-10-31T11:32:10.700+0000][info][gc,task      ] GC(121) Using 1 of 1 workers for concurrent marking
[2020-10-31T11:32:10.873+0000][info][gc           ] GC(121) Concurrent marking 3486M->3530M(4096M) 173.572ms
[2020-10-31T11:32:10.874+0000][info][gc,start     ] GC(121) Pause Final Mark
[2020-10-31T11:32:10.874+0000][info][gc,task      ] GC(121) Using 1 of 1 workers for final marking
[2020-10-31T11:32:10.874+0000][info][gc,ergo      ] GC(121) Adaptive CSet Selection. Target Free: 409M, Actual Free: 752M, Max CSet: 170M, Min Garbage: 0M
[2020-10-31T11:32:10.874+0000][info][gc,ergo      ] GC(121) Collectable Garbage: 3248M (94% of total), 43M CSet, 1646 CSet regions
[2020-10-31T11:32:10.874+0000][info][gc,ergo      ] GC(121) Immediate Garbage: 186M (5% of total), 93 regions
[2020-10-31T11:32:10.875+0000][info][gc,ergo      ] GC(121) Pacer for Evacuation. Used CSet: 3292M, Free: 546M, Non-Taxable: 54M, Alloc Tax Rate: 14.7x
[2020-10-31T11:32:10.875+0000][info][gc           ] GC(121) Pause Final Mark 1.435ms
[2020-10-31T11:32:10.875+0000][info][safepoint    ] Safepoint "ShenandoahFinalMarkStartEvac", Time since last: 173650828 ns, Reaching safepoint: 137634 ns, At safepoint: 1458260 ns, Total: 1595894 ns
[2020-10-31T11:32:10.875+0000][info][gc,start     ] GC(121) Concurrent cleanup
[2020-10-31T11:32:10.875+0000][info][gc           ] GC(121) Concurrent cleanup 3530M->3346M(4096M) 0.164ms
[2020-10-31T11:32:10.875+0000][info][gc,ergo      ] GC(121) Free: 544M (272 regions), Max regular: 2048K, Max humongous: 493568K, External frag: 12%, Internal frag: 0%
[2020-10-31T11:32:10.875+0000][info][gc,ergo      ] GC(121) Evacuation Reserve: 205M (103 regions), Max regular: 2048K
[2020-10-31T11:32:10.875+0000][info][gc,start     ] GC(121) Concurrent evacuation
[2020-10-31T11:32:10.875+0000][info][gc,task      ] GC(121) Using 1 of 1 workers for concurrent evacuation
[2020-10-31T11:32:10.958+0000][info][gc           ] GC(121) Concurrent evacuation 3346M->3412M(4096M) 82.685ms
[2020-10-31T11:32:10.958+0000][info][gc,start     ] GC(121) Pause Init Update Refs
[2020-10-31T11:32:10.958+0000][info][gc,ergo      ] GC(121) Pacer for Update Refs. Used: 3412M, Free: 522M, Non-Taxable: 52M, Alloc Tax Rate: 8.0x
[2020-10-31T11:32:10.958+0000][info][gc           ] GC(121) Pause Init Update Refs 0.057ms
[2020-10-31T11:32:10.958+0000][info][safepoint    ] Safepoint "ShenandoahInitUpdateRefs", Time since last: 83044208 ns, Reaching safepoint: 147219 ns, At safepoint: 76413 ns, Total: 223632 ns
[2020-10-31T11:32:10.958+0000][info][gc,start     ] GC(121) Concurrent update references
[2020-10-31T11:32:10.958+0000][info][gc,task      ] GC(121) Using 1 of 1 workers for concurrent reference update
[2020-10-31T11:32:11.084+0000][info][gc           ] GC(121) Concurrent update references 3414M->3446M(4096M) 125.764ms
[2020-10-31T11:32:11.084+0000][info][gc,start     ] GC(121) Pause Final Update Refs
[2020-10-31T11:32:11.084+0000][info][gc,task      ] GC(121) Using 1 of 1 workers for final reference update
[2020-10-31T11:32:11.084+0000][info][gc           ] GC(121) Pause Final Update Refs 0.195ms
[2020-10-31T11:32:11.085+0000][info][safepoint    ] Safepoint "ShenandoahFinalUpdateRefs", Time since last: 125845576 ns, Reaching safepoint: 143418 ns, At safepoint: 217083 ns, Total: 360501 ns
[2020-10-31T11:32:11.085+0000][info][gc,start     ] GC(121) Concurrent cleanup
[2020-10-31T11:32:11.085+0000][info][gc           ] GC(121) Concurrent cleanup 3446M->154M(4096M) 0.284ms
[2020-10-31T11:32:11.085+0000][info][gc,ergo      ] Free: 3736M (1868 regions), Max regular: 2048K, Max humongous: 3141632K, External frag: 18%, Internal frag: 0%
[2020-10-31T11:32:11.085+0000][info][gc,ergo      ] Evacuation Reserve: 206M (103 regions), Max regular: 2048K
[2020-10-31T11:32:11.085+0000][info][gc,ergo      ] Pacer for Idle. Initial: 81M, Alloc Tax Rate: 1.0x
[2020-10-31T11:32:12.085+0000][info][safepoint    ] Safepoint "Cleanup", Time since last: 1000106774 ns, Reaching safepoint: 134197 ns, At safepoint: 3047 ns, Total: 137244 ns
[2020-10-31T11:32:13.085+0000][info][safepoint    ] Safepoint "Cleanup", Time since last: 1000109036 ns, Reaching safepoint: 56572 ns, At safepoint: 5872 ns, Total: 62444 ns
[2020-10-31T11:32:14.085+0000][info][safepoint    ] Safepoint "Cleanup", Time since last: 1000109174 ns, Reaching safepoint: 63990 ns, At safepoint: 5322 ns, Total: 69312 ns
[2020-10-31T11:32:15.085+0000][info][safepoint    ] Safepoint "Cleanup", Time since last: 1000101901 ns, Reaching safepoint: 133941 ns, At safepoint: 3374 ns, Total: 137315 ns
[2020-10-31T11:32:16.086+0000][info][safepoint    ] Safepoint "Cleanup", Time since last: 1000107824 ns, Reaching safepoint: 62546 ns, At safepoint: 5182 ns, Total: 67728 ns
[2020-10-31T11:32:17.086+0000][info][safepoint    ] Safepoint "Cleanup", Time since last: 1000111140 ns, Reaching safepoint: 137614 ns, At safepoint: 5858 ns, Total: 143472 ns
[2020-10-31T11:32:18.086+0000][info][safepoint    ] Safepoint "Cleanup", Time since last: 1000110043 ns, Reaching safepoint: 141784 ns, At safepoint: 5064 ns, Total: 146848 ns
[2020-10-31T11:32:19.086+0000][info][safepoint    ] Safepoint "Cleanup", Time since last: 1000101255 ns, Reaching safepoint: 62188 ns, At safepoint: 6766 ns, Total: 68954 ns
[2020-10-31T11:32:20.086+0000][info][safepoint    ] Safepoint "Cleanup", Time since last: 1000107550 ns, Reaching safepoint: 132385 ns, At safepoint: 6632 ns, Total: 139017 ns
[2020-10-31T11:32:21.087+0000][info][safepoint    ] Safepoint "Cleanup", Time since last: 1000104797 ns, Reaching safepoint: 143753 ns, At safepoint: 7710 ns, Total: 151463 ns
[2020-10-31T11:32:21.373+0000][info][gc           ] Trigger: Free (408M) is below minimum threshold (409M)
[2020-10-31T11:32:21.373+0000][info][gc,ergo      ] Free: 408M (204 regions), Max regular: 2048K, Max humongous: 415744K, External frag: 1%, Internal frag: 0%
[2020-10-31T11:32:21.373+0000][info][gc,ergo      ] Evacuation Reserve: 206M (103 regions), Max regular: 2048K
[2020-10-31T11:32:21.373+0000][info][gc,start     ] GC(122) Concurrent reset
[2020-10-31T11:32:21.373+0000][info][gc,task      ] GC(122) Using 1 of 1 workers for concurrent reset
[2020-10-31T11:32:21.382+0000][info][gc           ] GC(122) Concurrent reset 3482M->3482M(4096M) 8.485ms
[2020-10-31T11:32:21.382+0000][info][gc,start     ] GC(122) Pause Init Mark
[2020-10-31T11:32:21.382+0000][info][gc,task      ] GC(122) Using 1 of 1 workers for init marking
[2020-10-31T11:32:21.382+0000][info][gc,ergo      ] GC(122) Pacer for Mark. Expected Live: 116M, Free: 408M, Non-Taxable: 40M, Alloc Tax Rate: 1.0x
[2020-10-31T11:32:21.382+0000][info][gc           ] GC(122) Pause Init Mark 0.511ms
[2020-10-31T11:32:21.382+0000][info][safepoint    ] Safepoint "ShenandoahInitMark", Time since last: 295111195 ns, Reaching safepoint: 148220 ns, At safepoint: 531860 ns, Total: 680080 ns
[2020-10-31T11:32:21.383+0000][info][gc,start     ] GC(122) Concurrent marking
[2020-10-31T11:32:21.383+0000][info][gc,task      ] GC(122) Using 1 of 1 workers for concurrent marking
[2020-10-31T11:32:21.617+0000][info][gc           ] GC(122) Concurrent marking 3484M->3540M(4096M) 234.198ms
[2020-10-31T11:32:21.617+0000][info][gc,start     ] GC(122) Pause Final Mark
[2020-10-31T11:32:21.617+0000][info][gc,task      ] GC(122) Using 1 of 1 workers for final marking
[2020-10-31T11:32:21.617+0000][info][gc,ergo      ] GC(122) Adaptive CSet Selection. Target Free: 409M, Actual Free: 556M, Max CSet: 170M, Min Garbage: 0M
[2020-10-31T11:32:21.618+0000][info][gc,ergo      ] GC(122) Collectable Garbage: 3386M (99% of total), 45M CSet, 1716 CSet regions
[2020-10-31T11:32:21.618+0000][info][gc,ergo      ] GC(122) Immediate Garbage: 0M (0% of total), 0 regions
[2020-10-31T11:32:21.618+0000][info][gc,ergo      ] GC(122) Pacer for Evacuation. Used CSet: 3432M, Free: 350M, Non-Taxable: 35M, Alloc Tax Rate: 24.0x
[2020-10-31T11:32:21.618+0000][info][gc           ] GC(122) Pause Final Mark 1.457ms
[2020-10-31T11:32:21.618+0000][info][safepoint    ] Safepoint "ShenandoahFinalMarkStartEvac", Time since last: 234280418 ns, Reaching safepoint: 144257 ns, At safepoint: 1478915 ns, Total: 1623172 ns
[2020-10-31T11:32:21.618+0000][info][gc,start     ] GC(122) Concurrent cleanup
[2020-10-31T11:32:21.619+0000][info][gc           ] GC(122) Concurrent cleanup 3540M->3540M(4096M) 0.151ms
[2020-10-31T11:32:21.619+0000][info][gc,ergo      ] GC(122) Free: 350M (175 regions), Max regular: 2048K, Max humongous: 356352K, External frag: 1%, Internal frag: 0%
[2020-10-31T11:32:21.619+0000][info][gc,ergo      ] GC(122) Evacuation Reserve: 206M (103 regions), Max regular: 2048K
[2020-10-31T11:32:21.619+0000][info][gc,start     ] GC(122) Concurrent evacuation
[2020-10-31T11:32:21.619+0000][info][gc,task      ] GC(122) Using 1 of 1 workers for concurrent evacuation
[2020-10-31T11:32:21.704+0000][info][gc           ] GC(122) Concurrent evacuation 3540M->3610M(4096M) 85.684ms
[2020-10-31T11:32:21.704+0000][info][gc,start     ] GC(122) Pause Init Update Refs
[2020-10-31T11:32:21.705+0000][info][gc,ergo      ] GC(122) Pacer for Update Refs. Used: 3610M, Free: 326M, Non-Taxable: 32M, Alloc Tax Rate: 13.5x
[2020-10-31T11:32:21.705+0000][info][gc           ] GC(122) Pause Init Update Refs 0.067ms
[2020-10-31T11:32:21.705+0000][info][safepoint    ] Safepoint "ShenandoahInitUpdateRefs", Time since last: 85945317 ns, Reaching safepoint: 146741 ns, At safepoint: 86168 ns, Total: 232909 ns
[2020-10-31T11:32:21.705+0000][info][gc,start     ] GC(122) Concurrent update references
[2020-10-31T11:32:21.705+0000][info][gc,task      ] GC(122) Using 1 of 1 workers for concurrent reference update
[2020-10-31T11:32:21.874+0000][info][gc           ] GC(122) Concurrent update references 3610M->3654M(4096M) 169.749ms
[2020-10-31T11:32:21.875+0000][info][gc,start     ] GC(122) Pause Final Update Refs
[2020-10-31T11:32:21.875+0000][info][gc,task      ] GC(122) Using 1 of 1 workers for final reference update
[2020-10-31T11:32:21.875+0000][info][gc           ] GC(122) Pause Final Update Refs 0.195ms
[2020-10-31T11:32:21.875+0000][info][safepoint    ] Safepoint "ShenandoahFinalUpdateRefs", Time since last: 169832003 ns, Reaching safepoint: 142883 ns, At safepoint: 216773 ns, Total: 359656 ns
[2020-10-31T11:32:21.875+0000][info][gc,start     ] GC(122) Concurrent cleanup
[2020-10-31T11:32:21.875+0000][info][gc           ] GC(122) Concurrent cleanup 3654M->222M(4096M) 0.284ms
[2020-10-31T11:32:21.875+0000][info][gc,ergo      ] Free: 3668M (1834 regions), Max regular: 2048K, Max humongous: 3514368K, External frag: 7%, Internal frag: 0%
[2020-10-31T11:32:21.875+0000][info][gc,ergo      ] Evacuation Reserve: 206M (103 regions), Max regular: 2048K
[2020-10-31T11:32:21.875+0000][info][gc,ergo      ] Pacer for Idle. Initial: 81M, Alloc Tax Rate: 1.0x
[2020-10-31T11:32:22.875+0000][info][safepoint    ] Safepoint "Cleanup", Time since last: 1000084243 ns, Reaching safepoint: 135084 ns, At safepoint: 5032 ns, Total: 140116 ns
[2020-10-31T11:32:23.875+0000][info][safepoint    ] Safepoint "Cleanup", Time since last: 1000113486 ns, Reaching safepoint: 141095 ns, At safepoint: 5178 ns, Total: 146273 ns
[2020-10-31T11:32:24.875+0000][info][safepoint    ] Safepoint "Cleanup", Time since last: 1000111509 ns, Reaching safepoint: 62265 ns, At safepoint: 6942 ns, Total: 69207 ns
[2020-10-31T11:32:25.876+0000][info][safepoint    ] Safepoint "Cleanup", Time since last: 1000106609 ns, Reaching safepoint: 140087 ns, At safepoint: 5092 ns, Total: 145179 ns
[2020-10-31T11:32:26.876+0000][info][safepoint    ] Safepoint "Cleanup", Time since last: 1000128012 ns, Reaching safepoint: 142460 ns, At safepoint: 5412 ns, Total: 147872 ns
[2020-10-31T11:32:27.876+0000][info][safepoint    ] Safepoint "Cleanup", Time since last: 1000113834 ns, Reaching safepoint: 66062 ns, At safepoint: 6461 ns, Total: 72523 ns
[2020-10-31T11:32:28.762+0000][info][safepoint    ] Safepoint "RevokeBias", Time since last: 885646757 ns, Reaching safepoint: 123113 ns, At safepoint: 19996 ns, Total: 143109 ns
[2020-10-31T11:32:28.762+0000][info][safepoint    ] Safepoint "RevokeBias", Time since last: 90855 ns, Reaching safepoint: 113415 ns, At safepoint: 12743 ns, Total: 126158 ns
[2020-10-31T11:32:29.762+0000][info][safepoint    ] Safepoint "Cleanup", Time since last: 1000088316 ns, Reaching safepoint: 136412 ns, At safepoint: 5077 ns, Total: 141489 ns
[2020-10-31T11:32:30.763+0000][info][safepoint    ] Safepoint "Cleanup", Time since last: 1000110128 ns, Reaching safepoint: 146091 ns, At safepoint: 7145 ns, Total: 153236 ns
[2020-10-31T11:32:31.763+0000][info][safepoint    ] Safepoint "Cleanup", Time since last: 1000112394 ns, Reaching safepoint: 139989 ns, At safepoint: 5685 ns, Total: 145674 ns
[2020-10-31T11:32:31.968+0000][info][gc           ] Trigger: Free (408M) is below minimum threshold (409M)
[2020-10-31T11:32:31.968+0000][info][gc,ergo      ] Free: 408M (204 regions), Max regular: 2048K, Max humongous: 239616K, External frag: 43%, Internal frag: 0%
[2020-10-31T11:32:31.968+0000][info][gc,ergo      ] Evacuation Reserve: 206M (103 regions), Max regular: 2048K
[2020-10-31T11:32:31.968+0000][info][gc,start     ] GC(123) Concurrent reset
[2020-10-31T11:32:31.968+0000][info][gc,task      ] GC(123) Using 1 of 1 workers for concurrent reset
[2020-10-31T11:32:31.977+0000][info][gc           ] GC(123) Concurrent reset 3482M->3484M(4096M) 8.894ms
[2020-10-31T11:32:31.977+0000][info][gc,start     ] GC(123) Pause Init Mark
[2020-10-31T11:32:31.977+0000][info][gc,task      ] GC(123) Using 1 of 1 workers for init marking
[2020-10-31T11:32:31.978+0000][info][gc,ergo      ] GC(123) Pacer for Mark. Expected Live: 116M, Free: 406M, Non-Taxable: 40M, Alloc Tax Rate: 1.1x
[2020-10-31T11:32:31.978+0000][info][gc           ] GC(123) Pause Init Mark 0.494ms
[2020-10-31T11:32:31.978+0000][info][safepoint    ] Safepoint "ShenandoahInitMark", Time since last: 214362688 ns, Reaching safepoint: 142787 ns, At safepoint: 514564 ns, Total: 657351 ns
[2020-10-31T11:32:31.978+0000][info][gc,start     ] GC(123) Concurrent marking
[2020-10-31T11:32:31.978+0000][info][gc,task      ] GC(123) Using 1 of 1 workers for concurrent marking
[2020-10-31T11:32:32.264+0000][info][gc           ] GC(123) Concurrent marking 3486M->3556M(4096M) 286.095ms
[2020-10-31T11:32:32.264+0000][info][gc,start     ] GC(123) Pause Final Mark
[2020-10-31T11:32:32.264+0000][info][gc,task      ] GC(123) Using 1 of 1 workers for final marking
[2020-10-31T11:32:32.265+0000][info][gc,ergo      ] GC(123) Adaptive CSet Selection. Target Free: 409M, Actual Free: 540M, Max CSet: 170M, Min Garbage: 0M
[2020-10-31T11:32:32.265+0000][info][gc,ergo      ] GC(123) Collectable Garbage: 3343M (99% of total), 44M CSet, 1694 CSet regions
[2020-10-31T11:32:32.265+0000][info][gc,ergo      ] GC(123) Immediate Garbage: 0M (0% of total), 0 regions
[2020-10-31T11:32:32.266+0000][info][gc,ergo      ] GC(123) Pacer for Evacuation. Used CSet: 3388M, Free: 334M, Non-Taxable: 33M, Alloc Tax Rate: 24.8x
[2020-10-31T11:32:32.266+0000][info][gc           ] GC(123) Pause Final Mark 1.481ms
[2020-10-31T11:32:32.266+0000][info][safepoint    ] Safepoint "ShenandoahFinalMarkStartEvac", Time since last: 286180056 ns, Reaching safepoint: 140252 ns, At safepoint: 1502918 ns, Total: 1643170 ns
[2020-10-31T11:32:32.266+0000][info][gc,start     ] GC(123) Concurrent cleanup
[2020-10-31T11:32:32.266+0000][info][gc           ] GC(123) Concurrent cleanup 3556M->3556M(4096M) 0.159ms
[2020-10-31T11:32:32.266+0000][info][gc,ergo      ] GC(123) Free: 334M (167 regions), Max regular: 2048K, Max humongous: 239616K, External frag: 30%, Internal frag: 0%
[2020-10-31T11:32:32.266+0000][info][gc,ergo      ] GC(123) Evacuation Reserve: 205M (103 regions), Max regular: 2048K
[2020-10-31T11:32:32.266+0000][info][gc,start     ] GC(123) Concurrent evacuation
[2020-10-31T11:32:32.266+0000][info][gc,task      ] GC(123) Using 1 of 1 workers for concurrent evacuation
[2020-10-31T11:32:32.350+0000][info][gc           ] GC(123) Concurrent evacuation 3556M->3626M(4096M) 84.065ms
[2020-10-31T11:32:32.350+0000][info][gc,start     ] GC(123) Pause Init Update Refs
[2020-10-31T11:32:32.350+0000][info][gc,ergo      ] GC(123) Pacer for Update Refs. Used: 3626M, Free: 310M, Non-Taxable: 31M, Alloc Tax Rate: 14.3x
[2020-10-31T11:32:32.350+0000][info][gc           ] GC(123) Pause Init Update Refs 0.058ms
[2020-10-31T11:32:32.350+0000][info][safepoint    ] Safepoint "ShenandoahInitUpdateRefs", Time since last: 84344954 ns, Reaching safepoint: 145352 ns, At safepoint: 76808 ns, Total: 222160 ns
[2020-10-31T11:32:32.350+0000][info][gc,start     ] GC(123) Concurrent update references
[2020-10-31T11:32:32.350+0000][info][gc,task      ] GC(123) Using 1 of 1 workers for concurrent reference update
[2020-10-31T11:32:32.556+0000][info][gc           ] GC(123) Concurrent update references 3626M->3680M(4096M) 206.113ms
[2020-10-31T11:32:32.557+0000][info][gc,start     ] GC(123) Pause Final Update Refs
[2020-10-31T11:32:32.557+0000][info][gc,task      ] GC(123) Using 1 of 1 workers for final reference update
[2020-10-31T11:32:32.557+0000][info][gc           ] GC(123) Pause Final Update Refs 0.208ms
[2020-10-31T11:32:32.557+0000][info][safepoint    ] Safepoint "ShenandoahFinalUpdateRefs", Time since last: 206195967 ns, Reaching safepoint: 154577 ns, At safepoint: 230614 ns, Total: 385191 ns
[2020-10-31T11:32:32.557+0000][info][gc,start     ] GC(123) Concurrent cleanup
[2020-10-31T11:32:32.557+0000][info][gc           ] GC(123) Concurrent cleanup 3680M->292M(4096M) 0.283ms
[2020-10-31T11:32:32.557+0000][info][gc,ergo      ] Free: 3598M (1799 regions), Max regular: 2048K, Max humongous: 3340288K, External frag: 10%, Internal frag: 0%
[2020-10-31T11:32:32.557+0000][info][gc,ergo      ] Evacuation Reserve: 206M (103 regions), Max regular: 2048K
[2020-10-31T11:32:32.557+0000][info][gc,ergo      ] Pacer for Idle. Initial: 81M, Alloc Tax Rate: 1.0x
[2020-10-31T11:32:33.557+0000][info][safepoint    ] Safepoint "Cleanup", Time since last: 1000080838 ns, Reaching safepoint: 137442 ns, At safepoint: 3413 ns, Total: 140855 ns
[2020-10-31T11:32:34.557+0000][info][safepoint    ] Safepoint "Cleanup", Time since last: 1000107181 ns, Reaching safepoint: 142324 ns, At safepoint: 7035 ns, Total: 149359 ns
[2020-10-31T11:32:35.558+0000][info][safepoint    ] Safepoint "Cleanup", Time since last: 1000107340 ns, Reaching safepoint: 135821 ns, At safepoint: 5427 ns, Total: 141248 ns
[2020-10-31T11:32:36.558+0000][info][safepoint    ] Safepoint "Cleanup", Time since last: 1000109731 ns, Reaching safepoint: 140190 ns, At safepoint: 5226 ns, Total: 145416 ns
[2020-10-31T11:32:37.558+0000][info][safepoint    ] Safepoint "Cleanup", Time since last: 1000111207 ns, Reaching safepoint: 129955 ns, At safepoint: 5576 ns, Total: 135531 ns
[2020-10-31T11:32:38.558+0000][info][safepoint    ] Safepoint "Cleanup", Time since last: 1000107944 ns, Reaching safepoint: 86767 ns, At safepoint: 6466 ns, Total: 93233 ns
[2020-10-31T11:32:39.559+0000][info][safepoint    ] Safepoint "Cleanup", Time since last: 1000100099 ns, Reaching safepoint: 135672 ns, At safepoint: 6470 ns, Total: 142142 ns
[2020-10-31T11:32:40.559+0000][info][safepoint    ] Safepoint "Cleanup", Time since last: 1000106042 ns, Reaching safepoint: 144736 ns, At safepoint: 8058 ns, Total: 152794 ns
[2020-10-31T11:32:41.559+0000][info][safepoint    ] Safepoint "Cleanup", Time since last: 1000111604 ns, Reaching safepoint: 101506 ns, At safepoint: 6272 ns, Total: 107778 ns
[2020-10-31T11:32:42.442+0000][info][gc           ] Trigger: Free (408M) is below minimum threshold (409M)
[2020-10-31T11:32:42.442+0000][info][gc,ergo      ] Free: 408M (204 regions), Max regular: 2048K, Max humongous: 342016K, External frag: 19%, Internal frag: 0%
[2020-10-31T11:32:42.442+0000][info][gc,ergo      ] Evacuation Reserve: 206M (103 regions), Max regular: 2048K
[2020-10-31T11:32:42.442+0000][info][gc,start     ] GC(124) Concurrent reset
[2020-10-31T11:32:42.442+0000][info][gc,task      ] GC(124) Using 1 of 1 workers for concurrent reset
[2020-10-31T11:32:42.451+0000][info][gc           ] GC(124) Concurrent reset 3482M->3482M(4096M) 8.976ms
[2020-10-31T11:32:42.451+0000][info][gc,start     ] GC(124) Pause Init Mark
[2020-10-31T11:32:42.451+0000][info][gc,task      ] GC(124) Using 1 of 1 workers for init marking
[2020-10-31T11:32:42.451+0000][info][gc,ergo      ] GC(124) Pacer for Mark. Expected Live: 116M, Free: 408M, Non-Taxable: 40M, Alloc Tax Rate: 1.0x
[2020-10-31T11:32:42.451+0000][info][gc           ] GC(124) Pause Init Mark 0.500ms
[2020-10-31T11:32:42.451+0000][info][safepoint    ] Safepoint "ShenandoahInitMark", Time since last: 891604987 ns, Reaching safepoint: 142429 ns, At safepoint: 519537 ns, Total: 661966 ns
[2020-10-31T11:32:42.451+0000][info][gc,start     ] GC(124) Concurrent marking
[2020-10-31T11:32:42.451+0000][info][gc,task      ] GC(124) Using 1 of 1 workers for concurrent marking
[2020-10-31T11:32:42.791+0000][info][gc           ] GC(124) Concurrent marking 3482M->3570M(4096M) 340.023ms
[2020-10-31T11:32:42.791+0000][info][gc,start     ] GC(124) Pause Final Mark
[2020-10-31T11:32:42.791+0000][info][gc,task      ] GC(124) Using 1 of 1 workers for final marking
[2020-10-31T11:32:42.792+0000][info][gc,ergo      ] GC(124) Adaptive CSet Selection. Target Free: 409M, Actual Free: 526M, Max CSet: 170M, Min Garbage: 0M
[2020-10-31T11:32:42.792+0000][info][gc,ergo      ] GC(124) Collectable Garbage: 3297M (99% of total), 44M CSet, 1671 CSet regions
[2020-10-31T11:32:42.792+0000][info][gc,ergo      ] GC(124) Immediate Garbage: 0M (0% of total), 0 regions
[2020-10-31T11:32:42.793+0000][info][gc,ergo      ] GC(124) Pacer for Evacuation. Used CSet: 3342M, Free: 320M, Non-Taxable: 32M, Alloc Tax Rate: 25.5x
[2020-10-31T11:32:42.793+0000][info][gc           ] GC(124) Pause Final Mark 1.434ms
[2020-10-31T11:32:42.793+0000][info][safepoint    ] Safepoint "ShenandoahFinalMarkStartEvac", Time since last: 340117055 ns, Reaching safepoint: 58827 ns, At safepoint: 1455538 ns, Total: 1514365 ns
[2020-10-31T11:32:42.793+0000][info][gc,start     ] GC(124) Concurrent cleanup
[2020-10-31T11:32:42.793+0000][info][gc           ] GC(124) Concurrent cleanup 3572M->3574M(4096M) 0.184ms
[2020-10-31T11:32:42.793+0000][info][gc,ergo      ] GC(124) Free: 316M (158 regions), Max regular: 2048K, Max humongous: 321536K, External frag: 1%, Internal frag: 0%
[2020-10-31T11:32:42.793+0000][info][gc,ergo      ] GC(124) Evacuation Reserve: 206M (103 regions), Max regular: 2048K
[2020-10-31T11:32:42.793+0000][info][gc,start     ] GC(124) Concurrent evacuation
[2020-10-31T11:32:42.793+0000][info][gc,task      ] GC(124) Using 1 of 1 workers for concurrent evacuation
[2020-10-31T11:32:42.876+0000][info][gc           ] GC(124) Concurrent evacuation 3574M->3638M(4096M) 82.922ms
[2020-10-31T11:32:42.876+0000][info][gc,start     ] GC(124) Pause Init Update Refs
[2020-10-31T11:32:42.876+0000][info][gc,ergo      ] GC(124) Pacer for Update Refs. Used: 3638M, Free: 298M, Non-Taxable: 29M, Alloc Tax Rate: 14.9x
[2020-10-31T11:32:42.876+0000][info][gc           ] GC(124) Pause Init Update Refs 0.054ms
[2020-10-31T11:32:42.876+0000][info][safepoint    ] Safepoint "ShenandoahInitUpdateRefs", Time since last: 83230429 ns, Reaching safepoint: 142875 ns, At safepoint: 71605 ns, Total: 214480 ns
[2020-10-31T11:32:42.876+0000][info][gc,start     ] GC(124) Concurrent update references
[2020-10-31T11:32:42.876+0000][info][gc,task      ] GC(124) Using 1 of 1 workers for concurrent reference update
[2020-10-31T11:32:43.119+0000][info][gc           ] GC(124) Concurrent update references 3640M->3700M(4096M) 242.306ms
[2020-10-31T11:32:43.119+0000][info][gc,start     ] GC(124) Pause Final Update Refs
[2020-10-31T11:32:43.119+0000][info][gc,task      ] GC(124) Using 1 of 1 workers for final reference update
[2020-10-31T11:32:43.119+0000][info][gc           ] GC(124) Pause Final Update Refs 0.206ms
[2020-10-31T11:32:43.119+0000][info][safepoint    ] Safepoint "ShenandoahFinalUpdateRefs", Time since last: 242392474 ns, Reaching safepoint: 72770 ns, At safepoint: 228442 ns, Total: 301212 ns
[2020-10-31T11:32:43.119+0000][info][gc,start     ] GC(124) Concurrent cleanup
[2020-10-31T11:32:43.119+0000][info][gc           ] GC(124) Concurrent cleanup 3700M->358M(4096M) 0.306ms
[2020-10-31T11:32:43.119+0000][info][gc,ergo      ] Free: 3532M (1766 regions), Max regular: 2048K, Max humongous: 3266560K, External frag: 10%, Internal frag: 0%
[2020-10-31T11:32:43.119+0000][info][gc,ergo      ] Evacuation Reserve: 206M (103 regions), Max regular: 2048K
[2020-10-31T11:32:43.119+0000][info][gc,ergo      ] Pacer for Idle. Initial: 81M, Alloc Tax Rate: 1.0x
[2020-10-31T11:32:44.119+0000][info][safepoint    ] Safepoint "Cleanup", Time since last: 1000081977 ns, Reaching safepoint: 138600 ns, At safepoint: 5072 ns, Total: 143672 ns
[2020-10-31T11:32:45.120+0000][info][safepoint    ] Safepoint "Cleanup", Time since last: 1000111063 ns, Reaching safepoint: 141608 ns, At safepoint: 5227 ns, Total: 146835 ns
[2020-10-31T11:32:46.120+0000][info][safepoint    ] Safepoint "Cleanup", Time since last: 1000107852 ns, Reaching safepoint: 133893 ns, At safepoint: 5603 ns, Total: 139496 ns
[2020-10-31T11:32:47.120+0000][info][safepoint    ] Safepoint "Cleanup", Time since last: 1000114449 ns, Reaching safepoint: 139199 ns, At safepoint: 5115 ns, Total: 144314 ns
[2020-10-31T11:32:48.120+0000][info][safepoint    ] Safepoint "Cleanup", Time since last: 1000106919 ns, Reaching safepoint: 121744 ns, At safepoint: 6762 ns, Total: 128506 ns
[2020-10-31T11:32:49.121+0000][info][safepoint    ] Safepoint "Cleanup", Time since last: 1000111951 ns, Reaching safepoint: 148552 ns, At safepoint: 5155 ns, Total: 153707 ns
[2020-10-31T11:32:50.121+0000][info][safepoint    ] Safepoint "Cleanup", Time since last: 1000103538 ns, Reaching safepoint: 138969 ns, At safepoint: 7898 ns, Total: 146867 ns
[2020-10-31T11:32:51.121+0000][info][safepoint    ] Safepoint "Cleanup", Time since last: 1000111029 ns, Reaching safepoint: 60447 ns, At safepoint: 5480 ns, Total: 65927 ns
[2020-10-31T11:32:52.121+0000][info][safepoint    ] Safepoint "Cleanup", Time since last: 1000106704 ns, Reaching safepoint: 136858 ns, At safepoint: 5855 ns, Total: 142713 ns
[2020-10-31T11:32:52.771+0000][info][gc           ] Trigger: Free (408M) is below minimum threshold (409M)
[2020-10-31T11:32:52.771+0000][info][gc,ergo      ] Free: 408M (204 regions), Max regular: 2048K, Max humongous: 194560K, External frag: 54%, Internal frag: 0%
[2020-10-31T11:32:52.771+0000][info][gc,ergo      ] Evacuation Reserve: 206M (103 regions), Max regular: 2048K
[2020-10-31T11:32:52.771+0000][info][gc,start     ] GC(125) Concurrent reset
[2020-10-31T11:32:52.771+0000][info][gc,task      ] GC(125) Using 1 of 1 workers for concurrent reset
[2020-10-31T11:32:52.780+0000][info][gc           ] GC(125) Concurrent reset 3482M->3482M(4096M) 9.072ms
[2020-10-31T11:32:52.780+0000][info][gc,start     ] GC(125) Pause Init Mark (process weakrefs)
[2020-10-31T11:32:52.780+0000][info][gc,task      ] GC(125) Using 1 of 1 workers for init marking
[2020-10-31T11:32:52.780+0000][info][gc,ergo      ] GC(125) Pacer for Mark. Expected Live: 116M, Free: 408M, Non-Taxable: 40M, Alloc Tax Rate: 1.0x
[2020-10-31T11:32:52.780+0000][info][gc           ] GC(125) Pause Init Mark (process weakrefs) 0.467ms
[2020-10-31T11:32:52.780+0000][info][safepoint    ] Safepoint "ShenandoahInitMark", Time since last: 658593873 ns, Reaching safepoint: 63855 ns, At safepoint: 499101 ns, Total: 562956 ns
[2020-10-31T11:32:52.780+0000][info][gc,start     ] GC(125) Concurrent marking (process weakrefs)
[2020-10-31T11:32:52.780+0000][info][gc,task      ] GC(125) Using 1 of 1 workers for concurrent marking
[2020-10-31T11:32:53.213+0000][info][gc           ] GC(125) Concurrent marking (process weakrefs) 3484M->3590M(4096M) 432.172ms
[2020-10-31T11:32:53.213+0000][info][gc,start     ] GC(125) Concurrent precleaning
[2020-10-31T11:32:53.213+0000][info][gc,task      ] GC(125) Using 1 of 1 workers for concurrent preclean
[2020-10-31T11:32:53.309+0000][info][gc           ] GC(125) Concurrent precleaning 3590M->3620M(4096M) 96.686ms
[2020-10-31T11:32:53.310+0000][info][gc,start     ] GC(125) Pause Final Mark (process weakrefs)
[2020-10-31T11:32:53.310+0000][info][gc,task      ] GC(125) Using 1 of 1 workers for final marking
[2020-10-31T11:32:53.392+0000][info][gc,ergo      ] GC(125) Adaptive CSet Selection. Target Free: 409M, Actual Free: 476M, Max CSet: 170M, Min Garbage: 0M
[2020-10-31T11:32:53.393+0000][info][gc,ergo      ] GC(125) Collectable Garbage: 3275M (97% of total), 24M CSet, 1650 CSet regions
[2020-10-31T11:32:53.393+0000][info][gc,ergo      ] GC(125) Immediate Garbage: 0M (0% of total), 0 regions
[2020-10-31T11:32:53.393+0000][info][gc,ergo      ] GC(125) Pacer for Evacuation. Used CSet: 3300M, Free: 270M, Non-Taxable: 27M, Alloc Tax Rate: 29.9x
[2020-10-31T11:32:53.393+0000][info][gc           ] GC(125) Pause Final Mark (process weakrefs) 83.708ms
[2020-10-31T11:32:53.393+0000][info][safepoint    ] Safepoint "ShenandoahFinalMarkStartEvac", Time since last: 528985512 ns, Reaching safepoint: 140811 ns, At safepoint: 83734194 ns, Total: 83875005 ns
[2020-10-31T11:32:53.393+0000][info][gc,start     ] GC(125) Concurrent cleanup
[2020-10-31T11:32:53.394+0000][info][gc           ] GC(125) Concurrent cleanup 3620M->3620M(4096M) 0.213ms
[2020-10-31T11:32:53.394+0000][info][gc,ergo      ] GC(125) Free: 270M (135 regions), Max regular: 2048K, Max humongous: 194560K, External frag: 30%, Internal frag: 0%
[2020-10-31T11:32:53.394+0000][info][gc,ergo      ] GC(125) Evacuation Reserve: 205M (103 regions), Max regular: 2048K
[2020-10-31T11:32:53.394+0000][info][gc,start     ] GC(125) Concurrent evacuation
[2020-10-31T11:32:53.394+0000][info][gc,task      ] GC(125) Using 1 of 1 workers for concurrent evacuation
[2020-10-31T11:32:53.541+0000][info][gc           ] GC(125) Concurrent evacuation 3620M->3676M(4096M) 147.188ms
[2020-10-31T11:32:53.541+0000][info][gc,start     ] GC(125) Pause Init Update Refs
[2020-10-31T11:32:53.541+0000][info][gc,ergo      ] GC(125) Pacer for Update Refs. Used: 3676M, Free: 240M, Non-Taxable: 24M, Alloc Tax Rate: 18.7x
[2020-10-31T11:32:53.541+0000][info][gc           ] GC(125) Pause Init Update Refs 0.056ms
[2020-10-31T11:32:53.541+0000][info][safepoint    ] Safepoint "ShenandoahInitUpdateRefs", Time since last: 147525989 ns, Reaching safepoint: 147391 ns, At safepoint: 76735 ns, Total: 224126 ns
[2020-10-31T11:32:53.541+0000][info][gc,start     ] GC(125) Concurrent update references
[2020-10-31T11:32:53.541+0000][info][gc,task      ] GC(125) Using 1 of 1 workers for concurrent reference update
[2020-10-31T11:32:53.864+0000][info][gc           ] GC(125) Concurrent update references 3676M->3736M(4096M) 322.500ms
[2020-10-31T11:32:53.864+0000][info][gc,start     ] GC(125) Pause Final Update Refs
[2020-10-31T11:32:53.864+0000][info][gc,task      ] GC(125) Using 1 of 1 workers for final reference update
[2020-10-31T11:32:53.864+0000][info][gc           ] GC(125) Pause Final Update Refs 0.186ms
[2020-10-31T11:32:53.864+0000][info][safepoint    ] Safepoint "ShenandoahFinalUpdateRefs", Time since last: 322588935 ns, Reaching safepoint: 133147 ns, At safepoint: 208533 ns, Total: 341680 ns
[2020-10-31T11:32:53.864+0000][info][gc,start     ] GC(125) Concurrent cleanup
[2020-10-31T11:32:53.864+0000][info][gc           ] GC(125) Concurrent cleanup 3736M->436M(4096M) 0.312ms
[2020-10-31T11:32:53.864+0000][info][gc,ergo      ] Free: 3454M (1727 regions), Max regular: 2048K, Max humongous: 3198976K, External frag: 10%, Internal frag: 0%
[2020-10-31T11:32:53.864+0000][info][gc,ergo      ] Evacuation Reserve: 206M (103 regions), Max regular: 2048K
[2020-10-31T11:32:53.864+0000][info][gc,ergo      ] Pacer for Idle. Initial: 81M, Alloc Tax Rate: 1.0x
[2020-10-31T11:32:54.864+0000][info][safepoint    ] Safepoint "Cleanup", Time since last: 1000082284 ns, Reaching safepoint: 137772 ns, At safepoint: 3534 ns, Total: 141306 ns
[2020-10-31T11:32:55.864+0000][info][safepoint    ] Safepoint "Cleanup", Time since last: 1000126079 ns, Reaching safepoint: 137498 ns, At safepoint: 5495 ns, Total: 142993 ns
[2020-10-31T11:32:56.865+0000][info][safepoint    ] Safepoint "Cleanup", Time since last: 1000096498 ns, Reaching safepoint: 137737 ns, At safepoint: 13357 ns, Total: 151094 ns
[2020-10-31T11:32:57.865+0000][info][safepoint    ] Safepoint "Cleanup", Time since last: 1000107420 ns, Reaching safepoint: 137461 ns, At safepoint: 5730 ns, Total: 143191 ns
[2020-10-31T11:32:59.283+0000][info][safepoint    ] Safepoint "Cleanup", Time since last: 1418031065 ns, Reaching safepoint: 61097 ns, At safepoint: 6748 ns, Total: 67845 ns
[2020-10-31T11:33:00.283+0000][info][safepoint    ] Safepoint "Cleanup", Time since last: 1000103191 ns, Reaching safepoint: 139034 ns, At safepoint: 5125 ns, Total: 144159 ns
[2020-10-31T11:33:01.283+0000][info][safepoint    ] Safepoint "Cleanup", Time since last: 1000105273 ns, Reaching safepoint: 61416 ns, At safepoint: 6753 ns, Total: 68169 ns
[2020-10-31T11:33:02.284+0000][info][safepoint    ] Safepoint "Cleanup", Time since last: 1000110869 ns, Reaching safepoint: 56254 ns, At safepoint: 5389 ns, Total: 61643 ns
[2020-10-31T11:33:03.284+0000][info][safepoint    ] Safepoint "Cleanup", Time since last: 1000110722 ns, Reaching safepoint: 135368 ns, At safepoint: 5666 ns, Total: 141034 ns
[2020-10-31T11:33:03.321+0000][info][gc           ] Trigger: Free (408M) is below minimum threshold (409M)
[2020-10-31T11:33:03.322+0000][info][gc,ergo      ] Free: 408M (204 regions), Max regular: 2048K, Max humongous: 159744K, External frag: 62%, Internal frag: 0%
[2020-10-31T11:33:03.322+0000][info][gc,ergo      ] Evacuation Reserve: 206M (103 regions), Max regular: 2048K
[2020-10-31T11:33:03.322+0000][info][gc,start     ] GC(126) Concurrent reset
[2020-10-31T11:33:03.322+0000][info][gc,task      ] GC(126) Using 1 of 1 workers for concurrent reset
[2020-10-31T11:33:03.331+0000][info][gc           ] GC(126) Concurrent reset 3482M->3482M(4096M) 8.952ms
[2020-10-31T11:33:03.331+0000][info][gc,start     ] GC(126) Pause Init Mark
[2020-10-31T11:33:03.331+0000][info][gc,task      ] GC(126) Using 1 of 1 workers for init marking
[2020-10-31T11:33:03.331+0000][info][gc,ergo      ] GC(126) Pacer for Mark. Expected Live: 116M, Free: 408M, Non-Taxable: 40M, Alloc Tax Rate: 1.0x
[2020-10-31T11:33:03.331+0000][info][gc           ] GC(126) Pause Init Mark 0.503ms
[2020-10-31T11:33:03.331+0000][info][safepoint    ] Safepoint "ShenandoahInitMark", Time since last: 46693444 ns, Reaching safepoint: 140345 ns, At safepoint: 524949 ns, Total: 665294 ns
[2020-10-31T11:33:03.331+0000][info][gc,start     ] GC(126) Concurrent marking
[2020-10-31T11:33:03.331+0000][info][gc,task      ] GC(126) Using 1 of 1 workers for concurrent marking
[2020-10-31T11:33:03.505+0000][info][gc           ] GC(126) Concurrent marking 3482M->3526M(4096M) 173.355ms
[2020-10-31T11:33:03.505+0000][info][gc,start     ] GC(126) Pause Final Mark
[2020-10-31T11:33:03.505+0000][info][gc,task      ] GC(126) Using 1 of 1 workers for final marking
[2020-10-31T11:33:03.505+0000][info][gc,ergo      ] GC(126) Adaptive CSet Selection. Target Free: 409M, Actual Free: 760M, Max CSet: 170M, Min Garbage: 0M
[2020-10-31T11:33:03.506+0000][info][gc,ergo      ] GC(126) Collectable Garbage: 3242M (94% of total), 43M CSet, 1643 CSet regions
[2020-10-31T11:33:03.506+0000][info][gc,ergo      ] GC(126) Immediate Garbage: 190M (5% of total), 95 regions
[2020-10-31T11:33:03.506+0000][info][gc,ergo      ] GC(126) Pacer for Evacuation. Used CSet: 3286M, Free: 554M, Non-Taxable: 55M, Alloc Tax Rate: 14.5x
[2020-10-31T11:33:03.506+0000][info][gc           ] GC(126) Pause Final Mark 1.485ms
[2020-10-31T11:33:03.506+0000][info][safepoint    ] Safepoint "ShenandoahFinalMarkStartEvac", Time since last: 173430996 ns, Reaching safepoint: 64054 ns, At safepoint: 1506764 ns, Total: 1570818 ns
[2020-10-31T11:33:03.506+0000][info][gc,start     ] GC(126) Concurrent cleanup
[2020-10-31T11:33:03.506+0000][info][gc           ] GC(126) Concurrent cleanup 3526M->3338M(4096M) 0.177ms
[2020-10-31T11:33:03.506+0000][info][gc,ergo      ] GC(126) Free: 552M (276 regions), Max regular: 2048K, Max humongous: 354304K, External frag: 38%, Internal frag: 0%
[2020-10-31T11:33:03.506+0000][info][gc,ergo      ] GC(126) Evacuation Reserve: 205M (103 regions), Max regular: 2048K
[2020-10-31T11:33:03.506+0000][info][gc,start     ] GC(126) Concurrent evacuation
[2020-10-31T11:33:03.506+0000][info][gc,task      ] GC(126) Using 1 of 1 workers for concurrent evacuation
[2020-10-31T11:33:03.588+0000][info][gc           ] GC(126) Concurrent evacuation 3338M->3404M(4096M) 81.165ms
[2020-10-31T11:33:03.588+0000][info][gc,start     ] GC(126) Pause Init Update Refs
[2020-10-31T11:33:03.588+0000][info][gc,ergo      ] GC(126) Pacer for Update Refs. Used: 3404M, Free: 530M, Non-Taxable: 53M, Alloc Tax Rate: 7.8x
[2020-10-31T11:33:03.588+0000][info][gc           ] GC(126) Pause Init Update Refs 0.057ms
[2020-10-31T11:33:03.588+0000][info][safepoint    ] Safepoint "ShenandoahInitUpdateRefs", Time since last: 81461231 ns, Reaching safepoint: 140907 ns, At safepoint: 76886 ns, Total: 217793 ns
[2020-10-31T11:33:03.588+0000][info][gc,start     ] GC(126) Concurrent update references
[2020-10-31T11:33:03.588+0000][info][gc,task      ] GC(126) Using 1 of 1 workers for concurrent reference update
[2020-10-31T11:33:03.712+0000][info][gc           ] GC(126) Concurrent update references 3406M->3438M(4096M) 123.715ms
[2020-10-31T11:33:03.712+0000][info][gc,start     ] GC(126) Pause Final Update Refs
[2020-10-31T11:33:03.712+0000][info][gc,task      ] GC(126) Using 1 of 1 workers for final reference update
[2020-10-31T11:33:03.712+0000][info][gc           ] GC(126) Pause Final Update Refs 0.195ms
[2020-10-31T11:33:03.712+0000][info][safepoint    ] Safepoint "ShenandoahFinalUpdateRefs", Time since last: 123856968 ns, Reaching safepoint: 140462 ns, At safepoint: 217358 ns, Total: 357820 ns
[2020-10-31T11:33:03.712+0000][info][gc,start     ] GC(126) Concurrent cleanup
[2020-10-31T11:33:03.712+0000][info][gc           ] GC(126) Concurrent cleanup 3438M->152M(4096M) 0.280ms
[2020-10-31T11:33:03.712+0000][info][gc,ergo      ] Free: 3738M (1869 regions), Max regular: 2048K, Max humongous: 3119104K, External frag: 19%, Internal frag: 0%
[2020-10-31T11:33:03.712+0000][info][gc,ergo      ] Evacuation Reserve: 206M (103 regions), Max regular: 2048K
[2020-10-31T11:33:03.712+0000][info][gc,ergo      ] Pacer for Idle. Initial: 81M, Alloc Tax Rate: 1.0x
[2020-10-31T11:33:04.712+0000][info][safepoint    ] Safepoint "Cleanup", Time since last: 1000080050 ns, Reaching safepoint: 136305 ns, At safepoint: 5157 ns, Total: 141462 ns
[2020-10-31T11:33:05.713+0000][info][safepoint    ] Safepoint "Cleanup", Time since last: 1000109069 ns, Reaching safepoint: 135820 ns, At safepoint: 5231 ns, Total: 141051 ns
[2020-10-31T11:33:06.713+0000][info][safepoint    ] Safepoint "Cleanup", Time since last: 1000106008 ns, Reaching safepoint: 59137 ns, At safepoint: 6469 ns, Total: 65606 ns
[2020-10-31T11:33:07.713+0000][info][safepoint    ] Safepoint "Cleanup", Time since last: 1000101917 ns, Reaching safepoint: 147683 ns, At safepoint: 5130 ns, Total: 152813 ns
[2020-10-31T11:33:08.713+0000][info][safepoint    ] Safepoint "Cleanup", Time since last: 1000110404 ns, Reaching safepoint: 153767 ns, At safepoint: 3085 ns, Total: 156852 ns
[2020-10-31T11:33:09.713+0000][info][safepoint    ] Safepoint "Cleanup", Time since last: 1000102737 ns, Reaching safepoint: 59828 ns, At safepoint: 5113 ns, Total: 64941 ns
[2020-10-31T11:33:10.714+0000][info][safepoint    ] Safepoint "Cleanup", Time since last: 1000111046 ns, Reaching safepoint: 137000 ns, At safepoint: 5215 ns, Total: 142215 ns
[2020-10-31T11:33:11.714+0000][info][safepoint    ] Safepoint "Cleanup", Time since last: 1000105919 ns, Reaching safepoint: 133851 ns, At safepoint: 6125 ns, Total: 139976 ns
[2020-10-31T11:33:12.714+0000][info][safepoint    ] Safepoint "Cleanup", Time since last: 1000104856 ns, Reaching safepoint: 137456 ns, At safepoint: 3250 ns, Total: 140706 ns
[2020-10-31T11:33:13.714+0000][info][safepoint    ] Safepoint "Cleanup", Time since last: 1000120400 ns, Reaching safepoint: 133248 ns, At safepoint: 5744 ns, Total: 138992 ns
[2020-10-31T11:33:13.976+0000][info][gc           ] Trigger: Average GC time (650.60 ms) is above the time for allocation rate (321.55 MB/s) to deplete free headroom (209M)
[2020-10-31T11:33:13.976+0000][info][gc,ergo      ] Free headroom: 414M (free) - 204M (spike) - 0M (penalties) = 209M
[2020-10-31T11:33:13.976+0000][info][gc,ergo      ] Free: 414M (207 regions), Max regular: 2048K, Max humongous: 421888K, External frag: 1%, Internal frag: 0%
[2020-10-31T11:33:13.976+0000][info][gc,ergo      ] Evacuation Reserve: 206M (103 regions), Max regular: 2048K
[2020-10-31T11:33:13.976+0000][info][gc,start     ] GC(127) Concurrent reset
[2020-10-31T11:33:13.976+0000][info][gc,task      ] GC(127) Using 1 of 1 workers for concurrent reset
[2020-10-31T11:33:13.985+0000][info][gc           ] GC(127) Concurrent reset 3476M->3476M(4096M) 8.711ms
[2020-10-31T11:33:13.985+0000][info][gc,start     ] GC(127) Pause Init Mark
[2020-10-31T11:33:13.985+0000][info][gc,task      ] GC(127) Using 1 of 1 workers for init marking
[2020-10-31T11:33:13.986+0000][info][gc,ergo      ] GC(127) Pacer for Mark. Expected Live: 116M, Free: 414M, Non-Taxable: 41M, Alloc Tax Rate: 1.0x
[2020-10-31T11:33:13.986+0000][info][gc           ] GC(127) Pause Init Mark 0.496ms
[2020-10-31T11:33:13.986+0000][info][safepoint    ] Safepoint "ShenandoahInitMark", Time since last: 270447499 ns, Reaching safepoint: 141299 ns, At safepoint: 515703 ns, Total: 657002 ns
[2020-10-31T11:33:13.986+0000][info][gc,start     ] GC(127) Concurrent marking
[2020-10-31T11:33:13.986+0000][info][gc,task      ] GC(127) Using 1 of 1 workers for concurrent marking
[2020-10-31T11:33:14.224+0000][info][gc           ] GC(127) Concurrent marking 3478M->3546M(4096M) 238.591ms
[2020-10-31T11:33:14.224+0000][info][gc,start     ] GC(127) Pause Final Mark
[2020-10-31T11:33:14.224+0000][info][gc,task      ] GC(127) Using 1 of 1 workers for final marking
[2020-10-31T11:33:14.225+0000][info][gc,ergo      ] GC(127) Adaptive CSet Selection. Target Free: 409M, Actual Free: 550M, Max CSet: 170M, Min Garbage: 0M
[2020-10-31T11:33:14.225+0000][info][gc,ergo      ] GC(127) Collectable Garbage: 3380M (99% of total), 45M CSet, 1713 CSet regions
[2020-10-31T11:33:14.225+0000][info][gc,ergo      ] GC(127) Immediate Garbage: 0M (0% of total), 0 regions
[2020-10-31T11:33:14.226+0000][info][gc,ergo      ] GC(127) Pacer for Evacuation. Used CSet: 3426M, Free: 344M, Non-Taxable: 34M, Alloc Tax Rate: 24.3x
[2020-10-31T11:33:14.226+0000][info][gc           ] GC(127) Pause Final Mark 1.396ms
[2020-10-31T11:33:14.226+0000][info][safepoint    ] Safepoint "ShenandoahFinalMarkStartEvac", Time since last: 238675657 ns, Reaching safepoint: 147869 ns, At safepoint: 1419546 ns, Total: 1567415 ns
[2020-10-31T11:33:14.226+0000][info][gc,start     ] GC(127) Concurrent cleanup
[2020-10-31T11:33:14.226+0000][info][gc           ] GC(127) Concurrent cleanup 3546M->3550M(4096M) 0.175ms
[2020-10-31T11:33:14.226+0000][info][gc,ergo      ] GC(127) Free: 340M (170 regions), Max regular: 2048K, Max humongous: 346112K, External frag: 1%, Internal frag: 0%
[2020-10-31T11:33:14.226+0000][info][gc,ergo      ] GC(127) Evacuation Reserve: 206M (103 regions), Max regular: 2048K
[2020-10-31T11:33:14.226+0000][info][gc,start     ] GC(127) Concurrent evacuation
[2020-10-31T11:33:14.226+0000][info][gc,task      ] GC(127) Using 1 of 1 workers for concurrent evacuation
[2020-10-31T11:33:14.310+0000][info][gc           ] GC(127) Concurrent evacuation 3550M->3616M(4096M) 84.339ms
[2020-10-31T11:33:14.311+0000][info][gc,start     ] GC(127) Pause Init Update Refs
[2020-10-31T11:33:14.311+0000][info][gc,ergo      ] GC(127) Pacer for Update Refs. Used: 3616M, Free: 320M, Non-Taxable: 32M, Alloc Tax Rate: 13.8x
[2020-10-31T11:33:14.311+0000][info][gc           ] GC(127) Pause Init Update Refs 0.056ms
[2020-10-31T11:33:14.311+0000][info][safepoint    ] Safepoint "ShenandoahInitUpdateRefs", Time since last: 84639642 ns, Reaching safepoint: 147800 ns, At safepoint: 88038 ns, Total: 235838 ns
[2020-10-31T11:33:14.311+0000][info][gc,start     ] GC(127) Concurrent update references
[2020-10-31T11:33:14.311+0000][info][gc,task      ] GC(127) Using 1 of 1 workers for concurrent reference update
[2020-10-31T11:33:14.479+0000][info][gc           ] GC(127) Concurrent update references 3616M->3660M(4096M) 168.287ms
[2020-10-31T11:33:14.479+0000][info][gc,start     ] GC(127) Pause Final Update Refs
[2020-10-31T11:33:14.479+0000][info][gc,task      ] GC(127) Using 1 of 1 workers for final reference update
[2020-10-31T11:33:14.479+0000][info][gc           ] GC(127) Pause Final Update Refs 0.196ms
[2020-10-31T11:33:14.479+0000][info][safepoint    ] Safepoint "ShenandoahFinalUpdateRefs", Time since last: 168366202 ns, Reaching safepoint: 144983 ns, At safepoint: 217058 ns, Total: 362041 ns
[2020-10-31T11:33:14.479+0000][info][gc,start     ] GC(127) Concurrent cleanup
[2020-10-31T11:33:14.480+0000][info][gc           ] GC(127) Concurrent cleanup 3660M->234M(4096M) 0.282ms
[2020-10-31T11:33:14.480+0000][info][gc,ergo      ] Free: 3656M (1828 regions), Max regular: 2048K, Max humongous: 3508224K, External frag: 7%, Internal frag: 0%
[2020-10-31T11:33:14.480+0000][info][gc,ergo      ] Evacuation Reserve: 206M (103 regions), Max regular: 2048K
[2020-10-31T11:33:14.480+0000][info][gc,ergo      ] Pacer for Idle. Initial: 81M, Alloc Tax Rate: 1.0x
[2020-10-31T11:33:15.480+0000][info][safepoint    ] Safepoint "Cleanup", Time since last: 1000078797 ns, Reaching safepoint: 139863 ns, At safepoint: 5994 ns, Total: 145857 ns
[2020-10-31T11:33:16.480+0000][info][safepoint    ] Safepoint "Cleanup", Time since last: 1000109371 ns, Reaching safepoint: 138591 ns, At safepoint: 14128 ns, Total: 152719 ns
[2020-10-31T11:33:17.480+0000][info][safepoint    ] Safepoint "Cleanup", Time since last: 1000108327 ns, Reaching safepoint: 139447 ns, At safepoint: 5274 ns, Total: 144721 ns
[2020-10-31T11:33:18.480+0000][info][safepoint    ] Safepoint "Cleanup", Time since last: 1000108116 ns, Reaching safepoint: 62441 ns, At safepoint: 5777 ns, Total: 68218 ns
[2020-10-31T11:33:19.481+0000][info][safepoint    ] Safepoint "Cleanup", Time since last: 1000110648 ns, Reaching safepoint: 137599 ns, At safepoint: 5533 ns, Total: 143132 ns
[2020-10-31T11:33:20.481+0000][info][safepoint    ] Safepoint "Cleanup", Time since last: 1000109870 ns, Reaching safepoint: 60583 ns, At safepoint: 5624 ns, Total: 66207 ns
[2020-10-31T11:33:21.481+0000][info][safepoint    ] Safepoint "Cleanup", Time since last: 1000113773 ns, Reaching safepoint: 138510 ns, At safepoint: 5408 ns, Total: 143918 ns
[2020-10-31T11:33:22.481+0000][info][safepoint    ] Safepoint "Cleanup", Time since last: 1000106961 ns, Reaching safepoint: 139432 ns, At safepoint: 5058 ns, Total: 144490 ns
[2020-10-31T11:33:23.482+0000][info][safepoint    ] Safepoint "Cleanup", Time since last: 1000104282 ns, Reaching safepoint: 138104 ns, At safepoint: 3137 ns, Total: 141241 ns
[2020-10-31T11:33:24.477+0000][info][gc           ] Trigger: Average GC time (650.95 ms) is above the time for allocation rate (321.89 MB/s) to deplete free headroom (209M)
[2020-10-31T11:33:24.477+0000][info][gc,ergo      ] Free headroom: 414M (free) - 204M (spike) - 0M (penalties) = 209M
[2020-10-31T11:33:24.477+0000][info][gc,ergo      ] Free: 414M (207 regions), Max regular: 2048K, Max humongous: 233472K, External frag: 45%, Internal frag: 0%
[2020-10-31T11:33:24.477+0000][info][gc,ergo      ] Evacuation Reserve: 206M (103 regions), Max regular: 2048K
[2020-10-31T11:33:24.477+0000][info][gc,start     ] GC(128) Concurrent reset
[2020-10-31T11:33:24.477+0000][info][gc,task      ] GC(128) Using 1 of 1 workers for concurrent reset
[2020-10-31T11:33:24.482+0000][info][safepoint    ] Safepoint "Cleanup", Time since last: 1000116197 ns, Reaching safepoint: 170599 ns, At safepoint: 4303 ns, Total: 174902 ns
[2020-10-31T11:33:24.486+0000][info][gc           ] GC(128) Concurrent reset 3476M->3476M(4096M) 8.939ms
[2020-10-31T11:33:24.486+0000][info][gc,start     ] GC(128) Pause Init Mark
[2020-10-31T11:33:24.486+0000][info][gc,task      ] GC(128) Using 1 of 1 workers for init marking
[2020-10-31T11:33:24.486+0000][info][gc,ergo      ] GC(128) Pacer for Mark. Expected Live: 116M, Free: 414M, Non-Taxable: 41M, Alloc Tax Rate: 1.0x
[2020-10-31T11:33:24.486+0000][info][gc           ] GC(128) Pause Init Mark 0.483ms
[2020-10-31T11:33:24.486+0000][info][safepoint    ] Safepoint "ShenandoahInitMark", Time since last: 3919206 ns, Reaching safepoint: 137960 ns, At safepoint: 502322 ns, Total: 640282 ns
[2020-10-31T11:33:24.486+0000][info][gc,start     ] GC(128) Concurrent marking
[2020-10-31T11:33:24.486+0000][info][gc,task      ] GC(128) Using 1 of 1 workers for concurrent marking
[2020-10-31T11:33:24.769+0000][info][gc           ] GC(128) Concurrent marking 3476M->3550M(4096M) 282.557ms
[2020-10-31T11:33:24.769+0000][info][gc,start     ] GC(128) Pause Final Mark
[2020-10-31T11:33:24.769+0000][info][gc,task      ] GC(128) Using 1 of 1 workers for final marking
[2020-10-31T11:33:24.770+0000][info][gc,ergo      ] GC(128) Adaptive CSet Selection. Target Free: 409M, Actual Free: 546M, Max CSet: 170M, Min Garbage: 0M
[2020-10-31T11:33:24.770+0000][info][gc,ergo      ] GC(128) Collectable Garbage: 3335M (99% of total), 44M CSet, 1690 CSet regions
[2020-10-31T11:33:24.770+0000][info][gc,ergo      ] GC(128) Immediate Garbage: 0M (0% of total), 0 regions
[2020-10-31T11:33:24.771+0000][info][gc,ergo      ] GC(128) Pacer for Evacuation. Used CSet: 3380M, Free: 340M, Non-Taxable: 34M, Alloc Tax Rate: 24.3x
[2020-10-31T11:33:24.771+0000][info][gc           ] GC(128) Pause Final Mark 1.403ms
[2020-10-31T11:33:24.771+0000][info][safepoint    ] Safepoint "ShenandoahFinalMarkStartEvac", Time since last: 282633697 ns, Reaching safepoint: 143523 ns, At safepoint: 1423443 ns, Total: 1566966 ns
[2020-10-31T11:33:24.771+0000][info][gc,start     ] GC(128) Concurrent cleanup
[2020-10-31T11:33:24.771+0000][info][gc           ] GC(128) Concurrent cleanup 3550M->3550M(4096M) 0.151ms
[2020-10-31T11:33:24.771+0000][info][gc,ergo      ] GC(128) Free: 340M (170 regions), Max regular: 2048K, Max humongous: 233472K, External frag: 33%, Internal frag: 0%
[2020-10-31T11:33:24.771+0000][info][gc,ergo      ] GC(128) Evacuation Reserve: 205M (103 regions), Max regular: 2048K
[2020-10-31T11:33:24.771+0000][info][gc,start     ] GC(128) Concurrent evacuation
[2020-10-31T11:33:24.771+0000][info][gc,task      ] GC(128) Using 1 of 1 workers for concurrent evacuation
[2020-10-31T11:33:24.854+0000][info][gc           ] GC(128) Concurrent evacuation 3550M->3620M(4096M) 83.189ms
[2020-10-31T11:33:24.854+0000][info][gc,start     ] GC(128) Pause Init Update Refs
[2020-10-31T11:33:24.854+0000][info][gc,ergo      ] GC(128) Pacer for Update Refs. Used: 3620M, Free: 316M, Non-Taxable: 31M, Alloc Tax Rate: 14.0x
[2020-10-31T11:33:24.854+0000][info][gc           ] GC(128) Pause Init Update Refs 0.056ms
[2020-10-31T11:33:24.854+0000][info][safepoint    ] Safepoint "ShenandoahInitUpdateRefs", Time since last: 83448200 ns, Reaching safepoint: 140184 ns, At safepoint: 74652 ns, Total: 214836 ns
[2020-10-31T11:33:24.854+0000][info][gc,start     ] GC(128) Concurrent update references
[2020-10-31T11:33:24.854+0000][info][gc,task      ] GC(128) Using 1 of 1 workers for concurrent reference update
[2020-10-31T11:33:25.058+0000][info][gc           ] GC(128) Concurrent update references 3622M->3674M(4096M) 203.740ms
[2020-10-31T11:33:25.058+0000][info][gc,start     ] GC(128) Pause Final Update Refs
[2020-10-31T11:33:25.058+0000][info][gc,task      ] GC(128) Using 1 of 1 workers for final reference update
[2020-10-31T11:33:25.058+0000][info][gc           ] GC(128) Pause Final Update Refs 0.193ms
[2020-10-31T11:33:25.058+0000][info][safepoint    ] Safepoint "ShenandoahFinalUpdateRefs", Time since last: 203820378 ns, Reaching safepoint: 140282 ns, At safepoint: 215072 ns, Total: 355354 ns
[2020-10-31T11:33:25.058+0000][info][gc,start     ] GC(128) Concurrent cleanup
[2020-10-31T11:33:25.059+0000][info][gc           ] GC(128) Concurrent cleanup 3674M->294M(4096M) 0.288ms
[2020-10-31T11:33:25.059+0000][info][gc,ergo      ] Free: 3596M (1798 regions), Max regular: 2048K, Max humongous: 3319808K, External frag: 10%, Internal frag: 0%
[2020-10-31T11:33:25.059+0000][info][gc,ergo      ] Evacuation Reserve: 206M (103 regions), Max regular: 2048K
[2020-10-31T11:33:25.059+0000][info][gc,ergo      ] Pacer for Idle. Initial: 81M, Alloc Tax Rate: 1.0x
[2020-10-31T11:33:26.059+0000][info][safepoint    ] Safepoint "Cleanup", Time since last: 1000105956 ns, Reaching safepoint: 61828 ns, At safepoint: 6767 ns, Total: 68595 ns
[2020-10-31T11:33:27.059+0000][info][safepoint    ] Safepoint "Cleanup", Time since last: 1000104513 ns, Reaching safepoint: 138541 ns, At safepoint: 5080 ns, Total: 143621 ns
[2020-10-31T11:33:28.059+0000][info][safepoint    ] Safepoint "Cleanup", Time since last: 1000112492 ns, Reaching safepoint: 59198 ns, At safepoint: 5537 ns, Total: 64735 ns
[2020-10-31T11:33:29.059+0000][info][safepoint    ] Safepoint "Cleanup", Time since last: 1000107465 ns, Reaching safepoint: 132681 ns, At safepoint: 5653 ns, Total: 138334 ns
[2020-10-31T11:33:30.059+0000][info][safepoint    ] Safepoint "Cleanup", Time since last: 1000107228 ns, Reaching safepoint: 57809 ns, At safepoint: 6268 ns, Total: 64077 ns
[2020-10-31T11:33:31.060+0000][info][safepoint    ] Safepoint "Cleanup", Time since last: 1000110287 ns, Reaching safepoint: 139976 ns, At safepoint: 5021 ns, Total: 144997 ns
[2020-10-31T11:33:32.060+0000][info][safepoint    ] Safepoint "Cleanup", Time since last: 1000108863 ns, Reaching safepoint: 142494 ns, At safepoint: 5787 ns, Total: 148281 ns
[2020-10-31T11:33:33.060+0000][info][safepoint    ] Safepoint "Cleanup", Time since last: 1000109992 ns, Reaching safepoint: 58153 ns, At safepoint: 6031 ns, Total: 64184 ns
[2020-10-31T11:33:34.060+0000][info][safepoint    ] Safepoint "Cleanup", Time since last: 1000107954 ns, Reaching safepoint: 144711 ns, At safepoint: 5130 ns, Total: 149841 ns
[2020-10-31T11:33:34.891+0000][info][gc           ] Trigger: Average GC time (649.58 ms) is above the time for allocation rate (320.51 MB/s) to deplete free headroom (205M)
[2020-10-31T11:33:34.892+0000][info][gc,ergo      ] Free headroom: 410M (free) - 204M (spike) - 0M (penalties) = 205M
[2020-10-31T11:33:34.892+0000][info][gc,ergo      ] Free: 410M (205 regions), Max regular: 2048K, Max humongous: 360448K, External frag: 15%, Internal frag: 0%
[2020-10-31T11:33:34.892+0000][info][gc,ergo      ] Evacuation Reserve: 206M (103 regions), Max regular: 2048K
[2020-10-31T11:33:34.892+0000][info][gc,start     ] GC(129) Concurrent reset
[2020-10-31T11:33:34.892+0000][info][gc,task      ] GC(129) Using 1 of 1 workers for concurrent reset
[2020-10-31T11:33:34.901+0000][info][gc           ] GC(129) Concurrent reset 3480M->3480M(4096M) 9.102ms
[2020-10-31T11:33:34.901+0000][info][gc,start     ] GC(129) Pause Init Mark
[2020-10-31T11:33:34.901+0000][info][gc,task      ] GC(129) Using 1 of 1 workers for init marking
[2020-10-31T11:33:34.901+0000][info][gc,ergo      ] GC(129) Pacer for Mark. Expected Live: 116M, Free: 410M, Non-Taxable: 41M, Alloc Tax Rate: 1.0x
[2020-10-31T11:33:34.901+0000][info][gc           ] GC(129) Pause Init Mark 0.487ms
[2020-10-31T11:33:34.901+0000][info][safepoint    ] Safepoint "ShenandoahInitMark", Time since last: 840361154 ns, Reaching safepoint: 139038 ns, At safepoint: 508582 ns, Total: 647620 ns
[2020-10-31T11:33:34.901+0000][info][gc,start     ] GC(129) Concurrent marking
[2020-10-31T11:33:34.901+0000][info][gc,task      ] GC(129) Using 1 of 1 workers for concurrent marking
[2020-10-31T11:33:35.241+0000][info][gc           ] GC(129) Concurrent marking 3482M->3578M(4096M) 339.954ms
[2020-10-31T11:33:35.242+0000][info][gc,start     ] GC(129) Pause Final Mark
[2020-10-31T11:33:35.242+0000][info][gc,task      ] GC(129) Using 1 of 1 workers for final marking
[2020-10-31T11:33:35.242+0000][info][gc,ergo      ] GC(129) Adaptive CSet Selection. Target Free: 409M, Actual Free: 518M, Max CSet: 170M, Min Garbage: 0M
[2020-10-31T11:33:35.242+0000][info][gc,ergo      ] GC(129) Collectable Garbage: 3295M (99% of total), 44M CSet, 1670 CSet regions
[2020-10-31T11:33:35.242+0000][info][gc,ergo      ] GC(129) Immediate Garbage: 0M (0% of total), 0 regions
[2020-10-31T11:33:35.243+0000][info][gc,ergo      ] GC(129) Pacer for Evacuation. Used CSet: 3340M, Free: 312M, Non-Taxable: 31M, Alloc Tax Rate: 26.2x
[2020-10-31T11:33:35.243+0000][info][gc           ] GC(129) Pause Final Mark 1.396ms
[2020-10-31T11:33:35.243+0000][info][safepoint    ] Safepoint "ShenandoahFinalMarkStartEvac", Time since last: 340033327 ns, Reaching safepoint: 139173 ns, At safepoint: 1416903 ns, Total: 1556076 ns
[2020-10-31T11:33:35.243+0000][info][gc,start     ] GC(129) Concurrent cleanup
[2020-10-31T11:33:35.243+0000][info][gc           ] GC(129) Concurrent cleanup 3580M->3582M(4096M) 0.166ms
[2020-10-31T11:33:35.243+0000][info][gc,ergo      ] GC(129) Free: 308M (154 regions), Max regular: 2048K, Max humongous: 313344K, External frag: 1%, Internal frag: 0%
[2020-10-31T11:33:35.243+0000][info][gc,ergo      ] GC(129) Evacuation Reserve: 206M (103 regions), Max regular: 2048K
[2020-10-31T11:33:35.243+0000][info][gc,start     ] GC(129) Concurrent evacuation
[2020-10-31T11:33:35.243+0000][info][gc,task      ] GC(129) Using 1 of 1 workers for concurrent evacuation
[2020-10-31T11:33:35.326+0000][info][gc           ] GC(129) Concurrent evacuation 3582M->3648M(4096M) 82.897ms
[2020-10-31T11:33:35.326+0000][info][gc,start     ] GC(129) Pause Init Update Refs
[2020-10-31T11:33:35.326+0000][info][gc,ergo      ] GC(129) Pacer for Update Refs. Used: 3648M, Free: 288M, Non-Taxable: 28M, Alloc Tax Rate: 15.5x
[2020-10-31T11:33:35.326+0000][info][gc           ] GC(129) Pause Init Update Refs 0.052ms
[2020-10-31T11:33:35.326+0000][info][safepoint    ] Safepoint "ShenandoahInitUpdateRefs", Time since last: 83184409 ns, Reaching safepoint: 140026 ns, At safepoint: 70593 ns, Total: 210619 ns
[2020-10-31T11:33:35.326+0000][info][gc,start     ] GC(129) Concurrent update references
[2020-10-31T11:33:35.326+0000][info][gc,task      ] GC(129) Using 1 of 1 workers for concurrent reference update
[2020-10-31T11:33:35.568+0000][info][gc           ] GC(129) Concurrent update references 3650M->3710M(4096M) 241.808ms
[2020-10-31T11:33:35.568+0000][info][gc,start     ] GC(129) Pause Final Update Refs
[2020-10-31T11:33:35.568+0000][info][gc,task      ] GC(129) Using 1 of 1 workers for final reference update
[2020-10-31T11:33:35.569+0000][info][gc           ] GC(129) Pause Final Update Refs 0.206ms
[2020-10-31T11:33:35.569+0000][info][safepoint    ] Safepoint "ShenandoahFinalUpdateRefs", Time since last: 241893259 ns, Reaching safepoint: 146067 ns, At safepoint: 230134 ns, Total: 376201 ns
[2020-10-31T11:33:35.569+0000][info][gc,start     ] GC(129) Concurrent cleanup
[2020-10-31T11:33:35.569+0000][info][gc           ] GC(129) Concurrent cleanup 3710M->370M(4096M) 0.302ms
[2020-10-31T11:33:35.569+0000][info][gc,ergo      ] Free: 3520M (1760 regions), Max regular: 2048K, Max humongous: 3262464K, External frag: 10%, Internal frag: 0%
[2020-10-31T11:33:35.569+0000][info][gc,ergo      ] Evacuation Reserve: 206M (103 regions), Max regular: 2048K
[2020-10-31T11:33:35.569+0000][info][gc,ergo      ] Pacer for Idle. Initial: 81M, Alloc Tax Rate: 1.0x
[2020-10-31T11:33:36.569+0000][info][safepoint    ] Safepoint "Cleanup", Time since last: 1000077364 ns, Reaching safepoint: 60475 ns, At safepoint: 7193 ns, Total: 67668 ns
[2020-10-31T11:33:37.569+0000][info][safepoint    ] Safepoint "Cleanup", Time since last: 1000106398 ns, Reaching safepoint: 140591 ns, At safepoint: 5100 ns, Total: 145691 ns
[2020-10-31T11:33:38.569+0000][info][safepoint    ] Safepoint "Cleanup", Time since last: 1000105473 ns, Reaching safepoint: 138440 ns, At safepoint: 4789 ns, Total: 143229 ns
[2020-10-31T11:33:39.569+0000][info][safepoint    ] Safepoint "Cleanup", Time since last: 1000113858 ns, Reaching safepoint: 75965 ns, At safepoint: 6779 ns, Total: 82744 ns
[2020-10-31T11:33:40.570+0000][info][safepoint    ] Safepoint "Cleanup", Time since last: 1000118067 ns, Reaching safepoint: 59855 ns, At safepoint: 5575 ns, Total: 65430 ns
[2020-10-31T11:33:41.570+0000][info][safepoint    ] Safepoint "Cleanup", Time since last: 1000111604 ns, Reaching safepoint: 146469 ns, At safepoint: 6724 ns, Total: 153193 ns
[2020-10-31T11:33:42.570+0000][info][safepoint    ] Safepoint "Cleanup", Time since last: 1000107460 ns, Reaching safepoint: 144229 ns, At safepoint: 4404 ns, Total: 148633 ns
[2020-10-31T11:33:43.570+0000][info][safepoint    ] Safepoint "Cleanup", Time since last: 1000107294 ns, Reaching safepoint: 139605 ns, At safepoint: 3115 ns, Total: 142720 ns
[2020-10-31T11:33:44.571+0000][info][safepoint    ] Safepoint "Cleanup", Time since last: 1000110925 ns, Reaching safepoint: 133639 ns, At safepoint: 5845 ns, Total: 139484 ns
[2020-10-31T11:33:45.169+0000][info][gc           ] Trigger: Average GC time (649.50 ms) is above the time for allocation rate (320.32 MB/s) to deplete free headroom (207M)
[2020-10-31T11:33:45.169+0000][info][gc,ergo      ] Free headroom: 412M (free) - 204M (spike) - 0M (penalties) = 207M
[2020-10-31T11:33:45.169+0000][info][gc,ergo      ] Free: 412M (206 regions), Max regular: 2048K, Max humongous: 184320K, External frag: 57%, Internal frag: 0%
[2020-10-31T11:33:45.169+0000][info][gc,ergo      ] Evacuation Reserve: 206M (103 regions), Max regular: 2048K
[2020-10-31T11:33:45.169+0000][info][gc,start     ] GC(130) Concurrent reset
[2020-10-31T11:33:45.169+0000][info][gc,task      ] GC(130) Using 1 of 1 workers for concurrent reset
[2020-10-31T11:33:45.178+0000][info][gc           ] GC(130) Concurrent reset 3478M->3478M(4096M) 8.906ms
[2020-10-31T11:33:45.178+0000][info][gc,start     ] GC(130) Pause Init Mark (process weakrefs)
[2020-10-31T11:33:45.178+0000][info][gc,task      ] GC(130) Using 1 of 1 workers for init marking
[2020-10-31T11:33:45.178+0000][info][gc,ergo      ] GC(130) Pacer for Mark. Expected Live: 116M, Free: 412M, Non-Taxable: 41M, Alloc Tax Rate: 1.0x
[2020-10-31T11:33:45.178+0000][info][gc           ] GC(130) Pause Init Mark (process weakrefs) 0.491ms
[2020-10-31T11:33:45.178+0000][info][safepoint    ] Safepoint "ShenandoahInitMark", Time since last: 607156038 ns, Reaching safepoint: 139763 ns, At safepoint: 511172 ns, Total: 650935 ns
[2020-10-31T11:33:45.179+0000][info][gc,start     ] GC(130) Concurrent marking (process weakrefs)
[2020-10-31T11:33:45.179+0000][info][gc,task      ] GC(130) Using 1 of 1 workers for concurrent marking
[2020-10-31T11:33:45.609+0000][info][gc           ] GC(130) Concurrent marking (process weakrefs) 3480M->3586M(4096M) 430.183ms
[2020-10-31T11:33:45.609+0000][info][gc,start     ] GC(130) Concurrent precleaning
[2020-10-31T11:33:45.609+0000][info][gc,task      ] GC(130) Using 1 of 1 workers for concurrent preclean
[2020-10-31T11:33:45.705+0000][info][gc           ] GC(130) Concurrent precleaning 3586M->3616M(4096M) 95.794ms
[2020-10-31T11:33:45.705+0000][info][gc,start     ] GC(130) Pause Final Mark (process weakrefs)
[2020-10-31T11:33:45.705+0000][info][gc,task      ] GC(130) Using 1 of 1 workers for final marking
[2020-10-31T11:33:45.787+0000][info][gc,ergo      ] GC(130) Adaptive CSet Selection. Target Free: 409M, Actual Free: 480M, Max CSet: 170M, Min Garbage: 0M
[2020-10-31T11:33:45.788+0000][info][gc,ergo      ] GC(130) Collectable Garbage: 3272M (97% of total), 23M CSet, 1648 CSet regions
[2020-10-31T11:33:45.788+0000][info][gc,ergo      ] GC(130) Immediate Garbage: 0M (0% of total), 0 regions
[2020-10-31T11:33:45.788+0000][info][gc,ergo      ] GC(130) Pacer for Evacuation. Used CSet: 3296M, Free: 274M, Non-Taxable: 27M, Alloc Tax Rate: 29.4x
[2020-10-31T11:33:45.788+0000][info][gc           ] GC(130) Pause Final Mark (process weakrefs) 83.454ms
[2020-10-31T11:33:45.788+0000][info][safepoint    ] Safepoint "ShenandoahFinalMarkStartEvac", Time since last: 526105783 ns, Reaching safepoint: 150091 ns, At safepoint: 83482998 ns, Total: 83633089 ns
[2020-10-31T11:33:45.788+0000][info][gc,start     ] GC(130) Concurrent cleanup
[2020-10-31T11:33:45.788+0000][info][gc           ] GC(130) Concurrent cleanup 3618M->3620M(4096M) 0.202ms
[2020-10-31T11:33:45.788+0000][info][gc,ergo      ] GC(130) Free: 270M (135 regions), Max regular: 2048K, Max humongous: 184320K, External frag: 34%, Internal frag: 0%
[2020-10-31T11:33:45.788+0000][info][gc,ergo      ] GC(130) Evacuation Reserve: 205M (103 regions), Max regular: 2048K
[2020-10-31T11:33:45.788+0000][info][gc,start     ] GC(130) Concurrent evacuation
[2020-10-31T11:33:45.788+0000][info][gc,task      ] GC(130) Using 1 of 1 workers for concurrent evacuation
[2020-10-31T11:33:45.940+0000][info][gc           ] GC(130) Concurrent evacuation 3620M->3668M(4096M) 151.519ms
[2020-10-31T11:33:45.940+0000][info][gc,start     ] GC(130) Pause Init Update Refs
[2020-10-31T11:33:45.940+0000][info][gc,ergo      ] GC(130) Pacer for Update Refs. Used: 3668M, Free: 246M, Non-Taxable: 24M, Alloc Tax Rate: 18.2x
[2020-10-31T11:33:45.940+0000][info][gc           ] GC(130) Pause Init Update Refs 0.054ms
[2020-10-31T11:33:45.940+0000][info][safepoint    ] Safepoint "ShenandoahInitUpdateRefs", Time since last: 151848638 ns, Reaching safepoint: 134504 ns, At safepoint: 74591 ns, Total: 209095 ns
[2020-10-31T11:33:45.940+0000][info][gc,start     ] GC(130) Concurrent update references
[2020-10-31T11:33:45.940+0000][info][gc,task      ] GC(130) Using 1 of 1 workers for concurrent reference update
[2020-10-31T11:33:46.281+0000][info][gc           ] GC(130) Concurrent update references 3668M->3726M(4096M) 340.628ms
[2020-10-31T11:33:46.281+0000][info][gc,start     ] GC(130) Pause Final Update Refs
[2020-10-31T11:33:46.281+0000][info][gc,task      ] GC(130) Using 1 of 1 workers for final reference update
[2020-10-31T11:33:46.281+0000][info][gc           ] GC(130) Pause Final Update Refs 0.184ms
[2020-10-31T11:33:46.281+0000][info][safepoint    ] Safepoint "ShenandoahFinalUpdateRefs", Time since last: 340707170 ns, Reaching safepoint: 64624 ns, At safepoint: 205632 ns, Total: 270256 ns
[2020-10-31T11:33:46.281+0000][info][gc,start     ] GC(130) Concurrent cleanup
[2020-10-31T11:33:46.282+0000][info][gc           ] GC(130) Concurrent cleanup 3726M->430M(4096M) 0.316ms
[2020-10-31T11:33:46.282+0000][info][gc,ergo      ] Free: 3460M (1730 regions), Max regular: 2048K, Max humongous: 3182592K, External frag: 11%, Internal frag: 0%
[2020-10-31T11:33:46.282+0000][info][gc,ergo      ] Evacuation Reserve: 206M (103 regions), Max regular: 2048K
[2020-10-31T11:33:46.282+0000][info][gc,ergo      ] Pacer for Idle. Initial: 81M, Alloc Tax Rate: 1.0x
[2020-10-31T11:33:47.281+0000][info][safepoint    ] Safepoint "Cleanup", Time since last: 1000076212 ns, Reaching safepoint: 137054 ns, At safepoint: 5184 ns, Total: 142238 ns
[2020-10-31T11:33:48.282+0000][info][safepoint    ] Safepoint "Cleanup", Time since last: 1000108274 ns, Reaching safepoint: 58303 ns, At safepoint: 6527 ns, Total: 64830 ns
[2020-10-31T11:33:49.282+0000][info][safepoint    ] Safepoint "Cleanup", Time since last: 1000107594 ns, Reaching safepoint: 62636 ns, At safepoint: 6301 ns, Total: 68937 ns
[2020-10-31T11:33:50.282+0000][info][safepoint    ] Safepoint "Cleanup", Time since last: 1000101664 ns, Reaching safepoint: 132866 ns, At safepoint: 5944 ns, Total: 138810 ns
[2020-10-31T11:33:51.282+0000][info][safepoint    ] Safepoint "Cleanup", Time since last: 1000108207 ns, Reaching safepoint: 132913 ns, At safepoint: 5269 ns, Total: 138182 ns
[2020-10-31T11:33:52.283+0000][info][safepoint    ] Safepoint "Cleanup", Time since last: 1000103866 ns, Reaching safepoint: 132853 ns, At safepoint: 5308 ns, Total: 138161 ns
[2020-10-31T11:33:53.283+0000][info][safepoint    ] Safepoint "Cleanup", Time since last: 1000108750 ns, Reaching safepoint: 134632 ns, At safepoint: 5335 ns, Total: 139967 ns
[2020-10-31T11:33:54.283+0000][info][safepoint    ] Safepoint "Cleanup", Time since last: 1000109067 ns, Reaching safepoint: 138873 ns, At safepoint: 7086 ns, Total: 145959 ns
[2020-10-31T11:33:55.283+0000][info][safepoint    ] Safepoint "Cleanup", Time since last: 1000113025 ns, Reaching safepoint: 59489 ns, At safepoint: 5727 ns, Total: 65216 ns
[2020-10-31T11:33:55.763+0000][info][gc           ] Trigger: Free (408M) is below minimum threshold (409M)
[2020-10-31T11:33:55.763+0000][info][gc,ergo      ] Free: 408M (204 regions), Max regular: 2048K, Max humongous: 301056K, External frag: 28%, Internal frag: 0%
[2020-10-31T11:33:55.763+0000][info][gc,ergo      ] Evacuation Reserve: 206M (103 regions), Max regular: 2048K
[2020-10-31T11:33:55.764+0000][info][gc,start     ] GC(131) Concurrent reset
[2020-10-31T11:33:55.764+0000][info][gc,task      ] GC(131) Using 1 of 1 workers for concurrent reset
[2020-10-31T11:33:55.773+0000][info][gc           ] GC(131) Concurrent reset 3482M->3484M(4096M) 9.158ms
[2020-10-31T11:33:55.773+0000][info][gc,start     ] GC(131) Pause Init Mark
[2020-10-31T11:33:55.773+0000][info][gc,task      ] GC(131) Using 1 of 1 workers for init marking
[2020-10-31T11:33:55.773+0000][info][gc,ergo      ] GC(131) Pacer for Mark. Expected Live: 116M, Free: 406M, Non-Taxable: 40M, Alloc Tax Rate: 1.0x
[2020-10-31T11:33:55.773+0000][info][gc           ] GC(131) Pause Init Mark 0.510ms
[2020-10-31T11:33:55.773+0000][info][safepoint    ] Safepoint "ShenandoahInitMark", Time since last: 489490934 ns, Reaching safepoint: 145320 ns, At safepoint: 531752 ns, Total: 677072 ns
[2020-10-31T11:33:55.773+0000][info][gc,start     ] GC(131) Concurrent marking
[2020-10-31T11:33:55.773+0000][info][gc,task      ] GC(131) Using 1 of 1 workers for concurrent marking
[2020-10-31T11:33:55.947+0000][info][gc           ] GC(131) Concurrent marking 3486M->3528M(4096M) 174.010ms
[2020-10-31T11:33:55.948+0000][info][gc,start     ] GC(131) Pause Final Mark
[2020-10-31T11:33:55.948+0000][info][gc,task      ] GC(131) Using 1 of 1 workers for final marking
[2020-10-31T11:33:55.948+0000][info][gc,ergo      ] GC(131) Adaptive CSet Selection. Target Free: 409M, Actual Free: 758M, Max CSet: 170M, Min Garbage: 0M
[2020-10-31T11:33:55.948+0000][info][gc,ergo      ] GC(131) Collectable Garbage: 3244M (94% of total), 43M CSet, 1644 CSet regions
[2020-10-31T11:33:55.948+0000][info][gc,ergo      ] GC(131) Immediate Garbage: 190M (5% of total), 95 regions
[2020-10-31T11:33:55.949+0000][info][gc,ergo      ] GC(131) Pacer for Evacuation. Used CSet: 3288M, Free: 552M, Non-Taxable: 55M, Alloc Tax Rate: 14.6x
[2020-10-31T11:33:55.949+0000][info][gc           ] GC(131) Pause Final Mark 1.452ms
[2020-10-31T11:33:55.949+0000][info][safepoint    ] Safepoint "ShenandoahFinalMarkStartEvac", Time since last: 174086624 ns, Reaching safepoint: 65176 ns, At safepoint: 1472816 ns, Total: 1537992 ns
[2020-10-31T11:33:55.949+0000][info][gc,start     ] GC(131) Concurrent cleanup
[2020-10-31T11:33:55.949+0000][info][gc           ] GC(131) Concurrent cleanup 3528M->3340M(4096M) 0.164ms
[2020-10-31T11:33:55.949+0000][info][gc,ergo      ] GC(131) Free: 550M (275 regions), Max regular: 2048K, Max humongous: 495616K, External frag: 12%, Internal frag: 0%
[2020-10-31T11:33:55.949+0000][info][gc,ergo      ] GC(131) Evacuation Reserve: 205M (103 regions), Max regular: 2048K
[2020-10-31T11:33:55.949+0000][info][gc,start     ] GC(131) Concurrent evacuation
[2020-10-31T11:33:55.949+0000][info][gc,task      ] GC(131) Using 1 of 1 workers for concurrent evacuation
[2020-10-31T11:33:56.031+0000][info][gc           ] GC(131) Concurrent evacuation 3340M->3406M(4096M) 81.612ms
[2020-10-31T11:33:56.031+0000][info][gc,start     ] GC(131) Pause Init Update Refs
[2020-10-31T11:33:56.031+0000][info][gc,ergo      ] GC(131) Pacer for Update Refs. Used: 3406M, Free: 528M, Non-Taxable: 52M, Alloc Tax Rate: 7.9x
[2020-10-31T11:33:56.031+0000][info][gc           ] GC(131) Pause Init Update Refs 0.056ms
[2020-10-31T11:33:56.031+0000][info][safepoint    ] Safepoint "ShenandoahInitUpdateRefs", Time since last: 81884644 ns, Reaching safepoint: 144229 ns, At safepoint: 76283 ns, Total: 220512 ns
[2020-10-31T11:33:56.031+0000][info][gc,start     ] GC(131) Concurrent update references
[2020-10-31T11:33:56.031+0000][info][gc,task      ] GC(131) Using 1 of 1 workers for concurrent reference update
[2020-10-31T11:33:56.155+0000][info][gc           ] GC(131) Concurrent update references 3408M->3440M(4096M) 123.503ms
[2020-10-31T11:33:56.155+0000][info][gc,start     ] GC(131) Pause Final Update Refs
[2020-10-31T11:33:56.155+0000][info][gc,task      ] GC(131) Using 1 of 1 workers for final reference update
[2020-10-31T11:33:56.155+0000][info][gc           ] GC(131) Pause Final Update Refs 0.190ms
[2020-10-31T11:33:56.155+0000][info][safepoint    ] Safepoint "ShenandoahFinalUpdateRefs", Time since last: 123650464 ns, Reaching safepoint: 142466 ns, At safepoint: 211485 ns, Total: 353951 ns
[2020-10-31T11:33:56.155+0000][info][gc,start     ] GC(131) Concurrent cleanup
[2020-10-31T11:33:56.155+0000][info][gc           ] GC(131) Concurrent cleanup 3440M->152M(4096M) 0.279ms
[2020-10-31T11:33:56.155+0000][info][gc,ergo      ] Free: 3738M (1869 regions), Max regular: 2048K, Max humongous: 3127296K, External frag: 19%, Internal frag: 0%
[2020-10-31T11:33:56.155+0000][info][gc,ergo      ] Evacuation Reserve: 206M (103 regions), Max regular: 2048K
[2020-10-31T11:33:56.155+0000][info][gc,ergo      ] Pacer for Idle. Initial: 81M, Alloc Tax Rate: 1.0x
[2020-10-31T11:33:57.155+0000][info][safepoint    ] Safepoint "Cleanup", Time since last: 1000081444 ns, Reaching safepoint: 69907 ns, At safepoint: 4872 ns, Total: 74779 ns
[2020-10-31T11:33:58.156+0000][info][safepoint    ] Safepoint "Cleanup", Time since last: 1000101836 ns, Reaching safepoint: 134944 ns, At safepoint: 7747 ns, Total: 142691 ns
[2020-10-31T11:33:59.156+0000][info][safepoint    ] Safepoint "Cleanup", Time since last: 1000106520 ns, Reaching safepoint: 150430 ns, At safepoint: 5618 ns, Total: 156048 ns
[2020-10-31T11:34:00.156+0000][info][safepoint    ] Safepoint "Cleanup", Time since last: 1000111573 ns, Reaching safepoint: 57308 ns, At safepoint: 5982 ns, Total: 63290 ns
[2020-10-31T11:34:01.156+0000][info][safepoint    ] Safepoint "Cleanup", Time since last: 1000109191 ns, Reaching safepoint: 61069 ns, At safepoint: 5681 ns, Total: 66750 ns
[2020-10-31T11:34:02.156+0000][info][safepoint    ] Safepoint "Cleanup", Time since last: 1000108544 ns, Reaching safepoint: 60586 ns, At safepoint: 5702 ns, Total: 66288 ns
[2020-10-31T11:34:03.157+0000][info][safepoint    ] Safepoint "Cleanup", Time since last: 1000108699 ns, Reaching safepoint: 138626 ns, At safepoint: 3177 ns, Total: 141803 ns
[2020-10-31T11:34:04.157+0000][info][safepoint    ] Safepoint "Cleanup", Time since last: 1000107637 ns, Reaching safepoint: 135109 ns, At safepoint: 5719 ns, Total: 140828 ns
[2020-10-31T11:34:05.157+0000][info][safepoint    ] Safepoint "Cleanup", Time since last: 1000070569 ns, Reaching safepoint: 61970 ns, At safepoint: 6719 ns, Total: 68689 ns
[2020-10-31T11:34:06.157+0000][info][safepoint    ] Safepoint "Cleanup", Time since last: 1000111151 ns, Reaching safepoint: 136076 ns, At safepoint: 5226 ns, Total: 141302 ns
[2020-10-31T11:34:06.430+0000][info][gc           ] Trigger: Average GC time (653.54 ms) is above the time for allocation rate (321.38 MB/s) to deplete free headroom (209M)
[2020-10-31T11:34:06.430+0000][info][gc,ergo      ] Free headroom: 414M (free) - 204M (spike) - 0M (penalties) = 209M
[2020-10-31T11:34:06.430+0000][info][gc,ergo      ] Free: 414M (207 regions), Max regular: 2048K, Max humongous: 421888K, External frag: 1%, Internal frag: 0%
[2020-10-31T11:34:06.430+0000][info][gc,ergo      ] Evacuation Reserve: 206M (103 regions), Max regular: 2048K
[2020-10-31T11:34:06.430+0000][info][gc,start     ] GC(132) Concurrent reset
[2020-10-31T11:34:06.430+0000][info][gc,task      ] GC(132) Using 1 of 1 workers for concurrent reset
[2020-10-31T11:34:06.439+0000][info][gc           ] GC(132) Concurrent reset 3476M->3476M(4096M) 8.506ms
[2020-10-31T11:34:06.439+0000][info][gc,start     ] GC(132) Pause Init Mark
[2020-10-31T11:34:06.439+0000][info][gc,task      ] GC(132) Using 1 of 1 workers for init marking
[2020-10-31T11:34:06.439+0000][info][gc,ergo      ] GC(132) Pacer for Mark. Expected Live: 116M, Free: 414M, Non-Taxable: 41M, Alloc Tax Rate: 1.0x
[2020-10-31T11:34:06.439+0000][info][gc           ] GC(132) Pause Init Mark 0.509ms
[2020-10-31T11:34:06.439+0000][info][safepoint    ] Safepoint "ShenandoahInitMark", Time since last: 281378534 ns, Reaching safepoint: 137286 ns, At safepoint: 529560 ns, Total: 666846 ns
[2020-10-31T11:34:06.439+0000][info][gc,start     ] GC(132) Concurrent marking
[2020-10-31T11:34:06.439+0000][info][gc,task      ] GC(132) Using 1 of 1 workers for concurrent marking
[2020-10-31T11:34:06.671+0000][info][gc           ] GC(132) Concurrent marking 3476M->3534M(4096M) 231.873ms
[2020-10-31T11:34:06.671+0000][info][gc,start     ] GC(132) Pause Final Mark
[2020-10-31T11:34:06.671+0000][info][gc,task      ] GC(132) Using 1 of 1 workers for final marking
[2020-10-31T11:34:06.672+0000][info][gc,ergo      ] GC(132) Adaptive CSet Selection. Target Free: 409M, Actual Free: 562M, Max CSet: 170M, Min Garbage: 0M
[2020-10-31T11:34:06.672+0000][info][gc,ergo      ] GC(132) Collectable Garbage: 3380M (99% of total), 45M CSet, 1713 CSet regions
[2020-10-31T11:34:06.672+0000][info][gc,ergo      ] GC(132) Immediate Garbage: 0M (0% of total), 0 regions
[2020-10-31T11:34:06.673+0000][info][gc,ergo      ] GC(132) Pacer for Evacuation. Used CSet: 3426M, Free: 356M, Non-Taxable: 35M, Alloc Tax Rate: 23.5x
[2020-10-31T11:34:06.673+0000][info][gc           ] GC(132) Pause Final Mark 1.443ms
[2020-10-31T11:34:06.673+0000][info][safepoint    ] Safepoint "ShenandoahFinalMarkStartEvac", Time since last: 231953844 ns, Reaching safepoint: 140513 ns, At safepoint: 1465134 ns, Total: 1605647 ns
[2020-10-31T11:34:06.673+0000][info][gc,start     ] GC(132) Concurrent cleanup
[2020-10-31T11:34:06.673+0000][info][gc           ] GC(132) Concurrent cleanup 3534M->3534M(4096M) 0.156ms
[2020-10-31T11:34:06.673+0000][info][gc,ergo      ] GC(132) Free: 356M (178 regions), Max regular: 2048K, Max humongous: 362496K, External frag: 1%, Internal frag: 0%
[2020-10-31T11:34:06.673+0000][info][gc,ergo      ] GC(132) Evacuation Reserve: 205M (103 regions), Max regular: 2048K
[2020-10-31T11:34:06.673+0000][info][gc,start     ] GC(132) Concurrent evacuation
[2020-10-31T11:34:06.673+0000][info][gc,task      ] GC(132) Using 1 of 1 workers for concurrent evacuation
[2020-10-31T11:34:06.758+0000][info][gc           ] GC(132) Concurrent evacuation 3534M->3604M(4096M) 84.894ms
[2020-10-31T11:34:06.758+0000][info][gc,start     ] GC(132) Pause Init Update Refs
[2020-10-31T11:34:06.758+0000][info][gc,ergo      ] GC(132) Pacer for Update Refs. Used: 3604M, Free: 332M, Non-Taxable: 33M, Alloc Tax Rate: 13.3x
[2020-10-31T11:34:06.758+0000][info][gc           ] GC(132) Pause Init Update Refs 0.053ms
[2020-10-31T11:34:06.758+0000][info][safepoint    ] Safepoint "ShenandoahInitUpdateRefs", Time since last: 85158328 ns, Reaching safepoint: 138327 ns, At safepoint: 71801 ns, Total: 210128 ns
[2020-10-31T11:34:06.758+0000][info][gc,start     ] GC(132) Concurrent update references
[2020-10-31T11:34:06.758+0000][info][gc,task      ] GC(132) Using 1 of 1 workers for concurrent reference update
[2020-10-31T11:34:06.925+0000][info][gc           ] GC(132) Concurrent update references 3604M->3648M(4096M) 167.037ms
[2020-10-31T11:34:06.925+0000][info][gc,start     ] GC(132) Pause Final Update Refs
[2020-10-31T11:34:06.925+0000][info][gc,task      ] GC(132) Using 1 of 1 workers for final reference update
[2020-10-31T11:34:06.926+0000][info][gc           ] GC(132) Pause Final Update Refs 0.186ms
[2020-10-31T11:34:06.926+0000][info][safepoint    ] Safepoint "ShenandoahFinalUpdateRefs", Time since last: 167114811 ns, Reaching safepoint: 133551 ns, At safepoint: 208128 ns, Total: 341679 ns
[2020-10-31T11:34:06.926+0000][info][gc,start     ] GC(132) Concurrent cleanup
[2020-10-31T11:34:06.926+0000][info][gc           ] GC(132) Concurrent cleanup 3648M->222M(4096M) 0.282ms
[2020-10-31T11:34:06.926+0000][info][gc,ergo      ] Free: 3668M (1834 regions), Max regular: 2048K, Max humongous: 3508224K, External frag: 7%, Internal frag: 0%
[2020-10-31T11:34:06.926+0000][info][gc,ergo      ] Evacuation Reserve: 206M (103 regions), Max regular: 2048K
[2020-10-31T11:34:06.926+0000][info][gc,ergo      ] Pacer for Idle. Initial: 81M, Alloc Tax Rate: 1.0x
[2020-10-31T11:34:07.926+0000][info][safepoint    ] Safepoint "Cleanup", Time since last: 1000081851 ns, Reaching safepoint: 141893 ns, At safepoint: 7006 ns, Total: 148899 ns
[2020-10-31T11:34:08.926+0000][info][safepoint    ] Safepoint "Cleanup", Time since last: 1000095150 ns, Reaching safepoint: 59240 ns, At safepoint: 5468 ns, Total: 64708 ns
[2020-10-31T11:34:09.926+0000][info][safepoint    ] Safepoint "Cleanup", Time since last: 1000105882 ns, Reaching safepoint: 135909 ns, At safepoint: 3049 ns, Total: 138958 ns
[2020-10-31T11:34:10.926+0000][info][safepoint    ] Safepoint "Cleanup", Time since last: 1000108395 ns, Reaching safepoint: 77546 ns, At safepoint: 5944 ns, Total: 83490 ns
[2020-10-31T11:34:11.927+0000][info][safepoint    ] Safepoint "Cleanup", Time since last: 1000098031 ns, Reaching safepoint: 132114 ns, At safepoint: 14184 ns, Total: 146298 ns
[2020-10-31T11:34:12.927+0000][info][safepoint    ] Safepoint "Cleanup", Time since last: 1000111652 ns, Reaching safepoint: 137838 ns, At safepoint: 5217 ns, Total: 143055 ns
[2020-10-31T11:34:13.927+0000][info][safepoint    ] Safepoint "Cleanup", Time since last: 1000106118 ns, Reaching safepoint: 58730 ns, At safepoint: 6616 ns, Total: 65346 ns
[2020-10-31T11:34:14.927+0000][info][safepoint    ] Safepoint "Cleanup", Time since last: 1000103221 ns, Reaching safepoint: 56300 ns, At safepoint: 5409 ns, Total: 61709 ns
[2020-10-31T11:34:15.927+0000][info][safepoint    ] Safepoint "Cleanup", Time since last: 1000109745 ns, Reaching safepoint: 58581 ns, At safepoint: 5538 ns, Total: 64119 ns
[2020-10-31T11:34:16.928+0000][info][safepoint    ] Safepoint "Cleanup", Time since last: 1000113696 ns, Reaching safepoint: 128720 ns, At safepoint: 2877 ns, Total: 131597 ns
[2020-10-31T11:34:16.983+0000][info][gc           ] Trigger: Average GC time (652.01 ms) is above the time for allocation rate (320.48 MB/s) to deplete free headroom (207M)
[2020-10-31T11:34:16.983+0000][info][gc,ergo      ] Free headroom: 412M (free) - 204M (spike) - 0M (penalties) = 207M
[2020-10-31T11:34:16.983+0000][info][gc,ergo      ] Free: 412M (206 regions), Max regular: 2048K, Max humongous: 245760K, External frag: 42%, Internal frag: 0%
[2020-10-31T11:34:16.983+0000][info][gc,ergo      ] Evacuation Reserve: 206M (103 regions), Max regular: 2048K
[2020-10-31T11:34:16.983+0000][info][gc,start     ] GC(133) Concurrent reset
[2020-10-31T11:34:16.983+0000][info][gc,task      ] GC(133) Using 1 of 1 workers for concurrent reset
[2020-10-31T11:34:16.992+0000][info][gc           ] GC(133) Concurrent reset 3478M->3478M(4096M) 9.065ms
[2020-10-31T11:34:16.992+0000][info][gc,start     ] GC(133) Pause Init Mark
[2020-10-31T11:34:16.992+0000][info][gc,task      ] GC(133) Using 1 of 1 workers for init marking
[2020-10-31T11:34:16.993+0000][info][gc,ergo      ] GC(133) Pacer for Mark. Expected Live: 116M, Free: 412M, Non-Taxable: 41M, Alloc Tax Rate: 1.0x
[2020-10-31T11:34:16.993+0000][info][gc           ] GC(133) Pause Init Mark 0.506ms
[2020-10-31T11:34:16.993+0000][info][safepoint    ] Safepoint "ShenandoahInitMark", Time since last: 64468601 ns, Reaching safepoint: 140443 ns, At safepoint: 525243 ns, Total: 665686 ns
[2020-10-31T11:34:16.993+0000][info][gc,start     ] GC(133) Concurrent marking
[2020-10-31T11:34:16.993+0000][info][gc,task      ] GC(133) Using 1 of 1 workers for concurrent marking
[2020-10-31T11:34:17.283+0000][info][gc           ] GC(133) Concurrent marking 3478M->3560M(4096M) 290.287ms
[2020-10-31T11:34:17.283+0000][info][gc,start     ] GC(133) Pause Final Mark
[2020-10-31T11:34:17.283+0000][info][gc,task      ] GC(133) Using 1 of 1 workers for final marking
[2020-10-31T11:34:17.284+0000][info][gc,ergo      ] GC(133) Adaptive CSet Selection. Target Free: 409M, Actual Free: 536M, Max CSet: 170M, Min Garbage: 0M
[2020-10-31T11:34:17.284+0000][info][gc,ergo      ] GC(133) Collectable Garbage: 3337M (99% of total), 44M CSet, 1691 CSet regions
[2020-10-31T11:34:17.284+0000][info][gc,ergo      ] GC(133) Immediate Garbage: 0M (0% of total), 0 regions
[2020-10-31T11:34:17.285+0000][info][gc,ergo      ] GC(133) Pacer for Evacuation. Used CSet: 3382M, Free: 330M, Non-Taxable: 33M, Alloc Tax Rate: 25.1x
[2020-10-31T11:34:17.285+0000][info][gc           ] GC(133) Pause Final Mark 1.393ms
[2020-10-31T11:34:17.285+0000][info][safepoint    ] Safepoint "ShenandoahFinalMarkStartEvac", Time since last: 290374506 ns, Reaching safepoint: 143291 ns, At safepoint: 1415936 ns, Total: 1559227 ns
[2020-10-31T11:34:17.285+0000][info][gc,start     ] GC(133) Concurrent cleanup
[2020-10-31T11:34:17.285+0000][info][gc           ] GC(133) Concurrent cleanup 3562M->3562M(4096M) 0.160ms
[2020-10-31T11:34:17.285+0000][info][gc,ergo      ] GC(133) Free: 328M (164 regions), Max regular: 2048K, Max humongous: 245760K, External frag: 27%, Internal frag: 0%
[2020-10-31T11:34:17.285+0000][info][gc,ergo      ] GC(133) Evacuation Reserve: 206M (103 regions), Max regular: 2048K
[2020-10-31T11:34:17.285+0000][info][gc,start     ] GC(133) Concurrent evacuation
[2020-10-31T11:34:17.285+0000][info][gc,task      ] GC(133) Using 1 of 1 workers for concurrent evacuation
[2020-10-31T11:34:17.377+0000][info][gc           ] GC(133) Concurrent evacuation 3562M->3630M(4096M) 92.469ms
[2020-10-31T11:34:17.378+0000][info][gc,start     ] GC(133) Pause Init Update Refs
[2020-10-31T11:34:17.378+0000][info][gc,ergo      ] GC(133) Pacer for Update Refs. Used: 3630M, Free: 306M, Non-Taxable: 30M, Alloc Tax Rate: 14.5x
[2020-10-31T11:34:17.378+0000][info][gc           ] GC(133) Pause Init Update Refs 0.058ms
[2020-10-31T11:34:17.378+0000][info][safepoint    ] Safepoint "ShenandoahInitUpdateRefs", Time since last: 92737403 ns, Reaching safepoint: 143540 ns, At safepoint: 77315 ns, Total: 220855 ns
[2020-10-31T11:34:17.378+0000][info][gc,start     ] GC(133) Concurrent update references
[2020-10-31T11:34:17.378+0000][info][gc,task      ] GC(133) Using 1 of 1 workers for concurrent reference update
[2020-10-31T11:34:17.584+0000][info][gc           ] GC(133) Concurrent update references 3632M->3684M(4096M) 205.749ms
[2020-10-31T11:34:17.584+0000][info][gc,start     ] GC(133) Pause Final Update Refs
[2020-10-31T11:34:17.584+0000][info][gc,task      ] GC(133) Using 1 of 1 workers for final reference update
[2020-10-31T11:34:17.584+0000][info][gc           ] GC(133) Pause Final Update Refs 0.189ms
[2020-10-31T11:34:17.584+0000][info][safepoint    ] Safepoint "ShenandoahFinalUpdateRefs", Time since last: 205831389 ns, Reaching safepoint: 140357 ns, At safepoint: 210690 ns, Total: 351047 ns
[2020-10-31T11:34:17.584+0000][info][gc,start     ] GC(133) Concurrent cleanup
[2020-10-31T11:34:17.584+0000][info][gc           ] GC(133) Concurrent cleanup 3684M->302M(4096M) 0.315ms
[2020-10-31T11:34:17.584+0000][info][gc,ergo      ] Free: 3588M (1794 regions), Max regular: 2048K, Max humongous: 3334144K, External frag: 10%, Internal frag: 0%
[2020-10-31T11:34:17.584+0000][info][gc,ergo      ] Evacuation Reserve: 206M (103 regions), Max regular: 2048K
[2020-10-31T11:34:17.584+0000][info][gc,ergo      ] Pacer for Idle. Initial: 81M, Alloc Tax Rate: 1.0x
[2020-10-31T11:34:18.584+0000][info][safepoint    ] Safepoint "Cleanup", Time since last: 1000082005 ns, Reaching safepoint: 138065 ns, At safepoint: 5091 ns, Total: 143156 ns
[2020-10-31T11:34:19.584+0000][info][safepoint    ] Safepoint "Cleanup", Time since last: 1000109553 ns, Reaching safepoint: 134754 ns, At safepoint: 4827 ns, Total: 139581 ns
[2020-10-31T11:34:20.585+0000][info][safepoint    ] Safepoint "Cleanup", Time since last: 1000110910 ns, Reaching safepoint: 139572 ns, At safepoint: 5356 ns, Total: 144928 ns
[2020-10-31T11:34:21.585+0000][info][safepoint    ] Safepoint "Cleanup", Time since last: 1000114563 ns, Reaching safepoint: 138367 ns, At safepoint: 5413 ns, Total: 143780 ns
[2020-10-31T11:34:22.585+0000][info][safepoint    ] Safepoint "Cleanup", Time since last: 1000104656 ns, Reaching safepoint: 134767 ns, At safepoint: 5827 ns, Total: 140594 ns
[2020-10-31T11:34:23.585+0000][info][safepoint    ] Safepoint "Cleanup", Time since last: 1000107504 ns, Reaching safepoint: 135607 ns, At safepoint: 5656 ns, Total: 141263 ns
[2020-10-31T11:34:24.586+0000][info][safepoint    ] Safepoint "Cleanup", Time since last: 1000120406 ns, Reaching safepoint: 135972 ns, At safepoint: 5184 ns, Total: 141156 ns
[2020-10-31T11:34:25.586+0000][info][safepoint    ] Safepoint "Cleanup", Time since last: 1000107574 ns, Reaching safepoint: 137496 ns, At safepoint: 5206 ns, Total: 142702 ns
[2020-10-31T11:34:26.586+0000][info][safepoint    ] Safepoint "Cleanup", Time since last: 1000110886 ns, Reaching safepoint: 139701 ns, At safepoint: 5288 ns, Total: 144989 ns
[2020-10-31T11:34:27.432+0000][info][gc           ] Trigger: Average GC time (655.85 ms) is above the time for allocation rate (319.06 MB/s) to deplete free headroom (209M)
[2020-10-31T11:34:27.432+0000][info][gc,ergo      ] Free headroom: 414M (free) - 204M (spike) - 0M (penalties) = 209M
[2020-10-31T11:34:27.433+0000][info][gc,ergo      ] Free: 412M (206 regions), Max regular: 2048K, Max humongous: 337920K, External frag: 20%, Internal frag: 0%
[2020-10-31T11:34:27.433+0000][info][gc,ergo      ] Evacuation Reserve: 206M (103 regions), Max regular: 2048K
[2020-10-31T11:34:27.433+0000][info][gc,start     ] GC(134) Concurrent reset
[2020-10-31T11:34:27.433+0000][info][gc,task      ] GC(134) Using 1 of 1 workers for concurrent reset
[2020-10-31T11:34:27.441+0000][info][gc           ] GC(134) Concurrent reset 3478M->3478M(4096M) 8.925ms
[2020-10-31T11:34:27.442+0000][info][gc,start     ] GC(134) Pause Init Mark
[2020-10-31T11:34:27.442+0000][info][gc,task      ] GC(134) Using 1 of 1 workers for init marking
[2020-10-31T11:34:27.442+0000][info][gc,ergo      ] GC(134) Pacer for Mark. Expected Live: 116M, Free: 412M, Non-Taxable: 41M, Alloc Tax Rate: 1.0x
[2020-10-31T11:34:27.442+0000][info][gc           ] GC(134) Pause Init Mark 0.495ms
[2020-10-31T11:34:27.442+0000][info][safepoint    ] Safepoint "ShenandoahInitMark", Time since last: 855335817 ns, Reaching safepoint: 71506 ns, At safepoint: 515637 ns, Total: 587143 ns
[2020-10-31T11:34:27.442+0000][info][gc,start     ] GC(134) Concurrent marking
[2020-10-31T11:34:27.442+0000][info][gc,task      ] GC(134) Using 1 of 1 workers for concurrent marking
[2020-10-31T11:34:27.782+0000][info][gc           ] GC(134) Concurrent marking 3480M->3566M(4096M) 339.663ms
[2020-10-31T11:34:27.782+0000][info][gc,start     ] GC(134) Pause Final Mark
[2020-10-31T11:34:27.782+0000][info][gc,task      ] GC(134) Using 1 of 1 workers for final marking
[2020-10-31T11:34:27.783+0000][info][gc,ergo      ] GC(134) Adaptive CSet Selection. Target Free: 409M, Actual Free: 530M, Max CSet: 170M, Min Garbage: 0M
[2020-10-31T11:34:27.783+0000][info][gc,ergo      ] GC(134) Collectable Garbage: 3293M (99% of total), 44M CSet, 1669 CSet regions
[2020-10-31T11:34:27.783+0000][info][gc,ergo      ] GC(134) Immediate Garbage: 0M (0% of total), 0 regions
[2020-10-31T11:34:27.783+0000][info][gc,ergo      ] GC(134) Pacer for Evacuation. Used CSet: 3338M, Free: 324M, Non-Taxable: 32M, Alloc Tax Rate: 25.2x
[2020-10-31T11:34:27.783+0000][info][gc           ] GC(134) Pause Final Mark 1.424ms
[2020-10-31T11:34:27.783+0000][info][safepoint    ] Safepoint "ShenandoahFinalMarkStartEvac", Time since last: 339748414 ns, Reaching safepoint: 142565 ns, At safepoint: 1446673 ns, Total: 1589238 ns
[2020-10-31T11:34:27.783+0000][info][gc,start     ] GC(134) Concurrent cleanup
[2020-10-31T11:34:27.784+0000][info][gc           ] GC(134) Concurrent cleanup 3568M->3570M(4096M) 0.177ms
[2020-10-31T11:34:27.784+0000][info][gc,ergo      ] GC(134) Free: 320M (160 regions), Max regular: 2048K, Max humongous: 325632K, External frag: 1%, Internal frag: 0%
[2020-10-31T11:34:27.784+0000][info][gc,ergo      ] GC(134) Evacuation Reserve: 205M (103 regions), Max regular: 2048K
[2020-10-31T11:34:27.784+0000][info][gc,start     ] GC(134) Concurrent evacuation
[2020-10-31T11:34:27.784+0000][info][gc,task      ] GC(134) Using 1 of 1 workers for concurrent evacuation
[2020-10-31T11:34:27.928+0000][info][gc           ] GC(134) Concurrent evacuation 3570M->3642M(4096M) 144.088ms
[2020-10-31T11:34:27.928+0000][info][gc,start     ] GC(134) Pause Init Update Refs
[2020-10-31T11:34:27.928+0000][info][gc,ergo      ] GC(134) Pacer for Update Refs. Used: 3642M, Free: 294M, Non-Taxable: 29M, Alloc Tax Rate: 15.1x
[2020-10-31T11:34:27.928+0000][info][gc           ] GC(134) Pause Init Update Refs 0.077ms
[2020-10-31T11:34:27.928+0000][info][safepoint    ] Safepoint "ShenandoahInitUpdateRefs", Time since last: 144401928 ns, Reaching safepoint: 150384 ns, At safepoint: 98591 ns, Total: 248975 ns
[2020-10-31T11:34:27.928+0000][info][gc,start     ] GC(134) Concurrent update references
[2020-10-31T11:34:27.928+0000][info][gc,task      ] GC(134) Using 1 of 1 workers for concurrent reference update
[2020-10-31T11:34:28.276+0000][info][gc           ] GC(134) Concurrent update references 3642M->3674M(4096M) 348.217ms
[2020-10-31T11:34:28.276+0000][info][gc,start     ] GC(134) Pause Final Update Refs
[2020-10-31T11:34:28.276+0000][info][gc,task      ] GC(134) Using 1 of 1 workers for final reference update
[2020-10-31T11:34:28.277+0000][info][gc           ] GC(134) Pause Final Update Refs 0.265ms
[2020-10-31T11:34:28.277+0000][info][safepoint    ] Safepoint "ShenandoahFinalUpdateRefs", Time since last: 348306139 ns, Reaching safepoint: 64631 ns, At safepoint: 303477 ns, Total: 368108 ns
[2020-10-31T11:34:28.277+0000][info][gc,start     ] GC(134) Concurrent cleanup
[2020-10-31T11:34:28.277+0000][info][gc           ] GC(134) Concurrent cleanup 3674M->336M(4096M) 0.311ms
[2020-10-31T11:34:28.277+0000][info][gc,ergo      ] Free: 3554M (1777 regions), Max regular: 2048K, Max humongous: 3252224K, External frag: 11%, Internal frag: 0%
[2020-10-31T11:34:28.277+0000][info][gc,ergo      ] Evacuation Reserve: 206M (103 regions), Max regular: 2048K
[2020-10-31T11:34:28.277+0000][info][gc,ergo      ] Pacer for Idle. Initial: 81M, Alloc Tax Rate: 1.0x
