[2020-10-31T07:17:52.387+0000][info][gc,heap] Heap region size: 2M
[2020-10-31T07:17:55.586+0000][info][gc     ] Using G1
[2020-10-31T07:17:55.586+0000][info][gc,heap,coops] Heap address: 0x00000006a0000000, size: 5632 MB, Compressed Oops mode: Zero based, Oop shift amount: 3
[2020-10-31T07:17:55.587+0000][info][gc,cds       ] Mark closed archive regions in map: [0x00000007ffe00000, 0x00000007ffe77ff8]
[2020-10-31T07:17:55.587+0000][info][gc,cds       ] Mark open archive regions in map: [0x00000007ffd00000, 0x00000007ffd47ff8]
[2020-10-31T07:17:55.600+0000][info][gc           ] Periodic GC disabled
[2020-10-31T07:17:55.632+0000][info][safepoint    ] Safepoint "Deoptimize", Time since last: 35785698 ns, Reaching safepoint: 119867 ns, At safepoint: 18403 ns, Total: 138270 ns
[2020-10-31T07:17:55.805+0000][info][safepoint    ] Safepoint "Deoptimize", Time since last: 173308698 ns, Reaching safepoint: 144374 ns, At safepoint: 46632 ns, Total: 191006 ns
[2020-10-31T07:17:55.876+0000][info][safepoint    ] Safepoint "Deoptimize", Time since last: 70649277 ns, Reaching safepoint: 115988 ns, At safepoint: 55702 ns, Total: 171690 ns
[2020-10-31T07:17:55.889+0000][info][safepoint    ] Safepoint "EnableBiasedLocking", Time since last: 12285433 ns, Reaching safepoint: 135939 ns, At safepoint: 123694 ns, Total: 259633 ns
[2020-10-31T07:17:56.068+0000][info][safepoint    ] Safepoint "Deoptimize", Time since last: 179143614 ns, Reaching safepoint: 135141 ns, At safepoint: 86690 ns, Total: 221831 ns
[2020-10-31T07:17:56.137+0000][info][safepoint    ] Safepoint "Deoptimize", Time since last: 69012346 ns, Reaching safepoint: 128657 ns, At safepoint: 75648 ns, Total: 204305 ns
[2020-10-31T07:17:56.151+0000][info][safepoint    ] Safepoint "RevokeBias", Time since last: 13177312 ns, Reaching safepoint: 109285 ns, At safepoint: 30737 ns, Total: 140022 ns
[2020-10-31T07:17:56.160+0000][info][safepoint    ] Safepoint "RevokeBias", Time since last: 9393822 ns, Reaching safepoint: 38477 ns, At safepoint: 9629 ns, Total: 48106 ns
[2020-10-31T07:17:56.160+0000][info][safepoint    ] Safepoint "RevokeBias", Time since last: 267163 ns, Reaching safepoint: 29863 ns, At safepoint: 9102 ns, Total: 38965 ns
[2020-10-31T07:17:56.161+0000][info][safepoint    ] Safepoint "RevokeBias", Time since last: 144439 ns, Reaching safepoint: 29994 ns, At safepoint: 8088 ns, Total: 38082 ns
[2020-10-31T07:17:56.161+0000][info][safepoint    ] Safepoint "RevokeBias", Time since last: 84000 ns, Reaching safepoint: 24728 ns, At safepoint: 7393 ns, Total: 32121 ns
[2020-10-31T07:17:56.162+0000][info][safepoint    ] Safepoint "RevokeBias", Time since last: 967737 ns, Reaching safepoint: 31785 ns, At safepoint: 8365 ns, Total: 40150 ns
[2020-10-31T07:17:56.162+0000][info][safepoint    ] Safepoint "RevokeBias", Time since last: 129802 ns, Reaching safepoint: 25905 ns, At safepoint: 7222 ns, Total: 33127 ns
[2020-10-31T07:17:56.162+0000][info][safepoint    ] Safepoint "RevokeBias", Time since last: 459559 ns, Reaching safepoint: 29868 ns, At safepoint: 7972 ns, Total: 37840 ns
[2020-10-31T07:17:56.163+0000][info][safepoint    ] Safepoint "RevokeBias", Time since last: 123290 ns, Reaching safepoint: 22827 ns, At safepoint: 7073 ns, Total: 29900 ns
[2020-10-31T07:17:56.163+0000][info][safepoint    ] Safepoint "RevokeBias", Time since last: 425983 ns, Reaching safepoint: 29897 ns, At safepoint: 8259 ns, Total: 38156 ns
[2020-10-31T07:17:56.163+0000][info][safepoint    ] Safepoint "RevokeBias", Time since last: 260654 ns, Reaching safepoint: 28024 ns, At safepoint: 7669 ns, Total: 35693 ns
[2020-10-31T07:17:56.164+0000][info][safepoint    ] Safepoint "RevokeBias", Time since last: 942336 ns, Reaching safepoint: 30535 ns, At safepoint: 8793 ns, Total: 39328 ns
[2020-10-31T07:17:56.164+0000][info][safepoint    ] Safepoint "RevokeBias", Time since last: 38771 ns, Reaching safepoint: 20031 ns, At safepoint: 5741 ns, Total: 25772 ns
[2020-10-31T07:17:56.165+0000][info][safepoint    ] Safepoint "RevokeBias", Time since last: 430376 ns, Reaching safepoint: 32151 ns, At safepoint: 7130 ns, Total: 39281 ns
[2020-10-31T07:17:56.165+0000][info][safepoint    ] Safepoint "RevokeBias", Time since last: 549186 ns, Reaching safepoint: 31176 ns, At safepoint: 6540 ns, Total: 37716 ns
[2020-10-31T07:17:56.165+0000][info][safepoint    ] Safepoint "RevokeBias", Time since last: 36003 ns, Reaching safepoint: 21934 ns, At safepoint: 4826 ns, Total: 26760 ns
[2020-10-31T07:17:56.166+0000][info][safepoint    ] Safepoint "RevokeBias", Time since last: 747416 ns, Reaching safepoint: 102038 ns, At safepoint: 11518 ns, Total: 113556 ns
[2020-10-31T07:17:56.169+0000][info][safepoint    ] Safepoint "RevokeBias", Time since last: 2471343 ns, Reaching safepoint: 100621 ns, At safepoint: 10786 ns, Total: 111407 ns
[2020-10-31T07:17:56.170+0000][info][safepoint    ] Safepoint "RevokeBias", Time since last: 1488248 ns, Reaching safepoint: 29263 ns, At safepoint: 6310 ns, Total: 35573 ns
[2020-10-31T07:17:56.171+0000][info][safepoint    ] Safepoint "RevokeBias", Time since last: 569952 ns, Reaching safepoint: 28000 ns, At safepoint: 6007 ns, Total: 34007 ns
[2020-10-31T07:17:56.171+0000][info][safepoint    ] Safepoint "RevokeBias", Time since last: 293871 ns, Reaching safepoint: 26735 ns, At safepoint: 5813 ns, Total: 32548 ns
[2020-10-31T07:17:56.172+0000][info][safepoint    ] Safepoint "RevokeBias", Time since last: 947404 ns, Reaching safepoint: 28038 ns, At safepoint: 5829 ns, Total: 33867 ns
[2020-10-31T07:17:56.173+0000][info][safepoint    ] Safepoint "RevokeBias", Time since last: 546523 ns, Reaching safepoint: 30631 ns, At safepoint: 5328 ns, Total: 35959 ns
[2020-10-31T07:17:56.173+0000][info][safepoint    ] Safepoint "RevokeBias", Time since last: 37012 ns, Reaching safepoint: 22145 ns, At safepoint: 4082 ns, Total: 26227 ns
[2020-10-31T07:17:56.173+0000][info][safepoint    ] Safepoint "BulkRevokeBias", Time since last: 316564 ns, Reaching safepoint: 28856 ns, At safepoint: 36851 ns, Total: 65707 ns
[2020-10-31T07:17:56.228+0000][info][safepoint    ] Safepoint "RevokeBias", Time since last: 54688490 ns, Reaching safepoint: 57664 ns, At safepoint: 14282 ns, Total: 71946 ns
[2020-10-31T07:17:56.230+0000][info][safepoint    ] Safepoint "RevokeBias", Time since last: 1598294 ns, Reaching safepoint: 35180 ns, At safepoint: 13687 ns, Total: 48867 ns
[2020-10-31T07:17:56.232+0000][info][safepoint    ] Safepoint "RevokeBias", Time since last: 2125417 ns, Reaching safepoint: 33570 ns, At safepoint: 8377 ns, Total: 41947 ns
[2020-10-31T07:17:56.249+0000][info][safepoint    ] Safepoint "RevokeBias", Time since last: 16896310 ns, Reaching safepoint: 36595 ns, At safepoint: 7321 ns, Total: 43916 ns
[2020-10-31T07:17:56.249+0000][info][safepoint    ] Safepoint "RevokeBias", Time since last: 288598 ns, Reaching safepoint: 32092 ns, At safepoint: 6734 ns, Total: 38826 ns
[2020-10-31T07:17:56.250+0000][info][safepoint    ] Safepoint "RevokeBias", Time since last: 960081 ns, Reaching safepoint: 34803 ns, At safepoint: 6694 ns, Total: 41497 ns
[2020-10-31T07:17:56.250+0000][info][safepoint    ] Safepoint "RevokeBias", Time since last: 104141 ns, Reaching safepoint: 23903 ns, At safepoint: 5464 ns, Total: 29367 ns
[2020-10-31T07:17:56.251+0000][info][safepoint    ] Safepoint "RevokeBias", Time since last: 1066064 ns, Reaching safepoint: 33050 ns, At safepoint: 8299 ns, Total: 41349 ns
[2020-10-31T07:17:56.257+0000][info][safepoint    ] Safepoint "RevokeBias", Time since last: 5039838 ns, Reaching safepoint: 53581 ns, At safepoint: 7523 ns, Total: 61104 ns
[2020-10-31T07:17:56.259+0000][info][safepoint    ] Safepoint "RevokeBias", Time since last: 2065548 ns, Reaching safepoint: 103667 ns, At safepoint: 12254 ns, Total: 115921 ns
[2020-10-31T07:17:56.259+0000][info][safepoint    ] Safepoint "RevokeBias", Time since last: 269989 ns, Reaching safepoint: 33972 ns, At safepoint: 7257 ns, Total: 41229 ns
[2020-10-31T07:17:56.259+0000][info][safepoint    ] Safepoint "RevokeBias", Time since last: 156233 ns, Reaching safepoint: 29495 ns, At safepoint: 6922 ns, Total: 36417 ns
[2020-10-31T07:17:56.261+0000][info][safepoint    ] Safepoint "RevokeBias", Time since last: 1823947 ns, Reaching safepoint: 34369 ns, At safepoint: 11737 ns, Total: 46106 ns
[2020-10-31T07:17:56.262+0000][info][safepoint    ] Safepoint "RevokeBias", Time since last: 1055638 ns, Reaching safepoint: 32077 ns, At safepoint: 7306 ns, Total: 39383 ns
[2020-10-31T07:17:56.269+0000][info][safepoint    ] Safepoint "RevokeBias", Time since last: 6346280 ns, Reaching safepoint: 103823 ns, At safepoint: 12214 ns, Total: 116037 ns
[2020-10-31T07:17:56.270+0000][info][safepoint    ] Safepoint "RevokeBias", Time since last: 1714245 ns, Reaching safepoint: 104113 ns, At safepoint: 26460 ns, Total: 130573 ns
[2020-10-31T07:17:56.272+0000][info][safepoint    ] Safepoint "RevokeBias", Time since last: 1260892 ns, Reaching safepoint: 34084 ns, At safepoint: 28918 ns, Total: 63002 ns
[2020-10-31T07:17:56.274+0000][info][safepoint    ] Safepoint "RevokeBias", Time since last: 2168816 ns, Reaching safepoint: 30923 ns, At safepoint: 7407 ns, Total: 38330 ns
[2020-10-31T07:17:56.275+0000][info][safepoint    ] Safepoint "RevokeBias", Time since last: 974932 ns, Reaching safepoint: 37617 ns, At safepoint: 7700 ns, Total: 45317 ns
[2020-10-31T07:17:56.276+0000][info][safepoint    ] Safepoint "RevokeBias", Time since last: 1141419 ns, Reaching safepoint: 39191 ns, At safepoint: 7553 ns, Total: 46744 ns
[2020-10-31T07:17:56.277+0000][info][safepoint    ] Safepoint "RevokeBias", Time since last: 666669 ns, Reaching safepoint: 36564 ns, At safepoint: 8615 ns, Total: 45179 ns
[2020-10-31T07:17:56.279+0000][info][safepoint    ] Safepoint "RevokeBias", Time since last: 1896273 ns, Reaching safepoint: 37811 ns, At safepoint: 10778 ns, Total: 48589 ns
[2020-10-31T07:17:56.279+0000][info][safepoint    ] Safepoint "RevokeBias", Time since last: 551806 ns, Reaching safepoint: 38047 ns, At safepoint: 10322 ns, Total: 48369 ns
[2020-10-31T07:17:56.280+0000][info][safepoint    ] Safepoint "RevokeBias", Time since last: 187747 ns, Reaching safepoint: 96116 ns, At safepoint: 11919 ns, Total: 108035 ns
[2020-10-31T07:17:56.280+0000][info][safepoint    ] Safepoint "BulkRevokeBias", Time since last: 22116 ns, Reaching safepoint: 87881 ns, At safepoint: 58344 ns, Total: 146225 ns
[2020-10-31T07:17:56.285+0000][info][safepoint    ] Safepoint "RevokeBias", Time since last: 4506066 ns, Reaching safepoint: 101844 ns, At safepoint: 9581 ns, Total: 111425 ns
[2020-10-31T07:17:56.314+0000][info][safepoint    ] Safepoint "RevokeBias", Time since last: 29411552 ns, Reaching safepoint: 198720 ns, At safepoint: 11324 ns, Total: 210044 ns
[2020-10-31T07:17:56.343+0000][info][safepoint    ] Safepoint "RevokeBias", Time since last: 28497678 ns, Reaching safepoint: 124665 ns, At safepoint: 36238 ns, Total: 160903 ns
[2020-10-31T07:17:56.374+0000][info][safepoint    ] Safepoint "Deoptimize", Time since last: 31365227 ns, Reaching safepoint: 54815 ns, At safepoint: 100496 ns, Total: 155311 ns
[2020-10-31T07:17:56.421+0000][info][safepoint    ] Safepoint "RevokeBias", Time since last: 46509013 ns, Reaching safepoint: 120081 ns, At safepoint: 13329 ns, Total: 133410 ns
[2020-10-31T07:17:56.421+0000][info][safepoint    ] Safepoint "RevokeBias", Time since last: 76321 ns, Reaching safepoint: 97073 ns, At safepoint: 13031 ns, Total: 110104 ns
[2020-10-31T07:17:56.424+0000][info][safepoint    ] Safepoint "RevokeBias", Time since last: 3142790 ns, Reaching safepoint: 114614 ns, At safepoint: 16184 ns, Total: 130798 ns
[2020-10-31T07:17:56.430+0000][info][safepoint    ] Safepoint "RevokeBias", Time since last: 5293301 ns, Reaching safepoint: 105571 ns, At safepoint: 16948 ns, Total: 122519 ns
[2020-10-31T07:17:56.430+0000][info][safepoint    ] Safepoint "RevokeBias", Time since last: 268363 ns, Reaching safepoint: 102094 ns, At safepoint: 13545 ns, Total: 115639 ns
[2020-10-31T07:17:56.789+0000][info][safepoint    ] Safepoint "ICBufferFull", Time since last: 358189748 ns, Reaching safepoint: 201334 ns, At safepoint: 7564 ns, Total: 208898 ns
[2020-10-31T07:17:56.904+0000][info][safepoint    ] Safepoint "ICBufferFull", Time since last: 115078643 ns, Reaching safepoint: 200100 ns, At safepoint: 6895 ns, Total: 206995 ns
[2020-10-31T07:17:57.466+0000][info][safepoint    ] Safepoint "ICBufferFull", Time since last: 562084402 ns, Reaching safepoint: 224245 ns, At safepoint: 9643 ns, Total: 233888 ns
[2020-10-31T07:17:58.042+0000][info][safepoint    ] Safepoint "ICBufferFull", Time since last: 575380064 ns, Reaching safepoint: 156722 ns, At safepoint: 6036 ns, Total: 162758 ns
[2020-10-31T07:17:58.562+0000][info][gc,start     ] GC(0) Pause Young (Normal) (G1 Evacuation Pause)
[2020-10-31T07:17:58.565+0000][info][gc,task      ] GC(0) Using 2 workers of 2 for evacuation
[2020-10-31T07:17:58.603+0000][info][gc,phases    ] GC(0)   Pre Evacuate Collection Set: 0.5ms
[2020-10-31T07:17:58.603+0000][info][gc,phases    ] GC(0)   Evacuate Collection Set: 33.1ms
[2020-10-31T07:17:58.603+0000][info][gc,phases    ] GC(0)   Post Evacuate Collection Set: 4.6ms
[2020-10-31T07:17:58.603+0000][info][gc,phases    ] GC(0)   Other: 3.3ms
[2020-10-31T07:17:58.603+0000][info][gc,heap      ] GC(0) Eden regions: 140->0(136)
[2020-10-31T07:17:58.603+0000][info][gc,heap      ] GC(0) Survivor regions: 0->4(18)
[2020-10-31T07:17:58.603+0000][info][gc,heap      ] GC(0) Old regions: 0->0
[2020-10-31T07:17:58.603+0000][info][gc,heap      ] GC(0) Archive regions: 2->2
[2020-10-31T07:17:58.603+0000][info][gc,heap      ] GC(0) Humongous regions: 0->0
[2020-10-31T07:17:58.603+0000][info][gc,metaspace ] GC(0) Metaspace: 13570K->13570K(1060864K)
[2020-10-31T07:17:58.603+0000][info][gc           ] GC(0) Pause Young (Normal) (G1 Evacuation Pause) 281M->8M(5632M) 41.546ms
[2020-10-31T07:17:58.604+0000][info][gc,cpu       ] GC(0) User=0.07s Sys=0.00s Real=0.04s
[2020-10-31T07:17:58.604+0000][info][safepoint    ] Safepoint "G1CollectForAllocation", Time since last: 519965626 ns, Reaching safepoint: 130626 ns, At safepoint: 41613124 ns, Total: 41743750 ns
[2020-10-31T07:17:59.604+0000][info][safepoint    ] Safepoint "Cleanup", Time since last: 1000084360 ns, Reaching safepoint: 145250 ns, At safepoint: 6450 ns, Total: 151700 ns
[2020-10-31T07:17:59.875+0000][info][gc,start     ] GC(1) Pause Young (Normal) (G1 Evacuation Pause)
[2020-10-31T07:17:59.875+0000][info][gc,task      ] GC(1) Using 2 workers of 2 for evacuation
[2020-10-31T07:17:59.900+0000][info][gc,phases    ] GC(1)   Pre Evacuate Collection Set: 0.6ms
[2020-10-31T07:17:59.900+0000][info][gc,phases    ] GC(1)   Evacuate Collection Set: 20.3ms
[2020-10-31T07:17:59.900+0000][info][gc,phases    ] GC(1)   Post Evacuate Collection Set: 3.3ms
[2020-10-31T07:17:59.900+0000][info][gc,phases    ] GC(1)   Other: 0.5ms
[2020-10-31T07:17:59.900+0000][info][gc,heap      ] GC(1) Eden regions: 136->0(136)
[2020-10-31T07:17:59.900+0000][info][gc,heap      ] GC(1) Survivor regions: 4->4(18)
[2020-10-31T07:17:59.900+0000][info][gc,heap      ] GC(1) Old regions: 0->0
[2020-10-31T07:17:59.900+0000][info][gc,heap      ] GC(1) Archive regions: 2->2
[2020-10-31T07:17:59.900+0000][info][gc,heap      ] GC(1) Humongous regions: 0->0
[2020-10-31T07:17:59.900+0000][info][gc,metaspace ] GC(1) Metaspace: 13587K->13587K(1060864K)
[2020-10-31T07:17:59.900+0000][info][gc           ] GC(1) Pause Young (Normal) (G1 Evacuation Pause) 280M->8M(5632M) 24.711ms
[2020-10-31T07:17:59.900+0000][info][gc,cpu       ] GC(1) User=0.04s Sys=0.00s Real=0.02s
[2020-10-31T07:17:59.900+0000][info][safepoint    ] Safepoint "G1CollectForAllocation", Time since last: 271022921 ns, Reaching safepoint: 93402 ns, At safepoint: 24775475 ns, Total: 24868877 ns
[2020-10-31T07:18:00.876+0000][info][gc,start     ] GC(2) Pause Young (Normal) (G1 Evacuation Pause)
[2020-10-31T07:18:00.876+0000][info][gc,task      ] GC(2) Using 2 workers of 2 for evacuation
[2020-10-31T07:18:00.911+0000][info][gc,phases    ] GC(2)   Pre Evacuate Collection Set: 0.6ms
[2020-10-31T07:18:00.911+0000][info][gc,phases    ] GC(2)   Evacuate Collection Set: 28.9ms
[2020-10-31T07:18:00.911+0000][info][gc,phases    ] GC(2)   Post Evacuate Collection Set: 4.6ms
[2020-10-31T07:18:00.911+0000][info][gc,phases    ] GC(2)   Other: 0.4ms
[2020-10-31T07:18:00.911+0000][info][gc,heap      ] GC(2) Eden regions: 136->0(137)
[2020-10-31T07:18:00.911+0000][info][gc,heap      ] GC(2) Survivor regions: 4->4(18)
[2020-10-31T07:18:00.911+0000][info][gc,heap      ] GC(2) Old regions: 0->0
[2020-10-31T07:18:00.911+0000][info][gc,heap      ] GC(2) Archive regions: 2->2
[2020-10-31T07:18:00.911+0000][info][gc,heap      ] GC(2) Humongous regions: 0->0
[2020-10-31T07:18:00.911+0000][info][gc,metaspace ] GC(2) Metaspace: 13590K->13590K(1060864K)
[2020-10-31T07:18:00.911+0000][info][gc           ] GC(2) Pause Young (Normal) (G1 Evacuation Pause) 280M->8M(5632M) 34.512ms
[2020-10-31T07:18:00.911+0000][info][gc,cpu       ] GC(2) User=0.03s Sys=0.00s Real=0.03s
[2020-10-31T07:18:00.911+0000][info][safepoint    ] Safepoint "G1CollectForAllocation", Time since last: 976508216 ns, Reaching safepoint: 88388 ns, At safepoint: 34559666 ns, Total: 34648054 ns
[2020-10-31T07:18:01.812+0000][info][gc,start     ] GC(3) Pause Young (Normal) (G1 Evacuation Pause)
[2020-10-31T07:18:01.812+0000][info][gc,task      ] GC(3) Using 2 workers of 2 for evacuation
[2020-10-31T07:18:01.837+0000][info][gc,phases    ] GC(3)   Pre Evacuate Collection Set: 0.6ms
[2020-10-31T07:18:01.837+0000][info][gc,phases    ] GC(3)   Evacuate Collection Set: 20.5ms
[2020-10-31T07:18:01.837+0000][info][gc,phases    ] GC(3)   Post Evacuate Collection Set: 4.2ms
[2020-10-31T07:18:01.837+0000][info][gc,phases    ] GC(3)   Other: 0.4ms
[2020-10-31T07:18:01.837+0000][info][gc,heap      ] GC(3) Eden regions: 137->0(154)
[2020-10-31T07:18:01.837+0000][info][gc,heap      ] GC(3) Survivor regions: 4->4(18)
[2020-10-31T07:18:01.837+0000][info][gc,heap      ] GC(3) Old regions: 0->0
[2020-10-31T07:18:01.837+0000][info][gc,heap      ] GC(3) Archive regions: 2->2
[2020-10-31T07:18:01.837+0000][info][gc,heap      ] GC(3) Humongous regions: 0->0
[2020-10-31T07:18:01.837+0000][info][gc,metaspace ] GC(3) Metaspace: 13592K->13592K(1060864K)
[2020-10-31T07:18:01.837+0000][info][gc           ] GC(3) Pause Young (Normal) (G1 Evacuation Pause) 282M->8M(5632M) 25.770ms
[2020-10-31T07:18:01.837+0000][info][gc,cpu       ] GC(3) User=0.03s Sys=0.00s Real=0.03s
[2020-10-31T07:18:01.837+0000][info][safepoint    ] Safepoint "G1CollectForAllocation", Time since last: 900618799 ns, Reaching safepoint: 83079 ns, At safepoint: 25822291 ns, Total: 25905370 ns
[2020-10-31T07:18:02.837+0000][info][gc,start     ] GC(4) Pause Young (Normal) (G1 Evacuation Pause)
[2020-10-31T07:18:02.837+0000][info][gc,task      ] GC(4) Using 2 workers of 2 for evacuation
[2020-10-31T07:18:02.860+0000][info][gc,phases    ] GC(4)   Pre Evacuate Collection Set: 0.6ms
[2020-10-31T07:18:02.860+0000][info][gc,phases    ] GC(4)   Evacuate Collection Set: 17.5ms
[2020-10-31T07:18:02.860+0000][info][gc,phases    ] GC(4)   Post Evacuate Collection Set: 4.6ms
[2020-10-31T07:18:02.860+0000][info][gc,phases    ] GC(4)   Other: 0.4ms
[2020-10-31T07:18:02.860+0000][info][gc,heap      ] GC(4) Eden regions: 154->0(162)
[2020-10-31T07:18:02.860+0000][info][gc,heap      ] GC(4) Survivor regions: 4->4(20)
[2020-10-31T07:18:02.860+0000][info][gc,heap      ] GC(4) Old regions: 0->0
[2020-10-31T07:18:02.860+0000][info][gc,heap      ] GC(4) Archive regions: 2->2
[2020-10-31T07:18:02.860+0000][info][gc,heap      ] GC(4) Humongous regions: 0->0
[2020-10-31T07:18:02.860+0000][info][gc,metaspace ] GC(4) Metaspace: 13602K->13602K(1060864K)
[2020-10-31T07:18:02.860+0000][info][gc           ] GC(4) Pause Young (Normal) (G1 Evacuation Pause) 316M->8M(5632M) 23.098ms
[2020-10-31T07:18:02.860+0000][info][gc,cpu       ] GC(4) User=0.04s Sys=0.00s Real=0.02s
[2020-10-31T07:18:02.860+0000][info][safepoint    ] Safepoint "G1CollectForAllocation", Time since last: 999188089 ns, Reaching safepoint: 60532 ns, At safepoint: 23145601 ns, Total: 23206133 ns
[2020-10-31T07:18:03.860+0000][info][safepoint    ] Safepoint "Cleanup", Time since last: 1000083870 ns, Reaching safepoint: 52286 ns, At safepoint: 5175 ns, Total: 57461 ns
[2020-10-31T07:18:03.917+0000][info][gc,start     ] GC(5) Pause Young (Normal) (G1 Evacuation Pause)
[2020-10-31T07:18:03.917+0000][info][gc,task      ] GC(5) Using 2 workers of 2 for evacuation
[2020-10-31T07:18:03.944+0000][info][gc,phases    ] GC(5)   Pre Evacuate Collection Set: 0.5ms
[2020-10-31T07:18:03.944+0000][info][gc,phases    ] GC(5)   Evacuate Collection Set: 21.5ms
[2020-10-31T07:18:03.944+0000][info][gc,phases    ] GC(5)   Post Evacuate Collection Set: 4.7ms
[2020-10-31T07:18:03.944+0000][info][gc,phases    ] GC(5)   Other: 0.4ms
[2020-10-31T07:18:03.944+0000][info][gc,heap      ] GC(5) Eden regions: 162->0(177)
[2020-10-31T07:18:03.944+0000][info][gc,heap      ] GC(5) Survivor regions: 4->4(21)
[2020-10-31T07:18:03.944+0000][info][gc,heap      ] GC(5) Old regions: 0->0
[2020-10-31T07:18:03.944+0000][info][gc,heap      ] GC(5) Archive regions: 2->2
[2020-10-31T07:18:03.944+0000][info][gc,heap      ] GC(5) Humongous regions: 0->0
[2020-10-31T07:18:03.944+0000][info][gc,metaspace ] GC(5) Metaspace: 13602K->13602K(1060864K)
[2020-10-31T07:18:03.944+0000][info][gc           ] GC(5) Pause Young (Normal) (G1 Evacuation Pause) 332M->8M(5632M) 27.229ms
[2020-10-31T07:18:03.944+0000][info][gc,cpu       ] GC(5) User=0.03s Sys=0.01s Real=0.02s
[2020-10-31T07:18:03.944+0000][info][safepoint    ] Safepoint "G1CollectForAllocation", Time since last: 56602297 ns, Reaching safepoint: 73868 ns, At safepoint: 27281118 ns, Total: 27354986 ns
[2020-10-31T07:18:04.944+0000][info][safepoint    ] Safepoint "Cleanup", Time since last: 1000082233 ns, Reaching safepoint: 138098 ns, At safepoint: 5476 ns, Total: 143574 ns
[2020-10-31T07:18:05.084+0000][info][gc,start     ] GC(6) Pause Young (Normal) (G1 Evacuation Pause)
[2020-10-31T07:18:05.084+0000][info][gc,task      ] GC(6) Using 2 workers of 2 for evacuation
[2020-10-31T07:18:05.120+0000][info][gc,phases    ] GC(6)   Pre Evacuate Collection Set: 0.6ms
[2020-10-31T07:18:05.120+0000][info][gc,phases    ] GC(6)   Evacuate Collection Set: 28.9ms
[2020-10-31T07:18:05.120+0000][info][gc,phases    ] GC(6)   Post Evacuate Collection Set: 5.9ms
[2020-10-31T07:18:05.120+0000][info][gc,phases    ] GC(6)   Other: 0.4ms
[2020-10-31T07:18:05.120+0000][info][gc,heap      ] GC(6) Eden regions: 177->0(188)
[2020-10-31T07:18:05.120+0000][info][gc,heap      ] GC(6) Survivor regions: 4->4(23)
[2020-10-31T07:18:05.120+0000][info][gc,heap      ] GC(6) Old regions: 0->0
[2020-10-31T07:18:05.120+0000][info][gc,heap      ] GC(6) Archive regions: 2->2
[2020-10-31T07:18:05.120+0000][info][gc,heap      ] GC(6) Humongous regions: 0->0
[2020-10-31T07:18:05.120+0000][info][gc,metaspace ] GC(6) Metaspace: 13602K->13602K(1060864K)
[2020-10-31T07:18:05.120+0000][info][gc           ] GC(6) Pause Young (Normal) (G1 Evacuation Pause) 362M->8M(5632M) 35.936ms
[2020-10-31T07:18:05.120+0000][info][gc,cpu       ] GC(6) User=0.04s Sys=0.00s Real=0.04s
[2020-10-31T07:18:05.120+0000][info][safepoint    ] Safepoint "G1CollectForAllocation", Time since last: 140147870 ns, Reaching safepoint: 53971 ns, At safepoint: 35987329 ns, Total: 36041300 ns
[2020-10-31T07:18:06.120+0000][info][safepoint    ] Safepoint "Cleanup", Time since last: 1000079753 ns, Reaching safepoint: 119514 ns, At safepoint: 3127 ns, Total: 122641 ns
[2020-10-31T07:18:06.338+0000][info][gc,start     ] GC(7) Pause Young (Normal) (G1 Evacuation Pause)
[2020-10-31T07:18:06.338+0000][info][gc,task      ] GC(7) Using 2 workers of 2 for evacuation
[2020-10-31T07:18:06.372+0000][info][gc,phases    ] GC(7)   Pre Evacuate Collection Set: 0.6ms
[2020-10-31T07:18:06.372+0000][info][gc,phases    ] GC(7)   Evacuate Collection Set: 29.1ms
[2020-10-31T07:18:06.372+0000][info][gc,phases    ] GC(7)   Post Evacuate Collection Set: 4.9ms
[2020-10-31T07:18:06.372+0000][info][gc,phases    ] GC(7)   Other: 0.4ms
[2020-10-31T07:18:06.372+0000][info][gc,heap      ] GC(7) Eden regions: 188->0(197)
[2020-10-31T07:18:06.372+0000][info][gc,heap      ] GC(7) Survivor regions: 4->4(24)
[2020-10-31T07:18:06.372+0000][info][gc,heap      ] GC(7) Old regions: 0->0
[2020-10-31T07:18:06.372+0000][info][gc,heap      ] GC(7) Archive regions: 2->2
[2020-10-31T07:18:06.372+0000][info][gc,heap      ] GC(7) Humongous regions: 0->0
[2020-10-31T07:18:06.372+0000][info][gc,metaspace ] GC(7) Metaspace: 13602K->13602K(1060864K)
[2020-10-31T07:18:06.372+0000][info][gc           ] GC(7) Pause Young (Normal) (G1 Evacuation Pause) 384M->9M(5632M) 34.980ms
[2020-10-31T07:18:06.373+0000][info][gc,cpu       ] GC(7) User=0.04s Sys=0.00s Real=0.03s
[2020-10-31T07:18:06.373+0000][info][safepoint    ] Safepoint "G1CollectForAllocation", Time since last: 216990493 ns, Reaching safepoint: 53884 ns, At safepoint: 35045369 ns, Total: 35099253 ns
[2020-10-31T07:18:07.373+0000][info][safepoint    ] Safepoint "Cleanup", Time since last: 1000083344 ns, Reaching safepoint: 130553 ns, At safepoint: 9934 ns, Total: 140487 ns
[2020-10-31T07:18:07.604+0000][info][gc,start     ] GC(8) Pause Young (Normal) (G1 Evacuation Pause)
[2020-10-31T07:18:07.604+0000][info][gc,task      ] GC(8) Using 2 workers of 2 for evacuation
[2020-10-31T07:18:07.630+0000][info][gc,phases    ] GC(8)   Pre Evacuate Collection Set: 0.6ms
[2020-10-31T07:18:07.630+0000][info][gc,phases    ] GC(8)   Evacuate Collection Set: 20.3ms
[2020-10-31T07:18:07.630+0000][info][gc,phases    ] GC(8)   Post Evacuate Collection Set: 5.1ms
[2020-10-31T07:18:07.630+0000][info][gc,phases    ] GC(8)   Other: 0.4ms
[2020-10-31T07:18:07.630+0000][info][gc,heap      ] GC(8) Eden regions: 197->0(207)
[2020-10-31T07:18:07.630+0000][info][gc,heap      ] GC(8) Survivor regions: 4->4(26)
[2020-10-31T07:18:07.630+0000][info][gc,heap      ] GC(8) Old regions: 0->0
[2020-10-31T07:18:07.630+0000][info][gc,heap      ] GC(8) Archive regions: 2->2
[2020-10-31T07:18:07.630+0000][info][gc,heap      ] GC(8) Humongous regions: 0->0
[2020-10-31T07:18:07.630+0000][info][gc,metaspace ] GC(8) Metaspace: 13603K->13603K(1060864K)
[2020-10-31T07:18:07.630+0000][info][gc           ] GC(8) Pause Young (Normal) (G1 Evacuation Pause) 403M->8M(5632M) 26.511ms
[2020-10-31T07:18:07.630+0000][info][gc,cpu       ] GC(8) User=0.05s Sys=0.00s Real=0.03s
[2020-10-31T07:18:07.630+0000][info][safepoint    ] Safepoint "G1CollectForAllocation", Time since last: 231084115 ns, Reaching safepoint: 51782 ns, At safepoint: 26570579 ns, Total: 26622361 ns
[2020-10-31T07:18:08.631+0000][info][safepoint    ] Safepoint "Cleanup", Time since last: 1000082120 ns, Reaching safepoint: 132381 ns, At safepoint: 5887 ns, Total: 138268 ns
[2020-10-31T07:18:08.902+0000][info][gc,start     ] GC(9) Pause Young (Normal) (G1 Evacuation Pause)
[2020-10-31T07:18:08.902+0000][info][gc,task      ] GC(9) Using 2 workers of 2 for evacuation
[2020-10-31T07:18:08.935+0000][info][gc,phases    ] GC(9)   Pre Evacuate Collection Set: 0.6ms
[2020-10-31T07:18:08.936+0000][info][gc,phases    ] GC(9)   Evacuate Collection Set: 27.1ms
[2020-10-31T07:18:08.936+0000][info][gc,phases    ] GC(9)   Post Evacuate Collection Set: 5.4ms
[2020-10-31T07:18:08.936+0000][info][gc,phases    ] GC(9)   Other: 0.4ms
[2020-10-31T07:18:08.936+0000][info][gc,heap      ] GC(9) Eden regions: 207->0(225)
[2020-10-31T07:18:08.936+0000][info][gc,heap      ] GC(9) Survivor regions: 4->4(27)
[2020-10-31T07:18:08.936+0000][info][gc,heap      ] GC(9) Old regions: 0->0
[2020-10-31T07:18:08.936+0000][info][gc,heap      ] GC(9) Archive regions: 2->2
[2020-10-31T07:18:08.936+0000][info][gc,heap      ] GC(9) Humongous regions: 0->0
[2020-10-31T07:18:08.936+0000][info][gc,metaspace ] GC(9) Metaspace: 13603K->13603K(1060864K)
[2020-10-31T07:18:08.936+0000][info][gc           ] GC(9) Pause Young (Normal) (G1 Evacuation Pause) 422M->9M(5632M) 33.534ms
[2020-10-31T07:18:08.936+0000][info][gc,cpu       ] GC(9) User=0.04s Sys=0.00s Real=0.04s
[2020-10-31T07:18:08.936+0000][info][safepoint    ] Safepoint "G1CollectForAllocation", Time since last: 271274836 ns, Reaching safepoint: 52734 ns, At safepoint: 33584342 ns, Total: 33637076 ns
[2020-10-31T07:18:09.936+0000][info][safepoint    ] Safepoint "Cleanup", Time since last: 1000086322 ns, Reaching safepoint: 61547 ns, At safepoint: 6671 ns, Total: 68218 ns
[2020-10-31T07:18:10.314+0000][info][gc,start     ] GC(10) Pause Young (Normal) (G1 Evacuation Pause)
[2020-10-31T07:18:10.314+0000][info][gc,task      ] GC(10) Using 2 workers of 2 for evacuation
[2020-10-31T07:18:10.345+0000][info][gc,phases    ] GC(10)   Pre Evacuate Collection Set: 0.5ms
[2020-10-31T07:18:10.345+0000][info][gc,phases    ] GC(10)   Evacuate Collection Set: 25.0ms
[2020-10-31T07:18:10.345+0000][info][gc,phases    ] GC(10)   Post Evacuate Collection Set: 5.0ms
[2020-10-31T07:18:10.345+0000][info][gc,phases    ] GC(10)   Other: 0.4ms
[2020-10-31T07:18:10.345+0000][info][gc,heap      ] GC(10) Eden regions: 225->0(251)
[2020-10-31T07:18:10.345+0000][info][gc,heap      ] GC(10) Survivor regions: 4->4(29)
[2020-10-31T07:18:10.345+0000][info][gc,heap      ] GC(10) Old regions: 0->0
[2020-10-31T07:18:10.345+0000][info][gc,heap      ] GC(10) Archive regions: 2->2
[2020-10-31T07:18:10.345+0000][info][gc,heap      ] GC(10) Humongous regions: 0->0
[2020-10-31T07:18:10.345+0000][info][gc,metaspace ] GC(10) Metaspace: 13603K->13603K(1060864K)
[2020-10-31T07:18:10.345+0000][info][gc           ] GC(10) Pause Young (Normal) (G1 Evacuation Pause) 459M->9M(5632M) 30.989ms
[2020-10-31T07:18:10.345+0000][info][gc,cpu       ] GC(10) User=0.04s Sys=0.00s Real=0.03s
[2020-10-31T07:18:10.345+0000][info][safepoint    ] Safepoint "G1CollectForAllocation", Time since last: 377872858 ns, Reaching safepoint: 64137 ns, At safepoint: 31046881 ns, Total: 31111018 ns
[2020-10-31T07:18:11.345+0000][info][safepoint    ] Safepoint "Cleanup", Time since last: 1000080236 ns, Reaching safepoint: 124568 ns, At safepoint: 5447 ns, Total: 130015 ns
[2020-10-31T07:18:11.893+0000][info][gc,start     ] GC(11) Pause Young (Normal) (G1 Evacuation Pause)
[2020-10-31T07:18:11.893+0000][info][gc,task      ] GC(11) Using 2 workers of 2 for evacuation
[2020-10-31T07:18:11.933+0000][info][gc,phases    ] GC(11)   Pre Evacuate Collection Set: 0.6ms
[2020-10-31T07:18:11.933+0000][info][gc,phases    ] GC(11)   Evacuate Collection Set: 33.8ms
[2020-10-31T07:18:11.933+0000][info][gc,phases    ] GC(11)   Post Evacuate Collection Set: 5.1ms
[2020-10-31T07:18:11.933+0000][info][gc,phases    ] GC(11)   Other: 0.4ms
[2020-10-31T07:18:11.933+0000][info][gc,heap      ] GC(11) Eden regions: 251->0(267)
[2020-10-31T07:18:11.933+0000][info][gc,heap      ] GC(11) Survivor regions: 4->4(32)
[2020-10-31T07:18:11.933+0000][info][gc,heap      ] GC(11) Old regions: 0->0
[2020-10-31T07:18:11.933+0000][info][gc,heap      ] GC(11) Archive regions: 2->2
[2020-10-31T07:18:11.933+0000][info][gc,heap      ] GC(11) Humongous regions: 0->0
[2020-10-31T07:18:11.933+0000][info][gc,metaspace ] GC(11) Metaspace: 13603K->13603K(1060864K)
[2020-10-31T07:18:11.933+0000][info][gc           ] GC(11) Pause Young (Normal) (G1 Evacuation Pause) 511M->9M(5632M) 39.971ms
[2020-10-31T07:18:11.933+0000][info][gc,cpu       ] GC(11) User=0.04s Sys=0.00s Real=0.04s
[2020-10-31T07:18:11.933+0000][info][safepoint    ] Safepoint "G1CollectForAllocation", Time since last: 547878603 ns, Reaching safepoint: 66048 ns, At safepoint: 40022527 ns, Total: 40088575 ns
[2020-10-31T07:18:12.933+0000][info][safepoint    ] Safepoint "Cleanup", Time since last: 1000080995 ns, Reaching safepoint: 62119 ns, At safepoint: 7239 ns, Total: 69358 ns
[2020-10-31T07:18:13.582+0000][info][gc,start     ] GC(12) Pause Young (Normal) (G1 Evacuation Pause)
[2020-10-31T07:18:13.582+0000][info][gc,task      ] GC(12) Using 2 workers of 2 for evacuation
[2020-10-31T07:18:13.625+0000][info][gc,phases    ] GC(12)   Pre Evacuate Collection Set: 0.5ms
[2020-10-31T07:18:13.625+0000][info][gc,phases    ] GC(12)   Evacuate Collection Set: 35.4ms
[2020-10-31T07:18:13.625+0000][info][gc,phases    ] GC(12)   Post Evacuate Collection Set: 6.9ms
[2020-10-31T07:18:13.625+0000][info][gc,phases    ] GC(12)   Other: 0.4ms
[2020-10-31T07:18:13.625+0000][info][gc,heap      ] GC(12) Eden regions: 267->0(284)
[2020-10-31T07:18:13.625+0000][info][gc,heap      ] GC(12) Survivor regions: 4->5(34)
[2020-10-31T07:18:13.625+0000][info][gc,heap      ] GC(12) Old regions: 0->0
[2020-10-31T07:18:13.625+0000][info][gc,heap      ] GC(12) Archive regions: 2->2
[2020-10-31T07:18:13.625+0000][info][gc,heap      ] GC(12) Humongous regions: 0->0
[2020-10-31T07:18:13.625+0000][info][gc,metaspace ] GC(12) Metaspace: 13603K->13603K(1060864K)
[2020-10-31T07:18:13.625+0000][info][gc           ] GC(12) Pause Young (Normal) (G1 Evacuation Pause) 543M->10M(5632M) 43.294ms
[2020-10-31T07:18:13.625+0000][info][gc,cpu       ] GC(12) User=0.04s Sys=0.00s Real=0.05s
[2020-10-31T07:18:13.625+0000][info][safepoint    ] Safepoint "G1CollectForAllocation", Time since last: 648777231 ns, Reaching safepoint: 69747 ns, At safepoint: 43345953 ns, Total: 43415700 ns
[2020-10-31T07:18:14.625+0000][info][safepoint    ] Safepoint "Cleanup", Time since last: 1000085586 ns, Reaching safepoint: 81522 ns, At safepoint: 4241 ns, Total: 85763 ns
[2020-10-31T07:18:15.381+0000][info][gc,start     ] GC(13) Pause Young (Normal) (G1 Evacuation Pause)
[2020-10-31T07:18:15.381+0000][info][gc,task      ] GC(13) Using 2 workers of 2 for evacuation
[2020-10-31T07:18:15.418+0000][info][gc,phases    ] GC(13)   Pre Evacuate Collection Set: 0.6ms
[2020-10-31T07:18:15.418+0000][info][gc,phases    ] GC(13)   Evacuate Collection Set: 29.3ms
[2020-10-31T07:18:15.418+0000][info][gc,phases    ] GC(13)   Post Evacuate Collection Set: 7.1ms
[2020-10-31T07:18:15.418+0000][info][gc,phases    ] GC(13)   Other: 0.4ms
[2020-10-31T07:18:15.418+0000][info][gc,heap      ] GC(13) Eden regions: 284->0(388)
[2020-10-31T07:18:15.418+0000][info][gc,heap      ] GC(13) Survivor regions: 5->5(37)
[2020-10-31T07:18:15.418+0000][info][gc,heap      ] GC(13) Old regions: 0->0
[2020-10-31T07:18:15.418+0000][info][gc,heap      ] GC(13) Archive regions: 2->2
[2020-10-31T07:18:15.418+0000][info][gc,heap      ] GC(13) Humongous regions: 0->0
[2020-10-31T07:18:15.418+0000][info][gc,metaspace ] GC(13) Metaspace: 13604K->13604K(1060864K)
[2020-10-31T07:18:15.418+0000][info][gc           ] GC(13) Pause Young (Normal) (G1 Evacuation Pause) 578M->10M(5632M) 37.372ms
[2020-10-31T07:18:15.418+0000][info][gc,cpu       ] GC(13) User=0.06s Sys=0.00s Real=0.04s
[2020-10-31T07:18:15.418+0000][info][safepoint    ] Safepoint "G1CollectForAllocation", Time since last: 755062555 ns, Reaching safepoint: 58437 ns, At safepoint: 37422552 ns, Total: 37480989 ns
[2020-10-31T07:18:16.338+0000][info][safepoint    ] Safepoint "RevokeBias", Time since last: 919753354 ns, Reaching safepoint: 73701 ns, At safepoint: 19837 ns, Total: 93538 ns
[2020-10-31T07:18:17.338+0000][info][safepoint    ] Safepoint "Cleanup", Time since last: 1000108795 ns, Reaching safepoint: 194220 ns, At safepoint: 6947 ns, Total: 201167 ns
[2020-10-31T07:18:18.294+0000][info][gc,start     ] GC(14) Pause Young (Normal) (G1 Evacuation Pause)
[2020-10-31T07:18:18.294+0000][info][gc,task      ] GC(14) Using 2 workers of 2 for evacuation
[2020-10-31T07:18:18.337+0000][info][gc,phases    ] GC(14)   Pre Evacuate Collection Set: 0.5ms
[2020-10-31T07:18:18.337+0000][info][gc,phases    ] GC(14)   Evacuate Collection Set: 35.2ms
[2020-10-31T07:18:18.337+0000][info][gc,phases    ] GC(14)   Post Evacuate Collection Set: 6.9ms
[2020-10-31T07:18:18.337+0000][info][gc,phases    ] GC(14)   Other: 0.4ms
[2020-10-31T07:18:18.337+0000][info][gc,heap      ] GC(14) Eden regions: 388->0(480)
[2020-10-31T07:18:18.337+0000][info][gc,heap      ] GC(14) Survivor regions: 5->6(50)
[2020-10-31T07:18:18.337+0000][info][gc,heap      ] GC(14) Old regions: 0->0
[2020-10-31T07:18:18.337+0000][info][gc,heap      ] GC(14) Archive regions: 2->2
[2020-10-31T07:18:18.337+0000][info][gc,heap      ] GC(14) Humongous regions: 0->0
[2020-10-31T07:18:18.337+0000][info][gc,metaspace ] GC(14) Metaspace: 13615K->13615K(1060864K)
[2020-10-31T07:18:18.337+0000][info][gc           ] GC(14) Pause Young (Normal) (G1 Evacuation Pause) 786M->12M(5632M) 43.131ms
[2020-10-31T07:18:18.337+0000][info][gc,cpu       ] GC(14) User=0.07s Sys=0.00s Real=0.04s
[2020-10-31T07:18:18.337+0000][info][safepoint    ] Safepoint "G1CollectForAllocation", Time since last: 955662138 ns, Reaching safepoint: 63575 ns, At safepoint: 43182139 ns, Total: 43245714 ns
[2020-10-31T07:18:19.337+0000][info][safepoint    ] Safepoint "Cleanup", Time since last: 1000081767 ns, Reaching safepoint: 136463 ns, At safepoint: 4577 ns, Total: 141040 ns
[2020-10-31T07:18:20.337+0000][info][safepoint    ] Safepoint "Cleanup", Time since last: 1000126909 ns, Reaching safepoint: 60431 ns, At safepoint: 3902 ns, Total: 64333 ns
[2020-10-31T07:18:21.343+0000][info][safepoint    ] Safepoint "Cleanup", Time since last: 1005150420 ns, Reaching safepoint: 122284 ns, At safepoint: 5310 ns, Total: 127594 ns
[2020-10-31T07:18:21.452+0000][info][gc,start     ] GC(15) Pause Young (Normal) (G1 Evacuation Pause)
[2020-10-31T07:18:21.452+0000][info][gc,task      ] GC(15) Using 2 workers of 2 for evacuation
[2020-10-31T07:18:21.501+0000][info][gc,phases    ] GC(15)   Pre Evacuate Collection Set: 0.6ms
[2020-10-31T07:18:21.501+0000][info][gc,phases    ] GC(15)   Evacuate Collection Set: 37.5ms
[2020-10-31T07:18:21.501+0000][info][gc,phases    ] GC(15)   Post Evacuate Collection Set: 10.5ms
[2020-10-31T07:18:21.501+0000][info][gc,phases    ] GC(15)   Other: 0.4ms
[2020-10-31T07:18:21.501+0000][info][gc,heap      ] GC(15) Eden regions: 480->0(922)
[2020-10-31T07:18:21.501+0000][info][gc,heap      ] GC(15) Survivor regions: 6->4(61)
[2020-10-31T07:18:21.501+0000][info][gc,heap      ] GC(15) Old regions: 0->3
[2020-10-31T07:18:21.501+0000][info][gc,heap      ] GC(15) Archive regions: 2->2
[2020-10-31T07:18:21.501+0000][info][gc,heap      ] GC(15) Humongous regions: 0->0
[2020-10-31T07:18:21.501+0000][info][gc,metaspace ] GC(15) Metaspace: 13615K->13615K(1060864K)
[2020-10-31T07:18:21.501+0000][info][gc           ] GC(15) Pause Young (Normal) (G1 Evacuation Pause) 972M->13M(5632M) 49.107ms
[2020-10-31T07:18:21.501+0000][info][gc,cpu       ] GC(15) User=0.09s Sys=0.00s Real=0.05s
[2020-10-31T07:18:21.501+0000][info][safepoint    ] Safepoint "G1CollectForAllocation", Time since last: 108827649 ns, Reaching safepoint: 54013 ns, At safepoint: 49158734 ns, Total: 49212747 ns
[2020-10-31T07:18:22.501+0000][info][safepoint    ] Safepoint "Cleanup", Time since last: 1000080630 ns, Reaching safepoint: 66307 ns, At safepoint: 5394 ns, Total: 71701 ns
[2020-10-31T07:18:23.501+0000][info][safepoint    ] Safepoint "Cleanup", Time since last: 1000111696 ns, Reaching safepoint: 62028 ns, At safepoint: 6733 ns, Total: 68761 ns
[2020-10-31T07:18:24.501+0000][info][safepoint    ] Safepoint "Cleanup", Time since last: 1000108133 ns, Reaching safepoint: 80809 ns, At safepoint: 4111 ns, Total: 84920 ns
[2020-10-31T07:18:25.502+0000][info][safepoint    ] Safepoint "Cleanup", Time since last: 1000103021 ns, Reaching safepoint: 141369 ns, At safepoint: 3737 ns, Total: 145106 ns
[2020-10-31T07:18:26.502+0000][info][safepoint    ] Safepoint "Cleanup", Time since last: 1000109408 ns, Reaching safepoint: 147748 ns, At safepoint: 3386 ns, Total: 151134 ns
[2020-10-31T07:18:27.502+0000][info][safepoint    ] Safepoint "Cleanup", Time since last: 1000110934 ns, Reaching safepoint: 127875 ns, At safepoint: 5154 ns, Total: 133029 ns
[2020-10-31T07:18:27.549+0000][info][gc,start     ] GC(16) Pause Young (Normal) (G1 Evacuation Pause)
[2020-10-31T07:18:27.549+0000][info][gc,task      ] GC(16) Using 2 workers of 2 for evacuation
[2020-10-31T07:18:27.623+0000][info][gc,phases    ] GC(16)   Pre Evacuate Collection Set: 0.6ms
[2020-10-31T07:18:27.623+0000][info][gc,phases    ] GC(16)   Evacuate Collection Set: 55.1ms
[2020-10-31T07:18:27.623+0000][info][gc,phases    ] GC(16)   Post Evacuate Collection Set: 17.5ms
[2020-10-31T07:18:27.623+0000][info][gc,phases    ] GC(16)   Other: 0.5ms
[2020-10-31T07:18:27.623+0000][info][gc,heap      ] GC(16) Eden regions: 922->0(1682)
[2020-10-31T07:18:27.623+0000][info][gc,heap      ] GC(16) Survivor regions: 4->7(116)
[2020-10-31T07:18:27.623+0000][info][gc,heap      ] GC(16) Old regions: 3->3
[2020-10-31T07:18:27.623+0000][info][gc,heap      ] GC(16) Archive regions: 2->2
[2020-10-31T07:18:27.623+0000][info][gc,heap      ] GC(16) Humongous regions: 0->0
[2020-10-31T07:18:27.623+0000][info][gc,metaspace ] GC(16) Metaspace: 13617K->13617K(1060864K)
[2020-10-31T07:18:27.623+0000][info][gc           ] GC(16) Pause Young (Normal) (G1 Evacuation Pause) 1857M->19M(5632M) 73.689ms
[2020-10-31T07:18:27.623+0000][info][gc,cpu       ] GC(16) User=0.13s Sys=0.00s Real=0.07s
[2020-10-31T07:18:27.623+0000][info][safepoint    ] Safepoint "G1CollectForAllocation", Time since last: 46853575 ns, Reaching safepoint: 47902 ns, At safepoint: 73752455 ns, Total: 73800357 ns
[2020-10-31T07:18:28.623+0000][info][safepoint    ] Safepoint "Cleanup", Time since last: 1000084624 ns, Reaching safepoint: 127244 ns, At safepoint: 6078 ns, Total: 133322 ns
[2020-10-31T07:18:29.623+0000][info][safepoint    ] Safepoint "Cleanup", Time since last: 1000111534 ns, Reaching safepoint: 147220 ns, At safepoint: 5724 ns, Total: 152944 ns
[2020-10-31T07:18:30.623+0000][info][safepoint    ] Safepoint "Cleanup", Time since last: 1000109137 ns, Reaching safepoint: 128368 ns, At safepoint: 6355 ns, Total: 134723 ns
[2020-10-31T07:18:31.624+0000][info][safepoint    ] Safepoint "Cleanup", Time since last: 1000110612 ns, Reaching safepoint: 124990 ns, At safepoint: 6814 ns, Total: 131804 ns
[2020-10-31T07:18:32.624+0000][info][safepoint    ] Safepoint "Cleanup", Time since last: 1000108291 ns, Reaching safepoint: 128159 ns, At safepoint: 6307 ns, Total: 134466 ns
[2020-10-31T07:18:33.624+0000][info][safepoint    ] Safepoint "Cleanup", Time since last: 1000113093 ns, Reaching safepoint: 130389 ns, At safepoint: 6971 ns, Total: 137360 ns
[2020-10-31T07:18:34.624+0000][info][safepoint    ] Safepoint "Cleanup", Time since last: 1000109456 ns, Reaching safepoint: 125871 ns, At safepoint: 6706 ns, Total: 132577 ns
[2020-10-31T07:18:35.625+0000][info][safepoint    ] Safepoint "Cleanup", Time since last: 1000116768 ns, Reaching safepoint: 123144 ns, At safepoint: 5461 ns, Total: 128605 ns
[2020-10-31T07:18:36.625+0000][info][safepoint    ] Safepoint "Cleanup", Time since last: 1000112264 ns, Reaching safepoint: 54859 ns, At safepoint: 2324 ns, Total: 57183 ns
[2020-10-31T07:18:37.625+0000][info][safepoint    ] Safepoint "Cleanup", Time since last: 1000110381 ns, Reaching safepoint: 125336 ns, At safepoint: 6638 ns, Total: 131974 ns
[2020-10-31T07:18:38.546+0000][info][gc,start     ] GC(17) Pause Young (Normal) (G1 Evacuation Pause)
[2020-10-31T07:18:38.546+0000][info][gc,task      ] GC(17) Using 2 workers of 2 for evacuation
[2020-10-31T07:18:38.666+0000][info][gc,phases    ] GC(17)   Pre Evacuate Collection Set: 0.6ms
[2020-10-31T07:18:38.666+0000][info][gc,phases    ] GC(17)   Evacuate Collection Set: 90.2ms
[2020-10-31T07:18:38.666+0000][info][gc,phases    ] GC(17)   Post Evacuate Collection Set: 28.8ms
[2020-10-31T07:18:38.666+0000][info][gc,phases    ] GC(17)   Other: 0.6ms
[2020-10-31T07:18:38.666+0000][info][gc,heap      ] GC(17) Eden regions: 1682->0(1677)
[2020-10-31T07:18:38.666+0000][info][gc,heap      ] GC(17) Survivor regions: 7->12(212)
[2020-10-31T07:18:38.666+0000][info][gc,heap      ] GC(17) Old regions: 3->3
[2020-10-31T07:18:38.666+0000][info][gc,heap      ] GC(17) Archive regions: 2->2
[2020-10-31T07:18:38.666+0000][info][gc,heap      ] GC(17) Humongous regions: 0->0
[2020-10-31T07:18:38.666+0000][info][gc,metaspace ] GC(17) Metaspace: 13617K->13617K(1060864K)
[2020-10-31T07:18:38.666+0000][info][gc           ] GC(17) Pause Young (Normal) (G1 Evacuation Pause) 3383M->30M(5632M) 120.305ms
[2020-10-31T07:18:38.666+0000][info][gc,cpu       ] GC(17) User=0.23s Sys=0.00s Real=0.12s
[2020-10-31T07:18:38.666+0000][info][safepoint    ] Safepoint "G1CollectForAllocation", Time since last: 920414838 ns, Reaching safepoint: 54651 ns, At safepoint: 120365201 ns, Total: 120419852 ns
[2020-10-31T07:18:39.666+0000][info][safepoint    ] Safepoint "Cleanup", Time since last: 1000082759 ns, Reaching safepoint: 146171 ns, At safepoint: 3588 ns, Total: 149759 ns
[2020-10-31T07:18:40.666+0000][info][safepoint    ] Safepoint "Cleanup", Time since last: 1000193962 ns, Reaching safepoint: 48191 ns, At safepoint: 1930 ns, Total: 50121 ns
[2020-10-31T07:18:41.667+0000][info][safepoint    ] Safepoint "Cleanup", Time since last: 1000094924 ns, Reaching safepoint: 125296 ns, At safepoint: 5473 ns, Total: 130769 ns
[2020-10-31T07:18:42.667+0000][info][safepoint    ] Safepoint "Cleanup", Time since last: 1000120892 ns, Reaching safepoint: 53891 ns, At safepoint: 3783 ns, Total: 57674 ns
[2020-10-31T07:18:43.667+0000][info][safepoint    ] Safepoint "Cleanup", Time since last: 1000105436 ns, Reaching safepoint: 138111 ns, At safepoint: 5827 ns, Total: 143938 ns
[2020-10-31T07:18:44.667+0000][info][safepoint    ] Safepoint "Cleanup", Time since last: 1000107747 ns, Reaching safepoint: 129481 ns, At safepoint: 6653 ns, Total: 136134 ns
[2020-10-31T07:18:45.668+0000][info][safepoint    ] Safepoint "Cleanup", Time since last: 1000108848 ns, Reaching safepoint: 125950 ns, At safepoint: 5715 ns, Total: 131665 ns
[2020-10-31T07:18:46.668+0000][info][safepoint    ] Safepoint "Cleanup", Time since last: 1000110125 ns, Reaching safepoint: 129093 ns, At safepoint: 5637 ns, Total: 134730 ns
[2020-10-31T07:18:47.668+0000][info][safepoint    ] Safepoint "Cleanup", Time since last: 1000106683 ns, Reaching safepoint: 47007 ns, At safepoint: 2081 ns, Total: 49088 ns
[2020-10-31T07:18:48.668+0000][info][safepoint    ] Safepoint "Cleanup", Time since last: 1000101559 ns, Reaching safepoint: 125437 ns, At safepoint: 7330 ns, Total: 132767 ns
[2020-10-31T07:18:49.081+0000][info][gc,start     ] GC(18) Pause Young (Normal) (G1 Evacuation Pause)
[2020-10-31T07:18:49.081+0000][info][gc,task      ] GC(18) Using 2 workers of 2 for evacuation
[2020-10-31T07:18:49.202+0000][info][gc,phases    ] GC(18)   Pre Evacuate Collection Set: 0.6ms
[2020-10-31T07:18:49.202+0000][info][gc,phases    ] GC(18)   Evacuate Collection Set: 90.7ms
[2020-10-31T07:18:49.202+0000][info][gc,phases    ] GC(18)   Post Evacuate Collection Set: 29.5ms
[2020-10-31T07:18:49.202+0000][info][gc,phases    ] GC(18)   Other: 0.5ms
[2020-10-31T07:18:49.202+0000][info][gc,heap      ] GC(18) Eden regions: 1677->0(1677)
[2020-10-31T07:18:49.202+0000][info][gc,heap      ] GC(18) Survivor regions: 12->12(212)
[2020-10-31T07:18:49.202+0000][info][gc,heap      ] GC(18) Old regions: 3->3
[2020-10-31T07:18:49.202+0000][info][gc,heap      ] GC(18) Archive regions: 2->2
[2020-10-31T07:18:49.202+0000][info][gc,heap      ] GC(18) Humongous regions: 0->0
[2020-10-31T07:18:49.202+0000][info][gc,metaspace ] GC(18) Metaspace: 13619K->13619K(1060864K)
[2020-10-31T07:18:49.202+0000][info][gc           ] GC(18) Pause Young (Normal) (G1 Evacuation Pause) 3384M->30M(5632M) 121.395ms
[2020-10-31T07:18:49.202+0000][info][gc,cpu       ] GC(18) User=0.24s Sys=0.00s Real=0.12s
[2020-10-31T07:18:49.202+0000][info][safepoint    ] Safepoint "G1CollectForAllocation", Time since last: 412342135 ns, Reaching safepoint: 65482 ns, At safepoint: 121456274 ns, Total: 121521756 ns
[2020-10-31T07:18:50.202+0000][info][safepoint    ] Safepoint "Cleanup", Time since last: 1000082720 ns, Reaching safepoint: 124800 ns, At safepoint: 5703 ns, Total: 130503 ns
[2020-10-31T07:18:51.202+0000][info][safepoint    ] Safepoint "Cleanup", Time since last: 1000106422 ns, Reaching safepoint: 136827 ns, At safepoint: 3369 ns, Total: 140196 ns
[2020-10-31T07:18:52.204+0000][info][safepoint    ] Safepoint "Cleanup", Time since last: 1000957613 ns, Reaching safepoint: 139645 ns, At safepoint: 5791 ns, Total: 145436 ns
[2020-10-31T07:18:53.204+0000][info][safepoint    ] Safepoint "Cleanup", Time since last: 1000110894 ns, Reaching safepoint: 139929 ns, At safepoint: 3275 ns, Total: 143204 ns
[2020-10-31T07:18:54.204+0000][info][safepoint    ] Safepoint "Cleanup", Time since last: 1000109930 ns, Reaching safepoint: 124410 ns, At safepoint: 5713 ns, Total: 130123 ns
[2020-10-31T07:18:55.204+0000][info][safepoint    ] Safepoint "Cleanup", Time since last: 1000107017 ns, Reaching safepoint: 151386 ns, At safepoint: 5816 ns, Total: 157202 ns
[2020-10-31T07:18:56.205+0000][info][safepoint    ] Safepoint "Cleanup", Time since last: 1000106297 ns, Reaching safepoint: 128294 ns, At safepoint: 5420 ns, Total: 133714 ns
[2020-10-31T07:18:57.205+0000][info][safepoint    ] Safepoint "Cleanup", Time since last: 1000107375 ns, Reaching safepoint: 62498 ns, At safepoint: 3724 ns, Total: 66222 ns
[2020-10-31T07:18:58.205+0000][info][safepoint    ] Safepoint "Cleanup", Time since last: 1000127542 ns, Reaching safepoint: 129413 ns, At safepoint: 5538 ns, Total: 134951 ns
[2020-10-31T07:18:59.205+0000][info][safepoint    ] Safepoint "Cleanup", Time since last: 1000106398 ns, Reaching safepoint: 123019 ns, At safepoint: 5900 ns, Total: 128919 ns
[2020-10-31T07:18:59.657+0000][info][gc,start     ] GC(19) Pause Young (Normal) (G1 Evacuation Pause)
[2020-10-31T07:18:59.657+0000][info][gc,task      ] GC(19) Using 2 workers of 2 for evacuation
[2020-10-31T07:18:59.778+0000][info][gc,phases    ] GC(19)   Pre Evacuate Collection Set: 0.6ms
[2020-10-31T07:18:59.778+0000][info][gc,phases    ] GC(19)   Evacuate Collection Set: 92.2ms
[2020-10-31T07:18:59.778+0000][info][gc,phases    ] GC(19)   Post Evacuate Collection Set: 27.8ms
[2020-10-31T07:18:59.778+0000][info][gc,phases    ] GC(19)   Other: 0.5ms
[2020-10-31T07:18:59.778+0000][info][gc,heap      ] GC(19) Eden regions: 1677->0(1677)
[2020-10-31T07:18:59.778+0000][info][gc,heap      ] GC(19) Survivor regions: 12->12(212)
[2020-10-31T07:18:59.778+0000][info][gc,heap      ] GC(19) Old regions: 3->3
[2020-10-31T07:18:59.778+0000][info][gc,heap      ] GC(19) Archive regions: 2->2
[2020-10-31T07:18:59.778+0000][info][gc,heap      ] GC(19) Humongous regions: 0->0
[2020-10-31T07:18:59.778+0000][info][gc,metaspace ] GC(19) Metaspace: 13623K->13623K(1060864K)
[2020-10-31T07:18:59.778+0000][info][gc           ] GC(19) Pause Young (Normal) (G1 Evacuation Pause) 3384M->30M(5632M) 121.079ms
[2020-10-31T07:18:59.778+0000][info][gc,cpu       ] GC(19) User=0.23s Sys=0.00s Real=0.12s
[2020-10-31T07:18:59.778+0000][info][safepoint    ] Safepoint "G1CollectForAllocation", Time since last: 451484537 ns, Reaching safepoint: 53194 ns, At safepoint: 121140837 ns, Total: 121194031 ns
[2020-10-31T07:19:00.778+0000][info][safepoint    ] Safepoint "Cleanup", Time since last: 1000086420 ns, Reaching safepoint: 130437 ns, At safepoint: 5240 ns, Total: 135677 ns
[2020-10-31T07:19:01.778+0000][info][safepoint    ] Safepoint "Cleanup", Time since last: 1000107403 ns, Reaching safepoint: 142303 ns, At safepoint: 3601 ns, Total: 145904 ns
[2020-10-31T07:19:02.779+0000][info][safepoint    ] Safepoint "Cleanup", Time since last: 1000106807 ns, Reaching safepoint: 122719 ns, At safepoint: 5918 ns, Total: 128637 ns
[2020-10-31T07:19:03.779+0000][info][safepoint    ] Safepoint "Cleanup", Time since last: 1000108296 ns, Reaching safepoint: 141311 ns, At safepoint: 3483 ns, Total: 144794 ns
[2020-10-31T07:19:04.779+0000][info][safepoint    ] Safepoint "Cleanup", Time since last: 1000106580 ns, Reaching safepoint: 144882 ns, At safepoint: 3139 ns, Total: 148021 ns
[2020-10-31T07:19:05.779+0000][info][safepoint    ] Safepoint "Cleanup", Time since last: 1000106093 ns, Reaching safepoint: 49921 ns, At safepoint: 2282 ns, Total: 52203 ns
[2020-10-31T07:19:06.780+0000][info][safepoint    ] Safepoint "Cleanup", Time since last: 1000098718 ns, Reaching safepoint: 116834 ns, At safepoint: 6223 ns, Total: 123057 ns
[2020-10-31T07:19:07.780+0000][info][safepoint    ] Safepoint "Cleanup", Time since last: 1000102995 ns, Reaching safepoint: 141242 ns, At safepoint: 3376 ns, Total: 144618 ns
[2020-10-31T07:19:08.780+0000][info][safepoint    ] Safepoint "Cleanup", Time since last: 1000111550 ns, Reaching safepoint: 128473 ns, At safepoint: 6264 ns, Total: 134737 ns
[2020-10-31T07:19:09.780+0000][info][safepoint    ] Safepoint "Cleanup", Time since last: 1000108149 ns, Reaching safepoint: 46432 ns, At safepoint: 1990 ns, Total: 48422 ns
[2020-10-31T07:19:10.209+0000][info][gc,start     ] GC(20) Pause Young (Normal) (G1 Evacuation Pause)
[2020-10-31T07:19:10.209+0000][info][gc,task      ] GC(20) Using 2 workers of 2 for evacuation
[2020-10-31T07:19:10.331+0000][info][gc,phases    ] GC(20)   Pre Evacuate Collection Set: 0.6ms
[2020-10-31T07:19:10.331+0000][info][gc,phases    ] GC(20)   Evacuate Collection Set: 90.9ms
[2020-10-31T07:19:10.331+0000][info][gc,phases    ] GC(20)   Post Evacuate Collection Set: 29.4ms
[2020-10-31T07:19:10.331+0000][info][gc,phases    ] GC(20)   Other: 0.5ms
[2020-10-31T07:19:10.331+0000][info][gc,heap      ] GC(20) Eden regions: 1677->0(1676)
[2020-10-31T07:19:10.331+0000][info][gc,heap      ] GC(20) Survivor regions: 12->13(212)
[2020-10-31T07:19:10.331+0000][info][gc,heap      ] GC(20) Old regions: 3->3
[2020-10-31T07:19:10.331+0000][info][gc,heap      ] GC(20) Archive regions: 2->2
[2020-10-31T07:19:10.331+0000][info][gc,heap      ] GC(20) Humongous regions: 0->0
[2020-10-31T07:19:10.331+0000][info][gc,metaspace ] GC(20) Metaspace: 13623K->13623K(1060864K)
[2020-10-31T07:19:10.331+0000][info][gc           ] GC(20) Pause Young (Normal) (G1 Evacuation Pause) 3384M->31M(5632M) 121.487ms
[2020-10-31T07:19:10.331+0000][info][gc,cpu       ] GC(20) User=0.23s Sys=0.00s Real=0.12s
[2020-10-31T07:19:10.331+0000][info][safepoint    ] Safepoint "G1CollectForAllocation", Time since last: 429018134 ns, Reaching safepoint: 49639 ns, At safepoint: 121549004 ns, Total: 121598643 ns
[2020-10-31T07:19:11.331+0000][info][safepoint    ] Safepoint "Cleanup", Time since last: 1000082063 ns, Reaching safepoint: 139538 ns, At safepoint: 3339 ns, Total: 142877 ns
[2020-10-31T07:19:12.331+0000][info][safepoint    ] Safepoint "Cleanup", Time since last: 1000109587 ns, Reaching safepoint: 127199 ns, At safepoint: 5493 ns, Total: 132692 ns
[2020-10-31T07:19:13.331+0000][info][safepoint    ] Safepoint "Cleanup", Time since last: 1000109938 ns, Reaching safepoint: 59144 ns, At safepoint: 5867 ns, Total: 65011 ns
[2020-10-31T07:19:14.332+0000][info][safepoint    ] Safepoint "Cleanup", Time since last: 1000107560 ns, Reaching safepoint: 139844 ns, At safepoint: 3418 ns, Total: 143262 ns
[2020-10-31T07:19:15.332+0000][info][safepoint    ] Safepoint "Cleanup", Time since last: 1000106356 ns, Reaching safepoint: 127464 ns, At safepoint: 5472 ns, Total: 132936 ns
[2020-10-31T07:19:16.332+0000][info][safepoint    ] Safepoint "Cleanup", Time since last: 1000110958 ns, Reaching safepoint: 122751 ns, At safepoint: 5463 ns, Total: 128214 ns
[2020-10-31T07:19:17.332+0000][info][safepoint    ] Safepoint "Cleanup", Time since last: 1000107772 ns, Reaching safepoint: 128523 ns, At safepoint: 6232 ns, Total: 134755 ns
[2020-10-31T07:19:18.333+0000][info][safepoint    ] Safepoint "Cleanup", Time since last: 1000118018 ns, Reaching safepoint: 121605 ns, At safepoint: 5127 ns, Total: 126732 ns
[2020-10-31T07:19:19.333+0000][info][safepoint    ] Safepoint "Cleanup", Time since last: 1000110725 ns, Reaching safepoint: 49432 ns, At safepoint: 2540 ns, Total: 51972 ns
[2020-10-31T07:19:20.333+0000][info][safepoint    ] Safepoint "Cleanup", Time since last: 1000099995 ns, Reaching safepoint: 59960 ns, At safepoint: 3698 ns, Total: 63658 ns
[2020-10-31T07:19:20.738+0000][info][gc,start     ] GC(21) Pause Young (Normal) (G1 Evacuation Pause)
[2020-10-31T07:19:20.738+0000][info][gc,task      ] GC(21) Using 2 workers of 2 for evacuation
[2020-10-31T07:19:20.863+0000][info][gc,phases    ] GC(21)   Pre Evacuate Collection Set: 0.5ms
[2020-10-31T07:19:20.863+0000][info][gc,phases    ] GC(21)   Evacuate Collection Set: 92.6ms
[2020-10-31T07:19:20.863+0000][info][gc,phases    ] GC(21)   Post Evacuate Collection Set: 31.3ms
[2020-10-31T07:19:20.863+0000][info][gc,phases    ] GC(21)   Other: 0.5ms
[2020-10-31T07:19:20.863+0000][info][gc,heap      ] GC(21) Eden regions: 1676->0(1677)
[2020-10-31T07:19:20.863+0000][info][gc,heap      ] GC(21) Survivor regions: 13->12(212)
[2020-10-31T07:19:20.863+0000][info][gc,heap      ] GC(21) Old regions: 3->3
[2020-10-31T07:19:20.863+0000][info][gc,heap      ] GC(21) Archive regions: 2->2
[2020-10-31T07:19:20.863+0000][info][gc,heap      ] GC(21) Humongous regions: 0->0
[2020-10-31T07:19:20.863+0000][info][gc,metaspace ] GC(21) Metaspace: 13623K->13623K(1060864K)
[2020-10-31T07:19:20.863+0000][info][gc           ] GC(21) Pause Young (Normal) (G1 Evacuation Pause) 3383M->30M(5632M) 124.995ms
[2020-10-31T07:19:20.863+0000][info][gc,cpu       ] GC(21) User=0.24s Sys=0.00s Real=0.12s
[2020-10-31T07:19:20.863+0000][info][safepoint    ] Safepoint "G1CollectForAllocation", Time since last: 404573191 ns, Reaching safepoint: 147690 ns, At safepoint: 125071623 ns, Total: 125219313 ns
[2020-10-31T07:19:21.863+0000][info][safepoint    ] Safepoint "Cleanup", Time since last: 1000084850 ns, Reaching safepoint: 138574 ns, At safepoint: 5548 ns, Total: 144122 ns
[2020-10-31T07:19:22.864+0000][info][safepoint    ] Safepoint "Cleanup", Time since last: 1000883514 ns, Reaching safepoint: 137454 ns, At safepoint: 3537 ns, Total: 140991 ns
[2020-10-31T07:19:23.864+0000][info][safepoint    ] Safepoint "Cleanup", Time since last: 1000108277 ns, Reaching safepoint: 137003 ns, At safepoint: 3665 ns, Total: 140668 ns
[2020-10-31T07:19:24.864+0000][info][safepoint    ] Safepoint "Cleanup", Time since last: 1000107262 ns, Reaching safepoint: 51452 ns, At safepoint: 7636 ns, Total: 59088 ns
[2020-10-31T07:19:25.865+0000][info][safepoint    ] Safepoint "Cleanup", Time since last: 1000093854 ns, Reaching safepoint: 225447 ns, At safepoint: 4637 ns, Total: 230084 ns
[2020-10-31T07:19:26.865+0000][info][safepoint    ] Safepoint "Cleanup", Time since last: 1000098958 ns, Reaching safepoint: 143438 ns, At safepoint: 3264 ns, Total: 146702 ns
[2020-10-31T07:19:27.865+0000][info][safepoint    ] Safepoint "Cleanup", Time since last: 1000111357 ns, Reaching safepoint: 119420 ns, At safepoint: 3457 ns, Total: 122877 ns
[2020-10-31T07:19:28.865+0000][info][safepoint    ] Safepoint "Cleanup", Time since last: 1000107454 ns, Reaching safepoint: 129835 ns, At safepoint: 6635 ns, Total: 136470 ns
[2020-10-31T07:19:29.866+0000][info][safepoint    ] Safepoint "Cleanup", Time since last: 1000109560 ns, Reaching safepoint: 126165 ns, At safepoint: 6444 ns, Total: 132609 ns
[2020-10-31T07:19:30.866+0000][info][safepoint    ] Safepoint "Cleanup", Time since last: 1000111521 ns, Reaching safepoint: 128761 ns, At safepoint: 6397 ns, Total: 135158 ns
[2020-10-31T07:19:31.284+0000][info][gc,start     ] GC(22) Pause Young (Normal) (G1 Evacuation Pause)
[2020-10-31T07:19:31.284+0000][info][gc,task      ] GC(22) Using 2 workers of 2 for evacuation
[2020-10-31T07:19:31.406+0000][info][gc,phases    ] GC(22)   Pre Evacuate Collection Set: 0.6ms
[2020-10-31T07:19:31.406+0000][info][gc,phases    ] GC(22)   Evacuate Collection Set: 91.1ms
[2020-10-31T07:19:31.406+0000][info][gc,phases    ] GC(22)   Post Evacuate Collection Set: 29.9ms
[2020-10-31T07:19:31.406+0000][info][gc,phases    ] GC(22)   Other: 0.5ms
[2020-10-31T07:19:31.406+0000][info][gc,heap      ] GC(22) Eden regions: 1677->0(1677)
[2020-10-31T07:19:31.406+0000][info][gc,heap      ] GC(22) Survivor regions: 12->12(212)
[2020-10-31T07:19:31.406+0000][info][gc,heap      ] GC(22) Old regions: 3->3
[2020-10-31T07:19:31.406+0000][info][gc,heap      ] GC(22) Archive regions: 2->2
[2020-10-31T07:19:31.406+0000][info][gc,heap      ] GC(22) Humongous regions: 0->0
[2020-10-31T07:19:31.406+0000][info][gc,metaspace ] GC(22) Metaspace: 13623K->13623K(1060864K)
[2020-10-31T07:19:31.406+0000][info][gc           ] GC(22) Pause Young (Normal) (G1 Evacuation Pause) 3384M->30M(5632M) 122.235ms
[2020-10-31T07:19:31.406+0000][info][gc,cpu       ] GC(22) User=0.24s Sys=0.00s Real=0.13s
[2020-10-31T07:19:31.406+0000][info][safepoint    ] Safepoint "G1CollectForAllocation", Time since last: 417993425 ns, Reaching safepoint: 55168 ns, At safepoint: 122298171 ns, Total: 122353339 ns
[2020-10-31T07:19:32.407+0000][info][safepoint    ] Safepoint "Cleanup", Time since last: 1000082507 ns, Reaching safepoint: 137010 ns, At safepoint: 3452 ns, Total: 140462 ns
[2020-10-31T07:19:33.407+0000][info][safepoint    ] Safepoint "Cleanup", Time since last: 1000109640 ns, Reaching safepoint: 124131 ns, At safepoint: 5765 ns, Total: 129896 ns
[2020-10-31T07:19:34.407+0000][info][safepoint    ] Safepoint "Cleanup", Time since last: 1000106138 ns, Reaching safepoint: 133955 ns, At safepoint: 4049 ns, Total: 138004 ns
[2020-10-31T07:19:35.407+0000][info][safepoint    ] Safepoint "Cleanup", Time since last: 1000111890 ns, Reaching safepoint: 126463 ns, At safepoint: 5351 ns, Total: 131814 ns
[2020-10-31T07:19:37.338+0000][info][safepoint    ] Safepoint "Cleanup", Time since last: 1930272583 ns, Reaching safepoint: 69415 ns, At safepoint: 3552 ns, Total: 72967 ns
[2020-10-31T07:19:38.338+0000][info][safepoint    ] Safepoint "Cleanup", Time since last: 1000110233 ns, Reaching safepoint: 124205 ns, At safepoint: 6380 ns, Total: 130585 ns
[2020-10-31T07:19:39.338+0000][info][safepoint    ] Safepoint "Cleanup", Time since last: 1000110167 ns, Reaching safepoint: 60276 ns, At safepoint: 3634 ns, Total: 63910 ns
[2020-10-31T07:19:40.338+0000][info][safepoint    ] Safepoint "Cleanup", Time since last: 1000110799 ns, Reaching safepoint: 128481 ns, At safepoint: 5332 ns, Total: 133813 ns
[2020-10-31T07:19:41.339+0000][info][safepoint    ] Safepoint "Cleanup", Time since last: 1000107064 ns, Reaching safepoint: 137035 ns, At safepoint: 3364 ns, Total: 140399 ns
[2020-10-31T07:19:41.844+0000][info][gc,start     ] GC(23) Pause Young (Normal) (G1 Evacuation Pause)
[2020-10-31T07:19:41.844+0000][info][gc,task      ] GC(23) Using 2 workers of 2 for evacuation
[2020-10-31T07:19:41.970+0000][info][gc,phases    ] GC(23)   Pre Evacuate Collection Set: 0.5ms
[2020-10-31T07:19:41.970+0000][info][gc,phases    ] GC(23)   Evacuate Collection Set: 96.8ms
[2020-10-31T07:19:41.970+0000][info][gc,phases    ] GC(23)   Post Evacuate Collection Set: 28.4ms
[2020-10-31T07:19:41.970+0000][info][gc,phases    ] GC(23)   Other: 0.5ms
[2020-10-31T07:19:41.970+0000][info][gc,heap      ] GC(23) Eden regions: 1677->0(1677)
[2020-10-31T07:19:41.970+0000][info][gc,heap      ] GC(23) Survivor regions: 12->12(212)
[2020-10-31T07:19:41.970+0000][info][gc,heap      ] GC(23) Old regions: 3->3
[2020-10-31T07:19:41.970+0000][info][gc,heap      ] GC(23) Archive regions: 2->2
[2020-10-31T07:19:41.970+0000][info][gc,heap      ] GC(23) Humongous regions: 0->0
[2020-10-31T07:19:41.970+0000][info][gc,metaspace ] GC(23) Metaspace: 13623K->13623K(1060864K)
[2020-10-31T07:19:41.970+0000][info][gc           ] GC(23) Pause Young (Normal) (G1 Evacuation Pause) 3384M->30M(5632M) 126.330ms
[2020-10-31T07:19:41.970+0000][info][gc,cpu       ] GC(23) User=0.23s Sys=0.00s Real=0.13s
[2020-10-31T07:19:41.970+0000][info][safepoint    ] Safepoint "G1CollectForAllocation", Time since last: 505495751 ns, Reaching safepoint: 65351 ns, At safepoint: 126392680 ns, Total: 126458031 ns
[2020-10-31T07:19:43.292+0000][info][safepoint    ] Safepoint "Cleanup", Time since last: 1321363753 ns, Reaching safepoint: 64433 ns, At safepoint: 3721 ns, Total: 68154 ns
[2020-10-31T07:19:44.292+0000][info][safepoint    ] Safepoint "Cleanup", Time since last: 1000111530 ns, Reaching safepoint: 127656 ns, At safepoint: 6647 ns, Total: 134303 ns
[2020-10-31T07:19:45.292+0000][info][safepoint    ] Safepoint "Cleanup", Time since last: 1000110854 ns, Reaching safepoint: 139082 ns, At safepoint: 3435 ns, Total: 142517 ns
[2020-10-31T07:19:46.293+0000][info][safepoint    ] Safepoint "Cleanup", Time since last: 1000118539 ns, Reaching safepoint: 129948 ns, At safepoint: 6021 ns, Total: 135969 ns
[2020-10-31T07:19:47.293+0000][info][safepoint    ] Safepoint "Cleanup", Time since last: 1000112382 ns, Reaching safepoint: 123181 ns, At safepoint: 6808 ns, Total: 129989 ns
[2020-10-31T07:19:48.293+0000][info][safepoint    ] Safepoint "Cleanup", Time since last: 1000106648 ns, Reaching safepoint: 124755 ns, At safepoint: 6789 ns, Total: 131544 ns
[2020-10-31T07:19:49.293+0000][info][safepoint    ] Safepoint "Cleanup", Time since last: 1000111175 ns, Reaching safepoint: 134501 ns, At safepoint: 5064 ns, Total: 139565 ns
[2020-10-31T07:19:50.294+0000][info][safepoint    ] Safepoint "Cleanup", Time since last: 1000103980 ns, Reaching safepoint: 129048 ns, At safepoint: 5826 ns, Total: 134874 ns
[2020-10-31T07:19:51.294+0000][info][safepoint    ] Safepoint "Cleanup", Time since last: 1000109755 ns, Reaching safepoint: 132424 ns, At safepoint: 6550 ns, Total: 138974 ns
[2020-10-31T07:19:52.294+0000][info][safepoint    ] Safepoint "Cleanup", Time since last: 1000106570 ns, Reaching safepoint: 125726 ns, At safepoint: 6871 ns, Total: 132597 ns
[2020-10-31T07:19:52.382+0000][info][gc,start     ] GC(24) Pause Young (Normal) (G1 Evacuation Pause)
[2020-10-31T07:19:52.382+0000][info][gc,task      ] GC(24) Using 2 workers of 2 for evacuation
[2020-10-31T07:19:52.502+0000][info][gc,phases    ] GC(24)   Pre Evacuate Collection Set: 0.6ms
[2020-10-31T07:19:52.502+0000][info][gc,phases    ] GC(24)   Evacuate Collection Set: 91.1ms
[2020-10-31T07:19:52.502+0000][info][gc,phases    ] GC(24)   Post Evacuate Collection Set: 28.6ms
[2020-10-31T07:19:52.502+0000][info][gc,phases    ] GC(24)   Other: 0.5ms
[2020-10-31T07:19:52.502+0000][info][gc,heap      ] GC(24) Eden regions: 1677->0(1676)
[2020-10-31T07:19:52.502+0000][info][gc,heap      ] GC(24) Survivor regions: 12->13(212)
[2020-10-31T07:19:52.502+0000][info][gc,heap      ] GC(24) Old regions: 3->3
[2020-10-31T07:19:52.502+0000][info][gc,heap      ] GC(24) Archive regions: 2->2
[2020-10-31T07:19:52.502+0000][info][gc,heap      ] GC(24) Humongous regions: 0->0
[2020-10-31T07:19:52.502+0000][info][gc,metaspace ] GC(24) Metaspace: 13623K->13623K(1060864K)
[2020-10-31T07:19:52.502+0000][info][gc           ] GC(24) Pause Young (Normal) (G1 Evacuation Pause) 3384M->31M(5632M) 120.800ms
[2020-10-31T07:19:52.502+0000][info][gc,cpu       ] GC(24) User=0.24s Sys=0.00s Real=0.12s
[2020-10-31T07:19:52.502+0000][info][safepoint    ] Safepoint "G1CollectForAllocation", Time since last: 87328037 ns, Reaching safepoint: 49534 ns, At safepoint: 120861024 ns, Total: 120910558 ns
[2020-10-31T07:19:53.503+0000][info][safepoint    ] Safepoint "Cleanup", Time since last: 1000081824 ns, Reaching safepoint: 125876 ns, At safepoint: 5657 ns, Total: 131533 ns
[2020-10-31T07:19:54.503+0000][info][safepoint    ] Safepoint "Cleanup", Time since last: 1000111405 ns, Reaching safepoint: 143299 ns, At safepoint: 7720 ns, Total: 151019 ns
[2020-10-31T07:19:55.503+0000][info][safepoint    ] Safepoint "Cleanup", Time since last: 1000109837 ns, Reaching safepoint: 121740 ns, At safepoint: 5355 ns, Total: 127095 ns
[2020-10-31T07:19:56.503+0000][info][safepoint    ] Safepoint "Cleanup", Time since last: 1000107508 ns, Reaching safepoint: 139889 ns, At safepoint: 3948 ns, Total: 143837 ns
[2020-10-31T07:19:57.504+0000][info][safepoint    ] Safepoint "Cleanup", Time since last: 1000109883 ns, Reaching safepoint: 152232 ns, At safepoint: 3658 ns, Total: 155890 ns
[2020-10-31T07:19:58.504+0000][info][safepoint    ] Safepoint "Cleanup", Time since last: 1000107140 ns, Reaching safepoint: 64467 ns, At safepoint: 7017 ns, Total: 71484 ns
[2020-10-31T07:19:59.504+0000][info][safepoint    ] Safepoint "Cleanup", Time since last: 1000104179 ns, Reaching safepoint: 48724 ns, At safepoint: 2077 ns, Total: 50801 ns
[2020-10-31T07:20:00.504+0000][info][safepoint    ] Safepoint "Cleanup", Time since last: 1000104356 ns, Reaching safepoint: 52614 ns, At safepoint: 6475 ns, Total: 59089 ns
[2020-10-31T07:20:01.504+0000][info][safepoint    ] Safepoint "Cleanup", Time since last: 1000109518 ns, Reaching safepoint: 125272 ns, At safepoint: 6489 ns, Total: 131761 ns
[2020-10-31T07:20:02.505+0000][info][safepoint    ] Safepoint "Cleanup", Time since last: 1000116470 ns, Reaching safepoint: 130024 ns, At safepoint: 6747 ns, Total: 136771 ns
[2020-10-31T07:20:02.937+0000][info][gc,start     ] GC(25) Pause Young (Normal) (G1 Evacuation Pause)
[2020-10-31T07:20:02.938+0000][info][gc,task      ] GC(25) Using 2 workers of 2 for evacuation
[2020-10-31T07:20:03.059+0000][info][gc,phases    ] GC(25)   Pre Evacuate Collection Set: 0.6ms
[2020-10-31T07:20:03.059+0000][info][gc,phases    ] GC(25)   Evacuate Collection Set: 91.4ms
[2020-10-31T07:20:03.059+0000][info][gc,phases    ] GC(25)   Post Evacuate Collection Set: 28.9ms
[2020-10-31T07:20:03.059+0000][info][gc,phases    ] GC(25)   Other: 0.5ms
[2020-10-31T07:20:03.059+0000][info][gc,heap      ] GC(25) Eden regions: 1676->0(1676)
[2020-10-31T07:20:03.059+0000][info][gc,heap      ] GC(25) Survivor regions: 13->13(212)
[2020-10-31T07:20:03.059+0000][info][gc,heap      ] GC(25) Old regions: 3->3
[2020-10-31T07:20:03.059+0000][info][gc,heap      ] GC(25) Archive regions: 2->2
[2020-10-31T07:20:03.059+0000][info][gc,heap      ] GC(25) Humongous regions: 0->0
[2020-10-31T07:20:03.059+0000][info][gc,metaspace ] GC(25) Metaspace: 13623K->13623K(1060864K)
[2020-10-31T07:20:03.059+0000][info][gc           ] GC(25) Pause Young (Normal) (G1 Evacuation Pause) 3383M->31M(5632M) 121.457ms
[2020-10-31T07:20:03.059+0000][info][gc,cpu       ] GC(25) User=0.24s Sys=0.00s Real=0.12s
[2020-10-31T07:20:03.059+0000][info][safepoint    ] Safepoint "G1CollectForAllocation", Time since last: 432831579 ns, Reaching safepoint: 47994 ns, At safepoint: 121521557 ns, Total: 121569551 ns
[2020-10-31T07:20:04.059+0000][info][safepoint    ] Safepoint "Cleanup", Time since last: 1000084482 ns, Reaching safepoint: 138072 ns, At safepoint: 6799 ns, Total: 144871 ns
[2020-10-31T07:20:05.059+0000][info][safepoint    ] Safepoint "Cleanup", Time since last: 1000106947 ns, Reaching safepoint: 49664 ns, At safepoint: 6198 ns, Total: 55862 ns
[2020-10-31T07:20:06.060+0000][info][safepoint    ] Safepoint "Cleanup", Time since last: 1000107689 ns, Reaching safepoint: 51650 ns, At safepoint: 1962 ns, Total: 53612 ns
[2020-10-31T07:20:07.060+0000][info][safepoint    ] Safepoint "Cleanup", Time since last: 1000101803 ns, Reaching safepoint: 54687 ns, At safepoint: 3613 ns, Total: 58300 ns
[2020-10-31T07:20:08.060+0000][info][safepoint    ] Safepoint "Cleanup", Time since last: 1000107817 ns, Reaching safepoint: 127041 ns, At safepoint: 6472 ns, Total: 133513 ns
[2020-10-31T07:20:09.060+0000][info][safepoint    ] Safepoint "Cleanup", Time since last: 1000111733 ns, Reaching safepoint: 60727 ns, At safepoint: 3593 ns, Total: 64320 ns
[2020-10-31T07:20:10.060+0000][info][safepoint    ] Safepoint "Cleanup", Time since last: 1000110878 ns, Reaching safepoint: 127508 ns, At safepoint: 6292 ns, Total: 133800 ns
[2020-10-31T07:20:11.061+0000][info][safepoint    ] Safepoint "Cleanup", Time since last: 1000111539 ns, Reaching safepoint: 132231 ns, At safepoint: 5590 ns, Total: 137821 ns
[2020-10-31T07:20:12.061+0000][info][safepoint    ] Safepoint "Cleanup", Time since last: 1000110297 ns, Reaching safepoint: 128394 ns, At safepoint: 5409 ns, Total: 133803 ns
[2020-10-31T07:20:13.061+0000][info][safepoint    ] Safepoint "Cleanup", Time since last: 1000107958 ns, Reaching safepoint: 118774 ns, At safepoint: 5773 ns, Total: 124547 ns
[2020-10-31T07:20:13.506+0000][info][gc,start     ] GC(26) Pause Young (Normal) (G1 Evacuation Pause)
[2020-10-31T07:20:13.506+0000][info][gc,task      ] GC(26) Using 2 workers of 2 for evacuation
[2020-10-31T07:20:13.627+0000][info][gc,phases    ] GC(26)   Pre Evacuate Collection Set: 0.6ms
[2020-10-31T07:20:13.627+0000][info][gc,phases    ] GC(26)   Evacuate Collection Set: 91.5ms
[2020-10-31T07:20:13.627+0000][info][gc,phases    ] GC(26)   Post Evacuate Collection Set: 28.3ms
[2020-10-31T07:20:13.627+0000][info][gc,phases    ] GC(26)   Other: 0.5ms
[2020-10-31T07:20:13.627+0000][info][gc,heap      ] GC(26) Eden regions: 1676->0(1676)
[2020-10-31T07:20:13.627+0000][info][gc,heap      ] GC(26) Survivor regions: 13->13(212)
[2020-10-31T07:20:13.627+0000][info][gc,heap      ] GC(26) Old regions: 3->3
[2020-10-31T07:20:13.627+0000][info][gc,heap      ] GC(26) Archive regions: 2->2
[2020-10-31T07:20:13.627+0000][info][gc,heap      ] GC(26) Humongous regions: 0->0
[2020-10-31T07:20:13.627+0000][info][gc,metaspace ] GC(26) Metaspace: 13623K->13623K(1060864K)
[2020-10-31T07:20:13.627+0000][info][gc           ] GC(26) Pause Young (Normal) (G1 Evacuation Pause) 3383M->31M(5632M) 120.984ms
[2020-10-31T07:20:13.627+0000][info][gc,cpu       ] GC(26) User=0.24s Sys=0.00s Real=0.12s
[2020-10-31T07:20:13.627+0000][info][safepoint    ] Safepoint "G1CollectForAllocation", Time since last: 444565640 ns, Reaching safepoint: 51884 ns, At safepoint: 121048155 ns, Total: 121100039 ns
[2020-10-31T07:20:14.627+0000][info][safepoint    ] Safepoint "Cleanup", Time since last: 1000082890 ns, Reaching safepoint: 126239 ns, At safepoint: 5267 ns, Total: 131506 ns
[2020-10-31T07:20:15.627+0000][info][safepoint    ] Safepoint "Cleanup", Time since last: 1000126472 ns, Reaching safepoint: 126347 ns, At safepoint: 7001 ns, Total: 133348 ns
[2020-10-31T07:20:16.627+0000][info][safepoint    ] Safepoint "Cleanup", Time since last: 1000108497 ns, Reaching safepoint: 126633 ns, At safepoint: 5653 ns, Total: 132286 ns
[2020-10-31T07:20:17.628+0000][info][safepoint    ] Safepoint "Cleanup", Time since last: 1000107567 ns, Reaching safepoint: 130400 ns, At safepoint: 6132 ns, Total: 136532 ns
[2020-10-31T07:20:18.628+0000][info][safepoint    ] Safepoint "Cleanup", Time since last: 1000110546 ns, Reaching safepoint: 63937 ns, At safepoint: 5200 ns, Total: 69137 ns
[2020-10-31T07:20:19.628+0000][info][safepoint    ] Safepoint "Cleanup", Time since last: 1000106045 ns, Reaching safepoint: 127840 ns, At safepoint: 5984 ns, Total: 133824 ns
[2020-10-31T07:20:20.628+0000][info][safepoint    ] Safepoint "Cleanup", Time since last: 1000107193 ns, Reaching safepoint: 127949 ns, At safepoint: 5594 ns, Total: 133543 ns
[2020-10-31T07:20:21.629+0000][info][safepoint    ] Safepoint "Cleanup", Time since last: 1000112762 ns, Reaching safepoint: 134358 ns, At safepoint: 7212 ns, Total: 141570 ns
[2020-10-31T07:20:22.629+0000][info][safepoint    ] Safepoint "Cleanup", Time since last: 1000107891 ns, Reaching safepoint: 52258 ns, At safepoint: 7076 ns, Total: 59334 ns
[2020-10-31T07:20:23.630+0000][info][safepoint    ] Safepoint "Cleanup", Time since last: 1001044613 ns, Reaching safepoint: 123097 ns, At safepoint: 8208 ns, Total: 131305 ns
[2020-10-31T07:20:24.042+0000][info][gc,start     ] GC(27) Pause Young (Normal) (G1 Evacuation Pause)
[2020-10-31T07:20:24.042+0000][info][gc,task      ] GC(27) Using 2 workers of 2 for evacuation
[2020-10-31T07:20:24.166+0000][info][gc,phases    ] GC(27)   Pre Evacuate Collection Set: 0.6ms
[2020-10-31T07:20:24.166+0000][info][gc,phases    ] GC(27)   Evacuate Collection Set: 93.0ms
[2020-10-31T07:20:24.166+0000][info][gc,phases    ] GC(27)   Post Evacuate Collection Set: 30.2ms
[2020-10-31T07:20:24.167+0000][info][gc,phases    ] GC(27)   Other: 0.5ms
[2020-10-31T07:20:24.167+0000][info][gc,heap      ] GC(27) Eden regions: 1676->0(1676)
[2020-10-31T07:20:24.167+0000][info][gc,heap      ] GC(27) Survivor regions: 13->13(212)
[2020-10-31T07:20:24.167+0000][info][gc,heap      ] GC(27) Old regions: 3->3
[2020-10-31T07:20:24.167+0000][info][gc,heap      ] GC(27) Archive regions: 2->2
[2020-10-31T07:20:24.167+0000][info][gc,heap      ] GC(27) Humongous regions: 0->0
[2020-10-31T07:20:24.167+0000][info][gc,metaspace ] GC(27) Metaspace: 13627K->13627K(1060864K)
[2020-10-31T07:20:24.167+0000][info][gc           ] GC(27) Pause Young (Normal) (G1 Evacuation Pause) 3383M->31M(5632M) 124.333ms
[2020-10-31T07:20:24.167+0000][info][gc,cpu       ] GC(27) User=0.25s Sys=0.00s Real=0.13s
[2020-10-31T07:20:24.167+0000][info][safepoint    ] Safepoint "G1CollectForAllocation", Time since last: 412177244 ns, Reaching safepoint: 56364 ns, At safepoint: 124395464 ns, Total: 124451828 ns
[2020-10-31T07:20:25.167+0000][info][safepoint    ] Safepoint "Cleanup", Time since last: 1000082446 ns, Reaching safepoint: 139939 ns, At safepoint: 3523 ns, Total: 143462 ns
[2020-10-31T07:20:26.984+0000][info][safepoint    ] Safepoint "Cleanup", Time since last: 1817233947 ns, Reaching safepoint: 143255 ns, At safepoint: 3354 ns, Total: 146609 ns
[2020-10-31T07:20:27.984+0000][info][safepoint    ] Safepoint "Cleanup", Time since last: 1000112290 ns, Reaching safepoint: 154052 ns, At safepoint: 3047 ns, Total: 157099 ns
[2020-10-31T07:20:28.985+0000][info][safepoint    ] Safepoint "Cleanup", Time since last: 1000103802 ns, Reaching safepoint: 62355 ns, At safepoint: 7083 ns, Total: 69438 ns
[2020-10-31T07:20:29.985+0000][info][safepoint    ] Safepoint "Cleanup", Time since last: 1000103694 ns, Reaching safepoint: 139837 ns, At safepoint: 3473 ns, Total: 143310 ns
[2020-10-31T07:20:30.985+0000][info][safepoint    ] Safepoint "Cleanup", Time since last: 1000111549 ns, Reaching safepoint: 49576 ns, At safepoint: 5113 ns, Total: 54689 ns
[2020-10-31T07:20:31.985+0000][info][safepoint    ] Safepoint "Cleanup", Time since last: 1000127767 ns, Reaching safepoint: 136532 ns, At safepoint: 3770 ns, Total: 140302 ns
[2020-10-31T07:20:32.986+0000][info][safepoint    ] Safepoint "Cleanup", Time since last: 1000110755 ns, Reaching safepoint: 131456 ns, At safepoint: 5769 ns, Total: 137225 ns
[2020-10-31T07:20:33.986+0000][info][safepoint    ] Safepoint "Cleanup", Time since last: 1000112441 ns, Reaching safepoint: 135174 ns, At safepoint: 6741 ns, Total: 141915 ns
[2020-10-31T07:20:34.619+0000][info][gc,start     ] GC(28) Pause Young (Normal) (G1 Evacuation Pause)
[2020-10-31T07:20:34.619+0000][info][gc,task      ] GC(28) Using 2 workers of 2 for evacuation
[2020-10-31T07:20:34.742+0000][info][gc,phases    ] GC(28)   Pre Evacuate Collection Set: 0.6ms
[2020-10-31T07:20:34.742+0000][info][gc,phases    ] GC(28)   Evacuate Collection Set: 91.4ms
[2020-10-31T07:20:34.742+0000][info][gc,phases    ] GC(28)   Post Evacuate Collection Set: 30.6ms
[2020-10-31T07:20:34.742+0000][info][gc,phases    ] GC(28)   Other: 0.5ms
[2020-10-31T07:20:34.742+0000][info][gc,heap      ] GC(28) Eden regions: 1676->0(1676)
[2020-10-31T07:20:34.742+0000][info][gc,heap      ] GC(28) Survivor regions: 13->13(212)
[2020-10-31T07:20:34.742+0000][info][gc,heap      ] GC(28) Old regions: 3->3
[2020-10-31T07:20:34.742+0000][info][gc,heap      ] GC(28) Archive regions: 2->2
[2020-10-31T07:20:34.742+0000][info][gc,heap      ] GC(28) Humongous regions: 0->0
[2020-10-31T07:20:34.742+0000][info][gc,metaspace ] GC(28) Metaspace: 13627K->13627K(1060864K)
[2020-10-31T07:20:34.743+0000][info][gc           ] GC(28) Pause Young (Normal) (G1 Evacuation Pause) 3383M->31M(5632M) 123.071ms
[2020-10-31T07:20:34.743+0000][info][gc,cpu       ] GC(28) User=0.23s Sys=0.00s Real=0.12s
[2020-10-31T07:20:34.743+0000][info][safepoint    ] Safepoint "G1CollectForAllocation", Time since last: 633531470 ns, Reaching safepoint: 55959 ns, At safepoint: 123132519 ns, Total: 123188478 ns
[2020-10-31T07:20:35.743+0000][info][safepoint    ] Safepoint "Cleanup", Time since last: 1000081196 ns, Reaching safepoint: 137963 ns, At safepoint: 5787 ns, Total: 143750 ns
[2020-10-31T07:20:36.743+0000][info][safepoint    ] Safepoint "Cleanup", Time since last: 1000109342 ns, Reaching safepoint: 119876 ns, At safepoint: 6481 ns, Total: 126357 ns
[2020-10-31T07:20:37.743+0000][info][safepoint    ] Safepoint "Cleanup", Time since last: 1000102948 ns, Reaching safepoint: 124199 ns, At safepoint: 8348 ns, Total: 132547 ns
[2020-10-31T07:20:38.743+0000][info][safepoint    ] Safepoint "Cleanup", Time since last: 1000104148 ns, Reaching safepoint: 139019 ns, At safepoint: 3340 ns, Total: 142359 ns
[2020-10-31T07:20:39.744+0000][info][safepoint    ] Safepoint "Cleanup", Time since last: 1000110313 ns, Reaching safepoint: 136028 ns, At safepoint: 3448 ns, Total: 139476 ns
[2020-10-31T07:20:40.744+0000][info][safepoint    ] Safepoint "Cleanup", Time since last: 1000111835 ns, Reaching safepoint: 138673 ns, At safepoint: 3200 ns, Total: 141873 ns
[2020-10-31T07:20:41.744+0000][info][safepoint    ] Safepoint "Cleanup", Time since last: 1000111199 ns, Reaching safepoint: 57455 ns, At safepoint: 4489 ns, Total: 61944 ns
[2020-10-31T07:20:42.744+0000][info][safepoint    ] Safepoint "Cleanup", Time since last: 1000111025 ns, Reaching safepoint: 146904 ns, At safepoint: 7410 ns, Total: 154314 ns
[2020-10-31T07:20:43.745+0000][info][safepoint    ] Safepoint "Cleanup", Time since last: 1000113767 ns, Reaching safepoint: 126080 ns, At safepoint: 5812 ns, Total: 131892 ns
[2020-10-31T07:20:44.745+0000][info][safepoint    ] Safepoint "Cleanup", Time since last: 1000111703 ns, Reaching safepoint: 132727 ns, At safepoint: 6231 ns, Total: 138958 ns
[2020-10-31T07:20:45.241+0000][info][gc,start     ] GC(29) Pause Young (Normal) (G1 Evacuation Pause)
[2020-10-31T07:20:45.241+0000][info][gc,task      ] GC(29) Using 2 workers of 2 for evacuation
[2020-10-31T07:20:45.366+0000][info][gc,phases    ] GC(29)   Pre Evacuate Collection Set: 0.6ms
[2020-10-31T07:20:45.366+0000][info][gc,phases    ] GC(29)   Evacuate Collection Set: 93.7ms
[2020-10-31T07:20:45.366+0000][info][gc,phases    ] GC(29)   Post Evacuate Collection Set: 30.6ms
[2020-10-31T07:20:45.366+0000][info][gc,phases    ] GC(29)   Other: 0.5ms
[2020-10-31T07:20:45.366+0000][info][gc,heap      ] GC(29) Eden regions: 1676->0(1677)
[2020-10-31T07:20:45.366+0000][info][gc,heap      ] GC(29) Survivor regions: 13->12(212)
[2020-10-31T07:20:45.366+0000][info][gc,heap      ] GC(29) Old regions: 3->3
[2020-10-31T07:20:45.366+0000][info][gc,heap      ] GC(29) Archive regions: 2->2
[2020-10-31T07:20:45.366+0000][info][gc,heap      ] GC(29) Humongous regions: 0->0
[2020-10-31T07:20:45.366+0000][info][gc,metaspace ] GC(29) Metaspace: 13627K->13627K(1060864K)
[2020-10-31T07:20:45.366+0000][info][gc           ] GC(29) Pause Young (Normal) (G1 Evacuation Pause) 3383M->30M(5632M) 125.420ms
[2020-10-31T07:20:45.366+0000][info][gc,cpu       ] GC(29) User=0.23s Sys=0.00s Real=0.13s
[2020-10-31T07:20:45.367+0000][info][safepoint    ] Safepoint "G1CollectForAllocation", Time since last: 496057347 ns, Reaching safepoint: 51071 ns, At safepoint: 125485538 ns, Total: 125536609 ns
[2020-10-31T07:20:46.367+0000][info][safepoint    ] Safepoint "Cleanup", Time since last: 1000081319 ns, Reaching safepoint: 137044 ns, At safepoint: 3462 ns, Total: 140506 ns
[2020-10-31T07:20:47.367+0000][info][safepoint    ] Safepoint "Cleanup", Time since last: 1000110951 ns, Reaching safepoint: 130041 ns, At safepoint: 6168 ns, Total: 136209 ns
[2020-10-31T07:20:48.367+0000][info][safepoint    ] Safepoint "Cleanup", Time since last: 1000107294 ns, Reaching safepoint: 136207 ns, At safepoint: 3814 ns, Total: 140021 ns
[2020-10-31T07:20:49.367+0000][info][safepoint    ] Safepoint "Cleanup", Time since last: 1000109316 ns, Reaching safepoint: 135036 ns, At safepoint: 3257 ns, Total: 138293 ns
[2020-10-31T07:20:50.368+0000][info][safepoint    ] Safepoint "Cleanup", Time since last: 1000110626 ns, Reaching safepoint: 124490 ns, At safepoint: 7765 ns, Total: 132255 ns
[2020-10-31T07:20:51.368+0000][info][safepoint    ] Safepoint "Cleanup", Time since last: 1000109508 ns, Reaching safepoint: 48926 ns, At safepoint: 5775 ns, Total: 54701 ns
[2020-10-31T07:20:52.368+0000][info][safepoint    ] Safepoint "Cleanup", Time since last: 1000109960 ns, Reaching safepoint: 129844 ns, At safepoint: 5954 ns, Total: 135798 ns
[2020-10-31T07:20:53.368+0000][info][safepoint    ] Safepoint "Cleanup", Time since last: 1000109602 ns, Reaching safepoint: 126974 ns, At safepoint: 5627 ns, Total: 132601 ns
[2020-10-31T07:20:54.369+0000][info][safepoint    ] Safepoint "Cleanup", Time since last: 1000106529 ns, Reaching safepoint: 130150 ns, At safepoint: 6013 ns, Total: 136163 ns
[2020-10-31T07:20:55.369+0000][info][safepoint    ] Safepoint "Cleanup", Time since last: 1000110694 ns, Reaching safepoint: 128570 ns, At safepoint: 7606 ns, Total: 136176 ns
[2020-10-31T07:20:55.854+0000][info][gc,start     ] GC(30) Pause Young (Normal) (G1 Evacuation Pause)
[2020-10-31T07:20:55.854+0000][info][gc,task      ] GC(30) Using 2 workers of 2 for evacuation
[2020-10-31T07:20:55.975+0000][info][gc,phases    ] GC(30)   Pre Evacuate Collection Set: 0.6ms
[2020-10-31T07:20:55.975+0000][info][gc,phases    ] GC(30)   Evacuate Collection Set: 90.4ms
[2020-10-31T07:20:55.975+0000][info][gc,phases    ] GC(30)   Post Evacuate Collection Set: 29.5ms
[2020-10-31T07:20:55.975+0000][info][gc,phases    ] GC(30)   Other: 0.5ms
[2020-10-31T07:20:55.975+0000][info][gc,heap      ] GC(30) Eden regions: 1677->0(1677)
[2020-10-31T07:20:55.975+0000][info][gc,heap      ] GC(30) Survivor regions: 12->12(212)
[2020-10-31T07:20:55.975+0000][info][gc,heap      ] GC(30) Old regions: 3->3
[2020-10-31T07:20:55.975+0000][info][gc,heap      ] GC(30) Archive regions: 2->2
[2020-10-31T07:20:55.975+0000][info][gc,heap      ] GC(30) Humongous regions: 0->0
[2020-10-31T07:20:55.975+0000][info][gc,metaspace ] GC(30) Metaspace: 13627K->13627K(1060864K)
[2020-10-31T07:20:55.975+0000][info][gc           ] GC(30) Pause Young (Normal) (G1 Evacuation Pause) 3384M->30M(5632M) 121.049ms
[2020-10-31T07:20:55.975+0000][info][gc,cpu       ] GC(30) User=0.24s Sys=0.00s Real=0.12s
[2020-10-31T07:20:55.975+0000][info][safepoint    ] Safepoint "G1CollectForAllocation", Time since last: 484688809 ns, Reaching safepoint: 53048 ns, At safepoint: 121124098 ns, Total: 121177146 ns
[2020-10-31T07:20:57.397+0000][info][safepoint    ] Safepoint "Cleanup", Time since last: 1422205636 ns, Reaching safepoint: 53441 ns, At safepoint: 5546 ns, Total: 58987 ns
[2020-10-31T07:20:58.397+0000][info][safepoint    ] Safepoint "Cleanup", Time since last: 1000109035 ns, Reaching safepoint: 67325 ns, At safepoint: 1978 ns, Total: 69303 ns
[2020-10-31T07:20:59.397+0000][info][safepoint    ] Safepoint "Cleanup", Time since last: 1000103833 ns, Reaching safepoint: 124412 ns, At safepoint: 3393 ns, Total: 127805 ns
[2020-10-31T07:21:00.398+0000][info][safepoint    ] Safepoint "Cleanup", Time since last: 1000109438 ns, Reaching safepoint: 124604 ns, At safepoint: 4357 ns, Total: 128961 ns
[2020-10-31T07:21:01.398+0000][info][safepoint    ] Safepoint "Cleanup", Time since last: 1000109282 ns, Reaching safepoint: 124500 ns, At safepoint: 5292 ns, Total: 129792 ns
[2020-10-31T07:21:02.398+0000][info][safepoint    ] Safepoint "Cleanup", Time since last: 1000109329 ns, Reaching safepoint: 126773 ns, At safepoint: 5711 ns, Total: 132484 ns
[2020-10-31T07:21:03.398+0000][info][safepoint    ] Safepoint "Cleanup", Time since last: 1000106296 ns, Reaching safepoint: 71783 ns, At safepoint: 6685 ns, Total: 78468 ns
[2020-10-31T07:21:04.399+0000][info][safepoint    ] Safepoint "Cleanup", Time since last: 1000096742 ns, Reaching safepoint: 123680 ns, At safepoint: 5689 ns, Total: 129369 ns
[2020-10-31T07:21:05.399+0000][info][safepoint    ] Safepoint "Cleanup", Time since last: 1000107756 ns, Reaching safepoint: 123881 ns, At safepoint: 5553 ns, Total: 129434 ns
[2020-10-31T07:21:06.399+0000][info][safepoint    ] Safepoint "Cleanup", Time since last: 1000113074 ns, Reaching safepoint: 137356 ns, At safepoint: 3823 ns, Total: 141179 ns
[2020-10-31T07:21:06.445+0000][info][gc,start     ] GC(31) Pause Young (Normal) (G1 Evacuation Pause)
[2020-10-31T07:21:06.445+0000][info][gc,task      ] GC(31) Using 2 workers of 2 for evacuation
[2020-10-31T07:21:06.567+0000][info][gc,phases    ] GC(31)   Pre Evacuate Collection Set: 0.6ms
[2020-10-31T07:21:06.567+0000][info][gc,phases    ] GC(31)   Evacuate Collection Set: 90.5ms
[2020-10-31T07:21:06.567+0000][info][gc,phases    ] GC(31)   Post Evacuate Collection Set: 30.3ms
[2020-10-31T07:21:06.567+0000][info][gc,phases    ] GC(31)   Other: 0.5ms
[2020-10-31T07:21:06.567+0000][info][gc,heap      ] GC(31) Eden regions: 1677->0(1677)
[2020-10-31T07:21:06.567+0000][info][gc,heap      ] GC(31) Survivor regions: 12->12(212)
[2020-10-31T07:21:06.567+0000][info][gc,heap      ] GC(31) Old regions: 3->3
[2020-10-31T07:21:06.567+0000][info][gc,heap      ] GC(31) Archive regions: 2->2
[2020-10-31T07:21:06.567+0000][info][gc,heap      ] GC(31) Humongous regions: 0->0
[2020-10-31T07:21:06.567+0000][info][gc,metaspace ] GC(31) Metaspace: 13627K->13627K(1060864K)
[2020-10-31T07:21:06.567+0000][info][gc           ] GC(31) Pause Young (Normal) (G1 Evacuation Pause) 3384M->30M(5632M) 121.932ms
[2020-10-31T07:21:06.567+0000][info][gc,cpu       ] GC(31) User=0.23s Sys=0.00s Real=0.12s
[2020-10-31T07:21:06.567+0000][info][safepoint    ] Safepoint "G1CollectForAllocation", Time since last: 45762663 ns, Reaching safepoint: 61466 ns, At safepoint: 121995814 ns, Total: 122057280 ns
[2020-10-31T07:21:07.567+0000][info][safepoint    ] Safepoint "Cleanup", Time since last: 1000082866 ns, Reaching safepoint: 60582 ns, At safepoint: 3895 ns, Total: 64477 ns
[2020-10-31T07:21:08.567+0000][info][safepoint    ] Safepoint "Cleanup", Time since last: 1000108481 ns, Reaching safepoint: 137744 ns, At safepoint: 3387 ns, Total: 141131 ns
[2020-10-31T07:21:09.567+0000][info][safepoint    ] Safepoint "Cleanup", Time since last: 1000106419 ns, Reaching safepoint: 53183 ns, At safepoint: 6046 ns, Total: 59229 ns
[2020-10-31T07:21:10.568+0000][info][safepoint    ] Safepoint "Cleanup", Time since last: 1000118482 ns, Reaching safepoint: 55939 ns, At safepoint: 5245 ns, Total: 61184 ns
[2020-10-31T07:21:11.568+0000][info][safepoint    ] Safepoint "Cleanup", Time since last: 1000105884 ns, Reaching safepoint: 143738 ns, At safepoint: 7591 ns, Total: 151329 ns
[2020-10-31T07:21:12.568+0000][info][safepoint    ] Safepoint "Cleanup", Time since last: 1000105223 ns, Reaching safepoint: 130687 ns, At safepoint: 3761 ns, Total: 134448 ns
[2020-10-31T07:21:13.568+0000][info][safepoint    ] Safepoint "Cleanup", Time since last: 1000105697 ns, Reaching safepoint: 126947 ns, At safepoint: 7228 ns, Total: 134175 ns
[2020-10-31T07:21:14.569+0000][info][safepoint    ] Safepoint "Cleanup", Time since last: 1000110434 ns, Reaching safepoint: 123866 ns, At safepoint: 5196 ns, Total: 129062 ns
[2020-10-31T07:21:15.569+0000][info][safepoint    ] Safepoint "Cleanup", Time since last: 1000109935 ns, Reaching safepoint: 139858 ns, At safepoint: 3642 ns, Total: 143500 ns
[2020-10-31T07:21:16.569+0000][info][safepoint    ] Safepoint "Cleanup", Time since last: 1000110405 ns, Reaching safepoint: 129849 ns, At safepoint: 6240 ns, Total: 136089 ns
[2020-10-31T07:21:17.022+0000][info][gc,start     ] GC(32) Pause Young (Normal) (G1 Evacuation Pause)
[2020-10-31T07:21:17.022+0000][info][gc,task      ] GC(32) Using 2 workers of 2 for evacuation
[2020-10-31T07:21:17.142+0000][info][gc,phases    ] GC(32)   Pre Evacuate Collection Set: 0.5ms
[2020-10-31T07:21:17.142+0000][info][gc,phases    ] GC(32)   Evacuate Collection Set: 90.8ms
[2020-10-31T07:21:17.142+0000][info][gc,phases    ] GC(32)   Post Evacuate Collection Set: 28.7ms
[2020-10-31T07:21:17.142+0000][info][gc,phases    ] GC(32)   Other: 0.5ms
[2020-10-31T07:21:17.142+0000][info][gc,heap      ] GC(32) Eden regions: 1677->0(1676)
[2020-10-31T07:21:17.142+0000][info][gc,heap      ] GC(32) Survivor regions: 12->13(212)
[2020-10-31T07:21:17.142+0000][info][gc,heap      ] GC(32) Old regions: 3->3
[2020-10-31T07:21:17.142+0000][info][gc,heap      ] GC(32) Archive regions: 2->2
[2020-10-31T07:21:17.142+0000][info][gc,heap      ] GC(32) Humongous regions: 0->0
[2020-10-31T07:21:17.142+0000][info][gc,metaspace ] GC(32) Metaspace: 13627K->13627K(1060864K)
[2020-10-31T07:21:17.142+0000][info][gc           ] GC(32) Pause Young (Normal) (G1 Evacuation Pause) 3384M->31M(5632M) 120.533ms
[2020-10-31T07:21:17.142+0000][info][gc,cpu       ] GC(32) User=0.23s Sys=0.00s Real=0.12s
[2020-10-31T07:21:17.142+0000][info][safepoint    ] Safepoint "G1CollectForAllocation", Time since last: 452483640 ns, Reaching safepoint: 51848 ns, At safepoint: 120596782 ns, Total: 120648630 ns
[2020-10-31T07:21:18.142+0000][info][safepoint    ] Safepoint "Cleanup", Time since last: 1000086349 ns, Reaching safepoint: 63750 ns, At safepoint: 7479 ns, Total: 71229 ns
[2020-10-31T07:21:19.143+0000][info][safepoint    ] Safepoint "Cleanup", Time since last: 1000106696 ns, Reaching safepoint: 152577 ns, At safepoint: 5645 ns, Total: 158222 ns
[2020-10-31T07:21:20.143+0000][info][safepoint    ] Safepoint "Cleanup", Time since last: 1000101175 ns, Reaching safepoint: 121288 ns, At safepoint: 5418 ns, Total: 126706 ns
[2020-10-31T07:21:21.143+0000][info][safepoint    ] Safepoint "Cleanup", Time since last: 1000107876 ns, Reaching safepoint: 134860 ns, At safepoint: 5107 ns, Total: 139967 ns
[2020-10-31T07:21:22.143+0000][info][safepoint    ] Safepoint "Cleanup", Time since last: 1000109156 ns, Reaching safepoint: 125762 ns, At safepoint: 5495 ns, Total: 131257 ns
[2020-10-31T07:21:23.144+0000][info][safepoint    ] Safepoint "Cleanup", Time since last: 1000106741 ns, Reaching safepoint: 130522 ns, At safepoint: 5782 ns, Total: 136304 ns
[2020-10-31T07:21:24.144+0000][info][safepoint    ] Safepoint "Cleanup", Time since last: 1000110999 ns, Reaching safepoint: 127231 ns, At safepoint: 6410 ns, Total: 133641 ns
[2020-10-31T07:21:25.144+0000][info][safepoint    ] Safepoint "Cleanup", Time since last: 1000109358 ns, Reaching safepoint: 142544 ns, At safepoint: 5153 ns, Total: 147697 ns
[2020-10-31T07:21:26.144+0000][info][safepoint    ] Safepoint "Cleanup", Time since last: 1000129838 ns, Reaching safepoint: 123402 ns, At safepoint: 5875 ns, Total: 129277 ns
[2020-10-31T07:21:27.145+0000][info][safepoint    ] Safepoint "Cleanup", Time since last: 1000112682 ns, Reaching safepoint: 46736 ns, At safepoint: 2238 ns, Total: 48974 ns
[2020-10-31T07:21:27.614+0000][info][gc,start     ] GC(33) Pause Young (Normal) (G1 Evacuation Pause)
[2020-10-31T07:21:27.614+0000][info][gc,task      ] GC(33) Using 2 workers of 2 for evacuation
[2020-10-31T07:21:27.738+0000][info][gc,phases    ] GC(33)   Pre Evacuate Collection Set: 0.6ms
[2020-10-31T07:21:27.738+0000][info][gc,phases    ] GC(33)   Evacuate Collection Set: 93.1ms
[2020-10-31T07:21:27.738+0000][info][gc,phases    ] GC(33)   Post Evacuate Collection Set: 29.4ms
[2020-10-31T07:21:27.738+0000][info][gc,phases    ] GC(33)   Other: 0.5ms
[2020-10-31T07:21:27.738+0000][info][gc,heap      ] GC(33) Eden regions: 1676->0(1677)
[2020-10-31T07:21:27.738+0000][info][gc,heap      ] GC(33) Survivor regions: 13->12(212)
[2020-10-31T07:21:27.738+0000][info][gc,heap      ] GC(33) Old regions: 3->3
[2020-10-31T07:21:27.738+0000][info][gc,heap      ] GC(33) Archive regions: 2->2
[2020-10-31T07:21:27.738+0000][info][gc,heap      ] GC(33) Humongous regions: 0->0
[2020-10-31T07:21:27.738+0000][info][gc,metaspace ] GC(33) Metaspace: 13627K->13627K(1060864K)
[2020-10-31T07:21:27.738+0000][info][gc           ] GC(33) Pause Young (Normal) (G1 Evacuation Pause) 3383M->30M(5632M) 123.656ms
[2020-10-31T07:21:27.738+0000][info][gc,cpu       ] GC(33) User=0.23s Sys=0.00s Real=0.12s
[2020-10-31T07:21:27.738+0000][info][safepoint    ] Safepoint "G1CollectForAllocation", Time since last: 469853948 ns, Reaching safepoint: 51976 ns, At safepoint: 123716502 ns, Total: 123768478 ns
[2020-10-31T07:21:28.738+0000][info][safepoint    ] Safepoint "Cleanup", Time since last: 1000081255 ns, Reaching safepoint: 139191 ns, At safepoint: 3751 ns, Total: 142942 ns
[2020-10-31T07:21:29.739+0000][info][safepoint    ] Safepoint "Cleanup", Time since last: 1000108199 ns, Reaching safepoint: 129523 ns, At safepoint: 5164 ns, Total: 134687 ns
[2020-10-31T07:21:30.739+0000][info][safepoint    ] Safepoint "Cleanup", Time since last: 1000108361 ns, Reaching safepoint: 122255 ns, At safepoint: 7348 ns, Total: 129603 ns
[2020-10-31T07:21:31.739+0000][info][safepoint    ] Safepoint "Cleanup", Time since last: 1000110743 ns, Reaching safepoint: 138460 ns, At safepoint: 3592 ns, Total: 142052 ns
[2020-10-31T07:21:32.739+0000][info][safepoint    ] Safepoint "Cleanup", Time since last: 1000109060 ns, Reaching safepoint: 125316 ns, At safepoint: 5628 ns, Total: 130944 ns
[2020-10-31T07:21:33.740+0000][info][safepoint    ] Safepoint "Cleanup", Time since last: 1000111276 ns, Reaching safepoint: 140734 ns, At safepoint: 5218 ns, Total: 145952 ns
[2020-10-31T07:21:34.740+0000][info][safepoint    ] Safepoint "Cleanup", Time since last: 1000110559 ns, Reaching safepoint: 65431 ns, At safepoint: 1954 ns, Total: 67385 ns
[2020-10-31T07:21:35.740+0000][info][safepoint    ] Safepoint "Cleanup", Time since last: 1000096954 ns, Reaching safepoint: 126664 ns, At safepoint: 7140 ns, Total: 133804 ns
[2020-10-31T07:21:36.740+0000][info][safepoint    ] Safepoint "Cleanup", Time since last: 1000110277 ns, Reaching safepoint: 47770 ns, At safepoint: 1749 ns, Total: 49519 ns
[2020-10-31T07:21:37.740+0000][info][safepoint    ] Safepoint "Cleanup", Time since last: 1000103166 ns, Reaching safepoint: 130520 ns, At safepoint: 5444 ns, Total: 135964 ns
[2020-10-31T07:21:38.215+0000][info][gc,start     ] GC(34) Pause Young (Normal) (G1 Evacuation Pause)
[2020-10-31T07:21:38.215+0000][info][gc,task      ] GC(34) Using 2 workers of 2 for evacuation
[2020-10-31T07:21:38.338+0000][info][gc,phases    ] GC(34)   Pre Evacuate Collection Set: 0.6ms
[2020-10-31T07:21:38.338+0000][info][gc,phases    ] GC(34)   Evacuate Collection Set: 91.0ms
[2020-10-31T07:21:38.338+0000][info][gc,phases    ] GC(34)   Post Evacuate Collection Set: 31.4ms
[2020-10-31T07:21:38.338+0000][info][gc,phases    ] GC(34)   Other: 0.5ms
[2020-10-31T07:21:38.338+0000][info][gc,heap      ] GC(34) Eden regions: 1677->0(1677)
[2020-10-31T07:21:38.338+0000][info][gc,heap      ] GC(34) Survivor regions: 12->12(212)
[2020-10-31T07:21:38.338+0000][info][gc,heap      ] GC(34) Old regions: 3->3
[2020-10-31T07:21:38.338+0000][info][gc,heap      ] GC(34) Archive regions: 2->2
[2020-10-31T07:21:38.338+0000][info][gc,heap      ] GC(34) Humongous regions: 0->0
[2020-10-31T07:21:38.338+0000][info][gc,metaspace ] GC(34) Metaspace: 13628K->13628K(1060864K)
[2020-10-31T07:21:38.338+0000][info][gc           ] GC(34) Pause Young (Normal) (G1 Evacuation Pause) 3384M->30M(5632M) 123.519ms
[2020-10-31T07:21:38.338+0000][info][gc,cpu       ] GC(34) User=0.24s Sys=0.00s Real=0.12s
[2020-10-31T07:21:38.338+0000][info][safepoint    ] Safepoint "G1CollectForAllocation", Time since last: 474317958 ns, Reaching safepoint: 51643 ns, At safepoint: 123580028 ns, Total: 123631671 ns
[2020-10-31T07:21:39.339+0000][info][safepoint    ] Safepoint "Cleanup", Time since last: 1000084399 ns, Reaching safepoint: 76557 ns, At safepoint: 6617 ns, Total: 83174 ns
[2020-10-31T07:21:40.339+0000][info][safepoint    ] Safepoint "Cleanup", Time since last: 1000107199 ns, Reaching safepoint: 56519 ns, At safepoint: 6484 ns, Total: 63003 ns
[2020-10-31T07:21:41.339+0000][info][safepoint    ] Safepoint "Cleanup", Time since last: 1000113416 ns, Reaching safepoint: 122587 ns, At safepoint: 6080 ns, Total: 128667 ns
[2020-10-31T07:21:42.339+0000][info][safepoint    ] Safepoint "Cleanup", Time since last: 1000110434 ns, Reaching safepoint: 49329 ns, At safepoint: 1863 ns, Total: 51192 ns
[2020-10-31T07:21:43.339+0000][info][safepoint    ] Safepoint "Cleanup", Time since last: 1000103165 ns, Reaching safepoint: 129941 ns, At safepoint: 5938 ns, Total: 135879 ns
[2020-10-31T07:21:44.340+0000][info][safepoint    ] Safepoint "Cleanup", Time since last: 1000110552 ns, Reaching safepoint: 144745 ns, At safepoint: 6771 ns, Total: 151516 ns
[2020-10-31T07:21:45.340+0000][info][safepoint    ] Safepoint "Cleanup", Time since last: 1000110149 ns, Reaching safepoint: 142177 ns, At safepoint: 3659 ns, Total: 145836 ns
[2020-10-31T07:21:46.340+0000][info][safepoint    ] Safepoint "Cleanup", Time since last: 1000115185 ns, Reaching safepoint: 65313 ns, At safepoint: 7465 ns, Total: 72778 ns
[2020-10-31T07:21:47.340+0000][info][safepoint    ] Safepoint "Cleanup", Time since last: 1000107467 ns, Reaching safepoint: 127655 ns, At safepoint: 5983 ns, Total: 133638 ns
[2020-10-31T07:21:48.341+0000][info][safepoint    ] Safepoint "Cleanup", Time since last: 1000116873 ns, Reaching safepoint: 153931 ns, At safepoint: 6690 ns, Total: 160621 ns
[2020-10-31T07:21:48.817+0000][info][gc,start     ] GC(35) Pause Young (Normal) (G1 Evacuation Pause)
[2020-10-31T07:21:48.817+0000][info][gc,task      ] GC(35) Using 2 workers of 2 for evacuation
[2020-10-31T07:21:48.938+0000][info][gc,phases    ] GC(35)   Pre Evacuate Collection Set: 0.6ms
[2020-10-31T07:21:48.938+0000][info][gc,phases    ] GC(35)   Evacuate Collection Set: 91.9ms
[2020-10-31T07:21:48.938+0000][info][gc,phases    ] GC(35)   Post Evacuate Collection Set: 27.9ms
[2020-10-31T07:21:48.938+0000][info][gc,phases    ] GC(35)   Other: 0.5ms
[2020-10-31T07:21:48.938+0000][info][gc,heap      ] GC(35) Eden regions: 1677->0(1676)
[2020-10-31T07:21:48.938+0000][info][gc,heap      ] GC(35) Survivor regions: 12->13(212)
[2020-10-31T07:21:48.938+0000][info][gc,heap      ] GC(35) Old regions: 3->3
[2020-10-31T07:21:48.938+0000][info][gc,heap      ] GC(35) Archive regions: 2->2
[2020-10-31T07:21:48.938+0000][info][gc,heap      ] GC(35) Humongous regions: 0->0
[2020-10-31T07:21:48.938+0000][info][gc,metaspace ] GC(35) Metaspace: 13628K->13628K(1060864K)
[2020-10-31T07:21:48.938+0000][info][gc           ] GC(35) Pause Young (Normal) (G1 Evacuation Pause) 3384M->31M(5632M) 120.926ms
[2020-10-31T07:21:48.938+0000][info][gc,cpu       ] GC(35) User=0.24s Sys=0.00s Real=0.12s
[2020-10-31T07:21:48.938+0000][info][safepoint    ] Safepoint "G1CollectForAllocation", Time since last: 476825535 ns, Reaching safepoint: 51363 ns, At safepoint: 120999305 ns, Total: 121050668 ns
[2020-10-31T07:21:50.606+0000][info][safepoint    ] Safepoint "Cleanup", Time since last: 1667250056 ns, Reaching safepoint: 130351 ns, At safepoint: 7136 ns, Total: 137487 ns
[2020-10-31T07:21:51.606+0000][info][safepoint    ] Safepoint "Cleanup", Time since last: 1000110081 ns, Reaching safepoint: 55396 ns, At safepoint: 3441 ns, Total: 58837 ns
[2020-10-31T07:21:52.606+0000][info][safepoint    ] Safepoint "Cleanup", Time since last: 1000114250 ns, Reaching safepoint: 132529 ns, At safepoint: 3706 ns, Total: 136235 ns
[2020-10-31T07:21:53.606+0000][info][safepoint    ] Safepoint "Cleanup", Time since last: 1000109085 ns, Reaching safepoint: 131274 ns, At safepoint: 6431 ns, Total: 137705 ns
[2020-10-31T07:21:54.607+0000][info][safepoint    ] Safepoint "Cleanup", Time since last: 1000110512 ns, Reaching safepoint: 122370 ns, At safepoint: 6368 ns, Total: 128738 ns
[2020-10-31T07:21:55.607+0000][info][safepoint    ] Safepoint "Cleanup", Time since last: 1000110380 ns, Reaching safepoint: 138859 ns, At safepoint: 4052 ns, Total: 142911 ns
[2020-10-31T07:21:56.607+0000][info][safepoint    ] Safepoint "Cleanup", Time since last: 1000112557 ns, Reaching safepoint: 124322 ns, At safepoint: 5194 ns, Total: 129516 ns
[2020-10-31T07:21:57.607+0000][info][safepoint    ] Safepoint "Cleanup", Time since last: 1000110674 ns, Reaching safepoint: 51184 ns, At safepoint: 6060 ns, Total: 57244 ns
[2020-10-31T07:21:58.608+0000][info][safepoint    ] Safepoint "Cleanup", Time since last: 1000102417 ns, Reaching safepoint: 122420 ns, At safepoint: 6120 ns, Total: 128540 ns
[2020-10-31T07:21:59.405+0000][info][gc,start     ] GC(36) Pause Young (Normal) (G1 Evacuation Pause)
[2020-10-31T07:21:59.405+0000][info][gc,task      ] GC(36) Using 2 workers of 2 for evacuation
[2020-10-31T07:21:59.530+0000][info][gc,phases    ] GC(36)   Pre Evacuate Collection Set: 0.6ms
[2020-10-31T07:21:59.530+0000][info][gc,phases    ] GC(36)   Evacuate Collection Set: 95.2ms
[2020-10-31T07:21:59.530+0000][info][gc,phases    ] GC(36)   Post Evacuate Collection Set: 28.8ms
[2020-10-31T07:21:59.530+0000][info][gc,phases    ] GC(36)   Other: 0.5ms
[2020-10-31T07:21:59.530+0000][info][gc,heap      ] GC(36) Eden regions: 1676->0(1677)
[2020-10-31T07:21:59.530+0000][info][gc,heap      ] GC(36) Survivor regions: 13->12(212)
[2020-10-31T07:21:59.530+0000][info][gc,heap      ] GC(36) Old regions: 3->3
[2020-10-31T07:21:59.530+0000][info][gc,heap      ] GC(36) Archive regions: 2->2
[2020-10-31T07:21:59.530+0000][info][gc,heap      ] GC(36) Humongous regions: 0->0
[2020-10-31T07:21:59.530+0000][info][gc,metaspace ] GC(36) Metaspace: 13628K->13628K(1060864K)
[2020-10-31T07:21:59.530+0000][info][gc           ] GC(36) Pause Young (Normal) (G1 Evacuation Pause) 3383M->30M(5632M) 125.168ms
[2020-10-31T07:21:59.530+0000][info][gc,cpu       ] GC(36) User=0.24s Sys=0.00s Real=0.12s
[2020-10-31T07:21:59.530+0000][info][safepoint    ] Safepoint "G1CollectForAllocation", Time since last: 796965847 ns, Reaching safepoint: 53748 ns, At safepoint: 125231577 ns, Total: 125285325 ns
[2020-10-31T07:22:00.530+0000][info][safepoint    ] Safepoint "Cleanup", Time since last: 1000082264 ns, Reaching safepoint: 52466 ns, At safepoint: 3378 ns, Total: 55844 ns
[2020-10-31T07:22:01.530+0000][info][safepoint    ] Safepoint "Cleanup", Time since last: 1000097903 ns, Reaching safepoint: 68392 ns, At safepoint: 4737 ns, Total: 73129 ns
[2020-10-31T07:22:02.530+0000][info][safepoint    ] Safepoint "Cleanup", Time since last: 1000107997 ns, Reaching safepoint: 43949 ns, At safepoint: 2266 ns, Total: 46215 ns
[2020-10-31T07:22:03.531+0000][info][safepoint    ] Safepoint "Cleanup", Time since last: 1000103235 ns, Reaching safepoint: 120320 ns, At safepoint: 5147 ns, Total: 125467 ns
[2020-10-31T07:22:04.531+0000][info][safepoint    ] Safepoint "Cleanup", Time since last: 1000107384 ns, Reaching safepoint: 139528 ns, At safepoint: 6412 ns, Total: 145940 ns
[2020-10-31T07:22:05.531+0000][info][safepoint    ] Safepoint "Cleanup", Time since last: 1000123853 ns, Reaching safepoint: 127216 ns, At safepoint: 5662 ns, Total: 132878 ns
[2020-10-31T07:22:06.531+0000][info][safepoint    ] Safepoint "Cleanup", Time since last: 1000111631 ns, Reaching safepoint: 125568 ns, At safepoint: 5415 ns, Total: 130983 ns
[2020-10-31T07:22:07.532+0000][info][safepoint    ] Safepoint "Cleanup", Time since last: 1000111003 ns, Reaching safepoint: 139628 ns, At safepoint: 8206 ns, Total: 147834 ns
[2020-10-31T07:22:08.532+0000][info][safepoint    ] Safepoint "Cleanup", Time since last: 1000108177 ns, Reaching safepoint: 137743 ns, At safepoint: 3357 ns, Total: 141100 ns
[2020-10-31T07:22:09.532+0000][info][safepoint    ] Safepoint "Cleanup", Time since last: 1000110280 ns, Reaching safepoint: 59535 ns, At safepoint: 4514 ns, Total: 64049 ns
[2020-10-31T07:22:09.992+0000][info][gc,start     ] GC(37) Pause Young (Normal) (G1 Evacuation Pause)
[2020-10-31T07:22:09.992+0000][info][gc,task      ] GC(37) Using 2 workers of 2 for evacuation
[2020-10-31T07:22:10.115+0000][info][gc,phases    ] GC(37)   Pre Evacuate Collection Set: 0.6ms
[2020-10-31T07:22:10.115+0000][info][gc,phases    ] GC(37)   Evacuate Collection Set: 91.0ms
[2020-10-31T07:22:10.115+0000][info][gc,phases    ] GC(37)   Post Evacuate Collection Set: 30.2ms
[2020-10-31T07:22:10.115+0000][info][gc,phases    ] GC(37)   Other: 0.5ms
[2020-10-31T07:22:10.115+0000][info][gc,heap      ] GC(37) Eden regions: 1677->0(1676)
[2020-10-31T07:22:10.115+0000][info][gc,heap      ] GC(37) Survivor regions: 12->13(212)
[2020-10-31T07:22:10.115+0000][info][gc,heap      ] GC(37) Old regions: 3->3
[2020-10-31T07:22:10.115+0000][info][gc,heap      ] GC(37) Archive regions: 2->2
[2020-10-31T07:22:10.115+0000][info][gc,heap      ] GC(37) Humongous regions: 0->0
[2020-10-31T07:22:10.115+0000][info][gc,metaspace ] GC(37) Metaspace: 13629K->13629K(1060864K)
[2020-10-31T07:22:10.115+0000][info][gc           ] GC(37) Pause Young (Normal) (G1 Evacuation Pause) 3384M->31M(5632M) 122.426ms
[2020-10-31T07:22:10.115+0000][info][gc,cpu       ] GC(37) User=0.24s Sys=0.00s Real=0.13s
[2020-10-31T07:22:10.115+0000][info][safepoint    ] Safepoint "G1CollectForAllocation", Time since last: 460240689 ns, Reaching safepoint: 51229 ns, At safepoint: 122488043 ns, Total: 122539272 ns
[2020-10-31T07:22:11.115+0000][info][safepoint    ] Safepoint "Cleanup", Time since last: 1000081208 ns, Reaching safepoint: 135240 ns, At safepoint: 3236 ns, Total: 138476 ns
[2020-10-31T07:22:12.115+0000][info][safepoint    ] Safepoint "Cleanup", Time since last: 1000107254 ns, Reaching safepoint: 131052 ns, At safepoint: 5432 ns, Total: 136484 ns
[2020-10-31T07:22:13.115+0000][info][safepoint    ] Safepoint "Cleanup", Time since last: 1000111378 ns, Reaching safepoint: 141052 ns, At safepoint: 3353 ns, Total: 144405 ns
[2020-10-31T07:22:14.116+0000][info][safepoint    ] Safepoint "Cleanup", Time since last: 1000107251 ns, Reaching safepoint: 142690 ns, At safepoint: 8324 ns, Total: 151014 ns
[2020-10-31T07:22:15.116+0000][info][safepoint    ] Safepoint "Cleanup", Time since last: 1000106839 ns, Reaching safepoint: 163343 ns, At safepoint: 3376 ns, Total: 166719 ns
[2020-10-31T07:22:16.116+0000][info][safepoint    ] Safepoint "Cleanup", Time since last: 1000108390 ns, Reaching safepoint: 131975 ns, At safepoint: 5972 ns, Total: 137947 ns
[2020-10-31T07:22:17.116+0000][info][safepoint    ] Safepoint "Cleanup", Time since last: 1000108385 ns, Reaching safepoint: 51304 ns, At safepoint: 7852 ns, Total: 59156 ns
[2020-10-31T07:22:18.117+0000][info][safepoint    ] Safepoint "Cleanup", Time since last: 1000094441 ns, Reaching safepoint: 135488 ns, At safepoint: 4384 ns, Total: 139872 ns
[2020-10-31T07:22:19.117+0000][info][safepoint    ] Safepoint "Cleanup", Time since last: 1000133936 ns, Reaching safepoint: 133852 ns, At safepoint: 5007 ns, Total: 138859 ns
[2020-10-31T07:22:20.117+0000][info][safepoint    ] Safepoint "Cleanup", Time since last: 1000110941 ns, Reaching safepoint: 55731 ns, At safepoint: 6051 ns, Total: 61782 ns
[2020-10-31T07:22:20.579+0000][info][gc,start     ] GC(38) Pause Young (Normal) (G1 Evacuation Pause)
[2020-10-31T07:22:20.579+0000][info][gc,task      ] GC(38) Using 2 workers of 2 for evacuation
[2020-10-31T07:22:20.703+0000][info][gc,phases    ] GC(38)   Pre Evacuate Collection Set: 0.6ms
[2020-10-31T07:22:20.703+0000][info][gc,phases    ] GC(38)   Evacuate Collection Set: 92.3ms
[2020-10-31T07:22:20.703+0000][info][gc,phases    ] GC(38)   Post Evacuate Collection Set: 30.1ms
[2020-10-31T07:22:20.703+0000][info][gc,phases    ] GC(38)   Other: 0.5ms
[2020-10-31T07:22:20.703+0000][info][gc,heap      ] GC(38) Eden regions: 1676->0(1676)
[2020-10-31T07:22:20.703+0000][info][gc,heap      ] GC(38) Survivor regions: 13->13(212)
[2020-10-31T07:22:20.703+0000][info][gc,heap      ] GC(38) Old regions: 3->3
[2020-10-31T07:22:20.703+0000][info][gc,heap      ] GC(38) Archive regions: 2->2
[2020-10-31T07:22:20.703+0000][info][gc,heap      ] GC(38) Humongous regions: 0->0
[2020-10-31T07:22:20.703+0000][info][gc,metaspace ] GC(38) Metaspace: 13631K->13631K(1060864K)
[2020-10-31T07:22:20.703+0000][info][gc           ] GC(38) Pause Young (Normal) (G1 Evacuation Pause) 3383M->31M(5632M) 123.577ms
[2020-10-31T07:22:20.703+0000][info][gc,cpu       ] GC(38) User=0.24s Sys=0.00s Real=0.12s
[2020-10-31T07:22:20.703+0000][info][safepoint    ] Safepoint "G1CollectForAllocation", Time since last: 461899305 ns, Reaching safepoint: 54771 ns, At safepoint: 123641078 ns, Total: 123695849 ns
[2020-10-31T07:22:21.703+0000][info][safepoint    ] Safepoint "Cleanup", Time since last: 1000083277 ns, Reaching safepoint: 131887 ns, At safepoint: 5294 ns, Total: 137181 ns
[2020-10-31T07:22:22.703+0000][info][safepoint    ] Safepoint "Cleanup", Time since last: 1000110610 ns, Reaching safepoint: 140485 ns, At safepoint: 3392 ns, Total: 143877 ns
[2020-10-31T07:22:23.703+0000][info][safepoint    ] Safepoint "Cleanup", Time since last: 1000110438 ns, Reaching safepoint: 139132 ns, At safepoint: 3463 ns, Total: 142595 ns
[2020-10-31T07:22:24.704+0000][info][safepoint    ] Safepoint "Cleanup", Time since last: 1000110606 ns, Reaching safepoint: 141528 ns, At safepoint: 3392 ns, Total: 144920 ns
[2020-10-31T07:22:25.704+0000][info][safepoint    ] Safepoint "Cleanup", Time since last: 1000110914 ns, Reaching safepoint: 140808 ns, At safepoint: 4493 ns, Total: 145301 ns
[2020-10-31T07:22:26.704+0000][info][safepoint    ] Safepoint "Cleanup", Time since last: 1000113508 ns, Reaching safepoint: 59205 ns, At safepoint: 5276 ns, Total: 64481 ns
[2020-10-31T07:22:27.704+0000][info][safepoint    ] Safepoint "Cleanup", Time since last: 1000111073 ns, Reaching safepoint: 130839 ns, At safepoint: 6861 ns, Total: 137700 ns
[2020-10-31T07:22:28.705+0000][info][safepoint    ] Safepoint "Cleanup", Time since last: 1000113595 ns, Reaching safepoint: 56674 ns, At safepoint: 1914 ns, Total: 58588 ns
[2020-10-31T07:22:29.705+0000][info][safepoint    ] Safepoint "Cleanup", Time since last: 1000106050 ns, Reaching safepoint: 125602 ns, At safepoint: 6060 ns, Total: 131662 ns
[2020-10-31T07:22:30.705+0000][info][safepoint    ] Safepoint "Cleanup", Time since last: 1000110455 ns, Reaching safepoint: 130121 ns, At safepoint: 6376 ns, Total: 136497 ns
[2020-10-31T07:22:31.178+0000][info][gc,start     ] GC(39) Pause Young (Normal) (G1 Evacuation Pause)
[2020-10-31T07:22:31.178+0000][info][gc,task      ] GC(39) Using 2 workers of 2 for evacuation
[2020-10-31T07:22:31.303+0000][info][gc,phases    ] GC(39)   Pre Evacuate Collection Set: 0.6ms
[2020-10-31T07:22:31.303+0000][info][gc,phases    ] GC(39)   Evacuate Collection Set: 92.5ms
[2020-10-31T07:22:31.303+0000][info][gc,phases    ] GC(39)   Post Evacuate Collection Set: 31.4ms
[2020-10-31T07:22:31.303+0000][info][gc,phases    ] GC(39)   Other: 0.5ms
[2020-10-31T07:22:31.303+0000][info][gc,heap      ] GC(39) Eden regions: 1676->0(1677)
[2020-10-31T07:22:31.303+0000][info][gc,heap      ] GC(39) Survivor regions: 13->12(212)
[2020-10-31T07:22:31.303+0000][info][gc,heap      ] GC(39) Old regions: 3->3
[2020-10-31T07:22:31.303+0000][info][gc,heap      ] GC(39) Archive regions: 2->2
[2020-10-31T07:22:31.303+0000][info][gc,heap      ] GC(39) Humongous regions: 0->0
[2020-10-31T07:22:31.303+0000][info][gc,metaspace ] GC(39) Metaspace: 13631K->13631K(1060864K)
[2020-10-31T07:22:31.303+0000][info][gc           ] GC(39) Pause Young (Normal) (G1 Evacuation Pause) 3383M->30M(5632M) 125.078ms
[2020-10-31T07:22:31.303+0000][info][gc,cpu       ] GC(39) User=0.25s Sys=0.00s Real=0.12s
[2020-10-31T07:22:31.303+0000][info][safepoint    ] Safepoint "G1CollectForAllocation", Time since last: 472974262 ns, Reaching safepoint: 53769 ns, At safepoint: 125143564 ns, Total: 125197333 ns
[2020-10-31T07:22:32.303+0000][info][safepoint    ] Safepoint "Cleanup", Time since last: 1000081994 ns, Reaching safepoint: 139934 ns, At safepoint: 5106 ns, Total: 145040 ns
[2020-10-31T07:22:33.304+0000][info][safepoint    ] Safepoint "Cleanup", Time since last: 1000111164 ns, Reaching safepoint: 137347 ns, At safepoint: 3798 ns, Total: 141145 ns
[2020-10-31T07:22:34.304+0000][info][safepoint    ] Safepoint "Cleanup", Time since last: 1000112129 ns, Reaching safepoint: 127593 ns, At safepoint: 6756 ns, Total: 134349 ns
[2020-10-31T07:22:35.304+0000][info][safepoint    ] Safepoint "Cleanup", Time since last: 1000112793 ns, Reaching safepoint: 138869 ns, At safepoint: 5869 ns, Total: 144738 ns
[2020-10-31T07:22:36.304+0000][info][safepoint    ] Safepoint "Cleanup", Time since last: 1000108719 ns, Reaching safepoint: 129488 ns, At safepoint: 5412 ns, Total: 134900 ns
[2020-10-31T07:22:37.305+0000][info][safepoint    ] Safepoint "Cleanup", Time since last: 1000109350 ns, Reaching safepoint: 139888 ns, At safepoint: 3669 ns, Total: 143557 ns
[2020-10-31T07:22:38.305+0000][info][safepoint    ] Safepoint "Cleanup", Time since last: 1000113288 ns, Reaching safepoint: 138361 ns, At safepoint: 8139 ns, Total: 146500 ns
[2020-10-31T07:22:39.305+0000][info][safepoint    ] Safepoint "Cleanup", Time since last: 1000109096 ns, Reaching safepoint: 143297 ns, At safepoint: 4935 ns, Total: 148232 ns
[2020-10-31T07:22:40.305+0000][info][safepoint    ] Safepoint "Cleanup", Time since last: 1000110317 ns, Reaching safepoint: 138948 ns, At safepoint: 3695 ns, Total: 142643 ns
[2020-10-31T07:22:41.306+0000][info][safepoint    ] Safepoint "Cleanup", Time since last: 1000114687 ns, Reaching safepoint: 127318 ns, At safepoint: 5173 ns, Total: 132491 ns
[2020-10-31T07:22:41.798+0000][info][gc,start     ] GC(40) Pause Young (Normal) (G1 Evacuation Pause)
[2020-10-31T07:22:41.798+0000][info][gc,task      ] GC(40) Using 2 workers of 2 for evacuation
[2020-10-31T07:22:41.923+0000][info][gc,phases    ] GC(40)   Pre Evacuate Collection Set: 0.5ms
[2020-10-31T07:22:41.923+0000][info][gc,phases    ] GC(40)   Evacuate Collection Set: 92.7ms
[2020-10-31T07:22:41.923+0000][info][gc,phases    ] GC(40)   Post Evacuate Collection Set: 31.8ms
[2020-10-31T07:22:41.923+0000][info][gc,phases    ] GC(40)   Other: 0.5ms
[2020-10-31T07:22:41.923+0000][info][gc,heap      ] GC(40) Eden regions: 1677->0(1676)
[2020-10-31T07:22:41.923+0000][info][gc,heap      ] GC(40) Survivor regions: 12->13(212)
[2020-10-31T07:22:41.923+0000][info][gc,heap      ] GC(40) Old regions: 3->3
[2020-10-31T07:22:41.923+0000][info][gc,heap      ] GC(40) Archive regions: 2->2
[2020-10-31T07:22:41.923+0000][info][gc,heap      ] GC(40) Humongous regions: 0->0
[2020-10-31T07:22:41.923+0000][info][gc,metaspace ] GC(40) Metaspace: 13631K->13631K(1060864K)
[2020-10-31T07:22:41.923+0000][info][gc           ] GC(40) Pause Young (Normal) (G1 Evacuation Pause) 3384M->31M(5632M) 125.607ms
[2020-10-31T07:22:41.923+0000][info][gc,cpu       ] GC(40) User=0.24s Sys=0.00s Real=0.12s
[2020-10-31T07:22:41.923+0000][info][safepoint    ] Safepoint "G1CollectForAllocation", Time since last: 492008499 ns, Reaching safepoint: 53687 ns, At safepoint: 125672759 ns, Total: 125726446 ns
[2020-10-31T07:22:42.924+0000][info][safepoint    ] Safepoint "Cleanup", Time since last: 1000082879 ns, Reaching safepoint: 130771 ns, At safepoint: 6288 ns, Total: 137059 ns
[2020-10-31T07:22:43.924+0000][info][safepoint    ] Safepoint "Cleanup", Time since last: 1000124020 ns, Reaching safepoint: 125328 ns, At safepoint: 5686 ns, Total: 131014 ns
[2020-10-31T07:22:44.924+0000][info][safepoint    ] Safepoint "Cleanup", Time since last: 1000110242 ns, Reaching safepoint: 143789 ns, At safepoint: 5635 ns, Total: 149424 ns
[2020-10-31T07:22:45.924+0000][info][safepoint    ] Safepoint "Cleanup", Time since last: 1000111094 ns, Reaching safepoint: 69700 ns, At safepoint: 5026 ns, Total: 74726 ns
[2020-10-31T07:22:46.925+0000][info][safepoint    ] Safepoint "Cleanup", Time since last: 1000095391 ns, Reaching safepoint: 125539 ns, At safepoint: 6649 ns, Total: 132188 ns
[2020-10-31T07:22:47.925+0000][info][safepoint    ] Safepoint "Cleanup", Time since last: 1000110958 ns, Reaching safepoint: 121802 ns, At safepoint: 5688 ns, Total: 127490 ns
[2020-10-31T07:22:48.925+0000][info][safepoint    ] Safepoint "Cleanup", Time since last: 1000107943 ns, Reaching safepoint: 134868 ns, At safepoint: 6975 ns, Total: 141843 ns
[2020-10-31T07:22:49.925+0000][info][safepoint    ] Safepoint "Cleanup", Time since last: 1000111057 ns, Reaching safepoint: 131291 ns, At safepoint: 3733 ns, Total: 135024 ns
[2020-10-31T07:22:50.926+0000][info][safepoint    ] Safepoint "Cleanup", Time since last: 1000105796 ns, Reaching safepoint: 126314 ns, At safepoint: 5413 ns, Total: 131727 ns
[2020-10-31T07:22:51.926+0000][info][safepoint    ] Safepoint "Cleanup", Time since last: 1000110045 ns, Reaching safepoint: 125131 ns, At safepoint: 5120 ns, Total: 130251 ns
[2020-10-31T07:22:52.457+0000][info][gc,start     ] GC(41) Pause Young (Normal) (G1 Evacuation Pause)
[2020-10-31T07:22:52.457+0000][info][gc,task      ] GC(41) Using 2 workers of 2 for evacuation
[2020-10-31T07:22:52.583+0000][info][gc,phases    ] GC(41)   Pre Evacuate Collection Set: 0.6ms
[2020-10-31T07:22:52.583+0000][info][gc,phases    ] GC(41)   Evacuate Collection Set: 97.1ms
[2020-10-31T07:22:52.583+0000][info][gc,phases    ] GC(41)   Post Evacuate Collection Set: 28.4ms
[2020-10-31T07:22:52.583+0000][info][gc,phases    ] GC(41)   Other: 0.5ms
[2020-10-31T07:22:52.583+0000][info][gc,heap      ] GC(41) Eden regions: 1676->0(1676)
[2020-10-31T07:22:52.583+0000][info][gc,heap      ] GC(41) Survivor regions: 13->13(212)
[2020-10-31T07:22:52.583+0000][info][gc,heap      ] GC(41) Old regions: 3->3
[2020-10-31T07:22:52.583+0000][info][gc,heap      ] GC(41) Archive regions: 2->2
[2020-10-31T07:22:52.583+0000][info][gc,heap      ] GC(41) Humongous regions: 0->0
[2020-10-31T07:22:52.583+0000][info][gc,metaspace ] GC(41) Metaspace: 13635K->13635K(1060864K)
[2020-10-31T07:22:52.583+0000][info][gc           ] GC(41) Pause Young (Normal) (G1 Evacuation Pause) 3383M->31M(5632M) 126.616ms
[2020-10-31T07:22:52.583+0000][info][gc,cpu       ] GC(41) User=0.23s Sys=0.00s Real=0.12s
[2020-10-31T07:22:52.583+0000][info][safepoint    ] Safepoint "G1CollectForAllocation", Time since last: 530808630 ns, Reaching safepoint: 52106 ns, At safepoint: 126673533 ns, Total: 126725639 ns
[2020-10-31T07:22:53.584+0000][info][safepoint    ] Safepoint "Cleanup", Time since last: 1000084961 ns, Reaching safepoint: 139034 ns, At safepoint: 3450 ns, Total: 142484 ns
[2020-10-31T07:22:54.584+0000][info][safepoint    ] Safepoint "Cleanup", Time since last: 1000111790 ns, Reaching safepoint: 140163 ns, At safepoint: 3322 ns, Total: 143485 ns
[2020-10-31T07:22:55.584+0000][info][safepoint    ] Safepoint "Cleanup", Time since last: 1000111640 ns, Reaching safepoint: 139323 ns, At safepoint: 3217 ns, Total: 142540 ns
[2020-10-31T07:22:56.584+0000][info][safepoint    ] Safepoint "Cleanup", Time since last: 1000108581 ns, Reaching safepoint: 52799 ns, At safepoint: 2251 ns, Total: 55050 ns
[2020-10-31T07:22:57.584+0000][info][safepoint    ] Safepoint "Cleanup", Time since last: 1000104594 ns, Reaching safepoint: 49401 ns, At safepoint: 1611 ns, Total: 51012 ns
[2020-10-31T07:22:58.585+0000][info][safepoint    ] Safepoint "Cleanup", Time since last: 1000100522 ns, Reaching safepoint: 132473 ns, At safepoint: 7740 ns, Total: 140213 ns
[2020-10-31T07:22:59.585+0000][info][safepoint    ] Safepoint "Cleanup", Time since last: 1000129391 ns, Reaching safepoint: 123358 ns, At safepoint: 5311 ns, Total: 128669 ns
[2020-10-31T07:23:00.585+0000][info][safepoint    ] Safepoint "Cleanup", Time since last: 1000110682 ns, Reaching safepoint: 142168 ns, At safepoint: 3541 ns, Total: 145709 ns
[2020-10-31T07:23:01.585+0000][info][safepoint    ] Safepoint "Cleanup", Time since last: 1000112503 ns, Reaching safepoint: 49115 ns, At safepoint: 2048 ns, Total: 51163 ns
[2020-10-31T07:23:02.586+0000][info][safepoint    ] Safepoint "Cleanup", Time since last: 1000106248 ns, Reaching safepoint: 127160 ns, At safepoint: 5407 ns, Total: 132567 ns
[2020-10-31T07:23:03.080+0000][info][gc,start     ] GC(42) Pause Young (Normal) (G1 Evacuation Pause)
[2020-10-31T07:23:03.080+0000][info][gc,task      ] GC(42) Using 2 workers of 2 for evacuation
[2020-10-31T07:23:03.203+0000][info][gc,phases    ] GC(42)   Pre Evacuate Collection Set: 0.6ms
[2020-10-31T07:23:03.203+0000][info][gc,phases    ] GC(42)   Evacuate Collection Set: 92.0ms
[2020-10-31T07:23:03.203+0000][info][gc,phases    ] GC(42)   Post Evacuate Collection Set: 29.8ms
[2020-10-31T07:23:03.203+0000][info][gc,phases    ] GC(42)   Other: 0.5ms
[2020-10-31T07:23:03.203+0000][info][gc,heap      ] GC(42) Eden regions: 1676->0(1676)
[2020-10-31T07:23:03.203+0000][info][gc,heap      ] GC(42) Survivor regions: 13->13(212)
[2020-10-31T07:23:03.203+0000][info][gc,heap      ] GC(42) Old regions: 3->3
[2020-10-31T07:23:03.203+0000][info][gc,heap      ] GC(42) Archive regions: 2->2
[2020-10-31T07:23:03.203+0000][info][gc,heap      ] GC(42) Humongous regions: 0->0
[2020-10-31T07:23:03.203+0000][info][gc,metaspace ] GC(42) Metaspace: 13635K->13635K(1060864K)
[2020-10-31T07:23:03.203+0000][info][gc           ] GC(42) Pause Young (Normal) (G1 Evacuation Pause) 3383M->31M(5632M) 123.006ms
[2020-10-31T07:23:03.203+0000][info][gc,cpu       ] GC(42) User=0.24s Sys=0.00s Real=0.12s
[2020-10-31T07:23:03.203+0000][info][safepoint    ] Safepoint "G1CollectForAllocation", Time since last: 494289130 ns, Reaching safepoint: 52026 ns, At safepoint: 123061041 ns, Total: 123113067 ns
[2020-10-31T07:23:04.203+0000][info][safepoint    ] Safepoint "Cleanup", Time since last: 1000088790 ns, Reaching safepoint: 126336 ns, At safepoint: 7408 ns, Total: 133744 ns
[2020-10-31T07:23:05.203+0000][info][safepoint    ] Safepoint "Cleanup", Time since last: 1000113831 ns, Reaching safepoint: 127188 ns, At safepoint: 5285 ns, Total: 132473 ns
[2020-10-31T07:23:06.204+0000][info][safepoint    ] Safepoint "Cleanup", Time since last: 1000109584 ns, Reaching safepoint: 140008 ns, At safepoint: 3580 ns, Total: 143588 ns
[2020-10-31T07:23:07.204+0000][info][safepoint    ] Safepoint "Cleanup", Time since last: 1000110525 ns, Reaching safepoint: 127002 ns, At safepoint: 6093 ns, Total: 133095 ns
[2020-10-31T07:23:08.204+0000][info][safepoint    ] Safepoint "Cleanup", Time since last: 1000108748 ns, Reaching safepoint: 132326 ns, At safepoint: 6057 ns, Total: 138383 ns
[2020-10-31T07:23:09.204+0000][info][safepoint    ] Safepoint "Cleanup", Time since last: 1000109189 ns, Reaching safepoint: 123740 ns, At safepoint: 6619 ns, Total: 130359 ns
[2020-10-31T07:23:10.205+0000][info][safepoint    ] Safepoint "Cleanup", Time since last: 1000107365 ns, Reaching safepoint: 64257 ns, At safepoint: 5547 ns, Total: 69804 ns
[2020-10-31T07:23:11.205+0000][info][safepoint    ] Safepoint "Cleanup", Time since last: 1000106013 ns, Reaching safepoint: 142346 ns, At safepoint: 3577 ns, Total: 145923 ns
[2020-10-31T07:23:12.205+0000][info][safepoint    ] Safepoint "Cleanup", Time since last: 1000110399 ns, Reaching safepoint: 48788 ns, At safepoint: 2023 ns, Total: 50811 ns
[2020-10-31T07:23:13.205+0000][info][safepoint    ] Safepoint "Cleanup", Time since last: 1000100403 ns, Reaching safepoint: 129736 ns, At safepoint: 6339 ns, Total: 136075 ns
[2020-10-31T07:23:13.701+0000][info][gc,start     ] GC(43) Pause Young (Normal) (G1 Evacuation Pause)
[2020-10-31T07:23:13.701+0000][info][gc,task      ] GC(43) Using 2 workers of 2 for evacuation
[2020-10-31T07:23:13.831+0000][info][gc,phases    ] GC(43)   Pre Evacuate Collection Set: 0.5ms
[2020-10-31T07:23:13.831+0000][info][gc,phases    ] GC(43)   Evacuate Collection Set: 98.8ms
[2020-10-31T07:23:13.831+0000][info][gc,phases    ] GC(43)   Post Evacuate Collection Set: 29.6ms
[2020-10-31T07:23:13.831+0000][info][gc,phases    ] GC(43)   Other: 0.5ms
[2020-10-31T07:23:13.831+0000][info][gc,heap      ] GC(43) Eden regions: 1676->0(1677)
[2020-10-31T07:23:13.831+0000][info][gc,heap      ] GC(43) Survivor regions: 13->12(212)
[2020-10-31T07:23:13.831+0000][info][gc,heap      ] GC(43) Old regions: 3->3
[2020-10-31T07:23:13.831+0000][info][gc,heap      ] GC(43) Archive regions: 2->2
[2020-10-31T07:23:13.831+0000][info][gc,heap      ] GC(43) Humongous regions: 0->0
[2020-10-31T07:23:13.831+0000][info][gc,metaspace ] GC(43) Metaspace: 13635K->13635K(1060864K)
[2020-10-31T07:23:13.831+0000][info][gc           ] GC(43) Pause Young (Normal) (G1 Evacuation Pause) 3383M->30M(5632M) 129.528ms
[2020-10-31T07:23:13.831+0000][info][gc,cpu       ] GC(43) User=0.23s Sys=0.00s Real=0.13s
[2020-10-31T07:23:13.831+0000][info][safepoint    ] Safepoint "G1CollectForAllocation", Time since last: 495974143 ns, Reaching safepoint: 53687 ns, At safepoint: 129591149 ns, Total: 129644836 ns
[2020-10-31T07:23:14.831+0000][info][safepoint    ] Safepoint "Cleanup", Time since last: 1000083897 ns, Reaching safepoint: 125321 ns, At safepoint: 5876 ns, Total: 131197 ns
[2020-10-31T07:23:15.831+0000][info][safepoint    ] Safepoint "Cleanup", Time since last: 1000112881 ns, Reaching safepoint: 106515 ns, At safepoint: 4813 ns, Total: 111328 ns
[2020-10-31T07:23:16.837+0000][info][safepoint    ] Safepoint "Cleanup", Time since last: 1005342831 ns, Reaching safepoint: 144192 ns, At safepoint: 4816 ns, Total: 149008 ns
[2020-10-31T07:23:17.837+0000][info][safepoint    ] Safepoint "Cleanup", Time since last: 1000112961 ns, Reaching safepoint: 131043 ns, At safepoint: 5162 ns, Total: 136205 ns
[2020-10-31T07:23:18.837+0000][info][safepoint    ] Safepoint "Cleanup", Time since last: 1000112236 ns, Reaching safepoint: 53155 ns, At safepoint: 2295 ns, Total: 55450 ns
[2020-10-31T07:23:19.837+0000][info][safepoint    ] Safepoint "Cleanup", Time since last: 1000103688 ns, Reaching safepoint: 127206 ns, At safepoint: 6641 ns, Total: 133847 ns
[2020-10-31T07:23:20.838+0000][info][safepoint    ] Safepoint "Cleanup", Time since last: 1000117919 ns, Reaching safepoint: 138422 ns, At safepoint: 6301 ns, Total: 144723 ns
[2020-10-31T07:23:21.838+0000][info][safepoint    ] Safepoint "Cleanup", Time since last: 1000111452 ns, Reaching safepoint: 140604 ns, At safepoint: 3284 ns, Total: 143888 ns
[2020-10-31T07:23:22.838+0000][info][safepoint    ] Safepoint "Cleanup", Time since last: 1000111940 ns, Reaching safepoint: 139244 ns, At safepoint: 3957 ns, Total: 143201 ns
[2020-10-31T07:23:23.838+0000][info][safepoint    ] Safepoint "Cleanup", Time since last: 1000111226 ns, Reaching safepoint: 141870 ns, At safepoint: 3479 ns, Total: 145349 ns
[2020-10-31T07:23:24.754+0000][info][gc,start     ] GC(44) Pause Young (Normal) (G1 Evacuation Pause)
[2020-10-31T07:23:24.754+0000][info][gc,task      ] GC(44) Using 2 workers of 2 for evacuation
[2020-10-31T07:23:24.879+0000][info][gc,phases    ] GC(44)   Pre Evacuate Collection Set: 0.6ms
[2020-10-31T07:23:24.879+0000][info][gc,phases    ] GC(44)   Evacuate Collection Set: 94.7ms
[2020-10-31T07:23:24.879+0000][info][gc,phases    ] GC(44)   Post Evacuate Collection Set: 29.1ms
[2020-10-31T07:23:24.879+0000][info][gc,phases    ] GC(44)   Other: 0.5ms
[2020-10-31T07:23:24.879+0000][info][gc,heap      ] GC(44) Eden regions: 1677->0(1677)
[2020-10-31T07:23:24.879+0000][info][gc,heap      ] GC(44) Survivor regions: 12->12(212)
[2020-10-31T07:23:24.879+0000][info][gc,heap      ] GC(44) Old regions: 3->3
[2020-10-31T07:23:24.879+0000][info][gc,heap      ] GC(44) Archive regions: 2->2
[2020-10-31T07:23:24.879+0000][info][gc,heap      ] GC(44) Humongous regions: 0->0
[2020-10-31T07:23:24.879+0000][info][gc,metaspace ] GC(44) Metaspace: 13637K->13637K(1060864K)
[2020-10-31T07:23:24.879+0000][info][gc           ] GC(44) Pause Young (Normal) (G1 Evacuation Pause) 3384M->30M(5632M) 124.938ms
[2020-10-31T07:23:24.879+0000][info][gc,cpu       ] GC(44) User=0.24s Sys=0.00s Real=0.12s
[2020-10-31T07:23:24.879+0000][info][safepoint    ] Safepoint "G1CollectForAllocation", Time since last: 915414264 ns, Reaching safepoint: 59164 ns, At safepoint: 124991826 ns, Total: 125050990 ns
[2020-10-31T07:23:25.879+0000][info][safepoint    ] Safepoint "Cleanup", Time since last: 1000083626 ns, Reaching safepoint: 136523 ns, At safepoint: 3643 ns, Total: 140166 ns
[2020-10-31T07:23:26.879+0000][info][safepoint    ] Safepoint "Cleanup", Time since last: 1000114140 ns, Reaching safepoint: 130311 ns, At safepoint: 7298 ns, Total: 137609 ns
[2020-10-31T07:23:27.880+0000][info][safepoint    ] Safepoint "Cleanup", Time since last: 1000111476 ns, Reaching safepoint: 135610 ns, At safepoint: 3347 ns, Total: 138957 ns
[2020-10-31T07:23:28.880+0000][info][safepoint    ] Safepoint "Cleanup", Time since last: 1000109801 ns, Reaching safepoint: 145581 ns, At safepoint: 3398 ns, Total: 148979 ns
[2020-10-31T07:23:29.880+0000][info][safepoint    ] Safepoint "Cleanup", Time since last: 1000109248 ns, Reaching safepoint: 127674 ns, At safepoint: 6184 ns, Total: 133858 ns
[2020-10-31T07:23:30.880+0000][info][safepoint    ] Safepoint "Cleanup", Time since last: 1000113084 ns, Reaching safepoint: 130739 ns, At safepoint: 6654 ns, Total: 137393 ns
[2020-10-31T07:23:31.881+0000][info][safepoint    ] Safepoint "Cleanup", Time since last: 1000120878 ns, Reaching safepoint: 126385 ns, At safepoint: 3521 ns, Total: 129906 ns
[2020-10-31T07:23:32.881+0000][info][safepoint    ] Safepoint "Cleanup", Time since last: 1000111243 ns, Reaching safepoint: 51722 ns, At safepoint: 2514 ns, Total: 54236 ns
[2020-10-31T07:23:33.881+0000][info][safepoint    ] Safepoint "Cleanup", Time since last: 1000102840 ns, Reaching safepoint: 47078 ns, At safepoint: 2216 ns, Total: 49294 ns
[2020-10-31T07:23:35.206+0000][info][safepoint    ] Safepoint "Cleanup", Time since last: 1324846470 ns, Reaching safepoint: 59228 ns, At safepoint: 6543 ns, Total: 65771 ns
[2020-10-31T07:23:35.637+0000][info][gc,start     ] GC(45) Pause Young (Normal) (G1 Evacuation Pause)
[2020-10-31T07:23:35.637+0000][info][gc,task      ] GC(45) Using 2 workers of 2 for evacuation
[2020-10-31T07:23:35.759+0000][info][gc,phases    ] GC(45)   Pre Evacuate Collection Set: 0.6ms
[2020-10-31T07:23:35.759+0000][info][gc,phases    ] GC(45)   Evacuate Collection Set: 91.4ms
[2020-10-31T07:23:35.759+0000][info][gc,phases    ] GC(45)   Post Evacuate Collection Set: 29.7ms
[2020-10-31T07:23:35.759+0000][info][gc,phases    ] GC(45)   Other: 0.5ms
[2020-10-31T07:23:35.759+0000][info][gc,heap      ] GC(45) Eden regions: 1677->0(1676)
[2020-10-31T07:23:35.759+0000][info][gc,heap      ] GC(45) Survivor regions: 12->13(212)
[2020-10-31T07:23:35.759+0000][info][gc,heap      ] GC(45) Old regions: 3->3
[2020-10-31T07:23:35.759+0000][info][gc,heap      ] GC(45) Archive regions: 2->2
[2020-10-31T07:23:35.759+0000][info][gc,heap      ] GC(45) Humongous regions: 0->0
[2020-10-31T07:23:35.759+0000][info][gc,metaspace ] GC(45) Metaspace: 13637K->13637K(1060864K)
[2020-10-31T07:23:35.759+0000][info][gc           ] GC(45) Pause Young (Normal) (G1 Evacuation Pause) 3384M->31M(5632M) 122.331ms
[2020-10-31T07:23:35.759+0000][info][gc,cpu       ] GC(45) User=0.24s Sys=0.00s Real=0.12s
[2020-10-31T07:23:35.759+0000][info][safepoint    ] Safepoint "G1CollectForAllocation", Time since last: 430874959 ns, Reaching safepoint: 52304 ns, At safepoint: 122384639 ns, Total: 122436943 ns
[2020-10-31T07:23:36.759+0000][info][safepoint    ] Safepoint "Cleanup", Time since last: 1000084875 ns, Reaching safepoint: 133153 ns, At safepoint: 6153 ns, Total: 139306 ns
[2020-10-31T07:23:37.760+0000][info][safepoint    ] Safepoint "Cleanup", Time since last: 1000109537 ns, Reaching safepoint: 63038 ns, At safepoint: 4912 ns, Total: 67950 ns
[2020-10-31T07:23:38.760+0000][info][safepoint    ] Safepoint "Cleanup", Time since last: 1000113969 ns, Reaching safepoint: 132452 ns, At safepoint: 3540 ns, Total: 135992 ns
[2020-10-31T07:23:39.760+0000][info][safepoint    ] Safepoint "Cleanup", Time since last: 1000104443 ns, Reaching safepoint: 125228 ns, At safepoint: 5039 ns, Total: 130267 ns
[2020-10-31T07:23:40.760+0000][info][safepoint    ] Safepoint "Cleanup", Time since last: 1000109017 ns, Reaching safepoint: 49034 ns, At safepoint: 2050 ns, Total: 51084 ns
[2020-10-31T07:23:41.760+0000][info][safepoint    ] Safepoint "Cleanup", Time since last: 1000101646 ns, Reaching safepoint: 129819 ns, At safepoint: 6106 ns, Total: 135925 ns
[2020-10-31T07:23:42.761+0000][info][safepoint    ] Safepoint "Cleanup", Time since last: 1000119721 ns, Reaching safepoint: 126902 ns, At safepoint: 5586 ns, Total: 132488 ns
[2020-10-31T07:23:43.761+0000][info][safepoint    ] Safepoint "Cleanup", Time since last: 1000112031 ns, Reaching safepoint: 125744 ns, At safepoint: 5793 ns, Total: 131537 ns
[2020-10-31T07:23:44.761+0000][info][safepoint    ] Safepoint "Cleanup", Time since last: 1000105299 ns, Reaching safepoint: 124572 ns, At safepoint: 6033 ns, Total: 130605 ns
[2020-10-31T07:23:45.761+0000][info][safepoint    ] Safepoint "Cleanup", Time since last: 1000110483 ns, Reaching safepoint: 130448 ns, At safepoint: 6652 ns, Total: 137100 ns
[2020-10-31T07:23:46.272+0000][info][gc,start     ] GC(46) Pause Young (Normal) (G1 Evacuation Pause)
[2020-10-31T07:23:46.272+0000][info][gc,task      ] GC(46) Using 2 workers of 2 for evacuation
[2020-10-31T07:23:46.395+0000][info][gc,phases    ] GC(46)   Pre Evacuate Collection Set: 0.6ms
[2020-10-31T07:23:46.395+0000][info][gc,phases    ] GC(46)   Evacuate Collection Set: 91.9ms
[2020-10-31T07:23:46.395+0000][info][gc,phases    ] GC(46)   Post Evacuate Collection Set: 30.4ms
[2020-10-31T07:23:46.395+0000][info][gc,phases    ] GC(46)   Other: 0.5ms
[2020-10-31T07:23:46.395+0000][info][gc,heap      ] GC(46) Eden regions: 1676->0(1677)
[2020-10-31T07:23:46.395+0000][info][gc,heap      ] GC(46) Survivor regions: 13->12(212)
[2020-10-31T07:23:46.395+0000][info][gc,heap      ] GC(46) Old regions: 3->3
[2020-10-31T07:23:46.395+0000][info][gc,heap      ] GC(46) Archive regions: 2->2
[2020-10-31T07:23:46.395+0000][info][gc,heap      ] GC(46) Humongous regions: 0->0
[2020-10-31T07:23:46.395+0000][info][gc,metaspace ] GC(46) Metaspace: 13639K->13639K(1060864K)
[2020-10-31T07:23:46.395+0000][info][gc           ] GC(46) Pause Young (Normal) (G1 Evacuation Pause) 3383M->30M(5632M) 123.492ms
[2020-10-31T07:23:46.395+0000][info][gc,cpu       ] GC(46) User=0.24s Sys=0.00s Real=0.13s
[2020-10-31T07:23:46.395+0000][info][safepoint    ] Safepoint "G1CollectForAllocation", Time since last: 510320539 ns, Reaching safepoint: 51778 ns, At safepoint: 123561228 ns, Total: 123613006 ns
[2020-10-31T07:23:47.396+0000][info][safepoint    ] Safepoint "Cleanup", Time since last: 1000087025 ns, Reaching safepoint: 81782 ns, At safepoint: 6835 ns, Total: 88617 ns
[2020-10-31T07:23:48.396+0000][info][safepoint    ] Safepoint "Cleanup", Time since last: 1000105428 ns, Reaching safepoint: 143924 ns, At safepoint: 5092 ns, Total: 149016 ns
[2020-10-31T07:23:49.396+0000][info][safepoint    ] Safepoint "Cleanup", Time since last: 1000112512 ns, Reaching safepoint: 123137 ns, At safepoint: 5517 ns, Total: 128654 ns
[2020-10-31T07:23:50.396+0000][info][safepoint    ] Safepoint "Cleanup", Time since last: 1000108038 ns, Reaching safepoint: 62251 ns, At safepoint: 3763 ns, Total: 66014 ns
[2020-10-31T07:23:51.396+0000][info][safepoint    ] Safepoint "Cleanup", Time since last: 1000112657 ns, Reaching safepoint: 48488 ns, At safepoint: 1600 ns, Total: 50088 ns
[2020-10-31T07:23:52.397+0000][info][safepoint    ] Safepoint "Cleanup", Time since last: 1000099818 ns, Reaching safepoint: 180801 ns, At safepoint: 5995 ns, Total: 186796 ns
[2020-10-31T07:23:53.397+0000][info][safepoint    ] Safepoint "Cleanup", Time since last: 1000102666 ns, Reaching safepoint: 130087 ns, At safepoint: 5506 ns, Total: 135593 ns
[2020-10-31T07:23:54.397+0000][info][safepoint    ] Safepoint "Cleanup", Time since last: 1000124400 ns, Reaching safepoint: 128894 ns, At safepoint: 6239 ns, Total: 135133 ns
[2020-10-31T07:23:55.397+0000][info][safepoint    ] Safepoint "Cleanup", Time since last: 1000113568 ns, Reaching safepoint: 125199 ns, At safepoint: 8547 ns, Total: 133746 ns
[2020-10-31T07:23:56.398+0000][info][safepoint    ] Safepoint "Cleanup", Time since last: 1000108160 ns, Reaching safepoint: 128865 ns, At safepoint: 5942 ns, Total: 134807 ns
[2020-10-31T07:23:56.923+0000][info][gc,start     ] GC(47) Pause Young (Normal) (G1 Evacuation Pause)
[2020-10-31T07:23:56.923+0000][info][gc,task      ] GC(47) Using 2 workers of 2 for evacuation
[2020-10-31T07:23:57.050+0000][info][gc,phases    ] GC(47)   Pre Evacuate Collection Set: 0.5ms
[2020-10-31T07:23:57.050+0000][info][gc,phases    ] GC(47)   Evacuate Collection Set: 97.0ms
[2020-10-31T07:23:57.050+0000][info][gc,phases    ] GC(47)   Post Evacuate Collection Set: 29.4ms
[2020-10-31T07:23:57.050+0000][info][gc,phases    ] GC(47)   Other: 0.5ms
[2020-10-31T07:23:57.050+0000][info][gc,heap      ] GC(47) Eden regions: 1677->0(1676)
[2020-10-31T07:23:57.050+0000][info][gc,heap      ] GC(47) Survivor regions: 12->13(212)
[2020-10-31T07:23:57.050+0000][info][gc,heap      ] GC(47) Old regions: 3->3
[2020-10-31T07:23:57.050+0000][info][gc,heap      ] GC(47) Archive regions: 2->2
[2020-10-31T07:23:57.050+0000][info][gc,heap      ] GC(47) Humongous regions: 0->0
[2020-10-31T07:23:57.050+0000][info][gc,metaspace ] GC(47) Metaspace: 13639K->13639K(1060864K)
[2020-10-31T07:23:57.050+0000][info][gc           ] GC(47) Pause Young (Normal) (G1 Evacuation Pause) 3384M->31M(5632M) 127.486ms
[2020-10-31T07:23:57.050+0000][info][gc,cpu       ] GC(47) User=0.23s Sys=0.00s Real=0.13s
[2020-10-31T07:23:57.050+0000][info][safepoint    ] Safepoint "G1CollectForAllocation", Time since last: 525226244 ns, Reaching safepoint: 56998 ns, At safepoint: 127536642 ns, Total: 127593640 ns
[2020-10-31T07:23:58.051+0000][info][safepoint    ] Safepoint "Cleanup", Time since last: 1000082740 ns, Reaching safepoint: 122900 ns, At safepoint: 6154 ns, Total: 129054 ns
[2020-10-31T07:23:59.051+0000][info][safepoint    ] Safepoint "Cleanup", Time since last: 1000104525 ns, Reaching safepoint: 128509 ns, At safepoint: 6009 ns, Total: 134518 ns
[2020-10-31T07:24:00.051+0000][info][safepoint    ] Safepoint "Cleanup", Time since last: 1000111161 ns, Reaching safepoint: 62526 ns, At safepoint: 3904 ns, Total: 66430 ns
[2020-10-31T07:24:01.051+0000][info][safepoint    ] Safepoint "Cleanup", Time since last: 1000108812 ns, Reaching safepoint: 144048 ns, At safepoint: 7692 ns, Total: 151740 ns
[2020-10-31T07:24:02.052+0000][info][safepoint    ] Safepoint "Cleanup", Time since last: 1000109050 ns, Reaching safepoint: 122731 ns, At safepoint: 6700 ns, Total: 129431 ns
[2020-10-31T07:24:03.052+0000][info][safepoint    ] Safepoint "Cleanup", Time since last: 1000108151 ns, Reaching safepoint: 126042 ns, At safepoint: 6224 ns, Total: 132266 ns
[2020-10-31T07:24:04.052+0000][info][safepoint    ] Safepoint "Cleanup", Time since last: 1000106944 ns, Reaching safepoint: 51446 ns, At safepoint: 2080 ns, Total: 53526 ns
[2020-10-31T07:24:05.052+0000][info][safepoint    ] Safepoint "Cleanup", Time since last: 1000100576 ns, Reaching safepoint: 48895 ns, At safepoint: 6757 ns, Total: 55652 ns
[2020-10-31T07:24:06.052+0000][info][safepoint    ] Safepoint "Cleanup", Time since last: 1000107262 ns, Reaching safepoint: 53983 ns, At safepoint: 3438 ns, Total: 57421 ns
[2020-10-31T07:24:07.053+0000][info][safepoint    ] Safepoint "Cleanup", Time since last: 1000099189 ns, Reaching safepoint: 143068 ns, At safepoint: 5829 ns, Total: 148897 ns
[2020-10-31T07:24:07.558+0000][info][gc,start     ] GC(48) Pause Young (Normal) (G1 Evacuation Pause)
[2020-10-31T07:24:07.558+0000][info][gc,task      ] GC(48) Using 2 workers of 2 for evacuation
[2020-10-31T07:24:07.702+0000][info][gc,phases    ] GC(48)   Pre Evacuate Collection Set: 0.5ms
[2020-10-31T07:24:07.702+0000][info][gc,phases    ] GC(48)   Evacuate Collection Set: 114.6ms
[2020-10-31T07:24:07.702+0000][info][gc,phases    ] GC(48)   Post Evacuate Collection Set: 28.5ms
[2020-10-31T07:24:07.702+0000][info][gc,phases    ] GC(48)   Other: 0.5ms
[2020-10-31T07:24:07.702+0000][info][gc,heap      ] GC(48) Eden regions: 1676->0(1676)
[2020-10-31T07:24:07.702+0000][info][gc,heap      ] GC(48) Survivor regions: 13->13(212)
[2020-10-31T07:24:07.702+0000][info][gc,heap      ] GC(48) Old regions: 3->3
[2020-10-31T07:24:07.702+0000][info][gc,heap      ] GC(48) Archive regions: 2->2
[2020-10-31T07:24:07.702+0000][info][gc,heap      ] GC(48) Humongous regions: 0->0
[2020-10-31T07:24:07.702+0000][info][gc,metaspace ] GC(48) Metaspace: 13639K->13639K(1060864K)
[2020-10-31T07:24:07.702+0000][info][gc           ] GC(48) Pause Young (Normal) (G1 Evacuation Pause) 3383M->31M(5632M) 144.224ms
[2020-10-31T07:24:07.702+0000][info][gc,cpu       ] GC(48) User=0.20s Sys=0.00s Real=0.14s
[2020-10-31T07:24:07.702+0000][info][safepoint    ] Safepoint "G1CollectForAllocation", Time since last: 505005536 ns, Reaching safepoint: 62127 ns, At safepoint: 144279472 ns, Total: 144341599 ns
[2020-10-31T07:24:08.702+0000][info][safepoint    ] Safepoint "Cleanup", Time since last: 1000084014 ns, Reaching safepoint: 129648 ns, At safepoint: 5917 ns, Total: 135565 ns
[2020-10-31T07:24:09.702+0000][info][safepoint    ] Safepoint "Cleanup", Time since last: 1000108785 ns, Reaching safepoint: 51348 ns, At safepoint: 5740 ns, Total: 57088 ns
[2020-10-31T07:24:10.703+0000][info][safepoint    ] Safepoint "Cleanup", Time since last: 1000103637 ns, Reaching safepoint: 71780 ns, At safepoint: 3819 ns, Total: 75599 ns
[2020-10-31T07:24:11.703+0000][info][safepoint    ] Safepoint "Cleanup", Time since last: 1000109221 ns, Reaching safepoint: 131320 ns, At safepoint: 6001 ns, Total: 137321 ns
[2020-10-31T07:24:12.703+0000][info][safepoint    ] Safepoint "Cleanup", Time since last: 1000111876 ns, Reaching safepoint: 64514 ns, At safepoint: 4698 ns, Total: 69212 ns
[2020-10-31T07:24:13.703+0000][info][safepoint    ] Safepoint "Cleanup", Time since last: 1000105075 ns, Reaching safepoint: 137004 ns, At safepoint: 3321 ns, Total: 140325 ns
[2020-10-31T07:24:14.703+0000][info][safepoint    ] Safepoint "Cleanup", Time since last: 1000112070 ns, Reaching safepoint: 140643 ns, At safepoint: 3374 ns, Total: 144017 ns
[2020-10-31T07:24:15.704+0000][info][safepoint    ] Safepoint "Cleanup", Time since last: 1000105967 ns, Reaching safepoint: 127762 ns, At safepoint: 5438 ns, Total: 133200 ns
[2020-10-31T07:24:16.704+0000][info][safepoint    ] Safepoint "Cleanup", Time since last: 1000110592 ns, Reaching safepoint: 125943 ns, At safepoint: 6740 ns, Total: 132683 ns
[2020-10-31T07:24:17.985+0000][info][safepoint    ] Safepoint "Cleanup", Time since last: 1280748421 ns, Reaching safepoint: 146020 ns, At safepoint: 6699 ns, Total: 152719 ns
[2020-10-31T07:24:18.180+0000][info][gc,start     ] GC(49) Pause Young (Normal) (G1 Evacuation Pause)
[2020-10-31T07:24:18.180+0000][info][gc,task      ] GC(49) Using 2 workers of 2 for evacuation
[2020-10-31T07:24:18.302+0000][info][gc,phases    ] GC(49)   Pre Evacuate Collection Set: 0.6ms
[2020-10-31T07:24:18.302+0000][info][gc,phases    ] GC(49)   Evacuate Collection Set: 90.6ms
[2020-10-31T07:24:18.302+0000][info][gc,phases    ] GC(49)   Post Evacuate Collection Set: 30.6ms
[2020-10-31T07:24:18.302+0000][info][gc,phases    ] GC(49)   Other: 0.5ms
[2020-10-31T07:24:18.302+0000][info][gc,heap      ] GC(49) Eden regions: 1676->0(1677)
[2020-10-31T07:24:18.302+0000][info][gc,heap      ] GC(49) Survivor regions: 13->12(212)
[2020-10-31T07:24:18.302+0000][info][gc,heap      ] GC(49) Old regions: 3->3
[2020-10-31T07:24:18.302+0000][info][gc,heap      ] GC(49) Archive regions: 2->2
[2020-10-31T07:24:18.302+0000][info][gc,heap      ] GC(49) Humongous regions: 0->0
[2020-10-31T07:24:18.302+0000][info][gc,metaspace ] GC(49) Metaspace: 13639K->13639K(1060864K)
[2020-10-31T07:24:18.302+0000][info][gc           ] GC(49) Pause Young (Normal) (G1 Evacuation Pause) 3383M->30M(5632M) 122.361ms
[2020-10-31T07:24:18.302+0000][info][gc,cpu       ] GC(49) User=0.23s Sys=0.00s Real=0.12s
[2020-10-31T07:24:18.302+0000][info][safepoint    ] Safepoint "G1CollectForAllocation", Time since last: 194987835 ns, Reaching safepoint: 52561 ns, At safepoint: 122438152 ns, Total: 122490713 ns
[2020-10-31T07:24:19.303+0000][info][safepoint    ] Safepoint "Cleanup", Time since last: 1000081055 ns, Reaching safepoint: 147548 ns, At safepoint: 3164 ns, Total: 150712 ns
[2020-10-31T07:24:20.303+0000][info][safepoint    ] Safepoint "Cleanup", Time since last: 1000111844 ns, Reaching safepoint: 141577 ns, At safepoint: 6331 ns, Total: 147908 ns
[2020-10-31T07:24:21.303+0000][info][safepoint    ] Safepoint "Cleanup", Time since last: 1000112667 ns, Reaching safepoint: 127636 ns, At safepoint: 6714 ns, Total: 134350 ns
[2020-10-31T07:24:22.303+0000][info][safepoint    ] Safepoint "Cleanup", Time since last: 1000110728 ns, Reaching safepoint: 148924 ns, At safepoint: 3225 ns, Total: 152149 ns
[2020-10-31T07:24:23.304+0000][info][safepoint    ] Safepoint "Cleanup", Time since last: 1000110701 ns, Reaching safepoint: 139617 ns, At safepoint: 4049 ns, Total: 143666 ns
[2020-10-31T07:24:24.304+0000][info][safepoint    ] Safepoint "Cleanup", Time since last: 1000110278 ns, Reaching safepoint: 125474 ns, At safepoint: 5498 ns, Total: 130972 ns
[2020-10-31T07:24:25.304+0000][info][safepoint    ] Safepoint "Cleanup", Time since last: 1000106809 ns, Reaching safepoint: 132829 ns, At safepoint: 5993 ns, Total: 138822 ns
[2020-10-31T07:24:26.304+0000][info][safepoint    ] Safepoint "Cleanup", Time since last: 1000109774 ns, Reaching safepoint: 48561 ns, At safepoint: 4945 ns, Total: 53506 ns
[2020-10-31T07:24:27.304+0000][info][safepoint    ] Safepoint "Cleanup", Time since last: 1000108067 ns, Reaching safepoint: 45220 ns, At safepoint: 1600 ns, Total: 46820 ns
[2020-10-31T07:24:28.305+0000][info][safepoint    ] Safepoint "Cleanup", Time since last: 1000100646 ns, Reaching safepoint: 130709 ns, At safepoint: 6713 ns, Total: 137422 ns
[2020-10-31T07:24:28.776+0000][info][gc,start     ] GC(50) Pause Young (Normal) (G1 Evacuation Pause)
[2020-10-31T07:24:28.776+0000][info][gc,task      ] GC(50) Using 2 workers of 2 for evacuation
[2020-10-31T07:24:28.898+0000][info][gc,phases    ] GC(50)   Pre Evacuate Collection Set: 0.6ms
[2020-10-31T07:24:28.898+0000][info][gc,phases    ] GC(50)   Evacuate Collection Set: 90.9ms
[2020-10-31T07:24:28.898+0000][info][gc,phases    ] GC(50)   Post Evacuate Collection Set: 30.1ms
[2020-10-31T07:24:28.898+0000][info][gc,phases    ] GC(50)   Other: 0.5ms
[2020-10-31T07:24:28.898+0000][info][gc,heap      ] GC(50) Eden regions: 1677->0(1677)
[2020-10-31T07:24:28.898+0000][info][gc,heap      ] GC(50) Survivor regions: 12->12(212)
[2020-10-31T07:24:28.898+0000][info][gc,heap      ] GC(50) Old regions: 3->3
[2020-10-31T07:24:28.898+0000][info][gc,heap      ] GC(50) Archive regions: 2->2
[2020-10-31T07:24:28.898+0000][info][gc,heap      ] GC(50) Humongous regions: 0->0
[2020-10-31T07:24:28.898+0000][info][gc,metaspace ] GC(50) Metaspace: 13644K->13644K(1060864K)
[2020-10-31T07:24:28.898+0000][info][gc           ] GC(50) Pause Young (Normal) (G1 Evacuation Pause) 3384M->30M(5632M) 122.115ms
[2020-10-31T07:24:28.898+0000][info][gc,cpu       ] GC(50) User=0.23s Sys=0.00s Real=0.12s
[2020-10-31T07:24:28.898+0000][info][safepoint    ] Safepoint "G1CollectForAllocation", Time since last: 471092515 ns, Reaching safepoint: 49942 ns, At safepoint: 122175758 ns, Total: 122225700 ns
[2020-10-31T07:24:29.898+0000][info][safepoint    ] Safepoint "Cleanup", Time since last: 1000080602 ns, Reaching safepoint: 128992 ns, At safepoint: 6280 ns, Total: 135272 ns
[2020-10-31T07:24:30.898+0000][info][safepoint    ] Safepoint "Cleanup", Time since last: 1000109600 ns, Reaching safepoint: 127739 ns, At safepoint: 7344 ns, Total: 135083 ns
[2020-10-31T07:24:31.899+0000][info][safepoint    ] Safepoint "Cleanup", Time since last: 1000105840 ns, Reaching safepoint: 125442 ns, At safepoint: 6333 ns, Total: 131775 ns
[2020-10-31T07:24:33.083+0000][info][safepoint    ] Safepoint "Cleanup", Time since last: 1184674044 ns, Reaching safepoint: 128243 ns, At safepoint: 5565 ns, Total: 133808 ns
[2020-10-31T07:24:34.084+0000][info][safepoint    ] Safepoint "Cleanup", Time since last: 1000106078 ns, Reaching safepoint: 124166 ns, At safepoint: 5405 ns, Total: 129571 ns
[2020-10-31T07:24:35.084+0000][info][safepoint    ] Safepoint "Cleanup", Time since last: 1000104073 ns, Reaching safepoint: 142158 ns, At safepoint: 3608 ns, Total: 145766 ns
[2020-10-31T07:24:36.084+0000][info][safepoint    ] Safepoint "Cleanup", Time since last: 1000107641 ns, Reaching safepoint: 133806 ns, At safepoint: 3703 ns, Total: 137509 ns
[2020-10-31T07:24:37.084+0000][info][safepoint    ] Safepoint "Cleanup", Time since last: 1000102828 ns, Reaching safepoint: 139068 ns, At safepoint: 3843 ns, Total: 142911 ns
[2020-10-31T07:24:38.085+0000][info][safepoint    ] Safepoint "Cleanup", Time since last: 1000109259 ns, Reaching safepoint: 144322 ns, At safepoint: 3518 ns, Total: 147840 ns
[2020-10-31T07:24:39.085+0000][info][safepoint    ] Safepoint "Cleanup", Time since last: 1000108144 ns, Reaching safepoint: 138656 ns, At safepoint: 6094 ns, Total: 144750 ns
[2020-10-31T07:24:39.457+0000][info][gc,start     ] GC(51) Pause Young (Normal) (G1 Evacuation Pause)
[2020-10-31T07:24:39.457+0000][info][gc,task      ] GC(51) Using 2 workers of 2 for evacuation
[2020-10-31T07:24:39.586+0000][info][gc,phases    ] GC(51)   Pre Evacuate Collection Set: 0.6ms
[2020-10-31T07:24:39.586+0000][info][gc,phases    ] GC(51)   Evacuate Collection Set: 98.9ms
[2020-10-31T07:24:39.586+0000][info][gc,phases    ] GC(51)   Post Evacuate Collection Set: 29.4ms
[2020-10-31T07:24:39.586+0000][info][gc,phases    ] GC(51)   Other: 0.5ms
[2020-10-31T07:24:39.586+0000][info][gc,heap      ] GC(51) Eden regions: 1677->0(1676)
[2020-10-31T07:24:39.586+0000][info][gc,heap      ] GC(51) Survivor regions: 12->13(212)
[2020-10-31T07:24:39.586+0000][info][gc,heap      ] GC(51) Old regions: 3->3
[2020-10-31T07:24:39.586+0000][info][gc,heap      ] GC(51) Archive regions: 2->2
[2020-10-31T07:24:39.586+0000][info][gc,heap      ] GC(51) Humongous regions: 0->0
[2020-10-31T07:24:39.586+0000][info][gc,metaspace ] GC(51) Metaspace: 13647K->13647K(1060864K)
[2020-10-31T07:24:39.586+0000][info][gc           ] GC(51) Pause Young (Normal) (G1 Evacuation Pause) 3384M->31M(5632M) 129.454ms
[2020-10-31T07:24:39.586+0000][info][gc,cpu       ] GC(51) User=0.23s Sys=0.00s Real=0.13s
[2020-10-31T07:24:39.586+0000][info][safepoint    ] Safepoint "G1CollectForAllocation", Time since last: 371867439 ns, Reaching safepoint: 64708 ns, At safepoint: 129509061 ns, Total: 129573769 ns
[2020-10-31T07:24:40.587+0000][info][safepoint    ] Safepoint "Cleanup", Time since last: 1000084719 ns, Reaching safepoint: 62135 ns, At safepoint: 6554 ns, Total: 68689 ns
[2020-10-31T07:24:41.587+0000][info][safepoint    ] Safepoint "Cleanup", Time since last: 1000107397 ns, Reaching safepoint: 130819 ns, At safepoint: 3560 ns, Total: 134379 ns
[2020-10-31T07:24:42.587+0000][info][safepoint    ] Safepoint "Cleanup", Time since last: 1000105302 ns, Reaching safepoint: 128473 ns, At safepoint: 6457 ns, Total: 134930 ns
[2020-10-31T07:24:43.587+0000][info][safepoint    ] Safepoint "Cleanup", Time since last: 1000106026 ns, Reaching safepoint: 140687 ns, At safepoint: 3585 ns, Total: 144272 ns
[2020-10-31T07:24:44.587+0000][info][safepoint    ] Safepoint "Cleanup", Time since last: 1000109671 ns, Reaching safepoint: 61571 ns, At safepoint: 4356 ns, Total: 65927 ns
[2020-10-31T07:24:45.588+0000][info][safepoint    ] Safepoint "Cleanup", Time since last: 1000107962 ns, Reaching safepoint: 51333 ns, At safepoint: 2392 ns, Total: 53725 ns
[2020-10-31T07:24:46.588+0000][info][safepoint    ] Safepoint "Cleanup", Time since last: 1000105514 ns, Reaching safepoint: 50863 ns, At safepoint: 2422 ns, Total: 53285 ns
[2020-10-31T07:24:47.588+0000][info][safepoint    ] Safepoint "Cleanup", Time since last: 1000103665 ns, Reaching safepoint: 129160 ns, At safepoint: 5700 ns, Total: 134860 ns
[2020-10-31T07:24:48.588+0000][info][safepoint    ] Safepoint "Cleanup", Time since last: 1000124165 ns, Reaching safepoint: 66627 ns, At safepoint: 5655 ns, Total: 72282 ns
[2020-10-31T07:24:49.588+0000][info][safepoint    ] Safepoint "Cleanup", Time since last: 1000102365 ns, Reaching safepoint: 124641 ns, At safepoint: 5087 ns, Total: 129728 ns
[2020-10-31T07:24:50.076+0000][info][gc,start     ] GC(52) Pause Young (Normal) (G1 Evacuation Pause)
[2020-10-31T07:24:50.076+0000][info][gc,task      ] GC(52) Using 2 workers of 2 for evacuation
[2020-10-31T07:24:50.198+0000][info][gc,phases    ] GC(52)   Pre Evacuate Collection Set: 0.6ms
[2020-10-31T07:24:50.198+0000][info][gc,phases    ] GC(52)   Evacuate Collection Set: 92.8ms
[2020-10-31T07:24:50.198+0000][info][gc,phases    ] GC(52)   Post Evacuate Collection Set: 28.6ms
[2020-10-31T07:24:50.198+0000][info][gc,phases    ] GC(52)   Other: 0.5ms
[2020-10-31T07:24:50.198+0000][info][gc,heap      ] GC(52) Eden regions: 1676->0(1676)
[2020-10-31T07:24:50.198+0000][info][gc,heap      ] GC(52) Survivor regions: 13->13(212)
[2020-10-31T07:24:50.198+0000][info][gc,heap      ] GC(52) Old regions: 3->3
[2020-10-31T07:24:50.198+0000][info][gc,heap      ] GC(52) Archive regions: 2->2
[2020-10-31T07:24:50.198+0000][info][gc,heap      ] GC(52) Humongous regions: 0->0
[2020-10-31T07:24:50.198+0000][info][gc,metaspace ] GC(52) Metaspace: 13647K->13647K(1060864K)
[2020-10-31T07:24:50.198+0000][info][gc           ] GC(52) Pause Young (Normal) (G1 Evacuation Pause) 3383M->31M(5632M) 122.540ms
[2020-10-31T07:24:50.198+0000][info][gc,cpu       ] GC(52) User=0.24s Sys=0.00s Real=0.12s
[2020-10-31T07:24:50.198+0000][info][safepoint    ] Safepoint "G1CollectForAllocation", Time since last: 487395119 ns, Reaching safepoint: 53654 ns, At safepoint: 122591877 ns, Total: 122645531 ns
[2020-10-31T07:24:51.944+0000][info][safepoint    ] Safepoint "Cleanup", Time since last: 1745756141 ns, Reaching safepoint: 143472 ns, At safepoint: 4231 ns, Total: 147703 ns
[2020-10-31T07:24:52.945+0000][info][safepoint    ] Safepoint "Cleanup", Time since last: 1000112913 ns, Reaching safepoint: 129607 ns, At safepoint: 5493 ns, Total: 135100 ns
[2020-10-31T07:24:53.945+0000][info][safepoint    ] Safepoint "Cleanup", Time since last: 1000107703 ns, Reaching safepoint: 122850 ns, At safepoint: 5379 ns, Total: 128229 ns
[2020-10-31T07:24:54.945+0000][info][safepoint    ] Safepoint "Cleanup", Time since last: 1000111728 ns, Reaching safepoint: 126259 ns, At safepoint: 7311 ns, Total: 133570 ns
[2020-10-31T07:24:55.945+0000][info][safepoint    ] Safepoint "Cleanup", Time since last: 1000108601 ns, Reaching safepoint: 60683 ns, At safepoint: 5719 ns, Total: 66402 ns
[2020-10-31T07:24:56.945+0000][info][safepoint    ] Safepoint "Cleanup", Time since last: 1000105463 ns, Reaching safepoint: 141659 ns, At safepoint: 4185 ns, Total: 145844 ns
[2020-10-31T07:24:57.946+0000][info][safepoint    ] Safepoint "Cleanup", Time since last: 1000110148 ns, Reaching safepoint: 139140 ns, At safepoint: 3679 ns, Total: 142819 ns
[2020-10-31T07:24:58.946+0000][info][safepoint    ] Safepoint "Cleanup", Time since last: 1000108244 ns, Reaching safepoint: 123225 ns, At safepoint: 6339 ns, Total: 129564 ns
[2020-10-31T07:24:59.946+0000][info][safepoint    ] Safepoint "Cleanup", Time since last: 1000101556 ns, Reaching safepoint: 126373 ns, At safepoint: 6752 ns, Total: 133125 ns
[2020-10-31T07:25:00.737+0000][info][gc,start     ] GC(53) Pause Young (Normal) (G1 Evacuation Pause)
[2020-10-31T07:25:00.737+0000][info][gc,task      ] GC(53) Using 2 workers of 2 for evacuation
[2020-10-31T07:25:00.874+0000][info][gc,phases    ] GC(53)   Pre Evacuate Collection Set: 0.6ms
[2020-10-31T07:25:00.874+0000][info][gc,phases    ] GC(53)   Evacuate Collection Set: 105.4ms
[2020-10-31T07:25:00.874+0000][info][gc,phases    ] GC(53)   Post Evacuate Collection Set: 31.2ms
[2020-10-31T07:25:00.874+0000][info][gc,phases    ] GC(53)   Other: 0.5ms
[2020-10-31T07:25:00.874+0000][info][gc,heap      ] GC(53) Eden regions: 1676->0(1676)
[2020-10-31T07:25:00.874+0000][info][gc,heap      ] GC(53) Survivor regions: 13->13(212)
[2020-10-31T07:25:00.874+0000][info][gc,heap      ] GC(53) Old regions: 3->3
[2020-10-31T07:25:00.874+0000][info][gc,heap      ] GC(53) Archive regions: 2->2
[2020-10-31T07:25:00.874+0000][info][gc,heap      ] GC(53) Humongous regions: 0->0
[2020-10-31T07:25:00.874+0000][info][gc,metaspace ] GC(53) Metaspace: 13649K->13649K(1060864K)
[2020-10-31T07:25:00.874+0000][info][gc           ] GC(53) Pause Young (Normal) (G1 Evacuation Pause) 3383M->31M(5632M) 137.706ms
[2020-10-31T07:25:00.874+0000][info][gc,cpu       ] GC(53) User=0.25s Sys=0.00s Real=0.14s
[2020-10-31T07:25:00.874+0000][info][safepoint    ] Safepoint "G1CollectForAllocation", Time since last: 790304634 ns, Reaching safepoint: 51651 ns, At safepoint: 137770571 ns, Total: 137822222 ns
[2020-10-31T07:25:01.875+0000][info][safepoint    ] Safepoint "Cleanup", Time since last: 1000085365 ns, Reaching safepoint: 63537 ns, At safepoint: 5152 ns, Total: 68689 ns
[2020-10-31T07:25:02.875+0000][info][safepoint    ] Safepoint "Cleanup", Time since last: 1000112645 ns, Reaching safepoint: 51544 ns, At safepoint: 3359 ns, Total: 54903 ns
[2020-10-31T07:25:03.875+0000][info][safepoint    ] Safepoint "Cleanup", Time since last: 1000105593 ns, Reaching safepoint: 76800 ns, At safepoint: 3210 ns, Total: 80010 ns
[2020-10-31T07:25:04.875+0000][info][safepoint    ] Safepoint "Cleanup", Time since last: 1000099010 ns, Reaching safepoint: 62600 ns, At safepoint: 3815 ns, Total: 66415 ns
[2020-10-31T07:25:05.875+0000][info][safepoint    ] Safepoint "Cleanup", Time since last: 1000111613 ns, Reaching safepoint: 118647 ns, At safepoint: 5970 ns, Total: 124617 ns
[2020-10-31T07:25:06.876+0000][info][safepoint    ] Safepoint "Cleanup", Time since last: 1000111284 ns, Reaching safepoint: 138872 ns, At safepoint: 3509 ns, Total: 142381 ns
[2020-10-31T07:25:07.876+0000][info][safepoint    ] Safepoint "Cleanup", Time since last: 1000108447 ns, Reaching safepoint: 60245 ns, At safepoint: 7781 ns, Total: 68026 ns
[2020-10-31T07:25:08.876+0000][info][safepoint    ] Safepoint "Cleanup", Time since last: 1000109570 ns, Reaching safepoint: 128978 ns, At safepoint: 6675 ns, Total: 135653 ns
[2020-10-31T07:25:09.876+0000][info][safepoint    ] Safepoint "Cleanup", Time since last: 1000112730 ns, Reaching safepoint: 49988 ns, At safepoint: 5380 ns, Total: 55368 ns
[2020-10-31T07:25:10.876+0000][info][safepoint    ] Safepoint "Cleanup", Time since last: 1000109335 ns, Reaching safepoint: 55336 ns, At safepoint: 5798 ns, Total: 61134 ns
[2020-10-31T07:25:11.498+0000][info][gc,start     ] GC(54) Pause Young (Normal) (G1 Evacuation Pause)
[2020-10-31T07:25:11.498+0000][info][gc,task      ] GC(54) Using 2 workers of 2 for evacuation
[2020-10-31T07:25:11.627+0000][info][gc,phases    ] GC(54)   Pre Evacuate Collection Set: 0.5ms
[2020-10-31T07:25:11.627+0000][info][gc,phases    ] GC(54)   Evacuate Collection Set: 98.4ms
[2020-10-31T07:25:11.627+0000][info][gc,phases    ] GC(54)   Post Evacuate Collection Set: 29.8ms
[2020-10-31T07:25:11.627+0000][info][gc,phases    ] GC(54)   Other: 0.5ms
[2020-10-31T07:25:11.627+0000][info][gc,heap      ] GC(54) Eden regions: 1676->0(1676)
[2020-10-31T07:25:11.627+0000][info][gc,heap      ] GC(54) Survivor regions: 13->13(212)
[2020-10-31T07:25:11.627+0000][info][gc,heap      ] GC(54) Old regions: 3->3
[2020-10-31T07:25:11.627+0000][info][gc,heap      ] GC(54) Archive regions: 2->2
[2020-10-31T07:25:11.627+0000][info][gc,heap      ] GC(54) Humongous regions: 0->0
[2020-10-31T07:25:11.627+0000][info][gc,metaspace ] GC(54) Metaspace: 13649K->13649K(1060864K)
[2020-10-31T07:25:11.627+0000][info][gc           ] GC(54) Pause Young (Normal) (G1 Evacuation Pause) 3383M->31M(5632M) 129.310ms
[2020-10-31T07:25:11.627+0000][info][gc,cpu       ] GC(54) User=0.23s Sys=0.00s Real=0.13s
[2020-10-31T07:25:11.627+0000][info][safepoint    ] Safepoint "G1CollectForAllocation", Time since last: 621294153 ns, Reaching safepoint: 64447 ns, At safepoint: 129366257 ns, Total: 129430704 ns
[2020-10-31T07:25:12.627+0000][info][safepoint    ] Safepoint "Cleanup", Time since last: 1000096972 ns, Reaching safepoint: 129110 ns, At safepoint: 5876 ns, Total: 134986 ns
[2020-10-31T07:25:13.627+0000][info][safepoint    ] Safepoint "Cleanup", Time since last: 1000113080 ns, Reaching safepoint: 59367 ns, At safepoint: 4664 ns, Total: 64031 ns
[2020-10-31T07:25:14.628+0000][info][safepoint    ] Safepoint "Cleanup", Time since last: 1000105197 ns, Reaching safepoint: 130935 ns, At safepoint: 6799 ns, Total: 137734 ns
[2020-10-31T07:25:15.628+0000][info][safepoint    ] Safepoint "Cleanup", Time since last: 1000110645 ns, Reaching safepoint: 52868 ns, At safepoint: 6034 ns, Total: 58902 ns
[2020-10-31T07:25:16.628+0000][info][safepoint    ] Safepoint "Cleanup", Time since last: 1000105000 ns, Reaching safepoint: 50821 ns, At safepoint: 7671 ns, Total: 58492 ns
[2020-10-31T07:25:17.628+0000][info][safepoint    ] Safepoint "Cleanup", Time since last: 1000109949 ns, Reaching safepoint: 132720 ns, At safepoint: 6009 ns, Total: 138729 ns
[2020-10-31T07:25:18.628+0000][info][safepoint    ] Safepoint "Cleanup", Time since last: 1000110346 ns, Reaching safepoint: 125350 ns, At safepoint: 6089 ns, Total: 131439 ns
[2020-10-31T07:25:19.629+0000][info][safepoint    ] Safepoint "Cleanup", Time since last: 1000120057 ns, Reaching safepoint: 141551 ns, At safepoint: 3374 ns, Total: 144925 ns
[2020-10-31T07:25:20.629+0000][info][safepoint    ] Safepoint "Cleanup", Time since last: 1000109574 ns, Reaching safepoint: 127845 ns, At safepoint: 5625 ns, Total: 133470 ns
[2020-10-31T07:25:21.629+0000][info][safepoint    ] Safepoint "Cleanup", Time since last: 1000112102 ns, Reaching safepoint: 139118 ns, At safepoint: 3797 ns, Total: 142915 ns
[2020-10-31T07:25:22.062+0000][info][gc,start     ] GC(55) Pause Young (Normal) (G1 Evacuation Pause)
[2020-10-31T07:25:22.062+0000][info][gc,task      ] GC(55) Using 2 workers of 2 for evacuation
[2020-10-31T07:25:22.198+0000][info][gc,phases    ] GC(55)   Pre Evacuate Collection Set: 0.5ms
[2020-10-31T07:25:22.198+0000][info][gc,phases    ] GC(55)   Evacuate Collection Set: 106.9ms
[2020-10-31T07:25:22.198+0000][info][gc,phases    ] GC(55)   Post Evacuate Collection Set: 28.3ms
[2020-10-31T07:25:22.198+0000][info][gc,phases    ] GC(55)   Other: 0.5ms
[2020-10-31T07:25:22.198+0000][info][gc,heap      ] GC(55) Eden regions: 1676->0(1676)
[2020-10-31T07:25:22.198+0000][info][gc,heap      ] GC(55) Survivor regions: 13->13(212)
[2020-10-31T07:25:22.198+0000][info][gc,heap      ] GC(55) Old regions: 3->3
[2020-10-31T07:25:22.198+0000][info][gc,heap      ] GC(55) Archive regions: 2->2
[2020-10-31T07:25:22.198+0000][info][gc,heap      ] GC(55) Humongous regions: 0->0
[2020-10-31T07:25:22.198+0000][info][gc,metaspace ] GC(55) Metaspace: 13649K->13649K(1060864K)
[2020-10-31T07:25:22.198+0000][info][gc           ] GC(55) Pause Young (Normal) (G1 Evacuation Pause) 3383M->31M(5632M) 136.381ms
[2020-10-31T07:25:22.198+0000][info][gc,cpu       ] GC(55) User=0.22s Sys=0.00s Real=0.14s
[2020-10-31T07:25:22.198+0000][info][safepoint    ] Safepoint "G1CollectForAllocation", Time since last: 432506049 ns, Reaching safepoint: 63779 ns, At safepoint: 136434061 ns, Total: 136497840 ns
[2020-10-31T07:25:23.198+0000][info][safepoint    ] Safepoint "Cleanup", Time since last: 1000085120 ns, Reaching safepoint: 138631 ns, At safepoint: 3672 ns, Total: 142303 ns
[2020-10-31T07:25:24.199+0000][info][safepoint    ] Safepoint "Cleanup", Time since last: 1000109790 ns, Reaching safepoint: 120177 ns, At safepoint: 6301 ns, Total: 126478 ns
[2020-10-31T07:25:25.199+0000][info][safepoint    ] Safepoint "Cleanup", Time since last: 1000109524 ns, Reaching safepoint: 119332 ns, At safepoint: 7810 ns, Total: 127142 ns
[2020-10-31T07:25:26.199+0000][info][safepoint    ] Safepoint "Cleanup", Time since last: 1000108827 ns, Reaching safepoint: 146928 ns, At safepoint: 7771 ns, Total: 154699 ns
[2020-10-31T07:25:27.199+0000][info][safepoint    ] Safepoint "Cleanup", Time since last: 1000106396 ns, Reaching safepoint: 137762 ns, At safepoint: 3421 ns, Total: 141183 ns
[2020-10-31T07:25:28.200+0000][info][safepoint    ] Safepoint "Cleanup", Time since last: 1000121737 ns, Reaching safepoint: 63749 ns, At safepoint: 4934 ns, Total: 68683 ns
[2020-10-31T07:25:29.200+0000][info][safepoint    ] Safepoint "Cleanup", Time since last: 1000105495 ns, Reaching safepoint: 128273 ns, At safepoint: 5521 ns, Total: 133794 ns
[2020-10-31T07:25:30.200+0000][info][safepoint    ] Safepoint "Cleanup", Time since last: 1000104882 ns, Reaching safepoint: 135704 ns, At safepoint: 3840 ns, Total: 139544 ns
[2020-10-31T07:25:31.200+0000][info][safepoint    ] Safepoint "Cleanup", Time since last: 1000107712 ns, Reaching safepoint: 136927 ns, At safepoint: 3367 ns, Total: 140294 ns
[2020-10-31T07:25:32.201+0000][info][safepoint    ] Safepoint "Cleanup", Time since last: 1000110392 ns, Reaching safepoint: 130994 ns, At safepoint: 5385 ns, Total: 136379 ns
[2020-10-31T07:25:32.611+0000][info][gc,start     ] GC(56) Pause Young (Normal) (G1 Evacuation Pause)
[2020-10-31T07:25:32.611+0000][info][gc,task      ] GC(56) Using 2 workers of 2 for evacuation
[2020-10-31T07:25:32.734+0000][info][gc,phases    ] GC(56)   Pre Evacuate Collection Set: 0.6ms
[2020-10-31T07:25:32.734+0000][info][gc,phases    ] GC(56)   Evacuate Collection Set: 92.1ms
[2020-10-31T07:25:32.734+0000][info][gc,phases    ] GC(56)   Post Evacuate Collection Set: 29.7ms
[2020-10-31T07:25:32.734+0000][info][gc,phases    ] GC(56)   Other: 0.5ms
[2020-10-31T07:25:32.734+0000][info][gc,heap      ] GC(56) Eden regions: 1676->0(1677)
[2020-10-31T07:25:32.734+0000][info][gc,heap      ] GC(56) Survivor regions: 13->12(212)
[2020-10-31T07:25:32.734+0000][info][gc,heap      ] GC(56) Old regions: 3->3
[2020-10-31T07:25:32.734+0000][info][gc,heap      ] GC(56) Archive regions: 2->2
[2020-10-31T07:25:32.734+0000][info][gc,heap      ] GC(56) Humongous regions: 0->0
[2020-10-31T07:25:32.734+0000][info][gc,metaspace ] GC(56) Metaspace: 13649K->13649K(1060864K)
[2020-10-31T07:25:32.734+0000][info][gc           ] GC(56) Pause Young (Normal) (G1 Evacuation Pause) 3383M->30M(5632M) 122.970ms
[2020-10-31T07:25:32.734+0000][info][gc,cpu       ] GC(56) User=0.24s Sys=0.00s Real=0.13s
[2020-10-31T07:25:32.734+0000][info][safepoint    ] Safepoint "G1CollectForAllocation", Time since last: 410316034 ns, Reaching safepoint: 50308 ns, At safepoint: 123030617 ns, Total: 123080925 ns
[2020-10-31T07:25:33.734+0000][info][safepoint    ] Safepoint "Cleanup", Time since last: 1000081006 ns, Reaching safepoint: 126627 ns, At safepoint: 6232 ns, Total: 132859 ns
[2020-10-31T07:25:34.734+0000][info][safepoint    ] Safepoint "Cleanup", Time since last: 1000109041 ns, Reaching safepoint: 64192 ns, At safepoint: 1883 ns, Total: 66075 ns
[2020-10-31T07:25:35.735+0000][info][safepoint    ] Safepoint "Cleanup", Time since last: 1000095109 ns, Reaching safepoint: 138774 ns, At safepoint: 3177 ns, Total: 141951 ns
[2020-10-31T07:25:36.735+0000][info][safepoint    ] Safepoint "Cleanup", Time since last: 1000110038 ns, Reaching safepoint: 117747 ns, At safepoint: 6812 ns, Total: 124559 ns
[2020-10-31T07:25:37.735+0000][info][safepoint    ] Safepoint "Cleanup", Time since last: 1000110959 ns, Reaching safepoint: 125116 ns, At safepoint: 5896 ns, Total: 131012 ns
[2020-10-31T07:25:38.735+0000][info][safepoint    ] Safepoint "Cleanup", Time since last: 1000108067 ns, Reaching safepoint: 119965 ns, At safepoint: 6895 ns, Total: 126860 ns
[2020-10-31T07:25:39.736+0000][info][safepoint    ] Safepoint "Cleanup", Time since last: 1000111062 ns, Reaching safepoint: 138855 ns, At safepoint: 3600 ns, Total: 142455 ns
[2020-10-31T07:25:40.736+0000][info][safepoint    ] Safepoint "Cleanup", Time since last: 1000110545 ns, Reaching safepoint: 136914 ns, At safepoint: 3280 ns, Total: 140194 ns
[2020-10-31T07:25:41.736+0000][info][safepoint    ] Safepoint "Cleanup", Time since last: 1000111522 ns, Reaching safepoint: 140709 ns, At safepoint: 3698 ns, Total: 144407 ns
[2020-10-31T07:25:42.736+0000][info][safepoint    ] Safepoint "Cleanup", Time since last: 1000113830 ns, Reaching safepoint: 141612 ns, At safepoint: 6633 ns, Total: 148245 ns
[2020-10-31T07:25:43.173+0000][info][gc,start     ] GC(57) Pause Young (Normal) (G1 Evacuation Pause)
[2020-10-31T07:25:43.173+0000][info][gc,task      ] GC(57) Using 2 workers of 2 for evacuation
[2020-10-31T07:25:43.295+0000][info][gc,phases    ] GC(57)   Pre Evacuate Collection Set: 0.6ms
[2020-10-31T07:25:43.295+0000][info][gc,phases    ] GC(57)   Evacuate Collection Set: 92.1ms
[2020-10-31T07:25:43.295+0000][info][gc,phases    ] GC(57)   Post Evacuate Collection Set: 28.7ms
[2020-10-31T07:25:43.295+0000][info][gc,phases    ] GC(57)   Other: 0.5ms
[2020-10-31T07:25:43.295+0000][info][gc,heap      ] GC(57) Eden regions: 1677->0(1676)
[2020-10-31T07:25:43.295+0000][info][gc,heap      ] GC(57) Survivor regions: 12->13(212)
[2020-10-31T07:25:43.295+0000][info][gc,heap      ] GC(57) Old regions: 3->3
[2020-10-31T07:25:43.295+0000][info][gc,heap      ] GC(57) Archive regions: 2->2
[2020-10-31T07:25:43.295+0000][info][gc,heap      ] GC(57) Humongous regions: 0->0
[2020-10-31T07:25:43.295+0000][info][gc,metaspace ] GC(57) Metaspace: 13649K->13649K(1060864K)
[2020-10-31T07:25:43.295+0000][info][gc           ] GC(57) Pause Young (Normal) (G1 Evacuation Pause) 3384M->31M(5632M) 122.019ms
[2020-10-31T07:25:43.295+0000][info][gc,cpu       ] GC(57) User=0.24s Sys=0.00s Real=0.12s
[2020-10-31T07:25:43.295+0000][info][safepoint    ] Safepoint "G1CollectForAllocation", Time since last: 436463895 ns, Reaching safepoint: 53380 ns, At safepoint: 122082242 ns, Total: 122135622 ns
[2020-10-31T07:25:44.295+0000][info][safepoint    ] Safepoint "Cleanup", Time since last: 1000084608 ns, Reaching safepoint: 59958 ns, At safepoint: 3744 ns, Total: 63702 ns
[2020-10-31T07:25:45.295+0000][info][safepoint    ] Safepoint "Cleanup", Time since last: 1000105425 ns, Reaching safepoint: 56156 ns, At safepoint: 5500 ns, Total: 61656 ns
[2020-10-31T07:25:46.296+0000][info][safepoint    ] Safepoint "Cleanup", Time since last: 1000108795 ns, Reaching safepoint: 129054 ns, At safepoint: 5602 ns, Total: 134656 ns
[2020-10-31T07:25:47.994+0000][info][safepoint    ] Safepoint "Cleanup", Time since last: 1698112282 ns, Reaching safepoint: 137668 ns, At safepoint: 5559 ns, Total: 143227 ns
[2020-10-31T07:25:48.994+0000][info][safepoint    ] Safepoint "Cleanup", Time since last: 1000109913 ns, Reaching safepoint: 73347 ns, At safepoint: 6778 ns, Total: 80125 ns
[2020-10-31T07:25:49.994+0000][info][safepoint    ] Safepoint "Cleanup", Time since last: 1000105931 ns, Reaching safepoint: 76321 ns, At safepoint: 6614 ns, Total: 82935 ns
[2020-10-31T07:25:50.994+0000][info][safepoint    ] Safepoint "Cleanup", Time since last: 1000103715 ns, Reaching safepoint: 53414 ns, At safepoint: 5164 ns, Total: 58578 ns
[2020-10-31T07:25:51.995+0000][info][safepoint    ] Safepoint "Cleanup", Time since last: 1000115605 ns, Reaching safepoint: 122675 ns, At safepoint: 5974 ns, Total: 128649 ns
[2020-10-31T07:25:52.995+0000][info][safepoint    ] Safepoint "Cleanup", Time since last: 1000113756 ns, Reaching safepoint: 125525 ns, At safepoint: 6751 ns, Total: 132276 ns
[2020-10-31T07:25:53.719+0000][info][gc,start     ] GC(58) Pause Young (Normal) (G1 Evacuation Pause)
[2020-10-31T07:25:53.719+0000][info][gc,task      ] GC(58) Using 2 workers of 2 for evacuation
[2020-10-31T07:25:53.838+0000][info][gc,phases    ] GC(58)   Pre Evacuate Collection Set: 0.6ms
[2020-10-31T07:25:53.838+0000][info][gc,phases    ] GC(58)   Evacuate Collection Set: 90.4ms
[2020-10-31T07:25:53.838+0000][info][gc,phases    ] GC(58)   Post Evacuate Collection Set: 28.3ms
[2020-10-31T07:25:53.838+0000][info][gc,phases    ] GC(58)   Other: 0.5ms
[2020-10-31T07:25:53.838+0000][info][gc,heap      ] GC(58) Eden regions: 1676->0(1677)
[2020-10-31T07:25:53.838+0000][info][gc,heap      ] GC(58) Survivor regions: 13->12(212)
[2020-10-31T07:25:53.838+0000][info][gc,heap      ] GC(58) Old regions: 3->3
[2020-10-31T07:25:53.838+0000][info][gc,heap      ] GC(58) Archive regions: 2->2
[2020-10-31T07:25:53.838+0000][info][gc,heap      ] GC(58) Humongous regions: 0->0
[2020-10-31T07:25:53.838+0000][info][gc,metaspace ] GC(58) Metaspace: 13649K->13649K(1060864K)
[2020-10-31T07:25:53.838+0000][info][gc           ] GC(58) Pause Young (Normal) (G1 Evacuation Pause) 3383M->30M(5632M) 119.926ms
[2020-10-31T07:25:53.838+0000][info][gc,cpu       ] GC(58) User=0.23s Sys=0.00s Real=0.12s
[2020-10-31T07:25:53.839+0000][info][safepoint    ] Safepoint "G1CollectForAllocation", Time since last: 723642647 ns, Reaching safepoint: 57038 ns, At safepoint: 119987856 ns, Total: 120044894 ns
[2020-10-31T07:25:54.839+0000][info][safepoint    ] Safepoint "Cleanup", Time since last: 1000079773 ns, Reaching safepoint: 139096 ns, At safepoint: 5335 ns, Total: 144431 ns
[2020-10-31T07:25:55.839+0000][info][safepoint    ] Safepoint "Cleanup", Time since last: 1000107215 ns, Reaching safepoint: 121013 ns, At safepoint: 7888 ns, Total: 128901 ns
[2020-10-31T07:25:56.839+0000][info][safepoint    ] Safepoint "Cleanup", Time since last: 1000111126 ns, Reaching safepoint: 61797 ns, At safepoint: 7194 ns, Total: 68991 ns
[2020-10-31T07:25:57.839+0000][info][safepoint    ] Safepoint "Cleanup", Time since last: 1000104180 ns, Reaching safepoint: 127532 ns, At safepoint: 6126 ns, Total: 133658 ns
[2020-10-31T07:25:58.840+0000][info][safepoint    ] Safepoint "Cleanup", Time since last: 1000110420 ns, Reaching safepoint: 46244 ns, At safepoint: 1774 ns, Total: 48018 ns
[2020-10-31T07:25:59.840+0000][info][safepoint    ] Safepoint "Cleanup", Time since last: 1000100173 ns, Reaching safepoint: 128930 ns, At safepoint: 5267 ns, Total: 134197 ns
[2020-10-31T07:26:00.840+0000][info][safepoint    ] Safepoint "Cleanup", Time since last: 1000107687 ns, Reaching safepoint: 48497 ns, At safepoint: 2904 ns, Total: 51401 ns
[2020-10-31T07:26:01.840+0000][info][safepoint    ] Safepoint "Cleanup", Time since last: 1000102534 ns, Reaching safepoint: 128890 ns, At safepoint: 5288 ns, Total: 134178 ns
[2020-10-31T07:26:02.840+0000][info][safepoint    ] Safepoint "Cleanup", Time since last: 1000111219 ns, Reaching safepoint: 129991 ns, At safepoint: 5252 ns, Total: 135243 ns
[2020-10-31T07:26:03.841+0000][info][safepoint    ] Safepoint "Cleanup", Time since last: 1000107138 ns, Reaching safepoint: 48390 ns, At safepoint: 1933 ns, Total: 50323 ns
[2020-10-31T07:26:04.247+0000][info][gc,start     ] GC(59) Pause Young (Normal) (G1 Evacuation Pause)
[2020-10-31T07:26:04.247+0000][info][gc,task      ] GC(59) Using 2 workers of 2 for evacuation
[2020-10-31T07:26:04.371+0000][info][gc,phases    ] GC(59)   Pre Evacuate Collection Set: 0.6ms
[2020-10-31T07:26:04.371+0000][info][gc,phases    ] GC(59)   Evacuate Collection Set: 92.2ms
[2020-10-31T07:26:04.371+0000][info][gc,phases    ] GC(59)   Post Evacuate Collection Set: 30.0ms
[2020-10-31T07:26:04.371+0000][info][gc,phases    ] GC(59)   Other: 0.5ms
[2020-10-31T07:26:04.371+0000][info][gc,heap      ] GC(59) Eden regions: 1677->0(1677)
[2020-10-31T07:26:04.371+0000][info][gc,heap      ] GC(59) Survivor regions: 12->12(212)
[2020-10-31T07:26:04.371+0000][info][gc,heap      ] GC(59) Old regions: 3->3
[2020-10-31T07:26:04.371+0000][info][gc,heap      ] GC(59) Archive regions: 2->2
[2020-10-31T07:26:04.371+0000][info][gc,heap      ] GC(59) Humongous regions: 0->0
[2020-10-31T07:26:04.371+0000][info][gc,metaspace ] GC(59) Metaspace: 13649K->13649K(1060864K)
[2020-10-31T07:26:04.371+0000][info][gc           ] GC(59) Pause Young (Normal) (G1 Evacuation Pause) 3384M->30M(5632M) 123.414ms
[2020-10-31T07:26:04.371+0000][info][gc,cpu       ] GC(59) User=0.24s Sys=0.00s Real=0.12s
[2020-10-31T07:26:04.371+0000][info][safepoint    ] Safepoint "G1CollectForAllocation", Time since last: 406721800 ns, Reaching safepoint: 50776 ns, At safepoint: 123477570 ns, Total: 123528346 ns
[2020-10-31T07:26:05.371+0000][info][safepoint    ] Safepoint "Cleanup", Time since last: 1000081813 ns, Reaching safepoint: 59205 ns, At safepoint: 4392 ns, Total: 63597 ns
[2020-10-31T07:26:06.371+0000][info][safepoint    ] Safepoint "Cleanup", Time since last: 1000109144 ns, Reaching safepoint: 60779 ns, At safepoint: 3764 ns, Total: 64543 ns
[2020-10-31T07:26:07.371+0000][info][safepoint    ] Safepoint "Cleanup", Time since last: 1000126087 ns, Reaching safepoint: 120767 ns, At safepoint: 6138 ns, Total: 126905 ns
[2020-10-31T07:26:08.372+0000][info][safepoint    ] Safepoint "Cleanup", Time since last: 1000107016 ns, Reaching safepoint: 137643 ns, At safepoint: 8260 ns, Total: 145903 ns
[2020-10-31T07:26:09.372+0000][info][safepoint    ] Safepoint "Cleanup", Time since last: 1000107412 ns, Reaching safepoint: 129131 ns, At safepoint: 5285 ns, Total: 134416 ns
[2020-10-31T07:26:10.372+0000][info][safepoint    ] Safepoint "Cleanup", Time since last: 1000113791 ns, Reaching safepoint: 128452 ns, At safepoint: 5469 ns, Total: 133921 ns
[2020-10-31T07:26:11.372+0000][info][safepoint    ] Safepoint "Cleanup", Time since last: 1000111551 ns, Reaching safepoint: 138422 ns, At safepoint: 5870 ns, Total: 144292 ns
[2020-10-31T07:26:12.373+0000][info][safepoint    ] Safepoint "Cleanup", Time since last: 1000126805 ns, Reaching safepoint: 119140 ns, At safepoint: 7910 ns, Total: 127050 ns
[2020-10-31T07:26:13.373+0000][info][safepoint    ] Safepoint "Cleanup", Time since last: 1000110215 ns, Reaching safepoint: 60358 ns, At safepoint: 4040 ns, Total: 64398 ns
[2020-10-31T07:26:14.373+0000][info][safepoint    ] Safepoint "Cleanup", Time since last: 1000110962 ns, Reaching safepoint: 130538 ns, At safepoint: 6649 ns, Total: 137187 ns
[2020-10-31T07:26:14.977+0000][info][gc,start     ] GC(60) Pause Young (Normal) (G1 Evacuation Pause)
[2020-10-31T07:26:14.977+0000][info][gc,task      ] GC(60) Using 2 workers of 2 for evacuation
[2020-10-31T07:26:15.098+0000][info][gc,phases    ] GC(60)   Pre Evacuate Collection Set: 0.6ms
[2020-10-31T07:26:15.098+0000][info][gc,phases    ] GC(60)   Evacuate Collection Set: 91.6ms
[2020-10-31T07:26:15.098+0000][info][gc,phases    ] GC(60)   Post Evacuate Collection Set: 28.9ms
[2020-10-31T07:26:15.098+0000][info][gc,phases    ] GC(60)   Other: 0.5ms
[2020-10-31T07:26:15.098+0000][info][gc,heap      ] GC(60) Eden regions: 1677->0(1676)
[2020-10-31T07:26:15.098+0000][info][gc,heap      ] GC(60) Survivor regions: 12->13(212)
[2020-10-31T07:26:15.099+0000][info][gc,heap      ] GC(60) Old regions: 3->3
[2020-10-31T07:26:15.099+0000][info][gc,heap      ] GC(60) Archive regions: 2->2
[2020-10-31T07:26:15.099+0000][info][gc,heap      ] GC(60) Humongous regions: 0->0
[2020-10-31T07:26:15.099+0000][info][gc,metaspace ] GC(60) Metaspace: 13649K->13649K(1060864K)
[2020-10-31T07:26:15.099+0000][info][gc           ] GC(60) Pause Young (Normal) (G1 Evacuation Pause) 3384M->31M(5632M) 121.693ms
[2020-10-31T07:26:15.099+0000][info][gc,cpu       ] GC(60) User=0.24s Sys=0.00s Real=0.12s
[2020-10-31T07:26:15.099+0000][info][safepoint    ] Safepoint "G1CollectForAllocation", Time since last: 603691586 ns, Reaching safepoint: 49312 ns, At safepoint: 121746848 ns, Total: 121796160 ns
[2020-10-31T07:26:16.099+0000][info][safepoint    ] Safepoint "Cleanup", Time since last: 1000083547 ns, Reaching safepoint: 141338 ns, At safepoint: 3517 ns, Total: 144855 ns
[2020-10-31T07:26:17.099+0000][info][safepoint    ] Safepoint "Cleanup", Time since last: 1000109638 ns, Reaching safepoint: 126919 ns, At safepoint: 6551 ns, Total: 133470 ns
[2020-10-31T07:26:18.099+0000][info][safepoint    ] Safepoint "Cleanup", Time since last: 1000109755 ns, Reaching safepoint: 131664 ns, At safepoint: 6854 ns, Total: 138518 ns
[2020-10-31T07:26:19.100+0000][info][safepoint    ] Safepoint "Cleanup", Time since last: 1000108411 ns, Reaching safepoint: 127294 ns, At safepoint: 5716 ns, Total: 133010 ns
[2020-10-31T07:26:20.100+0000][info][safepoint    ] Safepoint "Cleanup", Time since last: 1000109178 ns, Reaching safepoint: 125158 ns, At safepoint: 6553 ns, Total: 131711 ns
[2020-10-31T07:26:21.100+0000][info][safepoint    ] Safepoint "Cleanup", Time since last: 1000114209 ns, Reaching safepoint: 70852 ns, At safepoint: 3255 ns, Total: 74107 ns
[2020-10-31T07:26:22.100+0000][info][safepoint    ] Safepoint "Cleanup", Time since last: 1000105063 ns, Reaching safepoint: 129809 ns, At safepoint: 5882 ns, Total: 135691 ns
[2020-10-31T07:26:23.102+0000][info][safepoint    ] Safepoint "Cleanup", Time since last: 1001167086 ns, Reaching safepoint: 137980 ns, At safepoint: 6441 ns, Total: 144421 ns
[2020-10-31T07:26:24.102+0000][info][safepoint    ] Safepoint "Cleanup", Time since last: 1000109426 ns, Reaching safepoint: 56618 ns, At safepoint: 6113 ns, Total: 62731 ns
[2020-10-31T07:26:25.102+0000][info][safepoint    ] Safepoint "Cleanup", Time since last: 1000105919 ns, Reaching safepoint: 120154 ns, At safepoint: 5305 ns, Total: 125459 ns
[2020-10-31T07:26:25.532+0000][info][gc,start     ] GC(61) Pause Young (Normal) (G1 Evacuation Pause)
[2020-10-31T07:26:25.532+0000][info][gc,task      ] GC(61) Using 2 workers of 2 for evacuation
[2020-10-31T07:26:25.654+0000][info][gc,phases    ] GC(61)   Pre Evacuate Collection Set: 0.6ms
[2020-10-31T07:26:25.654+0000][info][gc,phases    ] GC(61)   Evacuate Collection Set: 90.7ms
[2020-10-31T07:26:25.654+0000][info][gc,phases    ] GC(61)   Post Evacuate Collection Set: 30.8ms
[2020-10-31T07:26:25.654+0000][info][gc,phases    ] GC(61)   Other: 0.5ms
[2020-10-31T07:26:25.654+0000][info][gc,heap      ] GC(61) Eden regions: 1676->0(1677)
[2020-10-31T07:26:25.654+0000][info][gc,heap      ] GC(61) Survivor regions: 13->12(212)
[2020-10-31T07:26:25.654+0000][info][gc,heap      ] GC(61) Old regions: 3->3
[2020-10-31T07:26:25.654+0000][info][gc,heap      ] GC(61) Archive regions: 2->2
[2020-10-31T07:26:25.654+0000][info][gc,heap      ] GC(61) Humongous regions: 0->0
[2020-10-31T07:26:25.654+0000][info][gc,metaspace ] GC(61) Metaspace: 13649K->13649K(1060864K)
[2020-10-31T07:26:25.654+0000][info][gc           ] GC(61) Pause Young (Normal) (G1 Evacuation Pause) 3383M->30M(5632M) 122.702ms
[2020-10-31T07:26:25.654+0000][info][gc,cpu       ] GC(61) User=0.24s Sys=0.00s Real=0.13s
[2020-10-31T07:26:25.654+0000][info][safepoint    ] Safepoint "G1CollectForAllocation", Time since last: 429765760 ns, Reaching safepoint: 49409 ns, At safepoint: 122754696 ns, Total: 122804105 ns
[2020-10-31T07:26:26.655+0000][info][safepoint    ] Safepoint "Cleanup", Time since last: 1000087430 ns, Reaching safepoint: 132406 ns, At safepoint: 7084 ns, Total: 139490 ns
[2020-10-31T07:26:27.655+0000][info][safepoint    ] Safepoint "Cleanup", Time since last: 1000108272 ns, Reaching safepoint: 62831 ns, At safepoint: 3401 ns, Total: 66232 ns
[2020-10-31T07:26:28.655+0000][info][safepoint    ] Safepoint "Cleanup", Time since last: 1000109489 ns, Reaching safepoint: 131401 ns, At safepoint: 6529 ns, Total: 137930 ns
[2020-10-31T07:26:29.655+0000][info][safepoint    ] Safepoint "Cleanup", Time since last: 1000106847 ns, Reaching safepoint: 51636 ns, At safepoint: 3385 ns, Total: 55021 ns
[2020-10-31T07:26:30.656+0000][info][safepoint    ] Safepoint "Cleanup", Time since last: 1000105786 ns, Reaching safepoint: 130273 ns, At safepoint: 6609 ns, Total: 136882 ns
[2020-10-31T07:26:31.656+0000][info][safepoint    ] Safepoint "Cleanup", Time since last: 1000109090 ns, Reaching safepoint: 139622 ns, At safepoint: 3436 ns, Total: 143058 ns
[2020-10-31T07:26:32.656+0000][info][safepoint    ] Safepoint "Cleanup", Time since last: 1000104625 ns, Reaching safepoint: 136170 ns, At safepoint: 6632 ns, Total: 142802 ns
[2020-10-31T07:26:33.656+0000][info][safepoint    ] Safepoint "Cleanup", Time since last: 1000104736 ns, Reaching safepoint: 128112 ns, At safepoint: 5442 ns, Total: 133554 ns
[2020-10-31T07:26:34.657+0000][info][safepoint    ] Safepoint "Cleanup", Time since last: 1000109428 ns, Reaching safepoint: 129867 ns, At safepoint: 14847 ns, Total: 144714 ns
[2020-10-31T07:26:35.657+0000][info][safepoint    ] Safepoint "Cleanup", Time since last: 1000112179 ns, Reaching safepoint: 124704 ns, At safepoint: 7206 ns, Total: 131910 ns
[2020-10-31T07:26:36.073+0000][info][gc,start     ] GC(62) Pause Young (Normal) (G1 Evacuation Pause)
[2020-10-31T07:26:36.073+0000][info][gc,task      ] GC(62) Using 2 workers of 2 for evacuation
[2020-10-31T07:26:36.194+0000][info][gc,phases    ] GC(62)   Pre Evacuate Collection Set: 0.5ms
[2020-10-31T07:26:36.194+0000][info][gc,phases    ] GC(62)   Evacuate Collection Set: 90.8ms
[2020-10-31T07:26:36.194+0000][info][gc,phases    ] GC(62)   Post Evacuate Collection Set: 29.3ms
[2020-10-31T07:26:36.194+0000][info][gc,phases    ] GC(62)   Other: 0.5ms
[2020-10-31T07:26:36.194+0000][info][gc,heap      ] GC(62) Eden regions: 1677->0(1677)
[2020-10-31T07:26:36.194+0000][info][gc,heap      ] GC(62) Survivor regions: 12->12(212)
[2020-10-31T07:26:36.194+0000][info][gc,heap      ] GC(62) Old regions: 3->3
[2020-10-31T07:26:36.194+0000][info][gc,heap      ] GC(62) Archive regions: 2->2
[2020-10-31T07:26:36.194+0000][info][gc,heap      ] GC(62) Humongous regions: 0->0
[2020-10-31T07:26:36.194+0000][info][gc,metaspace ] GC(62) Metaspace: 13649K->13649K(1060864K)
[2020-10-31T07:26:36.194+0000][info][gc           ] GC(62) Pause Young (Normal) (G1 Evacuation Pause) 3384M->30M(5632M) 121.161ms
[2020-10-31T07:26:36.194+0000][info][gc,cpu       ] GC(62) User=0.24s Sys=0.00s Real=0.12s
[2020-10-31T07:26:36.194+0000][info][safepoint    ] Safepoint "G1CollectForAllocation", Time since last: 416446574 ns, Reaching safepoint: 56305 ns, At safepoint: 121215531 ns, Total: 121271836 ns
[2020-10-31T07:26:37.195+0000][info][safepoint    ] Safepoint "Cleanup", Time since last: 1000082717 ns, Reaching safepoint: 48040 ns, At safepoint: 5407 ns, Total: 53447 ns
[2020-10-31T07:26:38.195+0000][info][safepoint    ] Safepoint "Cleanup", Time since last: 1000106787 ns, Reaching safepoint: 125683 ns, At safepoint: 6314 ns, Total: 131997 ns
[2020-10-31T07:26:39.195+0000][info][safepoint    ] Safepoint "Cleanup", Time since last: 1000109584 ns, Reaching safepoint: 140431 ns, At safepoint: 3454 ns, Total: 143885 ns
[2020-10-31T07:26:40.195+0000][info][safepoint    ] Safepoint "Cleanup", Time since last: 1000109061 ns, Reaching safepoint: 58825 ns, At safepoint: 4116 ns, Total: 62941 ns
[2020-10-31T07:26:41.196+0000][info][safepoint    ] Safepoint "Cleanup", Time since last: 1000109988 ns, Reaching safepoint: 137995 ns, At safepoint: 6168 ns, Total: 144163 ns
[2020-10-31T07:26:42.196+0000][info][safepoint    ] Safepoint "Cleanup", Time since last: 1000106726 ns, Reaching safepoint: 137990 ns, At safepoint: 3810 ns, Total: 141800 ns
[2020-10-31T07:26:43.196+0000][info][safepoint    ] Safepoint "Cleanup", Time since last: 1000107827 ns, Reaching safepoint: 135026 ns, At safepoint: 5563 ns, Total: 140589 ns
[2020-10-31T07:26:44.196+0000][info][safepoint    ] Safepoint "Cleanup", Time since last: 1000111860 ns, Reaching safepoint: 124126 ns, At safepoint: 6032 ns, Total: 130158 ns
[2020-10-31T07:26:45.197+0000][info][safepoint    ] Safepoint "Cleanup", Time since last: 1000110952 ns, Reaching safepoint: 151939 ns, At safepoint: 3430 ns, Total: 155369 ns
[2020-10-31T07:26:46.197+0000][info][safepoint    ] Safepoint "Cleanup", Time since last: 1000108936 ns, Reaching safepoint: 127819 ns, At safepoint: 6301 ns, Total: 134120 ns
[2020-10-31T07:26:46.623+0000][info][gc,start     ] GC(63) Pause Young (Normal) (G1 Evacuation Pause)
[2020-10-31T07:26:46.623+0000][info][gc,task      ] GC(63) Using 2 workers of 2 for evacuation
[2020-10-31T07:26:46.743+0000][info][gc,phases    ] GC(63)   Pre Evacuate Collection Set: 0.6ms
[2020-10-31T07:26:46.743+0000][info][gc,phases    ] GC(63)   Evacuate Collection Set: 90.7ms
[2020-10-31T07:26:46.743+0000][info][gc,phases    ] GC(63)   Post Evacuate Collection Set: 27.7ms
[2020-10-31T07:26:46.743+0000][info][gc,phases    ] GC(63)   Other: 0.5ms
[2020-10-31T07:26:46.743+0000][info][gc,heap      ] GC(63) Eden regions: 1677->0(1676)
[2020-10-31T07:26:46.743+0000][info][gc,heap      ] GC(63) Survivor regions: 12->13(212)
[2020-10-31T07:26:46.743+0000][info][gc,heap      ] GC(63) Old regions: 3->3
[2020-10-31T07:26:46.743+0000][info][gc,heap      ] GC(63) Archive regions: 2->2
[2020-10-31T07:26:46.743+0000][info][gc,heap      ] GC(63) Humongous regions: 0->0
[2020-10-31T07:26:46.743+0000][info][gc,metaspace ] GC(63) Metaspace: 13654K->13654K(1060864K)
[2020-10-31T07:26:46.743+0000][info][gc           ] GC(63) Pause Young (Normal) (G1 Evacuation Pause) 3384M->31M(5632M) 119.539ms
[2020-10-31T07:26:46.743+0000][info][gc,cpu       ] GC(63) User=0.23s Sys=0.00s Real=0.12s
[2020-10-31T07:26:46.743+0000][info][safepoint    ] Safepoint "G1CollectForAllocation", Time since last: 426209680 ns, Reaching safepoint: 51939 ns, At safepoint: 119609829 ns, Total: 119661768 ns
[2020-10-31T07:26:47.743+0000][info][safepoint    ] Safepoint "Cleanup", Time since last: 1000082795 ns, Reaching safepoint: 139019 ns, At safepoint: 6640 ns, Total: 145659 ns
[2020-10-31T07:26:49.264+0000][info][safepoint    ] Safepoint "Cleanup", Time since last: 1521117264 ns, Reaching safepoint: 128471 ns, At safepoint: 6480 ns, Total: 134951 ns
[2020-10-31T07:26:50.264+0000][info][safepoint    ] Safepoint "Cleanup", Time since last: 1000112417 ns, Reaching safepoint: 47914 ns, At safepoint: 1776 ns, Total: 49690 ns
[2020-10-31T07:26:51.265+0000][info][safepoint    ] Safepoint "Cleanup", Time since last: 1000099816 ns, Reaching safepoint: 151352 ns, At safepoint: 3229 ns, Total: 154581 ns
[2020-10-31T07:26:52.265+0000][info][safepoint    ] Safepoint "Cleanup", Time since last: 1000114236 ns, Reaching safepoint: 112337 ns, At safepoint: 4292 ns, Total: 116629 ns
[2020-10-31T07:26:53.266+0000][info][safepoint    ] Safepoint "Cleanup", Time since last: 1000717150 ns, Reaching safepoint: 138532 ns, At safepoint: 3406 ns, Total: 141938 ns
[2020-10-31T07:26:54.266+0000][info][safepoint    ] Safepoint "Cleanup", Time since last: 1000109426 ns, Reaching safepoint: 132898 ns, At safepoint: 6791 ns, Total: 139689 ns
[2020-10-31T07:26:55.266+0000][info][safepoint    ] Safepoint "Cleanup", Time since last: 1000104525 ns, Reaching safepoint: 125826 ns, At safepoint: 6314 ns, Total: 132140 ns
[2020-10-31T07:26:56.266+0000][info][safepoint    ] Safepoint "Cleanup", Time since last: 1000110976 ns, Reaching safepoint: 126649 ns, At safepoint: 6292 ns, Total: 132941 ns
[2020-10-31T07:26:57.267+0000][info][safepoint    ] Safepoint "Cleanup", Time since last: 1000113047 ns, Reaching safepoint: 65987 ns, At safepoint: 2150 ns, Total: 68137 ns
[2020-10-31T07:26:57.309+0000][info][gc,start     ] GC(64) Pause Young (Normal) (G1 Evacuation Pause)
[2020-10-31T07:26:57.309+0000][info][gc,task      ] GC(64) Using 2 workers of 2 for evacuation
[2020-10-31T07:26:57.430+0000][info][gc,phases    ] GC(64)   Pre Evacuate Collection Set: 0.6ms
[2020-10-31T07:26:57.430+0000][info][gc,phases    ] GC(64)   Evacuate Collection Set: 90.2ms
[2020-10-31T07:26:57.430+0000][info][gc,phases    ] GC(64)   Post Evacuate Collection Set: 29.8ms
[2020-10-31T07:26:57.430+0000][info][gc,phases    ] GC(64)   Other: 0.5ms
[2020-10-31T07:26:57.430+0000][info][gc,heap      ] GC(64) Eden regions: 1676->0(1677)
[2020-10-31T07:26:57.430+0000][info][gc,heap      ] GC(64) Survivor regions: 13->12(212)
[2020-10-31T07:26:57.430+0000][info][gc,heap      ] GC(64) Old regions: 3->3
[2020-10-31T07:26:57.430+0000][info][gc,heap      ] GC(64) Archive regions: 2->2
[2020-10-31T07:26:57.430+0000][info][gc,heap      ] GC(64) Humongous regions: 0->0
[2020-10-31T07:26:57.430+0000][info][gc,metaspace ] GC(64) Metaspace: 13656K->13656K(1060864K)
[2020-10-31T07:26:57.430+0000][info][gc           ] GC(64) Pause Young (Normal) (G1 Evacuation Pause) 3383M->30M(5632M) 121.236ms
[2020-10-31T07:26:57.430+0000][info][gc,cpu       ] GC(64) User=0.24s Sys=0.00s Real=0.12s
[2020-10-31T07:26:57.430+0000][info][safepoint    ] Safepoint "G1CollectForAllocation", Time since last: 42370562 ns, Reaching safepoint: 47046 ns, At safepoint: 121289735 ns, Total: 121336781 ns
[2020-10-31T07:26:58.430+0000][info][safepoint    ] Safepoint "Cleanup", Time since last: 1000084243 ns, Reaching safepoint: 126359 ns, At safepoint: 5594 ns, Total: 131953 ns
[2020-10-31T07:26:59.431+0000][info][safepoint    ] Safepoint "Cleanup", Time since last: 1000108593 ns, Reaching safepoint: 126208 ns, At safepoint: 6543 ns, Total: 132751 ns
[2020-10-31T07:27:00.431+0000][info][safepoint    ] Safepoint "Cleanup", Time since last: 1000108481 ns, Reaching safepoint: 136948 ns, At safepoint: 3280 ns, Total: 140228 ns
[2020-10-31T07:27:01.431+0000][info][safepoint    ] Safepoint "Cleanup", Time since last: 1000123197 ns, Reaching safepoint: 136990 ns, At safepoint: 4101 ns, Total: 141091 ns
[2020-10-31T07:27:02.431+0000][info][safepoint    ] Safepoint "Cleanup", Time since last: 1000107155 ns, Reaching safepoint: 124547 ns, At safepoint: 5055 ns, Total: 129602 ns
[2020-10-31T07:27:03.432+0000][info][safepoint    ] Safepoint "Cleanup", Time since last: 1000109236 ns, Reaching safepoint: 125483 ns, At safepoint: 6623 ns, Total: 132106 ns
[2020-10-31T07:27:04.907+0000][info][safepoint    ] Safepoint "Cleanup", Time since last: 1474850903 ns, Reaching safepoint: 133408 ns, At safepoint: 5345 ns, Total: 138753 ns
[2020-10-31T07:27:05.907+0000][info][safepoint    ] Safepoint "Cleanup", Time since last: 1000108189 ns, Reaching safepoint: 128625 ns, At safepoint: 5619 ns, Total: 134244 ns
[2020-10-31T07:27:06.907+0000][info][safepoint    ] Safepoint "Cleanup", Time since last: 1000107926 ns, Reaching safepoint: 47531 ns, At safepoint: 5382 ns, Total: 52913 ns
[2020-10-31T07:27:07.907+0000][info][safepoint    ] Safepoint "Cleanup", Time since last: 1000099522 ns, Reaching safepoint: 123429 ns, At safepoint: 5918 ns, Total: 129347 ns
[2020-10-31T07:27:07.993+0000][info][gc,start     ] GC(65) Pause Young (Normal) (G1 Evacuation Pause)
[2020-10-31T07:27:07.993+0000][info][gc,task      ] GC(65) Using 2 workers of 2 for evacuation
[2020-10-31T07:27:08.115+0000][info][gc,phases    ] GC(65)   Pre Evacuate Collection Set: 0.6ms
[2020-10-31T07:27:08.115+0000][info][gc,phases    ] GC(65)   Evacuate Collection Set: 91.0ms
[2020-10-31T07:27:08.115+0000][info][gc,phases    ] GC(65)   Post Evacuate Collection Set: 29.6ms
[2020-10-31T07:27:08.115+0000][info][gc,phases    ] GC(65)   Other: 0.5ms
[2020-10-31T07:27:08.115+0000][info][gc,heap      ] GC(65) Eden regions: 1677->0(1677)
[2020-10-31T07:27:08.115+0000][info][gc,heap      ] GC(65) Survivor regions: 12->12(212)
[2020-10-31T07:27:08.115+0000][info][gc,heap      ] GC(65) Old regions: 3->3
[2020-10-31T07:27:08.115+0000][info][gc,heap      ] GC(65) Archive regions: 2->2
[2020-10-31T07:27:08.115+0000][info][gc,heap      ] GC(65) Humongous regions: 0->0
[2020-10-31T07:27:08.115+0000][info][gc,metaspace ] GC(65) Metaspace: 13656K->13656K(1060864K)
[2020-10-31T07:27:08.115+0000][info][gc           ] GC(65) Pause Young (Normal) (G1 Evacuation Pause) 3384M->30M(5632M) 121.677ms
[2020-10-31T07:27:08.115+0000][info][gc,cpu       ] GC(65) User=0.24s Sys=0.00s Real=0.12s
[2020-10-31T07:27:08.115+0000][info][safepoint    ] Safepoint "G1CollectForAllocation", Time since last: 85927387 ns, Reaching safepoint: 48545 ns, At safepoint: 121737131 ns, Total: 121785676 ns
[2020-10-31T07:27:09.115+0000][info][safepoint    ] Safepoint "Cleanup", Time since last: 1000079885 ns, Reaching safepoint: 127042 ns, At safepoint: 3183 ns, Total: 130225 ns
[2020-10-31T07:27:10.116+0000][info][safepoint    ] Safepoint "Cleanup", Time since last: 1000108663 ns, Reaching safepoint: 123941 ns, At safepoint: 5193 ns, Total: 129134 ns
[2020-10-31T07:27:11.116+0000][info][safepoint    ] Safepoint "Cleanup", Time since last: 1000107505 ns, Reaching safepoint: 128635 ns, At safepoint: 5586 ns, Total: 134221 ns
[2020-10-31T07:27:12.116+0000][info][safepoint    ] Safepoint "Cleanup", Time since last: 1000104953 ns, Reaching safepoint: 134732 ns, At safepoint: 3389 ns, Total: 138121 ns
[2020-10-31T07:27:13.116+0000][info][safepoint    ] Safepoint "Cleanup", Time since last: 1000105807 ns, Reaching safepoint: 134327 ns, At safepoint: 3707 ns, Total: 138034 ns
[2020-10-31T07:27:14.116+0000][info][safepoint    ] Safepoint "Cleanup", Time since last: 1000107413 ns, Reaching safepoint: 135693 ns, At safepoint: 4032 ns, Total: 139725 ns
[2020-10-31T07:27:15.117+0000][info][safepoint    ] Safepoint "Cleanup", Time since last: 1000125130 ns, Reaching safepoint: 129188 ns, At safepoint: 6469 ns, Total: 135657 ns
[2020-10-31T07:27:16.117+0000][info][safepoint    ] Safepoint "Cleanup", Time since last: 1000110540 ns, Reaching safepoint: 47108 ns, At safepoint: 5318 ns, Total: 52426 ns
[2020-10-31T07:27:17.117+0000][info][safepoint    ] Safepoint "Cleanup", Time since last: 1000123468 ns, Reaching safepoint: 61927 ns, At safepoint: 4831 ns, Total: 66758 ns
[2020-10-31T07:27:18.117+0000][info][safepoint    ] Safepoint "Cleanup", Time since last: 1000108883 ns, Reaching safepoint: 47198 ns, At safepoint: 1985 ns, Total: 49183 ns
[2020-10-31T07:27:18.687+0000][info][gc,start     ] GC(66) Pause Young (Normal) (G1 Evacuation Pause)
[2020-10-31T07:27:18.687+0000][info][gc,task      ] GC(66) Using 2 workers of 2 for evacuation
[2020-10-31T07:27:18.806+0000][info][gc,phases    ] GC(66)   Pre Evacuate Collection Set: 0.6ms
[2020-10-31T07:27:18.806+0000][info][gc,phases    ] GC(66)   Evacuate Collection Set: 90.3ms
[2020-10-31T07:27:18.806+0000][info][gc,phases    ] GC(66)   Post Evacuate Collection Set: 27.8ms
[2020-10-31T07:27:18.806+0000][info][gc,phases    ] GC(66)   Other: 0.5ms
[2020-10-31T07:27:18.806+0000][info][gc,heap      ] GC(66) Eden regions: 1677->0(1677)
[2020-10-31T07:27:18.806+0000][info][gc,heap      ] GC(66) Survivor regions: 12->12(212)
[2020-10-31T07:27:18.806+0000][info][gc,heap      ] GC(66) Old regions: 3->3
[2020-10-31T07:27:18.806+0000][info][gc,heap      ] GC(66) Archive regions: 2->2
[2020-10-31T07:27:18.806+0000][info][gc,heap      ] GC(66) Humongous regions: 0->0
[2020-10-31T07:27:18.806+0000][info][gc,metaspace ] GC(66) Metaspace: 13656K->13656K(1060864K)
[2020-10-31T07:27:18.806+0000][info][gc           ] GC(66) Pause Young (Normal) (G1 Evacuation Pause) 3384M->30M(5632M) 119.251ms
[2020-10-31T07:27:18.806+0000][info][gc,cpu       ] GC(66) User=0.23s Sys=0.00s Real=0.12s
[2020-10-31T07:27:18.806+0000][info][safepoint    ] Safepoint "G1CollectForAllocation", Time since last: 569618547 ns, Reaching safepoint: 55471 ns, At safepoint: 119304237 ns, Total: 119359708 ns
[2020-10-31T07:27:19.806+0000][info][safepoint    ] Safepoint "Cleanup", Time since last: 1000084464 ns, Reaching safepoint: 49313 ns, At safepoint: 5606 ns, Total: 54919 ns
[2020-10-31T07:27:20.807+0000][info][safepoint    ] Safepoint "Cleanup", Time since last: 1000099316 ns, Reaching safepoint: 134299 ns, At safepoint: 3710 ns, Total: 138009 ns
[2020-10-31T07:27:21.807+0000][info][safepoint    ] Safepoint "Cleanup", Time since last: 1000108295 ns, Reaching safepoint: 145499 ns, At safepoint: 8019 ns, Total: 153518 ns
[2020-10-31T07:27:22.807+0000][info][safepoint    ] Safepoint "Cleanup", Time since last: 1000110693 ns, Reaching safepoint: 123129 ns, At safepoint: 6151 ns, Total: 129280 ns
[2020-10-31T07:27:23.808+0000][info][safepoint    ] Safepoint "Cleanup", Time since last: 1000912882 ns, Reaching safepoint: 128381 ns, At safepoint: 5810 ns, Total: 134191 ns
[2020-10-31T07:27:24.808+0000][info][safepoint    ] Safepoint "Cleanup", Time since last: 1000110704 ns, Reaching safepoint: 44193 ns, At safepoint: 1685 ns, Total: 45878 ns
[2020-10-31T07:27:25.808+0000][info][safepoint    ] Safepoint "Cleanup", Time since last: 1000099363 ns, Reaching safepoint: 59584 ns, At safepoint: 3937 ns, Total: 63521 ns
[2020-10-31T07:27:26.809+0000][info][safepoint    ] Safepoint "Cleanup", Time since last: 1000119287 ns, Reaching safepoint: 127374 ns, At safepoint: 7034 ns, Total: 134408 ns
[2020-10-31T07:27:27.809+0000][info][safepoint    ] Safepoint "Cleanup", Time since last: 1000110144 ns, Reaching safepoint: 54740 ns, At safepoint: 2083 ns, Total: 56823 ns
[2020-10-31T07:27:28.809+0000][info][safepoint    ] Safepoint "Cleanup", Time since last: 1000093050 ns, Reaching safepoint: 129935 ns, At safepoint: 5408 ns, Total: 135343 ns
[2020-10-31T07:27:29.438+0000][info][gc,start     ] GC(67) Pause Young (Normal) (G1 Evacuation Pause)
[2020-10-31T07:27:29.438+0000][info][gc,task      ] GC(67) Using 2 workers of 2 for evacuation
[2020-10-31T07:27:29.558+0000][info][gc,phases    ] GC(67)   Pre Evacuate Collection Set: 0.6ms
[2020-10-31T07:27:29.558+0000][info][gc,phases    ] GC(67)   Evacuate Collection Set: 90.4ms
[2020-10-31T07:27:29.558+0000][info][gc,phases    ] GC(67)   Post Evacuate Collection Set: 28.9ms
[2020-10-31T07:27:29.558+0000][info][gc,phases    ] GC(67)   Other: 0.5ms
[2020-10-31T07:27:29.558+0000][info][gc,heap      ] GC(67) Eden regions: 1677->0(1677)
[2020-10-31T07:27:29.558+0000][info][gc,heap      ] GC(67) Survivor regions: 12->12(212)
[2020-10-31T07:27:29.558+0000][info][gc,heap      ] GC(67) Old regions: 3->3
[2020-10-31T07:27:29.558+0000][info][gc,heap      ] GC(67) Archive regions: 2->2
[2020-10-31T07:27:29.558+0000][info][gc,heap      ] GC(67) Humongous regions: 0->0
[2020-10-31T07:27:29.558+0000][info][gc,metaspace ] GC(67) Metaspace: 13656K->13656K(1060864K)
[2020-10-31T07:27:29.558+0000][info][gc           ] GC(67) Pause Young (Normal) (G1 Evacuation Pause) 3384M->30M(5632M) 120.432ms
[2020-10-31T07:27:29.558+0000][info][gc,cpu       ] GC(67) User=0.24s Sys=0.00s Real=0.12s
[2020-10-31T07:27:29.558+0000][info][safepoint    ] Safepoint "G1CollectForAllocation", Time since last: 628579080 ns, Reaching safepoint: 53200 ns, At safepoint: 120494838 ns, Total: 120548038 ns
[2020-10-31T07:27:30.558+0000][info][safepoint    ] Safepoint "Cleanup", Time since last: 1000080594 ns, Reaching safepoint: 139341 ns, At safepoint: 3400 ns, Total: 142741 ns
[2020-10-31T07:27:31.559+0000][info][safepoint    ] Safepoint "Cleanup", Time since last: 1000104308 ns, Reaching safepoint: 123543 ns, At safepoint: 6787 ns, Total: 130330 ns
[2020-10-31T07:27:32.559+0000][info][safepoint    ] Safepoint "Cleanup", Time since last: 1000109424 ns, Reaching safepoint: 67037 ns, At safepoint: 1867 ns, Total: 68904 ns
[2020-10-31T07:27:33.559+0000][info][safepoint    ] Safepoint "Cleanup", Time since last: 1000091129 ns, Reaching safepoint: 129489 ns, At safepoint: 5575 ns, Total: 135064 ns
[2020-10-31T07:27:34.559+0000][info][safepoint    ] Safepoint "Cleanup", Time since last: 1000108578 ns, Reaching safepoint: 126047 ns, At safepoint: 6484 ns, Total: 132531 ns
[2020-10-31T07:27:35.560+0000][info][safepoint    ] Safepoint "Cleanup", Time since last: 1000107613 ns, Reaching safepoint: 138339 ns, At safepoint: 4148 ns, Total: 142487 ns
[2020-10-31T07:27:36.560+0000][info][safepoint    ] Safepoint "Cleanup", Time since last: 1000106504 ns, Reaching safepoint: 145425 ns, At safepoint: 5039 ns, Total: 150464 ns
[2020-10-31T07:27:37.560+0000][info][safepoint    ] Safepoint "Cleanup", Time since last: 1000112163 ns, Reaching safepoint: 140171 ns, At safepoint: 3671 ns, Total: 143842 ns
[2020-10-31T07:27:38.560+0000][info][safepoint    ] Safepoint "Cleanup", Time since last: 1000109162 ns, Reaching safepoint: 123346 ns, At safepoint: 5865 ns, Total: 129211 ns
[2020-10-31T07:27:39.561+0000][info][safepoint    ] Safepoint "Cleanup", Time since last: 1000109074 ns, Reaching safepoint: 131670 ns, At safepoint: 6403 ns, Total: 138073 ns
[2020-10-31T07:27:40.181+0000][info][gc,start     ] GC(68) Pause Young (Normal) (G1 Evacuation Pause)
[2020-10-31T07:27:40.181+0000][info][gc,task      ] GC(68) Using 2 workers of 2 for evacuation
[2020-10-31T07:27:40.302+0000][info][gc,phases    ] GC(68)   Pre Evacuate Collection Set: 0.6ms
[2020-10-31T07:27:40.302+0000][info][gc,phases    ] GC(68)   Evacuate Collection Set: 90.5ms
[2020-10-31T07:27:40.302+0000][info][gc,phases    ] GC(68)   Post Evacuate Collection Set: 29.4ms
[2020-10-31T07:27:40.302+0000][info][gc,phases    ] GC(68)   Other: 0.5ms
[2020-10-31T07:27:40.302+0000][info][gc,heap      ] GC(68) Eden regions: 1677->0(1677)
[2020-10-31T07:27:40.302+0000][info][gc,heap      ] GC(68) Survivor regions: 12->12(212)
[2020-10-31T07:27:40.302+0000][info][gc,heap      ] GC(68) Old regions: 3->3
[2020-10-31T07:27:40.302+0000][info][gc,heap      ] GC(68) Archive regions: 2->2
[2020-10-31T07:27:40.302+0000][info][gc,heap      ] GC(68) Humongous regions: 0->0
[2020-10-31T07:27:40.302+0000][info][gc,metaspace ] GC(68) Metaspace: 13656K->13656K(1060864K)
[2020-10-31T07:27:40.302+0000][info][gc           ] GC(68) Pause Young (Normal) (G1 Evacuation Pause) 3384M->30M(5632M) 121.088ms
[2020-10-31T07:27:40.302+0000][info][gc,cpu       ] GC(68) User=0.24s Sys=0.00s Real=0.12s
[2020-10-31T07:27:40.302+0000][info][safepoint    ] Safepoint "G1CollectForAllocation", Time since last: 620565585 ns, Reaching safepoint: 54775 ns, At safepoint: 121156401 ns, Total: 121211176 ns
[2020-10-31T07:27:41.303+0000][info][safepoint    ] Safepoint "Cleanup", Time since last: 1000082808 ns, Reaching safepoint: 129403 ns, At safepoint: 6393 ns, Total: 135796 ns
[2020-10-31T07:27:42.303+0000][info][safepoint    ] Safepoint "Cleanup", Time since last: 1000110223 ns, Reaching safepoint: 128764 ns, At safepoint: 5694 ns, Total: 134458 ns
[2020-10-31T07:27:43.303+0000][info][safepoint    ] Safepoint "Cleanup", Time since last: 1000106118 ns, Reaching safepoint: 136811 ns, At safepoint: 3260 ns, Total: 140071 ns
[2020-10-31T07:27:44.303+0000][info][safepoint    ] Safepoint "Cleanup", Time since last: 1000107766 ns, Reaching safepoint: 126530 ns, At safepoint: 5764 ns, Total: 132294 ns
[2020-10-31T07:27:45.304+0000][info][safepoint    ] Safepoint "Cleanup", Time since last: 1000109718 ns, Reaching safepoint: 141019 ns, At safepoint: 3695 ns, Total: 144714 ns
[2020-10-31T07:27:46.304+0000][info][safepoint    ] Safepoint "Cleanup", Time since last: 1000109806 ns, Reaching safepoint: 63535 ns, At safepoint: 6839 ns, Total: 70374 ns
[2020-10-31T07:27:47.304+0000][info][safepoint    ] Safepoint "Cleanup", Time since last: 1000111583 ns, Reaching safepoint: 133375 ns, At safepoint: 6217 ns, Total: 139592 ns
[2020-10-31T07:27:48.304+0000][info][safepoint    ] Safepoint "Cleanup", Time since last: 1000109134 ns, Reaching safepoint: 129807 ns, At safepoint: 6672 ns, Total: 136479 ns
[2020-10-31T07:27:49.304+0000][info][safepoint    ] Safepoint "Cleanup", Time since last: 1000106889 ns, Reaching safepoint: 122308 ns, At safepoint: 5480 ns, Total: 127788 ns
[2020-10-31T07:27:50.305+0000][info][safepoint    ] Safepoint "Cleanup", Time since last: 1000118174 ns, Reaching safepoint: 124746 ns, At safepoint: 5642 ns, Total: 130388 ns
[2020-10-31T07:27:50.903+0000][info][gc,start     ] GC(69) Pause Young (Normal) (G1 Evacuation Pause)
[2020-10-31T07:27:50.903+0000][info][gc,task      ] GC(69) Using 2 workers of 2 for evacuation
[2020-10-31T07:27:51.022+0000][info][gc,phases    ] GC(69)   Pre Evacuate Collection Set: 0.5ms
[2020-10-31T07:27:51.022+0000][info][gc,phases    ] GC(69)   Evacuate Collection Set: 90.3ms
[2020-10-31T07:27:51.022+0000][info][gc,phases    ] GC(69)   Post Evacuate Collection Set: 27.7ms
[2020-10-31T07:27:51.022+0000][info][gc,phases    ] GC(69)   Other: 0.5ms
[2020-10-31T07:27:51.022+0000][info][gc,heap      ] GC(69) Eden regions: 1677->0(1677)
[2020-10-31T07:27:51.022+0000][info][gc,heap      ] GC(69) Survivor regions: 12->12(212)
[2020-10-31T07:27:51.022+0000][info][gc,heap      ] GC(69) Old regions: 3->3
[2020-10-31T07:27:51.022+0000][info][gc,heap      ] GC(69) Archive regions: 2->2
[2020-10-31T07:27:51.022+0000][info][gc,heap      ] GC(69) Humongous regions: 0->0
[2020-10-31T07:27:51.022+0000][info][gc,metaspace ] GC(69) Metaspace: 13657K->13657K(1060864K)
[2020-10-31T07:27:51.022+0000][info][gc           ] GC(69) Pause Young (Normal) (G1 Evacuation Pause) 3384M->30M(5632M) 119.032ms
[2020-10-31T07:27:51.022+0000][info][gc,cpu       ] GC(69) User=0.23s Sys=0.00s Real=0.12s
[2020-10-31T07:27:51.022+0000][info][safepoint    ] Safepoint "G1CollectForAllocation", Time since last: 598210130 ns, Reaching safepoint: 55126 ns, At safepoint: 119086976 ns, Total: 119142102 ns
[2020-10-31T07:27:52.022+0000][info][safepoint    ] Safepoint "Cleanup", Time since last: 1000085810 ns, Reaching safepoint: 143613 ns, At safepoint: 7957 ns, Total: 151570 ns
[2020-10-31T07:27:53.023+0000][info][safepoint    ] Safepoint "Cleanup", Time since last: 1000110504 ns, Reaching safepoint: 140336 ns, At safepoint: 4969 ns, Total: 145305 ns
[2020-10-31T07:27:54.024+0000][info][safepoint    ] Safepoint "Cleanup", Time since last: 1000905085 ns, Reaching safepoint: 125198 ns, At safepoint: 6888 ns, Total: 132086 ns
[2020-10-31T07:27:55.024+0000][info][safepoint    ] Safepoint "Cleanup", Time since last: 1000113002 ns, Reaching safepoint: 127210 ns, At safepoint: 6095 ns, Total: 133305 ns
[2020-10-31T07:27:56.024+0000][info][safepoint    ] Safepoint "Cleanup", Time since last: 1000121272 ns, Reaching safepoint: 128744 ns, At safepoint: 5701 ns, Total: 134445 ns
[2020-10-31T07:27:57.024+0000][info][safepoint    ] Safepoint "Cleanup", Time since last: 1000113115 ns, Reaching safepoint: 127502 ns, At safepoint: 5875 ns, Total: 133377 ns
[2020-10-31T07:27:58.025+0000][info][safepoint    ] Safepoint "Cleanup", Time since last: 1000112736 ns, Reaching safepoint: 61020 ns, At safepoint: 2097 ns, Total: 63117 ns
[2020-10-31T07:27:59.025+0000][info][safepoint    ] Safepoint "Cleanup", Time since last: 1000102013 ns, Reaching safepoint: 127997 ns, At safepoint: 6290 ns, Total: 134287 ns
[2020-10-31T07:28:00.025+0000][info][safepoint    ] Safepoint "Cleanup", Time since last: 1000112972 ns, Reaching safepoint: 129825 ns, At safepoint: 5518 ns, Total: 135343 ns
[2020-10-31T07:28:01.025+0000][info][safepoint    ] Safepoint "Cleanup", Time since last: 1000111035 ns, Reaching safepoint: 130921 ns, At safepoint: 5353 ns, Total: 136274 ns
[2020-10-31T07:28:01.679+0000][info][gc,start     ] GC(70) Pause Young (Normal) (G1 Evacuation Pause)
[2020-10-31T07:28:01.679+0000][info][gc,task      ] GC(70) Using 2 workers of 2 for evacuation
[2020-10-31T07:28:01.803+0000][info][gc,phases    ] GC(70)   Pre Evacuate Collection Set: 0.6ms
[2020-10-31T07:28:01.803+0000][info][gc,phases    ] GC(70)   Evacuate Collection Set: 92.8ms
[2020-10-31T07:28:01.803+0000][info][gc,phases    ] GC(70)   Post Evacuate Collection Set: 30.1ms
[2020-10-31T07:28:01.803+0000][info][gc,phases    ] GC(70)   Other: 0.5ms
[2020-10-31T07:28:01.803+0000][info][gc,heap      ] GC(70) Eden regions: 1677->0(1676)
[2020-10-31T07:28:01.803+0000][info][gc,heap      ] GC(70) Survivor regions: 12->13(212)
[2020-10-31T07:28:01.803+0000][info][gc,heap      ] GC(70) Old regions: 3->3
[2020-10-31T07:28:01.803+0000][info][gc,heap      ] GC(70) Archive regions: 2->2
[2020-10-31T07:28:01.803+0000][info][gc,heap      ] GC(70) Humongous regions: 0->0
[2020-10-31T07:28:01.803+0000][info][gc,metaspace ] GC(70) Metaspace: 13658K->13658K(1060864K)
[2020-10-31T07:28:01.803+0000][info][gc           ] GC(70) Pause Young (Normal) (G1 Evacuation Pause) 3384M->31M(5632M) 124.092ms
[2020-10-31T07:28:01.803+0000][info][gc,cpu       ] GC(70) User=0.24s Sys=0.00s Real=0.12s
[2020-10-31T07:28:01.803+0000][info][safepoint    ] Safepoint "G1CollectForAllocation", Time since last: 653452732 ns, Reaching safepoint: 50561 ns, At safepoint: 124158452 ns, Total: 124209013 ns
[2020-10-31T07:28:02.803+0000][info][safepoint    ] Safepoint "Cleanup", Time since last: 1000083602 ns, Reaching safepoint: 131817 ns, At safepoint: 5474 ns, Total: 137291 ns
[2020-10-31T07:28:03.803+0000][info][safepoint    ] Safepoint "Cleanup", Time since last: 1000110048 ns, Reaching safepoint: 67304 ns, At safepoint: 5781 ns, Total: 73085 ns
[2020-10-31T07:28:04.804+0000][info][safepoint    ] Safepoint "Cleanup", Time since last: 1000106722 ns, Reaching safepoint: 131093 ns, At safepoint: 6328 ns, Total: 137421 ns
[2020-10-31T07:28:05.804+0000][info][safepoint    ] Safepoint "Cleanup", Time since last: 1000111358 ns, Reaching safepoint: 138624 ns, At safepoint: 3281 ns, Total: 141905 ns
[2020-10-31T07:28:06.804+0000][info][safepoint    ] Safepoint "Cleanup", Time since last: 1000114714 ns, Reaching safepoint: 142822 ns, At safepoint: 3605 ns, Total: 146427 ns
[2020-10-31T07:28:07.804+0000][info][safepoint    ] Safepoint "Cleanup", Time since last: 1000110851 ns, Reaching safepoint: 61342 ns, At safepoint: 6631 ns, Total: 67973 ns
[2020-10-31T07:28:08.804+0000][info][safepoint    ] Safepoint "Cleanup", Time since last: 1000111911 ns, Reaching safepoint: 58202 ns, At safepoint: 4482 ns, Total: 62684 ns
[2020-10-31T07:28:09.805+0000][info][safepoint    ] Safepoint "Cleanup", Time since last: 1000111478 ns, Reaching safepoint: 58020 ns, At safepoint: 3594 ns, Total: 61614 ns
[2020-10-31T07:28:10.805+0000][info][safepoint    ] Safepoint "Cleanup", Time since last: 1000103151 ns, Reaching safepoint: 129443 ns, At safepoint: 5538 ns, Total: 134981 ns
[2020-10-31T07:28:11.805+0000][info][safepoint    ] Safepoint "Cleanup", Time since last: 1000123479 ns, Reaching safepoint: 50413 ns, At safepoint: 5218 ns, Total: 55631 ns
[2020-10-31T07:28:12.428+0000][info][gc,start     ] GC(71) Pause Young (Normal) (G1 Evacuation Pause)
[2020-10-31T07:28:12.428+0000][info][gc,task      ] GC(71) Using 2 workers of 2 for evacuation
[2020-10-31T07:28:12.558+0000][info][gc,phases    ] GC(71)   Pre Evacuate Collection Set: 0.6ms
[2020-10-31T07:28:12.558+0000][info][gc,phases    ] GC(71)   Evacuate Collection Set: 98.6ms
[2020-10-31T07:28:12.558+0000][info][gc,phases    ] GC(71)   Post Evacuate Collection Set: 30.4ms
[2020-10-31T07:28:12.559+0000][info][gc,phases    ] GC(71)   Other: 0.5ms
[2020-10-31T07:28:12.559+0000][info][gc,heap      ] GC(71) Eden regions: 1676->0(1677)
[2020-10-31T07:28:12.559+0000][info][gc,heap      ] GC(71) Survivor regions: 13->12(212)
[2020-10-31T07:28:12.559+0000][info][gc,heap      ] GC(71) Old regions: 3->3
[2020-10-31T07:28:12.559+0000][info][gc,heap      ] GC(71) Archive regions: 2->2
[2020-10-31T07:28:12.559+0000][info][gc,heap      ] GC(71) Humongous regions: 0->0
[2020-10-31T07:28:12.559+0000][info][gc,metaspace ] GC(71) Metaspace: 13658K->13658K(1060864K)
[2020-10-31T07:28:12.559+0000][info][gc           ] GC(71) Pause Young (Normal) (G1 Evacuation Pause) 3383M->30M(5632M) 130.136ms
[2020-10-31T07:28:12.559+0000][info][gc,cpu       ] GC(71) User=0.23s Sys=0.00s Real=0.13s
[2020-10-31T07:28:12.559+0000][info][safepoint    ] Safepoint "G1CollectForAllocation", Time since last: 623288970 ns, Reaching safepoint: 53607 ns, At safepoint: 130190691 ns, Total: 130244298 ns
[2020-10-31T07:28:13.559+0000][info][safepoint    ] Safepoint "Cleanup", Time since last: 1000084193 ns, Reaching safepoint: 129105 ns, At safepoint: 5038 ns, Total: 134143 ns
[2020-10-31T07:28:14.559+0000][info][safepoint    ] Safepoint "Cleanup", Time since last: 1000110201 ns, Reaching safepoint: 138119 ns, At safepoint: 3159 ns, Total: 141278 ns
[2020-10-31T07:28:15.559+0000][info][safepoint    ] Safepoint "Cleanup", Time since last: 1000110074 ns, Reaching safepoint: 126753 ns, At safepoint: 6477 ns, Total: 133230 ns
[2020-10-31T07:28:16.560+0000][info][safepoint    ] Safepoint "Cleanup", Time since last: 1000110828 ns, Reaching safepoint: 122050 ns, At safepoint: 7249 ns, Total: 129299 ns
[2020-10-31T07:28:17.560+0000][info][safepoint    ] Safepoint "Cleanup", Time since last: 1000113655 ns, Reaching safepoint: 126473 ns, At safepoint: 6602 ns, Total: 133075 ns
[2020-10-31T07:28:18.560+0000][info][safepoint    ] Safepoint "Cleanup", Time since last: 1000108321 ns, Reaching safepoint: 54414 ns, At safepoint: 5910 ns, Total: 60324 ns
[2020-10-31T07:28:19.560+0000][info][safepoint    ] Safepoint "Cleanup", Time since last: 1000105712 ns, Reaching safepoint: 125288 ns, At safepoint: 5923 ns, Total: 131211 ns
[2020-10-31T07:28:20.560+0000][info][safepoint    ] Safepoint "Cleanup", Time since last: 1000109022 ns, Reaching safepoint: 44489 ns, At safepoint: 1940 ns, Total: 46429 ns
[2020-10-31T07:28:21.560+0000][info][safepoint    ] Safepoint "Cleanup", Time since last: 1000099742 ns, Reaching safepoint: 50233 ns, At safepoint: 2286 ns, Total: 52519 ns
[2020-10-31T07:28:22.561+0000][info][safepoint    ] Safepoint "Cleanup", Time since last: 1000115426 ns, Reaching safepoint: 128039 ns, At safepoint: 5743 ns, Total: 133782 ns
[2020-10-31T07:28:23.178+0000][info][gc,start     ] GC(72) Pause Young (Normal) (G1 Evacuation Pause)
[2020-10-31T07:28:23.178+0000][info][gc,task      ] GC(72) Using 2 workers of 2 for evacuation
[2020-10-31T07:28:23.306+0000][info][gc,phases    ] GC(72)   Pre Evacuate Collection Set: 0.5ms
[2020-10-31T07:28:23.306+0000][info][gc,phases    ] GC(72)   Evacuate Collection Set: 99.6ms
[2020-10-31T07:28:23.306+0000][info][gc,phases    ] GC(72)   Post Evacuate Collection Set: 27.2ms
[2020-10-31T07:28:23.306+0000][info][gc,phases    ] GC(72)   Other: 0.5ms
[2020-10-31T07:28:23.306+0000][info][gc,heap      ] GC(72) Eden regions: 1677->0(1677)
[2020-10-31T07:28:23.306+0000][info][gc,heap      ] GC(72) Survivor regions: 12->12(212)
[2020-10-31T07:28:23.306+0000][info][gc,heap      ] GC(72) Old regions: 3->3
[2020-10-31T07:28:23.306+0000][info][gc,heap      ] GC(72) Archive regions: 2->2
[2020-10-31T07:28:23.306+0000][info][gc,heap      ] GC(72) Humongous regions: 0->0
[2020-10-31T07:28:23.306+0000][info][gc,metaspace ] GC(72) Metaspace: 13662K->13662K(1060864K)
[2020-10-31T07:28:23.306+0000][info][gc           ] GC(72) Pause Young (Normal) (G1 Evacuation Pause) 3384M->30M(5632M) 127.945ms
[2020-10-31T07:28:23.306+0000][info][gc,cpu       ] GC(72) User=0.22s Sys=0.00s Real=0.13s
[2020-10-31T07:28:23.306+0000][info][safepoint    ] Safepoint "G1CollectForAllocation", Time since last: 617634638 ns, Reaching safepoint: 51644 ns, At safepoint: 127999971 ns, Total: 128051615 ns
[2020-10-31T07:28:24.307+0000][info][safepoint    ] Safepoint "Cleanup", Time since last: 1000082469 ns, Reaching safepoint: 126813 ns, At safepoint: 6165 ns, Total: 132978 ns
[2020-10-31T07:28:25.307+0000][info][safepoint    ] Safepoint "Cleanup", Time since last: 1000111355 ns, Reaching safepoint: 63573 ns, At safepoint: 6072 ns, Total: 69645 ns
[2020-10-31T07:28:26.307+0000][info][safepoint    ] Safepoint "Cleanup", Time since last: 1000110640 ns, Reaching safepoint: 134386 ns, At safepoint: 3406 ns, Total: 137792 ns
[2020-10-31T07:28:27.307+0000][info][safepoint    ] Safepoint "Cleanup", Time since last: 1000109446 ns, Reaching safepoint: 58564 ns, At safepoint: 4255 ns, Total: 62819 ns
[2020-10-31T07:28:28.307+0000][info][safepoint    ] Safepoint "Cleanup", Time since last: 1000107815 ns, Reaching safepoint: 55314 ns, At safepoint: 5296 ns, Total: 60610 ns
[2020-10-31T07:28:29.308+0000][info][safepoint    ] Safepoint "Cleanup", Time since last: 1000111380 ns, Reaching safepoint: 47317 ns, At safepoint: 2396 ns, Total: 49713 ns
[2020-10-31T07:28:30.308+0000][info][safepoint    ] Safepoint "Cleanup", Time since last: 1000100168 ns, Reaching safepoint: 130007 ns, At safepoint: 7442 ns, Total: 137449 ns
[2020-10-31T07:28:31.308+0000][info][safepoint    ] Safepoint "Cleanup", Time since last: 1000103688 ns, Reaching safepoint: 53730 ns, At safepoint: 5399 ns, Total: 59129 ns
[2020-10-31T07:28:33.138+0000][info][safepoint    ] Safepoint "Cleanup", Time since last: 1829632236 ns, Reaching safepoint: 58542 ns, At safepoint: 2478 ns, Total: 61020 ns
[2020-10-31T07:28:33.927+0000][info][gc,start     ] GC(73) Pause Young (Normal) (G1 Evacuation Pause)
[2020-10-31T07:28:33.927+0000][info][gc,task      ] GC(73) Using 2 workers of 2 for evacuation
[2020-10-31T07:28:34.051+0000][info][gc,phases    ] GC(73)   Pre Evacuate Collection Set: 0.5ms
[2020-10-31T07:28:34.051+0000][info][gc,phases    ] GC(73)   Evacuate Collection Set: 90.8ms
[2020-10-31T07:28:34.051+0000][info][gc,phases    ] GC(73)   Post Evacuate Collection Set: 31.4ms
[2020-10-31T07:28:34.051+0000][info][gc,phases    ] GC(73)   Other: 0.5ms
[2020-10-31T07:28:34.051+0000][info][gc,heap      ] GC(73) Eden regions: 1677->0(1676)
[2020-10-31T07:28:34.051+0000][info][gc,heap      ] GC(73) Survivor regions: 12->13(212)
[2020-10-31T07:28:34.051+0000][info][gc,heap      ] GC(73) Old regions: 3->3
[2020-10-31T07:28:34.051+0000][info][gc,heap      ] GC(73) Archive regions: 2->2
[2020-10-31T07:28:34.051+0000][info][gc,heap      ] GC(73) Humongous regions: 0->0
[2020-10-31T07:28:34.051+0000][info][gc,metaspace ] GC(73) Metaspace: 13662K->13662K(1060864K)
[2020-10-31T07:28:34.051+0000][info][gc           ] GC(73) Pause Young (Normal) (G1 Evacuation Pause) 3384M->31M(5632M) 123.359ms
[2020-10-31T07:28:34.051+0000][info][gc,cpu       ] GC(73) User=0.24s Sys=0.00s Real=0.12s
[2020-10-31T07:28:34.051+0000][info][safepoint    ] Safepoint "G1CollectForAllocation", Time since last: 789532169 ns, Reaching safepoint: 65232 ns, At safepoint: 123421067 ns, Total: 123486299 ns
[2020-10-31T07:28:35.051+0000][info][safepoint    ] Safepoint "Cleanup", Time since last: 1000085077 ns, Reaching safepoint: 59522 ns, At safepoint: 6398 ns, Total: 65920 ns
[2020-10-31T07:28:36.051+0000][info][safepoint    ] Safepoint "Cleanup", Time since last: 1000125604 ns, Reaching safepoint: 125188 ns, At safepoint: 5339 ns, Total: 130527 ns
[2020-10-31T07:28:37.051+0000][info][safepoint    ] Safepoint "Cleanup", Time since last: 1000107752 ns, Reaching safepoint: 140196 ns, At safepoint: 4269 ns, Total: 144465 ns
[2020-10-31T07:28:38.052+0000][info][safepoint    ] Safepoint "Cleanup", Time since last: 1000110094 ns, Reaching safepoint: 63941 ns, At safepoint: 7210 ns, Total: 71151 ns
[2020-10-31T07:28:39.052+0000][info][safepoint    ] Safepoint "Cleanup", Time since last: 1000104534 ns, Reaching safepoint: 61027 ns, At safepoint: 6751 ns, Total: 67778 ns
[2020-10-31T07:28:40.052+0000][info][safepoint    ] Safepoint "Cleanup", Time since last: 1000112915 ns, Reaching safepoint: 139320 ns, At safepoint: 6176 ns, Total: 145496 ns
[2020-10-31T07:28:41.052+0000][info][safepoint    ] Safepoint "Cleanup", Time since last: 1000108617 ns, Reaching safepoint: 138322 ns, At safepoint: 5941 ns, Total: 144263 ns
[2020-10-31T07:28:42.052+0000][info][safepoint    ] Safepoint "Cleanup", Time since last: 1000110038 ns, Reaching safepoint: 140979 ns, At safepoint: 3351 ns, Total: 144330 ns
[2020-10-31T07:28:43.053+0000][info][safepoint    ] Safepoint "Cleanup", Time since last: 1000066178 ns, Reaching safepoint: 125777 ns, At safepoint: 6795 ns, Total: 132572 ns
[2020-10-31T07:28:44.053+0000][info][safepoint    ] Safepoint "Cleanup", Time since last: 1000112474 ns, Reaching safepoint: 59308 ns, At safepoint: 5774 ns, Total: 65082 ns
[2020-10-31T07:28:44.663+0000][info][gc,start     ] GC(74) Pause Young (Normal) (G1 Evacuation Pause)
[2020-10-31T07:28:44.663+0000][info][gc,task      ] GC(74) Using 2 workers of 2 for evacuation
[2020-10-31T07:28:44.786+0000][info][gc,phases    ] GC(74)   Pre Evacuate Collection Set: 0.6ms
[2020-10-31T07:28:44.786+0000][info][gc,phases    ] GC(74)   Evacuate Collection Set: 90.9ms
[2020-10-31T07:28:44.786+0000][info][gc,phases    ] GC(74)   Post Evacuate Collection Set: 31.1ms
[2020-10-31T07:28:44.786+0000][info][gc,phases    ] GC(74)   Other: 0.5ms
[2020-10-31T07:28:44.786+0000][info][gc,heap      ] GC(74) Eden regions: 1676->0(1677)
[2020-10-31T07:28:44.786+0000][info][gc,heap      ] GC(74) Survivor regions: 13->12(212)
[2020-10-31T07:28:44.786+0000][info][gc,heap      ] GC(74) Old regions: 3->3
[2020-10-31T07:28:44.786+0000][info][gc,heap      ] GC(74) Archive regions: 2->2
[2020-10-31T07:28:44.786+0000][info][gc,heap      ] GC(74) Humongous regions: 0->0
[2020-10-31T07:28:44.786+0000][info][gc,metaspace ] GC(74) Metaspace: 13664K->13664K(1060864K)
[2020-10-31T07:28:44.786+0000][info][gc           ] GC(74) Pause Young (Normal) (G1 Evacuation Pause) 3383M->30M(5632M) 123.124ms
[2020-10-31T07:28:44.786+0000][info][gc,cpu       ] GC(74) User=0.24s Sys=0.00s Real=0.13s
[2020-10-31T07:28:44.786+0000][info][safepoint    ] Safepoint "G1CollectForAllocation", Time since last: 609940367 ns, Reaching safepoint: 52262 ns, At safepoint: 123178280 ns, Total: 123230542 ns
[2020-10-31T07:28:45.786+0000][info][safepoint    ] Safepoint "Cleanup", Time since last: 1000086561 ns, Reaching safepoint: 141477 ns, At safepoint: 3416 ns, Total: 144893 ns
[2020-10-31T07:28:46.786+0000][info][safepoint    ] Safepoint "Cleanup", Time since last: 1000111731 ns, Reaching safepoint: 128651 ns, At safepoint: 6438 ns, Total: 135089 ns
[2020-10-31T07:28:47.790+0000][info][safepoint    ] Safepoint "Cleanup", Time since last: 1003715052 ns, Reaching safepoint: 49361 ns, At safepoint: 2090 ns, Total: 51451 ns
[2020-10-31T07:28:48.790+0000][info][safepoint    ] Safepoint "Cleanup", Time since last: 1000099633 ns, Reaching safepoint: 131764 ns, At safepoint: 6560 ns, Total: 138324 ns
[2020-10-31T07:28:49.791+0000][info][safepoint    ] Safepoint "Cleanup", Time since last: 1000110538 ns, Reaching safepoint: 49501 ns, At safepoint: 5596 ns, Total: 55097 ns
[2020-10-31T07:28:50.791+0000][info][safepoint    ] Safepoint "Cleanup", Time since last: 1000105034 ns, Reaching safepoint: 139789 ns, At safepoint: 3725 ns, Total: 143514 ns
[2020-10-31T07:28:51.791+0000][info][safepoint    ] Safepoint "Cleanup", Time since last: 1000127868 ns, Reaching safepoint: 136388 ns, At safepoint: 3977 ns, Total: 140365 ns
[2020-10-31T07:28:52.791+0000][info][safepoint    ] Safepoint "Cleanup", Time since last: 1000110126 ns, Reaching safepoint: 142251 ns, At safepoint: 7838 ns, Total: 150089 ns
[2020-10-31T07:28:53.792+0000][info][safepoint    ] Safepoint "Cleanup", Time since last: 1000110995 ns, Reaching safepoint: 137950 ns, At safepoint: 3749 ns, Total: 141699 ns
[2020-10-31T07:28:54.792+0000][info][safepoint    ] Safepoint "Cleanup", Time since last: 1000112077 ns, Reaching safepoint: 121454 ns, At safepoint: 5705 ns, Total: 127159 ns
[2020-10-31T07:28:55.424+0000][info][gc,start     ] GC(75) Pause Young (Normal) (G1 Evacuation Pause)
[2020-10-31T07:28:55.424+0000][info][gc,task      ] GC(75) Using 2 workers of 2 for evacuation
[2020-10-31T07:28:55.546+0000][info][gc,phases    ] GC(75)   Pre Evacuate Collection Set: 0.6ms
[2020-10-31T07:28:55.546+0000][info][gc,phases    ] GC(75)   Evacuate Collection Set: 91.0ms
[2020-10-31T07:28:55.546+0000][info][gc,phases    ] GC(75)   Post Evacuate Collection Set: 29.7ms
[2020-10-31T07:28:55.546+0000][info][gc,phases    ] GC(75)   Other: 0.5ms
[2020-10-31T07:28:55.546+0000][info][gc,heap      ] GC(75) Eden regions: 1677->0(1676)
[2020-10-31T07:28:55.546+0000][info][gc,heap      ] GC(75) Survivor regions: 12->13(212)
[2020-10-31T07:28:55.546+0000][info][gc,heap      ] GC(75) Old regions: 3->3
[2020-10-31T07:28:55.546+0000][info][gc,heap      ] GC(75) Archive regions: 2->2
[2020-10-31T07:28:55.546+0000][info][gc,heap      ] GC(75) Humongous regions: 0->0
[2020-10-31T07:28:55.546+0000][info][gc,metaspace ] GC(75) Metaspace: 13664K->13664K(1060864K)
[2020-10-31T07:28:55.546+0000][info][gc           ] GC(75) Pause Young (Normal) (G1 Evacuation Pause) 3384M->31M(5632M) 121.831ms
[2020-10-31T07:28:55.546+0000][info][gc,cpu       ] GC(75) User=0.24s Sys=0.00s Real=0.13s
[2020-10-31T07:28:55.546+0000][info][safepoint    ] Safepoint "G1CollectForAllocation", Time since last: 631968377 ns, Reaching safepoint: 49036 ns, At safepoint: 121882713 ns, Total: 121931749 ns
[2020-10-31T07:28:56.546+0000][info][safepoint    ] Safepoint "Cleanup", Time since last: 1000085324 ns, Reaching safepoint: 51083 ns, At safepoint: 2588 ns, Total: 53671 ns
[2020-10-31T07:28:57.546+0000][info][safepoint    ] Safepoint "Cleanup", Time since last: 1000102727 ns, Reaching safepoint: 131517 ns, At safepoint: 5714 ns, Total: 137231 ns
[2020-10-31T07:28:58.546+0000][info][safepoint    ] Safepoint "Cleanup", Time since last: 1000109723 ns, Reaching safepoint: 136346 ns, At safepoint: 3487 ns, Total: 139833 ns
[2020-10-31T07:28:59.547+0000][info][safepoint    ] Safepoint "Cleanup", Time since last: 1000108956 ns, Reaching safepoint: 137172 ns, At safepoint: 5075 ns, Total: 142247 ns
[2020-10-31T07:29:00.547+0000][info][safepoint    ] Safepoint "Cleanup", Time since last: 1000108401 ns, Reaching safepoint: 132282 ns, At safepoint: 6387 ns, Total: 138669 ns
[2020-10-31T07:29:01.547+0000][info][safepoint    ] Safepoint "Cleanup", Time since last: 1000106880 ns, Reaching safepoint: 126251 ns, At safepoint: 6575 ns, Total: 132826 ns
[2020-10-31T07:29:02.620+0000][info][safepoint    ] Safepoint "Cleanup", Time since last: 1072686639 ns, Reaching safepoint: 56079 ns, At safepoint: 2559 ns, Total: 58638 ns
[2020-10-31T07:29:03.620+0000][info][safepoint    ] Safepoint "Cleanup", Time since last: 1000113055 ns, Reaching safepoint: 145746 ns, At safepoint: 3736 ns, Total: 149482 ns
[2020-10-31T07:29:04.620+0000][info][safepoint    ] Safepoint "Cleanup", Time since last: 1000111970 ns, Reaching safepoint: 78011 ns, At safepoint: 4281 ns, Total: 82292 ns
[2020-10-31T07:29:05.621+0000][info][safepoint    ] Safepoint "Cleanup", Time since last: 1000103365 ns, Reaching safepoint: 140422 ns, At safepoint: 6871 ns, Total: 147293 ns
[2020-10-31T07:29:06.168+0000][info][gc,start     ] GC(76) Pause Young (Normal) (G1 Evacuation Pause)
[2020-10-31T07:29:06.168+0000][info][gc,task      ] GC(76) Using 2 workers of 2 for evacuation
[2020-10-31T07:29:06.290+0000][info][gc,phases    ] GC(76)   Pre Evacuate Collection Set: 0.6ms
[2020-10-31T07:29:06.290+0000][info][gc,phases    ] GC(76)   Evacuate Collection Set: 93.2ms
[2020-10-31T07:29:06.290+0000][info][gc,phases    ] GC(76)   Post Evacuate Collection Set: 28.3ms
[2020-10-31T07:29:06.290+0000][info][gc,phases    ] GC(76)   Other: 0.5ms
[2020-10-31T07:29:06.290+0000][info][gc,heap      ] GC(76) Eden regions: 1676->0(1677)
[2020-10-31T07:29:06.290+0000][info][gc,heap      ] GC(76) Survivor regions: 13->12(212)
[2020-10-31T07:29:06.290+0000][info][gc,heap      ] GC(76) Old regions: 3->3
[2020-10-31T07:29:06.290+0000][info][gc,heap      ] GC(76) Archive regions: 2->2
[2020-10-31T07:29:06.290+0000][info][gc,heap      ] GC(76) Humongous regions: 0->0
[2020-10-31T07:29:06.290+0000][info][gc,metaspace ] GC(76) Metaspace: 13668K->13668K(1060864K)
[2020-10-31T07:29:06.290+0000][info][gc           ] GC(76) Pause Young (Normal) (G1 Evacuation Pause) 3383M->30M(5632M) 122.688ms
[2020-10-31T07:29:06.290+0000][info][gc,cpu       ] GC(76) User=0.24s Sys=0.00s Real=0.12s
[2020-10-31T07:29:06.290+0000][info][safepoint    ] Safepoint "G1CollectForAllocation", Time since last: 546875528 ns, Reaching safepoint: 62767 ns, At safepoint: 122749671 ns, Total: 122812438 ns
[2020-10-31T07:29:07.291+0000][info][safepoint    ] Safepoint "Cleanup", Time since last: 1000077698 ns, Reaching safepoint: 125856 ns, At safepoint: 3326 ns, Total: 129182 ns
[2020-10-31T07:29:08.291+0000][info][safepoint    ] Safepoint "Cleanup", Time since last: 1000108668 ns, Reaching safepoint: 57189 ns, At safepoint: 3257 ns, Total: 60446 ns
[2020-10-31T07:29:09.291+0000][info][safepoint    ] Safepoint "Cleanup", Time since last: 1000101709 ns, Reaching safepoint: 124011 ns, At safepoint: 3427 ns, Total: 127438 ns
[2020-10-31T07:29:10.291+0000][info][safepoint    ] Safepoint "Cleanup", Time since last: 1000111907 ns, Reaching safepoint: 63863 ns, At safepoint: 5781 ns, Total: 69644 ns
[2020-10-31T07:29:11.291+0000][info][safepoint    ] Safepoint "Cleanup", Time since last: 1000109863 ns, Reaching safepoint: 156200 ns, At safepoint: 6515 ns, Total: 162715 ns
[2020-10-31T07:29:12.292+0000][info][safepoint    ] Safepoint "Cleanup", Time since last: 1000108961 ns, Reaching safepoint: 124803 ns, At safepoint: 5669 ns, Total: 130472 ns
[2020-10-31T07:29:13.292+0000][info][safepoint    ] Safepoint "Cleanup", Time since last: 1000111380 ns, Reaching safepoint: 128022 ns, At safepoint: 6346 ns, Total: 134368 ns
[2020-10-31T07:29:14.292+0000][info][safepoint    ] Safepoint "Cleanup", Time since last: 1000112307 ns, Reaching safepoint: 142006 ns, At safepoint: 5968 ns, Total: 147974 ns
[2020-10-31T07:29:15.292+0000][info][safepoint    ] Safepoint "Cleanup", Time since last: 1000111076 ns, Reaching safepoint: 140744 ns, At safepoint: 3482 ns, Total: 144226 ns
[2020-10-31T07:29:16.293+0000][info][safepoint    ] Safepoint "Cleanup", Time since last: 1000123350 ns, Reaching safepoint: 138724 ns, At safepoint: 5922 ns, Total: 144646 ns
[2020-10-31T07:29:16.856+0000][info][gc,start     ] GC(77) Pause Young (Normal) (G1 Evacuation Pause)
[2020-10-31T07:29:16.856+0000][info][gc,task      ] GC(77) Using 2 workers of 2 for evacuation
[2020-10-31T07:29:16.982+0000][info][gc,phases    ] GC(77)   Pre Evacuate Collection Set: 0.5ms
[2020-10-31T07:29:16.982+0000][info][gc,phases    ] GC(77)   Evacuate Collection Set: 94.7ms
[2020-10-31T07:29:16.982+0000][info][gc,phases    ] GC(77)   Post Evacuate Collection Set: 30.3ms
[2020-10-31T07:29:16.982+0000][info][gc,phases    ] GC(77)   Other: 0.5ms
[2020-10-31T07:29:16.982+0000][info][gc,heap      ] GC(77) Eden regions: 1677->0(1677)
[2020-10-31T07:29:16.982+0000][info][gc,heap      ] GC(77) Survivor regions: 12->12(212)
[2020-10-31T07:29:16.982+0000][info][gc,heap      ] GC(77) Old regions: 3->3
[2020-10-31T07:29:16.982+0000][info][gc,heap      ] GC(77) Archive regions: 2->2
[2020-10-31T07:29:16.982+0000][info][gc,heap      ] GC(77) Humongous regions: 0->0
[2020-10-31T07:29:16.982+0000][info][gc,metaspace ] GC(77) Metaspace: 13668K->13668K(1060864K)
[2020-10-31T07:29:16.982+0000][info][gc           ] GC(77) Pause Young (Normal) (G1 Evacuation Pause) 3384M->30M(5632M) 126.119ms
[2020-10-31T07:29:16.982+0000][info][gc,cpu       ] GC(77) User=0.23s Sys=0.00s Real=0.12s
[2020-10-31T07:29:16.982+0000][info][safepoint    ] Safepoint "G1CollectForAllocation", Time since last: 563557930 ns, Reaching safepoint: 64507 ns, At safepoint: 126174087 ns, Total: 126238594 ns
[2020-10-31T07:29:17.983+0000][info][safepoint    ] Safepoint "Cleanup", Time since last: 1000083512 ns, Reaching safepoint: 129657 ns, At safepoint: 6167 ns, Total: 135824 ns
[2020-10-31T07:29:18.983+0000][info][safepoint    ] Safepoint "Cleanup", Time since last: 1000106414 ns, Reaching safepoint: 51156 ns, At safepoint: 6177 ns, Total: 57333 ns
[2020-10-31T07:29:19.983+0000][info][safepoint    ] Safepoint "Cleanup", Time since last: 1000105652 ns, Reaching safepoint: 128344 ns, At safepoint: 6680 ns, Total: 135024 ns
[2020-10-31T07:29:20.983+0000][info][safepoint    ] Safepoint "Cleanup", Time since last: 1000110805 ns, Reaching safepoint: 139520 ns, At safepoint: 3359 ns, Total: 142879 ns
[2020-10-31T07:29:21.984+0000][info][safepoint    ] Safepoint "Cleanup", Time since last: 1000108241 ns, Reaching safepoint: 126841 ns, At safepoint: 6233 ns, Total: 133074 ns
[2020-10-31T07:29:22.984+0000][info][safepoint    ] Safepoint "Cleanup", Time since last: 1000109829 ns, Reaching safepoint: 66788 ns, At safepoint: 3486 ns, Total: 70274 ns
[2020-10-31T07:29:23.984+0000][info][safepoint    ] Safepoint "Cleanup", Time since last: 1000110955 ns, Reaching safepoint: 124303 ns, At safepoint: 5598 ns, Total: 129901 ns
[2020-10-31T07:29:24.984+0000][info][safepoint    ] Safepoint "Cleanup", Time since last: 1000108231 ns, Reaching safepoint: 125981 ns, At safepoint: 6439 ns, Total: 132420 ns
[2020-10-31T07:29:25.984+0000][info][safepoint    ] Safepoint "Cleanup", Time since last: 1000104879 ns, Reaching safepoint: 125260 ns, At safepoint: 5413 ns, Total: 130673 ns
[2020-10-31T07:29:26.985+0000][info][safepoint    ] Safepoint "Cleanup", Time since last: 1000118967 ns, Reaching safepoint: 47063 ns, At safepoint: 1798 ns, Total: 48861 ns
[2020-10-31T07:29:27.558+0000][info][gc,start     ] GC(78) Pause Young (Normal) (G1 Evacuation Pause)
[2020-10-31T07:29:27.558+0000][info][gc,task      ] GC(78) Using 2 workers of 2 for evacuation
[2020-10-31T07:29:27.678+0000][info][gc,phases    ] GC(78)   Pre Evacuate Collection Set: 0.5ms
[2020-10-31T07:29:27.678+0000][info][gc,phases    ] GC(78)   Evacuate Collection Set: 90.6ms
[2020-10-31T07:29:27.678+0000][info][gc,phases    ] GC(78)   Post Evacuate Collection Set: 29.2ms
[2020-10-31T07:29:27.678+0000][info][gc,phases    ] GC(78)   Other: 0.5ms
[2020-10-31T07:29:27.678+0000][info][gc,heap      ] GC(78) Eden regions: 1677->0(1677)
[2020-10-31T07:29:27.678+0000][info][gc,heap      ] GC(78) Survivor regions: 12->12(212)
[2020-10-31T07:29:27.678+0000][info][gc,heap      ] GC(78) Old regions: 3->3
[2020-10-31T07:29:27.678+0000][info][gc,heap      ] GC(78) Archive regions: 2->2
[2020-10-31T07:29:27.678+0000][info][gc,heap      ] GC(78) Humongous regions: 0->0
[2020-10-31T07:29:27.678+0000][info][gc,metaspace ] GC(78) Metaspace: 13668K->13668K(1060864K)
[2020-10-31T07:29:27.679+0000][info][gc           ] GC(78) Pause Young (Normal) (G1 Evacuation Pause) 3384M->30M(5632M) 120.965ms
[2020-10-31T07:29:27.679+0000][info][gc,cpu       ] GC(78) User=0.23s Sys=0.00s Real=0.12s
[2020-10-31T07:29:27.679+0000][info][safepoint    ] Safepoint "G1CollectForAllocation", Time since last: 572830395 ns, Reaching safepoint: 54517 ns, At safepoint: 121027925 ns, Total: 121082442 ns
[2020-10-31T07:29:28.679+0000][info][safepoint    ] Safepoint "Cleanup", Time since last: 1000084023 ns, Reaching safepoint: 57621 ns, At safepoint: 4472 ns, Total: 62093 ns
[2020-10-31T07:29:29.679+0000][info][safepoint    ] Safepoint "Cleanup", Time since last: 1000106645 ns, Reaching safepoint: 124514 ns, At safepoint: 5116 ns, Total: 129630 ns
[2020-10-31T07:29:30.679+0000][info][safepoint    ] Safepoint "Cleanup", Time since last: 1000116970 ns, Reaching safepoint: 124038 ns, At safepoint: 6280 ns, Total: 130318 ns
[2020-10-31T07:29:31.679+0000][info][safepoint    ] Safepoint "Cleanup", Time since last: 1000110480 ns, Reaching safepoint: 138873 ns, At safepoint: 3568 ns, Total: 142441 ns
[2020-10-31T07:29:32.680+0000][info][safepoint    ] Safepoint "Cleanup", Time since last: 1000113247 ns, Reaching safepoint: 61945 ns, At safepoint: 4175 ns, Total: 66120 ns
[2020-10-31T07:29:33.680+0000][info][safepoint    ] Safepoint "Cleanup", Time since last: 1000108225 ns, Reaching safepoint: 138063 ns, At safepoint: 3335 ns, Total: 141398 ns
[2020-10-31T07:29:34.680+0000][info][safepoint    ] Safepoint "Cleanup", Time since last: 1000110443 ns, Reaching safepoint: 142663 ns, At safepoint: 3448 ns, Total: 146111 ns
[2020-10-31T07:29:35.680+0000][info][safepoint    ] Safepoint "Cleanup", Time since last: 1000109785 ns, Reaching safepoint: 90156 ns, At safepoint: 7649 ns, Total: 97805 ns
[2020-10-31T07:29:36.681+0000][info][safepoint    ] Safepoint "Cleanup", Time since last: 1000097629 ns, Reaching safepoint: 137239 ns, At safepoint: 5568 ns, Total: 142807 ns
[2020-10-31T07:29:37.727+0000][info][safepoint    ] Safepoint "Cleanup", Time since last: 1045918637 ns, Reaching safepoint: 128956 ns, At safepoint: 5636 ns, Total: 134592 ns
[2020-10-31T07:29:38.290+0000][info][gc,start     ] GC(79) Pause Young (Normal) (G1 Evacuation Pause)
[2020-10-31T07:29:38.290+0000][info][gc,task      ] GC(79) Using 2 workers of 2 for evacuation
[2020-10-31T07:29:38.410+0000][info][gc,phases    ] GC(79)   Pre Evacuate Collection Set: 0.6ms
[2020-10-31T07:29:38.410+0000][info][gc,phases    ] GC(79)   Evacuate Collection Set: 91.6ms
[2020-10-31T07:29:38.410+0000][info][gc,phases    ] GC(79)   Post Evacuate Collection Set: 27.9ms
[2020-10-31T07:29:38.410+0000][info][gc,phases    ] GC(79)   Other: 0.5ms
[2020-10-31T07:29:38.410+0000][info][gc,heap      ] GC(79) Eden regions: 1677->0(1676)
[2020-10-31T07:29:38.410+0000][info][gc,heap      ] GC(79) Survivor regions: 12->13(212)
[2020-10-31T07:29:38.410+0000][info][gc,heap      ] GC(79) Old regions: 3->3
[2020-10-31T07:29:38.410+0000][info][gc,heap      ] GC(79) Archive regions: 2->2
[2020-10-31T07:29:38.410+0000][info][gc,heap      ] GC(79) Humongous regions: 0->0
[2020-10-31T07:29:38.410+0000][info][gc,metaspace ] GC(79) Metaspace: 13668K->13668K(1060864K)
[2020-10-31T07:29:38.410+0000][info][gc           ] GC(79) Pause Young (Normal) (G1 Evacuation Pause) 3384M->31M(5632M) 120.632ms
[2020-10-31T07:29:38.410+0000][info][gc,cpu       ] GC(79) User=0.23s Sys=0.00s Real=0.12s
[2020-10-31T07:29:38.410+0000][info][safepoint    ] Safepoint "G1CollectForAllocation", Time since last: 563090914 ns, Reaching safepoint: 51930 ns, At safepoint: 120685391 ns, Total: 120737321 ns
[2020-10-31T07:29:39.411+0000][info][safepoint    ] Safepoint "Cleanup", Time since last: 1000082777 ns, Reaching safepoint: 137439 ns, At safepoint: 3522 ns, Total: 140961 ns
[2020-10-31T07:29:40.411+0000][info][safepoint    ] Safepoint "Cleanup", Time since last: 1000110005 ns, Reaching safepoint: 141412 ns, At safepoint: 6055 ns, Total: 147467 ns
[2020-10-31T07:29:41.411+0000][info][safepoint    ] Safepoint "Cleanup", Time since last: 1000109470 ns, Reaching safepoint: 138944 ns, At safepoint: 3247 ns, Total: 142191 ns
[2020-10-31T07:29:42.411+0000][info][safepoint    ] Safepoint "Cleanup", Time since last: 1000106648 ns, Reaching safepoint: 125722 ns, At safepoint: 6500 ns, Total: 132222 ns
[2020-10-31T07:29:43.412+0000][info][safepoint    ] Safepoint "Cleanup", Time since last: 1000104427 ns, Reaching safepoint: 125931 ns, At safepoint: 5446 ns, Total: 131377 ns
[2020-10-31T07:29:44.412+0000][info][safepoint    ] Safepoint "Cleanup", Time since last: 1000110701 ns, Reaching safepoint: 47475 ns, At safepoint: 3671 ns, Total: 51146 ns
[2020-10-31T07:29:45.412+0000][info][safepoint    ] Safepoint "Cleanup", Time since last: 1000109273 ns, Reaching safepoint: 45514 ns, At safepoint: 5533 ns, Total: 51047 ns
[2020-10-31T07:29:46.412+0000][info][safepoint    ] Safepoint "Cleanup", Time since last: 1000112191 ns, Reaching safepoint: 50636 ns, At safepoint: 2108 ns, Total: 52744 ns
[2020-10-31T07:29:47.412+0000][info][safepoint    ] Safepoint "Cleanup", Time since last: 1000104359 ns, Reaching safepoint: 127375 ns, At safepoint: 7093 ns, Total: 134468 ns
[2020-10-31T07:29:48.413+0000][info][safepoint    ] Safepoint "Cleanup", Time since last: 1000820977 ns, Reaching safepoint: 50706 ns, At safepoint: 6201 ns, Total: 56907 ns
[2020-10-31T07:29:48.998+0000][info][gc,start     ] GC(80) Pause Young (Normal) (G1 Evacuation Pause)
[2020-10-31T07:29:48.998+0000][info][gc,task      ] GC(80) Using 2 workers of 2 for evacuation
[2020-10-31T07:29:49.118+0000][info][gc,phases    ] GC(80)   Pre Evacuate Collection Set: 0.6ms
[2020-10-31T07:29:49.118+0000][info][gc,phases    ] GC(80)   Evacuate Collection Set: 90.7ms
[2020-10-31T07:29:49.118+0000][info][gc,phases    ] GC(80)   Post Evacuate Collection Set: 28.3ms
[2020-10-31T07:29:49.118+0000][info][gc,phases    ] GC(80)   Other: 0.5ms
[2020-10-31T07:29:49.118+0000][info][gc,heap      ] GC(80) Eden regions: 1676->0(1677)
[2020-10-31T07:29:49.118+0000][info][gc,heap      ] GC(80) Survivor regions: 13->12(212)
[2020-10-31T07:29:49.118+0000][info][gc,heap      ] GC(80) Old regions: 3->3
[2020-10-31T07:29:49.118+0000][info][gc,heap      ] GC(80) Archive regions: 2->2
[2020-10-31T07:29:49.118+0000][info][gc,heap      ] GC(80) Humongous regions: 0->0
[2020-10-31T07:29:49.118+0000][info][gc,metaspace ] GC(80) Metaspace: 13668K->13668K(1060864K)
[2020-10-31T07:29:49.118+0000][info][gc           ] GC(80) Pause Young (Normal) (G1 Evacuation Pause) 3383M->30M(5632M) 120.100ms
[2020-10-31T07:29:49.118+0000][info][gc,cpu       ] GC(80) User=0.24s Sys=0.00s Real=0.12s
[2020-10-31T07:29:49.118+0000][info][safepoint    ] Safepoint "G1CollectForAllocation", Time since last: 584895861 ns, Reaching safepoint: 54724 ns, At safepoint: 120164274 ns, Total: 120218998 ns
[2020-10-31T07:29:50.119+0000][info][safepoint    ] Safepoint "Cleanup", Time since last: 1000082710 ns, Reaching safepoint: 57571 ns, At safepoint: 3898 ns, Total: 61469 ns
[2020-10-31T07:29:51.119+0000][info][safepoint    ] Safepoint "Cleanup", Time since last: 1000106798 ns, Reaching safepoint: 61260 ns, At safepoint: 3974 ns, Total: 65234 ns
[2020-10-31T07:29:52.119+0000][info][safepoint    ] Safepoint "Cleanup", Time since last: 1000109497 ns, Reaching safepoint: 124037 ns, At safepoint: 5449 ns, Total: 129486 ns
[2020-10-31T07:29:53.119+0000][info][safepoint    ] Safepoint "Cleanup", Time since last: 1000109381 ns, Reaching safepoint: 53172 ns, At safepoint: 5643 ns, Total: 58815 ns
[2020-10-31T07:29:54.119+0000][info][safepoint    ] Safepoint "Cleanup", Time since last: 1000104101 ns, Reaching safepoint: 129632 ns, At safepoint: 7318 ns, Total: 136950 ns
[2020-10-31T07:29:55.120+0000][info][safepoint    ] Safepoint "Cleanup", Time since last: 1000109123 ns, Reaching safepoint: 126594 ns, At safepoint: 6806 ns, Total: 133400 ns
[2020-10-31T07:29:56.120+0000][info][safepoint    ] Safepoint "Cleanup", Time since last: 1000109137 ns, Reaching safepoint: 50917 ns, At safepoint: 2106 ns, Total: 53023 ns
[2020-10-31T07:29:57.120+0000][info][safepoint    ] Safepoint "Cleanup", Time since last: 1000101439 ns, Reaching safepoint: 128479 ns, At safepoint: 7348 ns, Total: 135827 ns
[2020-10-31T07:29:58.120+0000][info][safepoint    ] Safepoint "Cleanup", Time since last: 1000106897 ns, Reaching safepoint: 125500 ns, At safepoint: 6527 ns, Total: 132027 ns
[2020-10-31T07:29:59.120+0000][info][safepoint    ] Safepoint "Cleanup", Time since last: 1000110128 ns, Reaching safepoint: 128104 ns, At safepoint: 5906 ns, Total: 134010 ns
[2020-10-31T07:29:59.732+0000][info][gc,start     ] GC(81) Pause Young (Normal) (G1 Evacuation Pause)
[2020-10-31T07:29:59.732+0000][info][gc,task      ] GC(81) Using 2 workers of 2 for evacuation
[2020-10-31T07:29:59.854+0000][info][gc,phases    ] GC(81)   Pre Evacuate Collection Set: 0.5ms
[2020-10-31T07:29:59.854+0000][info][gc,phases    ] GC(81)   Evacuate Collection Set: 91.4ms
[2020-10-31T07:29:59.854+0000][info][gc,phases    ] GC(81)   Post Evacuate Collection Set: 29.9ms
[2020-10-31T07:29:59.854+0000][info][gc,phases    ] GC(81)   Other: 0.5ms
[2020-10-31T07:29:59.854+0000][info][gc,heap      ] GC(81) Eden regions: 1677->0(1676)
[2020-10-31T07:29:59.854+0000][info][gc,heap      ] GC(81) Survivor regions: 12->13(212)
[2020-10-31T07:29:59.854+0000][info][gc,heap      ] GC(81) Old regions: 3->3
[2020-10-31T07:29:59.854+0000][info][gc,heap      ] GC(81) Archive regions: 2->2
[2020-10-31T07:29:59.854+0000][info][gc,heap      ] GC(81) Humongous regions: 0->0
[2020-10-31T07:29:59.854+0000][info][gc,metaspace ] GC(81) Metaspace: 13668K->13668K(1060864K)
[2020-10-31T07:29:59.854+0000][info][gc           ] GC(81) Pause Young (Normal) (G1 Evacuation Pause) 3384M->31M(5632M) 122.400ms
[2020-10-31T07:29:59.854+0000][info][gc,cpu       ] GC(81) User=0.24s Sys=0.00s Real=0.13s
[2020-10-31T07:29:59.854+0000][info][safepoint    ] Safepoint "G1CollectForAllocation", Time since last: 611504163 ns, Reaching safepoint: 51682 ns, At safepoint: 122461393 ns, Total: 122513075 ns
[2020-10-31T07:30:00.855+0000][info][safepoint    ] Safepoint "Cleanup", Time since last: 1000084535 ns, Reaching safepoint: 49201 ns, At safepoint: 1953 ns, Total: 51154 ns
[2020-10-31T07:30:01.855+0000][info][safepoint    ] Safepoint "Cleanup", Time since last: 1000102677 ns, Reaching safepoint: 67285 ns, At safepoint: 6116 ns, Total: 73401 ns
[2020-10-31T07:30:02.855+0000][info][safepoint    ] Safepoint "Cleanup", Time since last: 1000109750 ns, Reaching safepoint: 125590 ns, At safepoint: 6076 ns, Total: 131666 ns
[2020-10-31T07:30:03.855+0000][info][safepoint    ] Safepoint "Cleanup", Time since last: 1000110036 ns, Reaching safepoint: 139330 ns, At safepoint: 3206 ns, Total: 142536 ns
[2020-10-31T07:30:04.856+0000][info][safepoint    ] Safepoint "Cleanup", Time since last: 1000106103 ns, Reaching safepoint: 124199 ns, At safepoint: 6862 ns, Total: 131061 ns
[2020-10-31T07:30:05.856+0000][info][safepoint    ] Safepoint "Cleanup", Time since last: 1000104293 ns, Reaching safepoint: 51773 ns, At safepoint: 3240 ns, Total: 55013 ns
[2020-10-31T07:30:06.856+0000][info][safepoint    ] Safepoint "Cleanup", Time since last: 1000105169 ns, Reaching safepoint: 79092 ns, At safepoint: 3669 ns, Total: 82761 ns
[2020-10-31T07:30:07.856+0000][info][safepoint    ] Safepoint "Cleanup", Time since last: 1000104602 ns, Reaching safepoint: 140684 ns, At safepoint: 3348 ns, Total: 144032 ns
[2020-10-31T07:30:08.856+0000][info][safepoint    ] Safepoint "Cleanup", Time since last: 1000109577 ns, Reaching safepoint: 139035 ns, At safepoint: 3838 ns, Total: 142873 ns
[2020-10-31T07:30:09.857+0000][info][safepoint    ] Safepoint "Cleanup", Time since last: 1000107669 ns, Reaching safepoint: 139555 ns, At safepoint: 3652 ns, Total: 143207 ns
[2020-10-31T07:30:10.471+0000][info][gc,start     ] GC(82) Pause Young (Normal) (G1 Evacuation Pause)
[2020-10-31T07:30:10.471+0000][info][gc,task      ] GC(82) Using 2 workers of 2 for evacuation
[2020-10-31T07:30:10.590+0000][info][gc,phases    ] GC(82)   Pre Evacuate Collection Set: 0.5ms
[2020-10-31T07:30:10.590+0000][info][gc,phases    ] GC(82)   Evacuate Collection Set: 90.7ms
[2020-10-31T07:30:10.590+0000][info][gc,phases    ] GC(82)   Post Evacuate Collection Set: 27.6ms
[2020-10-31T07:30:10.590+0000][info][gc,phases    ] GC(82)   Other: 0.5ms
[2020-10-31T07:30:10.590+0000][info][gc,heap      ] GC(82) Eden regions: 1676->0(1676)
[2020-10-31T07:30:10.590+0000][info][gc,heap      ] GC(82) Survivor regions: 13->13(212)
[2020-10-31T07:30:10.590+0000][info][gc,heap      ] GC(82) Old regions: 3->3
[2020-10-31T07:30:10.590+0000][info][gc,heap      ] GC(82) Archive regions: 2->2
[2020-10-31T07:30:10.590+0000][info][gc,heap      ] GC(82) Humongous regions: 0->0
[2020-10-31T07:30:10.590+0000][info][gc,metaspace ] GC(82) Metaspace: 13668K->13668K(1060864K)
[2020-10-31T07:30:10.590+0000][info][gc           ] GC(82) Pause Young (Normal) (G1 Evacuation Pause) 3383M->31M(5632M) 119.405ms
[2020-10-31T07:30:10.590+0000][info][gc,cpu       ] GC(82) User=0.24s Sys=0.00s Real=0.12s
[2020-10-31T07:30:10.590+0000][info][safepoint    ] Safepoint "G1CollectForAllocation", Time since last: 613989470 ns, Reaching safepoint: 48156 ns, At safepoint: 119471396 ns, Total: 119519552 ns
[2020-10-31T07:30:11.590+0000][info][safepoint    ] Safepoint "Cleanup", Time since last: 1000084494 ns, Reaching safepoint: 141083 ns, At safepoint: 3220 ns, Total: 144303 ns
[2020-10-31T07:30:12.591+0000][info][safepoint    ] Safepoint "Cleanup", Time since last: 1000108476 ns, Reaching safepoint: 141177 ns, At safepoint: 6354 ns, Total: 147531 ns
[2020-10-31T07:30:13.591+0000][info][safepoint    ] Safepoint "Cleanup", Time since last: 1000108300 ns, Reaching safepoint: 131001 ns, At safepoint: 6142 ns, Total: 137143 ns
[2020-10-31T07:30:14.591+0000][info][safepoint    ] Safepoint "Cleanup", Time since last: 1000108539 ns, Reaching safepoint: 120738 ns, At safepoint: 6765 ns, Total: 127503 ns
[2020-10-31T07:30:15.591+0000][info][safepoint    ] Safepoint "Cleanup", Time since last: 1000107610 ns, Reaching safepoint: 127827 ns, At safepoint: 5199 ns, Total: 133026 ns
[2020-10-31T07:30:16.592+0000][info][safepoint    ] Safepoint "Cleanup", Time since last: 1000107247 ns, Reaching safepoint: 66392 ns, At safepoint: 7228 ns, Total: 73620 ns
[2020-10-31T07:30:17.592+0000][info][safepoint    ] Safepoint "Cleanup", Time since last: 1000107473 ns, Reaching safepoint: 143655 ns, At safepoint: 9034 ns, Total: 152689 ns
[2020-10-31T07:30:18.593+0000][info][safepoint    ] Safepoint "Cleanup", Time since last: 1000841132 ns, Reaching safepoint: 63996 ns, At safepoint: 4765 ns, Total: 68761 ns
[2020-10-31T07:30:19.593+0000][info][safepoint    ] Safepoint "Cleanup", Time since last: 1000105204 ns, Reaching safepoint: 80100 ns, At safepoint: 5019 ns, Total: 85119 ns
[2020-10-31T07:30:20.593+0000][info][safepoint    ] Safepoint "Cleanup", Time since last: 1000108509 ns, Reaching safepoint: 126932 ns, At safepoint: 6356 ns, Total: 133288 ns
[2020-10-31T07:30:21.158+0000][info][gc,start     ] GC(83) Pause Young (Normal) (G1 Evacuation Pause)
[2020-10-31T07:30:21.158+0000][info][gc,task      ] GC(83) Using 2 workers of 2 for evacuation
[2020-10-31T07:30:21.278+0000][info][gc,phases    ] GC(83)   Pre Evacuate Collection Set: 0.6ms
[2020-10-31T07:30:21.278+0000][info][gc,phases    ] GC(83)   Evacuate Collection Set: 90.9ms
[2020-10-31T07:30:21.278+0000][info][gc,phases    ] GC(83)   Post Evacuate Collection Set: 28.1ms
[2020-10-31T07:30:21.278+0000][info][gc,phases    ] GC(83)   Other: 0.5ms
[2020-10-31T07:30:21.278+0000][info][gc,heap      ] GC(83) Eden regions: 1676->0(1676)
[2020-10-31T07:30:21.278+0000][info][gc,heap      ] GC(83) Survivor regions: 13->13(212)
[2020-10-31T07:30:21.278+0000][info][gc,heap      ] GC(83) Old regions: 3->3
[2020-10-31T07:30:21.278+0000][info][gc,heap      ] GC(83) Archive regions: 2->2
[2020-10-31T07:30:21.278+0000][info][gc,heap      ] GC(83) Humongous regions: 0->0
[2020-10-31T07:30:21.278+0000][info][gc,metaspace ] GC(83) Metaspace: 13668K->13668K(1060864K)
[2020-10-31T07:30:21.278+0000][info][gc           ] GC(83) Pause Young (Normal) (G1 Evacuation Pause) 3383M->31M(5632M) 120.112ms
[2020-10-31T07:30:21.278+0000][info][gc,cpu       ] GC(83) User=0.24s Sys=0.00s Real=0.12s
[2020-10-31T07:30:21.278+0000][info][safepoint    ] Safepoint "G1CollectForAllocation", Time since last: 564768124 ns, Reaching safepoint: 54060 ns, At safepoint: 120172548 ns, Total: 120226608 ns
[2020-10-31T07:30:22.278+0000][info][safepoint    ] Safepoint "Cleanup", Time since last: 1000087047 ns, Reaching safepoint: 133166 ns, At safepoint: 8013 ns, Total: 141179 ns
[2020-10-31T07:30:23.279+0000][info][safepoint    ] Safepoint "Cleanup", Time since last: 1000110303 ns, Reaching safepoint: 127144 ns, At safepoint: 6358 ns, Total: 133502 ns
[2020-10-31T07:30:24.279+0000][info][safepoint    ] Safepoint "Cleanup", Time since last: 1000113298 ns, Reaching safepoint: 58640 ns, At safepoint: 6009 ns, Total: 64649 ns
[2020-10-31T07:30:25.279+0000][info][safepoint    ] Safepoint "Cleanup", Time since last: 1000129252 ns, Reaching safepoint: 138054 ns, At safepoint: 3492 ns, Total: 141546 ns
[2020-10-31T07:30:26.279+0000][info][safepoint    ] Safepoint "Cleanup", Time since last: 1000107797 ns, Reaching safepoint: 63002 ns, At safepoint: 7043 ns, Total: 70045 ns
[2020-10-31T07:30:27.279+0000][info][safepoint    ] Safepoint "Cleanup", Time since last: 1000103783 ns, Reaching safepoint: 125183 ns, At safepoint: 6115 ns, Total: 131298 ns
[2020-10-31T07:30:28.280+0000][info][safepoint    ] Safepoint "Cleanup", Time since last: 1000109302 ns, Reaching safepoint: 62852 ns, At safepoint: 4665 ns, Total: 67517 ns
[2020-10-31T07:30:29.280+0000][info][safepoint    ] Safepoint "Cleanup", Time since last: 1000105837 ns, Reaching safepoint: 138821 ns, At safepoint: 3396 ns, Total: 142217 ns
[2020-10-31T07:30:30.280+0000][info][safepoint    ] Safepoint "Cleanup", Time since last: 1000108532 ns, Reaching safepoint: 121950 ns, At safepoint: 5947 ns, Total: 127897 ns
[2020-10-31T07:30:31.280+0000][info][safepoint    ] Safepoint "Cleanup", Time since last: 1000105629 ns, Reaching safepoint: 122342 ns, At safepoint: 6349 ns, Total: 128691 ns
[2020-10-31T07:30:31.894+0000][info][gc,start     ] GC(84) Pause Young (Normal) (G1 Evacuation Pause)
[2020-10-31T07:30:31.894+0000][info][gc,task      ] GC(84) Using 2 workers of 2 for evacuation
[2020-10-31T07:30:32.022+0000][info][gc,phases    ] GC(84)   Pre Evacuate Collection Set: 0.6ms
[2020-10-31T07:30:32.022+0000][info][gc,phases    ] GC(84)   Evacuate Collection Set: 93.6ms
[2020-10-31T07:30:32.022+0000][info][gc,phases    ] GC(84)   Post Evacuate Collection Set: 33.3ms
[2020-10-31T07:30:32.022+0000][info][gc,phases    ] GC(84)   Other: 0.5ms
[2020-10-31T07:30:32.022+0000][info][gc,heap      ] GC(84) Eden regions: 1676->0(1677)
[2020-10-31T07:30:32.022+0000][info][gc,heap      ] GC(84) Survivor regions: 13->12(212)
[2020-10-31T07:30:32.022+0000][info][gc,heap      ] GC(84) Old regions: 3->3
[2020-10-31T07:30:32.022+0000][info][gc,heap      ] GC(84) Archive regions: 2->2
[2020-10-31T07:30:32.022+0000][info][gc,heap      ] GC(84) Humongous regions: 0->0
[2020-10-31T07:30:32.022+0000][info][gc,metaspace ] GC(84) Metaspace: 13669K->13669K(1060864K)
[2020-10-31T07:30:32.022+0000][info][gc           ] GC(84) Pause Young (Normal) (G1 Evacuation Pause) 3383M->30M(5632M) 128.054ms
[2020-10-31T07:30:32.022+0000][info][gc,cpu       ] GC(84) User=0.24s Sys=0.00s Real=0.12s
[2020-10-31T07:30:32.022+0000][info][safepoint    ] Safepoint "G1CollectForAllocation", Time since last: 613760642 ns, Reaching safepoint: 52897 ns, At safepoint: 128107684 ns, Total: 128160581 ns
[2020-10-31T07:30:33.022+0000][info][safepoint    ] Safepoint "Cleanup", Time since last: 1000084268 ns, Reaching safepoint: 125606 ns, At safepoint: 6147 ns, Total: 131753 ns
[2020-10-31T07:30:34.023+0000][info][safepoint    ] Safepoint "Cleanup", Time since last: 1000107151 ns, Reaching safepoint: 126122 ns, At safepoint: 5301 ns, Total: 131423 ns
[2020-10-31T07:30:35.023+0000][info][safepoint    ] Safepoint "Cleanup", Time since last: 1000110211 ns, Reaching safepoint: 63467 ns, At safepoint: 4371 ns, Total: 67838 ns
[2020-10-31T07:30:36.321+0000][info][safepoint    ] Safepoint "Cleanup", Time since last: 1297527246 ns, Reaching safepoint: 152167 ns, At safepoint: 3230 ns, Total: 155397 ns
[2020-10-31T07:30:37.321+0000][info][safepoint    ] Safepoint "Cleanup", Time since last: 1000111810 ns, Reaching safepoint: 82870 ns, At safepoint: 4319 ns, Total: 87189 ns
[2020-10-31T07:30:38.321+0000][info][safepoint    ] Safepoint "Cleanup", Time since last: 1000103465 ns, Reaching safepoint: 138038 ns, At safepoint: 3420 ns, Total: 141458 ns
[2020-10-31T07:30:39.321+0000][info][safepoint    ] Safepoint "Cleanup", Time since last: 1000111295 ns, Reaching safepoint: 52484 ns, At safepoint: 7080 ns, Total: 59564 ns
[2020-10-31T07:30:40.321+0000][info][safepoint    ] Safepoint "Cleanup", Time since last: 1000111832 ns, Reaching safepoint: 122888 ns, At safepoint: 6590 ns, Total: 129478 ns
[2020-10-31T07:30:41.322+0000][info][safepoint    ] Safepoint "Cleanup", Time since last: 1000111914 ns, Reaching safepoint: 126474 ns, At safepoint: 6120 ns, Total: 132594 ns
[2020-10-31T07:30:42.322+0000][info][safepoint    ] Safepoint "Cleanup", Time since last: 1000116016 ns, Reaching safepoint: 59544 ns, At safepoint: 3578 ns, Total: 63122 ns
[2020-10-31T07:30:42.647+0000][info][gc,start     ] GC(85) Pause Young (Normal) (G1 Evacuation Pause)
[2020-10-31T07:30:42.647+0000][info][gc,task      ] GC(85) Using 2 workers of 2 for evacuation
[2020-10-31T07:30:42.775+0000][info][gc,phases    ] GC(85)   Pre Evacuate Collection Set: 0.6ms
[2020-10-31T07:30:42.775+0000][info][gc,phases    ] GC(85)   Evacuate Collection Set: 98.4ms
[2020-10-31T07:30:42.775+0000][info][gc,phases    ] GC(85)   Post Evacuate Collection Set: 28.7ms
[2020-10-31T07:30:42.775+0000][info][gc,phases    ] GC(85)   Other: 0.5ms
[2020-10-31T07:30:42.775+0000][info][gc,heap      ] GC(85) Eden regions: 1677->0(1676)
[2020-10-31T07:30:42.775+0000][info][gc,heap      ] GC(85) Survivor regions: 12->13(212)
[2020-10-31T07:30:42.775+0000][info][gc,heap      ] GC(85) Old regions: 3->3
[2020-10-31T07:30:42.775+0000][info][gc,heap      ] GC(85) Archive regions: 2->2
[2020-10-31T07:30:42.775+0000][info][gc,heap      ] GC(85) Humongous regions: 0->0
[2020-10-31T07:30:42.775+0000][info][gc,metaspace ] GC(85) Metaspace: 13679K->13679K(1060864K)
[2020-10-31T07:30:42.775+0000][info][gc           ] GC(85) Pause Young (Normal) (G1 Evacuation Pause) 3384M->31M(5632M) 128.300ms
[2020-10-31T07:30:42.775+0000][info][gc,cpu       ] GC(85) User=0.23s Sys=0.00s Real=0.13s
[2020-10-31T07:30:42.775+0000][info][safepoint    ] Safepoint "G1CollectForAllocation", Time since last: 324716820 ns, Reaching safepoint: 51699 ns, At safepoint: 128356295 ns, Total: 128407994 ns
[2020-10-31T07:30:43.775+0000][info][safepoint    ] Safepoint "Cleanup", Time since last: 1000081617 ns, Reaching safepoint: 128006 ns, At safepoint: 5865 ns, Total: 133871 ns
[2020-10-31T07:30:44.775+0000][info][safepoint    ] Safepoint "Cleanup", Time since last: 1000108814 ns, Reaching safepoint: 137308 ns, At safepoint: 5050 ns, Total: 142358 ns
[2020-10-31T07:30:45.776+0000][info][safepoint    ] Safepoint "Cleanup", Time since last: 1000100696 ns, Reaching safepoint: 139511 ns, At safepoint: 3056 ns, Total: 142567 ns
[2020-10-31T07:30:46.776+0000][info][safepoint    ] Safepoint "Cleanup", Time since last: 1000108892 ns, Reaching safepoint: 136385 ns, At safepoint: 5742 ns, Total: 142127 ns
[2020-10-31T07:30:47.776+0000][info][safepoint    ] Safepoint "Cleanup", Time since last: 1000108481 ns, Reaching safepoint: 132161 ns, At safepoint: 6119 ns, Total: 138280 ns
[2020-10-31T07:30:48.777+0000][info][safepoint    ] Safepoint "Cleanup", Time since last: 1000807547 ns, Reaching safepoint: 138897 ns, At safepoint: 5657 ns, Total: 144554 ns
[2020-10-31T07:30:49.777+0000][info][safepoint    ] Safepoint "Cleanup", Time since last: 1000108452 ns, Reaching safepoint: 140032 ns, At safepoint: 5476 ns, Total: 145508 ns
[2020-10-31T07:30:50.778+0000][info][safepoint    ] Safepoint "Cleanup", Time since last: 1000110045 ns, Reaching safepoint: 137375 ns, At safepoint: 3260 ns, Total: 140635 ns
[2020-10-31T07:30:51.778+0000][info][safepoint    ] Safepoint "Cleanup", Time since last: 1000112069 ns, Reaching safepoint: 125345 ns, At safepoint: 5757 ns, Total: 131102 ns
[2020-10-31T07:30:52.778+0000][info][safepoint    ] Safepoint "Cleanup", Time since last: 1000109703 ns, Reaching safepoint: 130609 ns, At safepoint: 6516 ns, Total: 137125 ns
[2020-10-31T07:30:53.326+0000][info][gc,start     ] GC(86) Pause Young (Normal) (G1 Evacuation Pause)
[2020-10-31T07:30:53.326+0000][info][gc,task      ] GC(86) Using 2 workers of 2 for evacuation
[2020-10-31T07:30:53.450+0000][info][gc,phases    ] GC(86)   Pre Evacuate Collection Set: 0.6ms
[2020-10-31T07:30:53.450+0000][info][gc,phases    ] GC(86)   Evacuate Collection Set: 94.1ms
[2020-10-31T07:30:53.450+0000][info][gc,phases    ] GC(86)   Post Evacuate Collection Set: 29.3ms
[2020-10-31T07:30:53.450+0000][info][gc,phases    ] GC(86)   Other: 0.5ms
[2020-10-31T07:30:53.450+0000][info][gc,heap      ] GC(86) Eden regions: 1676->0(1676)
[2020-10-31T07:30:53.450+0000][info][gc,heap      ] GC(86) Survivor regions: 13->13(212)
[2020-10-31T07:30:53.450+0000][info][gc,heap      ] GC(86) Old regions: 3->3
[2020-10-31T07:30:53.450+0000][info][gc,heap      ] GC(86) Archive regions: 2->2
[2020-10-31T07:30:53.450+0000][info][gc,heap      ] GC(86) Humongous regions: 0->0
[2020-10-31T07:30:53.450+0000][info][gc,metaspace ] GC(86) Metaspace: 13679K->13679K(1060864K)
[2020-10-31T07:30:53.450+0000][info][gc           ] GC(86) Pause Young (Normal) (G1 Evacuation Pause) 3383M->31M(5632M) 124.582ms
[2020-10-31T07:30:53.450+0000][info][gc,cpu       ] GC(86) User=0.23s Sys=0.00s Real=0.12s
[2020-10-31T07:30:53.450+0000][info][safepoint    ] Safepoint "G1CollectForAllocation", Time since last: 547506720 ns, Reaching safepoint: 65882 ns, At safepoint: 124645231 ns, Total: 124711113 ns
[2020-10-31T07:30:54.451+0000][info][safepoint    ] Safepoint "Cleanup", Time since last: 1000081135 ns, Reaching safepoint: 129976 ns, At safepoint: 5938 ns, Total: 135914 ns
[2020-10-31T07:30:55.451+0000][info][safepoint    ] Safepoint "Cleanup", Time since last: 1000110862 ns, Reaching safepoint: 139729 ns, At safepoint: 6447 ns, Total: 146176 ns
[2020-10-31T07:30:56.451+0000][info][safepoint    ] Safepoint "Cleanup", Time since last: 1000112358 ns, Reaching safepoint: 126290 ns, At safepoint: 5426 ns, Total: 131716 ns
[2020-10-31T07:30:57.451+0000][info][safepoint    ] Safepoint "Cleanup", Time since last: 1000113011 ns, Reaching safepoint: 126345 ns, At safepoint: 6954 ns, Total: 133299 ns
[2020-10-31T07:30:58.451+0000][info][safepoint    ] Safepoint "Cleanup", Time since last: 1000110091 ns, Reaching safepoint: 45877 ns, At safepoint: 1705 ns, Total: 47582 ns
[2020-10-31T07:30:59.452+0000][info][safepoint    ] Safepoint "Cleanup", Time since last: 1000096723 ns, Reaching safepoint: 119400 ns, At safepoint: 5675 ns, Total: 125075 ns
[2020-10-31T07:31:00.452+0000][info][safepoint    ] Safepoint "Cleanup", Time since last: 1000105152 ns, Reaching safepoint: 46085 ns, At safepoint: 1749 ns, Total: 47834 ns
[2020-10-31T07:31:01.452+0000][info][safepoint    ] Safepoint "Cleanup", Time since last: 1000109718 ns, Reaching safepoint: 53782 ns, At safepoint: 3178 ns, Total: 56960 ns
[2020-10-31T07:31:02.452+0000][info][safepoint    ] Safepoint "Cleanup", Time since last: 1000102847 ns, Reaching safepoint: 49904 ns, At safepoint: 5035 ns, Total: 54939 ns
[2020-10-31T07:31:03.452+0000][info][safepoint    ] Safepoint "Cleanup", Time since last: 1000104338 ns, Reaching safepoint: 48954 ns, At safepoint: 1840 ns, Total: 50794 ns
[2020-10-31T07:31:03.980+0000][info][gc,start     ] GC(87) Pause Young (Normal) (G1 Evacuation Pause)
[2020-10-31T07:31:03.980+0000][info][gc,task      ] GC(87) Using 2 workers of 2 for evacuation
[2020-10-31T07:31:04.106+0000][info][gc,phases    ] GC(87)   Pre Evacuate Collection Set: 0.6ms
[2020-10-31T07:31:04.106+0000][info][gc,phases    ] GC(87)   Evacuate Collection Set: 94.3ms
[2020-10-31T07:31:04.106+0000][info][gc,phases    ] GC(87)   Post Evacuate Collection Set: 30.2ms
[2020-10-31T07:31:04.106+0000][info][gc,phases    ] GC(87)   Other: 0.5ms
[2020-10-31T07:31:04.106+0000][info][gc,heap      ] GC(87) Eden regions: 1676->0(1677)
[2020-10-31T07:31:04.106+0000][info][gc,heap      ] GC(87) Survivor regions: 13->12(212)
[2020-10-31T07:31:04.106+0000][info][gc,heap      ] GC(87) Old regions: 3->3
[2020-10-31T07:31:04.106+0000][info][gc,heap      ] GC(87) Archive regions: 2->2
[2020-10-31T07:31:04.106+0000][info][gc,heap      ] GC(87) Humongous regions: 0->0
[2020-10-31T07:31:04.106+0000][info][gc,metaspace ] GC(87) Metaspace: 13679K->13679K(1060864K)
[2020-10-31T07:31:04.106+0000][info][gc           ] GC(87) Pause Young (Normal) (G1 Evacuation Pause) 3383M->30M(5632M) 125.622ms
[2020-10-31T07:31:04.106+0000][info][gc,cpu       ] GC(87) User=0.24s Sys=0.00s Real=0.13s
[2020-10-31T07:31:04.106+0000][info][safepoint    ] Safepoint "G1CollectForAllocation", Time since last: 527952159 ns, Reaching safepoint: 62057 ns, At safepoint: 125686876 ns, Total: 125748933 ns
[2020-10-31T07:31:05.106+0000][info][safepoint    ] Safepoint "Cleanup", Time since last: 1000084290 ns, Reaching safepoint: 137264 ns, At safepoint: 3296 ns, Total: 140560 ns
[2020-10-31T07:31:06.106+0000][info][safepoint    ] Safepoint "Cleanup", Time since last: 1000109758 ns, Reaching safepoint: 49551 ns, At safepoint: 5263 ns, Total: 54814 ns
[2020-10-31T07:31:07.107+0000][info][safepoint    ] Safepoint "Cleanup", Time since last: 1000103941 ns, Reaching safepoint: 64450 ns, At safepoint: 4767 ns, Total: 69217 ns
[2020-10-31T07:31:08.107+0000][info][safepoint    ] Safepoint "Cleanup", Time since last: 1000108343 ns, Reaching safepoint: 161201 ns, At safepoint: 5602 ns, Total: 166803 ns
[2020-10-31T07:31:09.107+0000][info][safepoint    ] Safepoint "Cleanup", Time since last: 1000102577 ns, Reaching safepoint: 135785 ns, At safepoint: 5724 ns, Total: 141509 ns
[2020-10-31T07:31:10.107+0000][info][safepoint    ] Safepoint "Cleanup", Time since last: 1000111771 ns, Reaching safepoint: 129348 ns, At safepoint: 6137 ns, Total: 135485 ns
[2020-10-31T07:31:11.108+0000][info][safepoint    ] Safepoint "Cleanup", Time since last: 1000108688 ns, Reaching safepoint: 51589 ns, At safepoint: 3435 ns, Total: 55024 ns
[2020-10-31T07:31:12.108+0000][info][safepoint    ] Safepoint "Cleanup", Time since last: 1000106710 ns, Reaching safepoint: 125028 ns, At safepoint: 6744 ns, Total: 131772 ns
[2020-10-31T07:31:13.108+0000][info][safepoint    ] Safepoint "Cleanup", Time since last: 1000109468 ns, Reaching safepoint: 127838 ns, At safepoint: 6084 ns, Total: 133922 ns
[2020-10-31T07:31:14.108+0000][info][safepoint    ] Safepoint "Cleanup", Time since last: 1000109270 ns, Reaching safepoint: 126570 ns, At safepoint: 6283 ns, Total: 132853 ns
[2020-10-31T07:31:14.656+0000][info][gc,start     ] GC(88) Pause Young (Normal) (G1 Evacuation Pause)
[2020-10-31T07:31:14.656+0000][info][gc,task      ] GC(88) Using 2 workers of 2 for evacuation
[2020-10-31T07:31:14.778+0000][info][gc,phases    ] GC(88)   Pre Evacuate Collection Set: 0.6ms
[2020-10-31T07:31:14.778+0000][info][gc,phases    ] GC(88)   Evacuate Collection Set: 93.4ms
[2020-10-31T07:31:14.778+0000][info][gc,phases    ] GC(88)   Post Evacuate Collection Set: 27.9ms
[2020-10-31T07:31:14.778+0000][info][gc,phases    ] GC(88)   Other: 0.5ms
[2020-10-31T07:31:14.778+0000][info][gc,heap      ] GC(88) Eden regions: 1677->0(1676)
[2020-10-31T07:31:14.778+0000][info][gc,heap      ] GC(88) Survivor regions: 12->13(212)
[2020-10-31T07:31:14.778+0000][info][gc,heap      ] GC(88) Old regions: 3->3
[2020-10-31T07:31:14.778+0000][info][gc,heap      ] GC(88) Archive regions: 2->2
[2020-10-31T07:31:14.778+0000][info][gc,heap      ] GC(88) Humongous regions: 0->0
[2020-10-31T07:31:14.778+0000][info][gc,metaspace ] GC(88) Metaspace: 13701K->13701K(1062912K)
[2020-10-31T07:31:14.778+0000][info][gc           ] GC(88) Pause Young (Normal) (G1 Evacuation Pause) 3384M->31M(5632M) 122.420ms
[2020-10-31T07:31:14.778+0000][info][gc,cpu       ] GC(88) User=0.23s Sys=0.00s Real=0.12s
[2020-10-31T07:31:14.778+0000][info][safepoint    ] Safepoint "G1CollectForAllocation", Time since last: 547222507 ns, Reaching safepoint: 56641 ns, At safepoint: 122473633 ns, Total: 122530274 ns
[2020-10-31T07:31:15.778+0000][info][safepoint    ] Safepoint "Cleanup", Time since last: 1000086242 ns, Reaching safepoint: 131955 ns, At safepoint: 6184 ns, Total: 138139 ns
[2020-10-31T07:31:16.778+0000][info][safepoint    ] Safepoint "Cleanup", Time since last: 1000112268 ns, Reaching safepoint: 129837 ns, At safepoint: 5411 ns, Total: 135248 ns
[2020-10-31T07:31:17.779+0000][info][safepoint    ] Safepoint "Cleanup", Time since last: 1000108792 ns, Reaching safepoint: 123849 ns, At safepoint: 5215 ns, Total: 129064 ns
[2020-10-31T07:31:18.779+0000][info][safepoint    ] Safepoint "Cleanup", Time since last: 1000114956 ns, Reaching safepoint: 140096 ns, At safepoint: 6378 ns, Total: 146474 ns
[2020-10-31T07:31:19.779+0000][info][safepoint    ] Safepoint "Cleanup", Time since last: 1000125940 ns, Reaching safepoint: 49389 ns, At safepoint: 2004 ns, Total: 51393 ns
[2020-10-31T07:31:20.779+0000][info][safepoint    ] Safepoint "Cleanup", Time since last: 1000099633 ns, Reaching safepoint: 66501 ns, At safepoint: 4672 ns, Total: 71173 ns
[2020-10-31T07:31:21.780+0000][info][safepoint    ] Safepoint "Cleanup", Time since last: 1000100996 ns, Reaching safepoint: 66486 ns, At safepoint: 3176 ns, Total: 69662 ns
[2020-10-31T07:31:22.780+0000][info][safepoint    ] Safepoint "Cleanup", Time since last: 1000109601 ns, Reaching safepoint: 139874 ns, At safepoint: 3463 ns, Total: 143337 ns
[2020-10-31T07:31:23.780+0000][info][safepoint    ] Safepoint "Cleanup", Time since last: 1000112641 ns, Reaching safepoint: 52494 ns, At safepoint: 5038 ns, Total: 57532 ns
[2020-10-31T07:31:24.780+0000][info][safepoint    ] Safepoint "Cleanup", Time since last: 1000104718 ns, Reaching safepoint: 138345 ns, At safepoint: 3706 ns, Total: 142051 ns
[2020-10-31T07:31:25.411+0000][info][gc,start     ] GC(89) Pause Young (Normal) (G1 Evacuation Pause)
[2020-10-31T07:31:25.411+0000][info][gc,task      ] GC(89) Using 2 workers of 2 for evacuation
[2020-10-31T07:31:25.534+0000][info][gc,phases    ] GC(89)   Pre Evacuate Collection Set: 0.6ms
[2020-10-31T07:31:25.534+0000][info][gc,phases    ] GC(89)   Evacuate Collection Set: 90.7ms
[2020-10-31T07:31:25.534+0000][info][gc,phases    ] GC(89)   Post Evacuate Collection Set: 31.1ms
[2020-10-31T07:31:25.534+0000][info][gc,phases    ] GC(89)   Other: 0.5ms
[2020-10-31T07:31:25.534+0000][info][gc,heap      ] GC(89) Eden regions: 1676->0(1676)
[2020-10-31T07:31:25.534+0000][info][gc,heap      ] GC(89) Survivor regions: 13->13(212)
[2020-10-31T07:31:25.534+0000][info][gc,heap      ] GC(89) Old regions: 3->3
[2020-10-31T07:31:25.534+0000][info][gc,heap      ] GC(89) Archive regions: 2->2
[2020-10-31T07:31:25.534+0000][info][gc,heap      ] GC(89) Humongous regions: 0->0
[2020-10-31T07:31:25.534+0000][info][gc,metaspace ] GC(89) Metaspace: 13702K->13702K(1062912K)
[2020-10-31T07:31:25.534+0000][info][gc           ] GC(89) Pause Young (Normal) (G1 Evacuation Pause) 3383M->31M(5632M) 122.942ms
[2020-10-31T07:31:25.534+0000][info][gc,cpu       ] GC(89) User=0.23s Sys=0.00s Real=0.13s
[2020-10-31T07:31:25.534+0000][info][safepoint    ] Safepoint "G1CollectForAllocation", Time since last: 630937138 ns, Reaching safepoint: 51311 ns, At safepoint: 122995810 ns, Total: 123047121 ns
[2020-10-31T07:31:26.534+0000][info][safepoint    ] Safepoint "Cleanup", Time since last: 1000085512 ns, Reaching safepoint: 140723 ns, At safepoint: 3264 ns, Total: 143987 ns
[2020-10-31T07:31:27.535+0000][info][safepoint    ] Safepoint "Cleanup", Time since last: 1000111415 ns, Reaching safepoint: 142387 ns, At safepoint: 3276 ns, Total: 145663 ns
[2020-10-31T07:31:28.535+0000][info][safepoint    ] Safepoint "Cleanup", Time since last: 1000113376 ns, Reaching safepoint: 123746 ns, At safepoint: 7356 ns, Total: 131102 ns
[2020-10-31T07:31:29.535+0000][info][safepoint    ] Safepoint "Cleanup", Time since last: 1000111143 ns, Reaching safepoint: 127418 ns, At safepoint: 7080 ns, Total: 134498 ns
[2020-10-31T07:31:30.535+0000][info][safepoint    ] Safepoint "Cleanup", Time since last: 1000109223 ns, Reaching safepoint: 127960 ns, At safepoint: 6504 ns, Total: 134464 ns
[2020-10-31T07:31:31.536+0000][info][safepoint    ] Safepoint "Cleanup", Time since last: 1000109342 ns, Reaching safepoint: 131156 ns, At safepoint: 5266 ns, Total: 136422 ns
[2020-10-31T07:31:32.536+0000][info][safepoint    ] Safepoint "Cleanup", Time since last: 1000112801 ns, Reaching safepoint: 127623 ns, At safepoint: 6995 ns, Total: 134618 ns
[2020-10-31T07:31:33.536+0000][info][safepoint    ] Safepoint "Cleanup", Time since last: 1000111579 ns, Reaching safepoint: 128898 ns, At safepoint: 5601 ns, Total: 134499 ns
[2020-10-31T07:31:34.536+0000][info][safepoint    ] Safepoint "Cleanup", Time since last: 1000110514 ns, Reaching safepoint: 118037 ns, At safepoint: 6337 ns, Total: 124374 ns
[2020-10-31T07:31:35.537+0000][info][safepoint    ] Safepoint "Cleanup", Time since last: 1000115675 ns, Reaching safepoint: 65361 ns, At safepoint: 3892 ns, Total: 69253 ns
[2020-10-31T07:31:36.150+0000][info][gc,start     ] GC(90) Pause Young (Normal) (G1 Evacuation Pause)
[2020-10-31T07:31:36.150+0000][info][gc,task      ] GC(90) Using 2 workers of 2 for evacuation
[2020-10-31T07:31:36.274+0000][info][gc,phases    ] GC(90)   Pre Evacuate Collection Set: 0.6ms
[2020-10-31T07:31:36.274+0000][info][gc,phases    ] GC(90)   Evacuate Collection Set: 94.2ms
[2020-10-31T07:31:36.274+0000][info][gc,phases    ] GC(90)   Post Evacuate Collection Set: 28.9ms
[2020-10-31T07:31:36.274+0000][info][gc,phases    ] GC(90)   Other: 0.5ms
[2020-10-31T07:31:36.274+0000][info][gc,heap      ] GC(90) Eden regions: 1676->0(1677)
[2020-10-31T07:31:36.274+0000][info][gc,heap      ] GC(90) Survivor regions: 13->12(212)
[2020-10-31T07:31:36.274+0000][info][gc,heap      ] GC(90) Old regions: 3->3
[2020-10-31T07:31:36.274+0000][info][gc,heap      ] GC(90) Archive regions: 2->2
[2020-10-31T07:31:36.274+0000][info][gc,heap      ] GC(90) Humongous regions: 0->0
[2020-10-31T07:31:36.274+0000][info][gc,metaspace ] GC(90) Metaspace: 13702K->13702K(1062912K)
[2020-10-31T07:31:36.274+0000][info][gc           ] GC(90) Pause Young (Normal) (G1 Evacuation Pause) 3383M->30M(5632M) 124.263ms
[2020-10-31T07:31:36.274+0000][info][gc,cpu       ] GC(90) User=0.23s Sys=0.00s Real=0.13s
[2020-10-31T07:31:36.274+0000][info][safepoint    ] Safepoint "G1CollectForAllocation", Time since last: 613273608 ns, Reaching safepoint: 65635 ns, At safepoint: 124318051 ns, Total: 124383686 ns
[2020-10-31T07:31:37.274+0000][info][safepoint    ] Safepoint "Cleanup", Time since last: 1000085610 ns, Reaching safepoint: 125905 ns, At safepoint: 5415 ns, Total: 131320 ns
[2020-10-31T07:31:38.275+0000][info][safepoint    ] Safepoint "Cleanup", Time since last: 1000106734 ns, Reaching safepoint: 159312 ns, At safepoint: 3384 ns, Total: 162696 ns
[2020-10-31T07:31:39.275+0000][info][safepoint    ] Safepoint "Cleanup", Time since last: 1000101004 ns, Reaching safepoint: 136716 ns, At safepoint: 3562 ns, Total: 140278 ns
[2020-10-31T07:31:40.275+0000][info][safepoint    ] Safepoint "Cleanup", Time since last: 1000109588 ns, Reaching safepoint: 51724 ns, At safepoint: 5504 ns, Total: 57228 ns
[2020-10-31T07:31:41.275+0000][info][safepoint    ] Safepoint "Cleanup", Time since last: 1000109500 ns, Reaching safepoint: 127822 ns, At safepoint: 6744 ns, Total: 134566 ns
[2020-10-31T07:31:42.276+0000][info][safepoint    ] Safepoint "Cleanup", Time since last: 1000110842 ns, Reaching safepoint: 121114 ns, At safepoint: 5227 ns, Total: 126341 ns
[2020-10-31T07:31:43.276+0000][info][safepoint    ] Safepoint "Cleanup", Time since last: 1000105453 ns, Reaching safepoint: 125847 ns, At safepoint: 7580 ns, Total: 133427 ns
[2020-10-31T07:31:44.276+0000][info][safepoint    ] Safepoint "Cleanup", Time since last: 1000108703 ns, Reaching safepoint: 46204 ns, At safepoint: 1867 ns, Total: 48071 ns
[2020-10-31T07:31:45.276+0000][info][safepoint    ] Safepoint "Cleanup", Time since last: 1000102563 ns, Reaching safepoint: 58167 ns, At safepoint: 5355 ns, Total: 63522 ns
[2020-10-31T07:31:46.276+0000][info][safepoint    ] Safepoint "Cleanup", Time since last: 1000107915 ns, Reaching safepoint: 127771 ns, At safepoint: 7038 ns, Total: 134809 ns
[2020-10-31T07:31:46.884+0000][info][gc,start     ] GC(91) Pause Young (Normal) (G1 Evacuation Pause)
[2020-10-31T07:31:46.884+0000][info][gc,task      ] GC(91) Using 2 workers of 2 for evacuation
[2020-10-31T07:31:47.010+0000][info][gc,phases    ] GC(91)   Pre Evacuate Collection Set: 0.6ms
[2020-10-31T07:31:47.010+0000][info][gc,phases    ] GC(91)   Evacuate Collection Set: 98.6ms
[2020-10-31T07:31:47.010+0000][info][gc,phases    ] GC(91)   Post Evacuate Collection Set: 26.7ms
[2020-10-31T07:31:47.010+0000][info][gc,phases    ] GC(91)   Other: 0.5ms
[2020-10-31T07:31:47.010+0000][info][gc,heap      ] GC(91) Eden regions: 1677->0(1676)
[2020-10-31T07:31:47.010+0000][info][gc,heap      ] GC(91) Survivor regions: 12->13(212)
[2020-10-31T07:31:47.010+0000][info][gc,heap      ] GC(91) Old regions: 3->3
[2020-10-31T07:31:47.010+0000][info][gc,heap      ] GC(91) Archive regions: 2->2
[2020-10-31T07:31:47.010+0000][info][gc,heap      ] GC(91) Humongous regions: 0->0
[2020-10-31T07:31:47.010+0000][info][gc,metaspace ] GC(91) Metaspace: 13703K->13703K(1062912K)
[2020-10-31T07:31:47.010+0000][info][gc           ] GC(91) Pause Young (Normal) (G1 Evacuation Pause) 3384M->31M(5632M) 126.412ms
[2020-10-31T07:31:47.010+0000][info][gc,cpu       ] GC(91) User=0.23s Sys=0.00s Real=0.13s
[2020-10-31T07:31:47.010+0000][info][safepoint    ] Safepoint "G1CollectForAllocation", Time since last: 607157994 ns, Reaching safepoint: 53031 ns, At safepoint: 126471649 ns, Total: 126524680 ns
[2020-10-31T07:31:48.010+0000][info][safepoint    ] Safepoint "Cleanup", Time since last: 1000081631 ns, Reaching safepoint: 138778 ns, At safepoint: 3521 ns, Total: 142299 ns
[2020-10-31T07:31:49.011+0000][info][safepoint    ] Safepoint "Cleanup", Time since last: 1000105803 ns, Reaching safepoint: 134026 ns, At safepoint: 3615 ns, Total: 137641 ns
[2020-10-31T07:31:50.695+0000][info][safepoint    ] Safepoint "Cleanup", Time since last: 1684725680 ns, Reaching safepoint: 130348 ns, At safepoint: 5623 ns, Total: 135971 ns
[2020-10-31T07:31:51.696+0000][info][safepoint    ] Safepoint "Cleanup", Time since last: 1000108154 ns, Reaching safepoint: 129731 ns, At safepoint: 6570 ns, Total: 136301 ns
[2020-10-31T07:31:52.696+0000][info][safepoint    ] Safepoint "Cleanup", Time since last: 1000106253 ns, Reaching safepoint: 137417 ns, At safepoint: 3785 ns, Total: 141202 ns
[2020-10-31T07:31:53.696+0000][info][safepoint    ] Safepoint "Cleanup", Time since last: 1000105258 ns, Reaching safepoint: 128788 ns, At safepoint: 6201 ns, Total: 134989 ns
[2020-10-31T07:31:54.696+0000][info][safepoint    ] Safepoint "Cleanup", Time since last: 1000110149 ns, Reaching safepoint: 124228 ns, At safepoint: 6866 ns, Total: 131094 ns
[2020-10-31T07:31:55.697+0000][info][safepoint    ] Safepoint "Cleanup", Time since last: 1000108206 ns, Reaching safepoint: 128608 ns, At safepoint: 6650 ns, Total: 135258 ns
[2020-10-31T07:31:56.697+0000][info][safepoint    ] Safepoint "Cleanup", Time since last: 1000111034 ns, Reaching safepoint: 47363 ns, At safepoint: 6340 ns, Total: 53703 ns
[2020-10-31T07:31:57.634+0000][info][gc,start     ] GC(92) Pause Young (Normal) (G1 Evacuation Pause)
[2020-10-31T07:31:57.634+0000][info][gc,task      ] GC(92) Using 2 workers of 2 for evacuation
[2020-10-31T07:31:57.754+0000][info][gc,phases    ] GC(92)   Pre Evacuate Collection Set: 0.6ms
[2020-10-31T07:31:57.754+0000][info][gc,phases    ] GC(92)   Evacuate Collection Set: 90.6ms
[2020-10-31T07:31:57.754+0000][info][gc,phases    ] GC(92)   Post Evacuate Collection Set: 29.0ms
[2020-10-31T07:31:57.754+0000][info][gc,phases    ] GC(92)   Other: 0.5ms
[2020-10-31T07:31:57.754+0000][info][gc,heap      ] GC(92) Eden regions: 1676->0(1676)
[2020-10-31T07:31:57.754+0000][info][gc,heap      ] GC(92) Survivor regions: 13->13(212)
[2020-10-31T07:31:57.754+0000][info][gc,heap      ] GC(92) Old regions: 3->3
[2020-10-31T07:31:57.754+0000][info][gc,heap      ] GC(92) Archive regions: 2->2
[2020-10-31T07:31:57.754+0000][info][gc,heap      ] GC(92) Humongous regions: 0->0
[2020-10-31T07:31:57.754+0000][info][gc,metaspace ] GC(92) Metaspace: 13708K->13708K(1062912K)
[2020-10-31T07:31:57.754+0000][info][gc           ] GC(92) Pause Young (Normal) (G1 Evacuation Pause) 3383M->31M(5632M) 120.768ms
[2020-10-31T07:31:57.754+0000][info][gc,cpu       ] GC(92) User=0.24s Sys=0.00s Real=0.12s
[2020-10-31T07:31:57.754+0000][info][safepoint    ] Safepoint "G1CollectForAllocation", Time since last: 936652085 ns, Reaching safepoint: 57454 ns, At safepoint: 120820298 ns, Total: 120877752 ns
[2020-10-31T07:31:58.755+0000][info][safepoint    ] Safepoint "Cleanup", Time since last: 1000084797 ns, Reaching safepoint: 140889 ns, At safepoint: 3273 ns, Total: 144162 ns
[2020-10-31T07:31:59.755+0000][info][safepoint    ] Safepoint "Cleanup", Time since last: 1000118960 ns, Reaching safepoint: 127149 ns, At safepoint: 3546 ns, Total: 130695 ns
[2020-10-31T07:32:00.755+0000][info][safepoint    ] Safepoint "Cleanup", Time since last: 1000098554 ns, Reaching safepoint: 140241 ns, At safepoint: 3385 ns, Total: 143626 ns
[2020-10-31T07:32:01.755+0000][info][safepoint    ] Safepoint "Cleanup", Time since last: 1000107024 ns, Reaching safepoint: 125503 ns, At safepoint: 5345 ns, Total: 130848 ns
[2020-10-31T07:32:02.755+0000][info][safepoint    ] Safepoint "Cleanup", Time since last: 1000110288 ns, Reaching safepoint: 46523 ns, At safepoint: 2931 ns, Total: 49454 ns
[2020-10-31T07:32:03.756+0000][info][safepoint    ] Safepoint "Cleanup", Time since last: 1000101789 ns, Reaching safepoint: 51986 ns, At safepoint: 5034 ns, Total: 57020 ns
[2020-10-31T07:32:04.756+0000][info][safepoint    ] Safepoint "Cleanup", Time since last: 1000103216 ns, Reaching safepoint: 132626 ns, At safepoint: 3641 ns, Total: 136267 ns
[2020-10-31T07:32:05.756+0000][info][safepoint    ] Safepoint "Cleanup", Time since last: 1000100622 ns, Reaching safepoint: 130883 ns, At safepoint: 6738 ns, Total: 137621 ns
[2020-10-31T07:32:06.756+0000][info][safepoint    ] Safepoint "Cleanup", Time since last: 1000106226 ns, Reaching safepoint: 143645 ns, At safepoint: 3644 ns, Total: 147289 ns
[2020-10-31T07:32:07.757+0000][info][safepoint    ] Safepoint "Cleanup", Time since last: 1000114390 ns, Reaching safepoint: 138774 ns, At safepoint: 6705 ns, Total: 145479 ns
[2020-10-31T07:32:08.374+0000][info][gc,start     ] GC(93) Pause Young (Normal) (G1 Evacuation Pause)
[2020-10-31T07:32:08.374+0000][info][gc,task      ] GC(93) Using 2 workers of 2 for evacuation
[2020-10-31T07:32:08.503+0000][info][gc,phases    ] GC(93)   Pre Evacuate Collection Set: 0.6ms
[2020-10-31T07:32:08.503+0000][info][gc,phases    ] GC(93)   Evacuate Collection Set: 97.6ms
[2020-10-31T07:32:08.503+0000][info][gc,phases    ] GC(93)   Post Evacuate Collection Set: 30.3ms
[2020-10-31T07:32:08.503+0000][info][gc,phases    ] GC(93)   Other: 0.5ms
[2020-10-31T07:32:08.503+0000][info][gc,heap      ] GC(93) Eden regions: 1676->0(1677)
[2020-10-31T07:32:08.503+0000][info][gc,heap      ] GC(93) Survivor regions: 13->12(212)
[2020-10-31T07:32:08.503+0000][info][gc,heap      ] GC(93) Old regions: 3->3
[2020-10-31T07:32:08.503+0000][info][gc,heap      ] GC(93) Archive regions: 2->2
[2020-10-31T07:32:08.503+0000][info][gc,heap      ] GC(93) Humongous regions: 0->0
[2020-10-31T07:32:08.503+0000][info][gc,metaspace ] GC(93) Metaspace: 13708K->13708K(1062912K)
[2020-10-31T07:32:08.503+0000][info][gc           ] GC(93) Pause Young (Normal) (G1 Evacuation Pause) 3383M->30M(5632M) 129.095ms
[2020-10-31T07:32:08.503+0000][info][gc,cpu       ] GC(93) User=0.23s Sys=0.00s Real=0.12s
[2020-10-31T07:32:08.503+0000][info][safepoint    ] Safepoint "G1CollectForAllocation", Time since last: 617108136 ns, Reaching safepoint: 56833 ns, At safepoint: 129149194 ns, Total: 129206027 ns
[2020-10-31T07:32:09.503+0000][info][safepoint    ] Safepoint "Cleanup", Time since last: 1000081461 ns, Reaching safepoint: 147919 ns, At safepoint: 5825 ns, Total: 153744 ns
[2020-10-31T07:32:10.503+0000][info][safepoint    ] Safepoint "Cleanup", Time since last: 1000101709 ns, Reaching safepoint: 125624 ns, At safepoint: 5960 ns, Total: 131584 ns
[2020-10-31T07:32:11.504+0000][info][safepoint    ] Safepoint "Cleanup", Time since last: 1000114906 ns, Reaching safepoint: 62233 ns, At safepoint: 3675 ns, Total: 65908 ns
[2020-10-31T07:32:12.504+0000][info][safepoint    ] Safepoint "Cleanup", Time since last: 1000112239 ns, Reaching safepoint: 139145 ns, At safepoint: 3453 ns, Total: 142598 ns
[2020-10-31T07:32:13.504+0000][info][safepoint    ] Safepoint "Cleanup", Time since last: 1000110320 ns, Reaching safepoint: 53302 ns, At safepoint: 3214 ns, Total: 56516 ns
[2020-10-31T07:32:14.504+0000][info][safepoint    ] Safepoint "Cleanup", Time since last: 1000101593 ns, Reaching safepoint: 126285 ns, At safepoint: 3304 ns, Total: 129589 ns
[2020-10-31T07:32:15.504+0000][info][safepoint    ] Safepoint "Cleanup", Time since last: 1000123854 ns, Reaching safepoint: 59004 ns, At safepoint: 5956 ns, Total: 64960 ns
[2020-10-31T07:32:16.505+0000][info][safepoint    ] Safepoint "Cleanup", Time since last: 1000107027 ns, Reaching safepoint: 134247 ns, At safepoint: 5559 ns, Total: 139806 ns
[2020-10-31T07:32:17.505+0000][info][safepoint    ] Safepoint "Cleanup", Time since last: 1000109590 ns, Reaching safepoint: 128367 ns, At safepoint: 7112 ns, Total: 135479 ns
[2020-10-31T07:32:18.505+0000][info][safepoint    ] Safepoint "Cleanup", Time since last: 1000111055 ns, Reaching safepoint: 129561 ns, At safepoint: 6827 ns, Total: 136388 ns
[2020-10-31T07:32:19.172+0000][info][gc,start     ] GC(94) Pause Young (Normal) (G1 Evacuation Pause)
[2020-10-31T07:32:19.172+0000][info][gc,task      ] GC(94) Using 2 workers of 2 for evacuation
[2020-10-31T07:32:19.295+0000][info][gc,phases    ] GC(94)   Pre Evacuate Collection Set: 0.6ms
[2020-10-31T07:32:19.295+0000][info][gc,phases    ] GC(94)   Evacuate Collection Set: 91.7ms
[2020-10-31T07:32:19.295+0000][info][gc,phases    ] GC(94)   Post Evacuate Collection Set: 30.4ms
[2020-10-31T07:32:19.295+0000][info][gc,phases    ] GC(94)   Other: 0.5ms
[2020-10-31T07:32:19.295+0000][info][gc,heap      ] GC(94) Eden regions: 1677->0(1677)
[2020-10-31T07:32:19.295+0000][info][gc,heap      ] GC(94) Survivor regions: 12->12(212)
[2020-10-31T07:32:19.295+0000][info][gc,heap      ] GC(94) Old regions: 3->3
[2020-10-31T07:32:19.295+0000][info][gc,heap      ] GC(94) Archive regions: 2->2
[2020-10-31T07:32:19.295+0000][info][gc,heap      ] GC(94) Humongous regions: 0->0
[2020-10-31T07:32:19.295+0000][info][gc,metaspace ] GC(94) Metaspace: 13709K->13709K(1062912K)
[2020-10-31T07:32:19.295+0000][info][gc           ] GC(94) Pause Young (Normal) (G1 Evacuation Pause) 3384M->30M(5632M) 123.258ms
[2020-10-31T07:32:19.295+0000][info][gc,cpu       ] GC(94) User=0.24s Sys=0.00s Real=0.13s
[2020-10-31T07:32:19.295+0000][info][safepoint    ] Safepoint "G1CollectForAllocation", Time since last: 666741600 ns, Reaching safepoint: 56110 ns, At safepoint: 123311720 ns, Total: 123367830 ns
[2020-10-31T07:32:20.295+0000][info][safepoint    ] Safepoint "Cleanup", Time since last: 1000087541 ns, Reaching safepoint: 62118 ns, At safepoint: 4162 ns, Total: 66280 ns
[2020-10-31T07:32:21.296+0000][info][safepoint    ] Safepoint "Cleanup", Time since last: 1000109271 ns, Reaching safepoint: 133718 ns, At safepoint: 6182 ns, Total: 139900 ns
[2020-10-31T07:32:22.296+0000][info][safepoint    ] Safepoint "Cleanup", Time since last: 1000115619 ns, Reaching safepoint: 60446 ns, At safepoint: 3956 ns, Total: 64402 ns
[2020-10-31T07:32:23.296+0000][info][safepoint    ] Safepoint "Cleanup", Time since last: 1000111902 ns, Reaching safepoint: 51229 ns, At safepoint: 5669 ns, Total: 56898 ns
[2020-10-31T07:32:24.296+0000][info][safepoint    ] Safepoint "Cleanup", Time since last: 1000107686 ns, Reaching safepoint: 55286 ns, At safepoint: 6330 ns, Total: 61616 ns
[2020-10-31T07:32:25.296+0000][info][safepoint    ] Safepoint "Cleanup", Time since last: 1000111806 ns, Reaching safepoint: 130442 ns, At safepoint: 5608 ns, Total: 136050 ns
[2020-10-31T07:32:26.297+0000][info][safepoint    ] Safepoint "Cleanup", Time since last: 1000110424 ns, Reaching safepoint: 139960 ns, At safepoint: 6686 ns, Total: 146646 ns
[2020-10-31T07:32:27.297+0000][info][safepoint    ] Safepoint "Cleanup", Time since last: 1000113348 ns, Reaching safepoint: 131202 ns, At safepoint: 6319 ns, Total: 137521 ns
[2020-10-31T07:32:28.297+0000][info][safepoint    ] Safepoint "Cleanup", Time since last: 1000110894 ns, Reaching safepoint: 143291 ns, At safepoint: 3633 ns, Total: 146924 ns
[2020-10-31T07:32:29.297+0000][info][safepoint    ] Safepoint "Cleanup", Time since last: 1000112255 ns, Reaching safepoint: 67041 ns, At safepoint: 5009 ns, Total: 72050 ns
[2020-10-31T07:32:29.938+0000][info][gc,start     ] GC(95) Pause Young (Normal) (G1 Evacuation Pause)
[2020-10-31T07:32:29.938+0000][info][gc,task      ] GC(95) Using 2 workers of 2 for evacuation
[2020-10-31T07:32:30.063+0000][info][gc,phases    ] GC(95)   Pre Evacuate Collection Set: 0.6ms
[2020-10-31T07:32:30.063+0000][info][gc,phases    ] GC(95)   Evacuate Collection Set: 92.8ms
[2020-10-31T07:32:30.063+0000][info][gc,phases    ] GC(95)   Post Evacuate Collection Set: 31.2ms
[2020-10-31T07:32:30.063+0000][info][gc,phases    ] GC(95)   Other: 0.5ms
[2020-10-31T07:32:30.063+0000][info][gc,heap      ] GC(95) Eden regions: 1677->0(1677)
[2020-10-31T07:32:30.063+0000][info][gc,heap      ] GC(95) Survivor regions: 12->12(212)
[2020-10-31T07:32:30.063+0000][info][gc,heap      ] GC(95) Old regions: 3->3
[2020-10-31T07:32:30.063+0000][info][gc,heap      ] GC(95) Archive regions: 2->2
[2020-10-31T07:32:30.063+0000][info][gc,heap      ] GC(95) Humongous regions: 0->0
[2020-10-31T07:32:30.063+0000][info][gc,metaspace ] GC(95) Metaspace: 13709K->13709K(1062912K)
[2020-10-31T07:32:30.063+0000][info][gc           ] GC(95) Pause Young (Normal) (G1 Evacuation Pause) 3384M->30M(5632M) 125.230ms
[2020-10-31T07:32:30.063+0000][info][gc,cpu       ] GC(95) User=0.25s Sys=0.00s Real=0.12s
[2020-10-31T07:32:30.063+0000][info][safepoint    ] Safepoint "G1CollectForAllocation", Time since last: 640577639 ns, Reaching safepoint: 60000 ns, At safepoint: 125294089 ns, Total: 125354089 ns
[2020-10-31T07:32:31.063+0000][info][safepoint    ] Safepoint "Cleanup", Time since last: 1000086370 ns, Reaching safepoint: 130464 ns, At safepoint: 5691 ns, Total: 136155 ns
[2020-10-31T07:32:32.064+0000][info][safepoint    ] Safepoint "Cleanup", Time since last: 1000108704 ns, Reaching safepoint: 138670 ns, At safepoint: 3496 ns, Total: 142166 ns
[2020-10-31T07:32:33.064+0000][info][safepoint    ] Safepoint "Cleanup", Time since last: 1000111579 ns, Reaching safepoint: 58617 ns, At safepoint: 6854 ns, Total: 65471 ns
[2020-10-31T07:32:34.064+0000][info][safepoint    ] Safepoint "Cleanup", Time since last: 1000110561 ns, Reaching safepoint: 141210 ns, At safepoint: 3427 ns, Total: 144637 ns
[2020-10-31T07:32:35.064+0000][info][safepoint    ] Safepoint "Cleanup", Time since last: 1000109894 ns, Reaching safepoint: 138332 ns, At safepoint: 3238 ns, Total: 141570 ns
[2020-10-31T07:32:36.065+0000][info][safepoint    ] Safepoint "Cleanup", Time since last: 1000109731 ns, Reaching safepoint: 139729 ns, At safepoint: 5658 ns, Total: 145387 ns
[2020-10-31T07:32:37.065+0000][info][safepoint    ] Safepoint "Cleanup", Time since last: 1000111085 ns, Reaching safepoint: 131648 ns, At safepoint: 5594 ns, Total: 137242 ns
[2020-10-31T07:32:38.065+0000][info][safepoint    ] Safepoint "Cleanup", Time since last: 1000112782 ns, Reaching safepoint: 130699 ns, At safepoint: 5348 ns, Total: 136047 ns
[2020-10-31T07:32:39.065+0000][info][safepoint    ] Safepoint "Cleanup", Time since last: 1000110221 ns, Reaching safepoint: 130824 ns, At safepoint: 6877 ns, Total: 137701 ns
[2020-10-31T07:32:40.066+0000][info][safepoint    ] Safepoint "Cleanup", Time since last: 1000117587 ns, Reaching safepoint: 62616 ns, At safepoint: 1782 ns, Total: 64398 ns
[2020-10-31T07:32:40.707+0000][info][gc,start     ] GC(96) Pause Young (Normal) (G1 Evacuation Pause)
[2020-10-31T07:32:40.707+0000][info][gc,task      ] GC(96) Using 2 workers of 2 for evacuation
[2020-10-31T07:32:40.831+0000][info][gc,phases    ] GC(96)   Pre Evacuate Collection Set: 0.6ms
[2020-10-31T07:32:40.831+0000][info][gc,phases    ] GC(96)   Evacuate Collection Set: 91.8ms
[2020-10-31T07:32:40.831+0000][info][gc,phases    ] GC(96)   Post Evacuate Collection Set: 30.9ms
[2020-10-31T07:32:40.831+0000][info][gc,phases    ] GC(96)   Other: 0.5ms
[2020-10-31T07:32:40.831+0000][info][gc,heap      ] GC(96) Eden regions: 1677->0(1677)
[2020-10-31T07:32:40.831+0000][info][gc,heap      ] GC(96) Survivor regions: 12->12(212)
[2020-10-31T07:32:40.831+0000][info][gc,heap      ] GC(96) Old regions: 3->3
[2020-10-31T07:32:40.831+0000][info][gc,heap      ] GC(96) Archive regions: 2->2
[2020-10-31T07:32:40.831+0000][info][gc,heap      ] GC(96) Humongous regions: 0->0
[2020-10-31T07:32:40.831+0000][info][gc,metaspace ] GC(96) Metaspace: 13709K->13709K(1062912K)
[2020-10-31T07:32:40.831+0000][info][gc           ] GC(96) Pause Young (Normal) (G1 Evacuation Pause) 3384M->30M(5632M) 123.871ms
[2020-10-31T07:32:40.831+0000][info][gc,cpu       ] GC(96) User=0.24s Sys=0.00s Real=0.12s
[2020-10-31T07:32:40.831+0000][info][safepoint    ] Safepoint "G1CollectForAllocation", Time since last: 641323464 ns, Reaching safepoint: 55797 ns, At safepoint: 123923070 ns, Total: 123978867 ns
[2020-10-31T07:32:41.831+0000][info][safepoint    ] Safepoint "Cleanup", Time since last: 1000085433 ns, Reaching safepoint: 51270 ns, At safepoint: 5995 ns, Total: 57265 ns
[2020-10-31T07:32:42.831+0000][info][safepoint    ] Safepoint "Cleanup", Time since last: 1000107705 ns, Reaching safepoint: 130180 ns, At safepoint: 5987 ns, Total: 136167 ns
[2020-10-31T07:32:43.832+0000][info][safepoint    ] Safepoint "Cleanup", Time since last: 1000108554 ns, Reaching safepoint: 130436 ns, At safepoint: 5911 ns, Total: 136347 ns
[2020-10-31T07:32:44.832+0000][info][safepoint    ] Safepoint "Cleanup", Time since last: 1000111928 ns, Reaching safepoint: 126328 ns, At safepoint: 12487 ns, Total: 138815 ns
[2020-10-31T07:32:45.832+0000][info][safepoint    ] Safepoint "Cleanup", Time since last: 1000108096 ns, Reaching safepoint: 122951 ns, At safepoint: 5798 ns, Total: 128749 ns
[2020-10-31T07:32:46.832+0000][info][safepoint    ] Safepoint "Cleanup", Time since last: 1000109851 ns, Reaching safepoint: 141198 ns, At safepoint: 3729 ns, Total: 144927 ns
[2020-10-31T07:32:47.832+0000][info][safepoint    ] Safepoint "Cleanup", Time since last: 1000112680 ns, Reaching safepoint: 64853 ns, At safepoint: 4925 ns, Total: 69778 ns
[2020-10-31T07:32:49.601+0000][info][safepoint    ] Safepoint "Cleanup", Time since last: 1768540329 ns, Reaching safepoint: 67357 ns, At safepoint: 5665 ns, Total: 73022 ns
[2020-10-31T07:32:50.601+0000][info][safepoint    ] Safepoint "Cleanup", Time since last: 1000125328 ns, Reaching safepoint: 47901 ns, At safepoint: 3983 ns, Total: 51884 ns
[2020-10-31T07:32:51.472+0000][info][gc,start     ] GC(97) Pause Young (Normal) (G1 Evacuation Pause)
[2020-10-31T07:32:51.472+0000][info][gc,task      ] GC(97) Using 2 workers of 2 for evacuation
[2020-10-31T07:32:51.595+0000][info][gc,phases    ] GC(97)   Pre Evacuate Collection Set: 0.6ms
[2020-10-31T07:32:51.595+0000][info][gc,phases    ] GC(97)   Evacuate Collection Set: 92.9ms
[2020-10-31T07:32:51.595+0000][info][gc,phases    ] GC(97)   Post Evacuate Collection Set: 29.3ms
[2020-10-31T07:32:51.595+0000][info][gc,phases    ] GC(97)   Other: 0.5ms
[2020-10-31T07:32:51.595+0000][info][gc,heap      ] GC(97) Eden regions: 1677->0(1676)
[2020-10-31T07:32:51.595+0000][info][gc,heap      ] GC(97) Survivor regions: 12->13(212)
[2020-10-31T07:32:51.595+0000][info][gc,heap      ] GC(97) Old regions: 3->3
[2020-10-31T07:32:51.595+0000][info][gc,heap      ] GC(97) Archive regions: 2->2
[2020-10-31T07:32:51.595+0000][info][gc,heap      ] GC(97) Humongous regions: 0->0
[2020-10-31T07:32:51.595+0000][info][gc,metaspace ] GC(97) Metaspace: 13709K->13709K(1062912K)
[2020-10-31T07:32:51.595+0000][info][gc           ] GC(97) Pause Young (Normal) (G1 Evacuation Pause) 3384M->31M(5632M) 123.349ms
[2020-10-31T07:32:51.595+0000][info][gc,cpu       ] GC(97) User=0.24s Sys=0.00s Real=0.13s
[2020-10-31T07:32:51.595+0000][info][safepoint    ] Safepoint "G1CollectForAllocation", Time since last: 870411532 ns, Reaching safepoint: 49837 ns, At safepoint: 123406005 ns, Total: 123455842 ns
[2020-10-31T07:32:52.595+0000][info][safepoint    ] Safepoint "Cleanup", Time since last: 1000083039 ns, Reaching safepoint: 137828 ns, At safepoint: 3563 ns, Total: 141391 ns
[2020-10-31T07:32:53.596+0000][info][safepoint    ] Safepoint "Cleanup", Time since last: 1000109567 ns, Reaching safepoint: 50964 ns, At safepoint: 2249 ns, Total: 53213 ns
[2020-10-31T07:32:54.596+0000][info][safepoint    ] Safepoint "Cleanup", Time since last: 1000102644 ns, Reaching safepoint: 63621 ns, At safepoint: 3540 ns, Total: 67161 ns
[2020-10-31T07:32:55.596+0000][info][safepoint    ] Safepoint "Cleanup", Time since last: 1000124652 ns, Reaching safepoint: 141844 ns, At safepoint: 3317 ns, Total: 145161 ns
[2020-10-31T07:32:56.596+0000][info][safepoint    ] Safepoint "Cleanup", Time since last: 1000115441 ns, Reaching safepoint: 140212 ns, At safepoint: 3401 ns, Total: 143613 ns
[2020-10-31T07:32:57.596+0000][info][safepoint    ] Safepoint "Cleanup", Time since last: 1000114076 ns, Reaching safepoint: 125353 ns, At safepoint: 6389 ns, Total: 131742 ns
[2020-10-31T07:32:58.597+0000][info][safepoint    ] Safepoint "Cleanup", Time since last: 1000073926 ns, Reaching safepoint: 119031 ns, At safepoint: 5672 ns, Total: 124703 ns
[2020-10-31T07:32:59.597+0000][info][safepoint    ] Safepoint "Cleanup", Time since last: 1000112441 ns, Reaching safepoint: 51650 ns, At safepoint: 5119 ns, Total: 56769 ns
[2020-10-31T07:33:00.597+0000][info][safepoint    ] Safepoint "Cleanup", Time since last: 1000105064 ns, Reaching safepoint: 50722 ns, At safepoint: 1993 ns, Total: 52715 ns
[2020-10-31T07:33:01.597+0000][info][safepoint    ] Safepoint "Cleanup", Time since last: 1000104378 ns, Reaching safepoint: 127670 ns, At safepoint: 5370 ns, Total: 133040 ns
[2020-10-31T07:33:02.208+0000][info][gc,start     ] GC(98) Pause Young (Normal) (G1 Evacuation Pause)
[2020-10-31T07:33:02.208+0000][info][gc,task      ] GC(98) Using 2 workers of 2 for evacuation
[2020-10-31T07:33:02.330+0000][info][gc,phases    ] GC(98)   Pre Evacuate Collection Set: 0.5ms
[2020-10-31T07:33:02.330+0000][info][gc,phases    ] GC(98)   Evacuate Collection Set: 90.8ms
[2020-10-31T07:33:02.330+0000][info][gc,phases    ] GC(98)   Post Evacuate Collection Set: 31.1ms
[2020-10-31T07:33:02.330+0000][info][gc,phases    ] GC(98)   Other: 0.5ms
[2020-10-31T07:33:02.330+0000][info][gc,heap      ] GC(98) Eden regions: 1676->0(1677)
[2020-10-31T07:33:02.330+0000][info][gc,heap      ] GC(98) Survivor regions: 13->12(212)
[2020-10-31T07:33:02.330+0000][info][gc,heap      ] GC(98) Old regions: 3->3
[2020-10-31T07:33:02.330+0000][info][gc,heap      ] GC(98) Archive regions: 2->2
[2020-10-31T07:33:02.330+0000][info][gc,heap      ] GC(98) Humongous regions: 0->0
[2020-10-31T07:33:02.330+0000][info][gc,metaspace ] GC(98) Metaspace: 13709K->13709K(1062912K)
[2020-10-31T07:33:02.331+0000][info][gc           ] GC(98) Pause Young (Normal) (G1 Evacuation Pause) 3383M->30M(5632M) 122.933ms
[2020-10-31T07:33:02.331+0000][info][gc,cpu       ] GC(98) User=0.24s Sys=0.00s Real=0.12s
[2020-10-31T07:33:02.331+0000][info][safepoint    ] Safepoint "G1CollectForAllocation", Time since last: 610274341 ns, Reaching safepoint: 54622 ns, At safepoint: 122995014 ns, Total: 123049636 ns
[2020-10-31T07:33:03.331+0000][info][safepoint    ] Safepoint "Cleanup", Time since last: 1000080557 ns, Reaching safepoint: 129360 ns, At safepoint: 6498 ns, Total: 135858 ns
[2020-10-31T07:33:04.331+0000][info][safepoint    ] Safepoint "Cleanup", Time since last: 1000110824 ns, Reaching safepoint: 125773 ns, At safepoint: 6253 ns, Total: 132026 ns
[2020-10-31T07:33:05.331+0000][info][safepoint    ] Safepoint "Cleanup", Time since last: 1000105036 ns, Reaching safepoint: 49960 ns, At safepoint: 5133 ns, Total: 55093 ns
[2020-10-31T07:33:06.331+0000][info][safepoint    ] Safepoint "Cleanup", Time since last: 1000109345 ns, Reaching safepoint: 140678 ns, At safepoint: 3891 ns, Total: 144569 ns
[2020-10-31T07:33:07.332+0000][info][safepoint    ] Safepoint "Cleanup", Time since last: 1000106720 ns, Reaching safepoint: 60830 ns, At safepoint: 4060 ns, Total: 64890 ns
[2020-10-31T07:33:08.332+0000][info][safepoint    ] Safepoint "Cleanup", Time since last: 1000107628 ns, Reaching safepoint: 139661 ns, At safepoint: 3523 ns, Total: 143184 ns
[2020-10-31T07:33:09.332+0000][info][safepoint    ] Safepoint "Cleanup", Time since last: 1000103543 ns, Reaching safepoint: 137859 ns, At safepoint: 3235 ns, Total: 141094 ns
[2020-10-31T07:33:10.332+0000][info][safepoint    ] Safepoint "Cleanup", Time since last: 1000108340 ns, Reaching safepoint: 60827 ns, At safepoint: 1692 ns, Total: 62519 ns
[2020-10-31T07:33:11.333+0000][info][safepoint    ] Safepoint "Cleanup", Time since last: 1000105357 ns, Reaching safepoint: 129562 ns, At safepoint: 5567 ns, Total: 135129 ns
[2020-10-31T07:33:12.333+0000][info][safepoint    ] Safepoint "Cleanup", Time since last: 1000117073 ns, Reaching safepoint: 129094 ns, At safepoint: 6468 ns, Total: 135562 ns
[2020-10-31T07:33:12.929+0000][info][gc,start     ] GC(99) Pause Young (Normal) (G1 Evacuation Pause)
[2020-10-31T07:33:12.929+0000][info][gc,task      ] GC(99) Using 2 workers of 2 for evacuation
[2020-10-31T07:33:13.050+0000][info][gc,phases    ] GC(99)   Pre Evacuate Collection Set: 0.6ms
[2020-10-31T07:33:13.050+0000][info][gc,phases    ] GC(99)   Evacuate Collection Set: 91.5ms
[2020-10-31T07:33:13.050+0000][info][gc,phases    ] GC(99)   Post Evacuate Collection Set: 28.5ms
[2020-10-31T07:33:13.051+0000][info][gc,phases    ] GC(99)   Other: 0.5ms
[2020-10-31T07:33:13.051+0000][info][gc,heap      ] GC(99) Eden regions: 1677->0(1677)
[2020-10-31T07:33:13.051+0000][info][gc,heap      ] GC(99) Survivor regions: 12->12(212)
[2020-10-31T07:33:13.051+0000][info][gc,heap      ] GC(99) Old regions: 3->3
[2020-10-31T07:33:13.051+0000][info][gc,heap      ] GC(99) Archive regions: 2->2
[2020-10-31T07:33:13.051+0000][info][gc,heap      ] GC(99) Humongous regions: 0->0
[2020-10-31T07:33:13.051+0000][info][gc,metaspace ] GC(99) Metaspace: 13709K->13709K(1062912K)
[2020-10-31T07:33:13.051+0000][info][gc           ] GC(99) Pause Young (Normal) (G1 Evacuation Pause) 3384M->30M(5632M) 121.223ms
[2020-10-31T07:33:13.051+0000][info][gc,cpu       ] GC(99) User=0.24s Sys=0.00s Real=0.12s
[2020-10-31T07:33:13.051+0000][info][safepoint    ] Safepoint "G1CollectForAllocation", Time since last: 596503928 ns, Reaching safepoint: 51887 ns, At safepoint: 121278205 ns, Total: 121330092 ns
[2020-10-31T07:33:14.051+0000][info][safepoint    ] Safepoint "Cleanup", Time since last: 1000083147 ns, Reaching safepoint: 122718 ns, At safepoint: 6413 ns, Total: 129131 ns
[2020-10-31T07:33:15.051+0000][info][safepoint    ] Safepoint "Cleanup", Time since last: 1000109992 ns, Reaching safepoint: 139717 ns, At safepoint: 5132 ns, Total: 144849 ns
[2020-10-31T07:33:16.051+0000][info][safepoint    ] Safepoint "Cleanup", Time since last: 1000110561 ns, Reaching safepoint: 52931 ns, At safepoint: 5812 ns, Total: 58743 ns
[2020-10-31T07:33:17.051+0000][info][safepoint    ] Safepoint "Cleanup", Time since last: 1000102123 ns, Reaching safepoint: 48297 ns, At safepoint: 4875 ns, Total: 53172 ns
[2020-10-31T07:33:18.052+0000][info][safepoint    ] Safepoint "Cleanup", Time since last: 1000105527 ns, Reaching safepoint: 125457 ns, At safepoint: 5963 ns, Total: 131420 ns
[2020-10-31T07:33:19.052+0000][info][safepoint    ] Safepoint "Cleanup", Time since last: 1000107449 ns, Reaching safepoint: 127997 ns, At safepoint: 6587 ns, Total: 134584 ns
[2020-10-31T07:33:20.052+0000][info][safepoint    ] Safepoint "Cleanup", Time since last: 1000111287 ns, Reaching safepoint: 130930 ns, At safepoint: 6313 ns, Total: 137243 ns
[2020-10-31T07:33:21.052+0000][info][safepoint    ] Safepoint "Cleanup", Time since last: 1000112770 ns, Reaching safepoint: 131873 ns, At safepoint: 6285 ns, Total: 138158 ns
[2020-10-31T07:33:22.053+0000][info][safepoint    ] Safepoint "Cleanup", Time since last: 1000107983 ns, Reaching safepoint: 134983 ns, At safepoint: 3344 ns, Total: 138327 ns
[2020-10-31T07:33:23.053+0000][info][safepoint    ] Safepoint "Cleanup", Time since last: 1000107199 ns, Reaching safepoint: 62331 ns, At safepoint: 3666 ns, Total: 65997 ns
[2020-10-31T07:33:23.671+0000][info][gc,start     ] GC(100) Pause Young (Normal) (G1 Evacuation Pause)
[2020-10-31T07:33:23.671+0000][info][gc,task      ] GC(100) Using 2 workers of 2 for evacuation
[2020-10-31T07:33:23.799+0000][info][gc,phases    ] GC(100)   Pre Evacuate Collection Set: 0.6ms
[2020-10-31T07:33:23.799+0000][info][gc,phases    ] GC(100)   Evacuate Collection Set: 98.6ms
[2020-10-31T07:33:23.799+0000][info][gc,phases    ] GC(100)   Post Evacuate Collection Set: 28.2ms
[2020-10-31T07:33:23.799+0000][info][gc,phases    ] GC(100)   Other: 0.5ms
[2020-10-31T07:33:23.799+0000][info][gc,heap      ] GC(100) Eden regions: 1677->0(1677)
[2020-10-31T07:33:23.799+0000][info][gc,heap      ] GC(100) Survivor regions: 12->12(212)
[2020-10-31T07:33:23.799+0000][info][gc,heap      ] GC(100) Old regions: 3->3
[2020-10-31T07:33:23.799+0000][info][gc,heap      ] GC(100) Archive regions: 2->2
[2020-10-31T07:33:23.799+0000][info][gc,heap      ] GC(100) Humongous regions: 0->0
[2020-10-31T07:33:23.799+0000][info][gc,metaspace ] GC(100) Metaspace: 13709K->13709K(1062912K)
[2020-10-31T07:33:23.799+0000][info][gc           ] GC(100) Pause Young (Normal) (G1 Evacuation Pause) 3384M->30M(5632M) 127.955ms
[2020-10-31T07:33:23.799+0000][info][gc,cpu       ] GC(100) User=0.23s Sys=0.00s Real=0.13s
[2020-10-31T07:33:23.799+0000][info][safepoint    ] Safepoint "G1CollectForAllocation", Time since last: 618028042 ns, Reaching safepoint: 67985 ns, At safepoint: 128025714 ns, Total: 128093699 ns
[2020-10-31T07:33:24.799+0000][info][safepoint    ] Safepoint "Cleanup", Time since last: 1000082043 ns, Reaching safepoint: 129408 ns, At safepoint: 5292 ns, Total: 134700 ns
[2020-10-31T07:33:25.799+0000][info][safepoint    ] Safepoint "Cleanup", Time since last: 1000109461 ns, Reaching safepoint: 47697 ns, At safepoint: 5280 ns, Total: 52977 ns
[2020-10-31T07:33:26.800+0000][info][safepoint    ] Safepoint "Cleanup", Time since last: 1000100595 ns, Reaching safepoint: 137540 ns, At safepoint: 3471 ns, Total: 141011 ns
[2020-10-31T07:33:27.800+0000][info][safepoint    ] Safepoint "Cleanup", Time since last: 1000109396 ns, Reaching safepoint: 123585 ns, At safepoint: 5711 ns, Total: 129296 ns
[2020-10-31T07:33:28.800+0000][info][safepoint    ] Safepoint "Cleanup", Time since last: 1000106820 ns, Reaching safepoint: 130511 ns, At safepoint: 5250 ns, Total: 135761 ns
[2020-10-31T07:33:29.800+0000][info][safepoint    ] Safepoint "Cleanup", Time since last: 1000106439 ns, Reaching safepoint: 125435 ns, At safepoint: 5999 ns, Total: 131434 ns
[2020-10-31T07:33:30.800+0000][info][safepoint    ] Safepoint "Cleanup", Time since last: 1000106650 ns, Reaching safepoint: 65022 ns, At safepoint: 4610 ns, Total: 69632 ns
[2020-10-31T07:33:31.801+0000][info][safepoint    ] Safepoint "Cleanup", Time since last: 1000112411 ns, Reaching safepoint: 128714 ns, At safepoint: 5732 ns, Total: 134446 ns
[2020-10-31T07:33:32.801+0000][info][safepoint    ] Safepoint "Cleanup", Time since last: 1000110029 ns, Reaching safepoint: 47757 ns, At safepoint: 3369 ns, Total: 51126 ns
[2020-10-31T07:33:33.801+0000][info][safepoint    ] Safepoint "Cleanup", Time since last: 1000110009 ns, Reaching safepoint: 128255 ns, At safepoint: 6211 ns, Total: 134466 ns
[2020-10-31T07:33:34.410+0000][info][gc,start     ] GC(101) Pause Young (Normal) (G1 Evacuation Pause)
[2020-10-31T07:33:34.410+0000][info][gc,task      ] GC(101) Using 2 workers of 2 for evacuation
[2020-10-31T07:33:34.530+0000][info][gc,phases    ] GC(101)   Pre Evacuate Collection Set: 0.6ms
[2020-10-31T07:33:34.530+0000][info][gc,phases    ] GC(101)   Evacuate Collection Set: 91.0ms
[2020-10-31T07:33:34.530+0000][info][gc,phases    ] GC(101)   Post Evacuate Collection Set: 27.9ms
[2020-10-31T07:33:34.530+0000][info][gc,phases    ] GC(101)   Other: 0.5ms
[2020-10-31T07:33:34.530+0000][info][gc,heap      ] GC(101) Eden regions: 1677->0(1676)
[2020-10-31T07:33:34.530+0000][info][gc,heap      ] GC(101) Survivor regions: 12->13(212)
[2020-10-31T07:33:34.530+0000][info][gc,heap      ] GC(101) Old regions: 3->3
[2020-10-31T07:33:34.530+0000][info][gc,heap      ] GC(101) Archive regions: 2->2
[2020-10-31T07:33:34.530+0000][info][gc,heap      ] GC(101) Humongous regions: 0->0
[2020-10-31T07:33:34.530+0000][info][gc,metaspace ] GC(101) Metaspace: 13709K->13709K(1062912K)
[2020-10-31T07:33:34.530+0000][info][gc           ] GC(101) Pause Young (Normal) (G1 Evacuation Pause) 3384M->31M(5632M) 120.062ms
[2020-10-31T07:33:34.530+0000][info][gc,cpu       ] GC(101) User=0.24s Sys=0.00s Real=0.12s
[2020-10-31T07:33:34.530+0000][info][safepoint    ] Safepoint "G1CollectForAllocation", Time since last: 609078764 ns, Reaching safepoint: 52583 ns, At safepoint: 120137389 ns, Total: 120189972 ns
[2020-10-31T07:33:35.531+0000][info][safepoint    ] Safepoint "Cleanup", Time since last: 1000080186 ns, Reaching safepoint: 123188 ns, At safepoint: 5283 ns, Total: 128471 ns
[2020-10-31T07:33:36.531+0000][info][safepoint    ] Safepoint "Cleanup", Time since last: 1000110781 ns, Reaching safepoint: 129816 ns, At safepoint: 6756 ns, Total: 136572 ns
[2020-10-31T07:33:37.531+0000][info][safepoint    ] Safepoint "Cleanup", Time since last: 1000106647 ns, Reaching safepoint: 132566 ns, At safepoint: 3827 ns, Total: 136393 ns
[2020-10-31T07:33:38.531+0000][info][safepoint    ] Safepoint "Cleanup", Time since last: 1000107748 ns, Reaching safepoint: 138212 ns, At safepoint: 3508 ns, Total: 141720 ns
[2020-10-31T07:33:39.532+0000][info][safepoint    ] Safepoint "Cleanup", Time since last: 1000109611 ns, Reaching safepoint: 127328 ns, At safepoint: 6417 ns, Total: 133745 ns
[2020-10-31T07:33:40.532+0000][info][safepoint    ] Safepoint "Cleanup", Time since last: 1000110526 ns, Reaching safepoint: 76707 ns, At safepoint: 7661 ns, Total: 84368 ns
[2020-10-31T07:33:41.532+0000][info][safepoint    ] Safepoint "Cleanup", Time since last: 1000104178 ns, Reaching safepoint: 66494 ns, At safepoint: 2324 ns, Total: 68818 ns
[2020-10-31T07:33:42.532+0000][info][safepoint    ] Safepoint "Cleanup", Time since last: 1000094798 ns, Reaching safepoint: 142970 ns, At safepoint: 6491 ns, Total: 149461 ns
[2020-10-31T07:33:43.532+0000][info][safepoint    ] Safepoint "Cleanup", Time since last: 1000109846 ns, Reaching safepoint: 59261 ns, At safepoint: 4271 ns, Total: 63532 ns
[2020-10-31T07:33:44.532+0000][info][safepoint    ] Safepoint "Cleanup", Time since last: 1000110931 ns, Reaching safepoint: 46939 ns, At safepoint: 2212 ns, Total: 49151 ns
[2020-10-31T07:33:45.146+0000][info][gc,start     ] GC(102) Pause Young (Normal) (G1 Evacuation Pause)
[2020-10-31T07:33:45.146+0000][info][gc,task      ] GC(102) Using 2 workers of 2 for evacuation
[2020-10-31T07:33:45.266+0000][info][gc,phases    ] GC(102)   Pre Evacuate Collection Set: 0.6ms
[2020-10-31T07:33:45.266+0000][info][gc,phases    ] GC(102)   Evacuate Collection Set: 90.7ms
[2020-10-31T07:33:45.266+0000][info][gc,phases    ] GC(102)   Post Evacuate Collection Set: 28.3ms
[2020-10-31T07:33:45.266+0000][info][gc,phases    ] GC(102)   Other: 0.5ms
[2020-10-31T07:33:45.266+0000][info][gc,heap      ] GC(102) Eden regions: 1676->0(1677)
[2020-10-31T07:33:45.266+0000][info][gc,heap      ] GC(102) Survivor regions: 13->12(212)
[2020-10-31T07:33:45.266+0000][info][gc,heap      ] GC(102) Old regions: 3->3
[2020-10-31T07:33:45.266+0000][info][gc,heap      ] GC(102) Archive regions: 2->2
[2020-10-31T07:33:45.266+0000][info][gc,heap      ] GC(102) Humongous regions: 0->0
[2020-10-31T07:33:45.266+0000][info][gc,metaspace ] GC(102) Metaspace: 13709K->13709K(1062912K)
[2020-10-31T07:33:45.266+0000][info][gc           ] GC(102) Pause Young (Normal) (G1 Evacuation Pause) 3383M->30M(5632M) 120.213ms
[2020-10-31T07:33:45.266+0000][info][gc,cpu       ] GC(102) User=0.24s Sys=0.00s Real=0.12s
[2020-10-31T07:33:45.266+0000][info][safepoint    ] Safepoint "G1CollectForAllocation", Time since last: 613286166 ns, Reaching safepoint: 54139 ns, At safepoint: 120266686 ns, Total: 120320825 ns
[2020-10-31T07:33:46.266+0000][info][safepoint    ] Safepoint "Cleanup", Time since last: 1000081865 ns, Reaching safepoint: 121711 ns, At safepoint: 6792 ns, Total: 128503 ns
[2020-10-31T07:33:47.266+0000][info][safepoint    ] Safepoint "Cleanup", Time since last: 1000111678 ns, Reaching safepoint: 49204 ns, At safepoint: 2502 ns, Total: 51706 ns
[2020-10-31T07:33:48.267+0000][info][safepoint    ] Safepoint "Cleanup", Time since last: 1000097974 ns, Reaching safepoint: 139539 ns, At safepoint: 3499 ns, Total: 143038 ns
[2020-10-31T07:33:49.267+0000][info][safepoint    ] Safepoint "Cleanup", Time since last: 1000110679 ns, Reaching safepoint: 119274 ns, At safepoint: 5881 ns, Total: 125155 ns
[2020-10-31T07:33:50.267+0000][info][safepoint    ] Safepoint "Cleanup", Time since last: 1000114426 ns, Reaching safepoint: 124224 ns, At safepoint: 3425 ns, Total: 127649 ns
[2020-10-31T07:33:51.267+0000][info][safepoint    ] Safepoint "Cleanup", Time since last: 1000110844 ns, Reaching safepoint: 47717 ns, At safepoint: 1696 ns, Total: 49413 ns
[2020-10-31T07:33:52.268+0000][info][safepoint    ] Safepoint "Cleanup", Time since last: 1000101646 ns, Reaching safepoint: 123501 ns, At safepoint: 5230 ns, Total: 128731 ns
[2020-10-31T07:33:53.268+0000][info][safepoint    ] Safepoint "Cleanup", Time since last: 1000108701 ns, Reaching safepoint: 47034 ns, At safepoint: 1735 ns, Total: 48769 ns
[2020-10-31T07:33:54.268+0000][info][safepoint    ] Safepoint "Cleanup", Time since last: 1000100114 ns, Reaching safepoint: 136295 ns, At safepoint: 3321 ns, Total: 139616 ns
[2020-10-31T07:33:55.268+0000][info][safepoint    ] Safepoint "Cleanup", Time since last: 1000107728 ns, Reaching safepoint: 127077 ns, At safepoint: 5574 ns, Total: 132651 ns
[2020-10-31T07:33:55.830+0000][info][gc,start     ] GC(103) Pause Young (Normal) (G1 Evacuation Pause)
[2020-10-31T07:33:55.830+0000][info][gc,task      ] GC(103) Using 2 workers of 2 for evacuation
[2020-10-31T07:33:55.950+0000][info][gc,phases    ] GC(103)   Pre Evacuate Collection Set: 0.6ms
[2020-10-31T07:33:55.950+0000][info][gc,phases    ] GC(103)   Evacuate Collection Set: 90.8ms
[2020-10-31T07:33:55.950+0000][info][gc,phases    ] GC(103)   Post Evacuate Collection Set: 28.1ms
[2020-10-31T07:33:55.950+0000][info][gc,phases    ] GC(103)   Other: 0.5ms
[2020-10-31T07:33:55.950+0000][info][gc,heap      ] GC(103) Eden regions: 1677->0(1677)
[2020-10-31T07:33:55.950+0000][info][gc,heap      ] GC(103) Survivor regions: 12->12(212)
[2020-10-31T07:33:55.950+0000][info][gc,heap      ] GC(103) Old regions: 3->3
[2020-10-31T07:33:55.950+0000][info][gc,heap      ] GC(103) Archive regions: 2->2
[2020-10-31T07:33:55.950+0000][info][gc,heap      ] GC(103) Humongous regions: 0->0
[2020-10-31T07:33:55.950+0000][info][gc,metaspace ] GC(103) Metaspace: 13709K->13709K(1062912K)
[2020-10-31T07:33:55.950+0000][info][gc           ] GC(103) Pause Young (Normal) (G1 Evacuation Pause) 3384M->30M(5632M) 120.065ms
[2020-10-31T07:33:55.950+0000][info][gc,cpu       ] GC(103) User=0.23s Sys=0.00s Real=0.12s
[2020-10-31T07:33:55.950+0000][info][safepoint    ] Safepoint "G1CollectForAllocation", Time since last: 561794250 ns, Reaching safepoint: 53287 ns, At safepoint: 120124749 ns, Total: 120178036 ns
[2020-10-31T07:33:56.950+0000][info][safepoint    ] Safepoint "Cleanup", Time since last: 1000084169 ns, Reaching safepoint: 133106 ns, At safepoint: 6145 ns, Total: 139251 ns
[2020-10-31T07:33:57.951+0000][info][safepoint    ] Safepoint "Cleanup", Time since last: 1000111311 ns, Reaching safepoint: 140505 ns, At safepoint: 3319 ns, Total: 143824 ns
[2020-10-31T07:33:58.951+0000][info][safepoint    ] Safepoint "Cleanup", Time since last: 1000111450 ns, Reaching safepoint: 139801 ns, At safepoint: 5615 ns, Total: 145416 ns
[2020-10-31T07:33:59.951+0000][info][safepoint    ] Safepoint "Cleanup", Time since last: 1000112357 ns, Reaching safepoint: 127002 ns, At safepoint: 6624 ns, Total: 133626 ns
[2020-10-31T07:34:00.951+0000][info][safepoint    ] Safepoint "Cleanup", Time since last: 1000107408 ns, Reaching safepoint: 56222 ns, At safepoint: 3219 ns, Total: 59441 ns
[2020-10-31T07:34:01.952+0000][info][safepoint    ] Safepoint "Cleanup", Time since last: 1000104318 ns, Reaching safepoint: 121134 ns, At safepoint: 5219 ns, Total: 126353 ns
[2020-10-31T07:34:02.952+0000][info][safepoint    ] Safepoint "Cleanup", Time since last: 1000118970 ns, Reaching safepoint: 123548 ns, At safepoint: 5183 ns, Total: 128731 ns
[2020-10-31T07:34:03.952+0000][info][safepoint    ] Safepoint "Cleanup", Time since last: 1000107018 ns, Reaching safepoint: 129619 ns, At safepoint: 5675 ns, Total: 135294 ns
[2020-10-31T07:34:04.952+0000][info][safepoint    ] Safepoint "Cleanup", Time since last: 1000109150 ns, Reaching safepoint: 132736 ns, At safepoint: 5497 ns, Total: 138233 ns
[2020-10-31T07:34:05.953+0000][info][safepoint    ] Safepoint "Cleanup", Time since last: 1000129449 ns, Reaching safepoint: 139169 ns, At safepoint: 5851 ns, Total: 145020 ns
[2020-10-31T07:34:06.507+0000][info][gc,start     ] GC(104) Pause Young (Normal) (G1 Evacuation Pause)
[2020-10-31T07:34:06.507+0000][info][gc,task      ] GC(104) Using 2 workers of 2 for evacuation
[2020-10-31T07:34:06.630+0000][info][gc,phases    ] GC(104)   Pre Evacuate Collection Set: 0.5ms
[2020-10-31T07:34:06.630+0000][info][gc,phases    ] GC(104)   Evacuate Collection Set: 91.2ms
[2020-10-31T07:34:06.630+0000][info][gc,phases    ] GC(104)   Post Evacuate Collection Set: 30.7ms
[2020-10-31T07:34:06.630+0000][info][gc,phases    ] GC(104)   Other: 0.5ms
[2020-10-31T07:34:06.630+0000][info][gc,heap      ] GC(104) Eden regions: 1677->0(1676)
[2020-10-31T07:34:06.630+0000][info][gc,heap      ] GC(104) Survivor regions: 12->13(212)
[2020-10-31T07:34:06.630+0000][info][gc,heap      ] GC(104) Old regions: 3->3
[2020-10-31T07:34:06.630+0000][info][gc,heap      ] GC(104) Archive regions: 2->2
[2020-10-31T07:34:06.630+0000][info][gc,heap      ] GC(104) Humongous regions: 0->0
[2020-10-31T07:34:06.630+0000][info][gc,metaspace ] GC(104) Metaspace: 13709K->13709K(1062912K)
[2020-10-31T07:34:06.630+0000][info][gc           ] GC(104) Pause Young (Normal) (G1 Evacuation Pause) 3384M->31M(5632M) 123.048ms
[2020-10-31T07:34:06.630+0000][info][gc,cpu       ] GC(104) User=0.24s Sys=0.00s Real=0.12s
[2020-10-31T07:34:06.630+0000][info][safepoint    ] Safepoint "G1CollectForAllocation", Time since last: 554400280 ns, Reaching safepoint: 55421 ns, At safepoint: 123101383 ns, Total: 123156804 ns
[2020-10-31T07:34:07.630+0000][info][safepoint    ] Safepoint "Cleanup", Time since last: 1000084915 ns, Reaching safepoint: 138397 ns, At safepoint: 3389 ns, Total: 141786 ns
[2020-10-31T07:34:08.631+0000][info][safepoint    ] Safepoint "Cleanup", Time since last: 1000111240 ns, Reaching safepoint: 124833 ns, At safepoint: 6928 ns, Total: 131761 ns
[2020-10-31T07:34:09.631+0000][info][safepoint    ] Safepoint "Cleanup", Time since last: 1000108566 ns, Reaching safepoint: 129069 ns, At safepoint: 6171 ns, Total: 135240 ns
[2020-10-31T07:34:10.631+0000][info][safepoint    ] Safepoint "Cleanup", Time since last: 1000110498 ns, Reaching safepoint: 49011 ns, At safepoint: 1700 ns, Total: 50711 ns
[2020-10-31T07:34:11.631+0000][info][safepoint    ] Safepoint "Cleanup", Time since last: 1000103232 ns, Reaching safepoint: 57943 ns, At safepoint: 4886 ns, Total: 62829 ns
[2020-10-31T07:34:12.631+0000][info][safepoint    ] Safepoint "Cleanup", Time since last: 1000098059 ns, Reaching safepoint: 125140 ns, At safepoint: 7094 ns, Total: 132234 ns
[2020-10-31T07:34:13.632+0000][info][safepoint    ] Safepoint "Cleanup", Time since last: 1000110780 ns, Reaching safepoint: 130295 ns, At safepoint: 6662 ns, Total: 136957 ns
[2020-10-31T07:34:14.632+0000][info][safepoint    ] Safepoint "Cleanup", Time since last: 1000118423 ns, Reaching safepoint: 138712 ns, At safepoint: 3292 ns, Total: 142004 ns
[2020-10-31T07:34:15.632+0000][info][safepoint    ] Safepoint "Cleanup", Time since last: 1000108096 ns, Reaching safepoint: 133051 ns, At safepoint: 6182 ns, Total: 139233 ns
[2020-10-31T07:34:16.632+0000][info][safepoint    ] Safepoint "Cleanup", Time since last: 1000108378 ns, Reaching safepoint: 135296 ns, At safepoint: 6959 ns, Total: 142255 ns
[2020-10-31T07:34:17.191+0000][info][gc,start     ] GC(105) Pause Young (Normal) (G1 Evacuation Pause)
[2020-10-31T07:34:17.192+0000][info][gc,task      ] GC(105) Using 2 workers of 2 for evacuation
[2020-10-31T07:34:17.314+0000][info][gc,phases    ] GC(105)   Pre Evacuate Collection Set: 0.6ms
[2020-10-31T07:34:17.314+0000][info][gc,phases    ] GC(105)   Evacuate Collection Set: 93.3ms
[2020-10-31T07:34:17.314+0000][info][gc,phases    ] GC(105)   Post Evacuate Collection Set: 28.6ms
[2020-10-31T07:34:17.314+0000][info][gc,phases    ] GC(105)   Other: 0.5ms
[2020-10-31T07:34:17.315+0000][info][gc,heap      ] GC(105) Eden regions: 1676->0(1676)
[2020-10-31T07:34:17.315+0000][info][gc,heap      ] GC(105) Survivor regions: 13->13(212)
[2020-10-31T07:34:17.315+0000][info][gc,heap      ] GC(105) Old regions: 3->3
[2020-10-31T07:34:17.315+0000][info][gc,heap      ] GC(105) Archive regions: 2->2
[2020-10-31T07:34:17.315+0000][info][gc,heap      ] GC(105) Humongous regions: 0->0
[2020-10-31T07:34:17.315+0000][info][gc,metaspace ] GC(105) Metaspace: 13710K->13710K(1062912K)
[2020-10-31T07:34:17.315+0000][info][gc           ] GC(105) Pause Young (Normal) (G1 Evacuation Pause) 3383M->31M(5632M) 123.080ms
[2020-10-31T07:34:17.315+0000][info][gc,cpu       ] GC(105) User=0.23s Sys=0.00s Real=0.13s
[2020-10-31T07:34:17.315+0000][info][safepoint    ] Safepoint "G1CollectForAllocation", Time since last: 559002435 ns, Reaching safepoint: 50037 ns, At safepoint: 123140766 ns, Total: 123190803 ns
[2020-10-31T07:34:18.315+0000][info][safepoint    ] Safepoint "Cleanup", Time since last: 1000083523 ns, Reaching safepoint: 135729 ns, At safepoint: 4667 ns, Total: 140396 ns
[2020-10-31T07:34:19.315+0000][info][safepoint    ] Safepoint "Cleanup", Time since last: 1000108282 ns, Reaching safepoint: 56745 ns, At safepoint: 3673 ns, Total: 60418 ns
[2020-10-31T07:34:20.315+0000][info][safepoint    ] Safepoint "Cleanup", Time since last: 1000101661 ns, Reaching safepoint: 124995 ns, At safepoint: 5461 ns, Total: 130456 ns
[2020-10-31T07:34:21.315+0000][info][safepoint    ] Safepoint "Cleanup", Time since last: 1000114096 ns, Reaching safepoint: 125927 ns, At safepoint: 6056 ns, Total: 131983 ns
[2020-10-31T07:34:22.316+0000][info][safepoint    ] Safepoint "Cleanup", Time since last: 1000108907 ns, Reaching safepoint: 128207 ns, At safepoint: 6490 ns, Total: 134697 ns
[2020-10-31T07:34:23.316+0000][info][safepoint    ] Safepoint "Cleanup", Time since last: 1000108403 ns, Reaching safepoint: 126424 ns, At safepoint: 6072 ns, Total: 132496 ns
[2020-10-31T07:34:24.316+0000][info][safepoint    ] Safepoint "Cleanup", Time since last: 1000110018 ns, Reaching safepoint: 123638 ns, At safepoint: 5338 ns, Total: 128976 ns
[2020-10-31T07:34:25.316+0000][info][safepoint    ] Safepoint "Cleanup", Time since last: 1000107470 ns, Reaching safepoint: 132912 ns, At safepoint: 3574 ns, Total: 136486 ns
[2020-10-31T07:34:26.317+0000][info][safepoint    ] Safepoint "Cleanup", Time since last: 1000107164 ns, Reaching safepoint: 141943 ns, At safepoint: 5853 ns, Total: 147796 ns
[2020-10-31T07:34:27.317+0000][info][safepoint    ] Safepoint "Cleanup", Time since last: 1000107431 ns, Reaching safepoint: 129203 ns, At safepoint: 5319 ns, Total: 134522 ns
[2020-10-31T07:34:27.873+0000][info][gc,start     ] GC(106) Pause Young (Normal) (G1 Evacuation Pause)
[2020-10-31T07:34:27.873+0000][info][gc,task      ] GC(106) Using 2 workers of 2 for evacuation
[2020-10-31T07:34:27.994+0000][info][gc,phases    ] GC(106)   Pre Evacuate Collection Set: 0.6ms
[2020-10-31T07:34:27.994+0000][info][gc,phases    ] GC(106)   Evacuate Collection Set: 90.3ms
[2020-10-31T07:34:27.994+0000][info][gc,phases    ] GC(106)   Post Evacuate Collection Set: 30.3ms
[2020-10-31T07:34:27.994+0000][info][gc,phases    ] GC(106)   Other: 0.5ms
[2020-10-31T07:34:27.994+0000][info][gc,heap      ] GC(106) Eden regions: 1676->0(1677)
[2020-10-31T07:34:27.994+0000][info][gc,heap      ] GC(106) Survivor regions: 13->12(212)
[2020-10-31T07:34:27.994+0000][info][gc,heap      ] GC(106) Old regions: 3->3
[2020-10-31T07:34:27.994+0000][info][gc,heap      ] GC(106) Archive regions: 2->2
[2020-10-31T07:34:27.994+0000][info][gc,heap      ] GC(106) Humongous regions: 0->0
[2020-10-31T07:34:27.994+0000][info][gc,metaspace ] GC(106) Metaspace: 13710K->13710K(1062912K)
[2020-10-31T07:34:27.994+0000][info][gc           ] GC(106) Pause Young (Normal) (G1 Evacuation Pause) 3383M->30M(5632M) 121.704ms
[2020-10-31T07:34:27.994+0000][info][gc,cpu       ] GC(106) User=0.24s Sys=0.00s Real=0.12s
[2020-10-31T07:34:27.994+0000][info][safepoint    ] Safepoint "G1CollectForAllocation", Time since last: 555514990 ns, Reaching safepoint: 54937 ns, At safepoint: 121766529 ns, Total: 121821466 ns
[2020-10-31T07:34:28.995+0000][info][safepoint    ] Safepoint "Cleanup", Time since last: 1000101855 ns, Reaching safepoint: 127846 ns, At safepoint: 6212 ns, Total: 134058 ns
[2020-10-31T07:34:29.995+0000][info][safepoint    ] Safepoint "Cleanup", Time since last: 1000110094 ns, Reaching safepoint: 145953 ns, At safepoint: 5377 ns, Total: 151330 ns
[2020-10-31T07:34:30.995+0000][info][safepoint    ] Safepoint "Cleanup", Time since last: 1000109668 ns, Reaching safepoint: 133335 ns, At safepoint: 3231 ns, Total: 136566 ns
[2020-10-31T07:34:31.995+0000][info][safepoint    ] Safepoint "Cleanup", Time since last: 1000108696 ns, Reaching safepoint: 137549 ns, At safepoint: 5652 ns, Total: 143201 ns
[2020-10-31T07:34:32.996+0000][info][safepoint    ] Safepoint "Cleanup", Time since last: 1000111367 ns, Reaching safepoint: 143397 ns, At safepoint: 6375 ns, Total: 149772 ns
[2020-10-31T07:34:33.996+0000][info][safepoint    ] Safepoint "Cleanup", Time since last: 1000116316 ns, Reaching safepoint: 129247 ns, At safepoint: 6700 ns, Total: 135947 ns
[2020-10-31T07:34:34.996+0000][info][safepoint    ] Safepoint "Cleanup", Time since last: 1000114144 ns, Reaching safepoint: 50067 ns, At safepoint: 1666 ns, Total: 51733 ns
[2020-10-31T07:34:35.996+0000][info][safepoint    ] Safepoint "Cleanup", Time since last: 1000106094 ns, Reaching safepoint: 136973 ns, At safepoint: 5891 ns, Total: 142864 ns
[2020-10-31T07:34:36.996+0000][info][safepoint    ] Safepoint "Cleanup", Time since last: 1000109911 ns, Reaching safepoint: 54313 ns, At safepoint: 3451 ns, Total: 57764 ns
[2020-10-31T07:34:37.997+0000][info][safepoint    ] Safepoint "Cleanup", Time since last: 1000108109 ns, Reaching safepoint: 130172 ns, At safepoint: 6667 ns, Total: 136839 ns
[2020-10-31T07:34:38.620+0000][info][gc,start     ] GC(107) Pause Young (Normal) (G1 Evacuation Pause)
[2020-10-31T07:34:38.620+0000][info][gc,task      ] GC(107) Using 2 workers of 2 for evacuation
[2020-10-31T07:34:38.742+0000][info][gc,phases    ] GC(107)   Pre Evacuate Collection Set: 0.6ms
[2020-10-31T07:34:38.742+0000][info][gc,phases    ] GC(107)   Evacuate Collection Set: 90.6ms
[2020-10-31T07:34:38.742+0000][info][gc,phases    ] GC(107)   Post Evacuate Collection Set: 31.1ms
[2020-10-31T07:34:38.742+0000][info][gc,phases    ] GC(107)   Other: 0.5ms
[2020-10-31T07:34:38.742+0000][info][gc,heap      ] GC(107) Eden regions: 1677->0(1677)
[2020-10-31T07:34:38.742+0000][info][gc,heap      ] GC(107) Survivor regions: 12->12(212)
[2020-10-31T07:34:38.742+0000][info][gc,heap      ] GC(107) Old regions: 3->3
[2020-10-31T07:34:38.742+0000][info][gc,heap      ] GC(107) Archive regions: 2->2
[2020-10-31T07:34:38.742+0000][info][gc,heap      ] GC(107) Humongous regions: 0->0
[2020-10-31T07:34:38.742+0000][info][gc,metaspace ] GC(107) Metaspace: 13710K->13710K(1062912K)
[2020-10-31T07:34:38.742+0000][info][gc           ] GC(107) Pause Young (Normal) (G1 Evacuation Pause) 3384M->30M(5632M) 122.795ms
[2020-10-31T07:34:38.742+0000][info][gc,cpu       ] GC(107) User=0.24s Sys=0.00s Real=0.12s
[2020-10-31T07:34:38.742+0000][info][safepoint    ] Safepoint "G1CollectForAllocation", Time since last: 622953407 ns, Reaching safepoint: 55423 ns, At safepoint: 122857602 ns, Total: 122913025 ns
[2020-10-31T07:34:39.743+0000][info][safepoint    ] Safepoint "Cleanup", Time since last: 1000083751 ns, Reaching safepoint: 58930 ns, At safepoint: 3719 ns, Total: 62649 ns
[2020-10-31T07:34:40.743+0000][info][safepoint    ] Safepoint "Cleanup", Time since last: 1000112203 ns, Reaching safepoint: 141108 ns, At safepoint: 3298 ns, Total: 144406 ns
[2020-10-31T07:34:41.743+0000][info][safepoint    ] Safepoint "Cleanup", Time since last: 1000108682 ns, Reaching safepoint: 125338 ns, At safepoint: 6086 ns, Total: 131424 ns
[2020-10-31T07:34:42.743+0000][info][safepoint    ] Safepoint "Cleanup", Time since last: 1000110774 ns, Reaching safepoint: 159251 ns, At safepoint: 6130 ns, Total: 165381 ns
[2020-10-31T07:34:43.744+0000][info][safepoint    ] Safepoint "Cleanup", Time since last: 1000105266 ns, Reaching safepoint: 129099 ns, At safepoint: 6281 ns, Total: 135380 ns
[2020-10-31T07:34:44.744+0000][info][safepoint    ] Safepoint "Cleanup", Time since last: 1000124857 ns, Reaching safepoint: 127569 ns, At safepoint: 6594 ns, Total: 134163 ns
[2020-10-31T07:34:45.744+0000][info][safepoint    ] Safepoint "Cleanup", Time since last: 1000107375 ns, Reaching safepoint: 136502 ns, At safepoint: 5182 ns, Total: 141684 ns
[2020-10-31T07:34:46.744+0000][info][safepoint    ] Safepoint "Cleanup", Time since last: 1000110946 ns, Reaching safepoint: 49241 ns, At safepoint: 2262 ns, Total: 51503 ns
[2020-10-31T07:34:47.744+0000][info][safepoint    ] Safepoint "Cleanup", Time since last: 1000102880 ns, Reaching safepoint: 51643 ns, At safepoint: 7434 ns, Total: 59077 ns
[2020-10-31T07:34:48.745+0000][info][safepoint    ] Safepoint "Cleanup", Time since last: 1000075228 ns, Reaching safepoint: 138922 ns, At safepoint: 3195 ns, Total: 142117 ns
[2020-10-31T07:34:49.375+0000][info][gc,start     ] GC(108) Pause Young (Normal) (G1 Evacuation Pause)
[2020-10-31T07:34:49.375+0000][info][gc,task      ] GC(108) Using 2 workers of 2 for evacuation
[2020-10-31T07:34:49.494+0000][info][gc,phases    ] GC(108)   Pre Evacuate Collection Set: 0.5ms
[2020-10-31T07:34:49.494+0000][info][gc,phases    ] GC(108)   Evacuate Collection Set: 90.5ms
[2020-10-31T07:34:49.494+0000][info][gc,phases    ] GC(108)   Post Evacuate Collection Set: 28.2ms
[2020-10-31T07:34:49.494+0000][info][gc,phases    ] GC(108)   Other: 0.5ms
[2020-10-31T07:34:49.494+0000][info][gc,heap      ] GC(108) Eden regions: 1677->0(1677)
[2020-10-31T07:34:49.494+0000][info][gc,heap      ] GC(108) Survivor regions: 12->12(212)
[2020-10-31T07:34:49.494+0000][info][gc,heap      ] GC(108) Old regions: 3->3
[2020-10-31T07:34:49.494+0000][info][gc,heap      ] GC(108) Archive regions: 2->2
[2020-10-31T07:34:49.494+0000][info][gc,heap      ] GC(108) Humongous regions: 0->0
[2020-10-31T07:34:49.494+0000][info][gc,metaspace ] GC(108) Metaspace: 13710K->13710K(1062912K)
[2020-10-31T07:34:49.495+0000][info][gc           ] GC(108) Pause Young (Normal) (G1 Evacuation Pause) 3384M->30M(5632M) 119.818ms
[2020-10-31T07:34:49.495+0000][info][gc,cpu       ] GC(108) User=0.23s Sys=0.00s Real=0.12s
[2020-10-31T07:34:49.495+0000][info][safepoint    ] Safepoint "G1CollectForAllocation", Time since last: 629932662 ns, Reaching safepoint: 54999 ns, At safepoint: 119872423 ns, Total: 119927422 ns
[2020-10-31T07:34:50.495+0000][info][safepoint    ] Safepoint "Cleanup", Time since last: 1000083478 ns, Reaching safepoint: 125444 ns, At safepoint: 6401 ns, Total: 131845 ns
[2020-10-31T07:34:51.496+0000][info][safepoint    ] Safepoint "Cleanup", Time since last: 1000851743 ns, Reaching safepoint: 65500 ns, At safepoint: 5047 ns, Total: 70547 ns
[2020-10-31T07:34:52.496+0000][info][safepoint    ] Safepoint "Cleanup", Time since last: 1000108501 ns, Reaching safepoint: 138166 ns, At safepoint: 3740 ns, Total: 141906 ns
[2020-10-31T07:34:53.496+0000][info][safepoint    ] Safepoint "Cleanup", Time since last: 1000109518 ns, Reaching safepoint: 139448 ns, At safepoint: 3240 ns, Total: 142688 ns
[2020-10-31T07:34:54.496+0000][info][safepoint    ] Safepoint "Cleanup", Time since last: 1000115392 ns, Reaching safepoint: 46898 ns, At safepoint: 2021 ns, Total: 48919 ns
[2020-10-31T07:34:55.497+0000][info][safepoint    ] Safepoint "Cleanup", Time since last: 1000101783 ns, Reaching safepoint: 146851 ns, At safepoint: 3224 ns, Total: 150075 ns
[2020-10-31T07:34:56.497+0000][info][safepoint    ] Safepoint "Cleanup", Time since last: 1000105219 ns, Reaching safepoint: 138266 ns, At safepoint: 3623 ns, Total: 141889 ns
[2020-10-31T07:34:57.497+0000][info][safepoint    ] Safepoint "Cleanup", Time since last: 1000110508 ns, Reaching safepoint: 141841 ns, At safepoint: 3340 ns, Total: 145181 ns
[2020-10-31T07:34:58.497+0000][info][safepoint    ] Safepoint "Cleanup", Time since last: 1000110996 ns, Reaching safepoint: 59047 ns, At safepoint: 6848 ns, Total: 65895 ns
[2020-10-31T07:34:59.498+0000][info][safepoint    ] Safepoint "Cleanup", Time since last: 1000120305 ns, Reaching safepoint: 123997 ns, At safepoint: 5360 ns, Total: 129357 ns
[2020-10-31T07:35:00.132+0000][info][gc,start     ] GC(109) Pause Young (Normal) (G1 Evacuation Pause)
[2020-10-31T07:35:00.132+0000][info][gc,task      ] GC(109) Using 2 workers of 2 for evacuation
[2020-10-31T07:35:00.254+0000][info][gc,phases    ] GC(109)   Pre Evacuate Collection Set: 0.5ms
[2020-10-31T07:35:00.254+0000][info][gc,phases    ] GC(109)   Evacuate Collection Set: 91.3ms
[2020-10-31T07:35:00.254+0000][info][gc,phases    ] GC(109)   Post Evacuate Collection Set: 30.0ms
[2020-10-31T07:35:00.254+0000][info][gc,phases    ] GC(109)   Other: 0.5ms
[2020-10-31T07:35:00.254+0000][info][gc,heap      ] GC(109) Eden regions: 1677->0(1676)
[2020-10-31T07:35:00.254+0000][info][gc,heap      ] GC(109) Survivor regions: 12->13(212)
[2020-10-31T07:35:00.254+0000][info][gc,heap      ] GC(109) Old regions: 3->3
[2020-10-31T07:35:00.254+0000][info][gc,heap      ] GC(109) Archive regions: 2->2
[2020-10-31T07:35:00.254+0000][info][gc,heap      ] GC(109) Humongous regions: 0->0
[2020-10-31T07:35:00.254+0000][info][gc,metaspace ] GC(109) Metaspace: 13710K->13710K(1062912K)
[2020-10-31T07:35:00.254+0000][info][gc           ] GC(109) Pause Young (Normal) (G1 Evacuation Pause) 3384M->31M(5632M) 122.409ms
[2020-10-31T07:35:00.254+0000][info][gc,cpu       ] GC(109) User=0.24s Sys=0.00s Real=0.13s
[2020-10-31T07:35:00.254+0000][info][safepoint    ] Safepoint "G1CollectForAllocation", Time since last: 633904129 ns, Reaching safepoint: 55703 ns, At safepoint: 122463789 ns, Total: 122519492 ns
[2020-10-31T07:35:01.254+0000][info][safepoint    ] Safepoint "Cleanup", Time since last: 1000084277 ns, Reaching safepoint: 128967 ns, At safepoint: 5443 ns, Total: 134410 ns
[2020-10-31T07:35:02.254+0000][info][safepoint    ] Safepoint "Cleanup", Time since last: 1000110730 ns, Reaching safepoint: 59278 ns, At safepoint: 3653 ns, Total: 62931 ns
[2020-10-31T07:35:03.255+0000][info][safepoint    ] Safepoint "Cleanup", Time since last: 1000107023 ns, Reaching safepoint: 123953 ns, At safepoint: 5164 ns, Total: 129117 ns
[2020-10-31T07:35:04.255+0000][info][safepoint    ] Safepoint "Cleanup", Time since last: 1000111886 ns, Reaching safepoint: 56500 ns, At safepoint: 7118 ns, Total: 63618 ns
[2020-10-31T07:35:05.255+0000][info][safepoint    ] Safepoint "Cleanup", Time since last: 1000110755 ns, Reaching safepoint: 53490 ns, At safepoint: 5480 ns, Total: 58970 ns
[2020-10-31T07:35:06.255+0000][info][safepoint    ] Safepoint "Cleanup", Time since last: 1000107835 ns, Reaching safepoint: 53888 ns, At safepoint: 6311 ns, Total: 60199 ns
[2020-10-31T07:35:07.255+0000][info][safepoint    ] Safepoint "Cleanup", Time since last: 1000110941 ns, Reaching safepoint: 133624 ns, At safepoint: 4545 ns, Total: 138169 ns
[2020-10-31T07:35:08.256+0000][info][safepoint    ] Safepoint "Cleanup", Time since last: 1000104684 ns, Reaching safepoint: 131835 ns, At safepoint: 7223 ns, Total: 139058 ns
[2020-10-31T07:35:09.256+0000][info][safepoint    ] Safepoint "Cleanup", Time since last: 1000111555 ns, Reaching safepoint: 134215 ns, At safepoint: 7784 ns, Total: 141999 ns
[2020-10-31T07:35:10.256+0000][info][safepoint    ] Safepoint "Cleanup", Time since last: 1000104661 ns, Reaching safepoint: 130673 ns, At safepoint: 6211 ns, Total: 136884 ns
[2020-10-31T07:35:10.869+0000][info][gc,start     ] GC(110) Pause Young (Normal) (G1 Evacuation Pause)
[2020-10-31T07:35:10.869+0000][info][gc,task      ] GC(110) Using 2 workers of 2 for evacuation
[2020-10-31T07:35:10.994+0000][info][gc,phases    ] GC(110)   Pre Evacuate Collection Set: 0.6ms
[2020-10-31T07:35:10.994+0000][info][gc,phases    ] GC(110)   Evacuate Collection Set: 94.6ms
[2020-10-31T07:35:10.994+0000][info][gc,phases    ] GC(110)   Post Evacuate Collection Set: 29.5ms
[2020-10-31T07:35:10.994+0000][info][gc,phases    ] GC(110)   Other: 0.5ms
[2020-10-31T07:35:10.994+0000][info][gc,heap      ] GC(110) Eden regions: 1676->0(1677)
[2020-10-31T07:35:10.994+0000][info][gc,heap      ] GC(110) Survivor regions: 13->12(212)
[2020-10-31T07:35:10.994+0000][info][gc,heap      ] GC(110) Old regions: 3->3
[2020-10-31T07:35:10.994+0000][info][gc,heap      ] GC(110) Archive regions: 2->2
[2020-10-31T07:35:10.994+0000][info][gc,heap      ] GC(110) Humongous regions: 0->0
[2020-10-31T07:35:10.994+0000][info][gc,metaspace ] GC(110) Metaspace: 13710K->13710K(1062912K)
[2020-10-31T07:35:10.994+0000][info][gc           ] GC(110) Pause Young (Normal) (G1 Evacuation Pause) 3383M->30M(5632M) 125.307ms
[2020-10-31T07:35:10.994+0000][info][gc,cpu       ] GC(110) User=0.23s Sys=0.00s Real=0.13s
[2020-10-31T07:35:10.994+0000][info][safepoint    ] Safepoint "G1CollectForAllocation", Time since last: 612531716 ns, Reaching safepoint: 65299 ns, At safepoint: 125370103 ns, Total: 125435402 ns
[2020-10-31T07:35:11.994+0000][info][safepoint    ] Safepoint "Cleanup", Time since last: 1000078361 ns, Reaching safepoint: 133426 ns, At safepoint: 3551 ns, Total: 136977 ns
[2020-10-31T07:35:12.994+0000][info][safepoint    ] Safepoint "Cleanup", Time since last: 1000106786 ns, Reaching safepoint: 129688 ns, At safepoint: 4604 ns, Total: 134292 ns
[2020-10-31T07:35:13.995+0000][info][safepoint    ] Safepoint "Cleanup", Time since last: 1000101212 ns, Reaching safepoint: 141703 ns, At safepoint: 3152 ns, Total: 144855 ns
[2020-10-31T07:35:14.995+0000][info][safepoint    ] Safepoint "Cleanup", Time since last: 1000105268 ns, Reaching safepoint: 128044 ns, At safepoint: 6146 ns, Total: 134190 ns
[2020-10-31T07:35:15.995+0000][info][safepoint    ] Safepoint "Cleanup", Time since last: 1000111097 ns, Reaching safepoint: 53130 ns, At safepoint: 5276 ns, Total: 58406 ns
[2020-10-31T07:35:17.345+0000][info][safepoint    ] Safepoint "Cleanup", Time since last: 1349473127 ns, Reaching safepoint: 68853 ns, At safepoint: 3486 ns, Total: 72339 ns
[2020-10-31T07:35:18.345+0000][info][safepoint    ] Safepoint "Cleanup", Time since last: 1000109288 ns, Reaching safepoint: 137777 ns, At safepoint: 3697 ns, Total: 141474 ns
[2020-10-31T07:35:19.345+0000][info][safepoint    ] Safepoint "Cleanup", Time since last: 1000108820 ns, Reaching safepoint: 131577 ns, At safepoint: 5467 ns, Total: 137044 ns
[2020-10-31T07:35:20.345+0000][info][safepoint    ] Safepoint "Cleanup", Time since last: 1000106549 ns, Reaching safepoint: 46787 ns, At safepoint: 1801 ns, Total: 48588 ns
[2020-10-31T07:35:21.346+0000][info][safepoint    ] Safepoint "Cleanup", Time since last: 1000083113 ns, Reaching safepoint: 125547 ns, At safepoint: 6018 ns, Total: 131565 ns
[2020-10-31T07:35:21.574+0000][info][gc,start     ] GC(111) Pause Young (Normal) (G1 Evacuation Pause)
[2020-10-31T07:35:21.574+0000][info][gc,task      ] GC(111) Using 2 workers of 2 for evacuation
[2020-10-31T07:35:21.695+0000][info][gc,phases    ] GC(111)   Pre Evacuate Collection Set: 0.6ms
[2020-10-31T07:35:21.695+0000][info][gc,phases    ] GC(111)   Evacuate Collection Set: 90.9ms
[2020-10-31T07:35:21.695+0000][info][gc,phases    ] GC(111)   Post Evacuate Collection Set: 28.8ms
[2020-10-31T07:35:21.695+0000][info][gc,phases    ] GC(111)   Other: 0.5ms
[2020-10-31T07:35:21.695+0000][info][gc,heap      ] GC(111) Eden regions: 1677->0(1677)
[2020-10-31T07:35:21.695+0000][info][gc,heap      ] GC(111) Survivor regions: 12->12(212)
[2020-10-31T07:35:21.695+0000][info][gc,heap      ] GC(111) Old regions: 3->3
[2020-10-31T07:35:21.695+0000][info][gc,heap      ] GC(111) Archive regions: 2->2
[2020-10-31T07:35:21.695+0000][info][gc,heap      ] GC(111) Humongous regions: 0->0
[2020-10-31T07:35:21.695+0000][info][gc,metaspace ] GC(111) Metaspace: 13710K->13710K(1062912K)
[2020-10-31T07:35:21.695+0000][info][gc           ] GC(111) Pause Young (Normal) (G1 Evacuation Pause) 3384M->30M(5632M) 120.931ms
[2020-10-31T07:35:21.695+0000][info][gc,cpu       ] GC(111) User=0.24s Sys=0.00s Real=0.12s
[2020-10-31T07:35:21.695+0000][info][safepoint    ] Safepoint "G1CollectForAllocation", Time since last: 228115118 ns, Reaching safepoint: 49657 ns, At safepoint: 120983975 ns, Total: 121033632 ns
[2020-10-31T07:35:22.695+0000][info][safepoint    ] Safepoint "Cleanup", Time since last: 1000097684 ns, Reaching safepoint: 140770 ns, At safepoint: 3307 ns, Total: 144077 ns
[2020-10-31T07:35:23.695+0000][info][safepoint    ] Safepoint "Cleanup", Time since last: 1000110001 ns, Reaching safepoint: 142465 ns, At safepoint: 5709 ns, Total: 148174 ns
[2020-10-31T07:35:24.695+0000][info][safepoint    ] Safepoint "Cleanup", Time since last: 1000114665 ns, Reaching safepoint: 59279 ns, At safepoint: 4000 ns, Total: 63279 ns
[2020-10-31T07:35:25.696+0000][info][safepoint    ] Safepoint "Cleanup", Time since last: 1000109229 ns, Reaching safepoint: 125018 ns, At safepoint: 5046 ns, Total: 130064 ns
[2020-10-31T07:35:26.696+0000][info][safepoint    ] Safepoint "Cleanup", Time since last: 1000110608 ns, Reaching safepoint: 128028 ns, At safepoint: 5689 ns, Total: 133717 ns
[2020-10-31T07:35:27.696+0000][info][safepoint    ] Safepoint "Cleanup", Time since last: 1000107571 ns, Reaching safepoint: 129347 ns, At safepoint: 5846 ns, Total: 135193 ns
[2020-10-31T07:35:28.696+0000][info][safepoint    ] Safepoint "Cleanup", Time since last: 1000112454 ns, Reaching safepoint: 127346 ns, At safepoint: 6335 ns, Total: 133681 ns
[2020-10-31T07:35:29.697+0000][info][safepoint    ] Safepoint "Cleanup", Time since last: 1000108877 ns, Reaching safepoint: 129677 ns, At safepoint: 6498 ns, Total: 136175 ns
[2020-10-31T07:35:30.697+0000][info][safepoint    ] Safepoint "Cleanup", Time since last: 1000110301 ns, Reaching safepoint: 48840 ns, At safepoint: 7697 ns, Total: 56537 ns
[2020-10-31T07:35:31.697+0000][info][safepoint    ] Safepoint "Cleanup", Time since last: 1000112595 ns, Reaching safepoint: 43556 ns, At safepoint: 1761 ns, Total: 45317 ns
[2020-10-31T07:35:32.251+0000][info][gc,start     ] GC(112) Pause Young (Normal) (G1 Evacuation Pause)
[2020-10-31T07:35:32.251+0000][info][gc,task      ] GC(112) Using 2 workers of 2 for evacuation
[2020-10-31T07:35:32.370+0000][info][gc,phases    ] GC(112)   Pre Evacuate Collection Set: 0.6ms
[2020-10-31T07:35:32.370+0000][info][gc,phases    ] GC(112)   Evacuate Collection Set: 90.3ms
[2020-10-31T07:35:32.370+0000][info][gc,phases    ] GC(112)   Post Evacuate Collection Set: 27.5ms
[2020-10-31T07:35:32.370+0000][info][gc,phases    ] GC(112)   Other: 0.5ms
[2020-10-31T07:35:32.370+0000][info][gc,heap      ] GC(112) Eden regions: 1677->0(1677)
[2020-10-31T07:35:32.370+0000][info][gc,heap      ] GC(112) Survivor regions: 12->12(212)
[2020-10-31T07:35:32.370+0000][info][gc,heap      ] GC(112) Old regions: 3->3
[2020-10-31T07:35:32.370+0000][info][gc,heap      ] GC(112) Archive regions: 2->2
[2020-10-31T07:35:32.370+0000][info][gc,heap      ] GC(112) Humongous regions: 0->0
[2020-10-31T07:35:32.370+0000][info][gc,metaspace ] GC(112) Metaspace: 13710K->13710K(1062912K)
[2020-10-31T07:35:32.370+0000][info][gc           ] GC(112) Pause Young (Normal) (G1 Evacuation Pause) 3384M->30M(5632M) 118.970ms
[2020-10-31T07:35:32.370+0000][info][gc,cpu       ] GC(112) User=0.23s Sys=0.00s Real=0.12s
[2020-10-31T07:35:32.370+0000][info][safepoint    ] Safepoint "G1CollectForAllocation", Time since last: 554006319 ns, Reaching safepoint: 56767 ns, At safepoint: 119031613 ns, Total: 119088380 ns
[2020-10-31T07:35:33.370+0000][info][safepoint    ] Safepoint "Cleanup", Time since last: 1000082682 ns, Reaching safepoint: 128650 ns, At safepoint: 5849 ns, Total: 134499 ns
[2020-10-31T07:35:34.370+0000][info][safepoint    ] Safepoint "Cleanup", Time since last: 1000106970 ns, Reaching safepoint: 138807 ns, At safepoint: 3765 ns, Total: 142572 ns
[2020-10-31T07:35:35.371+0000][info][safepoint    ] Safepoint "Cleanup", Time since last: 1000106364 ns, Reaching safepoint: 134328 ns, At safepoint: 4467 ns, Total: 138795 ns
[2020-10-31T07:35:36.371+0000][info][safepoint    ] Safepoint "Cleanup", Time since last: 1000109390 ns, Reaching safepoint: 131224 ns, At safepoint: 6199 ns, Total: 137423 ns
[2020-10-31T07:35:37.371+0000][info][safepoint    ] Safepoint "Cleanup", Time since last: 1000110710 ns, Reaching safepoint: 58907 ns, At safepoint: 3458 ns, Total: 62365 ns
[2020-10-31T07:35:38.371+0000][info][safepoint    ] Safepoint "Cleanup", Time since last: 1000122553 ns, Reaching safepoint: 49125 ns, At safepoint: 5269 ns, Total: 54394 ns
[2020-10-31T07:35:39.372+0000][info][safepoint    ] Safepoint "Cleanup", Time since last: 1000104062 ns, Reaching safepoint: 123255 ns, At safepoint: 5197 ns, Total: 128452 ns
[2020-10-31T07:35:40.372+0000][info][safepoint    ] Safepoint "Cleanup", Time since last: 1000110304 ns, Reaching safepoint: 79401 ns, At safepoint: 5644 ns, Total: 85045 ns
[2020-10-31T07:35:41.372+0000][info][safepoint    ] Safepoint "Cleanup", Time since last: 1000104452 ns, Reaching safepoint: 52585 ns, At safepoint: 5947 ns, Total: 58532 ns
[2020-10-31T07:35:42.372+0000][info][safepoint    ] Safepoint "Cleanup", Time since last: 1000103362 ns, Reaching safepoint: 53403 ns, At safepoint: 5707 ns, Total: 59110 ns
[2020-10-31T07:35:42.927+0000][info][gc,start     ] GC(113) Pause Young (Normal) (G1 Evacuation Pause)
[2020-10-31T07:35:42.927+0000][info][gc,task      ] GC(113) Using 2 workers of 2 for evacuation
[2020-10-31T07:35:43.058+0000][info][gc,phases    ] GC(113)   Pre Evacuate Collection Set: 0.5ms
[2020-10-31T07:35:43.058+0000][info][gc,phases    ] GC(113)   Evacuate Collection Set: 99.9ms
[2020-10-31T07:35:43.058+0000][info][gc,phases    ] GC(113)   Post Evacuate Collection Set: 29.7ms
[2020-10-31T07:35:43.058+0000][info][gc,phases    ] GC(113)   Other: 0.5ms
[2020-10-31T07:35:43.058+0000][info][gc,heap      ] GC(113) Eden regions: 1677->0(1677)
[2020-10-31T07:35:43.058+0000][info][gc,heap      ] GC(113) Survivor regions: 12->12(212)
[2020-10-31T07:35:43.058+0000][info][gc,heap      ] GC(113) Old regions: 3->3
[2020-10-31T07:35:43.058+0000][info][gc,heap      ] GC(113) Archive regions: 2->2
[2020-10-31T07:35:43.058+0000][info][gc,heap      ] GC(113) Humongous regions: 0->0
[2020-10-31T07:35:43.058+0000][info][gc,metaspace ] GC(113) Metaspace: 13710K->13710K(1062912K)
[2020-10-31T07:35:43.058+0000][info][gc           ] GC(113) Pause Young (Normal) (G1 Evacuation Pause) 3384M->30M(5632M) 130.701ms
[2020-10-31T07:35:43.058+0000][info][gc,cpu       ] GC(113) User=0.22s Sys=0.00s Real=0.13s
[2020-10-31T07:35:43.058+0000][info][safepoint    ] Safepoint "G1CollectForAllocation", Time since last: 555226166 ns, Reaching safepoint: 50676 ns, At safepoint: 130754590 ns, Total: 130805266 ns
[2020-10-31T07:35:44.058+0000][info][safepoint    ] Safepoint "Cleanup", Time since last: 1000083262 ns, Reaching safepoint: 158499 ns, At safepoint: 3362 ns, Total: 161861 ns
[2020-10-31T07:35:45.059+0000][info][safepoint    ] Safepoint "Cleanup", Time since last: 1000103385 ns, Reaching safepoint: 132770 ns, At safepoint: 6255 ns, Total: 139025 ns
[2020-10-31T07:35:46.059+0000][info][safepoint    ] Safepoint "Cleanup", Time since last: 1000114632 ns, Reaching safepoint: 130126 ns, At safepoint: 6490 ns, Total: 136616 ns
[2020-10-31T07:35:47.059+0000][info][safepoint    ] Safepoint "Cleanup", Time since last: 1000108189 ns, Reaching safepoint: 127871 ns, At safepoint: 7062 ns, Total: 134933 ns
[2020-10-31T07:35:48.059+0000][info][safepoint    ] Safepoint "Cleanup", Time since last: 1000109499 ns, Reaching safepoint: 125919 ns, At safepoint: 6764 ns, Total: 132683 ns
[2020-10-31T07:35:49.060+0000][info][safepoint    ] Safepoint "Cleanup", Time since last: 1000112367 ns, Reaching safepoint: 119908 ns, At safepoint: 5211 ns, Total: 125119 ns
[2020-10-31T07:35:50.060+0000][info][safepoint    ] Safepoint "Cleanup", Time since last: 1000106664 ns, Reaching safepoint: 122874 ns, At safepoint: 6143 ns, Total: 129017 ns
[2020-10-31T07:35:51.060+0000][info][safepoint    ] Safepoint "Cleanup", Time since last: 1000107591 ns, Reaching safepoint: 129263 ns, At safepoint: 6374 ns, Total: 135637 ns
[2020-10-31T07:35:52.060+0000][info][safepoint    ] Safepoint "Cleanup", Time since last: 1000113846 ns, Reaching safepoint: 47112 ns, At safepoint: 1852 ns, Total: 48964 ns
[2020-10-31T07:35:53.060+0000][info][safepoint    ] Safepoint "Cleanup", Time since last: 1000102659 ns, Reaching safepoint: 124589 ns, At safepoint: 5542 ns, Total: 130131 ns
[2020-10-31T07:35:53.611+0000][info][gc,start     ] GC(114) Pause Young (Normal) (G1 Evacuation Pause)
[2020-10-31T07:35:53.611+0000][info][gc,task      ] GC(114) Using 2 workers of 2 for evacuation
[2020-10-31T07:35:53.738+0000][info][gc,phases    ] GC(114)   Pre Evacuate Collection Set: 0.5ms
[2020-10-31T07:35:53.738+0000][info][gc,phases    ] GC(114)   Evacuate Collection Set: 96.1ms
[2020-10-31T07:35:53.738+0000][info][gc,phases    ] GC(114)   Post Evacuate Collection Set: 30.7ms
[2020-10-31T07:35:53.738+0000][info][gc,phases    ] GC(114)   Other: 0.5ms
[2020-10-31T07:35:53.738+0000][info][gc,heap      ] GC(114) Eden regions: 1677->0(1677)
[2020-10-31T07:35:53.738+0000][info][gc,heap      ] GC(114) Survivor regions: 12->12(212)
[2020-10-31T07:35:53.738+0000][info][gc,heap      ] GC(114) Old regions: 3->3
[2020-10-31T07:35:53.738+0000][info][gc,heap      ] GC(114) Archive regions: 2->2
[2020-10-31T07:35:53.738+0000][info][gc,heap      ] GC(114) Humongous regions: 0->0
[2020-10-31T07:35:53.738+0000][info][gc,metaspace ] GC(114) Metaspace: 13710K->13710K(1062912K)
[2020-10-31T07:35:53.739+0000][info][gc           ] GC(114) Pause Young (Normal) (G1 Evacuation Pause) 3384M->30M(5632M) 127.977ms
[2020-10-31T07:35:53.739+0000][info][gc,cpu       ] GC(114) User=0.23s Sys=0.00s Real=0.13s
[2020-10-31T07:35:53.739+0000][info][safepoint    ] Safepoint "G1CollectForAllocation", Time since last: 549993013 ns, Reaching safepoint: 62816 ns, At safepoint: 128038687 ns, Total: 128101503 ns
[2020-10-31T07:35:54.739+0000][info][safepoint    ] Safepoint "Cleanup", Time since last: 1000084770 ns, Reaching safepoint: 59678 ns, At safepoint: 3616 ns, Total: 63294 ns
[2020-10-31T07:35:55.739+0000][info][safepoint    ] Safepoint "Cleanup", Time since last: 1000102228 ns, Reaching safepoint: 140472 ns, At safepoint: 5947 ns, Total: 146419 ns
[2020-10-31T07:35:57.608+0000][info][safepoint    ] Safepoint "Cleanup", Time since last: 1869272506 ns, Reaching safepoint: 131351 ns, At safepoint: 6078 ns, Total: 137429 ns
[2020-10-31T07:35:58.609+0000][info][safepoint    ] Safepoint "Cleanup", Time since last: 1000115176 ns, Reaching safepoint: 136142 ns, At safepoint: 4918 ns, Total: 141060 ns
[2020-10-31T07:35:59.609+0000][info][safepoint    ] Safepoint "Cleanup", Time since last: 1000107258 ns, Reaching safepoint: 64985 ns, At safepoint: 4879 ns, Total: 69864 ns
[2020-10-31T07:36:00.609+0000][info][safepoint    ] Safepoint "Cleanup", Time since last: 1000104996 ns, Reaching safepoint: 50779 ns, At safepoint: 6102 ns, Total: 56881 ns
[2020-10-31T07:36:01.609+0000][info][safepoint    ] Safepoint "Cleanup", Time since last: 1000103316 ns, Reaching safepoint: 48932 ns, At safepoint: 1814 ns, Total: 50746 ns
[2020-10-31T07:36:02.609+0000][info][safepoint    ] Safepoint "Cleanup", Time since last: 1000101548 ns, Reaching safepoint: 125682 ns, At safepoint: 5642 ns, Total: 131324 ns
[2020-10-31T07:36:03.610+0000][info][safepoint    ] Safepoint "Cleanup", Time since last: 1000109560 ns, Reaching safepoint: 124841 ns, At safepoint: 5635 ns, Total: 130476 ns
[2020-10-31T07:36:04.286+0000][info][gc,start     ] GC(115) Pause Young (Normal) (G1 Evacuation Pause)
[2020-10-31T07:36:04.286+0000][info][gc,task      ] GC(115) Using 2 workers of 2 for evacuation
[2020-10-31T07:36:04.406+0000][info][gc,phases    ] GC(115)   Pre Evacuate Collection Set: 0.5ms
[2020-10-31T07:36:04.406+0000][info][gc,phases    ] GC(115)   Evacuate Collection Set: 91.3ms
[2020-10-31T07:36:04.406+0000][info][gc,phases    ] GC(115)   Post Evacuate Collection Set: 27.9ms
[2020-10-31T07:36:04.406+0000][info][gc,phases    ] GC(115)   Other: 0.5ms
[2020-10-31T07:36:04.406+0000][info][gc,heap      ] GC(115) Eden regions: 1677->0(1677)
[2020-10-31T07:36:04.406+0000][info][gc,heap      ] GC(115) Survivor regions: 12->12(212)
[2020-10-31T07:36:04.406+0000][info][gc,heap      ] GC(115) Old regions: 3->3
[2020-10-31T07:36:04.406+0000][info][gc,heap      ] GC(115) Archive regions: 2->2
[2020-10-31T07:36:04.406+0000][info][gc,heap      ] GC(115) Humongous regions: 0->0
[2020-10-31T07:36:04.406+0000][info][gc,metaspace ] GC(115) Metaspace: 13710K->13710K(1062912K)
[2020-10-31T07:36:04.406+0000][info][gc           ] GC(115) Pause Young (Normal) (G1 Evacuation Pause) 3384M->30M(5632M) 120.353ms
[2020-10-31T07:36:04.406+0000][info][gc,cpu       ] GC(115) User=0.23s Sys=0.00s Real=0.12s
[2020-10-31T07:36:04.406+0000][info][safepoint    ] Safepoint "G1CollectForAllocation", Time since last: 676416908 ns, Reaching safepoint: 56427 ns, At safepoint: 120403347 ns, Total: 120459774 ns
[2020-10-31T07:36:05.407+0000][info][safepoint    ] Safepoint "Cleanup", Time since last: 1000087231 ns, Reaching safepoint: 123931 ns, At safepoint: 4042 ns, Total: 127973 ns
[2020-10-31T07:36:06.407+0000][info][safepoint    ] Safepoint "Cleanup", Time since last: 1000107235 ns, Reaching safepoint: 142060 ns, At safepoint: 3479 ns, Total: 145539 ns
[2020-10-31T07:36:07.407+0000][info][safepoint    ] Safepoint "Cleanup", Time since last: 1000113145 ns, Reaching safepoint: 125249 ns, At safepoint: 6185 ns, Total: 131434 ns
[2020-10-31T07:36:08.407+0000][info][safepoint    ] Safepoint "Cleanup", Time since last: 1000111099 ns, Reaching safepoint: 139233 ns, At safepoint: 3531 ns, Total: 142764 ns
[2020-10-31T07:36:09.408+0000][info][safepoint    ] Safepoint "Cleanup", Time since last: 1000108313 ns, Reaching safepoint: 127162 ns, At safepoint: 6167 ns, Total: 133329 ns
[2020-10-31T07:36:10.408+0000][info][safepoint    ] Safepoint "Cleanup", Time since last: 1000108816 ns, Reaching safepoint: 51528 ns, At safepoint: 5127 ns, Total: 56655 ns
[2020-10-31T07:36:11.408+0000][info][safepoint    ] Safepoint "Cleanup", Time since last: 1000104293 ns, Reaching safepoint: 121259 ns, At safepoint: 5267 ns, Total: 126526 ns
[2020-10-31T07:36:12.408+0000][info][safepoint    ] Safepoint "Cleanup", Time since last: 1000105580 ns, Reaching safepoint: 135593 ns, At safepoint: 6813 ns, Total: 142406 ns
[2020-10-31T07:36:13.409+0000][info][safepoint    ] Safepoint "Cleanup", Time since last: 1000107776 ns, Reaching safepoint: 135993 ns, At safepoint: 6008 ns, Total: 142001 ns
[2020-10-31T07:36:14.409+0000][info][safepoint    ] Safepoint "Cleanup", Time since last: 1000112020 ns, Reaching safepoint: 125701 ns, At safepoint: 5725 ns, Total: 131426 ns
[2020-10-31T07:36:14.958+0000][info][gc,start     ] GC(116) Pause Young (Normal) (G1 Evacuation Pause)
[2020-10-31T07:36:14.958+0000][info][gc,task      ] GC(116) Using 2 workers of 2 for evacuation
[2020-10-31T07:36:15.083+0000][info][gc,phases    ] GC(116)   Pre Evacuate Collection Set: 0.6ms
[2020-10-31T07:36:15.083+0000][info][gc,phases    ] GC(116)   Evacuate Collection Set: 92.2ms
[2020-10-31T07:36:15.083+0000][info][gc,phases    ] GC(116)   Post Evacuate Collection Set: 31.5ms
[2020-10-31T07:36:15.083+0000][info][gc,phases    ] GC(116)   Other: 0.5ms
[2020-10-31T07:36:15.083+0000][info][gc,heap      ] GC(116) Eden regions: 1677->0(1677)
[2020-10-31T07:36:15.083+0000][info][gc,heap      ] GC(116) Survivor regions: 12->12(212)
[2020-10-31T07:36:15.083+0000][info][gc,heap      ] GC(116) Old regions: 3->3
[2020-10-31T07:36:15.083+0000][info][gc,heap      ] GC(116) Archive regions: 2->2
[2020-10-31T07:36:15.083+0000][info][gc,heap      ] GC(116) Humongous regions: 0->0
[2020-10-31T07:36:15.083+0000][info][gc,metaspace ] GC(116) Metaspace: 13710K->13710K(1062912K)
[2020-10-31T07:36:15.083+0000][info][gc           ] GC(116) Pause Young (Normal) (G1 Evacuation Pause) 3384M->30M(5632M) 124.878ms
[2020-10-31T07:36:15.083+0000][info][gc,cpu       ] GC(116) User=0.24s Sys=0.00s Real=0.12s
[2020-10-31T07:36:15.083+0000][info][safepoint    ] Safepoint "G1CollectForAllocation", Time since last: 549225758 ns, Reaching safepoint: 75405 ns, At safepoint: 124942494 ns, Total: 125017899 ns
[2020-10-31T07:36:16.083+0000][info][safepoint    ] Safepoint "Cleanup", Time since last: 1000085178 ns, Reaching safepoint: 65173 ns, At safepoint: 4430 ns, Total: 69603 ns
[2020-10-31T07:36:17.083+0000][info][safepoint    ] Safepoint "Cleanup", Time since last: 1000112032 ns, Reaching safepoint: 141021 ns, At safepoint: 6220 ns, Total: 147241 ns
[2020-10-31T07:36:18.084+0000][info][safepoint    ] Safepoint "Cleanup", Time since last: 1000128372 ns, Reaching safepoint: 128695 ns, At safepoint: 6971 ns, Total: 135666 ns
[2020-10-31T07:36:19.084+0000][info][safepoint    ] Safepoint "Cleanup", Time since last: 1000113606 ns, Reaching safepoint: 58393 ns, At safepoint: 3678 ns, Total: 62071 ns
[2020-10-31T07:36:20.084+0000][info][safepoint    ] Safepoint "Cleanup", Time since last: 1000109665 ns, Reaching safepoint: 139144 ns, At safepoint: 3501 ns, Total: 142645 ns
[2020-10-31T07:36:21.084+0000][info][safepoint    ] Safepoint "Cleanup", Time since last: 1000110048 ns, Reaching safepoint: 130441 ns, At safepoint: 6407 ns, Total: 136848 ns
[2020-10-31T07:36:22.085+0000][info][safepoint    ] Safepoint "Cleanup", Time since last: 1000109394 ns, Reaching safepoint: 63128 ns, At safepoint: 7078 ns, Total: 70206 ns
[2020-10-31T07:36:23.089+0000][info][safepoint    ] Safepoint "Cleanup", Time since last: 1003901326 ns, Reaching safepoint: 132367 ns, At safepoint: 6619 ns, Total: 138986 ns
[2020-10-31T07:36:24.089+0000][info][safepoint    ] Safepoint "Cleanup", Time since last: 1000109444 ns, Reaching safepoint: 43548 ns, At safepoint: 1622 ns, Total: 45170 ns
[2020-10-31T07:36:25.089+0000][info][safepoint    ] Safepoint "Cleanup", Time since last: 1000102038 ns, Reaching safepoint: 128036 ns, At safepoint: 6573 ns, Total: 134609 ns
[2020-10-31T07:36:25.638+0000][info][gc,start     ] GC(117) Pause Young (Normal) (G1 Evacuation Pause)
[2020-10-31T07:36:25.638+0000][info][gc,task      ] GC(117) Using 2 workers of 2 for evacuation
[2020-10-31T07:36:25.758+0000][info][gc,phases    ] GC(117)   Pre Evacuate Collection Set: 0.6ms
[2020-10-31T07:36:25.758+0000][info][gc,phases    ] GC(117)   Evacuate Collection Set: 90.9ms
[2020-10-31T07:36:25.758+0000][info][gc,phases    ] GC(117)   Post Evacuate Collection Set: 28.2ms
[2020-10-31T07:36:25.758+0000][info][gc,phases    ] GC(117)   Other: 0.5ms
[2020-10-31T07:36:25.758+0000][info][gc,heap      ] GC(117) Eden regions: 1677->0(1677)
[2020-10-31T07:36:25.758+0000][info][gc,heap      ] GC(117) Survivor regions: 12->12(212)
[2020-10-31T07:36:25.758+0000][info][gc,heap      ] GC(117) Old regions: 3->3
[2020-10-31T07:36:25.758+0000][info][gc,heap      ] GC(117) Archive regions: 2->2
[2020-10-31T07:36:25.758+0000][info][gc,heap      ] GC(117) Humongous regions: 0->0
[2020-10-31T07:36:25.758+0000][info][gc,metaspace ] GC(117) Metaspace: 13710K->13710K(1062912K)
[2020-10-31T07:36:25.758+0000][info][gc           ] GC(117) Pause Young (Normal) (G1 Evacuation Pause) 3384M->30M(5632M) 120.285ms
[2020-10-31T07:36:25.758+0000][info][gc,cpu       ] GC(117) User=0.23s Sys=0.00s Real=0.12s
[2020-10-31T07:36:25.758+0000][info][safepoint    ] Safepoint "G1CollectForAllocation", Time since last: 549001992 ns, Reaching safepoint: 53775 ns, At safepoint: 120338072 ns, Total: 120391847 ns
[2020-10-31T07:36:26.759+0000][info][safepoint    ] Safepoint "Cleanup", Time since last: 1000085116 ns, Reaching safepoint: 129805 ns, At safepoint: 6501 ns, Total: 136306 ns
[2020-10-31T07:36:27.759+0000][info][safepoint    ] Safepoint "Cleanup", Time since last: 1000108365 ns, Reaching safepoint: 130474 ns, At safepoint: 5747 ns, Total: 136221 ns
[2020-10-31T07:36:28.759+0000][info][safepoint    ] Safepoint "Cleanup", Time since last: 1000106112 ns, Reaching safepoint: 142445 ns, At safepoint: 3343 ns, Total: 145788 ns
[2020-10-31T07:36:29.759+0000][info][safepoint    ] Safepoint "Cleanup", Time since last: 1000108282 ns, Reaching safepoint: 137294 ns, At safepoint: 5935 ns, Total: 143229 ns
[2020-10-31T07:36:30.760+0000][info][safepoint    ] Safepoint "Cleanup", Time since last: 1000103025 ns, Reaching safepoint: 138886 ns, At safepoint: 3297 ns, Total: 142183 ns
[2020-10-31T07:36:31.760+0000][info][safepoint    ] Safepoint "Cleanup", Time since last: 1000111777 ns, Reaching safepoint: 128962 ns, At safepoint: 6541 ns, Total: 135503 ns
[2020-10-31T07:36:32.760+0000][info][safepoint    ] Safepoint "Cleanup", Time since last: 1000112017 ns, Reaching safepoint: 128859 ns, At safepoint: 5208 ns, Total: 134067 ns
[2020-10-31T07:36:33.760+0000][info][safepoint    ] Safepoint "Cleanup", Time since last: 1000121859 ns, Reaching safepoint: 125387 ns, At safepoint: 5887 ns, Total: 131274 ns
[2020-10-31T07:36:34.761+0000][info][safepoint    ] Safepoint "Cleanup", Time since last: 1000110965 ns, Reaching safepoint: 124637 ns, At safepoint: 4360 ns, Total: 128997 ns
[2020-10-31T07:36:35.761+0000][info][safepoint    ] Safepoint "Cleanup", Time since last: 1000103593 ns, Reaching safepoint: 69004 ns, At safepoint: 2140 ns, Total: 71144 ns
[2020-10-31T07:36:36.310+0000][info][gc,start     ] GC(118) Pause Young (Normal) (G1 Evacuation Pause)
[2020-10-31T07:36:36.311+0000][info][gc,task      ] GC(118) Using 2 workers of 2 for evacuation
[2020-10-31T07:36:36.435+0000][info][gc,phases    ] GC(118)   Pre Evacuate Collection Set: 0.6ms
[2020-10-31T07:36:36.435+0000][info][gc,phases    ] GC(118)   Evacuate Collection Set: 92.7ms
[2020-10-31T07:36:36.435+0000][info][gc,phases    ] GC(118)   Post Evacuate Collection Set: 30.4ms
[2020-10-31T07:36:36.435+0000][info][gc,phases    ] GC(118)   Other: 0.5ms
[2020-10-31T07:36:36.435+0000][info][gc,heap      ] GC(118) Eden regions: 1677->0(1676)
[2020-10-31T07:36:36.435+0000][info][gc,heap      ] GC(118) Survivor regions: 12->13(212)
[2020-10-31T07:36:36.435+0000][info][gc,heap      ] GC(118) Old regions: 3->3
[2020-10-31T07:36:36.435+0000][info][gc,heap      ] GC(118) Archive regions: 2->2
[2020-10-31T07:36:36.435+0000][info][gc,heap      ] GC(118) Humongous regions: 0->0
[2020-10-31T07:36:36.435+0000][info][gc,metaspace ] GC(118) Metaspace: 13710K->13710K(1062912K)
[2020-10-31T07:36:36.435+0000][info][gc           ] GC(118) Pause Young (Normal) (G1 Evacuation Pause) 3384M->31M(5632M) 124.310ms
[2020-10-31T07:36:36.435+0000][info][gc,cpu       ] GC(118) User=0.24s Sys=0.00s Real=0.13s
[2020-10-31T07:36:36.435+0000][info][safepoint    ] Safepoint "G1CollectForAllocation", Time since last: 549627099 ns, Reaching safepoint: 52284 ns, At safepoint: 124371543 ns, Total: 124423827 ns
[2020-10-31T07:36:37.435+0000][info][safepoint    ] Safepoint "Cleanup", Time since last: 1000084690 ns, Reaching safepoint: 137380 ns, At safepoint: 7973 ns, Total: 145353 ns
[2020-10-31T07:36:38.435+0000][info][safepoint    ] Safepoint "Cleanup", Time since last: 1000109910 ns, Reaching safepoint: 60040 ns, At safepoint: 4230 ns, Total: 64270 ns
[2020-10-31T07:36:39.435+0000][info][safepoint    ] Safepoint "Cleanup", Time since last: 1000111282 ns, Reaching safepoint: 126920 ns, At safepoint: 6653 ns, Total: 133573 ns
[2020-10-31T07:36:40.436+0000][info][safepoint    ] Safepoint "Cleanup", Time since last: 1000108873 ns, Reaching safepoint: 149469 ns, At safepoint: 7110 ns, Total: 156579 ns
[2020-10-31T07:36:41.436+0000][info][safepoint    ] Safepoint "Cleanup", Time since last: 1000108660 ns, Reaching safepoint: 49585 ns, At safepoint: 5578 ns, Total: 55163 ns
[2020-10-31T07:36:42.436+0000][info][safepoint    ] Safepoint "Cleanup", Time since last: 1000107255 ns, Reaching safepoint: 138491 ns, At safepoint: 3130 ns, Total: 141621 ns
[2020-10-31T07:36:43.436+0000][info][safepoint    ] Safepoint "Cleanup", Time since last: 1000108512 ns, Reaching safepoint: 127361 ns, At safepoint: 6350 ns, Total: 133711 ns
[2020-10-31T07:36:44.437+0000][info][safepoint    ] Safepoint "Cleanup", Time since last: 1000110270 ns, Reaching safepoint: 58050 ns, At safepoint: 3471 ns, Total: 61521 ns
[2020-10-31T07:36:45.437+0000][info][safepoint    ] Safepoint "Cleanup", Time since last: 1000106696 ns, Reaching safepoint: 157498 ns, At safepoint: 3342 ns, Total: 160840 ns
[2020-10-31T07:36:46.437+0000][info][safepoint    ] Safepoint "Cleanup", Time since last: 1000105495 ns, Reaching safepoint: 61553 ns, At safepoint: 4457 ns, Total: 66010 ns
[2020-10-31T07:36:46.983+0000][info][gc,start     ] GC(119) Pause Young (Normal) (G1 Evacuation Pause)
[2020-10-31T07:36:46.983+0000][info][gc,task      ] GC(119) Using 2 workers of 2 for evacuation
[2020-10-31T07:36:47.103+0000][info][gc,phases    ] GC(119)   Pre Evacuate Collection Set: 0.6ms
[2020-10-31T07:36:47.103+0000][info][gc,phases    ] GC(119)   Evacuate Collection Set: 91.1ms
[2020-10-31T07:36:47.103+0000][info][gc,phases    ] GC(119)   Post Evacuate Collection Set: 27.8ms
[2020-10-31T07:36:47.103+0000][info][gc,phases    ] GC(119)   Other: 0.5ms
[2020-10-31T07:36:47.103+0000][info][gc,heap      ] GC(119) Eden regions: 1676->0(1677)
[2020-10-31T07:36:47.103+0000][info][gc,heap      ] GC(119) Survivor regions: 13->12(212)
[2020-10-31T07:36:47.103+0000][info][gc,heap      ] GC(119) Old regions: 3->3
[2020-10-31T07:36:47.103+0000][info][gc,heap      ] GC(119) Archive regions: 2->2
[2020-10-31T07:36:47.103+0000][info][gc,heap      ] GC(119) Humongous regions: 0->0
[2020-10-31T07:36:47.103+0000][info][gc,metaspace ] GC(119) Metaspace: 13710K->13710K(1062912K)
[2020-10-31T07:36:47.103+0000][info][gc           ] GC(119) Pause Young (Normal) (G1 Evacuation Pause) 3383M->30M(5632M) 120.090ms
[2020-10-31T07:36:47.103+0000][info][gc,cpu       ] GC(119) User=0.23s Sys=0.00s Real=0.12s
[2020-10-31T07:36:47.103+0000][info][safepoint    ] Safepoint "G1CollectForAllocation", Time since last: 545762294 ns, Reaching safepoint: 51838 ns, At safepoint: 120144065 ns, Total: 120195903 ns
[2020-10-31T07:36:48.103+0000][info][safepoint    ] Safepoint "Cleanup", Time since last: 1000084992 ns, Reaching safepoint: 138595 ns, At safepoint: 3588 ns, Total: 142183 ns
[2020-10-31T07:36:49.103+0000][info][safepoint    ] Safepoint "Cleanup", Time since last: 1000109395 ns, Reaching safepoint: 138885 ns, At safepoint: 3499 ns, Total: 142384 ns
[2020-10-31T07:36:50.104+0000][info][safepoint    ] Safepoint "Cleanup", Time since last: 1000115332 ns, Reaching safepoint: 127547 ns, At safepoint: 5381 ns, Total: 132928 ns
[2020-10-31T07:36:51.104+0000][info][safepoint    ] Safepoint "Cleanup", Time since last: 1000109284 ns, Reaching safepoint: 68903 ns, At safepoint: 6439 ns, Total: 75342 ns
[2020-10-31T07:36:52.104+0000][info][safepoint    ] Safepoint "Cleanup", Time since last: 1000100716 ns, Reaching safepoint: 125681 ns, At safepoint: 6360 ns, Total: 132041 ns
[2020-10-31T07:36:53.105+0000][info][safepoint    ] Safepoint "Cleanup", Time since last: 1000832700 ns, Reaching safepoint: 123536 ns, At safepoint: 5604 ns, Total: 129140 ns
[2020-10-31T07:36:54.105+0000][info][safepoint    ] Safepoint "Cleanup", Time since last: 1000108406 ns, Reaching safepoint: 126391 ns, At safepoint: 6569 ns, Total: 132960 ns
[2020-10-31T07:36:55.106+0000][info][safepoint    ] Safepoint "Cleanup", Time since last: 1000107494 ns, Reaching safepoint: 139831 ns, At safepoint: 3625 ns, Total: 143456 ns
[2020-10-31T07:36:56.106+0000][info][safepoint    ] Safepoint "Cleanup", Time since last: 1000108841 ns, Reaching safepoint: 149645 ns, At safepoint: 5460 ns, Total: 155105 ns
[2020-10-31T07:36:57.337+0000][info][safepoint    ] Safepoint "Cleanup", Time since last: 1231473748 ns, Reaching safepoint: 127731 ns, At safepoint: 5549 ns, Total: 133280 ns
[2020-10-31T07:36:57.671+0000][info][gc,start     ] GC(120) Pause Young (Normal) (G1 Evacuation Pause)
[2020-10-31T07:36:57.671+0000][info][gc,task      ] GC(120) Using 2 workers of 2 for evacuation
[2020-10-31T07:36:57.791+0000][info][gc,phases    ] GC(120)   Pre Evacuate Collection Set: 0.5ms
[2020-10-31T07:36:57.791+0000][info][gc,phases    ] GC(120)   Evacuate Collection Set: 90.4ms
[2020-10-31T07:36:57.791+0000][info][gc,phases    ] GC(120)   Post Evacuate Collection Set: 28.4ms
[2020-10-31T07:36:57.791+0000][info][gc,phases    ] GC(120)   Other: 0.5ms
[2020-10-31T07:36:57.791+0000][info][gc,heap      ] GC(120) Eden regions: 1677->0(1677)
[2020-10-31T07:36:57.791+0000][info][gc,heap      ] GC(120) Survivor regions: 12->12(212)
[2020-10-31T07:36:57.791+0000][info][gc,heap      ] GC(120) Old regions: 3->3
[2020-10-31T07:36:57.791+0000][info][gc,heap      ] GC(120) Archive regions: 2->2
[2020-10-31T07:36:57.791+0000][info][gc,heap      ] GC(120) Humongous regions: 0->0
[2020-10-31T07:36:57.791+0000][info][gc,metaspace ] GC(120) Metaspace: 13710K->13710K(1062912K)
[2020-10-31T07:36:57.791+0000][info][gc           ] GC(120) Pause Young (Normal) (G1 Evacuation Pause) 3384M->30M(5632M) 119.909ms
[2020-10-31T07:36:57.791+0000][info][gc,cpu       ] GC(120) User=0.23s Sys=0.00s Real=0.12s
[2020-10-31T07:36:57.791+0000][info][safepoint    ] Safepoint "G1CollectForAllocation", Time since last: 333221496 ns, Reaching safepoint: 53081 ns, At safepoint: 119969118 ns, Total: 120022199 ns
[2020-10-31T07:36:58.791+0000][info][safepoint    ] Safepoint "Cleanup", Time since last: 1000079708 ns, Reaching safepoint: 123901 ns, At safepoint: 3105 ns, Total: 127006 ns
[2020-10-31T07:36:59.791+0000][info][safepoint    ] Safepoint "Cleanup", Time since last: 1000110228 ns, Reaching safepoint: 51374 ns, At safepoint: 5497 ns, Total: 56871 ns
[2020-10-31T07:37:00.791+0000][info][safepoint    ] Safepoint "Cleanup", Time since last: 1000101705 ns, Reaching safepoint: 51674 ns, At safepoint: 5834 ns, Total: 57508 ns
[2020-10-31T07:37:01.791+0000][info][safepoint    ] Safepoint "Cleanup", Time since last: 1000105426 ns, Reaching safepoint: 47683 ns, At safepoint: 1989 ns, Total: 49672 ns
[2020-10-31T07:37:02.792+0000][info][safepoint    ] Safepoint "Cleanup", Time since last: 1000100583 ns, Reaching safepoint: 136073 ns, At safepoint: 3368 ns, Total: 139441 ns
[2020-10-31T07:37:03.792+0000][info][safepoint    ] Safepoint "Cleanup", Time since last: 1000110618 ns, Reaching safepoint: 148643 ns, At safepoint: 3376 ns, Total: 152019 ns
[2020-10-31T07:37:04.792+0000][info][safepoint    ] Safepoint "Cleanup", Time since last: 1000110972 ns, Reaching safepoint: 127093 ns, At safepoint: 5698 ns, Total: 132791 ns
[2020-10-31T07:37:05.792+0000][info][safepoint    ] Safepoint "Cleanup", Time since last: 1000105605 ns, Reaching safepoint: 51447 ns, At safepoint: 2496 ns, Total: 53943 ns
[2020-10-31T07:37:06.793+0000][info][safepoint    ] Safepoint "Cleanup", Time since last: 1000098328 ns, Reaching safepoint: 126155 ns, At safepoint: 6882 ns, Total: 133037 ns
[2020-10-31T07:37:07.793+0000][info][safepoint    ] Safepoint "Cleanup", Time since last: 1000117615 ns, Reaching safepoint: 126440 ns, At safepoint: 7493 ns, Total: 133933 ns
[2020-10-31T07:37:08.393+0000][info][gc,start     ] GC(121) Pause Young (Normal) (G1 Evacuation Pause)
[2020-10-31T07:37:08.393+0000][info][gc,task      ] GC(121) Using 2 workers of 2 for evacuation
[2020-10-31T07:37:08.514+0000][info][gc,phases    ] GC(121)   Pre Evacuate Collection Set: 0.6ms
[2020-10-31T07:37:08.514+0000][info][gc,phases    ] GC(121)   Evacuate Collection Set: 90.2ms
[2020-10-31T07:37:08.514+0000][info][gc,phases    ] GC(121)   Post Evacuate Collection Set: 30.2ms
[2020-10-31T07:37:08.514+0000][info][gc,phases    ] GC(121)   Other: 0.5ms
[2020-10-31T07:37:08.514+0000][info][gc,heap      ] GC(121) Eden regions: 1677->0(1677)
[2020-10-31T07:37:08.514+0000][info][gc,heap      ] GC(121) Survivor regions: 12->12(212)
[2020-10-31T07:37:08.514+0000][info][gc,heap      ] GC(121) Old regions: 3->3
[2020-10-31T07:37:08.514+0000][info][gc,heap      ] GC(121) Archive regions: 2->2
[2020-10-31T07:37:08.514+0000][info][gc,heap      ] GC(121) Humongous regions: 0->0
[2020-10-31T07:37:08.514+0000][info][gc,metaspace ] GC(121) Metaspace: 13710K->13710K(1062912K)
[2020-10-31T07:37:08.514+0000][info][gc           ] GC(121) Pause Young (Normal) (G1 Evacuation Pause) 3384M->30M(5632M) 121.636ms
[2020-10-31T07:37:08.514+0000][info][gc,cpu       ] GC(121) User=0.24s Sys=0.00s Real=0.12s
[2020-10-31T07:37:08.514+0000][info][safepoint    ] Safepoint "G1CollectForAllocation", Time since last: 599780052 ns, Reaching safepoint: 55397 ns, At safepoint: 121689483 ns, Total: 121744880 ns
[2020-10-31T07:37:09.515+0000][info][safepoint    ] Safepoint "Cleanup", Time since last: 1000084820 ns, Reaching safepoint: 127106 ns, At safepoint: 5912 ns, Total: 133018 ns
[2020-10-31T07:37:10.515+0000][info][safepoint    ] Safepoint "Cleanup", Time since last: 1000106533 ns, Reaching safepoint: 125446 ns, At safepoint: 5872 ns, Total: 131318 ns
[2020-10-31T07:37:11.515+0000][info][safepoint    ] Safepoint "Cleanup", Time since last: 1000111744 ns, Reaching safepoint: 143927 ns, At safepoint: 8010 ns, Total: 151937 ns
[2020-10-31T07:37:12.515+0000][info][safepoint    ] Safepoint "Cleanup", Time since last: 1000123770 ns, Reaching safepoint: 122327 ns, At safepoint: 7000 ns, Total: 129327 ns
[2020-10-31T07:37:13.515+0000][info][safepoint    ] Safepoint "Cleanup", Time since last: 1000105875 ns, Reaching safepoint: 128020 ns, At safepoint: 5436 ns, Total: 133456 ns
[2020-10-31T07:37:14.516+0000][info][safepoint    ] Safepoint "Cleanup", Time since last: 1000106036 ns, Reaching safepoint: 129969 ns, At safepoint: 6356 ns, Total: 136325 ns
[2020-10-31T07:37:15.516+0000][info][safepoint    ] Safepoint "Cleanup", Time since last: 1000110513 ns, Reaching safepoint: 126425 ns, At safepoint: 6726 ns, Total: 133151 ns
[2020-10-31T07:37:16.516+0000][info][safepoint    ] Safepoint "Cleanup", Time since last: 1000112401 ns, Reaching safepoint: 134918 ns, At safepoint: 7169 ns, Total: 142087 ns
[2020-10-31T07:37:17.516+0000][info][safepoint    ] Safepoint "Cleanup", Time since last: 1000108890 ns, Reaching safepoint: 129792 ns, At safepoint: 5863 ns, Total: 135655 ns
[2020-10-31T07:37:18.517+0000][info][safepoint    ] Safepoint "Cleanup", Time since last: 1000119268 ns, Reaching safepoint: 51499 ns, At safepoint: 3196 ns, Total: 54695 ns
[2020-10-31T07:37:19.140+0000][info][gc,start     ] GC(122) Pause Young (Normal) (G1 Evacuation Pause)
[2020-10-31T07:37:19.140+0000][info][gc,task      ] GC(122) Using 2 workers of 2 for evacuation
[2020-10-31T07:37:19.263+0000][info][gc,phases    ] GC(122)   Pre Evacuate Collection Set: 0.5ms
[2020-10-31T07:37:19.263+0000][info][gc,phases    ] GC(122)   Evacuate Collection Set: 91.3ms
[2020-10-31T07:37:19.263+0000][info][gc,phases    ] GC(122)   Post Evacuate Collection Set: 30.6ms
[2020-10-31T07:37:19.263+0000][info][gc,phases    ] GC(122)   Other: 0.5ms
[2020-10-31T07:37:19.263+0000][info][gc,heap      ] GC(122) Eden regions: 1677->0(1677)
[2020-10-31T07:37:19.263+0000][info][gc,heap      ] GC(122) Survivor regions: 12->12(212)
[2020-10-31T07:37:19.263+0000][info][gc,heap      ] GC(122) Old regions: 3->3
[2020-10-31T07:37:19.263+0000][info][gc,heap      ] GC(122) Archive regions: 2->2
[2020-10-31T07:37:19.263+0000][info][gc,heap      ] GC(122) Humongous regions: 0->0
[2020-10-31T07:37:19.263+0000][info][gc,metaspace ] GC(122) Metaspace: 13710K->13710K(1062912K)
[2020-10-31T07:37:19.263+0000][info][gc           ] GC(122) Pause Young (Normal) (G1 Evacuation Pause) 3384M->30M(5632M) 122.920ms
[2020-10-31T07:37:19.263+0000][info][gc,cpu       ] GC(122) User=0.24s Sys=0.00s Real=0.12s
[2020-10-31T07:37:19.263+0000][info][safepoint    ] Safepoint "G1CollectForAllocation", Time since last: 623236908 ns, Reaching safepoint: 51528 ns, At safepoint: 122972141 ns, Total: 123023669 ns
[2020-10-31T07:37:20.263+0000][info][safepoint    ] Safepoint "Cleanup", Time since last: 1000086498 ns, Reaching safepoint: 142865 ns, At safepoint: 6465 ns, Total: 149330 ns
[2020-10-31T07:37:21.263+0000][info][safepoint    ] Safepoint "Cleanup", Time since last: 1000107528 ns, Reaching safepoint: 128052 ns, At safepoint: 5665 ns, Total: 133717 ns
[2020-10-31T07:37:22.264+0000][info][safepoint    ] Safepoint "Cleanup", Time since last: 1000109747 ns, Reaching safepoint: 130047 ns, At safepoint: 6307 ns, Total: 136354 ns
[2020-10-31T07:37:23.265+0000][info][safepoint    ] Safepoint "Cleanup", Time since last: 1000974044 ns, Reaching safepoint: 50925 ns, At safepoint: 3319 ns, Total: 54244 ns
[2020-10-31T07:37:24.265+0000][info][safepoint    ] Safepoint "Cleanup", Time since last: 1000106207 ns, Reaching safepoint: 126669 ns, At safepoint: 5370 ns, Total: 132039 ns
[2020-10-31T07:37:25.265+0000][info][safepoint    ] Safepoint "Cleanup", Time since last: 1000105401 ns, Reaching safepoint: 141425 ns, At safepoint: 5373 ns, Total: 146798 ns
[2020-10-31T07:37:26.265+0000][info][safepoint    ] Safepoint "Cleanup", Time since last: 1000109010 ns, Reaching safepoint: 157576 ns, At safepoint: 3580 ns, Total: 161156 ns
[2020-10-31T07:37:27.266+0000][info][safepoint    ] Safepoint "Cleanup", Time since last: 1000127422 ns, Reaching safepoint: 47074 ns, At safepoint: 3187 ns, Total: 50261 ns
[2020-10-31T07:37:28.266+0000][info][safepoint    ] Safepoint "Cleanup", Time since last: 1000111332 ns, Reaching safepoint: 48909 ns, At safepoint: 2450 ns, Total: 51359 ns
[2020-10-31T07:37:29.266+0000][info][safepoint    ] Safepoint "Cleanup", Time since last: 1000099812 ns, Reaching safepoint: 131446 ns, At safepoint: 6692 ns, Total: 138138 ns
[2020-10-31T07:37:29.874+0000][info][gc,start     ] GC(123) Pause Young (Normal) (G1 Evacuation Pause)
[2020-10-31T07:37:29.874+0000][info][gc,task      ] GC(123) Using 2 workers of 2 for evacuation
[2020-10-31T07:37:29.994+0000][info][gc,phases    ] GC(123)   Pre Evacuate Collection Set: 0.6ms
[2020-10-31T07:37:29.994+0000][info][gc,phases    ] GC(123)   Evacuate Collection Set: 90.6ms
[2020-10-31T07:37:29.994+0000][info][gc,phases    ] GC(123)   Post Evacuate Collection Set: 28.8ms
[2020-10-31T07:37:29.994+0000][info][gc,phases    ] GC(123)   Other: 0.5ms
[2020-10-31T07:37:29.994+0000][info][gc,heap      ] GC(123) Eden regions: 1677->0(1677)
[2020-10-31T07:37:29.994+0000][info][gc,heap      ] GC(123) Survivor regions: 12->12(212)
[2020-10-31T07:37:29.994+0000][info][gc,heap      ] GC(123) Old regions: 3->3
[2020-10-31T07:37:29.994+0000][info][gc,heap      ] GC(123) Archive regions: 2->2
[2020-10-31T07:37:29.994+0000][info][gc,heap      ] GC(123) Humongous regions: 0->0
[2020-10-31T07:37:29.994+0000][info][gc,metaspace ] GC(123) Metaspace: 13710K->13710K(1062912K)
[2020-10-31T07:37:29.994+0000][info][gc           ] GC(123) Pause Young (Normal) (G1 Evacuation Pause) 3384M->30M(5632M) 120.545ms
[2020-10-31T07:37:29.994+0000][info][gc,cpu       ] GC(123) User=0.24s Sys=0.00s Real=0.12s
[2020-10-31T07:37:29.994+0000][info][safepoint    ] Safepoint "G1CollectForAllocation", Time since last: 607685930 ns, Reaching safepoint: 52323 ns, At safepoint: 120607782 ns, Total: 120660105 ns
[2020-10-31T07:37:30.995+0000][info][safepoint    ] Safepoint "Cleanup", Time since last: 1000081227 ns, Reaching safepoint: 131453 ns, At safepoint: 3421 ns, Total: 134874 ns
[2020-10-31T07:37:31.995+0000][info][safepoint    ] Safepoint "Cleanup", Time since last: 1000102604 ns, Reaching safepoint: 127991 ns, At safepoint: 4521 ns, Total: 132512 ns
[2020-10-31T07:37:32.995+0000][info][safepoint    ] Safepoint "Cleanup", Time since last: 1000102362 ns, Reaching safepoint: 54719 ns, At safepoint: 3089 ns, Total: 57808 ns
[2020-10-31T07:37:33.995+0000][info][safepoint    ] Safepoint "Cleanup", Time since last: 1000100125 ns, Reaching safepoint: 66171 ns, At safepoint: 3186 ns, Total: 69357 ns
[2020-10-31T07:37:34.995+0000][info][safepoint    ] Safepoint "Cleanup", Time since last: 1000111226 ns, Reaching safepoint: 126226 ns, At safepoint: 7215 ns, Total: 133441 ns
[2020-10-31T07:37:35.996+0000][info][safepoint    ] Safepoint "Cleanup", Time since last: 1000106979 ns, Reaching safepoint: 133211 ns, At safepoint: 3521 ns, Total: 136732 ns
[2020-10-31T07:37:37.337+0000][info][safepoint    ] Safepoint "Cleanup", Time since last: 1341649851 ns, Reaching safepoint: 53239 ns, At safepoint: 5320 ns, Total: 58559 ns
[2020-10-31T07:37:38.338+0000][info][safepoint    ] Safepoint "Cleanup", Time since last: 1000105077 ns, Reaching safepoint: 127402 ns, At safepoint: 7889 ns, Total: 135291 ns
[2020-10-31T07:37:39.338+0000][info][safepoint    ] Safepoint "Cleanup", Time since last: 1000108993 ns, Reaching safepoint: 131290 ns, At safepoint: 6847 ns, Total: 138137 ns
[2020-10-31T07:37:40.338+0000][info][safepoint    ] Safepoint "Cleanup", Time since last: 1000112184 ns, Reaching safepoint: 129595 ns, At safepoint: 5456 ns, Total: 135051 ns
[2020-10-31T07:37:40.612+0000][info][gc,start     ] GC(124) Pause Young (Normal) (G1 Evacuation Pause)
[2020-10-31T07:37:40.612+0000][info][gc,task      ] GC(124) Using 2 workers of 2 for evacuation
[2020-10-31T07:37:40.738+0000][info][gc,phases    ] GC(124)   Pre Evacuate Collection Set: 0.6ms
[2020-10-31T07:37:40.738+0000][info][gc,phases    ] GC(124)   Evacuate Collection Set: 95.5ms
[2020-10-31T07:37:40.738+0000][info][gc,phases    ] GC(124)   Post Evacuate Collection Set: 29.7ms
[2020-10-31T07:37:40.738+0000][info][gc,phases    ] GC(124)   Other: 0.5ms
[2020-10-31T07:37:40.738+0000][info][gc,heap      ] GC(124) Eden regions: 1677->0(1677)
[2020-10-31T07:37:40.738+0000][info][gc,heap      ] GC(124) Survivor regions: 12->12(212)
[2020-10-31T07:37:40.738+0000][info][gc,heap      ] GC(124) Old regions: 3->3
[2020-10-31T07:37:40.738+0000][info][gc,heap      ] GC(124) Archive regions: 2->2
[2020-10-31T07:37:40.738+0000][info][gc,heap      ] GC(124) Humongous regions: 0->0
[2020-10-31T07:37:40.738+0000][info][gc,metaspace ] GC(124) Metaspace: 13710K->13710K(1062912K)
[2020-10-31T07:37:40.738+0000][info][gc           ] GC(124) Pause Young (Normal) (G1 Evacuation Pause) 3384M->30M(5632M) 126.299ms
[2020-10-31T07:37:40.738+0000][info][gc,cpu       ] GC(124) User=0.23s Sys=0.00s Real=0.13s
[2020-10-31T07:37:40.738+0000][info][safepoint    ] Safepoint "G1CollectForAllocation", Time since last: 274001989 ns, Reaching safepoint: 67356 ns, At safepoint: 126352735 ns, Total: 126420091 ns
[2020-10-31T07:37:41.739+0000][info][safepoint    ] Safepoint "Cleanup", Time since last: 1000083596 ns, Reaching safepoint: 49079 ns, At safepoint: 2029 ns, Total: 51108 ns
[2020-10-31T07:37:42.739+0000][info][safepoint    ] Safepoint "Cleanup", Time since last: 1000105956 ns, Reaching safepoint: 138881 ns, At safepoint: 7604 ns, Total: 146485 ns
[2020-10-31T07:37:43.739+0000][info][safepoint    ] Safepoint "Cleanup", Time since last: 1000109785 ns, Reaching safepoint: 126319 ns, At safepoint: 5684 ns, Total: 132003 ns
[2020-10-31T07:37:44.739+0000][info][safepoint    ] Safepoint "Cleanup", Time since last: 1000107055 ns, Reaching safepoint: 139116 ns, At safepoint: 3067 ns, Total: 142183 ns
[2020-10-31T07:37:45.740+0000][info][safepoint    ] Safepoint "Cleanup", Time since last: 1000108193 ns, Reaching safepoint: 63070 ns, At safepoint: 6505 ns, Total: 69575 ns
[2020-10-31T07:37:46.740+0000][info][safepoint    ] Safepoint "Cleanup", Time since last: 1000108176 ns, Reaching safepoint: 129184 ns, At safepoint: 6803 ns, Total: 135987 ns
[2020-10-31T07:37:47.740+0000][info][safepoint    ] Safepoint "Cleanup", Time since last: 1000108236 ns, Reaching safepoint: 125203 ns, At safepoint: 5433 ns, Total: 130636 ns
[2020-10-31T07:37:48.740+0000][info][safepoint    ] Safepoint "Cleanup", Time since last: 1000111046 ns, Reaching safepoint: 133103 ns, At safepoint: 7058 ns, Total: 140161 ns
[2020-10-31T07:37:49.741+0000][info][safepoint    ] Safepoint "Cleanup", Time since last: 1000108481 ns, Reaching safepoint: 135933 ns, At safepoint: 5901 ns, Total: 141834 ns
[2020-10-31T07:37:50.741+0000][info][safepoint    ] Safepoint "Cleanup", Time since last: 1000108771 ns, Reaching safepoint: 128631 ns, At safepoint: 7093 ns, Total: 135724 ns
[2020-10-31T07:37:51.346+0000][info][gc,start     ] GC(125) Pause Young (Normal) (G1 Evacuation Pause)
[2020-10-31T07:37:51.346+0000][info][gc,task      ] GC(125) Using 2 workers of 2 for evacuation
[2020-10-31T07:37:51.467+0000][info][gc,phases    ] GC(125)   Pre Evacuate Collection Set: 0.6ms
[2020-10-31T07:37:51.467+0000][info][gc,phases    ] GC(125)   Evacuate Collection Set: 90.9ms
[2020-10-31T07:37:51.467+0000][info][gc,phases    ] GC(125)   Post Evacuate Collection Set: 28.5ms
[2020-10-31T07:37:51.467+0000][info][gc,phases    ] GC(125)   Other: 0.5ms
[2020-10-31T07:37:51.467+0000][info][gc,heap      ] GC(125) Eden regions: 1677->0(1677)
[2020-10-31T07:37:51.467+0000][info][gc,heap      ] GC(125) Survivor regions: 12->12(212)
[2020-10-31T07:37:51.467+0000][info][gc,heap      ] GC(125) Old regions: 3->3
[2020-10-31T07:37:51.467+0000][info][gc,heap      ] GC(125) Archive regions: 2->2
[2020-10-31T07:37:51.467+0000][info][gc,heap      ] GC(125) Humongous regions: 0->0
[2020-10-31T07:37:51.467+0000][info][gc,metaspace ] GC(125) Metaspace: 13710K->13710K(1062912K)
[2020-10-31T07:37:51.467+0000][info][gc           ] GC(125) Pause Young (Normal) (G1 Evacuation Pause) 3384M->30M(5632M) 120.615ms
[2020-10-31T07:37:51.467+0000][info][gc,cpu       ] GC(125) User=0.23s Sys=0.00s Real=0.12s
[2020-10-31T07:37:51.467+0000][info][safepoint    ] Safepoint "G1CollectForAllocation", Time since last: 605202838 ns, Reaching safepoint: 49894 ns, At safepoint: 120678849 ns, Total: 120728743 ns
[2020-10-31T07:37:52.467+0000][info][safepoint    ] Safepoint "Cleanup", Time since last: 1000086862 ns, Reaching safepoint: 52318 ns, At safepoint: 5975 ns, Total: 58293 ns
[2020-10-31T07:37:53.467+0000][info][safepoint    ] Safepoint "Cleanup", Time since last: 1000107834 ns, Reaching safepoint: 46942 ns, At safepoint: 1831 ns, Total: 48773 ns
[2020-10-31T07:37:54.467+0000][info][safepoint    ] Safepoint "Cleanup", Time since last: 1000107998 ns, Reaching safepoint: 46163 ns, At safepoint: 1605 ns, Total: 47768 ns
[2020-10-31T07:37:55.467+0000][info][safepoint    ] Safepoint "Cleanup", Time since last: 1000104755 ns, Reaching safepoint: 65049 ns, At safepoint: 7872 ns, Total: 72921 ns
[2020-10-31T07:37:56.468+0000][info][safepoint    ] Safepoint "Cleanup", Time since last: 1000104440 ns, Reaching safepoint: 140668 ns, At safepoint: 7823 ns, Total: 148491 ns
[2020-10-31T07:37:57.468+0000][info][safepoint    ] Safepoint "Cleanup", Time since last: 1000109182 ns, Reaching safepoint: 80506 ns, At safepoint: 6889 ns, Total: 87395 ns
[2020-10-31T07:37:58.468+0000][info][safepoint    ] Safepoint "Cleanup", Time since last: 1000105995 ns, Reaching safepoint: 50665 ns, At safepoint: 2454 ns, Total: 53119 ns
[2020-10-31T07:37:59.468+0000][info][safepoint    ] Safepoint "Cleanup", Time since last: 1000101499 ns, Reaching safepoint: 52633 ns, At safepoint: 5168 ns, Total: 57801 ns
[2020-10-31T07:38:00.468+0000][info][safepoint    ] Safepoint "Cleanup", Time since last: 1000110806 ns, Reaching safepoint: 129636 ns, At safepoint: 7871 ns, Total: 137507 ns
[2020-10-31T07:38:01.469+0000][info][safepoint    ] Safepoint "Cleanup", Time since last: 1000110601 ns, Reaching safepoint: 126423 ns, At safepoint: 6924 ns, Total: 133347 ns
[2020-10-31T07:38:02.088+0000][info][gc,start     ] GC(126) Pause Young (Normal) (G1 Evacuation Pause)
[2020-10-31T07:38:02.088+0000][info][gc,task      ] GC(126) Using 2 workers of 2 for evacuation
[2020-10-31T07:38:02.210+0000][info][gc,phases    ] GC(126)   Pre Evacuate Collection Set: 0.5ms
[2020-10-31T07:38:02.210+0000][info][gc,phases    ] GC(126)   Evacuate Collection Set: 90.7ms
[2020-10-31T07:38:02.210+0000][info][gc,phases    ] GC(126)   Post Evacuate Collection Set: 29.8ms
[2020-10-31T07:38:02.210+0000][info][gc,phases    ] GC(126)   Other: 0.5ms
[2020-10-31T07:38:02.210+0000][info][gc,heap      ] GC(126) Eden regions: 1677->0(1676)
[2020-10-31T07:38:02.210+0000][info][gc,heap      ] GC(126) Survivor regions: 12->13(212)
[2020-10-31T07:38:02.210+0000][info][gc,heap      ] GC(126) Old regions: 3->3
[2020-10-31T07:38:02.210+0000][info][gc,heap      ] GC(126) Archive regions: 2->2
[2020-10-31T07:38:02.210+0000][info][gc,heap      ] GC(126) Humongous regions: 0->0
[2020-10-31T07:38:02.210+0000][info][gc,metaspace ] GC(126) Metaspace: 13717K->13717K(1062912K)
[2020-10-31T07:38:02.210+0000][info][gc           ] GC(126) Pause Young (Normal) (G1 Evacuation Pause) 3384M->31M(5632M) 121.616ms
[2020-10-31T07:38:02.210+0000][info][gc,cpu       ] GC(126) User=0.23s Sys=0.00s Real=0.12s
[2020-10-31T07:38:02.210+0000][info][safepoint    ] Safepoint "G1CollectForAllocation", Time since last: 619714672 ns, Reaching safepoint: 47368 ns, At safepoint: 121678744 ns, Total: 121726112 ns
[2020-10-31T07:38:03.210+0000][info][safepoint    ] Safepoint "Cleanup", Time since last: 1000080386 ns, Reaching safepoint: 123848 ns, At safepoint: 6745 ns, Total: 130593 ns
[2020-10-31T07:38:04.210+0000][info][safepoint    ] Safepoint "Cleanup", Time since last: 1000105385 ns, Reaching safepoint: 134920 ns, At safepoint: 4075 ns, Total: 138995 ns
[2020-10-31T07:38:05.211+0000][info][safepoint    ] Safepoint "Cleanup", Time since last: 1000105515 ns, Reaching safepoint: 58216 ns, At safepoint: 8084 ns, Total: 66300 ns
[2020-10-31T07:38:06.211+0000][info][safepoint    ] Safepoint "Cleanup", Time since last: 1000116954 ns, Reaching safepoint: 56715 ns, At safepoint: 3503 ns, Total: 60218 ns
[2020-10-31T07:38:07.211+0000][info][safepoint    ] Safepoint "Cleanup", Time since last: 1000101564 ns, Reaching safepoint: 61400 ns, At safepoint: 7014 ns, Total: 68414 ns
[2020-10-31T07:38:08.740+0000][info][safepoint    ] Safepoint "Cleanup", Time since last: 1528757060 ns, Reaching safepoint: 127919 ns, At safepoint: 5970 ns, Total: 133889 ns
[2020-10-31T07:38:09.740+0000][info][safepoint    ] Safepoint "Cleanup", Time since last: 1000108953 ns, Reaching safepoint: 134399 ns, At safepoint: 3720 ns, Total: 138119 ns
[2020-10-31T07:38:10.740+0000][info][safepoint    ] Safepoint "Cleanup", Time since last: 1000108460 ns, Reaching safepoint: 128159 ns, At safepoint: 5424 ns, Total: 133583 ns
[2020-10-31T07:38:11.741+0000][info][safepoint    ] Safepoint "Cleanup", Time since last: 1000108312 ns, Reaching safepoint: 64061 ns, At safepoint: 5303 ns, Total: 69364 ns
[2020-10-31T07:38:12.741+0000][info][safepoint    ] Safepoint "Cleanup", Time since last: 1000103055 ns, Reaching safepoint: 136164 ns, At safepoint: 6087 ns, Total: 142251 ns
[2020-10-31T07:38:12.825+0000][info][gc,start     ] GC(127) Pause Young (Normal) (G1 Evacuation Pause)
[2020-10-31T07:38:12.825+0000][info][gc,task      ] GC(127) Using 2 workers of 2 for evacuation
[2020-10-31T07:38:12.954+0000][info][gc,phases    ] GC(127)   Pre Evacuate Collection Set: 0.5ms
[2020-10-31T07:38:12.954+0000][info][gc,phases    ] GC(127)   Evacuate Collection Set: 98.3ms
[2020-10-31T07:38:12.954+0000][info][gc,phases    ] GC(127)   Post Evacuate Collection Set: 30.1ms
[2020-10-31T07:38:12.954+0000][info][gc,phases    ] GC(127)   Other: 0.5ms
[2020-10-31T07:38:12.954+0000][info][gc,heap      ] GC(127) Eden regions: 1676->0(1677)
[2020-10-31T07:38:12.954+0000][info][gc,heap      ] GC(127) Survivor regions: 13->12(212)
[2020-10-31T07:38:12.954+0000][info][gc,heap      ] GC(127) Old regions: 3->3
[2020-10-31T07:38:12.954+0000][info][gc,heap      ] GC(127) Archive regions: 2->2
[2020-10-31T07:38:12.954+0000][info][gc,heap      ] GC(127) Humongous regions: 0->0
[2020-10-31T07:38:12.954+0000][info][gc,metaspace ] GC(127) Metaspace: 13717K->13717K(1062912K)
[2020-10-31T07:38:12.954+0000][info][gc           ] GC(127) Pause Young (Normal) (G1 Evacuation Pause) 3383M->30M(5632M) 129.491ms
[2020-10-31T07:38:12.954+0000][info][gc,cpu       ] GC(127) User=0.22s Sys=0.00s Real=0.13s
[2020-10-31T07:38:12.954+0000][info][safepoint    ] Safepoint "G1CollectForAllocation", Time since last: 84073071 ns, Reaching safepoint: 64830 ns, At safepoint: 129544773 ns, Total: 129609603 ns
[2020-10-31T07:38:13.955+0000][info][safepoint    ] Safepoint "Cleanup", Time since last: 1000084535 ns, Reaching safepoint: 131394 ns, At safepoint: 6521 ns, Total: 137915 ns
[2020-10-31T07:38:14.955+0000][info][safepoint    ] Safepoint "Cleanup", Time since last: 1000108799 ns, Reaching safepoint: 125377 ns, At safepoint: 5202 ns, Total: 130579 ns
[2020-10-31T07:38:15.955+0000][info][safepoint    ] Safepoint "Cleanup", Time since last: 1000109949 ns, Reaching safepoint: 66980 ns, At safepoint: 3240 ns, Total: 70220 ns
[2020-10-31T07:38:16.955+0000][info][safepoint    ] Safepoint "Cleanup", Time since last: 1000110313 ns, Reaching safepoint: 127759 ns, At safepoint: 5879 ns, Total: 133638 ns
[2020-10-31T07:38:17.956+0000][info][safepoint    ] Safepoint "Cleanup", Time since last: 1000114138 ns, Reaching safepoint: 145077 ns, At safepoint: 3662 ns, Total: 148739 ns
[2020-10-31T07:38:18.956+0000][info][safepoint    ] Safepoint "Cleanup", Time since last: 1000111456 ns, Reaching safepoint: 61571 ns, At safepoint: 3071 ns, Total: 64642 ns
[2020-10-31T07:38:19.956+0000][info][safepoint    ] Safepoint "Cleanup", Time since last: 1000113852 ns, Reaching safepoint: 126646 ns, At safepoint: 6128 ns, Total: 132774 ns
[2020-10-31T07:38:20.956+0000][info][safepoint    ] Safepoint "Cleanup", Time since last: 1000117337 ns, Reaching safepoint: 48369 ns, At safepoint: 2343 ns, Total: 50712 ns
[2020-10-31T07:38:21.956+0000][info][safepoint    ] Safepoint "Cleanup", Time since last: 1000117047 ns, Reaching safepoint: 133460 ns, At safepoint: 3641 ns, Total: 137101 ns
[2020-10-31T07:38:22.957+0000][info][safepoint    ] Safepoint "Cleanup", Time since last: 1000121142 ns, Reaching safepoint: 130456 ns, At safepoint: 6711 ns, Total: 137167 ns
[2020-10-31T07:38:23.506+0000][info][gc,start     ] GC(128) Pause Young (Normal) (G1 Evacuation Pause)
[2020-10-31T07:38:23.506+0000][info][gc,task      ] GC(128) Using 2 workers of 2 for evacuation
[2020-10-31T07:38:23.627+0000][info][gc,phases    ] GC(128)   Pre Evacuate Collection Set: 0.6ms
[2020-10-31T07:38:23.627+0000][info][gc,phases    ] GC(128)   Evacuate Collection Set: 90.6ms
[2020-10-31T07:38:23.627+0000][info][gc,phases    ] GC(128)   Post Evacuate Collection Set: 29.1ms
[2020-10-31T07:38:23.627+0000][info][gc,phases    ] GC(128)   Other: 0.5ms
[2020-10-31T07:38:23.627+0000][info][gc,heap      ] GC(128) Eden regions: 1677->0(1677)
[2020-10-31T07:38:23.627+0000][info][gc,heap      ] GC(128) Survivor regions: 12->12(212)
[2020-10-31T07:38:23.627+0000][info][gc,heap      ] GC(128) Old regions: 3->3
[2020-10-31T07:38:23.627+0000][info][gc,heap      ] GC(128) Archive regions: 2->2
[2020-10-31T07:38:23.627+0000][info][gc,heap      ] GC(128) Humongous regions: 0->0
[2020-10-31T07:38:23.627+0000][info][gc,metaspace ] GC(128) Metaspace: 13718K->13718K(1062912K)
[2020-10-31T07:38:23.627+0000][info][gc           ] GC(128) Pause Young (Normal) (G1 Evacuation Pause) 3384M->30M(5632M) 120.936ms
[2020-10-31T07:38:23.627+0000][info][gc,cpu       ] GC(128) User=0.24s Sys=0.00s Real=0.12s
[2020-10-31T07:38:23.627+0000][info][safepoint    ] Safepoint "G1CollectForAllocation", Time since last: 548925369 ns, Reaching safepoint: 50110 ns, At safepoint: 120999275 ns, Total: 121049385 ns
[2020-10-31T07:38:24.627+0000][info][safepoint    ] Safepoint "Cleanup", Time since last: 1000081449 ns, Reaching safepoint: 134033 ns, At safepoint: 6303 ns, Total: 140336 ns
[2020-10-31T07:38:25.627+0000][info][safepoint    ] Safepoint "Cleanup", Time since last: 1000109290 ns, Reaching safepoint: 140496 ns, At safepoint: 3380 ns, Total: 143876 ns
[2020-10-31T07:38:26.627+0000][info][safepoint    ] Safepoint "Cleanup", Time since last: 1000109305 ns, Reaching safepoint: 48550 ns, At safepoint: 6030 ns, Total: 54580 ns
[2020-10-31T07:38:27.628+0000][info][safepoint    ] Safepoint "Cleanup", Time since last: 1000105465 ns, Reaching safepoint: 150244 ns, At safepoint: 3419 ns, Total: 153663 ns
[2020-10-31T07:38:28.628+0000][info][safepoint    ] Safepoint "Cleanup", Time since last: 1000107476 ns, Reaching safepoint: 140058 ns, At safepoint: 3346 ns, Total: 143404 ns
[2020-10-31T07:38:29.628+0000][info][safepoint    ] Safepoint "Cleanup", Time since last: 1000108989 ns, Reaching safepoint: 124414 ns, At safepoint: 6765 ns, Total: 131179 ns
[2020-10-31T07:38:30.628+0000][info][safepoint    ] Safepoint "Cleanup", Time since last: 1000113628 ns, Reaching safepoint: 138851 ns, At safepoint: 3298 ns, Total: 142149 ns
[2020-10-31T07:38:31.629+0000][info][safepoint    ] Safepoint "Cleanup", Time since last: 1000107853 ns, Reaching safepoint: 129900 ns, At safepoint: 7296 ns, Total: 137196 ns
[2020-10-31T07:38:32.629+0000][info][safepoint    ] Safepoint "Cleanup", Time since last: 1000105755 ns, Reaching safepoint: 139264 ns, At safepoint: 5379 ns, Total: 144643 ns
[2020-10-31T07:38:33.812+0000][info][safepoint    ] Safepoint "Cleanup", Time since last: 1182847538 ns, Reaching safepoint: 48474 ns, At safepoint: 3338 ns, Total: 51812 ns
[2020-10-31T07:38:34.198+0000][info][gc,start     ] GC(129) Pause Young (Normal) (G1 Evacuation Pause)
[2020-10-31T07:38:34.198+0000][info][gc,task      ] GC(129) Using 2 workers of 2 for evacuation
[2020-10-31T07:38:34.319+0000][info][gc,phases    ] GC(129)   Pre Evacuate Collection Set: 0.6ms
[2020-10-31T07:38:34.319+0000][info][gc,phases    ] GC(129)   Evacuate Collection Set: 92.0ms
[2020-10-31T07:38:34.319+0000][info][gc,phases    ] GC(129)   Post Evacuate Collection Set: 27.6ms
[2020-10-31T07:38:34.319+0000][info][gc,phases    ] GC(129)   Other: 0.5ms
[2020-10-31T07:38:34.319+0000][info][gc,heap      ] GC(129) Eden regions: 1677->0(1676)
[2020-10-31T07:38:34.319+0000][info][gc,heap      ] GC(129) Survivor regions: 12->13(212)
[2020-10-31T07:38:34.319+0000][info][gc,heap      ] GC(129) Old regions: 3->3
[2020-10-31T07:38:34.319+0000][info][gc,heap      ] GC(129) Archive regions: 2->2
[2020-10-31T07:38:34.319+0000][info][gc,heap      ] GC(129) Humongous regions: 0->0
[2020-10-31T07:38:34.319+0000][info][gc,metaspace ] GC(129) Metaspace: 13718K->13718K(1062912K)
[2020-10-31T07:38:34.319+0000][info][gc           ] GC(129) Pause Young (Normal) (G1 Evacuation Pause) 3384M->31M(5632M) 120.797ms
[2020-10-31T07:38:34.319+0000][info][gc,cpu       ] GC(129) User=0.24s Sys=0.00s Real=0.12s
[2020-10-31T07:38:34.319+0000][info][safepoint    ] Safepoint "G1CollectForAllocation", Time since last: 385976074 ns, Reaching safepoint: 49248 ns, At safepoint: 120850039 ns, Total: 120899287 ns
[2020-10-31T07:38:35.319+0000][info][safepoint    ] Safepoint "Cleanup", Time since last: 1000083049 ns, Reaching safepoint: 136234 ns, At safepoint: 3324 ns, Total: 139558 ns
[2020-10-31T07:38:36.319+0000][info][safepoint    ] Safepoint "Cleanup", Time since last: 1000109280 ns, Reaching safepoint: 44585 ns, At safepoint: 1816 ns, Total: 46401 ns
[2020-10-31T07:38:37.319+0000][info][safepoint    ] Safepoint "Cleanup", Time since last: 1000099871 ns, Reaching safepoint: 65299 ns, At safepoint: 3150 ns, Total: 68449 ns
[2020-10-31T07:38:38.319+0000][info][safepoint    ] Safepoint "Cleanup", Time since last: 1000110830 ns, Reaching safepoint: 159381 ns, At safepoint: 8687 ns, Total: 168068 ns
[2020-10-31T07:38:39.320+0000][info][safepoint    ] Safepoint "Cleanup", Time since last: 1000107239 ns, Reaching safepoint: 64270 ns, At safepoint: 4188 ns, Total: 68458 ns
[2020-10-31T07:38:40.320+0000][info][safepoint    ] Safepoint "Cleanup", Time since last: 1000112876 ns, Reaching safepoint: 125516 ns, At safepoint: 6397 ns, Total: 131913 ns
[2020-10-31T07:38:41.320+0000][info][safepoint    ] Safepoint "Cleanup", Time since last: 1000111021 ns, Reaching safepoint: 139081 ns, At safepoint: 3404 ns, Total: 142485 ns
[2020-10-31T07:38:42.320+0000][info][safepoint    ] Safepoint "Cleanup", Time since last: 1000110305 ns, Reaching safepoint: 129283 ns, At safepoint: 5719 ns, Total: 135002 ns
[2020-10-31T07:38:43.321+0000][info][safepoint    ] Safepoint "Cleanup", Time since last: 1000110313 ns, Reaching safepoint: 157651 ns, At safepoint: 5243 ns, Total: 162894 ns
[2020-10-31T07:38:44.321+0000][info][safepoint    ] Safepoint "Cleanup", Time since last: 1000104871 ns, Reaching safepoint: 126696 ns, At safepoint: 6854 ns, Total: 133550 ns
[2020-10-31T07:38:44.888+0000][info][gc,start     ] GC(130) Pause Young (Normal) (G1 Evacuation Pause)
[2020-10-31T07:38:44.888+0000][info][gc,task      ] GC(130) Using 2 workers of 2 for evacuation
[2020-10-31T07:38:45.011+0000][info][gc,phases    ] GC(130)   Pre Evacuate Collection Set: 0.6ms
[2020-10-31T07:38:45.011+0000][info][gc,phases    ] GC(130)   Evacuate Collection Set: 93.4ms
[2020-10-31T07:38:45.011+0000][info][gc,phases    ] GC(130)   Post Evacuate Collection Set: 27.9ms
[2020-10-31T07:38:45.011+0000][info][gc,phases    ] GC(130)   Other: 0.5ms
[2020-10-31T07:38:45.011+0000][info][gc,heap      ] GC(130) Eden regions: 1676->0(1677)
[2020-10-31T07:38:45.011+0000][info][gc,heap      ] GC(130) Survivor regions: 13->12(212)
[2020-10-31T07:38:45.011+0000][info][gc,heap      ] GC(130) Old regions: 3->3
[2020-10-31T07:38:45.011+0000][info][gc,heap      ] GC(130) Archive regions: 2->2
[2020-10-31T07:38:45.011+0000][info][gc,heap      ] GC(130) Humongous regions: 0->0
[2020-10-31T07:38:45.011+0000][info][gc,metaspace ] GC(130) Metaspace: 13718K->13718K(1062912K)
[2020-10-31T07:38:45.011+0000][info][gc           ] GC(130) Pause Young (Normal) (G1 Evacuation Pause) 3383M->30M(5632M) 122.497ms
[2020-10-31T07:38:45.011+0000][info][gc,cpu       ] GC(130) User=0.23s Sys=0.00s Real=0.12s
[2020-10-31T07:38:45.011+0000][info][safepoint    ] Safepoint "G1CollectForAllocation", Time since last: 567251720 ns, Reaching safepoint: 69697 ns, At safepoint: 122576374 ns, Total: 122646071 ns
[2020-10-31T07:38:46.011+0000][info][safepoint    ] Safepoint "Cleanup", Time since last: 1000082582 ns, Reaching safepoint: 139296 ns, At safepoint: 3548 ns, Total: 142844 ns
[2020-10-31T07:38:47.011+0000][info][safepoint    ] Safepoint "Cleanup", Time since last: 1000108789 ns, Reaching safepoint: 140012 ns, At safepoint: 3389 ns, Total: 143401 ns
[2020-10-31T07:38:48.011+0000][info][safepoint    ] Safepoint "Cleanup", Time since last: 1000108838 ns, Reaching safepoint: 51265 ns, At safepoint: 5330 ns, Total: 56595 ns
[2020-10-31T07:38:49.012+0000][info][safepoint    ] Safepoint "Cleanup", Time since last: 1000106388 ns, Reaching safepoint: 128370 ns, At safepoint: 7025 ns, Total: 135395 ns
[2020-10-31T07:38:50.012+0000][info][safepoint    ] Safepoint "Cleanup", Time since last: 1000108011 ns, Reaching safepoint: 139502 ns, At safepoint: 5968 ns, Total: 145470 ns
[2020-10-31T07:38:51.012+0000][info][safepoint    ] Safepoint "Cleanup", Time since last: 1000117720 ns, Reaching safepoint: 129254 ns, At safepoint: 6030 ns, Total: 135284 ns
[2020-10-31T07:38:52.012+0000][info][safepoint    ] Safepoint "Cleanup", Time since last: 1000109659 ns, Reaching safepoint: 138100 ns, At safepoint: 7507 ns, Total: 145607 ns
[2020-10-31T07:38:53.013+0000][info][safepoint    ] Safepoint "Cleanup", Time since last: 1000097136 ns, Reaching safepoint: 139867 ns, At safepoint: 8033 ns, Total: 147900 ns
[2020-10-31T07:38:54.013+0000][info][safepoint    ] Safepoint "Cleanup", Time since last: 1000107792 ns, Reaching safepoint: 135402 ns, At safepoint: 5025 ns, Total: 140427 ns
[2020-10-31T07:38:55.014+0000][info][safepoint    ] Safepoint "Cleanup", Time since last: 1000886647 ns, Reaching safepoint: 120605 ns, At safepoint: 6430 ns, Total: 127035 ns
[2020-10-31T07:38:55.557+0000][info][gc,start     ] GC(131) Pause Young (Normal) (G1 Evacuation Pause)
[2020-10-31T07:38:55.557+0000][info][gc,task      ] GC(131) Using 2 workers of 2 for evacuation
[2020-10-31T07:38:55.678+0000][info][gc,phases    ] GC(131)   Pre Evacuate Collection Set: 0.6ms
[2020-10-31T07:38:55.678+0000][info][gc,phases    ] GC(131)   Evacuate Collection Set: 90.4ms
[2020-10-31T07:38:55.678+0000][info][gc,phases    ] GC(131)   Post Evacuate Collection Set: 29.6ms
[2020-10-31T07:38:55.678+0000][info][gc,phases    ] GC(131)   Other: 0.5ms
[2020-10-31T07:38:55.678+0000][info][gc,heap      ] GC(131) Eden regions: 1677->0(1677)
[2020-10-31T07:38:55.678+0000][info][gc,heap      ] GC(131) Survivor regions: 12->12(212)
[2020-10-31T07:38:55.678+0000][info][gc,heap      ] GC(131) Old regions: 3->3
[2020-10-31T07:38:55.678+0000][info][gc,heap      ] GC(131) Archive regions: 2->2
[2020-10-31T07:38:55.678+0000][info][gc,heap      ] GC(131) Humongous regions: 0->0
[2020-10-31T07:38:55.678+0000][info][gc,metaspace ] GC(131) Metaspace: 13718K->13718K(1062912K)
[2020-10-31T07:38:55.678+0000][info][gc           ] GC(131) Pause Young (Normal) (G1 Evacuation Pause) 3384M->30M(5632M) 121.104ms
[2020-10-31T07:38:55.678+0000][info][gc,cpu       ] GC(131) User=0.23s Sys=0.00s Real=0.12s
[2020-10-31T07:38:55.678+0000][info][safepoint    ] Safepoint "G1CollectForAllocation", Time since last: 543178266 ns, Reaching safepoint: 55165 ns, At safepoint: 121157638 ns, Total: 121212803 ns
[2020-10-31T07:38:56.678+0000][info][safepoint    ] Safepoint "Cleanup", Time since last: 1000085630 ns, Reaching safepoint: 62043 ns, At safepoint: 3892 ns, Total: 65935 ns
[2020-10-31T07:38:57.679+0000][info][safepoint    ] Safepoint "Cleanup", Time since last: 1000113579 ns, Reaching safepoint: 59383 ns, At safepoint: 3989 ns, Total: 63372 ns
[2020-10-31T07:38:58.679+0000][info][safepoint    ] Safepoint "Cleanup", Time since last: 1000110375 ns, Reaching safepoint: 128602 ns, At safepoint: 7121 ns, Total: 135723 ns
[2020-10-31T07:38:59.679+0000][info][safepoint    ] Safepoint "Cleanup", Time since last: 1000110721 ns, Reaching safepoint: 131486 ns, At safepoint: 6117 ns, Total: 137603 ns
[2020-10-31T07:39:00.679+0000][info][safepoint    ] Safepoint "Cleanup", Time since last: 1000124465 ns, Reaching safepoint: 129601 ns, At safepoint: 6202 ns, Total: 135803 ns
[2020-10-31T07:39:01.680+0000][info][safepoint    ] Safepoint "Cleanup", Time since last: 1000112808 ns, Reaching safepoint: 127623 ns, At safepoint: 6792 ns, Total: 134415 ns
[2020-10-31T07:39:02.680+0000][info][safepoint    ] Safepoint "Cleanup", Time since last: 1000110680 ns, Reaching safepoint: 129415 ns, At safepoint: 5924 ns, Total: 135339 ns
[2020-10-31T07:39:03.680+0000][info][safepoint    ] Safepoint "Cleanup", Time since last: 1000109895 ns, Reaching safepoint: 51568 ns, At safepoint: 5612 ns, Total: 57180 ns
[2020-10-31T07:39:04.680+0000][info][safepoint    ] Safepoint "Cleanup", Time since last: 1000113104 ns, Reaching safepoint: 129694 ns, At safepoint: 6470 ns, Total: 136164 ns
[2020-10-31T07:39:05.681+0000][info][safepoint    ] Safepoint "Cleanup", Time since last: 1000111736 ns, Reaching safepoint: 127235 ns, At safepoint: 6411 ns, Total: 133646 ns
[2020-10-31T07:39:06.224+0000][info][gc,start     ] GC(132) Pause Young (Normal) (G1 Evacuation Pause)
[2020-10-31T07:39:06.224+0000][info][gc,task      ] GC(132) Using 2 workers of 2 for evacuation
[2020-10-31T07:39:06.347+0000][info][gc,phases    ] GC(132)   Pre Evacuate Collection Set: 0.6ms
[2020-10-31T07:39:06.347+0000][info][gc,phases    ] GC(132)   Evacuate Collection Set: 92.4ms
[2020-10-31T07:39:06.347+0000][info][gc,phases    ] GC(132)   Post Evacuate Collection Set: 29.2ms
[2020-10-31T07:39:06.347+0000][info][gc,phases    ] GC(132)   Other: 0.5ms
[2020-10-31T07:39:06.347+0000][info][gc,heap      ] GC(132) Eden regions: 1677->0(1676)
[2020-10-31T07:39:06.347+0000][info][gc,heap      ] GC(132) Survivor regions: 12->13(212)
[2020-10-31T07:39:06.347+0000][info][gc,heap      ] GC(132) Old regions: 3->3
[2020-10-31T07:39:06.347+0000][info][gc,heap      ] GC(132) Archive regions: 2->2
[2020-10-31T07:39:06.347+0000][info][gc,heap      ] GC(132) Humongous regions: 0->0
[2020-10-31T07:39:06.347+0000][info][gc,metaspace ] GC(132) Metaspace: 13720K->13720K(1062912K)
[2020-10-31T07:39:06.347+0000][info][gc           ] GC(132) Pause Young (Normal) (G1 Evacuation Pause) 3384M->31M(5632M) 122.719ms
[2020-10-31T07:39:06.347+0000][info][gc,cpu       ] GC(132) User=0.24s Sys=0.00s Real=0.13s
[2020-10-31T07:39:06.347+0000][info][safepoint    ] Safepoint "G1CollectForAllocation", Time since last: 543716720 ns, Reaching safepoint: 54832 ns, At safepoint: 122781272 ns, Total: 122836104 ns
[2020-10-31T07:39:07.347+0000][info][safepoint    ] Safepoint "Cleanup", Time since last: 1000080165 ns, Reaching safepoint: 51739 ns, At safepoint: 5104 ns, Total: 56843 ns
[2020-10-31T07:39:08.348+0000][info][safepoint    ] Safepoint "Cleanup", Time since last: 1000104556 ns, Reaching safepoint: 139537 ns, At safepoint: 3374 ns, Total: 142911 ns
[2020-10-31T07:39:09.348+0000][info][safepoint    ] Safepoint "Cleanup", Time since last: 1000108715 ns, Reaching safepoint: 137616 ns, At safepoint: 3520 ns, Total: 141136 ns
[2020-10-31T07:39:10.348+0000][info][safepoint    ] Safepoint "Cleanup", Time since last: 1000110395 ns, Reaching safepoint: 139039 ns, At safepoint: 3170 ns, Total: 142209 ns
[2020-10-31T07:39:11.348+0000][info][safepoint    ] Safepoint "Cleanup", Time since last: 1000109024 ns, Reaching safepoint: 138610 ns, At safepoint: 3674 ns, Total: 142284 ns
[2020-10-31T07:39:12.349+0000][info][safepoint    ] Safepoint "Cleanup", Time since last: 1000110616 ns, Reaching safepoint: 152127 ns, At safepoint: 3377 ns, Total: 155504 ns
[2020-10-31T07:39:13.349+0000][info][safepoint    ] Safepoint "Cleanup", Time since last: 1000108602 ns, Reaching safepoint: 127233 ns, At safepoint: 6090 ns, Total: 133323 ns
[2020-10-31T07:39:14.349+0000][info][safepoint    ] Safepoint "Cleanup", Time since last: 1000105796 ns, Reaching safepoint: 146635 ns, At safepoint: 5414 ns, Total: 152049 ns
[2020-10-31T07:39:15.349+0000][info][safepoint    ] Safepoint "Cleanup", Time since last: 1000114426 ns, Reaching safepoint: 131412 ns, At safepoint: 6698 ns, Total: 138110 ns
[2020-10-31T07:39:16.349+0000][info][safepoint    ] Safepoint "Cleanup", Time since last: 1000111371 ns, Reaching safepoint: 64129 ns, At safepoint: 6541 ns, Total: 70670 ns
[2020-10-31T07:39:16.947+0000][info][gc,start     ] GC(133) Pause Young (Normal) (G1 Evacuation Pause)
[2020-10-31T07:39:16.947+0000][info][gc,task      ] GC(133) Using 2 workers of 2 for evacuation
[2020-10-31T07:39:17.070+0000][info][gc,phases    ] GC(133)   Pre Evacuate Collection Set: 0.6ms
[2020-10-31T07:39:17.070+0000][info][gc,phases    ] GC(133)   Evacuate Collection Set: 94.5ms
[2020-10-31T07:39:17.070+0000][info][gc,phases    ] GC(133)   Post Evacuate Collection Set: 27.5ms
[2020-10-31T07:39:17.070+0000][info][gc,phases    ] GC(133)   Other: 0.5ms
[2020-10-31T07:39:17.070+0000][info][gc,heap      ] GC(133) Eden regions: 1676->0(1677)
[2020-10-31T07:39:17.070+0000][info][gc,heap      ] GC(133) Survivor regions: 13->12(212)
[2020-10-31T07:39:17.070+0000][info][gc,heap      ] GC(133) Old regions: 3->3
[2020-10-31T07:39:17.070+0000][info][gc,heap      ] GC(133) Archive regions: 2->2
[2020-10-31T07:39:17.070+0000][info][gc,heap      ] GC(133) Humongous regions: 0->0
[2020-10-31T07:39:17.070+0000][info][gc,metaspace ] GC(133) Metaspace: 13732K->13732K(1062912K)
[2020-10-31T07:39:17.070+0000][info][gc           ] GC(133) Pause Young (Normal) (G1 Evacuation Pause) 3383M->30M(5632M) 123.159ms
[2020-10-31T07:39:17.070+0000][info][gc,cpu       ] GC(133) User=0.23s Sys=0.00s Real=0.12s
[2020-10-31T07:39:17.070+0000][info][safepoint    ] Safepoint "G1CollectForAllocation", Time since last: 597555506 ns, Reaching safepoint: 62435 ns, At safepoint: 123212644 ns, Total: 123275079 ns
[2020-10-31T07:39:18.071+0000][info][safepoint    ] Safepoint "Cleanup", Time since last: 1000080639 ns, Reaching safepoint: 129526 ns, At safepoint: 6241 ns, Total: 135767 ns
[2020-10-31T07:39:19.071+0000][info][safepoint    ] Safepoint "Cleanup", Time since last: 1000109532 ns, Reaching safepoint: 140337 ns, At safepoint: 3451 ns, Total: 143788 ns
[2020-10-31T07:39:20.071+0000][info][safepoint    ] Safepoint "Cleanup", Time since last: 1000106148 ns, Reaching safepoint: 130067 ns, At safepoint: 5534 ns, Total: 135601 ns
[2020-10-31T07:39:21.071+0000][info][safepoint    ] Safepoint "Cleanup", Time since last: 1000109073 ns, Reaching safepoint: 122591 ns, At safepoint: 6148 ns, Total: 128739 ns
[2020-10-31T07:39:22.071+0000][info][safepoint    ] Safepoint "Cleanup", Time since last: 1000108537 ns, Reaching safepoint: 51643 ns, At safepoint: 2263 ns, Total: 53906 ns
[2020-10-31T07:39:23.072+0000][info][safepoint    ] Safepoint "Cleanup", Time since last: 1000099475 ns, Reaching safepoint: 126442 ns, At safepoint: 5376 ns, Total: 131818 ns
[2020-10-31T07:39:24.072+0000][info][safepoint    ] Safepoint "Cleanup", Time since last: 1000106800 ns, Reaching safepoint: 127656 ns, At safepoint: 5951 ns, Total: 133607 ns
[2020-10-31T07:39:25.073+0000][info][safepoint    ] Safepoint "Cleanup", Time since last: 1000792238 ns, Reaching safepoint: 124420 ns, At safepoint: 6153 ns, Total: 130573 ns
[2020-10-31T07:39:26.073+0000][info][safepoint    ] Safepoint "Cleanup", Time since last: 1000104913 ns, Reaching safepoint: 50840 ns, At safepoint: 7252 ns, Total: 58092 ns
[2020-10-31T07:39:27.073+0000][info][safepoint    ] Safepoint "Cleanup", Time since last: 1000110323 ns, Reaching safepoint: 139691 ns, At safepoint: 5744 ns, Total: 145435 ns
[2020-10-31T07:39:27.619+0000][info][gc,start     ] GC(134) Pause Young (Normal) (G1 Evacuation Pause)
[2020-10-31T07:39:27.619+0000][info][gc,task      ] GC(134) Using 2 workers of 2 for evacuation
[2020-10-31T07:39:27.742+0000][info][gc,phases    ] GC(134)   Pre Evacuate Collection Set: 0.5ms
[2020-10-31T07:39:27.742+0000][info][gc,phases    ] GC(134)   Evacuate Collection Set: 93.8ms
[2020-10-31T07:39:27.742+0000][info][gc,phases    ] GC(134)   Post Evacuate Collection Set: 28.8ms
[2020-10-31T07:39:27.742+0000][info][gc,phases    ] GC(134)   Other: 0.5ms
[2020-10-31T07:39:27.742+0000][info][gc,heap      ] GC(134) Eden regions: 1677->0(1677)
[2020-10-31T07:39:27.742+0000][info][gc,heap      ] GC(134) Survivor regions: 12->12(212)
[2020-10-31T07:39:27.742+0000][info][gc,heap      ] GC(134) Old regions: 3->3
[2020-10-31T07:39:27.742+0000][info][gc,heap      ] GC(134) Archive regions: 2->2
[2020-10-31T07:39:27.742+0000][info][gc,heap      ] GC(134) Humongous regions: 0->0
[2020-10-31T07:39:27.742+0000][info][gc,metaspace ] GC(134) Metaspace: 13732K->13732K(1062912K)
[2020-10-31T07:39:27.742+0000][info][gc           ] GC(134) Pause Young (Normal) (G1 Evacuation Pause) 3384M->30M(5632M) 123.688ms
[2020-10-31T07:39:27.742+0000][info][gc,cpu       ] GC(134) User=0.24s Sys=0.00s Real=0.12s
[2020-10-31T07:39:27.742+0000][info][safepoint    ] Safepoint "G1CollectForAllocation", Time since last: 545213101 ns, Reaching safepoint: 63856 ns, At safepoint: 123752304 ns, Total: 123816160 ns
[2020-10-31T07:39:28.742+0000][info][safepoint    ] Safepoint "Cleanup", Time since last: 1000081869 ns, Reaching safepoint: 125965 ns, At safepoint: 6133 ns, Total: 132098 ns
[2020-10-31T07:39:29.743+0000][info][safepoint    ] Safepoint "Cleanup", Time since last: 1000108922 ns, Reaching safepoint: 146149 ns, At safepoint: 7678 ns, Total: 153827 ns
[2020-10-31T07:39:30.743+0000][info][safepoint    ] Safepoint "Cleanup", Time since last: 1000113363 ns, Reaching safepoint: 141244 ns, At safepoint: 5960 ns, Total: 147204 ns
[2020-10-31T07:39:31.743+0000][info][safepoint    ] Safepoint "Cleanup", Time since last: 1000108616 ns, Reaching safepoint: 125352 ns, At safepoint: 5662 ns, Total: 131014 ns
[2020-10-31T07:39:32.743+0000][info][safepoint    ] Safepoint "Cleanup", Time since last: 1000106560 ns, Reaching safepoint: 48320 ns, At safepoint: 3615 ns, Total: 51935 ns
[2020-10-31T07:39:33.744+0000][info][safepoint    ] Safepoint "Cleanup", Time since last: 1000109956 ns, Reaching safepoint: 50172 ns, At safepoint: 6141 ns, Total: 56313 ns
[2020-10-31T07:39:34.744+0000][info][safepoint    ] Safepoint "Cleanup", Time since last: 1000102642 ns, Reaching safepoint: 125593 ns, At safepoint: 5473 ns, Total: 131066 ns
[2020-10-31T07:39:35.744+0000][info][safepoint    ] Safepoint "Cleanup", Time since last: 1000110462 ns, Reaching safepoint: 126886 ns, At safepoint: 6542 ns, Total: 133428 ns
[2020-10-31T07:39:36.744+0000][info][safepoint    ] Safepoint "Cleanup", Time since last: 1000111888 ns, Reaching safepoint: 143078 ns, At safepoint: 3704 ns, Total: 146782 ns
[2020-10-31T07:39:37.745+0000][info][safepoint    ] Safepoint "Cleanup", Time since last: 1000110702 ns, Reaching safepoint: 139070 ns, At safepoint: 4291 ns, Total: 143361 ns
[2020-10-31T07:39:38.285+0000][info][gc,start     ] GC(135) Pause Young (Normal) (G1 Evacuation Pause)
[2020-10-31T07:39:38.285+0000][info][gc,task      ] GC(135) Using 2 workers of 2 for evacuation
[2020-10-31T07:39:38.411+0000][info][gc,phases    ] GC(135)   Pre Evacuate Collection Set: 0.6ms
[2020-10-31T07:39:38.411+0000][info][gc,phases    ] GC(135)   Evacuate Collection Set: 93.2ms
[2020-10-31T07:39:38.411+0000][info][gc,phases    ] GC(135)   Post Evacuate Collection Set: 31.4ms
[2020-10-31T07:39:38.411+0000][info][gc,phases    ] GC(135)   Other: 0.5ms
[2020-10-31T07:39:38.411+0000][info][gc,heap      ] GC(135) Eden regions: 1677->0(1677)
[2020-10-31T07:39:38.411+0000][info][gc,heap      ] GC(135) Survivor regions: 12->12(212)
[2020-10-31T07:39:38.411+0000][info][gc,heap      ] GC(135) Old regions: 3->3
[2020-10-31T07:39:38.411+0000][info][gc,heap      ] GC(135) Archive regions: 2->2
[2020-10-31T07:39:38.411+0000][info][gc,heap      ] GC(135) Humongous regions: 0->0
[2020-10-31T07:39:38.411+0000][info][gc,metaspace ] GC(135) Metaspace: 13732K->13732K(1062912K)
[2020-10-31T07:39:38.411+0000][info][gc           ] GC(135) Pause Young (Normal) (G1 Evacuation Pause) 3384M->30M(5632M) 125.748ms
[2020-10-31T07:39:38.411+0000][info][gc,cpu       ] GC(135) User=0.24s Sys=0.00s Real=0.12s
[2020-10-31T07:39:38.411+0000][info][safepoint    ] Safepoint "G1CollectForAllocation", Time since last: 540289488 ns, Reaching safepoint: 52824 ns, At safepoint: 125803373 ns, Total: 125856197 ns
[2020-10-31T07:39:39.411+0000][info][safepoint    ] Safepoint "Cleanup", Time since last: 1000094469 ns, Reaching safepoint: 50384 ns, At safepoint: 1977 ns, Total: 52361 ns
[2020-10-31T07:39:40.411+0000][info][safepoint    ] Safepoint "Cleanup", Time since last: 1000105507 ns, Reaching safepoint: 125802 ns, At safepoint: 6958 ns, Total: 132760 ns
[2020-10-31T07:39:41.411+0000][info][safepoint    ] Safepoint "Cleanup", Time since last: 1000109931 ns, Reaching safepoint: 124799 ns, At safepoint: 6197 ns, Total: 130996 ns
[2020-10-31T07:39:42.411+0000][info][safepoint    ] Safepoint "Cleanup", Time since last: 1000108643 ns, Reaching safepoint: 60474 ns, At safepoint: 6658 ns, Total: 67132 ns
[2020-10-31T07:39:43.412+0000][info][safepoint    ] Safepoint "Cleanup", Time since last: 1000107455 ns, Reaching safepoint: 136010 ns, At safepoint: 3535 ns, Total: 139545 ns
[2020-10-31T07:39:44.412+0000][info][safepoint    ] Safepoint "Cleanup", Time since last: 1000109710 ns, Reaching safepoint: 152583 ns, At safepoint: 5463 ns, Total: 158046 ns
[2020-10-31T07:39:45.412+0000][info][safepoint    ] Safepoint "Cleanup", Time since last: 1000106333 ns, Reaching safepoint: 69171 ns, At safepoint: 3099 ns, Total: 72270 ns
[2020-10-31T07:39:46.412+0000][info][safepoint    ] Safepoint "Cleanup", Time since last: 1000096709 ns, Reaching safepoint: 122191 ns, At safepoint: 5563 ns, Total: 127754 ns
[2020-10-31T07:39:47.413+0000][info][safepoint    ] Safepoint "Cleanup", Time since last: 1000118422 ns, Reaching safepoint: 51643 ns, At safepoint: 3250 ns, Total: 54893 ns
[2020-10-31T07:39:48.413+0000][info][safepoint    ] Safepoint "Cleanup", Time since last: 1000108089 ns, Reaching safepoint: 49708 ns, At safepoint: 5193 ns, Total: 54901 ns
[2020-10-31T07:39:49.029+0000][info][gc,start     ] GC(136) Pause Young (Normal) (G1 Evacuation Pause)
[2020-10-31T07:39:49.029+0000][info][gc,task      ] GC(136) Using 2 workers of 2 for evacuation
[2020-10-31T07:39:49.151+0000][info][gc,phases    ] GC(136)   Pre Evacuate Collection Set: 0.6ms
[2020-10-31T07:39:49.151+0000][info][gc,phases    ] GC(136)   Evacuate Collection Set: 91.5ms
[2020-10-31T07:39:49.151+0000][info][gc,phases    ] GC(136)   Post Evacuate Collection Set: 29.5ms
[2020-10-31T07:39:49.151+0000][info][gc,phases    ] GC(136)   Other: 0.5ms
[2020-10-31T07:39:49.151+0000][info][gc,heap      ] GC(136) Eden regions: 1677->0(1676)
[2020-10-31T07:39:49.151+0000][info][gc,heap      ] GC(136) Survivor regions: 12->13(212)
[2020-10-31T07:39:49.151+0000][info][gc,heap      ] GC(136) Old regions: 3->3
[2020-10-31T07:39:49.151+0000][info][gc,heap      ] GC(136) Archive regions: 2->2
[2020-10-31T07:39:49.151+0000][info][gc,heap      ] GC(136) Humongous regions: 0->0
[2020-10-31T07:39:49.151+0000][info][gc,metaspace ] GC(136) Metaspace: 13732K->13732K(1062912K)
[2020-10-31T07:39:49.151+0000][info][gc           ] GC(136) Pause Young (Normal) (G1 Evacuation Pause) 3384M->31M(5632M) 122.117ms
[2020-10-31T07:39:49.151+0000][info][gc,cpu       ] GC(136) User=0.24s Sys=0.00s Real=0.12s
[2020-10-31T07:39:49.151+0000][info][safepoint    ] Safepoint "G1CollectForAllocation", Time since last: 615795379 ns, Reaching safepoint: 52668 ns, At safepoint: 122181362 ns, Total: 122234030 ns
[2020-10-31T07:39:50.151+0000][info][safepoint    ] Safepoint "Cleanup", Time since last: 1000080508 ns, Reaching safepoint: 136775 ns, At safepoint: 3443 ns, Total: 140218 ns
[2020-10-31T07:39:51.151+0000][info][safepoint    ] Safepoint "Cleanup", Time since last: 1000110892 ns, Reaching safepoint: 61707 ns, At safepoint: 6621 ns, Total: 68328 ns
[2020-10-31T07:39:52.151+0000][info][safepoint    ] Safepoint "Cleanup", Time since last: 1000109178 ns, Reaching safepoint: 129166 ns, At safepoint: 5479 ns, Total: 134645 ns
[2020-10-31T07:39:53.152+0000][info][safepoint    ] Safepoint "Cleanup", Time since last: 1000106183 ns, Reaching safepoint: 126538 ns, At safepoint: 5979 ns, Total: 132517 ns
[2020-10-31T07:39:54.152+0000][info][safepoint    ] Safepoint "Cleanup", Time since last: 1000127612 ns, Reaching safepoint: 49435 ns, At safepoint: 8707 ns, Total: 58142 ns
[2020-10-31T07:39:55.335+0000][info][safepoint    ] Safepoint "Cleanup", Time since last: 1183211355 ns, Reaching safepoint: 142272 ns, At safepoint: 3444 ns, Total: 145716 ns
[2020-10-31T07:39:56.335+0000][info][safepoint    ] Safepoint "Cleanup", Time since last: 1000110396 ns, Reaching safepoint: 123257 ns, At safepoint: 5397 ns, Total: 128654 ns
[2020-10-31T07:39:57.336+0000][info][safepoint    ] Safepoint "Cleanup", Time since last: 1000103636 ns, Reaching safepoint: 146820 ns, At safepoint: 7585 ns, Total: 154405 ns
[2020-10-31T07:39:58.336+0000][info][safepoint    ] Safepoint "Cleanup", Time since last: 1000108583 ns, Reaching safepoint: 56034 ns, At safepoint: 6085 ns, Total: 62119 ns
[2020-10-31T07:39:59.336+0000][info][safepoint    ] Safepoint "Cleanup", Time since last: 1000102671 ns, Reaching safepoint: 120290 ns, At safepoint: 5185 ns, Total: 125475 ns
[2020-10-31T07:39:59.756+0000][info][gc,start     ] GC(137) Pause Young (Normal) (G1 Evacuation Pause)
[2020-10-31T07:39:59.756+0000][info][gc,task      ] GC(137) Using 2 workers of 2 for evacuation
[2020-10-31T07:39:59.878+0000][info][gc,phases    ] GC(137)   Pre Evacuate Collection Set: 0.6ms
[2020-10-31T07:39:59.878+0000][info][gc,phases    ] GC(137)   Evacuate Collection Set: 90.9ms
[2020-10-31T07:39:59.878+0000][info][gc,phases    ] GC(137)   Post Evacuate Collection Set: 30.3ms
[2020-10-31T07:39:59.878+0000][info][gc,phases    ] GC(137)   Other: 0.5ms
[2020-10-31T07:39:59.878+0000][info][gc,heap      ] GC(137) Eden regions: 1676->0(1677)
[2020-10-31T07:39:59.878+0000][info][gc,heap      ] GC(137) Survivor regions: 13->12(212)
[2020-10-31T07:39:59.878+0000][info][gc,heap      ] GC(137) Old regions: 3->3
[2020-10-31T07:39:59.878+0000][info][gc,heap      ] GC(137) Archive regions: 2->2
[2020-10-31T07:39:59.878+0000][info][gc,heap      ] GC(137) Humongous regions: 0->0
[2020-10-31T07:39:59.878+0000][info][gc,metaspace ] GC(137) Metaspace: 13732K->13732K(1062912K)
[2020-10-31T07:39:59.879+0000][info][gc           ] GC(137) Pause Young (Normal) (G1 Evacuation Pause) 3383M->30M(5632M) 122.386ms
[2020-10-31T07:39:59.879+0000][info][gc,cpu       ] GC(137) User=0.24s Sys=0.00s Real=0.12s
[2020-10-31T07:39:59.879+0000][info][safepoint    ] Safepoint "G1CollectForAllocation", Time since last: 419946646 ns, Reaching safepoint: 52865 ns, At safepoint: 122440458 ns, Total: 122493323 ns
[2020-10-31T07:40:00.879+0000][info][safepoint    ] Safepoint "Cleanup", Time since last: 1000086733 ns, Reaching safepoint: 141153 ns, At safepoint: 6240 ns, Total: 147393 ns
[2020-10-31T07:40:01.879+0000][info][safepoint    ] Safepoint "Cleanup", Time since last: 1000110550 ns, Reaching safepoint: 51012 ns, At safepoint: 2650 ns, Total: 53662 ns
[2020-10-31T07:40:02.879+0000][info][safepoint    ] Safepoint "Cleanup", Time since last: 1000103832 ns, Reaching safepoint: 140848 ns, At safepoint: 3489 ns, Total: 144337 ns
[2020-10-31T07:40:03.879+0000][info][safepoint    ] Safepoint "Cleanup", Time since last: 1000108873 ns, Reaching safepoint: 137080 ns, At safepoint: 3564 ns, Total: 140644 ns
[2020-10-31T07:40:04.880+0000][info][safepoint    ] Safepoint "Cleanup", Time since last: 1000109778 ns, Reaching safepoint: 141922 ns, At safepoint: 3782 ns, Total: 145704 ns
[2020-10-31T07:40:05.880+0000][info][safepoint    ] Safepoint "Cleanup", Time since last: 1000108034 ns, Reaching safepoint: 134525 ns, At safepoint: 4582 ns, Total: 139107 ns
[2020-10-31T07:40:06.880+0000][info][safepoint    ] Safepoint "Cleanup", Time since last: 1000108066 ns, Reaching safepoint: 144351 ns, At safepoint: 4878 ns, Total: 149229 ns
[2020-10-31T07:40:07.880+0000][info][safepoint    ] Safepoint "Cleanup", Time since last: 1000108914 ns, Reaching safepoint: 59449 ns, At safepoint: 6344 ns, Total: 65793 ns
[2020-10-31T07:40:08.881+0000][info][safepoint    ] Safepoint "Cleanup", Time since last: 1000110578 ns, Reaching safepoint: 129598 ns, At safepoint: 7095 ns, Total: 136693 ns
[2020-10-31T07:40:09.881+0000][info][safepoint    ] Safepoint "Cleanup", Time since last: 1000120833 ns, Reaching safepoint: 50423 ns, At safepoint: 2686 ns, Total: 53109 ns
[2020-10-31T07:40:10.494+0000][info][gc,start     ] GC(138) Pause Young (Normal) (G1 Evacuation Pause)
[2020-10-31T07:40:10.494+0000][info][gc,task      ] GC(138) Using 2 workers of 2 for evacuation
[2020-10-31T07:40:10.614+0000][info][gc,phases    ] GC(138)   Pre Evacuate Collection Set: 0.6ms
[2020-10-31T07:40:10.614+0000][info][gc,phases    ] GC(138)   Evacuate Collection Set: 89.5ms
[2020-10-31T07:40:10.614+0000][info][gc,phases    ] GC(138)   Post Evacuate Collection Set: 29.4ms
[2020-10-31T07:40:10.614+0000][info][gc,phases    ] GC(138)   Other: 0.5ms
[2020-10-31T07:40:10.614+0000][info][gc,heap      ] GC(138) Eden regions: 1677->0(1677)
[2020-10-31T07:40:10.614+0000][info][gc,heap      ] GC(138) Survivor regions: 12->12(212)
[2020-10-31T07:40:10.614+0000][info][gc,heap      ] GC(138) Old regions: 3->3
[2020-10-31T07:40:10.614+0000][info][gc,heap      ] GC(138) Archive regions: 2->2
[2020-10-31T07:40:10.614+0000][info][gc,heap      ] GC(138) Humongous regions: 0->0
[2020-10-31T07:40:10.614+0000][info][gc,metaspace ] GC(138) Metaspace: 13732K->13732K(1062912K)
[2020-10-31T07:40:10.614+0000][info][gc           ] GC(138) Pause Young (Normal) (G1 Evacuation Pause) 3384M->30M(5632M) 120.063ms
[2020-10-31T07:40:10.614+0000][info][gc,cpu       ] GC(138) User=0.24s Sys=0.00s Real=0.12s
[2020-10-31T07:40:10.614+0000][info][safepoint    ] Safepoint "G1CollectForAllocation", Time since last: 613134057 ns, Reaching safepoint: 50446 ns, At safepoint: 120115635 ns, Total: 120166081 ns
[2020-10-31T07:40:11.614+0000][info][safepoint    ] Safepoint "Cleanup", Time since last: 1000086790 ns, Reaching safepoint: 62746 ns, At safepoint: 7650 ns, Total: 70396 ns
[2020-10-31T07:40:12.614+0000][info][safepoint    ] Safepoint "Cleanup", Time since last: 1000104777 ns, Reaching safepoint: 64110 ns, At safepoint: 4757 ns, Total: 68867 ns
[2020-10-31T07:40:13.615+0000][info][safepoint    ] Safepoint "Cleanup", Time since last: 1000103668 ns, Reaching safepoint: 125152 ns, At safepoint: 5181 ns, Total: 130333 ns
[2020-10-31T07:40:14.615+0000][info][safepoint    ] Safepoint "Cleanup", Time since last: 1000109975 ns, Reaching safepoint: 49857 ns, At safepoint: 2470 ns, Total: 52327 ns
[2020-10-31T07:40:15.615+0000][info][safepoint    ] Safepoint "Cleanup", Time since last: 1000103851 ns, Reaching safepoint: 63303 ns, At safepoint: 1996 ns, Total: 65299 ns
[2020-10-31T07:40:16.615+0000][info][safepoint    ] Safepoint "Cleanup", Time since last: 1000094752 ns, Reaching safepoint: 133746 ns, At safepoint: 3893 ns, Total: 137639 ns
[2020-10-31T07:40:17.615+0000][info][safepoint    ] Safepoint "Cleanup", Time since last: 1000111755 ns, Reaching safepoint: 59989 ns, At safepoint: 6983 ns, Total: 66972 ns
[2020-10-31T07:40:18.616+0000][info][safepoint    ] Safepoint "Cleanup", Time since last: 1000109815 ns, Reaching safepoint: 52520 ns, At safepoint: 5644 ns, Total: 58164 ns
[2020-10-31T07:40:19.616+0000][info][safepoint    ] Safepoint "Cleanup", Time since last: 1000106295 ns, Reaching safepoint: 126776 ns, At safepoint: 5566 ns, Total: 132342 ns
[2020-10-31T07:40:20.616+0000][info][safepoint    ] Safepoint "Cleanup", Time since last: 1000109409 ns, Reaching safepoint: 126434 ns, At safepoint: 5547 ns, Total: 131981 ns
[2020-10-31T07:40:21.236+0000][info][gc,start     ] GC(139) Pause Young (Normal) (G1 Evacuation Pause)
[2020-10-31T07:40:21.236+0000][info][gc,task      ] GC(139) Using 2 workers of 2 for evacuation
[2020-10-31T07:40:21.358+0000][info][gc,phases    ] GC(139)   Pre Evacuate Collection Set: 0.5ms
[2020-10-31T07:40:21.358+0000][info][gc,phases    ] GC(139)   Evacuate Collection Set: 90.7ms
[2020-10-31T07:40:21.358+0000][info][gc,phases    ] GC(139)   Post Evacuate Collection Set: 30.9ms
[2020-10-31T07:40:21.358+0000][info][gc,phases    ] GC(139)   Other: 0.5ms
[2020-10-31T07:40:21.358+0000][info][gc,heap      ] GC(139) Eden regions: 1677->0(1677)
[2020-10-31T07:40:21.358+0000][info][gc,heap      ] GC(139) Survivor regions: 12->12(212)
[2020-10-31T07:40:21.358+0000][info][gc,heap      ] GC(139) Old regions: 3->3
[2020-10-31T07:40:21.358+0000][info][gc,heap      ] GC(139) Archive regions: 2->2
[2020-10-31T07:40:21.358+0000][info][gc,heap      ] GC(139) Humongous regions: 0->0
[2020-10-31T07:40:21.358+0000][info][gc,metaspace ] GC(139) Metaspace: 13732K->13732K(1062912K)
[2020-10-31T07:40:21.358+0000][info][gc           ] GC(139) Pause Young (Normal) (G1 Evacuation Pause) 3384M->30M(5632M) 122.685ms
[2020-10-31T07:40:21.358+0000][info][gc,cpu       ] GC(139) User=0.23s Sys=0.00s Real=0.12s
[2020-10-31T07:40:21.358+0000][info][safepoint    ] Safepoint "G1CollectForAllocation", Time since last: 619426267 ns, Reaching safepoint: 49572 ns, At safepoint: 122745768 ns, Total: 122795340 ns
[2020-10-31T07:40:22.358+0000][info][safepoint    ] Safepoint "Cleanup", Time since last: 1000083392 ns, Reaching safepoint: 61719 ns, At safepoint: 6874 ns, Total: 68593 ns
[2020-10-31T07:40:23.359+0000][info][safepoint    ] Safepoint "Cleanup", Time since last: 1000108883 ns, Reaching safepoint: 137017 ns, At safepoint: 3459 ns, Total: 140476 ns
[2020-10-31T07:40:24.359+0000][info][safepoint    ] Safepoint "Cleanup", Time since last: 1000102361 ns, Reaching safepoint: 131456 ns, At safepoint: 4848 ns, Total: 136304 ns
[2020-10-31T07:40:25.359+0000][info][safepoint    ] Safepoint "Cleanup", Time since last: 1000116155 ns, Reaching safepoint: 127081 ns, At safepoint: 5927 ns, Total: 133008 ns
[2020-10-31T07:40:26.359+0000][info][safepoint    ] Safepoint "Cleanup", Time since last: 1000110709 ns, Reaching safepoint: 126719 ns, At safepoint: 5391 ns, Total: 132110 ns
[2020-10-31T07:40:27.360+0000][info][safepoint    ] Safepoint "Cleanup", Time since last: 1000110742 ns, Reaching safepoint: 125157 ns, At safepoint: 6687 ns, Total: 131844 ns
[2020-10-31T07:40:28.360+0000][info][safepoint    ] Safepoint "Cleanup", Time since last: 1000112846 ns, Reaching safepoint: 128851 ns, At safepoint: 5400 ns, Total: 134251 ns
[2020-10-31T07:40:29.360+0000][info][safepoint    ] Safepoint "Cleanup", Time since last: 1000105653 ns, Reaching safepoint: 125691 ns, At safepoint: 6203 ns, Total: 131894 ns
[2020-10-31T07:40:30.360+0000][info][safepoint    ] Safepoint "Cleanup", Time since last: 1000107152 ns, Reaching safepoint: 64015 ns, At safepoint: 3259 ns, Total: 67274 ns
[2020-10-31T07:40:31.360+0000][info][safepoint    ] Safepoint "Cleanup", Time since last: 1000111164 ns, Reaching safepoint: 59877 ns, At safepoint: 4364 ns, Total: 64241 ns
[2020-10-31T07:40:31.986+0000][info][gc,start     ] GC(140) Pause Young (Normal) (G1 Evacuation Pause)
[2020-10-31T07:40:31.986+0000][info][gc,task      ] GC(140) Using 2 workers of 2 for evacuation
[2020-10-31T07:40:32.106+0000][info][gc,phases    ] GC(140)   Pre Evacuate Collection Set: 0.6ms
[2020-10-31T07:40:32.106+0000][info][gc,phases    ] GC(140)   Evacuate Collection Set: 90.6ms
[2020-10-31T07:40:32.106+0000][info][gc,phases    ] GC(140)   Post Evacuate Collection Set: 28.0ms
[2020-10-31T07:40:32.106+0000][info][gc,phases    ] GC(140)   Other: 0.5ms
[2020-10-31T07:40:32.106+0000][info][gc,heap      ] GC(140) Eden regions: 1677->0(1677)
[2020-10-31T07:40:32.106+0000][info][gc,heap      ] GC(140) Survivor regions: 12->12(212)
[2020-10-31T07:40:32.106+0000][info][gc,heap      ] GC(140) Old regions: 3->3
[2020-10-31T07:40:32.106+0000][info][gc,heap      ] GC(140) Archive regions: 2->2
[2020-10-31T07:40:32.106+0000][info][gc,heap      ] GC(140) Humongous regions: 0->0
[2020-10-31T07:40:32.106+0000][info][gc,metaspace ] GC(140) Metaspace: 13732K->13732K(1062912K)
[2020-10-31T07:40:32.106+0000][info][gc           ] GC(140) Pause Young (Normal) (G1 Evacuation Pause) 3384M->30M(5632M) 119.732ms
[2020-10-31T07:40:32.106+0000][info][gc,cpu       ] GC(140) User=0.24s Sys=0.00s Real=0.12s
[2020-10-31T07:40:32.106+0000][info][safepoint    ] Safepoint "G1CollectForAllocation", Time since last: 625869285 ns, Reaching safepoint: 52742 ns, At safepoint: 119784406 ns, Total: 119837148 ns
[2020-10-31T07:40:33.106+0000][info][safepoint    ] Safepoint "Cleanup", Time since last: 1000095608 ns, Reaching safepoint: 138900 ns, At safepoint: 3881 ns, Total: 142781 ns
[2020-10-31T07:40:34.107+0000][info][safepoint    ] Safepoint "Cleanup", Time since last: 1000104846 ns, Reaching safepoint: 136403 ns, At safepoint: 3325 ns, Total: 139728 ns
[2020-10-31T07:40:35.107+0000][info][safepoint    ] Safepoint "Cleanup", Time since last: 1000107811 ns, Reaching safepoint: 139847 ns, At safepoint: 3463 ns, Total: 143310 ns
[2020-10-31T07:40:36.107+0000][info][safepoint    ] Safepoint "Cleanup", Time since last: 1000108310 ns, Reaching safepoint: 128770 ns, At safepoint: 5802 ns, Total: 134572 ns
[2020-10-31T07:40:37.107+0000][info][safepoint    ] Safepoint "Cleanup", Time since last: 1000114672 ns, Reaching safepoint: 64945 ns, At safepoint: 7611 ns, Total: 72556 ns
[2020-10-31T07:40:38.108+0000][info][safepoint    ] Safepoint "Cleanup", Time since last: 1000109416 ns, Reaching safepoint: 66150 ns, At safepoint: 7137 ns, Total: 73287 ns
[2020-10-31T07:40:39.108+0000][info][safepoint    ] Safepoint "Cleanup", Time since last: 1000106287 ns, Reaching safepoint: 67240 ns, At safepoint: 3255 ns, Total: 70495 ns
[2020-10-31T07:40:40.108+0000][info][safepoint    ] Safepoint "Cleanup", Time since last: 1000112506 ns, Reaching safepoint: 126844 ns, At safepoint: 6245 ns, Total: 133089 ns
[2020-10-31T07:40:41.108+0000][info][safepoint    ] Safepoint "Cleanup", Time since last: 1000109732 ns, Reaching safepoint: 51622 ns, At safepoint: 7657 ns, Total: 59279 ns
[2020-10-31T07:40:42.108+0000][info][safepoint    ] Safepoint "Cleanup", Time since last: 1000109843 ns, Reaching safepoint: 129030 ns, At safepoint: 6893 ns, Total: 135923 ns
[2020-10-31T07:40:42.787+0000][info][gc,start     ] GC(141) Pause Young (Normal) (G1 Evacuation Pause)
[2020-10-31T07:40:42.787+0000][info][gc,task      ] GC(141) Using 2 workers of 2 for evacuation
[2020-10-31T07:40:42.910+0000][info][gc,phases    ] GC(141)   Pre Evacuate Collection Set: 0.6ms
[2020-10-31T07:40:42.910+0000][info][gc,phases    ] GC(141)   Evacuate Collection Set: 91.3ms
[2020-10-31T07:40:42.910+0000][info][gc,phases    ] GC(141)   Post Evacuate Collection Set: 30.5ms
[2020-10-31T07:40:42.910+0000][info][gc,phases    ] GC(141)   Other: 0.5ms
[2020-10-31T07:40:42.910+0000][info][gc,heap      ] GC(141) Eden regions: 1677->0(1676)
[2020-10-31T07:40:42.910+0000][info][gc,heap      ] GC(141) Survivor regions: 12->13(212)
[2020-10-31T07:40:42.910+0000][info][gc,heap      ] GC(141) Old regions: 3->3
[2020-10-31T07:40:42.910+0000][info][gc,heap      ] GC(141) Archive regions: 2->2
[2020-10-31T07:40:42.910+0000][info][gc,heap      ] GC(141) Humongous regions: 0->0
[2020-10-31T07:40:42.910+0000][info][gc,metaspace ] GC(141) Metaspace: 13732K->13732K(1062912K)
[2020-10-31T07:40:42.910+0000][info][gc           ] GC(141) Pause Young (Normal) (G1 Evacuation Pause) 3384M->31M(5632M) 122.985ms
[2020-10-31T07:40:42.910+0000][info][gc,cpu       ] GC(141) User=0.24s Sys=0.00s Real=0.12s
[2020-10-31T07:40:42.910+0000][info][safepoint    ] Safepoint "G1CollectForAllocation", Time since last: 679003110 ns, Reaching safepoint: 48397 ns, At safepoint: 123038990 ns, Total: 123087387 ns
[2020-10-31T07:40:43.911+0000][info][safepoint    ] Safepoint "Cleanup", Time since last: 1000085953 ns, Reaching safepoint: 133958 ns, At safepoint: 6248 ns, Total: 140206 ns
[2020-10-31T07:40:44.911+0000][info][safepoint    ] Safepoint "Cleanup", Time since last: 1000112934 ns, Reaching safepoint: 123648 ns, At safepoint: 5299 ns, Total: 128947 ns
[2020-10-31T07:40:45.911+0000][info][safepoint    ] Safepoint "Cleanup", Time since last: 1000110765 ns, Reaching safepoint: 76490 ns, At safepoint: 6207 ns, Total: 82697 ns
[2020-10-31T07:40:46.911+0000][info][safepoint    ] Safepoint "Cleanup", Time since last: 1000100156 ns, Reaching safepoint: 123611 ns, At safepoint: 3372 ns, Total: 126983 ns
[2020-10-31T07:40:47.912+0000][info][safepoint    ] Safepoint "Cleanup", Time since last: 1000105068 ns, Reaching safepoint: 124208 ns, At safepoint: 7687 ns, Total: 131895 ns
[2020-10-31T07:40:48.912+0000][info][safepoint    ] Safepoint "Cleanup", Time since last: 1000128807 ns, Reaching safepoint: 143214 ns, At safepoint: 6024 ns, Total: 149238 ns
[2020-10-31T07:40:49.912+0000][info][safepoint    ] Safepoint "Cleanup", Time since last: 1000113115 ns, Reaching safepoint: 136536 ns, At safepoint: 3393 ns, Total: 139929 ns
[2020-10-31T07:40:50.912+0000][info][safepoint    ] Safepoint "Cleanup", Time since last: 1000110420 ns, Reaching safepoint: 125356 ns, At safepoint: 5965 ns, Total: 131321 ns
[2020-10-31T07:40:51.913+0000][info][safepoint    ] Safepoint "Cleanup", Time since last: 1000106695 ns, Reaching safepoint: 115543 ns, At safepoint: 5468 ns, Total: 121011 ns
[2020-10-31T07:40:52.913+0000][info][safepoint    ] Safepoint "Cleanup", Time since last: 1000110682 ns, Reaching safepoint: 127781 ns, At safepoint: 5887 ns, Total: 133668 ns
[2020-10-31T07:40:53.474+0000][info][gc,start     ] GC(142) Pause Young (Normal) (G1 Evacuation Pause)
[2020-10-31T07:40:53.474+0000][info][gc,task      ] GC(142) Using 2 workers of 2 for evacuation
[2020-10-31T07:40:53.594+0000][info][gc,phases    ] GC(142)   Pre Evacuate Collection Set: 0.5ms
[2020-10-31T07:40:53.594+0000][info][gc,phases    ] GC(142)   Evacuate Collection Set: 90.3ms
[2020-10-31T07:40:53.594+0000][info][gc,phases    ] GC(142)   Post Evacuate Collection Set: 29.2ms
[2020-10-31T07:40:53.594+0000][info][gc,phases    ] GC(142)   Other: 0.5ms
[2020-10-31T07:40:53.594+0000][info][gc,heap      ] GC(142) Eden regions: 1676->0(1677)
[2020-10-31T07:40:53.594+0000][info][gc,heap      ] GC(142) Survivor regions: 13->12(212)
[2020-10-31T07:40:53.594+0000][info][gc,heap      ] GC(142) Old regions: 3->3
[2020-10-31T07:40:53.594+0000][info][gc,heap      ] GC(142) Archive regions: 2->2
[2020-10-31T07:40:53.594+0000][info][gc,heap      ] GC(142) Humongous regions: 0->0
[2020-10-31T07:40:53.594+0000][info][gc,metaspace ] GC(142) Metaspace: 13732K->13732K(1062912K)
[2020-10-31T07:40:53.595+0000][info][gc           ] GC(142) Pause Young (Normal) (G1 Evacuation Pause) 3383M->30M(5632M) 120.620ms
[2020-10-31T07:40:53.595+0000][info][gc,cpu       ] GC(142) User=0.23s Sys=0.00s Real=0.12s
[2020-10-31T07:40:53.595+0000][info][safepoint    ] Safepoint "G1CollectForAllocation", Time since last: 560979982 ns, Reaching safepoint: 52054 ns, At safepoint: 120682535 ns, Total: 120734589 ns
[2020-10-31T07:40:54.595+0000][info][safepoint    ] Safepoint "Cleanup", Time since last: 1000084107 ns, Reaching safepoint: 138693 ns, At safepoint: 3640 ns, Total: 142333 ns
[2020-10-31T07:40:55.595+0000][info][safepoint    ] Safepoint "Cleanup", Time since last: 1000108008 ns, Reaching safepoint: 124530 ns, At safepoint: 5952 ns, Total: 130482 ns
[2020-10-31T07:40:56.595+0000][info][safepoint    ] Safepoint "Cleanup", Time since last: 1000107177 ns, Reaching safepoint: 63481 ns, At safepoint: 5770 ns, Total: 69251 ns
[2020-10-31T07:40:57.595+0000][info][safepoint    ] Safepoint "Cleanup", Time since last: 1000104470 ns, Reaching safepoint: 124865 ns, At safepoint: 5214 ns, Total: 130079 ns
[2020-10-31T07:40:58.596+0000][info][safepoint    ] Safepoint "Cleanup", Time since last: 1000111571 ns, Reaching safepoint: 123619 ns, At safepoint: 5273 ns, Total: 128892 ns
[2020-10-31T07:40:59.596+0000][info][safepoint    ] Safepoint "Cleanup", Time since last: 1000110400 ns, Reaching safepoint: 124634 ns, At safepoint: 6667 ns, Total: 131301 ns
[2020-10-31T07:41:00.596+0000][info][safepoint    ] Safepoint "Cleanup", Time since last: 1000109633 ns, Reaching safepoint: 130086 ns, At safepoint: 5556 ns, Total: 135642 ns
[2020-10-31T07:41:01.596+0000][info][safepoint    ] Safepoint "Cleanup", Time since last: 1000108821 ns, Reaching safepoint: 126967 ns, At safepoint: 6401 ns, Total: 133368 ns
[2020-10-31T07:41:02.597+0000][info][safepoint    ] Safepoint "Cleanup", Time since last: 1000109689 ns, Reaching safepoint: 59777 ns, At safepoint: 5429 ns, Total: 65206 ns
[2020-10-31T07:41:03.597+0000][info][safepoint    ] Safepoint "Cleanup", Time since last: 1000103569 ns, Reaching safepoint: 125776 ns, At safepoint: 5461 ns, Total: 131237 ns
[2020-10-31T07:41:04.140+0000][info][gc,start     ] GC(143) Pause Young (Normal) (G1 Evacuation Pause)
[2020-10-31T07:41:04.140+0000][info][gc,task      ] GC(143) Using 2 workers of 2 for evacuation
[2020-10-31T07:41:04.262+0000][info][gc,phases    ] GC(143)   Pre Evacuate Collection Set: 0.5ms
[2020-10-31T07:41:04.262+0000][info][gc,phases    ] GC(143)   Evacuate Collection Set: 91.3ms
[2020-10-31T07:41:04.262+0000][info][gc,phases    ] GC(143)   Post Evacuate Collection Set: 30.2ms
[2020-10-31T07:41:04.262+0000][info][gc,phases    ] GC(143)   Other: 0.5ms
[2020-10-31T07:41:04.262+0000][info][gc,heap      ] GC(143) Eden regions: 1677->0(1676)
[2020-10-31T07:41:04.262+0000][info][gc,heap      ] GC(143) Survivor regions: 12->13(212)
[2020-10-31T07:41:04.262+0000][info][gc,heap      ] GC(143) Old regions: 3->3
[2020-10-31T07:41:04.262+0000][info][gc,heap      ] GC(143) Archive regions: 2->2
[2020-10-31T07:41:04.262+0000][info][gc,heap      ] GC(143) Humongous regions: 0->0
[2020-10-31T07:41:04.262+0000][info][gc,metaspace ] GC(143) Metaspace: 13732K->13732K(1062912K)
[2020-10-31T07:41:04.262+0000][info][gc           ] GC(143) Pause Young (Normal) (G1 Evacuation Pause) 3384M->31M(5632M) 122.541ms
[2020-10-31T07:41:04.262+0000][info][gc,cpu       ] GC(143) User=0.23s Sys=0.00s Real=0.12s
[2020-10-31T07:41:04.262+0000][info][safepoint    ] Safepoint "G1CollectForAllocation", Time since last: 542637628 ns, Reaching safepoint: 53836 ns, At safepoint: 122593047 ns, Total: 122646883 ns
[2020-10-31T07:41:05.262+0000][info][safepoint    ] Safepoint "Cleanup", Time since last: 1000085678 ns, Reaching safepoint: 139559 ns, At safepoint: 5820 ns, Total: 145379 ns
[2020-10-31T07:41:06.263+0000][info][safepoint    ] Safepoint "Cleanup", Time since last: 1000110053 ns, Reaching safepoint: 135776 ns, At safepoint: 3205 ns, Total: 138981 ns
[2020-10-31T07:41:07.263+0000][info][safepoint    ] Safepoint "Cleanup", Time since last: 1000107849 ns, Reaching safepoint: 127918 ns, At safepoint: 5508 ns, Total: 133426 ns
[2020-10-31T07:41:08.263+0000][info][safepoint    ] Safepoint "Cleanup", Time since last: 1000107005 ns, Reaching safepoint: 126665 ns, At safepoint: 7098 ns, Total: 133763 ns
[2020-10-31T07:41:09.263+0000][info][safepoint    ] Safepoint "Cleanup", Time since last: 1000109122 ns, Reaching safepoint: 136598 ns, At safepoint: 3310 ns, Total: 139908 ns
[2020-10-31T07:41:10.264+0000][info][safepoint    ] Safepoint "Cleanup", Time since last: 1000108117 ns, Reaching safepoint: 130169 ns, At safepoint: 5692 ns, Total: 135861 ns
[2020-10-31T07:41:11.264+0000][info][safepoint    ] Safepoint "Cleanup", Time since last: 1000109618 ns, Reaching safepoint: 140821 ns, At safepoint: 3473 ns, Total: 144294 ns
[2020-10-31T07:41:12.264+0000][info][safepoint    ] Safepoint "Cleanup", Time since last: 1000110189 ns, Reaching safepoint: 121912 ns, At safepoint: 5258 ns, Total: 127170 ns
[2020-10-31T07:41:13.264+0000][info][safepoint    ] Safepoint "Cleanup", Time since last: 1000106942 ns, Reaching safepoint: 130168 ns, At safepoint: 5677 ns, Total: 135845 ns
[2020-10-31T07:41:14.265+0000][info][safepoint    ] Safepoint "Cleanup", Time since last: 1000107152 ns, Reaching safepoint: 126004 ns, At safepoint: 5648 ns, Total: 131652 ns
[2020-10-31T07:41:14.855+0000][info][gc,start     ] GC(144) Pause Young (Normal) (G1 Evacuation Pause)
[2020-10-31T07:41:14.855+0000][info][gc,task      ] GC(144) Using 2 workers of 2 for evacuation
[2020-10-31T07:41:14.978+0000][info][gc,phases    ] GC(144)   Pre Evacuate Collection Set: 0.6ms
[2020-10-31T07:41:14.978+0000][info][gc,phases    ] GC(144)   Evacuate Collection Set: 91.0ms
[2020-10-31T07:41:14.978+0000][info][gc,phases    ] GC(144)   Post Evacuate Collection Set: 30.6ms
[2020-10-31T07:41:14.978+0000][info][gc,phases    ] GC(144)   Other: 0.5ms
[2020-10-31T07:41:14.978+0000][info][gc,heap      ] GC(144) Eden regions: 1676->0(1676)
[2020-10-31T07:41:14.978+0000][info][gc,heap      ] GC(144) Survivor regions: 13->13(212)
[2020-10-31T07:41:14.978+0000][info][gc,heap      ] GC(144) Old regions: 3->3
[2020-10-31T07:41:14.978+0000][info][gc,heap      ] GC(144) Archive regions: 2->2
[2020-10-31T07:41:14.978+0000][info][gc,heap      ] GC(144) Humongous regions: 0->0
[2020-10-31T07:41:14.978+0000][info][gc,metaspace ] GC(144) Metaspace: 13732K->13732K(1062912K)
[2020-10-31T07:41:14.978+0000][info][gc           ] GC(144) Pause Young (Normal) (G1 Evacuation Pause) 3383M->31M(5632M) 122.721ms
[2020-10-31T07:41:14.978+0000][info][gc,cpu       ] GC(144) User=0.23s Sys=0.00s Real=0.12s
[2020-10-31T07:41:14.978+0000][info][safepoint    ] Safepoint "G1CollectForAllocation", Time since last: 590796916 ns, Reaching safepoint: 50401 ns, At safepoint: 122783982 ns, Total: 122834383 ns
[2020-10-31T07:41:15.978+0000][info][safepoint    ] Safepoint "Cleanup", Time since last: 1000082322 ns, Reaching safepoint: 139185 ns, At safepoint: 7767 ns, Total: 146952 ns
[2020-10-31T07:41:16.979+0000][info][safepoint    ] Safepoint "Cleanup", Time since last: 1000112651 ns, Reaching safepoint: 77240 ns, At safepoint: 6168 ns, Total: 83408 ns
[2020-10-31T07:41:17.979+0000][info][safepoint    ] Safepoint "Cleanup", Time since last: 1000101396 ns, Reaching safepoint: 134623 ns, At safepoint: 3862 ns, Total: 138485 ns
[2020-10-31T07:41:18.979+0000][info][safepoint    ] Safepoint "Cleanup", Time since last: 1000112831 ns, Reaching safepoint: 124796 ns, At safepoint: 7269 ns, Total: 132065 ns
[2020-10-31T07:41:19.979+0000][info][safepoint    ] Safepoint "Cleanup", Time since last: 1000110538 ns, Reaching safepoint: 128630 ns, At safepoint: 6484 ns, Total: 135114 ns
[2020-10-31T07:41:20.980+0000][info][safepoint    ] Safepoint "Cleanup", Time since last: 1000110659 ns, Reaching safepoint: 140530 ns, At safepoint: 5066 ns, Total: 145596 ns
[2020-10-31T07:41:21.980+0000][info][safepoint    ] Safepoint "Cleanup", Time since last: 1000111738 ns, Reaching safepoint: 142727 ns, At safepoint: 3463 ns, Total: 146190 ns
[2020-10-31T07:41:22.980+0000][info][safepoint    ] Safepoint "Cleanup", Time since last: 1000114124 ns, Reaching safepoint: 137323 ns, At safepoint: 3420 ns, Total: 140743 ns
[2020-10-31T07:41:23.980+0000][info][safepoint    ] Safepoint "Cleanup", Time since last: 1000113187 ns, Reaching safepoint: 57016 ns, At safepoint: 5380 ns, Total: 62396 ns
[2020-10-31T07:41:24.980+0000][info][safepoint    ] Safepoint "Cleanup", Time since last: 1000110986 ns, Reaching safepoint: 132979 ns, At safepoint: 6619 ns, Total: 139598 ns
[2020-10-31T07:41:25.591+0000][info][gc,start     ] GC(145) Pause Young (Normal) (G1 Evacuation Pause)
[2020-10-31T07:41:25.591+0000][info][gc,task      ] GC(145) Using 2 workers of 2 for evacuation
[2020-10-31T07:41:25.714+0000][info][gc,phases    ] GC(145)   Pre Evacuate Collection Set: 0.5ms
[2020-10-31T07:41:25.714+0000][info][gc,phases    ] GC(145)   Evacuate Collection Set: 91.1ms
[2020-10-31T07:41:25.714+0000][info][gc,phases    ] GC(145)   Post Evacuate Collection Set: 30.2ms
[2020-10-31T07:41:25.714+0000][info][gc,phases    ] GC(145)   Other: 0.5ms
[2020-10-31T07:41:25.714+0000][info][gc,heap      ] GC(145) Eden regions: 1676->0(1676)
[2020-10-31T07:41:25.714+0000][info][gc,heap      ] GC(145) Survivor regions: 13->13(212)
[2020-10-31T07:41:25.714+0000][info][gc,heap      ] GC(145) Old regions: 3->3
[2020-10-31T07:41:25.714+0000][info][gc,heap      ] GC(145) Archive regions: 2->2
[2020-10-31T07:41:25.714+0000][info][gc,heap      ] GC(145) Humongous regions: 0->0
[2020-10-31T07:41:25.714+0000][info][gc,metaspace ] GC(145) Metaspace: 13732K->13732K(1062912K)
[2020-10-31T07:41:25.714+0000][info][gc           ] GC(145) Pause Young (Normal) (G1 Evacuation Pause) 3383M->31M(5632M) 122.460ms
[2020-10-31T07:41:25.714+0000][info][gc,cpu       ] GC(145) User=0.23s Sys=0.00s Real=0.13s
[2020-10-31T07:41:25.714+0000][info][safepoint    ] Safepoint "G1CollectForAllocation", Time since last: 610853294 ns, Reaching safepoint: 62100 ns, At safepoint: 122514848 ns, Total: 122576948 ns
[2020-10-31T07:41:26.714+0000][info][safepoint    ] Safepoint "Cleanup", Time since last: 1000084267 ns, Reaching safepoint: 136632 ns, At safepoint: 6195 ns, Total: 142827 ns
[2020-10-31T07:41:27.714+0000][info][safepoint    ] Safepoint "Cleanup", Time since last: 1000116922 ns, Reaching safepoint: 53120 ns, At safepoint: 5088 ns, Total: 58208 ns
[2020-10-31T07:41:28.715+0000][info][safepoint    ] Safepoint "Cleanup", Time since last: 1000114484 ns, Reaching safepoint: 130083 ns, At safepoint: 6901 ns, Total: 136984 ns
[2020-10-31T07:41:29.715+0000][info][safepoint    ] Safepoint "Cleanup", Time since last: 1000108232 ns, Reaching safepoint: 136561 ns, At safepoint: 3701 ns, Total: 140262 ns
[2020-10-31T07:41:30.715+0000][info][safepoint    ] Safepoint "Cleanup", Time since last: 1000108526 ns, Reaching safepoint: 136840 ns, At safepoint: 3422 ns, Total: 140262 ns
[2020-10-31T07:41:31.715+0000][info][safepoint    ] Safepoint "Cleanup", Time since last: 1000109695 ns, Reaching safepoint: 127731 ns, At safepoint: 6764 ns, Total: 134495 ns
[2020-10-31T07:41:32.716+0000][info][safepoint    ] Safepoint "Cleanup", Time since last: 1000108917 ns, Reaching safepoint: 139904 ns, At safepoint: 3110 ns, Total: 143014 ns
[2020-10-31T07:41:33.716+0000][info][safepoint    ] Safepoint "Cleanup", Time since last: 1000107838 ns, Reaching safepoint: 130987 ns, At safepoint: 6102 ns, Total: 137089 ns
[2020-10-31T07:41:34.716+0000][info][safepoint    ] Safepoint "Cleanup", Time since last: 1000110520 ns, Reaching safepoint: 122918 ns, At safepoint: 7044 ns, Total: 129962 ns
[2020-10-31T07:41:35.716+0000][info][safepoint    ] Safepoint "Cleanup", Time since last: 1000107468 ns, Reaching safepoint: 140251 ns, At safepoint: 3367 ns, Total: 143618 ns
[2020-10-31T07:41:36.322+0000][info][gc,start     ] GC(146) Pause Young (Normal) (G1 Evacuation Pause)
[2020-10-31T07:41:36.322+0000][info][gc,task      ] GC(146) Using 2 workers of 2 for evacuation
[2020-10-31T07:41:36.450+0000][info][gc,phases    ] GC(146)   Pre Evacuate Collection Set: 0.5ms
[2020-10-31T07:41:36.450+0000][info][gc,phases    ] GC(146)   Evacuate Collection Set: 96.8ms
[2020-10-31T07:41:36.450+0000][info][gc,phases    ] GC(146)   Post Evacuate Collection Set: 30.6ms
[2020-10-31T07:41:36.450+0000][info][gc,phases    ] GC(146)   Other: 0.5ms
[2020-10-31T07:41:36.450+0000][info][gc,heap      ] GC(146) Eden regions: 1676->0(1677)
[2020-10-31T07:41:36.450+0000][info][gc,heap      ] GC(146) Survivor regions: 13->12(212)
[2020-10-31T07:41:36.450+0000][info][gc,heap      ] GC(146) Old regions: 3->3
[2020-10-31T07:41:36.450+0000][info][gc,heap      ] GC(146) Archive regions: 2->2
[2020-10-31T07:41:36.450+0000][info][gc,heap      ] GC(146) Humongous regions: 0->0
[2020-10-31T07:41:36.450+0000][info][gc,metaspace ] GC(146) Metaspace: 13732K->13732K(1062912K)
[2020-10-31T07:41:36.450+0000][info][gc           ] GC(146) Pause Young (Normal) (G1 Evacuation Pause) 3383M->30M(5632M) 128.470ms
[2020-10-31T07:41:36.450+0000][info][gc,cpu       ] GC(146) User=0.23s Sys=0.00s Real=0.13s
[2020-10-31T07:41:36.450+0000][info][safepoint    ] Safepoint "G1CollectForAllocation", Time since last: 605589824 ns, Reaching safepoint: 68583 ns, At safepoint: 128535121 ns, Total: 128603704 ns
[2020-10-31T07:41:37.451+0000][info][safepoint    ] Safepoint "Cleanup", Time since last: 1000084995 ns, Reaching safepoint: 138161 ns, At safepoint: 3528 ns, Total: 141689 ns
[2020-10-31T07:41:38.451+0000][info][safepoint    ] Safepoint "Cleanup", Time since last: 1000108741 ns, Reaching safepoint: 126881 ns, At safepoint: 5725 ns, Total: 132606 ns
[2020-10-31T07:41:39.451+0000][info][safepoint    ] Safepoint "Cleanup", Time since last: 1000108757 ns, Reaching safepoint: 137543 ns, At safepoint: 3362 ns, Total: 140905 ns
[2020-10-31T07:41:40.451+0000][info][safepoint    ] Safepoint "Cleanup", Time since last: 1000104956 ns, Reaching safepoint: 49622 ns, At safepoint: 5268 ns, Total: 54890 ns
[2020-10-31T07:41:41.452+0000][info][safepoint    ] Safepoint "Cleanup", Time since last: 1000107349 ns, Reaching safepoint: 61792 ns, At safepoint: 6801 ns, Total: 68593 ns
[2020-10-31T07:41:42.452+0000][info][safepoint    ] Safepoint "Cleanup", Time since last: 1000127607 ns, Reaching safepoint: 127581 ns, At safepoint: 5627 ns, Total: 133208 ns
[2020-10-31T07:41:43.452+0000][info][safepoint    ] Safepoint "Cleanup", Time since last: 1000108385 ns, Reaching safepoint: 121321 ns, At safepoint: 5234 ns, Total: 126555 ns
[2020-10-31T07:41:44.452+0000][info][safepoint    ] Safepoint "Cleanup", Time since last: 1000103975 ns, Reaching safepoint: 136854 ns, At safepoint: 3240 ns, Total: 140094 ns
[2020-10-31T07:41:45.452+0000][info][safepoint    ] Safepoint "Cleanup", Time since last: 1000112165 ns, Reaching safepoint: 63345 ns, At safepoint: 5001 ns, Total: 68346 ns
[2020-10-31T07:41:46.453+0000][info][safepoint    ] Safepoint "Cleanup", Time since last: 1000103707 ns, Reaching safepoint: 125789 ns, At safepoint: 5669 ns, Total: 131458 ns
[2020-10-31T07:41:47.069+0000][info][gc,start     ] GC(147) Pause Young (Normal) (G1 Evacuation Pause)
[2020-10-31T07:41:47.069+0000][info][gc,task      ] GC(147) Using 2 workers of 2 for evacuation
[2020-10-31T07:41:47.190+0000][info][gc,phases    ] GC(147)   Pre Evacuate Collection Set: 0.6ms
[2020-10-31T07:41:47.190+0000][info][gc,phases    ] GC(147)   Evacuate Collection Set: 91.3ms
[2020-10-31T07:41:47.190+0000][info][gc,phases    ] GC(147)   Post Evacuate Collection Set: 28.9ms
[2020-10-31T07:41:47.190+0000][info][gc,phases    ] GC(147)   Other: 0.5ms
[2020-10-31T07:41:47.190+0000][info][gc,heap      ] GC(147) Eden regions: 1677->0(1676)
[2020-10-31T07:41:47.190+0000][info][gc,heap      ] GC(147) Survivor regions: 12->13(212)
[2020-10-31T07:41:47.190+0000][info][gc,heap      ] GC(147) Old regions: 3->3
[2020-10-31T07:41:47.190+0000][info][gc,heap      ] GC(147) Archive regions: 2->2
[2020-10-31T07:41:47.190+0000][info][gc,heap      ] GC(147) Humongous regions: 0->0
[2020-10-31T07:41:47.190+0000][info][gc,metaspace ] GC(147) Metaspace: 13732K->13732K(1062912K)
[2020-10-31T07:41:47.190+0000][info][gc           ] GC(147) Pause Young (Normal) (G1 Evacuation Pause) 3384M->31M(5632M) 121.355ms
[2020-10-31T07:41:47.190+0000][info][gc,cpu       ] GC(147) User=0.24s Sys=0.00s Real=0.12s
[2020-10-31T07:41:47.190+0000][info][safepoint    ] Safepoint "G1CollectForAllocation", Time since last: 616133180 ns, Reaching safepoint: 53382 ns, At safepoint: 121419900 ns, Total: 121473282 ns
[2020-10-31T07:41:48.191+0000][info][safepoint    ] Safepoint "Cleanup", Time since last: 1000082699 ns, Reaching safepoint: 147343 ns, At safepoint: 6392 ns, Total: 153735 ns
[2020-10-31T07:41:49.191+0000][info][safepoint    ] Safepoint "Cleanup", Time since last: 1000101180 ns, Reaching safepoint: 137611 ns, At safepoint: 3472 ns, Total: 141083 ns
[2020-10-31T07:41:50.191+0000][info][safepoint    ] Safepoint "Cleanup", Time since last: 1000111156 ns, Reaching safepoint: 59631 ns, At safepoint: 7155 ns, Total: 66786 ns
[2020-10-31T07:41:51.191+0000][info][safepoint    ] Safepoint "Cleanup", Time since last: 1000102819 ns, Reaching safepoint: 51173 ns, At safepoint: 7772 ns, Total: 58945 ns
[2020-10-31T07:41:52.191+0000][info][safepoint    ] Safepoint "Cleanup", Time since last: 1000110018 ns, Reaching safepoint: 136301 ns, At safepoint: 3491 ns, Total: 139792 ns
[2020-10-31T07:41:53.192+0000][info][safepoint    ] Safepoint "Cleanup", Time since last: 1000104749 ns, Reaching safepoint: 124945 ns, At safepoint: 6026 ns, Total: 130971 ns
[2020-10-31T07:41:54.193+0000][info][safepoint    ] Safepoint "Cleanup", Time since last: 1000873766 ns, Reaching safepoint: 54397 ns, At safepoint: 5469 ns, Total: 59866 ns
[2020-10-31T07:41:55.193+0000][info][safepoint    ] Safepoint "Cleanup", Time since last: 1000102951 ns, Reaching safepoint: 128348 ns, At safepoint: 6238 ns, Total: 134586 ns
[2020-10-31T07:41:56.193+0000][info][safepoint    ] Safepoint "Cleanup", Time since last: 1000109568 ns, Reaching safepoint: 125584 ns, At safepoint: 6567 ns, Total: 132151 ns
[2020-10-31T07:41:57.193+0000][info][safepoint    ] Safepoint "Cleanup", Time since last: 1000112633 ns, Reaching safepoint: 126899 ns, At safepoint: 6439 ns, Total: 133338 ns
[2020-10-31T07:41:57.734+0000][info][gc,start     ] GC(148) Pause Young (Normal) (G1 Evacuation Pause)
[2020-10-31T07:41:57.734+0000][info][gc,task      ] GC(148) Using 2 workers of 2 for evacuation
[2020-10-31T07:41:57.854+0000][info][gc,phases    ] GC(148)   Pre Evacuate Collection Set: 0.6ms
[2020-10-31T07:41:57.854+0000][info][gc,phases    ] GC(148)   Evacuate Collection Set: 89.8ms
[2020-10-31T07:41:57.854+0000][info][gc,phases    ] GC(148)   Post Evacuate Collection Set: 29.3ms
[2020-10-31T07:41:57.854+0000][info][gc,phases    ] GC(148)   Other: 0.5ms
[2020-10-31T07:41:57.854+0000][info][gc,heap      ] GC(148) Eden regions: 1676->0(1677)
[2020-10-31T07:41:57.854+0000][info][gc,heap      ] GC(148) Survivor regions: 13->12(212)
[2020-10-31T07:41:57.854+0000][info][gc,heap      ] GC(148) Old regions: 3->3
[2020-10-31T07:41:57.854+0000][info][gc,heap      ] GC(148) Archive regions: 2->2
[2020-10-31T07:41:57.854+0000][info][gc,heap      ] GC(148) Humongous regions: 0->0
[2020-10-31T07:41:57.854+0000][info][gc,metaspace ] GC(148) Metaspace: 13732K->13732K(1062912K)
[2020-10-31T07:41:57.854+0000][info][gc           ] GC(148) Pause Young (Normal) (G1 Evacuation Pause) 3383M->30M(5632M) 120.263ms
[2020-10-31T07:41:57.854+0000][info][gc,cpu       ] GC(148) User=0.24s Sys=0.00s Real=0.12s
[2020-10-31T07:41:57.854+0000][info][safepoint    ] Safepoint "G1CollectForAllocation", Time since last: 540525129 ns, Reaching safepoint: 48367 ns, At safepoint: 120315585 ns, Total: 120363952 ns
[2020-10-31T07:41:58.854+0000][info][safepoint    ] Safepoint "Cleanup", Time since last: 1000084479 ns, Reaching safepoint: 127055 ns, At safepoint: 5427 ns, Total: 132482 ns
[2020-10-31T07:41:59.855+0000][info][safepoint    ] Safepoint "Cleanup", Time since last: 1000107615 ns, Reaching safepoint: 63856 ns, At safepoint: 3571 ns, Total: 67427 ns
[2020-10-31T07:42:00.855+0000][info][safepoint    ] Safepoint "Cleanup", Time since last: 1000110415 ns, Reaching safepoint: 129252 ns, At safepoint: 6993 ns, Total: 136245 ns
[2020-10-31T07:42:01.855+0000][info][safepoint    ] Safepoint "Cleanup", Time since last: 1000110238 ns, Reaching safepoint: 125473 ns, At safepoint: 5682 ns, Total: 131155 ns
[2020-10-31T07:42:02.855+0000][info][safepoint    ] Safepoint "Cleanup", Time since last: 1000112490 ns, Reaching safepoint: 141916 ns, At safepoint: 6330 ns, Total: 148246 ns
[2020-10-31T07:42:03.856+0000][info][safepoint    ] Safepoint "Cleanup", Time since last: 1000115672 ns, Reaching safepoint: 138729 ns, At safepoint: 8234 ns, Total: 146963 ns
[2020-10-31T07:42:04.856+0000][info][safepoint    ] Safepoint "Cleanup", Time since last: 1000114957 ns, Reaching safepoint: 129977 ns, At safepoint: 6372 ns, Total: 136349 ns
[2020-10-31T07:42:05.856+0000][info][safepoint    ] Safepoint "Cleanup", Time since last: 1000110645 ns, Reaching safepoint: 132644 ns, At safepoint: 5588 ns, Total: 138232 ns
[2020-10-31T07:42:06.856+0000][info][safepoint    ] Safepoint "Cleanup", Time since last: 1000110108 ns, Reaching safepoint: 127518 ns, At safepoint: 6825 ns, Total: 134343 ns
[2020-10-31T07:42:07.856+0000][info][safepoint    ] Safepoint "Cleanup", Time since last: 1000111786 ns, Reaching safepoint: 54685 ns, At safepoint: 2060 ns, Total: 56745 ns
[2020-10-31T07:42:08.425+0000][info][gc,start     ] GC(149) Pause Young (Normal) (G1 Evacuation Pause)
[2020-10-31T07:42:08.425+0000][info][gc,task      ] GC(149) Using 2 workers of 2 for evacuation
[2020-10-31T07:42:08.547+0000][info][gc,phases    ] GC(149)   Pre Evacuate Collection Set: 0.6ms
[2020-10-31T07:42:08.547+0000][info][gc,phases    ] GC(149)   Evacuate Collection Set: 91.5ms
[2020-10-31T07:42:08.547+0000][info][gc,phases    ] GC(149)   Post Evacuate Collection Set: 29.1ms
[2020-10-31T07:42:08.547+0000][info][gc,phases    ] GC(149)   Other: 0.5ms
[2020-10-31T07:42:08.547+0000][info][gc,heap      ] GC(149) Eden regions: 1677->0(1676)
[2020-10-31T07:42:08.547+0000][info][gc,heap      ] GC(149) Survivor regions: 12->13(212)
[2020-10-31T07:42:08.547+0000][info][gc,heap      ] GC(149) Old regions: 3->3
[2020-10-31T07:42:08.547+0000][info][gc,heap      ] GC(149) Archive regions: 2->2
[2020-10-31T07:42:08.547+0000][info][gc,heap      ] GC(149) Humongous regions: 0->0
[2020-10-31T07:42:08.547+0000][info][gc,metaspace ] GC(149) Metaspace: 13732K->13732K(1062912K)
[2020-10-31T07:42:08.547+0000][info][gc           ] GC(149) Pause Young (Normal) (G1 Evacuation Pause) 3384M->31M(5632M) 121.755ms
[2020-10-31T07:42:08.547+0000][info][gc,cpu       ] GC(149) User=0.24s Sys=0.00s Real=0.12s
[2020-10-31T07:42:08.547+0000][info][safepoint    ] Safepoint "G1CollectForAllocation", Time since last: 568459879 ns, Reaching safepoint: 49139 ns, At safepoint: 121817697 ns, Total: 121866836 ns
[2020-10-31T07:42:09.547+0000][info][safepoint    ] Safepoint "Cleanup", Time since last: 1000085203 ns, Reaching safepoint: 137900 ns, At safepoint: 3305 ns, Total: 141205 ns
[2020-10-31T07:42:10.547+0000][info][safepoint    ] Safepoint "Cleanup", Time since last: 1000109929 ns, Reaching safepoint: 50047 ns, At safepoint: 2601 ns, Total: 52648 ns
[2020-10-31T07:42:11.547+0000][info][safepoint    ] Safepoint "Cleanup", Time since last: 1000102397 ns, Reaching safepoint: 50974 ns, At safepoint: 2088 ns, Total: 53062 ns
[2020-10-31T07:42:12.548+0000][info][safepoint    ] Safepoint "Cleanup", Time since last: 1000100949 ns, Reaching safepoint: 141880 ns, At safepoint: 6163 ns, Total: 148043 ns
[2020-10-31T07:42:13.548+0000][info][safepoint    ] Safepoint "Cleanup", Time since last: 1000109055 ns, Reaching safepoint: 51467 ns, At safepoint: 5167 ns, Total: 56634 ns
[2020-10-31T07:42:14.548+0000][info][safepoint    ] Safepoint "Cleanup", Time since last: 1000107923 ns, Reaching safepoint: 62047 ns, At safepoint: 3400 ns, Total: 65447 ns
[2020-10-31T07:42:15.548+0000][info][safepoint    ] Safepoint "Cleanup", Time since last: 1000111324 ns, Reaching safepoint: 130875 ns, At safepoint: 7035 ns, Total: 137910 ns
[2020-10-31T07:42:16.548+0000][info][safepoint    ] Safepoint "Cleanup", Time since last: 1000107950 ns, Reaching safepoint: 121154 ns, At safepoint: 5529 ns, Total: 126683 ns
[2020-10-31T07:42:17.549+0000][info][safepoint    ] Safepoint "Cleanup", Time since last: 1000107119 ns, Reaching safepoint: 126920 ns, At safepoint: 6056 ns, Total: 132976 ns
[2020-10-31T07:42:18.549+0000][info][safepoint    ] Safepoint "Cleanup", Time since last: 1000113561 ns, Reaching safepoint: 82349 ns, At safepoint: 6680 ns, Total: 89029 ns
[2020-10-31T07:42:19.238+0000][info][gc,start     ] GC(150) Pause Young (Normal) (G1 Evacuation Pause)
[2020-10-31T07:42:19.238+0000][info][gc,task      ] GC(150) Using 2 workers of 2 for evacuation
[2020-10-31T07:42:19.358+0000][info][gc,phases    ] GC(150)   Pre Evacuate Collection Set: 0.5ms
[2020-10-31T07:42:19.358+0000][info][gc,phases    ] GC(150)   Evacuate Collection Set: 91.5ms
[2020-10-31T07:42:19.358+0000][info][gc,phases    ] GC(150)   Post Evacuate Collection Set: 27.7ms
[2020-10-31T07:42:19.358+0000][info][gc,phases    ] GC(150)   Other: 0.5ms
[2020-10-31T07:42:19.358+0000][info][gc,heap      ] GC(150) Eden regions: 1676->0(1676)
[2020-10-31T07:42:19.358+0000][info][gc,heap      ] GC(150) Survivor regions: 13->13(212)
[2020-10-31T07:42:19.358+0000][info][gc,heap      ] GC(150) Old regions: 3->3
[2020-10-31T07:42:19.358+0000][info][gc,heap      ] GC(150) Archive regions: 2->2
[2020-10-31T07:42:19.358+0000][info][gc,heap      ] GC(150) Humongous regions: 0->0
[2020-10-31T07:42:19.358+0000][info][gc,metaspace ] GC(150) Metaspace: 13732K->13732K(1062912K)
[2020-10-31T07:42:19.358+0000][info][gc           ] GC(150) Pause Young (Normal) (G1 Evacuation Pause) 3383M->31M(5632M) 120.337ms
[2020-10-31T07:42:19.358+0000][info][gc,cpu       ] GC(150) User=0.23s Sys=0.00s Real=0.12s
[2020-10-31T07:42:19.358+0000][info][safepoint    ] Safepoint "G1CollectForAllocation", Time since last: 689025764 ns, Reaching safepoint: 52266 ns, At safepoint: 120399035 ns, Total: 120451301 ns
[2020-10-31T07:42:20.359+0000][info][safepoint    ] Safepoint "Cleanup", Time since last: 1000086076 ns, Reaching safepoint: 58392 ns, At safepoint: 6216 ns, Total: 64608 ns
[2020-10-31T07:42:21.359+0000][info][safepoint    ] Safepoint "Cleanup", Time since last: 1000126734 ns, Reaching safepoint: 124554 ns, At safepoint: 5216 ns, Total: 129770 ns
[2020-10-31T07:42:22.359+0000][info][safepoint    ] Safepoint "Cleanup", Time since last: 1000106175 ns, Reaching safepoint: 141074 ns, At safepoint: 5709 ns, Total: 146783 ns
[2020-10-31T07:42:23.359+0000][info][safepoint    ] Safepoint "Cleanup", Time since last: 1000110698 ns, Reaching safepoint: 61565 ns, At safepoint: 4100 ns, Total: 65665 ns
[2020-10-31T07:42:24.360+0000][info][safepoint    ] Safepoint "Cleanup", Time since last: 1000851903 ns, Reaching safepoint: 137692 ns, At safepoint: 5338 ns, Total: 143030 ns
[2020-10-31T07:42:25.360+0000][info][safepoint    ] Safepoint "Cleanup", Time since last: 1000110347 ns, Reaching safepoint: 137993 ns, At safepoint: 3177 ns, Total: 141170 ns
[2020-10-31T07:42:26.361+0000][info][safepoint    ] Safepoint "Cleanup", Time since last: 1000108206 ns, Reaching safepoint: 58847 ns, At safepoint: 3402 ns, Total: 62249 ns
[2020-10-31T07:42:27.361+0000][info][safepoint    ] Safepoint "Cleanup", Time since last: 1000101061 ns, Reaching safepoint: 123135 ns, At safepoint: 6735 ns, Total: 129870 ns
[2020-10-31T07:42:28.361+0000][info][safepoint    ] Safepoint "Cleanup", Time since last: 1000111885 ns, Reaching safepoint: 58749 ns, At safepoint: 5684 ns, Total: 64433 ns
[2020-10-31T07:42:29.361+0000][info][safepoint    ] Safepoint "Cleanup", Time since last: 1000107198 ns, Reaching safepoint: 48761 ns, At safepoint: 2187 ns, Total: 50948 ns
[2020-10-31T07:42:29.931+0000][info][gc,start     ] GC(151) Pause Young (Normal) (G1 Evacuation Pause)
[2020-10-31T07:42:29.931+0000][info][gc,task      ] GC(151) Using 2 workers of 2 for evacuation
[2020-10-31T07:42:30.055+0000][info][gc,phases    ] GC(151)   Pre Evacuate Collection Set: 0.6ms
[2020-10-31T07:42:30.055+0000][info][gc,phases    ] GC(151)   Evacuate Collection Set: 92.8ms
[2020-10-31T07:42:30.055+0000][info][gc,phases    ] GC(151)   Post Evacuate Collection Set: 30.7ms
[2020-10-31T07:42:30.055+0000][info][gc,phases    ] GC(151)   Other: 0.5ms
[2020-10-31T07:42:30.055+0000][info][gc,heap      ] GC(151) Eden regions: 1676->0(1676)
[2020-10-31T07:42:30.055+0000][info][gc,heap      ] GC(151) Survivor regions: 13->13(212)
[2020-10-31T07:42:30.055+0000][info][gc,heap      ] GC(151) Old regions: 3->3
[2020-10-31T07:42:30.055+0000][info][gc,heap      ] GC(151) Archive regions: 2->2
[2020-10-31T07:42:30.055+0000][info][gc,heap      ] GC(151) Humongous regions: 0->0
[2020-10-31T07:42:30.055+0000][info][gc,metaspace ] GC(151) Metaspace: 13732K->13732K(1062912K)
[2020-10-31T07:42:30.055+0000][info][gc           ] GC(151) Pause Young (Normal) (G1 Evacuation Pause) 3383M->31M(5632M) 124.677ms
[2020-10-31T07:42:30.055+0000][info][gc,cpu       ] GC(151) User=0.24s Sys=0.00s Real=0.13s
[2020-10-31T07:42:30.055+0000][info][safepoint    ] Safepoint "G1CollectForAllocation", Time since last: 569259886 ns, Reaching safepoint: 54530 ns, At safepoint: 124731005 ns, Total: 124785535 ns
[2020-10-31T07:42:31.055+0000][info][safepoint    ] Safepoint "Cleanup", Time since last: 1000086478 ns, Reaching safepoint: 131165 ns, At safepoint: 6491 ns, Total: 137656 ns
[2020-10-31T07:42:32.056+0000][info][safepoint    ] Safepoint "Cleanup", Time since last: 1000110319 ns, Reaching safepoint: 61832 ns, At safepoint: 3719 ns, Total: 65551 ns
[2020-10-31T07:42:33.056+0000][info][safepoint    ] Safepoint "Cleanup", Time since last: 1000111497 ns, Reaching safepoint: 141174 ns, At safepoint: 6460 ns, Total: 147634 ns
[2020-10-31T07:42:34.056+0000][info][safepoint    ] Safepoint "Cleanup", Time since last: 1000111050 ns, Reaching safepoint: 138379 ns, At safepoint: 3435 ns, Total: 141814 ns
[2020-10-31T07:42:35.056+0000][info][safepoint    ] Safepoint "Cleanup", Time since last: 1000117458 ns, Reaching safepoint: 127394 ns, At safepoint: 6469 ns, Total: 133863 ns
[2020-10-31T07:42:36.057+0000][info][safepoint    ] Safepoint "Cleanup", Time since last: 1000111619 ns, Reaching safepoint: 60862 ns, At safepoint: 2238 ns, Total: 63100 ns
[2020-10-31T07:42:37.057+0000][info][safepoint    ] Safepoint "Cleanup", Time since last: 1000120555 ns, Reaching safepoint: 46664 ns, At safepoint: 2602 ns, Total: 49266 ns
[2020-10-31T07:42:38.057+0000][info][safepoint    ] Safepoint "Cleanup", Time since last: 1000103567 ns, Reaching safepoint: 129219 ns, At safepoint: 6528 ns, Total: 135747 ns
[2020-10-31T07:42:39.057+0000][info][safepoint    ] Safepoint "Cleanup", Time since last: 1000108779 ns, Reaching safepoint: 134587 ns, At safepoint: 3658 ns, Total: 138245 ns
[2020-10-31T07:42:40.057+0000][info][safepoint    ] Safepoint "Cleanup", Time since last: 1000107592 ns, Reaching safepoint: 137320 ns, At safepoint: 3911 ns, Total: 141231 ns
[2020-10-31T07:42:40.643+0000][info][gc,start     ] GC(152) Pause Young (Normal) (G1 Evacuation Pause)
[2020-10-31T07:42:40.643+0000][info][gc,task      ] GC(152) Using 2 workers of 2 for evacuation
[2020-10-31T07:42:40.767+0000][info][gc,phases    ] GC(152)   Pre Evacuate Collection Set: 0.6ms
[2020-10-31T07:42:40.767+0000][info][gc,phases    ] GC(152)   Evacuate Collection Set: 95.4ms
[2020-10-31T07:42:40.767+0000][info][gc,phases    ] GC(152)   Post Evacuate Collection Set: 28.1ms
[2020-10-31T07:42:40.767+0000][info][gc,phases    ] GC(152)   Other: 0.5ms
[2020-10-31T07:42:40.767+0000][info][gc,heap      ] GC(152) Eden regions: 1676->0(1677)
[2020-10-31T07:42:40.767+0000][info][gc,heap      ] GC(152) Survivor regions: 13->12(212)
[2020-10-31T07:42:40.767+0000][info][gc,heap      ] GC(152) Old regions: 3->3
[2020-10-31T07:42:40.767+0000][info][gc,heap      ] GC(152) Archive regions: 2->2
[2020-10-31T07:42:40.767+0000][info][gc,heap      ] GC(152) Humongous regions: 0->0
[2020-10-31T07:42:40.767+0000][info][gc,metaspace ] GC(152) Metaspace: 13732K->13732K(1062912K)
[2020-10-31T07:42:40.767+0000][info][gc           ] GC(152) Pause Young (Normal) (G1 Evacuation Pause) 3383M->30M(5632M) 124.662ms
[2020-10-31T07:42:40.767+0000][info][gc,cpu       ] GC(152) User=0.24s Sys=0.00s Real=0.13s
[2020-10-31T07:42:40.767+0000][info][safepoint    ] Safepoint "G1CollectForAllocation", Time since last: 585120547 ns, Reaching safepoint: 58120 ns, At safepoint: 124726192 ns, Total: 124784312 ns
[2020-10-31T07:42:41.768+0000][info][safepoint    ] Safepoint "Cleanup", Time since last: 1000084403 ns, Reaching safepoint: 124239 ns, At safepoint: 5532 ns, Total: 129771 ns
[2020-10-31T07:42:42.768+0000][info][safepoint    ] Safepoint "Cleanup", Time since last: 1000110065 ns, Reaching safepoint: 130508 ns, At safepoint: 6048 ns, Total: 136556 ns
[2020-10-31T07:42:43.768+0000][info][safepoint    ] Safepoint "Cleanup", Time since last: 1000109980 ns, Reaching safepoint: 50026 ns, At safepoint: 2081 ns, Total: 52107 ns
[2020-10-31T07:42:44.768+0000][info][safepoint    ] Safepoint "Cleanup", Time since last: 1000104042 ns, Reaching safepoint: 65946 ns, At safepoint: 6870 ns, Total: 72816 ns
[2020-10-31T07:42:45.768+0000][info][safepoint    ] Safepoint "Cleanup", Time since last: 1000102026 ns, Reaching safepoint: 59112 ns, At safepoint: 3881 ns, Total: 62993 ns
[2020-10-31T07:42:46.769+0000][info][safepoint    ] Safepoint "Cleanup", Time since last: 1000104075 ns, Reaching safepoint: 137781 ns, At safepoint: 5301 ns, Total: 143082 ns
[2020-10-31T07:42:47.769+0000][info][safepoint    ] Safepoint "Cleanup", Time since last: 1000110506 ns, Reaching safepoint: 54004 ns, At safepoint: 5675 ns, Total: 59679 ns
[2020-10-31T07:42:48.769+0000][info][safepoint    ] Safepoint "Cleanup", Time since last: 1000110775 ns, Reaching safepoint: 61963 ns, At safepoint: 2204 ns, Total: 64167 ns
[2020-10-31T07:42:49.769+0000][info][safepoint    ] Safepoint "Cleanup", Time since last: 1000097532 ns, Reaching safepoint: 50689 ns, At safepoint: 3410 ns, Total: 54099 ns
[2020-10-31T07:42:50.769+0000][info][safepoint    ] Safepoint "Cleanup", Time since last: 1000113407 ns, Reaching safepoint: 54039 ns, At safepoint: 6108 ns, Total: 60147 ns
[2020-10-31T07:42:51.351+0000][info][gc,start     ] GC(153) Pause Young (Normal) (G1 Evacuation Pause)
[2020-10-31T07:42:51.351+0000][info][gc,task      ] GC(153) Using 2 workers of 2 for evacuation
[2020-10-31T07:42:51.476+0000][info][gc,phases    ] GC(153)   Pre Evacuate Collection Set: 0.5ms
[2020-10-31T07:42:51.476+0000][info][gc,phases    ] GC(153)   Evacuate Collection Set: 93.6ms
[2020-10-31T07:42:51.476+0000][info][gc,phases    ] GC(153)   Post Evacuate Collection Set: 29.7ms
[2020-10-31T07:42:51.476+0000][info][gc,phases    ] GC(153)   Other: 0.5ms
[2020-10-31T07:42:51.476+0000][info][gc,heap      ] GC(153) Eden regions: 1677->0(1676)
[2020-10-31T07:42:51.476+0000][info][gc,heap      ] GC(153) Survivor regions: 12->13(212)
[2020-10-31T07:42:51.476+0000][info][gc,heap      ] GC(153) Old regions: 3->3
[2020-10-31T07:42:51.476+0000][info][gc,heap      ] GC(153) Archive regions: 2->2
[2020-10-31T07:42:51.476+0000][info][gc,heap      ] GC(153) Humongous regions: 0->0
[2020-10-31T07:42:51.476+0000][info][gc,metaspace ] GC(153) Metaspace: 13732K->13732K(1062912K)
[2020-10-31T07:42:51.476+0000][info][gc           ] GC(153) Pause Young (Normal) (G1 Evacuation Pause) 3384M->31M(5632M) 124.425ms
[2020-10-31T07:42:51.476+0000][info][gc,cpu       ] GC(153) User=0.24s Sys=0.00s Real=0.13s
[2020-10-31T07:42:51.476+0000][info][safepoint    ] Safepoint "G1CollectForAllocation", Time since last: 582051353 ns, Reaching safepoint: 54886 ns, At safepoint: 124480187 ns, Total: 124535073 ns
[2020-10-31T07:42:52.476+0000][info][safepoint    ] Safepoint "Cleanup", Time since last: 1000086733 ns, Reaching safepoint: 50279 ns, At safepoint: 1831 ns, Total: 52110 ns
[2020-10-31T07:42:53.476+0000][info][safepoint    ] Safepoint "Cleanup", Time since last: 1000105210 ns, Reaching safepoint: 131575 ns, At safepoint: 5184 ns, Total: 136759 ns
[2020-10-31T07:42:54.477+0000][info][safepoint    ] Safepoint "Cleanup", Time since last: 1000860900 ns, Reaching safepoint: 132861 ns, At safepoint: 6151 ns, Total: 139012 ns
[2020-10-31T07:42:55.477+0000][info][safepoint    ] Safepoint "Cleanup", Time since last: 1000112319 ns, Reaching safepoint: 49154 ns, At safepoint: 1855 ns, Total: 51009 ns
[2020-10-31T07:42:57.397+0000][info][safepoint    ] Safepoint "Cleanup", Time since last: 1919818021 ns, Reaching safepoint: 132238 ns, At safepoint: 7647 ns, Total: 139885 ns
[2020-10-31T07:42:58.398+0000][info][safepoint    ] Safepoint "Cleanup", Time since last: 1000110322 ns, Reaching safepoint: 131446 ns, At safepoint: 5537 ns, Total: 136983 ns
[2020-10-31T07:42:59.398+0000][info][safepoint    ] Safepoint "Cleanup", Time since last: 1000112325 ns, Reaching safepoint: 126275 ns, At safepoint: 5976 ns, Total: 132251 ns
[2020-10-31T07:43:00.398+0000][info][safepoint    ] Safepoint "Cleanup", Time since last: 1000115367 ns, Reaching safepoint: 50304 ns, At safepoint: 5151 ns, Total: 55455 ns
[2020-10-31T07:43:01.398+0000][info][safepoint    ] Safepoint "Cleanup", Time since last: 1000104582 ns, Reaching safepoint: 125998 ns, At safepoint: 5594 ns, Total: 131592 ns
[2020-10-31T07:43:02.055+0000][info][gc,start     ] GC(154) Pause Young (Normal) (G1 Evacuation Pause)
[2020-10-31T07:43:02.055+0000][info][gc,task      ] GC(154) Using 2 workers of 2 for evacuation
[2020-10-31T07:43:02.179+0000][info][gc,phases    ] GC(154)   Pre Evacuate Collection Set: 0.6ms
[2020-10-31T07:43:02.179+0000][info][gc,phases    ] GC(154)   Evacuate Collection Set: 92.1ms
[2020-10-31T07:43:02.179+0000][info][gc,phases    ] GC(154)   Post Evacuate Collection Set: 30.9ms
[2020-10-31T07:43:02.179+0000][info][gc,phases    ] GC(154)   Other: 0.5ms
[2020-10-31T07:43:02.179+0000][info][gc,heap      ] GC(154) Eden regions: 1676->0(1676)
[2020-10-31T07:43:02.179+0000][info][gc,heap      ] GC(154) Survivor regions: 13->13(212)
[2020-10-31T07:43:02.179+0000][info][gc,heap      ] GC(154) Old regions: 3->3
[2020-10-31T07:43:02.179+0000][info][gc,heap      ] GC(154) Archive regions: 2->2
[2020-10-31T07:43:02.179+0000][info][gc,heap      ] GC(154) Humongous regions: 0->0
[2020-10-31T07:43:02.179+0000][info][gc,metaspace ] GC(154) Metaspace: 13732K->13732K(1062912K)
[2020-10-31T07:43:02.179+0000][info][gc           ] GC(154) Pause Young (Normal) (G1 Evacuation Pause) 3383M->31M(5632M) 124.189ms
[2020-10-31T07:43:02.179+0000][info][gc,cpu       ] GC(154) User=0.24s Sys=0.00s Real=0.12s
[2020-10-31T07:43:02.179+0000][info][safepoint    ] Safepoint "G1CollectForAllocation", Time since last: 656265332 ns, Reaching safepoint: 48747 ns, At safepoint: 124265137 ns, Total: 124313884 ns
[2020-10-31T07:43:03.179+0000][info][safepoint    ] Safepoint "Cleanup", Time since last: 1000082697 ns, Reaching safepoint: 142017 ns, At safepoint: 6245 ns, Total: 148262 ns
[2020-10-31T07:43:04.179+0000][info][safepoint    ] Safepoint "Cleanup", Time since last: 1000112006 ns, Reaching safepoint: 128305 ns, At safepoint: 5419 ns, Total: 133724 ns
[2020-10-31T07:43:05.179+0000][info][safepoint    ] Safepoint "Cleanup", Time since last: 1000117048 ns, Reaching safepoint: 59445 ns, At safepoint: 3774 ns, Total: 63219 ns
[2020-10-31T07:43:06.180+0000][info][safepoint    ] Safepoint "Cleanup", Time since last: 1000111181 ns, Reaching safepoint: 130502 ns, At safepoint: 5923 ns, Total: 136425 ns
[2020-10-31T07:43:07.180+0000][info][safepoint    ] Safepoint "Cleanup", Time since last: 1000114056 ns, Reaching safepoint: 128266 ns, At safepoint: 5522 ns, Total: 133788 ns
[2020-10-31T07:43:08.180+0000][info][safepoint    ] Safepoint "Cleanup", Time since last: 1000112102 ns, Reaching safepoint: 127952 ns, At safepoint: 6648 ns, Total: 134600 ns
[2020-10-31T07:43:09.180+0000][info][safepoint    ] Safepoint "Cleanup", Time since last: 1000109274 ns, Reaching safepoint: 137313 ns, At safepoint: 3286 ns, Total: 140599 ns
[2020-10-31T07:43:10.181+0000][info][safepoint    ] Safepoint "Cleanup", Time since last: 1000077451 ns, Reaching safepoint: 52514 ns, At safepoint: 2429 ns, Total: 54943 ns
[2020-10-31T07:43:11.181+0000][info][safepoint    ] Safepoint "Cleanup", Time since last: 1000104895 ns, Reaching safepoint: 136546 ns, At safepoint: 3333 ns, Total: 139879 ns
[2020-10-31T07:43:12.181+0000][info][safepoint    ] Safepoint "Cleanup", Time since last: 1000108339 ns, Reaching safepoint: 137810 ns, At safepoint: 3744 ns, Total: 141554 ns
[2020-10-31T07:43:12.824+0000][info][gc,start     ] GC(155) Pause Young (Normal) (G1 Evacuation Pause)
[2020-10-31T07:43:12.824+0000][info][gc,task      ] GC(155) Using 2 workers of 2 for evacuation
[2020-10-31T07:43:12.955+0000][info][gc,phases    ] GC(155)   Pre Evacuate Collection Set: 0.6ms
[2020-10-31T07:43:12.955+0000][info][gc,phases    ] GC(155)   Evacuate Collection Set: 99.9ms
[2020-10-31T07:43:12.955+0000][info][gc,phases    ] GC(155)   Post Evacuate Collection Set: 30.2ms
[2020-10-31T07:43:12.955+0000][info][gc,phases    ] GC(155)   Other: 0.5ms
[2020-10-31T07:43:12.955+0000][info][gc,heap      ] GC(155) Eden regions: 1676->0(1676)
[2020-10-31T07:43:12.955+0000][info][gc,heap      ] GC(155) Survivor regions: 13->13(212)
[2020-10-31T07:43:12.955+0000][info][gc,heap      ] GC(155) Old regions: 3->3
[2020-10-31T07:43:12.955+0000][info][gc,heap      ] GC(155) Archive regions: 2->2
[2020-10-31T07:43:12.955+0000][info][gc,heap      ] GC(155) Humongous regions: 0->0
[2020-10-31T07:43:12.955+0000][info][gc,metaspace ] GC(155) Metaspace: 13732K->13732K(1062912K)
[2020-10-31T07:43:12.955+0000][info][gc           ] GC(155) Pause Young (Normal) (G1 Evacuation Pause) 3383M->31M(5632M) 131.287ms
[2020-10-31T07:43:12.955+0000][info][gc,cpu       ] GC(155) User=0.23s Sys=0.00s Real=0.14s
[2020-10-31T07:43:12.955+0000][info][safepoint    ] Safepoint "G1CollectForAllocation", Time since last: 642337063 ns, Reaching safepoint: 62534 ns, At safepoint: 131342818 ns, Total: 131405352 ns
[2020-10-31T07:43:13.955+0000][info][safepoint    ] Safepoint "Cleanup", Time since last: 1000085340 ns, Reaching safepoint: 62335 ns, At safepoint: 4210 ns, Total: 66545 ns
[2020-10-31T07:43:14.955+0000][info][safepoint    ] Safepoint "Cleanup", Time since last: 1000114841 ns, Reaching safepoint: 60960 ns, At safepoint: 4210 ns, Total: 65170 ns
[2020-10-31T07:43:15.955+0000][info][safepoint    ] Safepoint "Cleanup", Time since last: 1000110872 ns, Reaching safepoint: 131082 ns, At safepoint: 6353 ns, Total: 137435 ns
[2020-10-31T07:43:16.956+0000][info][safepoint    ] Safepoint "Cleanup", Time since last: 1000125824 ns, Reaching safepoint: 128341 ns, At safepoint: 5415 ns, Total: 133756 ns
[2020-10-31T07:43:17.956+0000][info][safepoint    ] Safepoint "Cleanup", Time since last: 1000108870 ns, Reaching safepoint: 59134 ns, At safepoint: 5612 ns, Total: 64746 ns
[2020-10-31T07:43:18.956+0000][info][safepoint    ] Safepoint "Cleanup", Time since last: 1000109131 ns, Reaching safepoint: 141056 ns, At safepoint: 3552 ns, Total: 144608 ns
[2020-10-31T07:43:19.956+0000][info][safepoint    ] Safepoint "Cleanup", Time since last: 1000110343 ns, Reaching safepoint: 148713 ns, At safepoint: 5848 ns, Total: 154561 ns
[2020-10-31T07:43:20.957+0000][info][safepoint    ] Safepoint "Cleanup", Time since last: 1000103946 ns, Reaching safepoint: 127036 ns, At safepoint: 5328 ns, Total: 132364 ns
[2020-10-31T07:43:21.957+0000][info][safepoint    ] Safepoint "Cleanup", Time since last: 1000109018 ns, Reaching safepoint: 121716 ns, At safepoint: 6315 ns, Total: 128031 ns
[2020-10-31T07:43:22.957+0000][info][safepoint    ] Safepoint "Cleanup", Time since last: 1000109331 ns, Reaching safepoint: 140349 ns, At safepoint: 3530 ns, Total: 143879 ns
[2020-10-31T07:43:23.597+0000][info][gc,start     ] GC(156) Pause Young (Normal) (G1 Evacuation Pause)
[2020-10-31T07:43:23.597+0000][info][gc,task      ] GC(156) Using 2 workers of 2 for evacuation
[2020-10-31T07:43:23.722+0000][info][gc,phases    ] GC(156)   Pre Evacuate Collection Set: 0.6ms
[2020-10-31T07:43:23.722+0000][info][gc,phases    ] GC(156)   Evacuate Collection Set: 95.8ms
[2020-10-31T07:43:23.722+0000][info][gc,phases    ] GC(156)   Post Evacuate Collection Set: 28.5ms
[2020-10-31T07:43:23.723+0000][info][gc,phases    ] GC(156)   Other: 0.5ms
[2020-10-31T07:43:23.723+0000][info][gc,heap      ] GC(156) Eden regions: 1676->0(1677)
[2020-10-31T07:43:23.723+0000][info][gc,heap      ] GC(156) Survivor regions: 13->12(212)
[2020-10-31T07:43:23.723+0000][info][gc,heap      ] GC(156) Old regions: 3->3
[2020-10-31T07:43:23.723+0000][info][gc,heap      ] GC(156) Archive regions: 2->2
[2020-10-31T07:43:23.723+0000][info][gc,heap      ] GC(156) Humongous regions: 0->0
[2020-10-31T07:43:23.723+0000][info][gc,metaspace ] GC(156) Metaspace: 13732K->13732K(1062912K)
[2020-10-31T07:43:23.723+0000][info][gc           ] GC(156) Pause Young (Normal) (G1 Evacuation Pause) 3383M->30M(5632M) 125.388ms
[2020-10-31T07:43:23.723+0000][info][gc,cpu       ] GC(156) User=0.23s Sys=0.00s Real=0.12s
[2020-10-31T07:43:23.723+0000][info][safepoint    ] Safepoint "G1CollectForAllocation", Time since last: 640005347 ns, Reaching safepoint: 52252 ns, At safepoint: 125440771 ns, Total: 125493023 ns
[2020-10-31T07:43:24.723+0000][info][safepoint    ] Safepoint "Cleanup", Time since last: 1000087421 ns, Reaching safepoint: 65599 ns, At safepoint: 7731 ns, Total: 73330 ns
[2020-10-31T07:43:25.723+0000][info][safepoint    ] Safepoint "Cleanup", Time since last: 1000107595 ns, Reaching safepoint: 131134 ns, At safepoint: 6237 ns, Total: 137371 ns
[2020-10-31T07:43:26.723+0000][info][safepoint    ] Safepoint "Cleanup", Time since last: 1000108619 ns, Reaching safepoint: 125463 ns, At safepoint: 6643 ns, Total: 132106 ns
[2020-10-31T07:43:27.723+0000][info][safepoint    ] Safepoint "Cleanup", Time since last: 1000108522 ns, Reaching safepoint: 131150 ns, At safepoint: 5437 ns, Total: 136587 ns
[2020-10-31T07:43:28.724+0000][info][safepoint    ] Safepoint "Cleanup", Time since last: 1000111660 ns, Reaching safepoint: 47564 ns, At safepoint: 1942 ns, Total: 49506 ns
[2020-10-31T07:43:29.724+0000][info][safepoint    ] Safepoint "Cleanup", Time since last: 1000101247 ns, Reaching safepoint: 136885 ns, At safepoint: 3497 ns, Total: 140382 ns
[2020-10-31T07:43:30.724+0000][info][safepoint    ] Safepoint "Cleanup", Time since last: 1000106655 ns, Reaching safepoint: 68966 ns, At safepoint: 6245 ns, Total: 75211 ns
[2020-10-31T07:43:31.724+0000][info][safepoint    ] Safepoint "Cleanup", Time since last: 1000108004 ns, Reaching safepoint: 66871 ns, At safepoint: 4633 ns, Total: 71504 ns
[2020-10-31T07:43:32.725+0000][info][safepoint    ] Safepoint "Cleanup", Time since last: 1000122415 ns, Reaching safepoint: 129347 ns, At safepoint: 6376 ns, Total: 135723 ns
[2020-10-31T07:43:33.725+0000][info][safepoint    ] Safepoint "Cleanup", Time since last: 1000123394 ns, Reaching safepoint: 131404 ns, At safepoint: 6851 ns, Total: 138255 ns
[2020-10-31T07:43:34.281+0000][info][gc,start     ] GC(157) Pause Young (Normal) (G1 Evacuation Pause)
[2020-10-31T07:43:34.281+0000][info][gc,task      ] GC(157) Using 2 workers of 2 for evacuation
[2020-10-31T07:43:34.402+0000][info][gc,phases    ] GC(157)   Pre Evacuate Collection Set: 0.5ms
[2020-10-31T07:43:34.402+0000][info][gc,phases    ] GC(157)   Evacuate Collection Set: 90.9ms
[2020-10-31T07:43:34.402+0000][info][gc,phases    ] GC(157)   Post Evacuate Collection Set: 28.9ms
[2020-10-31T07:43:34.402+0000][info][gc,phases    ] GC(157)   Other: 0.5ms
[2020-10-31T07:43:34.402+0000][info][gc,heap      ] GC(157) Eden regions: 1677->0(1677)
[2020-10-31T07:43:34.402+0000][info][gc,heap      ] GC(157) Survivor regions: 12->12(212)
[2020-10-31T07:43:34.402+0000][info][gc,heap      ] GC(157) Old regions: 3->3
[2020-10-31T07:43:34.402+0000][info][gc,heap      ] GC(157) Archive regions: 2->2
[2020-10-31T07:43:34.402+0000][info][gc,heap      ] GC(157) Humongous regions: 0->0
[2020-10-31T07:43:34.402+0000][info][gc,metaspace ] GC(157) Metaspace: 13732K->13732K(1062912K)
[2020-10-31T07:43:34.402+0000][info][gc           ] GC(157) Pause Young (Normal) (G1 Evacuation Pause) 3384M->30M(5632M) 120.928ms
[2020-10-31T07:43:34.402+0000][info][gc,cpu       ] GC(157) User=0.24s Sys=0.00s Real=0.12s
[2020-10-31T07:43:34.402+0000][info][safepoint    ] Safepoint "G1CollectForAllocation", Time since last: 556401158 ns, Reaching safepoint: 49633 ns, At safepoint: 120989046 ns, Total: 121038679 ns
[2020-10-31T07:43:35.402+0000][info][safepoint    ] Safepoint "Cleanup", Time since last: 1000081686 ns, Reaching safepoint: 134891 ns, At safepoint: 3956 ns, Total: 138847 ns
[2020-10-31T07:43:36.403+0000][info][safepoint    ] Safepoint "Cleanup", Time since last: 1000115086 ns, Reaching safepoint: 130854 ns, At safepoint: 6062 ns, Total: 136916 ns
[2020-10-31T07:43:37.403+0000][info][safepoint    ] Safepoint "Cleanup", Time since last: 1000112215 ns, Reaching safepoint: 133729 ns, At safepoint: 7337 ns, Total: 141066 ns
[2020-10-31T07:43:38.403+0000][info][safepoint    ] Safepoint "Cleanup", Time since last: 1000111213 ns, Reaching safepoint: 129136 ns, At safepoint: 5752 ns, Total: 134888 ns
[2020-10-31T07:43:39.403+0000][info][safepoint    ] Safepoint "Cleanup", Time since last: 1000108901 ns, Reaching safepoint: 50896 ns, At safepoint: 2379 ns, Total: 53275 ns
[2020-10-31T07:43:40.404+0000][info][safepoint    ] Safepoint "Cleanup", Time since last: 1000102294 ns, Reaching safepoint: 125347 ns, At safepoint: 6054 ns, Total: 131401 ns
[2020-10-31T07:43:41.404+0000][info][safepoint    ] Safepoint "Cleanup", Time since last: 1000112099 ns, Reaching safepoint: 126628 ns, At safepoint: 5244 ns, Total: 131872 ns
[2020-10-31T07:43:42.404+0000][info][safepoint    ] Safepoint "Cleanup", Time since last: 1000108218 ns, Reaching safepoint: 129155 ns, At safepoint: 5910 ns, Total: 135065 ns
[2020-10-31T07:43:43.404+0000][info][safepoint    ] Safepoint "Cleanup", Time since last: 1000109754 ns, Reaching safepoint: 119680 ns, At safepoint: 5315 ns, Total: 124995 ns
[2020-10-31T07:43:44.405+0000][info][safepoint    ] Safepoint "Cleanup", Time since last: 1000105062 ns, Reaching safepoint: 139460 ns, At safepoint: 7092 ns, Total: 146552 ns
[2020-10-31T07:43:44.972+0000][info][gc,start     ] GC(158) Pause Young (Normal) (G1 Evacuation Pause)
[2020-10-31T07:43:44.972+0000][info][gc,task      ] GC(158) Using 2 workers of 2 for evacuation
[2020-10-31T07:43:45.094+0000][info][gc,phases    ] GC(158)   Pre Evacuate Collection Set: 0.6ms
[2020-10-31T07:43:45.094+0000][info][gc,phases    ] GC(158)   Evacuate Collection Set: 91.9ms
[2020-10-31T07:43:45.094+0000][info][gc,phases    ] GC(158)   Post Evacuate Collection Set: 29.3ms
[2020-10-31T07:43:45.094+0000][info][gc,phases    ] GC(158)   Other: 0.5ms
[2020-10-31T07:43:45.094+0000][info][gc,heap      ] GC(158) Eden regions: 1677->0(1676)
[2020-10-31T07:43:45.094+0000][info][gc,heap      ] GC(158) Survivor regions: 12->13(212)
[2020-10-31T07:43:45.094+0000][info][gc,heap      ] GC(158) Old regions: 3->3
[2020-10-31T07:43:45.094+0000][info][gc,heap      ] GC(158) Archive regions: 2->2
[2020-10-31T07:43:45.094+0000][info][gc,heap      ] GC(158) Humongous regions: 0->0
[2020-10-31T07:43:45.094+0000][info][gc,metaspace ] GC(158) Metaspace: 13732K->13732K(1062912K)
[2020-10-31T07:43:45.094+0000][info][gc           ] GC(158) Pause Young (Normal) (G1 Evacuation Pause) 3384M->31M(5632M) 122.316ms
[2020-10-31T07:43:45.094+0000][info][gc,cpu       ] GC(158) User=0.23s Sys=0.00s Real=0.13s
[2020-10-31T07:43:45.094+0000][info][safepoint    ] Safepoint "G1CollectForAllocation", Time since last: 567435666 ns, Reaching safepoint: 53841 ns, At safepoint: 122371899 ns, Total: 122425740 ns
[2020-10-31T07:43:46.095+0000][info][safepoint    ] Safepoint "Cleanup", Time since last: 1000085751 ns, Reaching safepoint: 128132 ns, At safepoint: 6303 ns, Total: 134435 ns
[2020-10-31T07:43:47.095+0000][info][safepoint    ] Safepoint "Cleanup", Time since last: 1000108057 ns, Reaching safepoint: 131355 ns, At safepoint: 6644 ns, Total: 137999 ns
[2020-10-31T07:43:48.095+0000][info][safepoint    ] Safepoint "Cleanup", Time since last: 1000108580 ns, Reaching safepoint: 138824 ns, At safepoint: 3928 ns, Total: 142752 ns
[2020-10-31T07:43:49.095+0000][info][safepoint    ] Safepoint "Cleanup", Time since last: 1000109440 ns, Reaching safepoint: 130801 ns, At safepoint: 5680 ns, Total: 136481 ns
[2020-10-31T07:43:50.096+0000][info][safepoint    ] Safepoint "Cleanup", Time since last: 1000112523 ns, Reaching safepoint: 128258 ns, At safepoint: 7107 ns, Total: 135365 ns
[2020-10-31T07:43:51.096+0000][info][safepoint    ] Safepoint "Cleanup", Time since last: 1000111057 ns, Reaching safepoint: 124764 ns, At safepoint: 5622 ns, Total: 130386 ns
[2020-10-31T07:43:52.096+0000][info][safepoint    ] Safepoint "Cleanup", Time since last: 1000106980 ns, Reaching safepoint: 128667 ns, At safepoint: 6532 ns, Total: 135199 ns
[2020-10-31T07:43:53.096+0000][info][safepoint    ] Safepoint "Cleanup", Time since last: 1000109067 ns, Reaching safepoint: 131768 ns, At safepoint: 5979 ns, Total: 137747 ns
[2020-10-31T07:43:54.097+0000][info][safepoint    ] Safepoint "Cleanup", Time since last: 1000108445 ns, Reaching safepoint: 131342 ns, At safepoint: 6750 ns, Total: 138092 ns
[2020-10-31T07:43:55.097+0000][info][safepoint    ] Safepoint "Cleanup", Time since last: 1000109081 ns, Reaching safepoint: 126915 ns, At safepoint: 6556 ns, Total: 133471 ns
[2020-10-31T07:43:55.657+0000][info][gc,start     ] GC(159) Pause Young (Normal) (G1 Evacuation Pause)
[2020-10-31T07:43:55.657+0000][info][gc,task      ] GC(159) Using 2 workers of 2 for evacuation
[2020-10-31T07:43:55.779+0000][info][gc,phases    ] GC(159)   Pre Evacuate Collection Set: 0.6ms
[2020-10-31T07:43:55.779+0000][info][gc,phases    ] GC(159)   Evacuate Collection Set: 92.2ms
[2020-10-31T07:43:55.779+0000][info][gc,phases    ] GC(159)   Post Evacuate Collection Set: 28.8ms
[2020-10-31T07:43:55.779+0000][info][gc,phases    ] GC(159)   Other: 0.5ms
[2020-10-31T07:43:55.779+0000][info][gc,heap      ] GC(159) Eden regions: 1676->0(1677)
[2020-10-31T07:43:55.779+0000][info][gc,heap      ] GC(159) Survivor regions: 13->12(212)
[2020-10-31T07:43:55.779+0000][info][gc,heap      ] GC(159) Old regions: 3->3
[2020-10-31T07:43:55.779+0000][info][gc,heap      ] GC(159) Archive regions: 2->2
[2020-10-31T07:43:55.779+0000][info][gc,heap      ] GC(159) Humongous regions: 0->0
[2020-10-31T07:43:55.779+0000][info][gc,metaspace ] GC(159) Metaspace: 13732K->13732K(1062912K)
[2020-10-31T07:43:55.779+0000][info][gc           ] GC(159) Pause Young (Normal) (G1 Evacuation Pause) 3383M->30M(5632M) 122.159ms
[2020-10-31T07:43:55.779+0000][info][gc,cpu       ] GC(159) User=0.24s Sys=0.00s Real=0.12s
[2020-10-31T07:43:55.779+0000][info][safepoint    ] Safepoint "G1CollectForAllocation", Time since last: 559889301 ns, Reaching safepoint: 54343 ns, At safepoint: 122236005 ns, Total: 122290348 ns
[2020-10-31T07:43:56.779+0000][info][safepoint    ] Safepoint "Cleanup", Time since last: 1000084606 ns, Reaching safepoint: 58371 ns, At safepoint: 3876 ns, Total: 62247 ns
[2020-10-31T07:43:57.779+0000][info][safepoint    ] Safepoint "Cleanup", Time since last: 1000108625 ns, Reaching safepoint: 131292 ns, At safepoint: 6940 ns, Total: 138232 ns
[2020-10-31T07:43:58.780+0000][info][safepoint    ] Safepoint "Cleanup", Time since last: 1000110638 ns, Reaching safepoint: 62002 ns, At safepoint: 3765 ns, Total: 65767 ns
[2020-10-31T07:43:59.780+0000][info][safepoint    ] Safepoint "Cleanup", Time since last: 1000110539 ns, Reaching safepoint: 139494 ns, At safepoint: 3129 ns, Total: 142623 ns
[2020-10-31T07:44:00.780+0000][info][safepoint    ] Safepoint "Cleanup", Time since last: 1000106568 ns, Reaching safepoint: 50519 ns, At safepoint: 1924 ns, Total: 52443 ns
[2020-10-31T07:44:01.780+0000][info][safepoint    ] Safepoint "Cleanup", Time since last: 1000104787 ns, Reaching safepoint: 131674 ns, At safepoint: 5454 ns, Total: 137128 ns
[2020-10-31T07:44:02.780+0000][info][safepoint    ] Safepoint "Cleanup", Time since last: 1000111210 ns, Reaching safepoint: 144681 ns, At safepoint: 3514 ns, Total: 148195 ns
[2020-10-31T07:44:03.781+0000][info][safepoint    ] Safepoint "Cleanup", Time since last: 1000120260 ns, Reaching safepoint: 63402 ns, At safepoint: 4127 ns, Total: 67529 ns
[2020-10-31T07:44:04.785+0000][info][safepoint    ] Safepoint "Cleanup", Time since last: 1004209997 ns, Reaching safepoint: 49840 ns, At safepoint: 2694 ns, Total: 52534 ns
[2020-10-31T07:44:05.785+0000][info][safepoint    ] Safepoint "Cleanup", Time since last: 1000097540 ns, Reaching safepoint: 142680 ns, At safepoint: 3386 ns, Total: 146066 ns
[2020-10-31T07:44:06.496+0000][info][gc,start     ] GC(160) Pause Young (Normal) (G1 Evacuation Pause)
[2020-10-31T07:44:06.496+0000][info][gc,task      ] GC(160) Using 2 workers of 2 for evacuation
[2020-10-31T07:44:06.626+0000][info][gc,phases    ] GC(160)   Pre Evacuate Collection Set: 0.6ms
[2020-10-31T07:44:06.626+0000][info][gc,phases    ] GC(160)   Evacuate Collection Set: 99.9ms
[2020-10-31T07:44:06.626+0000][info][gc,phases    ] GC(160)   Post Evacuate Collection Set: 29.6ms
[2020-10-31T07:44:06.626+0000][info][gc,phases    ] GC(160)   Other: 0.5ms
[2020-10-31T07:44:06.626+0000][info][gc,heap      ] GC(160) Eden regions: 1677->0(1677)
[2020-10-31T07:44:06.626+0000][info][gc,heap      ] GC(160) Survivor regions: 12->12(212)
[2020-10-31T07:44:06.626+0000][info][gc,heap      ] GC(160) Old regions: 3->3
[2020-10-31T07:44:06.626+0000][info][gc,heap      ] GC(160) Archive regions: 2->2
[2020-10-31T07:44:06.626+0000][info][gc,heap      ] GC(160) Humongous regions: 0->0
[2020-10-31T07:44:06.626+0000][info][gc,metaspace ] GC(160) Metaspace: 13732K->13732K(1062912K)
[2020-10-31T07:44:06.626+0000][info][gc           ] GC(160) Pause Young (Normal) (G1 Evacuation Pause) 3384M->30M(5632M) 130.663ms
[2020-10-31T07:44:06.626+0000][info][gc,cpu       ] GC(160) User=0.22s Sys=0.00s Real=0.13s
[2020-10-31T07:44:06.626+0000][info][safepoint    ] Safepoint "G1CollectForAllocation", Time since last: 710523039 ns, Reaching safepoint: 53548 ns, At safepoint: 130726056 ns, Total: 130779604 ns
[2020-10-31T07:44:07.627+0000][info][safepoint    ] Safepoint "Cleanup", Time since last: 1000084865 ns, Reaching safepoint: 127485 ns, At safepoint: 5977 ns, Total: 133462 ns
[2020-10-31T07:44:08.627+0000][info][safepoint    ] Safepoint "Cleanup", Time since last: 1000112156 ns, Reaching safepoint: 143024 ns, At safepoint: 3377 ns, Total: 146401 ns
[2020-10-31T07:44:09.627+0000][info][safepoint    ] Safepoint "Cleanup", Time since last: 1000112795 ns, Reaching safepoint: 139044 ns, At safepoint: 8015 ns, Total: 147059 ns
[2020-10-31T07:44:10.627+0000][info][safepoint    ] Safepoint "Cleanup", Time since last: 1000126736 ns, Reaching safepoint: 62731 ns, At safepoint: 4313 ns, Total: 67044 ns
[2020-10-31T07:44:11.628+0000][info][safepoint    ] Safepoint "Cleanup", Time since last: 1000110100 ns, Reaching safepoint: 124891 ns, At safepoint: 6128 ns, Total: 131019 ns
[2020-10-31T07:44:12.628+0000][info][safepoint    ] Safepoint "Cleanup", Time since last: 1000110011 ns, Reaching safepoint: 130732 ns, At safepoint: 7463 ns, Total: 138195 ns
[2020-10-31T07:44:13.628+0000][info][safepoint    ] Safepoint "Cleanup", Time since last: 1000109660 ns, Reaching safepoint: 127272 ns, At safepoint: 6461 ns, Total: 133733 ns
[2020-10-31T07:44:14.628+0000][info][safepoint    ] Safepoint "Cleanup", Time since last: 1000107575 ns, Reaching safepoint: 138167 ns, At safepoint: 3012 ns, Total: 141179 ns
[2020-10-31T07:44:15.629+0000][info][safepoint    ] Safepoint "Cleanup", Time since last: 1000106497 ns, Reaching safepoint: 137134 ns, At safepoint: 5614 ns, Total: 142748 ns
[2020-10-31T07:44:16.629+0000][info][safepoint    ] Safepoint "Cleanup", Time since last: 1000108284 ns, Reaching safepoint: 144975 ns, At safepoint: 5845 ns, Total: 150820 ns
[2020-10-31T07:44:17.211+0000][info][gc,start     ] GC(161) Pause Young (Normal) (G1 Evacuation Pause)
[2020-10-31T07:44:17.211+0000][info][gc,task      ] GC(161) Using 2 workers of 2 for evacuation
[2020-10-31T07:44:17.334+0000][info][gc,phases    ] GC(161)   Pre Evacuate Collection Set: 0.6ms
[2020-10-31T07:44:17.334+0000][info][gc,phases    ] GC(161)   Evacuate Collection Set: 91.1ms
[2020-10-31T07:44:17.334+0000][info][gc,phases    ] GC(161)   Post Evacuate Collection Set: 31.0ms
[2020-10-31T07:44:17.334+0000][info][gc,phases    ] GC(161)   Other: 0.5ms
[2020-10-31T07:44:17.335+0000][info][gc,heap      ] GC(161) Eden regions: 1677->0(1676)
[2020-10-31T07:44:17.335+0000][info][gc,heap      ] GC(161) Survivor regions: 12->13(212)
[2020-10-31T07:44:17.335+0000][info][gc,heap      ] GC(161) Old regions: 3->3
[2020-10-31T07:44:17.335+0000][info][gc,heap      ] GC(161) Archive regions: 2->2
[2020-10-31T07:44:17.335+0000][info][gc,heap      ] GC(161) Humongous regions: 0->0
[2020-10-31T07:44:17.335+0000][info][gc,metaspace ] GC(161) Metaspace: 13732K->13732K(1062912K)
[2020-10-31T07:44:17.335+0000][info][gc           ] GC(161) Pause Young (Normal) (G1 Evacuation Pause) 3384M->31M(5632M) 123.236ms
[2020-10-31T07:44:17.335+0000][info][gc,cpu       ] GC(161) User=0.24s Sys=0.00s Real=0.13s
[2020-10-31T07:44:17.335+0000][info][safepoint    ] Safepoint "G1CollectForAllocation", Time since last: 582323056 ns, Reaching safepoint: 52282 ns, At safepoint: 123289788 ns, Total: 123342070 ns
[2020-10-31T07:44:18.335+0000][info][safepoint    ] Safepoint "Cleanup", Time since last: 1000082970 ns, Reaching safepoint: 142577 ns, At safepoint: 5689 ns, Total: 148266 ns
[2020-10-31T07:44:19.335+0000][info][safepoint    ] Safepoint "Cleanup", Time since last: 1000109413 ns, Reaching safepoint: 135093 ns, At safepoint: 3303 ns, Total: 138396 ns
[2020-10-31T07:44:20.335+0000][info][safepoint    ] Safepoint "Cleanup", Time since last: 1000110226 ns, Reaching safepoint: 52604 ns, At safepoint: 7729 ns, Total: 60333 ns
[2020-10-31T07:44:21.335+0000][info][safepoint    ] Safepoint "Cleanup", Time since last: 1000112720 ns, Reaching safepoint: 128194 ns, At safepoint: 6459 ns, Total: 134653 ns
[2020-10-31T07:44:22.336+0000][info][safepoint    ] Safepoint "Cleanup", Time since last: 1000113742 ns, Reaching safepoint: 127027 ns, At safepoint: 6934 ns, Total: 133961 ns
[2020-10-31T07:44:23.336+0000][info][safepoint    ] Safepoint "Cleanup", Time since last: 1000110091 ns, Reaching safepoint: 123125 ns, At safepoint: 5252 ns, Total: 128377 ns
[2020-10-31T07:44:24.336+0000][info][safepoint    ] Safepoint "Cleanup", Time since last: 1000110337 ns, Reaching safepoint: 47309 ns, At safepoint: 1776 ns, Total: 49085 ns
[2020-10-31T07:44:25.336+0000][info][safepoint    ] Safepoint "Cleanup", Time since last: 1000103067 ns, Reaching safepoint: 131823 ns, At safepoint: 7617 ns, Total: 139440 ns
[2020-10-31T07:44:26.337+0000][info][safepoint    ] Safepoint "Cleanup", Time since last: 1000125463 ns, Reaching safepoint: 123666 ns, At safepoint: 5209 ns, Total: 128875 ns
[2020-10-31T07:44:27.337+0000][info][safepoint    ] Safepoint "Cleanup", Time since last: 1000111130 ns, Reaching safepoint: 122173 ns, At safepoint: 7143 ns, Total: 129316 ns
[2020-10-31T07:44:27.948+0000][info][gc,start     ] GC(162) Pause Young (Normal) (G1 Evacuation Pause)
[2020-10-31T07:44:27.948+0000][info][gc,task      ] GC(162) Using 2 workers of 2 for evacuation
[2020-10-31T07:44:28.071+0000][info][gc,phases    ] GC(162)   Pre Evacuate Collection Set: 0.6ms
[2020-10-31T07:44:28.071+0000][info][gc,phases    ] GC(162)   Evacuate Collection Set: 91.8ms
[2020-10-31T07:44:28.071+0000][info][gc,phases    ] GC(162)   Post Evacuate Collection Set: 30.0ms
[2020-10-31T07:44:28.071+0000][info][gc,phases    ] GC(162)   Other: 0.5ms
[2020-10-31T07:44:28.071+0000][info][gc,heap      ] GC(162) Eden regions: 1676->0(1677)
[2020-10-31T07:44:28.071+0000][info][gc,heap      ] GC(162) Survivor regions: 13->12(212)
[2020-10-31T07:44:28.071+0000][info][gc,heap      ] GC(162) Old regions: 3->3
[2020-10-31T07:44:28.071+0000][info][gc,heap      ] GC(162) Archive regions: 2->2
[2020-10-31T07:44:28.071+0000][info][gc,heap      ] GC(162) Humongous regions: 0->0
[2020-10-31T07:44:28.071+0000][info][gc,metaspace ] GC(162) Metaspace: 13732K->13732K(1062912K)
[2020-10-31T07:44:28.071+0000][info][gc           ] GC(162) Pause Young (Normal) (G1 Evacuation Pause) 3383M->30M(5632M) 123.019ms
[2020-10-31T07:44:28.071+0000][info][gc,cpu       ] GC(162) User=0.24s Sys=0.00s Real=0.12s
[2020-10-31T07:44:28.071+0000][info][safepoint    ] Safepoint "G1CollectForAllocation", Time since last: 611107410 ns, Reaching safepoint: 49710 ns, At safepoint: 123082694 ns, Total: 123132404 ns
[2020-10-31T07:44:29.071+0000][info][safepoint    ] Safepoint "Cleanup", Time since last: 1000084939 ns, Reaching safepoint: 126931 ns, At safepoint: 6265 ns, Total: 133196 ns
[2020-10-31T07:44:30.072+0000][info][safepoint    ] Safepoint "Cleanup", Time since last: 1000112352 ns, Reaching safepoint: 65681 ns, At safepoint: 4445 ns, Total: 70126 ns
[2020-10-31T07:44:31.072+0000][info][safepoint    ] Safepoint "Cleanup", Time since last: 1000106034 ns, Reaching safepoint: 128029 ns, At safepoint: 5737 ns, Total: 133766 ns
[2020-10-31T07:44:32.072+0000][info][safepoint    ] Safepoint "Cleanup", Time since last: 1000109444 ns, Reaching safepoint: 140268 ns, At safepoint: 5575 ns, Total: 145843 ns
[2020-10-31T07:44:33.072+0000][info][safepoint    ] Safepoint "Cleanup", Time since last: 1000115372 ns, Reaching safepoint: 59817 ns, At safepoint: 6478 ns, Total: 66295 ns
[2020-10-31T07:44:34.072+0000][info][safepoint    ] Safepoint "Cleanup", Time since last: 1000113871 ns, Reaching safepoint: 49385 ns, At safepoint: 2225 ns, Total: 51610 ns
[2020-10-31T07:44:35.073+0000][info][safepoint    ] Safepoint "Cleanup", Time since last: 1000109446 ns, Reaching safepoint: 49896 ns, At safepoint: 2098 ns, Total: 51994 ns
[2020-10-31T07:44:36.073+0000][info][safepoint    ] Safepoint "Cleanup", Time since last: 1000114141 ns, Reaching safepoint: 46870 ns, At safepoint: 1710 ns, Total: 48580 ns
[2020-10-31T07:44:37.073+0000][info][safepoint    ] Safepoint "Cleanup", Time since last: 1000104810 ns, Reaching safepoint: 140340 ns, At safepoint: 3612 ns, Total: 143952 ns
[2020-10-31T07:44:38.073+0000][info][safepoint    ] Safepoint "Cleanup", Time since last: 1000106917 ns, Reaching safepoint: 72670 ns, At safepoint: 4770 ns, Total: 77440 ns
[2020-10-31T07:44:38.640+0000][info][gc,start     ] GC(163) Pause Young (Normal) (G1 Evacuation Pause)
[2020-10-31T07:44:38.640+0000][info][gc,task      ] GC(163) Using 2 workers of 2 for evacuation
[2020-10-31T07:44:38.762+0000][info][gc,phases    ] GC(163)   Pre Evacuate Collection Set: 0.6ms
[2020-10-31T07:44:38.762+0000][info][gc,phases    ] GC(163)   Evacuate Collection Set: 90.6ms
[2020-10-31T07:44:38.762+0000][info][gc,phases    ] GC(163)   Post Evacuate Collection Set: 30.7ms
[2020-10-31T07:44:38.762+0000][info][gc,phases    ] GC(163)   Other: 0.5ms
[2020-10-31T07:44:38.762+0000][info][gc,heap      ] GC(163) Eden regions: 1677->0(1677)
[2020-10-31T07:44:38.762+0000][info][gc,heap      ] GC(163) Survivor regions: 12->12(212)
[2020-10-31T07:44:38.762+0000][info][gc,heap      ] GC(163) Old regions: 3->3
[2020-10-31T07:44:38.762+0000][info][gc,heap      ] GC(163) Archive regions: 2->2
[2020-10-31T07:44:38.762+0000][info][gc,heap      ] GC(163) Humongous regions: 0->0
[2020-10-31T07:44:38.762+0000][info][gc,metaspace ] GC(163) Metaspace: 13747K->13747K(1062912K)
[2020-10-31T07:44:38.762+0000][info][gc           ] GC(163) Pause Young (Normal) (G1 Evacuation Pause) 3384M->30M(5632M) 122.472ms
[2020-10-31T07:44:38.762+0000][info][gc,cpu       ] GC(163) User=0.24s Sys=0.00s Real=0.12s
[2020-10-31T07:44:38.762+0000][info][safepoint    ] Safepoint "G1CollectForAllocation", Time since last: 566471533 ns, Reaching safepoint: 55040 ns, At safepoint: 122524946 ns, Total: 122579986 ns
[2020-10-31T07:44:39.762+0000][info][safepoint    ] Safepoint "Cleanup", Time since last: 1000079932 ns, Reaching safepoint: 133818 ns, At safepoint: 4690 ns, Total: 138508 ns
[2020-10-31T07:44:40.763+0000][info][safepoint    ] Safepoint "Cleanup", Time since last: 1000096699 ns, Reaching safepoint: 132282 ns, At safepoint: 5959 ns, Total: 138241 ns
[2020-10-31T07:44:41.763+0000][info][safepoint    ] Safepoint "Cleanup", Time since last: 1000111334 ns, Reaching safepoint: 137603 ns, At safepoint: 3227 ns, Total: 140830 ns
[2020-10-31T07:44:42.763+0000][info][safepoint    ] Safepoint "Cleanup", Time since last: 1000109228 ns, Reaching safepoint: 124481 ns, At safepoint: 5734 ns, Total: 130215 ns
[2020-10-31T07:44:43.763+0000][info][safepoint    ] Safepoint "Cleanup", Time since last: 1000108612 ns, Reaching safepoint: 126321 ns, At safepoint: 5491 ns, Total: 131812 ns
[2020-10-31T07:44:44.764+0000][info][safepoint    ] Safepoint "Cleanup", Time since last: 1000110319 ns, Reaching safepoint: 124412 ns, At safepoint: 5708 ns, Total: 130120 ns
[2020-10-31T07:44:45.764+0000][info][safepoint    ] Safepoint "Cleanup", Time since last: 1000102711 ns, Reaching safepoint: 48040 ns, At safepoint: 1803 ns, Total: 49843 ns
[2020-10-31T07:44:46.764+0000][info][safepoint    ] Safepoint "Cleanup", Time since last: 1000099406 ns, Reaching safepoint: 146824 ns, At safepoint: 5645 ns, Total: 152469 ns
[2020-10-31T07:44:47.764+0000][info][safepoint    ] Safepoint "Cleanup", Time since last: 1000101190 ns, Reaching safepoint: 129937 ns, At safepoint: 5775 ns, Total: 135712 ns
[2020-10-31T07:44:48.764+0000][info][safepoint    ] Safepoint "Cleanup", Time since last: 1000108536 ns, Reaching safepoint: 128789 ns, At safepoint: 6287 ns, Total: 135076 ns
[2020-10-31T07:44:49.334+0000][info][gc,start     ] GC(164) Pause Young (Normal) (G1 Evacuation Pause)
[2020-10-31T07:44:49.334+0000][info][gc,task      ] GC(164) Using 2 workers of 2 for evacuation
[2020-10-31T07:44:49.454+0000][info][gc,phases    ] GC(164)   Pre Evacuate Collection Set: 0.6ms
[2020-10-31T07:44:49.454+0000][info][gc,phases    ] GC(164)   Evacuate Collection Set: 90.7ms
[2020-10-31T07:44:49.454+0000][info][gc,phases    ] GC(164)   Post Evacuate Collection Set: 28.1ms
[2020-10-31T07:44:49.454+0000][info][gc,phases    ] GC(164)   Other: 0.5ms
[2020-10-31T07:44:49.454+0000][info][gc,heap      ] GC(164) Eden regions: 1677->0(1677)
[2020-10-31T07:44:49.454+0000][info][gc,heap      ] GC(164) Survivor regions: 12->12(212)
[2020-10-31T07:44:49.454+0000][info][gc,heap      ] GC(164) Old regions: 3->3
[2020-10-31T07:44:49.454+0000][info][gc,heap      ] GC(164) Archive regions: 2->2
[2020-10-31T07:44:49.454+0000][info][gc,heap      ] GC(164) Humongous regions: 0->0
[2020-10-31T07:44:49.454+0000][info][gc,metaspace ] GC(164) Metaspace: 13747K->13747K(1062912K)
[2020-10-31T07:44:49.454+0000][info][gc           ] GC(164) Pause Young (Normal) (G1 Evacuation Pause) 3384M->30M(5632M) 119.942ms
[2020-10-31T07:44:49.454+0000][info][gc,cpu       ] GC(164) User=0.23s Sys=0.00s Real=0.12s
[2020-10-31T07:44:49.454+0000][info][safepoint    ] Safepoint "G1CollectForAllocation", Time since last: 569476952 ns, Reaching safepoint: 50012 ns, At safepoint: 120014294 ns, Total: 120064306 ns
[2020-10-31T07:44:50.975+0000][info][safepoint    ] Safepoint "Cleanup", Time since last: 1521243812 ns, Reaching safepoint: 133495 ns, At safepoint: 5284 ns, Total: 138779 ns
[2020-10-31T07:44:51.976+0000][info][safepoint    ] Safepoint "Cleanup", Time since last: 1000109498 ns, Reaching safepoint: 129681 ns, At safepoint: 5828 ns, Total: 135509 ns
[2020-10-31T07:44:52.976+0000][info][safepoint    ] Safepoint "Cleanup", Time since last: 1000113604 ns, Reaching safepoint: 144289 ns, At safepoint: 7348 ns, Total: 151637 ns
[2020-10-31T07:44:53.976+0000][info][safepoint    ] Safepoint "Cleanup", Time since last: 1000110129 ns, Reaching safepoint: 136463 ns, At safepoint: 3217 ns, Total: 139680 ns
[2020-10-31T07:44:54.976+0000][info][safepoint    ] Safepoint "Cleanup", Time since last: 1000110796 ns, Reaching safepoint: 67587 ns, At safepoint: 3564 ns, Total: 71151 ns
[2020-10-31T07:44:55.977+0000][info][safepoint    ] Safepoint "Cleanup", Time since last: 1000110418 ns, Reaching safepoint: 61890 ns, At safepoint: 4742 ns, Total: 66632 ns
[2020-10-31T07:44:56.977+0000][info][safepoint    ] Safepoint "Cleanup", Time since last: 1000114671 ns, Reaching safepoint: 140964 ns, At safepoint: 3412 ns, Total: 144376 ns
[2020-10-31T07:44:57.977+0000][info][safepoint    ] Safepoint "Cleanup", Time since last: 1000115901 ns, Reaching safepoint: 140286 ns, At safepoint: 5598 ns, Total: 145884 ns
[2020-10-31T07:44:58.977+0000][info][safepoint    ] Safepoint "Cleanup", Time since last: 1000112519 ns, Reaching safepoint: 141729 ns, At safepoint: 3457 ns, Total: 145186 ns
[2020-10-31T07:44:59.977+0000][info][safepoint    ] Safepoint "Cleanup", Time since last: 1000109777 ns, Reaching safepoint: 60847 ns, At safepoint: 4022 ns, Total: 64869 ns
[2020-10-31T07:45:00.020+0000][info][gc,start     ] GC(165) Pause Young (Normal) (G1 Evacuation Pause)
[2020-10-31T07:45:00.020+0000][info][gc,task      ] GC(165) Using 2 workers of 2 for evacuation
[2020-10-31T07:45:00.143+0000][info][gc,phases    ] GC(165)   Pre Evacuate Collection Set: 0.5ms
[2020-10-31T07:45:00.143+0000][info][gc,phases    ] GC(165)   Evacuate Collection Set: 91.6ms
[2020-10-31T07:45:00.143+0000][info][gc,phases    ] GC(165)   Post Evacuate Collection Set: 30.3ms
[2020-10-31T07:45:00.143+0000][info][gc,phases    ] GC(165)   Other: 0.5ms
[2020-10-31T07:45:00.143+0000][info][gc,heap      ] GC(165) Eden regions: 1677->0(1676)
[2020-10-31T07:45:00.143+0000][info][gc,heap      ] GC(165) Survivor regions: 12->13(212)
[2020-10-31T07:45:00.143+0000][info][gc,heap      ] GC(165) Old regions: 3->3
[2020-10-31T07:45:00.143+0000][info][gc,heap      ] GC(165) Archive regions: 2->2
[2020-10-31T07:45:00.143+0000][info][gc,heap      ] GC(165) Humongous regions: 0->0
[2020-10-31T07:45:00.143+0000][info][gc,metaspace ] GC(165) Metaspace: 13747K->13747K(1062912K)
[2020-10-31T07:45:00.143+0000][info][gc           ] GC(165) Pause Young (Normal) (G1 Evacuation Pause) 3384M->31M(5632M) 123.028ms
[2020-10-31T07:45:00.143+0000][info][gc,cpu       ] GC(165) User=0.24s Sys=0.00s Real=0.12s
[2020-10-31T07:45:00.143+0000][info][safepoint    ] Safepoint "G1CollectForAllocation", Time since last: 42118135 ns, Reaching safepoint: 56143 ns, At safepoint: 123083059 ns, Total: 123139202 ns
[2020-10-31T07:45:01.143+0000][info][safepoint    ] Safepoint "Cleanup", Time since last: 1000085267 ns, Reaching safepoint: 60326 ns, At safepoint: 6746 ns, Total: 67072 ns
[2020-10-31T07:45:02.143+0000][info][safepoint    ] Safepoint "Cleanup", Time since last: 1000111103 ns, Reaching safepoint: 132313 ns, At safepoint: 6646 ns, Total: 138959 ns
[2020-10-31T07:45:03.143+0000][info][safepoint    ] Safepoint "Cleanup", Time since last: 1000109126 ns, Reaching safepoint: 48916 ns, At safepoint: 1840 ns, Total: 50756 ns
[2020-10-31T07:45:04.144+0000][info][safepoint    ] Safepoint "Cleanup", Time since last: 1000103747 ns, Reaching safepoint: 135656 ns, At safepoint: 3212 ns, Total: 138868 ns
[2020-10-31T07:45:05.144+0000][info][safepoint    ] Safepoint "Cleanup", Time since last: 1000127639 ns, Reaching safepoint: 59569 ns, At safepoint: 4118 ns, Total: 63687 ns
[2020-10-31T07:45:06.144+0000][info][safepoint    ] Safepoint "Cleanup", Time since last: 1000109778 ns, Reaching safepoint: 131937 ns, At safepoint: 5703 ns, Total: 137640 ns
[2020-10-31T07:45:07.144+0000][info][safepoint    ] Safepoint "Cleanup", Time since last: 1000114159 ns, Reaching safepoint: 47096 ns, At safepoint: 2003 ns, Total: 49099 ns
[2020-10-31T07:45:08.144+0000][info][safepoint    ] Safepoint "Cleanup", Time since last: 1000104091 ns, Reaching safepoint: 140960 ns, At safepoint: 3436 ns, Total: 144396 ns
[2020-10-31T07:45:09.145+0000][info][safepoint    ] Safepoint "Cleanup", Time since last: 1000112770 ns, Reaching safepoint: 131994 ns, At safepoint: 5413 ns, Total: 137407 ns
[2020-10-31T07:45:10.145+0000][info][safepoint    ] Safepoint "Cleanup", Time since last: 1000111046 ns, Reaching safepoint: 127916 ns, At safepoint: 6278 ns, Total: 134194 ns
[2020-10-31T07:45:10.701+0000][info][gc,start     ] GC(166) Pause Young (Normal) (G1 Evacuation Pause)
[2020-10-31T07:45:10.702+0000][info][gc,task      ] GC(166) Using 2 workers of 2 for evacuation
[2020-10-31T07:45:10.822+0000][info][gc,phases    ] GC(166)   Pre Evacuate Collection Set: 0.6ms
[2020-10-31T07:45:10.822+0000][info][gc,phases    ] GC(166)   Evacuate Collection Set: 90.9ms
[2020-10-31T07:45:10.822+0000][info][gc,phases    ] GC(166)   Post Evacuate Collection Set: 28.9ms
[2020-10-31T07:45:10.822+0000][info][gc,phases    ] GC(166)   Other: 0.5ms
[2020-10-31T07:45:10.822+0000][info][gc,heap      ] GC(166) Eden regions: 1676->0(1677)
[2020-10-31T07:45:10.822+0000][info][gc,heap      ] GC(166) Survivor regions: 13->12(212)
[2020-10-31T07:45:10.822+0000][info][gc,heap      ] GC(166) Old regions: 3->3
[2020-10-31T07:45:10.822+0000][info][gc,heap      ] GC(166) Archive regions: 2->2
[2020-10-31T07:45:10.822+0000][info][gc,heap      ] GC(166) Humongous regions: 0->0
[2020-10-31T07:45:10.822+0000][info][gc,metaspace ] GC(166) Metaspace: 13747K->13747K(1062912K)
[2020-10-31T07:45:10.822+0000][info][gc           ] GC(166) Pause Young (Normal) (G1 Evacuation Pause) 3383M->30M(5632M) 120.971ms
[2020-10-31T07:45:10.822+0000][info][gc,cpu       ] GC(166) User=0.24s Sys=0.00s Real=0.12s
[2020-10-31T07:45:10.822+0000][info][safepoint    ] Safepoint "G1CollectForAllocation", Time since last: 556550907 ns, Reaching safepoint: 49174 ns, At safepoint: 121030157 ns, Total: 121079331 ns
[2020-10-31T07:45:11.823+0000][info][safepoint    ] Safepoint "Cleanup", Time since last: 1000078419 ns, Reaching safepoint: 141106 ns, At safepoint: 4720 ns, Total: 145826 ns
[2020-10-31T07:45:12.823+0000][info][safepoint    ] Safepoint "Cleanup", Time since last: 1000107906 ns, Reaching safepoint: 129421 ns, At safepoint: 5889 ns, Total: 135310 ns
[2020-10-31T07:45:13.823+0000][info][safepoint    ] Safepoint "Cleanup", Time since last: 1000110819 ns, Reaching safepoint: 121917 ns, At safepoint: 7028 ns, Total: 128945 ns
[2020-10-31T07:45:14.823+0000][info][safepoint    ] Safepoint "Cleanup", Time since last: 1000109556 ns, Reaching safepoint: 49724 ns, At safepoint: 1624 ns, Total: 51348 ns
[2020-10-31T07:45:15.824+0000][info][safepoint    ] Safepoint "Cleanup", Time since last: 1000103265 ns, Reaching safepoint: 48455 ns, At safepoint: 2127 ns, Total: 50582 ns
[2020-10-31T07:45:16.824+0000][info][safepoint    ] Safepoint "Cleanup", Time since last: 1000102870 ns, Reaching safepoint: 129341 ns, At safepoint: 6507 ns, Total: 135848 ns
[2020-10-31T07:45:17.824+0000][info][safepoint    ] Safepoint "Cleanup", Time since last: 1000108014 ns, Reaching safepoint: 69085 ns, At safepoint: 5499 ns, Total: 74584 ns
[2020-10-31T07:45:18.824+0000][info][safepoint    ] Safepoint "Cleanup", Time since last: 1000098397 ns, Reaching safepoint: 47726 ns, At safepoint: 1968 ns, Total: 49694 ns
[2020-10-31T07:45:19.824+0000][info][safepoint    ] Safepoint "Cleanup", Time since last: 1000101034 ns, Reaching safepoint: 58135 ns, At safepoint: 5489 ns, Total: 63624 ns
[2020-10-31T07:45:20.825+0000][info][safepoint    ] Safepoint "Cleanup", Time since last: 1000127500 ns, Reaching safepoint: 128923 ns, At safepoint: 18192 ns, Total: 147115 ns
[2020-10-31T07:45:21.383+0000][info][gc,start     ] GC(167) Pause Young (Normal) (G1 Evacuation Pause)
[2020-10-31T07:45:21.383+0000][info][gc,task      ] GC(167) Using 2 workers of 2 for evacuation
[2020-10-31T07:45:21.506+0000][info][gc,phases    ] GC(167)   Pre Evacuate Collection Set: 0.6ms
[2020-10-31T07:45:21.506+0000][info][gc,phases    ] GC(167)   Evacuate Collection Set: 91.5ms
[2020-10-31T07:45:21.506+0000][info][gc,phases    ] GC(167)   Post Evacuate Collection Set: 30.4ms
[2020-10-31T07:45:21.506+0000][info][gc,phases    ] GC(167)   Other: 0.5ms
[2020-10-31T07:45:21.506+0000][info][gc,heap      ] GC(167) Eden regions: 1677->0(1676)
[2020-10-31T07:45:21.506+0000][info][gc,heap      ] GC(167) Survivor regions: 12->13(212)
[2020-10-31T07:45:21.506+0000][info][gc,heap      ] GC(167) Old regions: 3->3
[2020-10-31T07:45:21.506+0000][info][gc,heap      ] GC(167) Archive regions: 2->2
[2020-10-31T07:45:21.506+0000][info][gc,heap      ] GC(167) Humongous regions: 0->0
[2020-10-31T07:45:21.506+0000][info][gc,metaspace ] GC(167) Metaspace: 13747K->13747K(1062912K)
[2020-10-31T07:45:21.506+0000][info][gc           ] GC(167) Pause Young (Normal) (G1 Evacuation Pause) 3384M->31M(5632M) 123.103ms
[2020-10-31T07:45:21.506+0000][info][gc,cpu       ] GC(167) User=0.24s Sys=0.00s Real=0.13s
[2020-10-31T07:45:21.506+0000][info][safepoint    ] Safepoint "G1CollectForAllocation", Time since last: 558715012 ns, Reaching safepoint: 49095 ns, At safepoint: 123156387 ns, Total: 123205482 ns
[2020-10-31T07:45:22.507+0000][info][safepoint    ] Safepoint "Cleanup", Time since last: 1000083604 ns, Reaching safepoint: 130278 ns, At safepoint: 6325 ns, Total: 136603 ns
[2020-10-31T07:45:23.507+0000][info][safepoint    ] Safepoint "Cleanup", Time since last: 1000110981 ns, Reaching safepoint: 137677 ns, At safepoint: 4182 ns, Total: 141859 ns
[2020-10-31T07:45:24.507+0000][info][safepoint    ] Safepoint "Cleanup", Time since last: 1000107628 ns, Reaching safepoint: 137187 ns, At safepoint: 3771 ns, Total: 140958 ns
[2020-10-31T07:45:25.507+0000][info][safepoint    ] Safepoint "Cleanup", Time since last: 1000108261 ns, Reaching safepoint: 131692 ns, At safepoint: 5516 ns, Total: 137208 ns
[2020-10-31T07:45:26.508+0000][info][safepoint    ] Safepoint "Cleanup", Time since last: 1000111413 ns, Reaching safepoint: 130485 ns, At safepoint: 6978 ns, Total: 137463 ns
[2020-10-31T07:45:27.508+0000][info][safepoint    ] Safepoint "Cleanup", Time since last: 1000110003 ns, Reaching safepoint: 75490 ns, At safepoint: 4866 ns, Total: 80356 ns
[2020-10-31T07:45:28.508+0000][info][safepoint    ] Safepoint "Cleanup", Time since last: 1000107009 ns, Reaching safepoint: 129242 ns, At safepoint: 5771 ns, Total: 135013 ns
[2020-10-31T07:45:29.508+0000][info][safepoint    ] Safepoint "Cleanup", Time since last: 1000112850 ns, Reaching safepoint: 130013 ns, At safepoint: 5570 ns, Total: 135583 ns
[2020-10-31T07:45:30.509+0000][info][safepoint    ] Safepoint "Cleanup", Time since last: 1000112450 ns, Reaching safepoint: 64021 ns, At safepoint: 3360 ns, Total: 67381 ns
[2020-10-31T07:45:31.509+0000][info][safepoint    ] Safepoint "Cleanup", Time since last: 1000105580 ns, Reaching safepoint: 129472 ns, At safepoint: 6054 ns, Total: 135526 ns
[2020-10-31T07:45:32.084+0000][info][gc,start     ] GC(168) Pause Young (Normal) (G1 Evacuation Pause)
[2020-10-31T07:45:32.084+0000][info][gc,task      ] GC(168) Using 2 workers of 2 for evacuation
[2020-10-31T07:45:32.211+0000][info][gc,phases    ] GC(168)   Pre Evacuate Collection Set: 0.5ms
[2020-10-31T07:45:32.211+0000][info][gc,phases    ] GC(168)   Evacuate Collection Set: 95.6ms
[2020-10-31T07:45:32.211+0000][info][gc,phases    ] GC(168)   Post Evacuate Collection Set: 30.4ms
[2020-10-31T07:45:32.211+0000][info][gc,phases    ] GC(168)   Other: 0.5ms
[2020-10-31T07:45:32.211+0000][info][gc,heap      ] GC(168) Eden regions: 1676->0(1677)
[2020-10-31T07:45:32.211+0000][info][gc,heap      ] GC(168) Survivor regions: 13->12(212)
[2020-10-31T07:45:32.211+0000][info][gc,heap      ] GC(168) Old regions: 3->3
[2020-10-31T07:45:32.211+0000][info][gc,heap      ] GC(168) Archive regions: 2->2
[2020-10-31T07:45:32.211+0000][info][gc,heap      ] GC(168) Humongous regions: 0->0
[2020-10-31T07:45:32.211+0000][info][gc,metaspace ] GC(168) Metaspace: 13747K->13747K(1062912K)
[2020-10-31T07:45:32.211+0000][info][gc           ] GC(168) Pause Young (Normal) (G1 Evacuation Pause) 3383M->30M(5632M) 127.167ms
[2020-10-31T07:45:32.211+0000][info][gc,cpu       ] GC(168) User=0.23s Sys=0.00s Real=0.13s
[2020-10-31T07:45:32.211+0000][info][safepoint    ] Safepoint "G1CollectForAllocation", Time since last: 574691396 ns, Reaching safepoint: 63092 ns, At safepoint: 127230204 ns, Total: 127293296 ns
[2020-10-31T07:45:33.211+0000][info][safepoint    ] Safepoint "Cleanup", Time since last: 1000081346 ns, Reaching safepoint: 136607 ns, At safepoint: 4494 ns, Total: 141101 ns
[2020-10-31T07:45:34.211+0000][info][safepoint    ] Safepoint "Cleanup", Time since last: 1000107983 ns, Reaching safepoint: 50433 ns, At safepoint: 1909 ns, Total: 52342 ns
[2020-10-31T07:45:35.211+0000][info][safepoint    ] Safepoint "Cleanup", Time since last: 1000101860 ns, Reaching safepoint: 125797 ns, At safepoint: 7503 ns, Total: 133300 ns
[2020-10-31T07:45:36.212+0000][info][safepoint    ] Safepoint "Cleanup", Time since last: 1000111811 ns, Reaching safepoint: 51280 ns, At safepoint: 6654 ns, Total: 57934 ns
[2020-10-31T07:45:37.212+0000][info][safepoint    ] Safepoint "Cleanup", Time since last: 1000102208 ns, Reaching safepoint: 48218 ns, At safepoint: 1936 ns, Total: 50154 ns
[2020-10-31T07:45:38.212+0000][info][safepoint    ] Safepoint "Cleanup", Time since last: 1000101382 ns, Reaching safepoint: 142741 ns, At safepoint: 4915 ns, Total: 147656 ns
[2020-10-31T07:45:39.212+0000][info][safepoint    ] Safepoint "Cleanup", Time since last: 1000108319 ns, Reaching safepoint: 50890 ns, At safepoint: 5789 ns, Total: 56679 ns
[2020-10-31T07:45:40.212+0000][info][safepoint    ] Safepoint "Cleanup", Time since last: 1000243623 ns, Reaching safepoint: 50264 ns, At safepoint: 1683 ns, Total: 51947 ns
[2020-10-31T07:45:41.213+0000][info][safepoint    ] Safepoint "Cleanup", Time since last: 1000101215 ns, Reaching safepoint: 147537 ns, At safepoint: 3208 ns, Total: 150745 ns
[2020-10-31T07:45:42.213+0000][info][safepoint    ] Safepoint "Cleanup", Time since last: 1000107432 ns, Reaching safepoint: 135033 ns, At safepoint: 5987 ns, Total: 141020 ns
[2020-10-31T07:45:42.769+0000][info][gc,start     ] GC(169) Pause Young (Normal) (G1 Evacuation Pause)
[2020-10-31T07:45:42.769+0000][info][gc,task      ] GC(169) Using 2 workers of 2 for evacuation
[2020-10-31T07:45:42.890+0000][info][gc,phases    ] GC(169)   Pre Evacuate Collection Set: 0.5ms
[2020-10-31T07:45:42.890+0000][info][gc,phases    ] GC(169)   Evacuate Collection Set: 90.6ms
[2020-10-31T07:45:42.890+0000][info][gc,phases    ] GC(169)   Post Evacuate Collection Set: 28.9ms
[2020-10-31T07:45:42.890+0000][info][gc,phases    ] GC(169)   Other: 0.5ms
[2020-10-31T07:45:42.890+0000][info][gc,heap      ] GC(169) Eden regions: 1677->0(1677)
[2020-10-31T07:45:42.890+0000][info][gc,heap      ] GC(169) Survivor regions: 12->12(212)
[2020-10-31T07:45:42.890+0000][info][gc,heap      ] GC(169) Old regions: 3->3
[2020-10-31T07:45:42.890+0000][info][gc,heap      ] GC(169) Archive regions: 2->2
[2020-10-31T07:45:42.890+0000][info][gc,heap      ] GC(169) Humongous regions: 0->0
[2020-10-31T07:45:42.890+0000][info][gc,metaspace ] GC(169) Metaspace: 13747K->13747K(1062912K)
[2020-10-31T07:45:42.890+0000][info][gc           ] GC(169) Pause Young (Normal) (G1 Evacuation Pause) 3384M->30M(5632M) 120.595ms
[2020-10-31T07:45:42.890+0000][info][gc,cpu       ] GC(169) User=0.23s Sys=0.00s Real=0.12s
[2020-10-31T07:45:42.890+0000][info][safepoint    ] Safepoint "G1CollectForAllocation", Time since last: 556122353 ns, Reaching safepoint: 51926 ns, At safepoint: 120645929 ns, Total: 120697855 ns
[2020-10-31T07:45:43.890+0000][info][safepoint    ] Safepoint "Cleanup", Time since last: 1000095341 ns, Reaching safepoint: 130044 ns, At safepoint: 6017 ns, Total: 136061 ns
[2020-10-31T07:45:44.890+0000][info][safepoint    ] Safepoint "Cleanup", Time since last: 1000111246 ns, Reaching safepoint: 60479 ns, At safepoint: 3434 ns, Total: 63913 ns
[2020-10-31T07:45:45.890+0000][info][safepoint    ] Safepoint "Cleanup", Time since last: 1000107089 ns, Reaching safepoint: 128579 ns, At safepoint: 6368 ns, Total: 134947 ns
[2020-10-31T07:45:46.891+0000][info][safepoint    ] Safepoint "Cleanup", Time since last: 1000107008 ns, Reaching safepoint: 126033 ns, At safepoint: 6394 ns, Total: 132427 ns
[2020-10-31T07:45:47.891+0000][info][safepoint    ] Safepoint "Cleanup", Time since last: 1000108435 ns, Reaching safepoint: 49841 ns, At safepoint: 2324 ns, Total: 52165 ns
[2020-10-31T07:45:48.891+0000][info][safepoint    ] Safepoint "Cleanup", Time since last: 1000103208 ns, Reaching safepoint: 59304 ns, At safepoint: 3757 ns, Total: 63061 ns
[2020-10-31T07:45:49.891+0000][info][safepoint    ] Safepoint "Cleanup", Time since last: 1000108311 ns, Reaching safepoint: 128706 ns, At safepoint: 6698 ns, Total: 135404 ns
[2020-10-31T07:45:50.891+0000][info][safepoint    ] Safepoint "Cleanup", Time since last: 1000110754 ns, Reaching safepoint: 129305 ns, At safepoint: 5301 ns, Total: 134606 ns
[2020-10-31T07:45:51.892+0000][info][safepoint    ] Safepoint "Cleanup", Time since last: 1000111271 ns, Reaching safepoint: 133715 ns, At safepoint: 5213 ns, Total: 138928 ns
[2020-10-31T07:45:52.892+0000][info][safepoint    ] Safepoint "Cleanup", Time since last: 1000108346 ns, Reaching safepoint: 134833 ns, At safepoint: 6361 ns, Total: 141194 ns
[2020-10-31T07:45:53.490+0000][info][gc,start     ] GC(170) Pause Young (Normal) (G1 Evacuation Pause)
[2020-10-31T07:45:53.490+0000][info][gc,task      ] GC(170) Using 2 workers of 2 for evacuation
[2020-10-31T07:45:53.614+0000][info][gc,phases    ] GC(170)   Pre Evacuate Collection Set: 0.5ms
[2020-10-31T07:45:53.614+0000][info][gc,phases    ] GC(170)   Evacuate Collection Set: 92.1ms
[2020-10-31T07:45:53.614+0000][info][gc,phases    ] GC(170)   Post Evacuate Collection Set: 30.8ms
[2020-10-31T07:45:53.614+0000][info][gc,phases    ] GC(170)   Other: 0.5ms
[2020-10-31T07:45:53.614+0000][info][gc,heap      ] GC(170) Eden regions: 1677->0(1676)
[2020-10-31T07:45:53.614+0000][info][gc,heap      ] GC(170) Survivor regions: 12->13(212)
[2020-10-31T07:45:53.614+0000][info][gc,heap      ] GC(170) Old regions: 3->3
[2020-10-31T07:45:53.614+0000][info][gc,heap      ] GC(170) Archive regions: 2->2
[2020-10-31T07:45:53.614+0000][info][gc,heap      ] GC(170) Humongous regions: 0->0
[2020-10-31T07:45:53.614+0000][info][gc,metaspace ] GC(170) Metaspace: 13747K->13747K(1062912K)
[2020-10-31T07:45:53.614+0000][info][gc           ] GC(170) Pause Young (Normal) (G1 Evacuation Pause) 3384M->31M(5632M) 123.987ms
[2020-10-31T07:45:53.614+0000][info][gc,cpu       ] GC(170) User=0.24s Sys=0.00s Real=0.13s
[2020-10-31T07:45:53.614+0000][info][safepoint    ] Safepoint "G1CollectForAllocation", Time since last: 598425127 ns, Reaching safepoint: 49775 ns, At safepoint: 124050312 ns, Total: 124100087 ns
[2020-10-31T07:45:54.615+0000][info][safepoint    ] Safepoint "Cleanup", Time since last: 1000081635 ns, Reaching safepoint: 134010 ns, At safepoint: 4869 ns, Total: 138879 ns
[2020-10-31T07:45:55.615+0000][info][safepoint    ] Safepoint "Cleanup", Time since last: 1000107373 ns, Reaching safepoint: 64894 ns, At safepoint: 4881 ns, Total: 69775 ns
[2020-10-31T07:45:56.615+0000][info][safepoint    ] Safepoint "Cleanup", Time since last: 1000100906 ns, Reaching safepoint: 135620 ns, At safepoint: 4606 ns, Total: 140226 ns
[2020-10-31T07:45:57.615+0000][info][safepoint    ] Safepoint "Cleanup", Time since last: 1000105827 ns, Reaching safepoint: 142977 ns, At safepoint: 7127 ns, Total: 150104 ns
[2020-10-31T07:45:58.616+0000][info][safepoint    ] Safepoint "Cleanup", Time since last: 1000108063 ns, Reaching safepoint: 151169 ns, At safepoint: 6499 ns, Total: 157668 ns
[2020-10-31T07:45:59.616+0000][info][safepoint    ] Safepoint "Cleanup", Time since last: 1000118598 ns, Reaching safepoint: 125084 ns, At safepoint: 5634 ns, Total: 130718 ns
[2020-10-31T07:46:00.616+0000][info][safepoint    ] Safepoint "Cleanup", Time since last: 1000110231 ns, Reaching safepoint: 63306 ns, At safepoint: 4603 ns, Total: 67909 ns
[2020-10-31T07:46:01.616+0000][info][safepoint    ] Safepoint "Cleanup", Time since last: 1000105964 ns, Reaching safepoint: 125655 ns, At safepoint: 5514 ns, Total: 131169 ns
[2020-10-31T07:46:02.617+0000][info][safepoint    ] Safepoint "Cleanup", Time since last: 1000107023 ns, Reaching safepoint: 126605 ns, At safepoint: 14473 ns, Total: 141078 ns
[2020-10-31T07:46:03.617+0000][info][safepoint    ] Safepoint "Cleanup", Time since last: 1000109601 ns, Reaching safepoint: 131413 ns, At safepoint: 6985 ns, Total: 138398 ns
[2020-10-31T07:46:04.231+0000][info][gc,start     ] GC(171) Pause Young (Normal) (G1 Evacuation Pause)
[2020-10-31T07:46:04.231+0000][info][gc,task      ] GC(171) Using 2 workers of 2 for evacuation
[2020-10-31T07:46:04.350+0000][info][gc,phases    ] GC(171)   Pre Evacuate Collection Set: 0.6ms
[2020-10-31T07:46:04.350+0000][info][gc,phases    ] GC(171)   Evacuate Collection Set: 90.5ms
[2020-10-31T07:46:04.350+0000][info][gc,phases    ] GC(171)   Post Evacuate Collection Set: 27.6ms
[2020-10-31T07:46:04.350+0000][info][gc,phases    ] GC(171)   Other: 0.5ms
[2020-10-31T07:46:04.350+0000][info][gc,heap      ] GC(171) Eden regions: 1676->0(1677)
[2020-10-31T07:46:04.350+0000][info][gc,heap      ] GC(171) Survivor regions: 13->12(212)
[2020-10-31T07:46:04.350+0000][info][gc,heap      ] GC(171) Old regions: 3->3
[2020-10-31T07:46:04.350+0000][info][gc,heap      ] GC(171) Archive regions: 2->2
[2020-10-31T07:46:04.350+0000][info][gc,heap      ] GC(171) Humongous regions: 0->0
[2020-10-31T07:46:04.350+0000][info][gc,metaspace ] GC(171) Metaspace: 13747K->13747K(1062912K)
[2020-10-31T07:46:04.350+0000][info][gc           ] GC(171) Pause Young (Normal) (G1 Evacuation Pause) 3383M->30M(5632M) 119.286ms
[2020-10-31T07:46:04.350+0000][info][gc,cpu       ] GC(171) User=0.23s Sys=0.00s Real=0.12s
[2020-10-31T07:46:04.350+0000][info][safepoint    ] Safepoint "G1CollectForAllocation", Time since last: 614258687 ns, Reaching safepoint: 48526 ns, At safepoint: 119338262 ns, Total: 119386788 ns
[2020-10-31T07:46:05.351+0000][info][safepoint    ] Safepoint "Cleanup", Time since last: 1000082131 ns, Reaching safepoint: 134797 ns, At safepoint: 3206 ns, Total: 138003 ns
[2020-10-31T07:46:06.351+0000][info][safepoint    ] Safepoint "Cleanup", Time since last: 1000107715 ns, Reaching safepoint: 54029 ns, At safepoint: 5759 ns, Total: 59788 ns
[2020-10-31T07:46:07.351+0000][info][safepoint    ] Safepoint "Cleanup", Time since last: 1000104773 ns, Reaching safepoint: 126343 ns, At safepoint: 6463 ns, Total: 132806 ns
[2020-10-31T07:46:08.351+0000][info][safepoint    ] Safepoint "Cleanup", Time since last: 1000109245 ns, Reaching safepoint: 48782 ns, At safepoint: 6173 ns, Total: 54955 ns
[2020-10-31T07:46:09.351+0000][info][safepoint    ] Safepoint "Cleanup", Time since last: 1000102957 ns, Reaching safepoint: 64052 ns, At safepoint: 7295 ns, Total: 71347 ns
[2020-10-31T07:46:10.352+0000][info][safepoint    ] Safepoint "Cleanup", Time since last: 1000105457 ns, Reaching safepoint: 140650 ns, At safepoint: 3522 ns, Total: 144172 ns
[2020-10-31T07:46:11.352+0000][info][safepoint    ] Safepoint "Cleanup", Time since last: 1000112790 ns, Reaching safepoint: 61611 ns, At safepoint: 4158 ns, Total: 65769 ns
[2020-10-31T07:46:12.352+0000][info][safepoint    ] Safepoint "Cleanup", Time since last: 1000112304 ns, Reaching safepoint: 128240 ns, At safepoint: 6214 ns, Total: 134454 ns
[2020-10-31T07:46:13.352+0000][info][safepoint    ] Safepoint "Cleanup", Time since last: 1000111552 ns, Reaching safepoint: 129476 ns, At safepoint: 5499 ns, Total: 134975 ns
[2020-10-31T07:46:14.353+0000][info][safepoint    ] Safepoint "Cleanup", Time since last: 1000118573 ns, Reaching safepoint: 78992 ns, At safepoint: 6355 ns, Total: 85347 ns
[2020-10-31T07:46:14.965+0000][info][gc,start     ] GC(172) Pause Young (Normal) (G1 Evacuation Pause)
[2020-10-31T07:46:14.965+0000][info][gc,task      ] GC(172) Using 2 workers of 2 for evacuation
[2020-10-31T07:46:15.090+0000][info][gc,phases    ] GC(172)   Pre Evacuate Collection Set: 0.6ms
[2020-10-31T07:46:15.090+0000][info][gc,phases    ] GC(172)   Evacuate Collection Set: 94.3ms
[2020-10-31T07:46:15.090+0000][info][gc,phases    ] GC(172)   Post Evacuate Collection Set: 30.0ms
[2020-10-31T07:46:15.090+0000][info][gc,phases    ] GC(172)   Other: 0.5ms
[2020-10-31T07:46:15.090+0000][info][gc,heap      ] GC(172) Eden regions: 1677->0(1677)
[2020-10-31T07:46:15.090+0000][info][gc,heap      ] GC(172) Survivor regions: 12->12(212)
[2020-10-31T07:46:15.090+0000][info][gc,heap      ] GC(172) Old regions: 3->3
[2020-10-31T07:46:15.090+0000][info][gc,heap      ] GC(172) Archive regions: 2->2
[2020-10-31T07:46:15.090+0000][info][gc,heap      ] GC(172) Humongous regions: 0->0
[2020-10-31T07:46:15.090+0000][info][gc,metaspace ] GC(172) Metaspace: 13747K->13747K(1062912K)
[2020-10-31T07:46:15.090+0000][info][gc           ] GC(172) Pause Young (Normal) (G1 Evacuation Pause) 3384M->30M(5632M) 125.511ms
[2020-10-31T07:46:15.090+0000][info][gc,cpu       ] GC(172) User=0.23s Sys=0.00s Real=0.12s
[2020-10-31T07:46:15.090+0000][info][safepoint    ] Safepoint "G1CollectForAllocation", Time since last: 612262509 ns, Reaching safepoint: 52956 ns, At safepoint: 125566033 ns, Total: 125618989 ns
[2020-10-31T07:46:16.091+0000][info][safepoint    ] Safepoint "Cleanup", Time since last: 1000083092 ns, Reaching safepoint: 137222 ns, At safepoint: 3248 ns, Total: 140470 ns
[2020-10-31T07:46:17.091+0000][info][safepoint    ] Safepoint "Cleanup", Time since last: 1000107515 ns, Reaching safepoint: 135456 ns, At safepoint: 3268 ns, Total: 138724 ns
[2020-10-31T07:46:18.091+0000][info][safepoint    ] Safepoint "Cleanup", Time since last: 1000111260 ns, Reaching safepoint: 58252 ns, At safepoint: 4138 ns, Total: 62390 ns
[2020-10-31T07:46:19.091+0000][info][safepoint    ] Safepoint "Cleanup", Time since last: 1000109935 ns, Reaching safepoint: 143669 ns, At safepoint: 5198 ns, Total: 148867 ns
[2020-10-31T07:46:20.092+0000][info][safepoint    ] Safepoint "Cleanup", Time since last: 1000106985 ns, Reaching safepoint: 130065 ns, At safepoint: 6016 ns, Total: 136081 ns
[2020-10-31T07:46:21.092+0000][info][safepoint    ] Safepoint "Cleanup", Time since last: 1000111413 ns, Reaching safepoint: 48077 ns, At safepoint: 1674 ns, Total: 49751 ns
[2020-10-31T07:46:22.092+0000][info][safepoint    ] Safepoint "Cleanup", Time since last: 1000102042 ns, Reaching safepoint: 138284 ns, At safepoint: 5995 ns, Total: 144279 ns
[2020-10-31T07:46:23.092+0000][info][safepoint    ] Safepoint "Cleanup", Time since last: 1000109698 ns, Reaching safepoint: 142000 ns, At safepoint: 7694 ns, Total: 149694 ns
[2020-10-31T07:46:24.092+0000][info][safepoint    ] Safepoint "Cleanup", Time since last: 1000110080 ns, Reaching safepoint: 146690 ns, At safepoint: 7377 ns, Total: 154067 ns
[2020-10-31T07:46:25.093+0000][info][safepoint    ] Safepoint "Cleanup", Time since last: 1000073235 ns, Reaching safepoint: 131225 ns, At safepoint: 6883 ns, Total: 138108 ns
[2020-10-31T07:46:25.688+0000][info][gc,start     ] GC(173) Pause Young (Normal) (G1 Evacuation Pause)
[2020-10-31T07:46:25.688+0000][info][gc,task      ] GC(173) Using 2 workers of 2 for evacuation
[2020-10-31T07:46:25.810+0000][info][gc,phases    ] GC(173)   Pre Evacuate Collection Set: 0.6ms
[2020-10-31T07:46:25.811+0000][info][gc,phases    ] GC(173)   Evacuate Collection Set: 92.2ms
[2020-10-31T07:46:25.811+0000][info][gc,phases    ] GC(173)   Post Evacuate Collection Set: 29.3ms
[2020-10-31T07:46:25.811+0000][info][gc,phases    ] GC(173)   Other: 0.5ms
[2020-10-31T07:46:25.811+0000][info][gc,heap      ] GC(173) Eden regions: 1677->0(1676)
[2020-10-31T07:46:25.811+0000][info][gc,heap      ] GC(173) Survivor regions: 12->13(212)
[2020-10-31T07:46:25.811+0000][info][gc,heap      ] GC(173) Old regions: 3->3
[2020-10-31T07:46:25.811+0000][info][gc,heap      ] GC(173) Archive regions: 2->2
[2020-10-31T07:46:25.811+0000][info][gc,heap      ] GC(173) Humongous regions: 0->0
[2020-10-31T07:46:25.811+0000][info][gc,metaspace ] GC(173) Metaspace: 13747K->13747K(1062912K)
[2020-10-31T07:46:25.811+0000][info][gc           ] GC(173) Pause Young (Normal) (G1 Evacuation Pause) 3384M->31M(5632M) 122.658ms
[2020-10-31T07:46:25.811+0000][info][gc,cpu       ] GC(173) User=0.24s Sys=0.00s Real=0.12s
[2020-10-31T07:46:25.811+0000][info][safepoint    ] Safepoint "G1CollectForAllocation", Time since last: 595191171 ns, Reaching safepoint: 54324 ns, At safepoint: 122719906 ns, Total: 122774230 ns
[2020-10-31T07:46:26.811+0000][info][safepoint    ] Safepoint "Cleanup", Time since last: 1000083880 ns, Reaching safepoint: 52585 ns, At safepoint: 5016 ns, Total: 57601 ns
[2020-10-31T07:46:27.811+0000][info][safepoint    ] Safepoint "Cleanup", Time since last: 1000102040 ns, Reaching safepoint: 126744 ns, At safepoint: 6982 ns, Total: 133726 ns
[2020-10-31T07:46:28.811+0000][info][safepoint    ] Safepoint "Cleanup", Time since last: 1000108164 ns, Reaching safepoint: 123671 ns, At safepoint: 5389 ns, Total: 129060 ns
[2020-10-31T07:46:29.812+0000][info][safepoint    ] Safepoint "Cleanup", Time since last: 1000110063 ns, Reaching safepoint: 144247 ns, At safepoint: 5564 ns, Total: 149811 ns
[2020-10-31T07:46:30.812+0000][info][safepoint    ] Safepoint "Cleanup", Time since last: 1000104946 ns, Reaching safepoint: 128301 ns, At safepoint: 6083 ns, Total: 134384 ns
[2020-10-31T07:46:31.812+0000][info][safepoint    ] Safepoint "Cleanup", Time since last: 1000107561 ns, Reaching safepoint: 147043 ns, At safepoint: 5840 ns, Total: 152883 ns
[2020-10-31T07:46:32.812+0000][info][safepoint    ] Safepoint "Cleanup", Time since last: 1000110314 ns, Reaching safepoint: 64976 ns, At safepoint: 7402 ns, Total: 72378 ns
[2020-10-31T07:46:33.812+0000][info][safepoint    ] Safepoint "Cleanup", Time since last: 1000102963 ns, Reaching safepoint: 128842 ns, At safepoint: 6306 ns, Total: 135148 ns
[2020-10-31T07:46:34.813+0000][info][safepoint    ] Safepoint "Cleanup", Time since last: 1000108107 ns, Reaching safepoint: 67190 ns, At safepoint: 2064 ns, Total: 69254 ns
[2020-10-31T07:46:35.813+0000][info][safepoint    ] Safepoint "Cleanup", Time since last: 1000097156 ns, Reaching safepoint: 118880 ns, At safepoint: 5337 ns, Total: 124217 ns
[2020-10-31T07:46:36.400+0000][info][gc,start     ] GC(174) Pause Young (Normal) (G1 Evacuation Pause)
[2020-10-31T07:46:36.400+0000][info][gc,task      ] GC(174) Using 2 workers of 2 for evacuation
[2020-10-31T07:46:36.522+0000][info][gc,phases    ] GC(174)   Pre Evacuate Collection Set: 0.6ms
[2020-10-31T07:46:36.522+0000][info][gc,phases    ] GC(174)   Evacuate Collection Set: 92.3ms
[2020-10-31T07:46:36.522+0000][info][gc,phases    ] GC(174)   Post Evacuate Collection Set: 28.9ms
[2020-10-31T07:46:36.522+0000][info][gc,phases    ] GC(174)   Other: 0.5ms
[2020-10-31T07:46:36.522+0000][info][gc,heap      ] GC(174) Eden regions: 1676->0(1676)
[2020-10-31T07:46:36.522+0000][info][gc,heap      ] GC(174) Survivor regions: 13->13(212)
[2020-10-31T07:46:36.522+0000][info][gc,heap      ] GC(174) Old regions: 3->3
[2020-10-31T07:46:36.522+0000][info][gc,heap      ] GC(174) Archive regions: 2->2
[2020-10-31T07:46:36.522+0000][info][gc,heap      ] GC(174) Humongous regions: 0->0
[2020-10-31T07:46:36.522+0000][info][gc,metaspace ] GC(174) Metaspace: 13747K->13747K(1062912K)
[2020-10-31T07:46:36.522+0000][info][gc           ] GC(174) Pause Young (Normal) (G1 Evacuation Pause) 3383M->31M(5632M) 122.314ms
[2020-10-31T07:46:36.522+0000][info][gc,cpu       ] GC(174) User=0.23s Sys=0.00s Real=0.12s
[2020-10-31T07:46:36.522+0000][info][safepoint    ] Safepoint "G1CollectForAllocation", Time since last: 587140569 ns, Reaching safepoint: 52897 ns, At safepoint: 122368628 ns, Total: 122421525 ns
[2020-10-31T07:46:37.523+0000][info][safepoint    ] Safepoint "Cleanup", Time since last: 1000097942 ns, Reaching safepoint: 129227 ns, At safepoint: 5381 ns, Total: 134608 ns
[2020-10-31T07:46:38.523+0000][info][safepoint    ] Safepoint "Cleanup", Time since last: 1000105391 ns, Reaching safepoint: 137198 ns, At safepoint: 3624 ns, Total: 140822 ns
[2020-10-31T07:46:39.523+0000][info][safepoint    ] Safepoint "Cleanup", Time since last: 1000108878 ns, Reaching safepoint: 151286 ns, At safepoint: 5258 ns, Total: 156544 ns
[2020-10-31T07:46:40.523+0000][info][safepoint    ] Safepoint "Cleanup", Time since last: 1000108839 ns, Reaching safepoint: 124760 ns, At safepoint: 6032 ns, Total: 130792 ns
[2020-10-31T07:46:41.524+0000][info][safepoint    ] Safepoint "Cleanup", Time since last: 1000111434 ns, Reaching safepoint: 127975 ns, At safepoint: 5166 ns, Total: 133141 ns
[2020-10-31T07:46:42.524+0000][info][safepoint    ] Safepoint "Cleanup", Time since last: 1000109057 ns, Reaching safepoint: 123621 ns, At safepoint: 6931 ns, Total: 130552 ns
[2020-10-31T07:46:43.524+0000][info][safepoint    ] Safepoint "Cleanup", Time since last: 1000112118 ns, Reaching safepoint: 49875 ns, At safepoint: 2212 ns, Total: 52087 ns
[2020-10-31T07:46:44.524+0000][info][safepoint    ] Safepoint "Cleanup", Time since last: 1000103167 ns, Reaching safepoint: 129876 ns, At safepoint: 5363 ns, Total: 135239 ns
[2020-10-31T07:46:45.525+0000][info][safepoint    ] Safepoint "Cleanup", Time since last: 1000107141 ns, Reaching safepoint: 130640 ns, At safepoint: 5890 ns, Total: 136530 ns
[2020-10-31T07:46:46.525+0000][info][safepoint    ] Safepoint "Cleanup", Time since last: 1000119514 ns, Reaching safepoint: 129810 ns, At safepoint: 6133 ns, Total: 135943 ns
[2020-10-31T07:46:47.124+0000][info][gc,start     ] GC(175) Pause Young (Normal) (G1 Evacuation Pause)
[2020-10-31T07:46:47.124+0000][info][gc,task      ] GC(175) Using 2 workers of 2 for evacuation
[2020-10-31T07:46:47.247+0000][info][gc,phases    ] GC(175)   Pre Evacuate Collection Set: 0.6ms
[2020-10-31T07:46:47.247+0000][info][gc,phases    ] GC(175)   Evacuate Collection Set: 91.6ms
[2020-10-31T07:46:47.247+0000][info][gc,phases    ] GC(175)   Post Evacuate Collection Set: 30.2ms
[2020-10-31T07:46:47.247+0000][info][gc,phases    ] GC(175)   Other: 0.5ms
[2020-10-31T07:46:47.247+0000][info][gc,heap      ] GC(175) Eden regions: 1676->0(1676)
[2020-10-31T07:46:47.247+0000][info][gc,heap      ] GC(175) Survivor regions: 13->13(212)
[2020-10-31T07:46:47.247+0000][info][gc,heap      ] GC(175) Old regions: 3->3
[2020-10-31T07:46:47.247+0000][info][gc,heap      ] GC(175) Archive regions: 2->2
[2020-10-31T07:46:47.247+0000][info][gc,heap      ] GC(175) Humongous regions: 0->0
[2020-10-31T07:46:47.247+0000][info][gc,metaspace ] GC(175) Metaspace: 13747K->13747K(1062912K)
[2020-10-31T07:46:47.247+0000][info][gc           ] GC(175) Pause Young (Normal) (G1 Evacuation Pause) 3383M->31M(5632M) 122.948ms
[2020-10-31T07:46:47.247+0000][info][gc,cpu       ] GC(175) User=0.24s Sys=0.00s Real=0.13s
[2020-10-31T07:46:47.247+0000][info][safepoint    ] Safepoint "G1CollectForAllocation", Time since last: 598916494 ns, Reaching safepoint: 56035 ns, At safepoint: 123011980 ns, Total: 123068015 ns
[2020-10-31T07:46:48.247+0000][info][safepoint    ] Safepoint "Cleanup", Time since last: 1000084044 ns, Reaching safepoint: 60338 ns, At safepoint: 6608 ns, Total: 66946 ns
[2020-10-31T07:46:49.247+0000][info][safepoint    ] Safepoint "Cleanup", Time since last: 1000108429 ns, Reaching safepoint: 123282 ns, At safepoint: 5049 ns, Total: 128331 ns
[2020-10-31T07:46:50.247+0000][info][safepoint    ] Safepoint "Cleanup", Time since last: 1000104880 ns, Reaching safepoint: 123434 ns, At safepoint: 6005 ns, Total: 129439 ns
[2020-10-31T07:46:51.248+0000][info][safepoint    ] Safepoint "Cleanup", Time since last: 1000113486 ns, Reaching safepoint: 143720 ns, At safepoint: 6136 ns, Total: 149856 ns
[2020-10-31T07:46:52.248+0000][info][safepoint    ] Safepoint "Cleanup", Time since last: 1000112799 ns, Reaching safepoint: 130711 ns, At safepoint: 6226 ns, Total: 136937 ns
[2020-10-31T07:46:53.248+0000][info][safepoint    ] Safepoint "Cleanup", Time since last: 1000127919 ns, Reaching safepoint: 62658 ns, At safepoint: 3810 ns, Total: 66468 ns
[2020-10-31T07:46:54.248+0000][info][safepoint    ] Safepoint "Cleanup", Time since last: 1000111438 ns, Reaching safepoint: 48758 ns, At safepoint: 1834 ns, Total: 50592 ns
[2020-10-31T07:46:55.248+0000][info][safepoint    ] Safepoint "Cleanup", Time since last: 1000103601 ns, Reaching safepoint: 50879 ns, At safepoint: 6133 ns, Total: 57012 ns
[2020-10-31T07:46:56.249+0000][info][safepoint    ] Safepoint "Cleanup", Time since last: 1000105606 ns, Reaching safepoint: 137058 ns, At safepoint: 5853 ns, Total: 142911 ns
[2020-10-31T07:46:57.249+0000][info][safepoint    ] Safepoint "Cleanup", Time since last: 1000107891 ns, Reaching safepoint: 125162 ns, At safepoint: 7191 ns, Total: 132353 ns
[2020-10-31T07:46:57.863+0000][info][gc,start     ] GC(176) Pause Young (Normal) (G1 Evacuation Pause)
[2020-10-31T07:46:57.863+0000][info][gc,task      ] GC(176) Using 2 workers of 2 for evacuation
[2020-10-31T07:46:57.986+0000][info][gc,phases    ] GC(176)   Pre Evacuate Collection Set: 0.6ms
[2020-10-31T07:46:57.986+0000][info][gc,phases    ] GC(176)   Evacuate Collection Set: 91.2ms
[2020-10-31T07:46:57.986+0000][info][gc,phases    ] GC(176)   Post Evacuate Collection Set: 31.4ms
[2020-10-31T07:46:57.986+0000][info][gc,phases    ] GC(176)   Other: 0.5ms
[2020-10-31T07:46:57.986+0000][info][gc,heap      ] GC(176) Eden regions: 1676->0(1676)
[2020-10-31T07:46:57.986+0000][info][gc,heap      ] GC(176) Survivor regions: 13->13(212)
[2020-10-31T07:46:57.986+0000][info][gc,heap      ] GC(176) Old regions: 3->3
[2020-10-31T07:46:57.986+0000][info][gc,heap      ] GC(176) Archive regions: 2->2
[2020-10-31T07:46:57.986+0000][info][gc,heap      ] GC(176) Humongous regions: 0->0
[2020-10-31T07:46:57.986+0000][info][gc,metaspace ] GC(176) Metaspace: 13747K->13747K(1062912K)
[2020-10-31T07:46:57.986+0000][info][gc           ] GC(176) Pause Young (Normal) (G1 Evacuation Pause) 3383M->31M(5632M) 123.817ms
[2020-10-31T07:46:57.986+0000][info][gc,cpu       ] GC(176) User=0.24s Sys=0.00s Real=0.13s
[2020-10-31T07:46:57.986+0000][info][safepoint    ] Safepoint "G1CollectForAllocation", Time since last: 613669318 ns, Reaching safepoint: 52146 ns, At safepoint: 123870389 ns, Total: 123922535 ns
[2020-10-31T07:46:58.987+0000][info][safepoint    ] Safepoint "Cleanup", Time since last: 1000085296 ns, Reaching safepoint: 126577 ns, At safepoint: 6102 ns, Total: 132679 ns
[2020-10-31T07:46:59.987+0000][info][safepoint    ] Safepoint "Cleanup", Time since last: 1000109521 ns, Reaching safepoint: 124656 ns, At safepoint: 5250 ns, Total: 129906 ns
[2020-10-31T07:47:00.987+0000][info][safepoint    ] Safepoint "Cleanup", Time since last: 1000107777 ns, Reaching safepoint: 130672 ns, At safepoint: 4891 ns, Total: 135563 ns
[2020-10-31T07:47:01.987+0000][info][safepoint    ] Safepoint "Cleanup", Time since last: 1000103230 ns, Reaching safepoint: 57455 ns, At safepoint: 3336 ns, Total: 60791 ns
[2020-10-31T07:47:02.988+0000][info][safepoint    ] Safepoint "Cleanup", Time since last: 1000099345 ns, Reaching safepoint: 129510 ns, At safepoint: 6263 ns, Total: 135773 ns
[2020-10-31T07:47:03.988+0000][info][safepoint    ] Safepoint "Cleanup", Time since last: 1000107944 ns, Reaching safepoint: 121557 ns, At safepoint: 7015 ns, Total: 128572 ns
[2020-10-31T07:47:04.988+0000][info][safepoint    ] Safepoint "Cleanup", Time since last: 1000110184 ns, Reaching safepoint: 49299 ns, At safepoint: 2019 ns, Total: 51318 ns
[2020-10-31T07:47:05.988+0000][info][safepoint    ] Safepoint "Cleanup", Time since last: 1000101820 ns, Reaching safepoint: 125358 ns, At safepoint: 5946 ns, Total: 131304 ns
[2020-10-31T07:47:06.988+0000][info][safepoint    ] Safepoint "Cleanup", Time since last: 1000107606 ns, Reaching safepoint: 50507 ns, At safepoint: 2463 ns, Total: 52970 ns
[2020-10-31T07:47:07.989+0000][info][safepoint    ] Safepoint "Cleanup", Time since last: 1000099312 ns, Reaching safepoint: 120698 ns, At safepoint: 5530 ns, Total: 126228 ns
[2020-10-31T07:47:08.594+0000][info][gc,start     ] GC(177) Pause Young (Normal) (G1 Evacuation Pause)
[2020-10-31T07:47:08.594+0000][info][gc,task      ] GC(177) Using 2 workers of 2 for evacuation
[2020-10-31T07:47:08.714+0000][info][gc,phases    ] GC(177)   Pre Evacuate Collection Set: 0.6ms
[2020-10-31T07:47:08.714+0000][info][gc,phases    ] GC(177)   Evacuate Collection Set: 90.0ms
[2020-10-31T07:47:08.714+0000][info][gc,phases    ] GC(177)   Post Evacuate Collection Set: 29.1ms
[2020-10-31T07:47:08.714+0000][info][gc,phases    ] GC(177)   Other: 0.5ms
[2020-10-31T07:47:08.714+0000][info][gc,heap      ] GC(177) Eden regions: 1676->0(1677)
[2020-10-31T07:47:08.714+0000][info][gc,heap      ] GC(177) Survivor regions: 13->12(212)
[2020-10-31T07:47:08.714+0000][info][gc,heap      ] GC(177) Old regions: 3->3
[2020-10-31T07:47:08.714+0000][info][gc,heap      ] GC(177) Archive regions: 2->2
[2020-10-31T07:47:08.714+0000][info][gc,heap      ] GC(177) Humongous regions: 0->0
[2020-10-31T07:47:08.714+0000][info][gc,metaspace ] GC(177) Metaspace: 13747K->13747K(1062912K)
[2020-10-31T07:47:08.714+0000][info][gc           ] GC(177) Pause Young (Normal) (G1 Evacuation Pause) 3383M->30M(5632M) 120.164ms
[2020-10-31T07:47:08.714+0000][info][gc,cpu       ] GC(177) User=0.24s Sys=0.00s Real=0.12s
[2020-10-31T07:47:08.714+0000][info][safepoint    ] Safepoint "G1CollectForAllocation", Time since last: 605247489 ns, Reaching safepoint: 52416 ns, At safepoint: 120215967 ns, Total: 120268383 ns
[2020-10-31T07:47:09.714+0000][info][safepoint    ] Safepoint "Cleanup", Time since last: 1000081881 ns, Reaching safepoint: 127192 ns, At safepoint: 5953 ns, Total: 133145 ns
[2020-10-31T07:47:10.715+0000][info][safepoint    ] Safepoint "Cleanup", Time since last: 1000108906 ns, Reaching safepoint: 80257 ns, At safepoint: 3383 ns, Total: 83640 ns
[2020-10-31T07:47:11.715+0000][info][safepoint    ] Safepoint "Cleanup", Time since last: 1000104746 ns, Reaching safepoint: 130477 ns, At safepoint: 6552 ns, Total: 137029 ns
[2020-10-31T07:47:12.715+0000][info][safepoint    ] Safepoint "Cleanup", Time since last: 1000108526 ns, Reaching safepoint: 126186 ns, At safepoint: 5721 ns, Total: 131907 ns
[2020-10-31T07:47:13.715+0000][info][safepoint    ] Safepoint "Cleanup", Time since last: 1000112621 ns, Reaching safepoint: 129366 ns, At safepoint: 6640 ns, Total: 136006 ns
[2020-10-31T07:47:14.716+0000][info][safepoint    ] Safepoint "Cleanup", Time since last: 1000111498 ns, Reaching safepoint: 130784 ns, At safepoint: 6337 ns, Total: 137121 ns
[2020-10-31T07:47:15.716+0000][info][safepoint    ] Safepoint "Cleanup", Time since last: 1000110345 ns, Reaching safepoint: 128400 ns, At safepoint: 7089 ns, Total: 135489 ns
[2020-10-31T07:47:16.716+0000][info][safepoint    ] Safepoint "Cleanup", Time since last: 1000110480 ns, Reaching safepoint: 50185 ns, At safepoint: 3440 ns, Total: 53625 ns
[2020-10-31T07:47:17.716+0000][info][safepoint    ] Safepoint "Cleanup", Time since last: 1000108635 ns, Reaching safepoint: 66433 ns, At safepoint: 3287 ns, Total: 69720 ns
[2020-10-31T07:47:18.716+0000][info][safepoint    ] Safepoint "Cleanup", Time since last: 1000111871 ns, Reaching safepoint: 139562 ns, At safepoint: 3437 ns, Total: 142999 ns
[2020-10-31T07:47:19.330+0000][info][gc,start     ] GC(178) Pause Young (Normal) (G1 Evacuation Pause)
[2020-10-31T07:47:19.330+0000][info][gc,task      ] GC(178) Using 2 workers of 2 for evacuation
[2020-10-31T07:47:19.450+0000][info][gc,phases    ] GC(178)   Pre Evacuate Collection Set: 0.6ms
[2020-10-31T07:47:19.450+0000][info][gc,phases    ] GC(178)   Evacuate Collection Set: 90.5ms
[2020-10-31T07:47:19.450+0000][info][gc,phases    ] GC(178)   Post Evacuate Collection Set: 28.2ms
[2020-10-31T07:47:19.450+0000][info][gc,phases    ] GC(178)   Other: 0.5ms
[2020-10-31T07:47:19.450+0000][info][gc,heap      ] GC(178) Eden regions: 1677->0(1677)
[2020-10-31T07:47:19.450+0000][info][gc,heap      ] GC(178) Survivor regions: 12->12(212)
[2020-10-31T07:47:19.450+0000][info][gc,heap      ] GC(178) Old regions: 3->3
[2020-10-31T07:47:19.450+0000][info][gc,heap      ] GC(178) Archive regions: 2->2
[2020-10-31T07:47:19.450+0000][info][gc,heap      ] GC(178) Humongous regions: 0->0
[2020-10-31T07:47:19.450+0000][info][gc,metaspace ] GC(178) Metaspace: 13747K->13747K(1062912K)
[2020-10-31T07:47:19.450+0000][info][gc           ] GC(178) Pause Young (Normal) (G1 Evacuation Pause) 3384M->30M(5632M) 119.818ms
[2020-10-31T07:47:19.450+0000][info][gc,cpu       ] GC(178) User=0.24s Sys=0.00s Real=0.12s
[2020-10-31T07:47:19.450+0000][info][safepoint    ] Safepoint "G1CollectForAllocation", Time since last: 613854509 ns, Reaching safepoint: 51946 ns, At safepoint: 119878908 ns, Total: 119930854 ns
[2020-10-31T07:47:20.450+0000][info][safepoint    ] Safepoint "Cleanup", Time since last: 1000080894 ns, Reaching safepoint: 58996 ns, At safepoint: 3066 ns, Total: 62062 ns
[2020-10-31T07:47:21.451+0000][info][safepoint    ] Safepoint "Cleanup", Time since last: 1000101726 ns, Reaching safepoint: 134969 ns, At safepoint: 3354 ns, Total: 138323 ns
[2020-10-31T07:47:22.451+0000][info][safepoint    ] Safepoint "Cleanup", Time since last: 1000109415 ns, Reaching safepoint: 137408 ns, At safepoint: 8224 ns, Total: 145632 ns
[2020-10-31T07:47:23.451+0000][info][safepoint    ] Safepoint "Cleanup", Time since last: 1000109880 ns, Reaching safepoint: 48403 ns, At safepoint: 5999 ns, Total: 54402 ns
[2020-10-31T07:47:24.451+0000][info][safepoint    ] Safepoint "Cleanup", Time since last: 1000105703 ns, Reaching safepoint: 140535 ns, At safepoint: 3304 ns, Total: 143839 ns
[2020-10-31T07:47:25.451+0000][info][safepoint    ] Safepoint "Cleanup", Time since last: 1000105089 ns, Reaching safepoint: 133428 ns, At safepoint: 3638 ns, Total: 137066 ns
[2020-10-31T07:47:26.452+0000][info][safepoint    ] Safepoint "Cleanup", Time since last: 1000100586 ns, Reaching safepoint: 136966 ns, At safepoint: 3488 ns, Total: 140454 ns
[2020-10-31T07:47:27.452+0000][info][safepoint    ] Safepoint "Cleanup", Time since last: 1000106432 ns, Reaching safepoint: 55650 ns, At safepoint: 5825 ns, Total: 61475 ns
[2020-10-31T07:47:28.452+0000][info][safepoint    ] Safepoint "Cleanup", Time since last: 1000110882 ns, Reaching safepoint: 127056 ns, At safepoint: 6974 ns, Total: 134030 ns
[2020-10-31T07:47:29.452+0000][info][safepoint    ] Safepoint "Cleanup", Time since last: 1000107589 ns, Reaching safepoint: 52193 ns, At safepoint: 2138 ns, Total: 54331 ns
[2020-10-31T07:47:30.065+0000][info][gc,start     ] GC(179) Pause Young (Normal) (G1 Evacuation Pause)
[2020-10-31T07:47:30.065+0000][info][gc,task      ] GC(179) Using 2 workers of 2 for evacuation
[2020-10-31T07:47:30.190+0000][info][gc,phases    ] GC(179)   Pre Evacuate Collection Set: 0.6ms
[2020-10-31T07:47:30.190+0000][info][gc,phases    ] GC(179)   Evacuate Collection Set: 96.2ms
[2020-10-31T07:47:30.190+0000][info][gc,phases    ] GC(179)   Post Evacuate Collection Set: 27.7ms
[2020-10-31T07:47:30.190+0000][info][gc,phases    ] GC(179)   Other: 0.5ms
[2020-10-31T07:47:30.190+0000][info][gc,heap      ] GC(179) Eden regions: 1677->0(1677)
[2020-10-31T07:47:30.190+0000][info][gc,heap      ] GC(179) Survivor regions: 12->12(212)
[2020-10-31T07:47:30.190+0000][info][gc,heap      ] GC(179) Old regions: 3->3
[2020-10-31T07:47:30.190+0000][info][gc,heap      ] GC(179) Archive regions: 2->2
[2020-10-31T07:47:30.190+0000][info][gc,heap      ] GC(179) Humongous regions: 0->0
[2020-10-31T07:47:30.190+0000][info][gc,metaspace ] GC(179) Metaspace: 13747K->13747K(1062912K)
[2020-10-31T07:47:30.190+0000][info][gc           ] GC(179) Pause Young (Normal) (G1 Evacuation Pause) 3384M->30M(5632M) 125.071ms
[2020-10-31T07:47:30.190+0000][info][gc,cpu       ] GC(179) User=0.22s Sys=0.00s Real=0.12s
[2020-10-31T07:47:30.190+0000][info][safepoint    ] Safepoint "G1CollectForAllocation", Time since last: 612939558 ns, Reaching safepoint: 57383 ns, At safepoint: 125124695 ns, Total: 125182078 ns
[2020-10-31T07:47:31.191+0000][info][safepoint    ] Safepoint "Cleanup", Time since last: 1000083327 ns, Reaching safepoint: 147265 ns, At safepoint: 7823 ns, Total: 155088 ns
[2020-10-31T07:47:32.191+0000][info][safepoint    ] Safepoint "Cleanup", Time since last: 1000123886 ns, Reaching safepoint: 123021 ns, At safepoint: 6703 ns, Total: 129724 ns
[2020-10-31T07:47:33.191+0000][info][safepoint    ] Safepoint "Cleanup", Time since last: 1000113121 ns, Reaching safepoint: 127745 ns, At safepoint: 6700 ns, Total: 134445 ns
[2020-10-31T07:47:34.191+0000][info][safepoint    ] Safepoint "Cleanup", Time since last: 1000111949 ns, Reaching safepoint: 127232 ns, At safepoint: 5331 ns, Total: 132563 ns
[2020-10-31T07:47:35.192+0000][info][safepoint    ] Safepoint "Cleanup", Time since last: 1000109398 ns, Reaching safepoint: 132287 ns, At safepoint: 7704 ns, Total: 139991 ns
[2020-10-31T07:47:36.192+0000][info][safepoint    ] Safepoint "Cleanup", Time since last: 1000109642 ns, Reaching safepoint: 59776 ns, At safepoint: 3639 ns, Total: 63415 ns
[2020-10-31T07:47:37.192+0000][info][safepoint    ] Safepoint "Cleanup", Time since last: 1000109830 ns, Reaching safepoint: 46747 ns, At safepoint: 1909 ns, Total: 48656 ns
[2020-10-31T07:47:38.192+0000][info][safepoint    ] Safepoint "Cleanup", Time since last: 1000103528 ns, Reaching safepoint: 63671 ns, At safepoint: 3710 ns, Total: 67381 ns
[2020-10-31T07:47:39.192+0000][info][safepoint    ] Safepoint "Cleanup", Time since last: 1000106910 ns, Reaching safepoint: 123356 ns, At safepoint: 5474 ns, Total: 128830 ns
[2020-10-31T07:47:40.192+0000][info][safepoint    ] Safepoint "Cleanup", Time since last: 1000109579 ns, Reaching safepoint: 50296 ns, At safepoint: 2512 ns, Total: 52808 ns
[2020-10-31T07:47:40.815+0000][info][gc,start     ] GC(180) Pause Young (Normal) (G1 Evacuation Pause)
[2020-10-31T07:47:40.815+0000][info][gc,task      ] GC(180) Using 2 workers of 2 for evacuation
[2020-10-31T07:47:40.938+0000][info][gc,phases    ] GC(180)   Pre Evacuate Collection Set: 0.5ms
[2020-10-31T07:47:40.938+0000][info][gc,phases    ] GC(180)   Evacuate Collection Set: 91.1ms
[2020-10-31T07:47:40.938+0000][info][gc,phases    ] GC(180)   Post Evacuate Collection Set: 30.7ms
[2020-10-31T07:47:40.938+0000][info][gc,phases    ] GC(180)   Other: 0.5ms
[2020-10-31T07:47:40.938+0000][info][gc,heap      ] GC(180) Eden regions: 1677->0(1676)
[2020-10-31T07:47:40.938+0000][info][gc,heap      ] GC(180) Survivor regions: 12->13(212)
[2020-10-31T07:47:40.938+0000][info][gc,heap      ] GC(180) Old regions: 3->3
[2020-10-31T07:47:40.938+0000][info][gc,heap      ] GC(180) Archive regions: 2->2
[2020-10-31T07:47:40.938+0000][info][gc,heap      ] GC(180) Humongous regions: 0->0
[2020-10-31T07:47:40.938+0000][info][gc,metaspace ] GC(180) Metaspace: 13747K->13747K(1062912K)
[2020-10-31T07:47:40.938+0000][info][gc           ] GC(180) Pause Young (Normal) (G1 Evacuation Pause) 3384M->31M(5632M) 122.954ms
[2020-10-31T07:47:40.938+0000][info][gc,cpu       ] GC(180) User=0.24s Sys=0.00s Real=0.12s
[2020-10-31T07:47:40.938+0000][info][safepoint    ] Safepoint "G1CollectForAllocation", Time since last: 622504071 ns, Reaching safepoint: 67887 ns, At safepoint: 123007104 ns, Total: 123074991 ns
[2020-10-31T07:47:41.938+0000][info][safepoint    ] Safepoint "Cleanup", Time since last: 1000081493 ns, Reaching safepoint: 137400 ns, At safepoint: 3842 ns, Total: 141242 ns
[2020-10-31T07:47:42.938+0000][info][safepoint    ] Safepoint "Cleanup", Time since last: 1000109422 ns, Reaching safepoint: 51677 ns, At safepoint: 6047 ns, Total: 57724 ns
[2020-10-31T07:47:43.939+0000][info][safepoint    ] Safepoint "Cleanup", Time since last: 1000110242 ns, Reaching safepoint: 141992 ns, At safepoint: 3447 ns, Total: 145439 ns
[2020-10-31T07:47:44.939+0000][info][safepoint    ] Safepoint "Cleanup", Time since last: 1000110477 ns, Reaching safepoint: 128856 ns, At safepoint: 6407 ns, Total: 135263 ns
[2020-10-31T07:47:45.939+0000][info][safepoint    ] Safepoint "Cleanup", Time since last: 1000108921 ns, Reaching safepoint: 127508 ns, At safepoint: 5974 ns, Total: 133482 ns
[2020-10-31T07:47:46.939+0000][info][safepoint    ] Safepoint "Cleanup", Time since last: 1000109059 ns, Reaching safepoint: 137000 ns, At safepoint: 3310 ns, Total: 140310 ns
[2020-10-31T07:47:47.940+0000][info][safepoint    ] Safepoint "Cleanup", Time since last: 1000134657 ns, Reaching safepoint: 64085 ns, At safepoint: 6899 ns, Total: 70984 ns
[2020-10-31T07:47:48.940+0000][info][safepoint    ] Safepoint "Cleanup", Time since last: 1000101687 ns, Reaching safepoint: 126173 ns, At safepoint: 6527 ns, Total: 132700 ns
[2020-10-31T07:47:49.940+0000][info][safepoint    ] Safepoint "Cleanup", Time since last: 1000108769 ns, Reaching safepoint: 53110 ns, At safepoint: 5822 ns, Total: 58932 ns
[2020-10-31T07:47:50.940+0000][info][safepoint    ] Safepoint "Cleanup", Time since last: 1000104043 ns, Reaching safepoint: 127811 ns, At safepoint: 7155 ns, Total: 134966 ns
[2020-10-31T07:47:51.557+0000][info][gc,start     ] GC(181) Pause Young (Normal) (G1 Evacuation Pause)
[2020-10-31T07:47:51.557+0000][info][gc,task      ] GC(181) Using 2 workers of 2 for evacuation
[2020-10-31T07:47:51.679+0000][info][gc,phases    ] GC(181)   Pre Evacuate Collection Set: 0.6ms
[2020-10-31T07:47:51.679+0000][info][gc,phases    ] GC(181)   Evacuate Collection Set: 91.1ms
[2020-10-31T07:47:51.679+0000][info][gc,phases    ] GC(181)   Post Evacuate Collection Set: 29.7ms
[2020-10-31T07:47:51.679+0000][info][gc,phases    ] GC(181)   Other: 0.5ms
[2020-10-31T07:47:51.679+0000][info][gc,heap      ] GC(181) Eden regions: 1676->0(1677)
[2020-10-31T07:47:51.679+0000][info][gc,heap      ] GC(181) Survivor regions: 13->12(212)
[2020-10-31T07:47:51.679+0000][info][gc,heap      ] GC(181) Old regions: 3->3
[2020-10-31T07:47:51.679+0000][info][gc,heap      ] GC(181) Archive regions: 2->2
[2020-10-31T07:47:51.679+0000][info][gc,heap      ] GC(181) Humongous regions: 0->0
[2020-10-31T07:47:51.679+0000][info][gc,metaspace ] GC(181) Metaspace: 13747K->13747K(1062912K)
[2020-10-31T07:47:51.679+0000][info][gc           ] GC(181) Pause Young (Normal) (G1 Evacuation Pause) 3383M->30M(5632M) 121.918ms
[2020-10-31T07:47:51.679+0000][info][gc,cpu       ] GC(181) User=0.24s Sys=0.00s Real=0.12s
[2020-10-31T07:47:51.679+0000][info][safepoint    ] Safepoint "G1CollectForAllocation", Time since last: 616596205 ns, Reaching safepoint: 50052 ns, At safepoint: 121977826 ns, Total: 122027878 ns
[2020-10-31T07:47:53.260+0000][info][safepoint    ] Safepoint "Cleanup", Time since last: 1581205263 ns, Reaching safepoint: 148077 ns, At safepoint: 3557 ns, Total: 151634 ns
[2020-10-31T07:47:54.261+0000][info][safepoint    ] Safepoint "Cleanup", Time since last: 1000113755 ns, Reaching safepoint: 143133 ns, At safepoint: 5658 ns, Total: 148791 ns
[2020-10-31T07:47:55.261+0000][info][safepoint    ] Safepoint "Cleanup", Time since last: 1000112438 ns, Reaching safepoint: 141556 ns, At safepoint: 3710 ns, Total: 145266 ns
[2020-10-31T07:47:56.261+0000][info][safepoint    ] Safepoint "Cleanup", Time since last: 1000110225 ns, Reaching safepoint: 143361 ns, At safepoint: 8630 ns, Total: 151991 ns
[2020-10-31T07:47:57.261+0000][info][safepoint    ] Safepoint "Cleanup", Time since last: 1000111764 ns, Reaching safepoint: 49291 ns, At safepoint: 2341 ns, Total: 51632 ns
[2020-10-31T07:47:58.261+0000][info][safepoint    ] Safepoint "Cleanup", Time since last: 1000102094 ns, Reaching safepoint: 139716 ns, At safepoint: 3447 ns, Total: 143163 ns
[2020-10-31T07:47:59.262+0000][info][safepoint    ] Safepoint "Cleanup", Time since last: 1000112757 ns, Reaching safepoint: 141755 ns, At safepoint: 3354 ns, Total: 145109 ns
[2020-10-31T07:48:00.262+0000][info][safepoint    ] Safepoint "Cleanup", Time since last: 1000116922 ns, Reaching safepoint: 139512 ns, At safepoint: 3608 ns, Total: 143120 ns
[2020-10-31T07:48:01.262+0000][info][safepoint    ] Safepoint "Cleanup", Time since last: 1000111736 ns, Reaching safepoint: 138353 ns, At safepoint: 3650 ns, Total: 142003 ns
[2020-10-31T07:48:02.262+0000][info][safepoint    ] Safepoint "Cleanup", Time since last: 1000112579 ns, Reaching safepoint: 62622 ns, At safepoint: 6653 ns, Total: 69275 ns
[2020-10-31T07:48:02.307+0000][info][gc,start     ] GC(182) Pause Young (Normal) (G1 Evacuation Pause)
[2020-10-31T07:48:02.307+0000][info][gc,task      ] GC(182) Using 2 workers of 2 for evacuation
[2020-10-31T07:48:02.437+0000][info][gc,phases    ] GC(182)   Pre Evacuate Collection Set: 0.5ms
[2020-10-31T07:48:02.437+0000][info][gc,phases    ] GC(182)   Evacuate Collection Set: 99.7ms
[2020-10-31T07:48:02.437+0000][info][gc,phases    ] GC(182)   Post Evacuate Collection Set: 29.3ms
[2020-10-31T07:48:02.437+0000][info][gc,phases    ] GC(182)   Other: 0.5ms
[2020-10-31T07:48:02.437+0000][info][gc,heap      ] GC(182) Eden regions: 1677->0(1677)
[2020-10-31T07:48:02.437+0000][info][gc,heap      ] GC(182) Survivor regions: 12->12(212)
[2020-10-31T07:48:02.437+0000][info][gc,heap      ] GC(182) Old regions: 3->3
[2020-10-31T07:48:02.437+0000][info][gc,heap      ] GC(182) Archive regions: 2->2
[2020-10-31T07:48:02.437+0000][info][gc,heap      ] GC(182) Humongous regions: 0->0
[2020-10-31T07:48:02.437+0000][info][gc,metaspace ] GC(182) Metaspace: 13747K->13747K(1062912K)
[2020-10-31T07:48:02.437+0000][info][gc           ] GC(182) Pause Young (Normal) (G1 Evacuation Pause) 3384M->30M(5632M) 130.155ms
[2020-10-31T07:48:02.437+0000][info][gc,cpu       ] GC(182) User=0.23s Sys=0.00s Real=0.13s
[2020-10-31T07:48:02.437+0000][info][safepoint    ] Safepoint "G1CollectForAllocation", Time since last: 44518648 ns, Reaching safepoint: 65294 ns, At safepoint: 130209780 ns, Total: 130275074 ns
[2020-10-31T07:48:03.437+0000][info][safepoint    ] Safepoint "Cleanup", Time since last: 1000086334 ns, Reaching safepoint: 50894 ns, At safepoint: 6245 ns, Total: 57139 ns
[2020-10-31T07:48:04.438+0000][info][safepoint    ] Safepoint "Cleanup", Time since last: 1000108509 ns, Reaching safepoint: 137763 ns, At safepoint: 3540 ns, Total: 141303 ns
[2020-10-31T07:48:05.438+0000][info][safepoint    ] Safepoint "Cleanup", Time since last: 1000104582 ns, Reaching safepoint: 135096 ns, At safepoint: 3562 ns, Total: 138658 ns
[2020-10-31T07:48:06.438+0000][info][safepoint    ] Safepoint "Cleanup", Time since last: 1000104648 ns, Reaching safepoint: 65678 ns, At safepoint: 7328 ns, Total: 73006 ns
[2020-10-31T07:48:07.438+0000][info][safepoint    ] Safepoint "Cleanup", Time since last: 1000106541 ns, Reaching safepoint: 64325 ns, At safepoint: 7375 ns, Total: 71700 ns
[2020-10-31T07:48:08.438+0000][info][safepoint    ] Safepoint "Cleanup", Time since last: 1000103894 ns, Reaching safepoint: 141367 ns, At safepoint: 6160 ns, Total: 147527 ns
[2020-10-31T07:48:09.439+0000][info][safepoint    ] Safepoint "Cleanup", Time since last: 1000106211 ns, Reaching safepoint: 60314 ns, At safepoint: 4466 ns, Total: 64780 ns
[2020-10-31T07:48:10.439+0000][info][safepoint    ] Safepoint "Cleanup", Time since last: 1000107335 ns, Reaching safepoint: 129014 ns, At safepoint: 6577 ns, Total: 135591 ns
[2020-10-31T07:48:11.439+0000][info][safepoint    ] Safepoint "Cleanup", Time since last: 1000107356 ns, Reaching safepoint: 63772 ns, At safepoint: 8013 ns, Total: 71785 ns
[2020-10-31T07:48:12.439+0000][info][safepoint    ] Safepoint "Cleanup", Time since last: 1000102513 ns, Reaching safepoint: 122793 ns, At safepoint: 5839 ns, Total: 128632 ns
[2020-10-31T07:48:13.040+0000][info][gc,start     ] GC(183) Pause Young (Normal) (G1 Evacuation Pause)
[2020-10-31T07:48:13.040+0000][info][gc,task      ] GC(183) Using 2 workers of 2 for evacuation
[2020-10-31T07:48:13.162+0000][info][gc,phases    ] GC(183)   Pre Evacuate Collection Set: 0.6ms
[2020-10-31T07:48:13.162+0000][info][gc,phases    ] GC(183)   Evacuate Collection Set: 93.6ms
[2020-10-31T07:48:13.162+0000][info][gc,phases    ] GC(183)   Post Evacuate Collection Set: 27.4ms
[2020-10-31T07:48:13.162+0000][info][gc,phases    ] GC(183)   Other: 0.5ms
[2020-10-31T07:48:13.162+0000][info][gc,heap      ] GC(183) Eden regions: 1677->0(1677)
[2020-10-31T07:48:13.162+0000][info][gc,heap      ] GC(183) Survivor regions: 12->12(212)
[2020-10-31T07:48:13.162+0000][info][gc,heap      ] GC(183) Old regions: 3->3
[2020-10-31T07:48:13.162+0000][info][gc,heap      ] GC(183) Archive regions: 2->2
[2020-10-31T07:48:13.162+0000][info][gc,heap      ] GC(183) Humongous regions: 0->0
[2020-10-31T07:48:13.162+0000][info][gc,metaspace ] GC(183) Metaspace: 13747K->13747K(1062912K)
[2020-10-31T07:48:13.162+0000][info][gc           ] GC(183) Pause Young (Normal) (G1 Evacuation Pause) 3384M->30M(5632M) 122.194ms
[2020-10-31T07:48:13.162+0000][info][gc,cpu       ] GC(183) User=0.23s Sys=0.00s Real=0.12s
[2020-10-31T07:48:13.162+0000][info][safepoint    ] Safepoint "G1CollectForAllocation", Time since last: 600763644 ns, Reaching safepoint: 52001 ns, At safepoint: 122246149 ns, Total: 122298150 ns
[2020-10-31T07:48:14.163+0000][info][safepoint    ] Safepoint "Cleanup", Time since last: 1000084713 ns, Reaching safepoint: 139315 ns, At safepoint: 3384 ns, Total: 142699 ns
[2020-10-31T07:48:15.163+0000][info][safepoint    ] Safepoint "Cleanup", Time since last: 1000109926 ns, Reaching safepoint: 137876 ns, At safepoint: 5912 ns, Total: 143788 ns
[2020-10-31T07:48:16.163+0000][info][safepoint    ] Safepoint "Cleanup", Time since last: 1000113257 ns, Reaching safepoint: 62766 ns, At safepoint: 4724 ns, Total: 67490 ns
[2020-10-31T07:48:17.163+0000][info][safepoint    ] Safepoint "Cleanup", Time since last: 1000112159 ns, Reaching safepoint: 132277 ns, At safepoint: 6241 ns, Total: 138518 ns
[2020-10-31T07:48:18.164+0000][info][safepoint    ] Safepoint "Cleanup", Time since last: 1000114415 ns, Reaching safepoint: 127624 ns, At safepoint: 6223 ns, Total: 133847 ns
[2020-10-31T07:48:19.164+0000][info][safepoint    ] Safepoint "Cleanup", Time since last: 1000111633 ns, Reaching safepoint: 125216 ns, At safepoint: 5934 ns, Total: 131150 ns
[2020-10-31T07:48:20.164+0000][info][safepoint    ] Safepoint "Cleanup", Time since last: 1000110982 ns, Reaching safepoint: 133356 ns, At safepoint: 5760 ns, Total: 139116 ns
[2020-10-31T07:48:21.164+0000][info][safepoint    ] Safepoint "Cleanup", Time since last: 1000111916 ns, Reaching safepoint: 137787 ns, At safepoint: 3365 ns, Total: 141152 ns
[2020-10-31T07:48:22.164+0000][info][safepoint    ] Safepoint "Cleanup", Time since last: 1000111143 ns, Reaching safepoint: 51531 ns, At safepoint: 3444 ns, Total: 54975 ns
[2020-10-31T07:48:23.165+0000][info][safepoint    ] Safepoint "Cleanup", Time since last: 1000107070 ns, Reaching safepoint: 52940 ns, At safepoint: 5823 ns, Total: 58763 ns
[2020-10-31T07:48:23.773+0000][info][gc,start     ] GC(184) Pause Young (Normal) (G1 Evacuation Pause)
[2020-10-31T07:48:23.773+0000][info][gc,task      ] GC(184) Using 2 workers of 2 for evacuation
[2020-10-31T07:48:23.899+0000][info][gc,phases    ] GC(184)   Pre Evacuate Collection Set: 0.6ms
[2020-10-31T07:48:23.899+0000][info][gc,phases    ] GC(184)   Evacuate Collection Set: 97.5ms
[2020-10-31T07:48:23.899+0000][info][gc,phases    ] GC(184)   Post Evacuate Collection Set: 27.4ms
[2020-10-31T07:48:23.899+0000][info][gc,phases    ] GC(184)   Other: 0.5ms
[2020-10-31T07:48:23.899+0000][info][gc,heap      ] GC(184) Eden regions: 1677->0(1677)
[2020-10-31T07:48:23.899+0000][info][gc,heap      ] GC(184) Survivor regions: 12->12(212)
[2020-10-31T07:48:23.899+0000][info][gc,heap      ] GC(184) Old regions: 3->3
[2020-10-31T07:48:23.899+0000][info][gc,heap      ] GC(184) Archive regions: 2->2
[2020-10-31T07:48:23.899+0000][info][gc,heap      ] GC(184) Humongous regions: 0->0
[2020-10-31T07:48:23.899+0000][info][gc,metaspace ] GC(184) Metaspace: 13747K->13747K(1062912K)
[2020-10-31T07:48:23.899+0000][info][gc           ] GC(184) Pause Young (Normal) (G1 Evacuation Pause) 3384M->30M(5632M) 126.149ms
[2020-10-31T07:48:23.899+0000][info][gc,cpu       ] GC(184) User=0.23s Sys=0.00s Real=0.12s
[2020-10-31T07:48:23.899+0000][info][safepoint    ] Safepoint "G1CollectForAllocation", Time since last: 607889518 ns, Reaching safepoint: 69038 ns, At safepoint: 126211932 ns, Total: 126280970 ns
[2020-10-31T07:48:24.899+0000][info][safepoint    ] Safepoint "Cleanup", Time since last: 1000086346 ns, Reaching safepoint: 140585 ns, At safepoint: 3288 ns, Total: 143873 ns
[2020-10-31T07:48:25.899+0000][info][safepoint    ] Safepoint "Cleanup", Time since last: 1000109204 ns, Reaching safepoint: 139263 ns, At safepoint: 3325 ns, Total: 142588 ns
[2020-10-31T07:48:26.900+0000][info][safepoint    ] Safepoint "Cleanup", Time since last: 1000126177 ns, Reaching safepoint: 130258 ns, At safepoint: 5393 ns, Total: 135651 ns
[2020-10-31T07:48:27.900+0000][info][safepoint    ] Safepoint "Cleanup", Time since last: 1000110592 ns, Reaching safepoint: 129335 ns, At safepoint: 5251 ns, Total: 134586 ns
[2020-10-31T07:48:28.900+0000][info][safepoint    ] Safepoint "Cleanup", Time since last: 1000110937 ns, Reaching safepoint: 49762 ns, At safepoint: 5141 ns, Total: 54903 ns
[2020-10-31T07:48:29.900+0000][info][safepoint    ] Safepoint "Cleanup", Time since last: 1000149480 ns, Reaching safepoint: 49139 ns, At safepoint: 2113 ns, Total: 51252 ns
[2020-10-31T07:48:30.900+0000][info][safepoint    ] Safepoint "Cleanup", Time since last: 1000101426 ns, Reaching safepoint: 120134 ns, At safepoint: 5993 ns, Total: 126127 ns
[2020-10-31T07:48:31.901+0000][info][safepoint    ] Safepoint "Cleanup", Time since last: 1000110614 ns, Reaching safepoint: 47307 ns, At safepoint: 2328 ns, Total: 49635 ns
[2020-10-31T07:48:32.901+0000][info][safepoint    ] Safepoint "Cleanup", Time since last: 1000114581 ns, Reaching safepoint: 123765 ns, At safepoint: 3304 ns, Total: 127069 ns
[2020-10-31T07:48:33.901+0000][info][safepoint    ] Safepoint "Cleanup", Time since last: 1000148912 ns, Reaching safepoint: 50198 ns, At safepoint: 2199 ns, Total: 52397 ns
[2020-10-31T07:48:34.509+0000][info][gc,start     ] GC(185) Pause Young (Normal) (G1 Evacuation Pause)
[2020-10-31T07:48:34.509+0000][info][gc,task      ] GC(185) Using 2 workers of 2 for evacuation
[2020-10-31T07:48:34.630+0000][info][gc,phases    ] GC(185)   Pre Evacuate Collection Set: 0.6ms
[2020-10-31T07:48:34.630+0000][info][gc,phases    ] GC(185)   Evacuate Collection Set: 90.6ms
[2020-10-31T07:48:34.630+0000][info][gc,phases    ] GC(185)   Post Evacuate Collection Set: 29.3ms
[2020-10-31T07:48:34.630+0000][info][gc,phases    ] GC(185)   Other: 0.5ms
[2020-10-31T07:48:34.630+0000][info][gc,heap      ] GC(185) Eden regions: 1677->0(1677)
[2020-10-31T07:48:34.630+0000][info][gc,heap      ] GC(185) Survivor regions: 12->12(212)
[2020-10-31T07:48:34.630+0000][info][gc,heap      ] GC(185) Old regions: 3->3
[2020-10-31T07:48:34.630+0000][info][gc,heap      ] GC(185) Archive regions: 2->2
[2020-10-31T07:48:34.630+0000][info][gc,heap      ] GC(185) Humongous regions: 0->0
[2020-10-31T07:48:34.630+0000][info][gc,metaspace ] GC(185) Metaspace: 13747K->13747K(1062912K)
[2020-10-31T07:48:34.630+0000][info][gc           ] GC(185) Pause Young (Normal) (G1 Evacuation Pause) 3384M->30M(5632M) 121.071ms
[2020-10-31T07:48:34.630+0000][info][gc,cpu       ] GC(185) User=0.24s Sys=0.00s Real=0.12s
[2020-10-31T07:48:34.630+0000][info][safepoint    ] Safepoint "G1CollectForAllocation", Time since last: 608041934 ns, Reaching safepoint: 51963 ns, At safepoint: 121124603 ns, Total: 121176566 ns
[2020-10-31T07:48:35.630+0000][info][safepoint    ] Safepoint "Cleanup", Time since last: 1000087743 ns, Reaching safepoint: 60477 ns, At safepoint: 6372 ns, Total: 66849 ns
[2020-10-31T07:48:36.631+0000][info][safepoint    ] Safepoint "Cleanup", Time since last: 1000111182 ns, Reaching safepoint: 64405 ns, At safepoint: 4877 ns, Total: 69282 ns
[2020-10-31T07:48:37.631+0000][info][safepoint    ] Safepoint "Cleanup", Time since last: 1000105231 ns, Reaching safepoint: 129986 ns, At safepoint: 5521 ns, Total: 135507 ns
[2020-10-31T07:48:38.631+0000][info][safepoint    ] Safepoint "Cleanup", Time since last: 1000107617 ns, Reaching safepoint: 49102 ns, At safepoint: 2100 ns, Total: 51202 ns
[2020-10-31T07:48:39.631+0000][info][safepoint    ] Safepoint "Cleanup", Time since last: 1000102967 ns, Reaching safepoint: 137827 ns, At safepoint: 3561 ns, Total: 141388 ns
[2020-10-31T07:48:40.631+0000][info][safepoint    ] Safepoint "Cleanup", Time since last: 1000108211 ns, Reaching safepoint: 49220 ns, At safepoint: 6677 ns, Total: 55897 ns
[2020-10-31T07:48:41.632+0000][info][safepoint    ] Safepoint "Cleanup", Time since last: 1000107115 ns, Reaching safepoint: 122898 ns, At safepoint: 6195 ns, Total: 129093 ns
[2020-10-31T07:48:42.632+0000][info][safepoint    ] Safepoint "Cleanup", Time since last: 1000123767 ns, Reaching safepoint: 65557 ns, At safepoint: 3262 ns, Total: 68819 ns
[2020-10-31T07:48:43.632+0000][info][safepoint    ] Safepoint "Cleanup", Time since last: 1000100810 ns, Reaching safepoint: 129076 ns, At safepoint: 5604 ns, Total: 134680 ns
[2020-10-31T07:48:44.632+0000][info][safepoint    ] Safepoint "Cleanup", Time since last: 1000107402 ns, Reaching safepoint: 137143 ns, At safepoint: 3170 ns, Total: 140313 ns
[2020-10-31T07:48:45.237+0000][info][gc,start     ] GC(186) Pause Young (Normal) (G1 Evacuation Pause)
[2020-10-31T07:48:45.237+0000][info][gc,task      ] GC(186) Using 2 workers of 2 for evacuation
[2020-10-31T07:48:45.358+0000][info][gc,phases    ] GC(186)   Pre Evacuate Collection Set: 0.5ms
[2020-10-31T07:48:45.358+0000][info][gc,phases    ] GC(186)   Evacuate Collection Set: 90.5ms
[2020-10-31T07:48:45.358+0000][info][gc,phases    ] GC(186)   Post Evacuate Collection Set: 29.3ms
[2020-10-31T07:48:45.358+0000][info][gc,phases    ] GC(186)   Other: 0.5ms
[2020-10-31T07:48:45.358+0000][info][gc,heap      ] GC(186) Eden regions: 1677->0(1676)
[2020-10-31T07:48:45.358+0000][info][gc,heap      ] GC(186) Survivor regions: 12->13(212)
[2020-10-31T07:48:45.358+0000][info][gc,heap      ] GC(186) Old regions: 3->3
[2020-10-31T07:48:45.358+0000][info][gc,heap      ] GC(186) Archive regions: 2->2
[2020-10-31T07:48:45.358+0000][info][gc,heap      ] GC(186) Humongous regions: 0->0
[2020-10-31T07:48:45.358+0000][info][gc,metaspace ] GC(186) Metaspace: 13747K->13747K(1062912K)
[2020-10-31T07:48:45.358+0000][info][gc           ] GC(186) Pause Young (Normal) (G1 Evacuation Pause) 3384M->31M(5632M) 120.908ms
[2020-10-31T07:48:45.358+0000][info][gc,cpu       ] GC(186) User=0.23s Sys=0.00s Real=0.12s
[2020-10-31T07:48:45.358+0000][info][safepoint    ] Safepoint "G1CollectForAllocation", Time since last: 604883549 ns, Reaching safepoint: 50966 ns, At safepoint: 120960176 ns, Total: 121011142 ns
[2020-10-31T07:48:46.703+0000][info][safepoint    ] Safepoint "Cleanup", Time since last: 1345143084 ns, Reaching safepoint: 59396 ns, At safepoint: 3908 ns, Total: 63304 ns
[2020-10-31T07:48:47.704+0000][info][safepoint    ] Safepoint "Cleanup", Time since last: 1000112211 ns, Reaching safepoint: 127843 ns, At safepoint: 6678 ns, Total: 134521 ns
[2020-10-31T07:48:48.704+0000][info][safepoint    ] Safepoint "Cleanup", Time since last: 1000111366 ns, Reaching safepoint: 143837 ns, At safepoint: 3756 ns, Total: 147593 ns
[2020-10-31T07:48:49.704+0000][info][safepoint    ] Safepoint "Cleanup", Time since last: 1000107370 ns, Reaching safepoint: 63742 ns, At safepoint: 3861 ns, Total: 67603 ns
[2020-10-31T07:48:50.704+0000][info][safepoint    ] Safepoint "Cleanup", Time since last: 1000113498 ns, Reaching safepoint: 58750 ns, At safepoint: 6651 ns, Total: 65401 ns
[2020-10-31T07:48:51.704+0000][info][safepoint    ] Safepoint "Cleanup", Time since last: 1000110240 ns, Reaching safepoint: 62295 ns, At safepoint: 4456 ns, Total: 66751 ns
[2020-10-31T07:48:52.705+0000][info][safepoint    ] Safepoint "Cleanup", Time since last: 1000105637 ns, Reaching safepoint: 141058 ns, At safepoint: 6449 ns, Total: 147507 ns
[2020-10-31T07:48:53.705+0000][info][safepoint    ] Safepoint "Cleanup", Time since last: 1000111461 ns, Reaching safepoint: 63643 ns, At safepoint: 4471 ns, Total: 68114 ns
[2020-10-31T07:48:54.705+0000][info][safepoint    ] Safepoint "Cleanup", Time since last: 1000106734 ns, Reaching safepoint: 126960 ns, At safepoint: 6037 ns, Total: 132997 ns
[2020-10-31T07:48:55.705+0000][info][safepoint    ] Safepoint "Cleanup", Time since last: 1000110026 ns, Reaching safepoint: 58412 ns, At safepoint: 3415 ns, Total: 61827 ns
[2020-10-31T07:48:55.962+0000][info][gc,start     ] GC(187) Pause Young (Normal) (G1 Evacuation Pause)
[2020-10-31T07:48:55.962+0000][info][gc,task      ] GC(187) Using 2 workers of 2 for evacuation
[2020-10-31T07:48:56.086+0000][info][gc,phases    ] GC(187)   Pre Evacuate Collection Set: 0.6ms
[2020-10-31T07:48:56.086+0000][info][gc,phases    ] GC(187)   Evacuate Collection Set: 94.3ms
[2020-10-31T07:48:56.086+0000][info][gc,phases    ] GC(187)   Post Evacuate Collection Set: 28.3ms
[2020-10-31T07:48:56.086+0000][info][gc,phases    ] GC(187)   Other: 0.5ms
[2020-10-31T07:48:56.086+0000][info][gc,heap      ] GC(187) Eden regions: 1676->0(1676)
[2020-10-31T07:48:56.086+0000][info][gc,heap      ] GC(187) Survivor regions: 13->13(212)
[2020-10-31T07:48:56.086+0000][info][gc,heap      ] GC(187) Old regions: 3->3
[2020-10-31T07:48:56.086+0000][info][gc,heap      ] GC(187) Archive regions: 2->2
[2020-10-31T07:48:56.086+0000][info][gc,heap      ] GC(187) Humongous regions: 0->0
[2020-10-31T07:48:56.086+0000][info][gc,metaspace ] GC(187) Metaspace: 13747K->13747K(1062912K)
[2020-10-31T07:48:56.086+0000][info][gc           ] GC(187) Pause Young (Normal) (G1 Evacuation Pause) 3383M->31M(5632M) 123.744ms
[2020-10-31T07:48:56.086+0000][info][gc,cpu       ] GC(187) User=0.23s Sys=0.00s Real=0.13s
[2020-10-31T07:48:56.086+0000][info][safepoint    ] Safepoint "G1CollectForAllocation", Time since last: 257042858 ns, Reaching safepoint: 51223 ns, At safepoint: 123804064 ns, Total: 123855287 ns
[2020-10-31T07:48:57.086+0000][info][safepoint    ] Safepoint "Cleanup", Time since last: 1000080107 ns, Reaching safepoint: 58101 ns, At safepoint: 4667 ns, Total: 62768 ns
[2020-10-31T07:48:58.086+0000][info][safepoint    ] Safepoint "Cleanup", Time since last: 1000109142 ns, Reaching safepoint: 131807 ns, At safepoint: 7031 ns, Total: 138838 ns
[2020-10-31T07:48:59.087+0000][info][safepoint    ] Safepoint "Cleanup", Time since last: 1000107805 ns, Reaching safepoint: 132913 ns, At safepoint: 4397 ns, Total: 137310 ns
[2020-10-31T07:49:00.087+0000][info][safepoint    ] Safepoint "Cleanup", Time since last: 1000108600 ns, Reaching safepoint: 128232 ns, At safepoint: 5663 ns, Total: 133895 ns
[2020-10-31T07:49:01.087+0000][info][safepoint    ] Safepoint "Cleanup", Time since last: 1000112221 ns, Reaching safepoint: 49775 ns, At safepoint: 5530 ns, Total: 55305 ns
[2020-10-31T07:49:02.087+0000][info][safepoint    ] Safepoint "Cleanup", Time since last: 1000107675 ns, Reaching safepoint: 57439 ns, At safepoint: 5450 ns, Total: 62889 ns
[2020-10-31T07:49:03.088+0000][info][safepoint    ] Safepoint "Cleanup", Time since last: 1000106948 ns, Reaching safepoint: 131736 ns, At safepoint: 7379 ns, Total: 139115 ns
[2020-10-31T07:49:04.088+0000][info][safepoint    ] Safepoint "Cleanup", Time since last: 1000110415 ns, Reaching safepoint: 139465 ns, At safepoint: 3449 ns, Total: 142914 ns
[2020-10-31T07:49:05.088+0000][info][safepoint    ] Safepoint "Cleanup", Time since last: 1000107476 ns, Reaching safepoint: 144715 ns, At safepoint: 4890 ns, Total: 149605 ns
[2020-10-31T07:49:06.088+0000][info][safepoint    ] Safepoint "Cleanup", Time since last: 1000110374 ns, Reaching safepoint: 137623 ns, At safepoint: 3640 ns, Total: 141263 ns
[2020-10-31T07:49:06.702+0000][info][gc,start     ] GC(188) Pause Young (Normal) (G1 Evacuation Pause)
[2020-10-31T07:49:06.702+0000][info][gc,task      ] GC(188) Using 2 workers of 2 for evacuation
[2020-10-31T07:49:06.830+0000][info][gc,phases    ] GC(188)   Pre Evacuate Collection Set: 0.5ms
[2020-10-31T07:49:06.830+0000][info][gc,phases    ] GC(188)   Evacuate Collection Set: 98.3ms
[2020-10-31T07:49:06.830+0000][info][gc,phases    ] GC(188)   Post Evacuate Collection Set: 28.6ms
[2020-10-31T07:49:06.830+0000][info][gc,phases    ] GC(188)   Other: 0.5ms
[2020-10-31T07:49:06.830+0000][info][gc,heap      ] GC(188) Eden regions: 1676->0(1677)
[2020-10-31T07:49:06.830+0000][info][gc,heap      ] GC(188) Survivor regions: 13->12(212)
[2020-10-31T07:49:06.830+0000][info][gc,heap      ] GC(188) Old regions: 3->3
[2020-10-31T07:49:06.830+0000][info][gc,heap      ] GC(188) Archive regions: 2->2
[2020-10-31T07:49:06.830+0000][info][gc,heap      ] GC(188) Humongous regions: 0->0
[2020-10-31T07:49:06.830+0000][info][gc,metaspace ] GC(188) Metaspace: 13747K->13747K(1062912K)
[2020-10-31T07:49:06.830+0000][info][gc           ] GC(188) Pause Young (Normal) (G1 Evacuation Pause) 3383M->30M(5632M) 128.037ms
[2020-10-31T07:49:06.830+0000][info][gc,cpu       ] GC(188) User=0.22s Sys=0.00s Real=0.13s
[2020-10-31T07:49:06.830+0000][info][safepoint    ] Safepoint "G1CollectForAllocation", Time since last: 613692356 ns, Reaching safepoint: 64222 ns, At safepoint: 128092085 ns, Total: 128156307 ns
[2020-10-31T07:49:07.830+0000][info][safepoint    ] Safepoint "Cleanup", Time since last: 1000081073 ns, Reaching safepoint: 55507 ns, At safepoint: 3579 ns, Total: 59086 ns
[2020-10-31T07:49:08.831+0000][info][safepoint    ] Safepoint "Cleanup", Time since last: 1000100658 ns, Reaching safepoint: 137637 ns, At safepoint: 5758 ns, Total: 143395 ns
[2020-10-31T07:49:09.831+0000][info][safepoint    ] Safepoint "Cleanup", Time since last: 1000107882 ns, Reaching safepoint: 45619 ns, At safepoint: 1928 ns, Total: 47547 ns
[2020-10-31T07:49:10.831+0000][info][safepoint    ] Safepoint "Cleanup", Time since last: 1000102240 ns, Reaching safepoint: 124927 ns, At safepoint: 5393 ns, Total: 130320 ns
[2020-10-31T07:49:11.831+0000][info][safepoint    ] Safepoint "Cleanup", Time since last: 1000108856 ns, Reaching safepoint: 127690 ns, At safepoint: 5693 ns, Total: 133383 ns
[2020-10-31T07:49:12.831+0000][info][safepoint    ] Safepoint "Cleanup", Time since last: 1000110672 ns, Reaching safepoint: 143829 ns, At safepoint: 7145 ns, Total: 150974 ns
[2020-10-31T07:49:13.832+0000][info][safepoint    ] Safepoint "Cleanup", Time since last: 1000100416 ns, Reaching safepoint: 122790 ns, At safepoint: 6568 ns, Total: 129358 ns
[2020-10-31T07:49:14.832+0000][info][safepoint    ] Safepoint "Cleanup", Time since last: 1000120607 ns, Reaching safepoint: 50240 ns, At safepoint: 5779 ns, Total: 56019 ns
[2020-10-31T07:49:15.832+0000][info][safepoint    ] Safepoint "Cleanup", Time since last: 1000101239 ns, Reaching safepoint: 128180 ns, At safepoint: 5867 ns, Total: 134047 ns
[2020-10-31T07:49:16.832+0000][info][safepoint    ] Safepoint "Cleanup", Time since last: 1000110007 ns, Reaching safepoint: 126615 ns, At safepoint: 6130 ns, Total: 132745 ns
[2020-10-31T07:49:17.435+0000][info][gc,start     ] GC(189) Pause Young (Normal) (G1 Evacuation Pause)
[2020-10-31T07:49:17.435+0000][info][gc,task      ] GC(189) Using 2 workers of 2 for evacuation
[2020-10-31T07:49:17.558+0000][info][gc,phases    ] GC(189)   Pre Evacuate Collection Set: 0.6ms
[2020-10-31T07:49:17.558+0000][info][gc,phases    ] GC(189)   Evacuate Collection Set: 91.5ms
[2020-10-31T07:49:17.558+0000][info][gc,phases    ] GC(189)   Post Evacuate Collection Set: 30.7ms
[2020-10-31T07:49:17.558+0000][info][gc,phases    ] GC(189)   Other: 0.5ms
[2020-10-31T07:49:17.558+0000][info][gc,heap      ] GC(189) Eden regions: 1677->0(1676)
[2020-10-31T07:49:17.558+0000][info][gc,heap      ] GC(189) Survivor regions: 12->13(212)
[2020-10-31T07:49:17.558+0000][info][gc,heap      ] GC(189) Old regions: 3->3
[2020-10-31T07:49:17.558+0000][info][gc,heap      ] GC(189) Archive regions: 2->2
[2020-10-31T07:49:17.558+0000][info][gc,heap      ] GC(189) Humongous regions: 0->0
[2020-10-31T07:49:17.558+0000][info][gc,metaspace ] GC(189) Metaspace: 13747K->13747K(1062912K)
[2020-10-31T07:49:17.558+0000][info][gc           ] GC(189) Pause Young (Normal) (G1 Evacuation Pause) 3384M->31M(5632M) 123.240ms
[2020-10-31T07:49:17.558+0000][info][gc,cpu       ] GC(189) User=0.24s Sys=0.00s Real=0.12s
[2020-10-31T07:49:17.558+0000][info][safepoint    ] Safepoint "G1CollectForAllocation", Time since last: 602544161 ns, Reaching safepoint: 51733 ns, At safepoint: 123292543 ns, Total: 123344276 ns
[2020-10-31T07:49:18.558+0000][info][safepoint    ] Safepoint "Cleanup", Time since last: 1000084724 ns, Reaching safepoint: 125580 ns, At safepoint: 7153 ns, Total: 132733 ns
[2020-10-31T07:49:19.559+0000][info][safepoint    ] Safepoint "Cleanup", Time since last: 1000107253 ns, Reaching safepoint: 127248 ns, At safepoint: 5386 ns, Total: 132634 ns
[2020-10-31T07:49:20.559+0000][info][safepoint    ] Safepoint "Cleanup", Time since last: 1000123273 ns, Reaching safepoint: 145579 ns, At safepoint: 6547 ns, Total: 152126 ns
[2020-10-31T07:49:21.559+0000][info][safepoint    ] Safepoint "Cleanup", Time since last: 1000112246 ns, Reaching safepoint: 127938 ns, At safepoint: 5616 ns, Total: 133554 ns
[2020-10-31T07:49:22.559+0000][info][safepoint    ] Safepoint "Cleanup", Time since last: 1000113120 ns, Reaching safepoint: 132999 ns, At safepoint: 5333 ns, Total: 138332 ns
[2020-10-31T07:49:23.560+0000][info][safepoint    ] Safepoint "Cleanup", Time since last: 1000114015 ns, Reaching safepoint: 65986 ns, At safepoint: 7169 ns, Total: 73155 ns
[2020-10-31T07:49:24.560+0000][info][safepoint    ] Safepoint "Cleanup", Time since last: 1000108188 ns, Reaching safepoint: 128035 ns, At safepoint: 5246 ns, Total: 133281 ns
[2020-10-31T07:49:25.560+0000][info][safepoint    ] Safepoint "Cleanup", Time since last: 1000111764 ns, Reaching safepoint: 47696 ns, At safepoint: 1873 ns, Total: 49569 ns
[2020-10-31T07:49:26.560+0000][info][safepoint    ] Safepoint "Cleanup", Time since last: 1000100144 ns, Reaching safepoint: 143052 ns, At safepoint: 3653 ns, Total: 146705 ns
[2020-10-31T07:49:27.561+0000][info][safepoint    ] Safepoint "Cleanup", Time since last: 1000110701 ns, Reaching safepoint: 138086 ns, At safepoint: 6267 ns, Total: 144353 ns
[2020-10-31T07:49:28.177+0000][info][gc,start     ] GC(190) Pause Young (Normal) (G1 Evacuation Pause)
[2020-10-31T07:49:28.177+0000][info][gc,task      ] GC(190) Using 2 workers of 2 for evacuation
[2020-10-31T07:49:28.299+0000][info][gc,phases    ] GC(190)   Pre Evacuate Collection Set: 0.6ms
[2020-10-31T07:49:28.299+0000][info][gc,phases    ] GC(190)   Evacuate Collection Set: 91.6ms
[2020-10-31T07:49:28.299+0000][info][gc,phases    ] GC(190)   Post Evacuate Collection Set: 28.5ms
[2020-10-31T07:49:28.299+0000][info][gc,phases    ] GC(190)   Other: 0.5ms
[2020-10-31T07:49:28.299+0000][info][gc,heap      ] GC(190) Eden regions: 1676->0(1676)
[2020-10-31T07:49:28.299+0000][info][gc,heap      ] GC(190) Survivor regions: 13->13(212)
[2020-10-31T07:49:28.299+0000][info][gc,heap      ] GC(190) Old regions: 3->3
[2020-10-31T07:49:28.299+0000][info][gc,heap      ] GC(190) Archive regions: 2->2
[2020-10-31T07:49:28.299+0000][info][gc,heap      ] GC(190) Humongous regions: 0->0
[2020-10-31T07:49:28.299+0000][info][gc,metaspace ] GC(190) Metaspace: 13747K->13747K(1062912K)
[2020-10-31T07:49:28.299+0000][info][gc           ] GC(190) Pause Young (Normal) (G1 Evacuation Pause) 3383M->31M(5632M) 121.213ms
[2020-10-31T07:49:28.299+0000][info][gc,cpu       ] GC(190) User=0.23s Sys=0.00s Real=0.12s
[2020-10-31T07:49:28.299+0000][info][safepoint    ] Safepoint "G1CollectForAllocation", Time since last: 616792605 ns, Reaching safepoint: 48014 ns, At safepoint: 121276280 ns, Total: 121324294 ns
[2020-10-31T07:49:29.299+0000][info][safepoint    ] Safepoint "Cleanup", Time since last: 1000082777 ns, Reaching safepoint: 124517 ns, At safepoint: 5546 ns, Total: 130063 ns
[2020-10-31T07:49:30.299+0000][info][safepoint    ] Safepoint "Cleanup", Time since last: 1000112207 ns, Reaching safepoint: 136867 ns, At safepoint: 3105 ns, Total: 139972 ns
[2020-10-31T07:49:31.299+0000][info][safepoint    ] Safepoint "Cleanup", Time since last: 1000110031 ns, Reaching safepoint: 135265 ns, At safepoint: 3538 ns, Total: 138803 ns
[2020-10-31T07:49:32.300+0000][info][safepoint    ] Safepoint "Cleanup", Time since last: 1000106443 ns, Reaching safepoint: 139335 ns, At safepoint: 5637 ns, Total: 144972 ns
[2020-10-31T07:49:33.300+0000][info][safepoint    ] Safepoint "Cleanup", Time since last: 1000108625 ns, Reaching safepoint: 133050 ns, At safepoint: 5653 ns, Total: 138703 ns
[2020-10-31T07:49:34.300+0000][info][safepoint    ] Safepoint "Cleanup", Time since last: 1000110534 ns, Reaching safepoint: 128427 ns, At safepoint: 6807 ns, Total: 135234 ns
[2020-10-31T07:49:35.300+0000][info][safepoint    ] Safepoint "Cleanup", Time since last: 1000110688 ns, Reaching safepoint: 130594 ns, At safepoint: 6863 ns, Total: 137457 ns
[2020-10-31T07:49:36.301+0000][info][safepoint    ] Safepoint "Cleanup", Time since last: 1000127728 ns, Reaching safepoint: 137323 ns, At safepoint: 3507 ns, Total: 140830 ns
[2020-10-31T07:49:37.301+0000][info][safepoint    ] Safepoint "Cleanup", Time since last: 1000106665 ns, Reaching safepoint: 48135 ns, At safepoint: 2084 ns, Total: 50219 ns
[2020-10-31T07:49:38.301+0000][info][safepoint    ] Safepoint "Cleanup", Time since last: 1000102654 ns, Reaching safepoint: 130974 ns, At safepoint: 5858 ns, Total: 136832 ns
[2020-10-31T07:49:38.838+0000][info][gc,start     ] GC(191) Pause Young (Normal) (G1 Evacuation Pause)
[2020-10-31T07:49:38.838+0000][info][gc,task      ] GC(191) Using 2 workers of 2 for evacuation
[2020-10-31T07:49:38.962+0000][info][gc,phases    ] GC(191)   Pre Evacuate Collection Set: 0.6ms
[2020-10-31T07:49:38.962+0000][info][gc,phases    ] GC(191)   Evacuate Collection Set: 93.0ms
[2020-10-31T07:49:38.962+0000][info][gc,phases    ] GC(191)   Post Evacuate Collection Set: 29.7ms
[2020-10-31T07:49:38.962+0000][info][gc,phases    ] GC(191)   Other: 0.5ms
[2020-10-31T07:49:38.962+0000][info][gc,heap      ] GC(191) Eden regions: 1676->0(1676)
[2020-10-31T07:49:38.962+0000][info][gc,heap      ] GC(191) Survivor regions: 13->13(212)
[2020-10-31T07:49:38.962+0000][info][gc,heap      ] GC(191) Old regions: 3->3
[2020-10-31T07:49:38.962+0000][info][gc,heap      ] GC(191) Archive regions: 2->2
[2020-10-31T07:49:38.962+0000][info][gc,heap      ] GC(191) Humongous regions: 0->0
[2020-10-31T07:49:38.962+0000][info][gc,metaspace ] GC(191) Metaspace: 13747K->13747K(1062912K)
[2020-10-31T07:49:38.962+0000][info][gc           ] GC(191) Pause Young (Normal) (G1 Evacuation Pause) 3383M->31M(5632M) 123.818ms
[2020-10-31T07:49:38.962+0000][info][gc,cpu       ] GC(191) User=0.23s Sys=0.00s Real=0.12s
[2020-10-31T07:49:38.962+0000][info][safepoint    ] Safepoint "G1CollectForAllocation", Time since last: 537160432 ns, Reaching safepoint: 63704 ns, At safepoint: 123871591 ns, Total: 123935295 ns
[2020-10-31T07:49:39.962+0000][info][safepoint    ] Safepoint "Cleanup", Time since last: 1000082639 ns, Reaching safepoint: 126427 ns, At safepoint: 6301 ns, Total: 132728 ns
[2020-10-31T07:49:40.963+0000][info][safepoint    ] Safepoint "Cleanup", Time since last: 1000105359 ns, Reaching safepoint: 135909 ns, At safepoint: 3683 ns, Total: 139592 ns
[2020-10-31T07:49:41.963+0000][info][safepoint    ] Safepoint "Cleanup", Time since last: 1000106198 ns, Reaching safepoint: 128038 ns, At safepoint: 5520 ns, Total: 133558 ns
[2020-10-31T07:49:42.963+0000][info][safepoint    ] Safepoint "Cleanup", Time since last: 1000109161 ns, Reaching safepoint: 141000 ns, At safepoint: 3431 ns, Total: 144431 ns
[2020-10-31T07:49:43.963+0000][info][safepoint    ] Safepoint "Cleanup", Time since last: 1000110553 ns, Reaching safepoint: 76359 ns, At safepoint: 3912 ns, Total: 80271 ns
[2020-10-31T07:49:44.964+0000][info][safepoint    ] Safepoint "Cleanup", Time since last: 1000105132 ns, Reaching safepoint: 124136 ns, At safepoint: 5496 ns, Total: 129632 ns
[2020-10-31T07:49:45.964+0000][info][safepoint    ] Safepoint "Cleanup", Time since last: 1000107802 ns, Reaching safepoint: 48424 ns, At safepoint: 2040 ns, Total: 50464 ns
[2020-10-31T07:49:46.964+0000][info][safepoint    ] Safepoint "Cleanup", Time since last: 1000099034 ns, Reaching safepoint: 122769 ns, At safepoint: 7199 ns, Total: 129968 ns
[2020-10-31T07:49:47.964+0000][info][safepoint    ] Safepoint "Cleanup", Time since last: 1000107425 ns, Reaching safepoint: 131333 ns, At safepoint: 6562 ns, Total: 137895 ns
[2020-10-31T07:49:48.964+0000][info][safepoint    ] Safepoint "Cleanup", Time since last: 1000111500 ns, Reaching safepoint: 127672 ns, At safepoint: 6854 ns, Total: 134526 ns
[2020-10-31T07:49:49.614+0000][info][gc,start     ] GC(192) Pause Young (Normal) (G1 Evacuation Pause)
[2020-10-31T07:49:49.614+0000][info][gc,task      ] GC(192) Using 2 workers of 2 for evacuation
[2020-10-31T07:49:49.734+0000][info][gc,phases    ] GC(192)   Pre Evacuate Collection Set: 0.5ms
[2020-10-31T07:49:49.734+0000][info][gc,phases    ] GC(192)   Evacuate Collection Set: 90.4ms
[2020-10-31T07:49:49.734+0000][info][gc,phases    ] GC(192)   Post Evacuate Collection Set: 29.0ms
[2020-10-31T07:49:49.734+0000][info][gc,phases    ] GC(192)   Other: 0.5ms
[2020-10-31T07:49:49.734+0000][info][gc,heap      ] GC(192) Eden regions: 1676->0(1677)
[2020-10-31T07:49:49.734+0000][info][gc,heap      ] GC(192) Survivor regions: 13->12(212)
[2020-10-31T07:49:49.734+0000][info][gc,heap      ] GC(192) Old regions: 3->3
[2020-10-31T07:49:49.734+0000][info][gc,heap      ] GC(192) Archive regions: 2->2
[2020-10-31T07:49:49.734+0000][info][gc,heap      ] GC(192) Humongous regions: 0->0
[2020-10-31T07:49:49.734+0000][info][gc,metaspace ] GC(192) Metaspace: 13747K->13747K(1062912K)
[2020-10-31T07:49:49.734+0000][info][gc           ] GC(192) Pause Young (Normal) (G1 Evacuation Pause) 3383M->30M(5632M) 120.567ms
[2020-10-31T07:49:49.734+0000][info][gc,cpu       ] GC(192) User=0.24s Sys=0.00s Real=0.12s
[2020-10-31T07:49:49.734+0000][info][safepoint    ] Safepoint "G1CollectForAllocation", Time since last: 649131732 ns, Reaching safepoint: 52171 ns, At safepoint: 120628201 ns, Total: 120680372 ns
[2020-10-31T07:49:50.734+0000][info][safepoint    ] Safepoint "Cleanup", Time since last: 1000081869 ns, Reaching safepoint: 131081 ns, At safepoint: 6667 ns, Total: 137748 ns
[2020-10-31T07:49:51.735+0000][info][safepoint    ] Safepoint "Cleanup", Time since last: 1000115949 ns, Reaching safepoint: 61190 ns, At safepoint: 3496 ns, Total: 64686 ns
[2020-10-31T07:49:52.735+0000][info][safepoint    ] Safepoint "Cleanup", Time since last: 1000109945 ns, Reaching safepoint: 131199 ns, At safepoint: 5689 ns, Total: 136888 ns
[2020-10-31T07:49:53.735+0000][info][safepoint    ] Safepoint "Cleanup", Time since last: 1000103375 ns, Reaching safepoint: 127287 ns, At safepoint: 6917 ns, Total: 134204 ns
[2020-10-31T07:49:54.735+0000][info][safepoint    ] Safepoint "Cleanup", Time since last: 1000110336 ns, Reaching safepoint: 127869 ns, At safepoint: 7191 ns, Total: 135060 ns
[2020-10-31T07:49:55.736+0000][info][safepoint    ] Safepoint "Cleanup", Time since last: 1000108018 ns, Reaching safepoint: 123387 ns, At safepoint: 5936 ns, Total: 129323 ns
[2020-10-31T07:49:57.356+0000][info][safepoint    ] Safepoint "Cleanup", Time since last: 1620691519 ns, Reaching safepoint: 125906 ns, At safepoint: 5993 ns, Total: 131899 ns
[2020-10-31T07:49:58.357+0000][info][safepoint    ] Safepoint "Cleanup", Time since last: 1000111331 ns, Reaching safepoint: 59895 ns, At safepoint: 1832 ns, Total: 61727 ns
[2020-10-31T07:49:59.357+0000][info][safepoint    ] Safepoint "Cleanup", Time since last: 1000103816 ns, Reaching safepoint: 123995 ns, At safepoint: 7686 ns, Total: 131681 ns
[2020-10-31T07:50:00.290+0000][info][gc,start     ] GC(193) Pause Young (Normal) (G1 Evacuation Pause)
[2020-10-31T07:50:00.290+0000][info][gc,task      ] GC(193) Using 2 workers of 2 for evacuation
[2020-10-31T07:50:00.414+0000][info][gc,phases    ] GC(193)   Pre Evacuate Collection Set: 0.5ms
[2020-10-31T07:50:00.414+0000][info][gc,phases    ] GC(193)   Evacuate Collection Set: 96.3ms
[2020-10-31T07:50:00.414+0000][info][gc,phases    ] GC(193)   Post Evacuate Collection Set: 27.5ms
[2020-10-31T07:50:00.414+0000][info][gc,phases    ] GC(193)   Other: 0.5ms
[2020-10-31T07:50:00.414+0000][info][gc,heap      ] GC(193) Eden regions: 1677->0(1677)
[2020-10-31T07:50:00.414+0000][info][gc,heap      ] GC(193) Survivor regions: 12->12(212)
[2020-10-31T07:50:00.414+0000][info][gc,heap      ] GC(193) Old regions: 3->3
[2020-10-31T07:50:00.414+0000][info][gc,heap      ] GC(193) Archive regions: 2->2
[2020-10-31T07:50:00.414+0000][info][gc,heap      ] GC(193) Humongous regions: 0->0
[2020-10-31T07:50:00.414+0000][info][gc,metaspace ] GC(193) Metaspace: 13750K->13750K(1062912K)
[2020-10-31T07:50:00.414+0000][info][gc           ] GC(193) Pause Young (Normal) (G1 Evacuation Pause) 3384M->30M(5632M) 124.857ms
[2020-10-31T07:50:00.414+0000][info][gc,cpu       ] GC(193) User=0.22s Sys=0.00s Real=0.13s
[2020-10-31T07:50:00.414+0000][info][safepoint    ] Safepoint "G1CollectForAllocation", Time since last: 932712562 ns, Reaching safepoint: 56604 ns, At safepoint: 124923485 ns, Total: 124980089 ns
[2020-10-31T07:50:01.415+0000][info][safepoint    ] Safepoint "Cleanup", Time since last: 1000083846 ns, Reaching safepoint: 132854 ns, At safepoint: 6226 ns, Total: 139080 ns
[2020-10-31T07:50:02.415+0000][info][safepoint    ] Safepoint "Cleanup", Time since last: 1000107800 ns, Reaching safepoint: 122675 ns, At safepoint: 5152 ns, Total: 127827 ns
[2020-10-31T07:50:03.415+0000][info][safepoint    ] Safepoint "Cleanup", Time since last: 1000106397 ns, Reaching safepoint: 133486 ns, At safepoint: 7623 ns, Total: 141109 ns
[2020-10-31T07:50:04.415+0000][info][safepoint    ] Safepoint "Cleanup", Time since last: 1000111755 ns, Reaching safepoint: 61922 ns, At safepoint: 3506 ns, Total: 65428 ns
[2020-10-31T07:50:05.416+0000][info][safepoint    ] Safepoint "Cleanup", Time since last: 1000110145 ns, Reaching safepoint: 44469 ns, At safepoint: 1592 ns, Total: 46061 ns
[2020-10-31T07:50:06.416+0000][info][safepoint    ] Safepoint "Cleanup", Time since last: 1000098150 ns, Reaching safepoint: 122484 ns, At safepoint: 5729 ns, Total: 128213 ns
[2020-10-31T07:50:07.416+0000][info][safepoint    ] Safepoint "Cleanup", Time since last: 1000108356 ns, Reaching safepoint: 48607 ns, At safepoint: 3548 ns, Total: 52155 ns
[2020-10-31T07:50:08.416+0000][info][safepoint    ] Safepoint "Cleanup", Time since last: 1000111120 ns, Reaching safepoint: 123123 ns, At safepoint: 5352 ns, Total: 128475 ns
[2020-10-31T07:50:09.416+0000][info][safepoint    ] Safepoint "Cleanup", Time since last: 1000107958 ns, Reaching safepoint: 128703 ns, At safepoint: 6650 ns, Total: 135353 ns
[2020-10-31T07:50:10.417+0000][info][safepoint    ] Safepoint "Cleanup", Time since last: 1000120559 ns, Reaching safepoint: 65183 ns, At safepoint: 5228 ns, Total: 70411 ns
[2020-10-31T07:50:11.040+0000][info][gc,start     ] GC(194) Pause Young (Normal) (G1 Evacuation Pause)
[2020-10-31T07:50:11.040+0000][info][gc,task      ] GC(194) Using 2 workers of 2 for evacuation
[2020-10-31T07:50:11.170+0000][info][gc,phases    ] GC(194)   Pre Evacuate Collection Set: 0.6ms
[2020-10-31T07:50:11.170+0000][info][gc,phases    ] GC(194)   Evacuate Collection Set: 100.0ms
[2020-10-31T07:50:11.170+0000][info][gc,phases    ] GC(194)   Post Evacuate Collection Set: 29.6ms
[2020-10-31T07:50:11.170+0000][info][gc,phases    ] GC(194)   Other: 0.5ms
[2020-10-31T07:50:11.170+0000][info][gc,heap      ] GC(194) Eden regions: 1677->0(1677)
[2020-10-31T07:50:11.170+0000][info][gc,heap      ] GC(194) Survivor regions: 12->12(212)
[2020-10-31T07:50:11.170+0000][info][gc,heap      ] GC(194) Old regions: 3->3
[2020-10-31T07:50:11.170+0000][info][gc,heap      ] GC(194) Archive regions: 2->2
[2020-10-31T07:50:11.170+0000][info][gc,heap      ] GC(194) Humongous regions: 0->0
[2020-10-31T07:50:11.170+0000][info][gc,metaspace ] GC(194) Metaspace: 13750K->13750K(1062912K)
[2020-10-31T07:50:11.170+0000][info][gc           ] GC(194) Pause Young (Normal) (G1 Evacuation Pause) 3384M->30M(5632M) 130.725ms
[2020-10-31T07:50:11.170+0000][info][gc,cpu       ] GC(194) User=0.22s Sys=0.00s Real=0.13s
[2020-10-31T07:50:11.170+0000][info][safepoint    ] Safepoint "G1CollectForAllocation", Time since last: 622873164 ns, Reaching safepoint: 55415 ns, At safepoint: 130789259 ns, Total: 130844674 ns
[2020-10-31T07:50:12.170+0000][info][safepoint    ] Safepoint "Cleanup", Time since last: 1000081156 ns, Reaching safepoint: 61342 ns, At safepoint: 7009 ns, Total: 68351 ns
[2020-10-31T07:50:13.171+0000][info][safepoint    ] Safepoint "Cleanup", Time since last: 1000109958 ns, Reaching safepoint: 130738 ns, At safepoint: 6362 ns, Total: 137100 ns
[2020-10-31T07:50:14.171+0000][info][safepoint    ] Safepoint "Cleanup", Time since last: 1000108532 ns, Reaching safepoint: 133784 ns, At safepoint: 3808 ns, Total: 137592 ns
[2020-10-31T07:50:15.171+0000][info][safepoint    ] Safepoint "Cleanup", Time since last: 1000107542 ns, Reaching safepoint: 80648 ns, At safepoint: 5001 ns, Total: 85649 ns
[2020-10-31T07:50:16.171+0000][info][safepoint    ] Safepoint "Cleanup", Time since last: 1000106908 ns, Reaching safepoint: 140730 ns, At safepoint: 5755 ns, Total: 146485 ns
[2020-10-31T07:50:17.172+0000][info][safepoint    ] Safepoint "Cleanup", Time since last: 1000106648 ns, Reaching safepoint: 67100 ns, At safepoint: 4035 ns, Total: 71135 ns
[2020-10-31T07:50:18.172+0000][info][safepoint    ] Safepoint "Cleanup", Time since last: 1000109544 ns, Reaching safepoint: 126557 ns, At safepoint: 6373 ns, Total: 132930 ns
[2020-10-31T07:50:19.172+0000][info][safepoint    ] Safepoint "Cleanup", Time since last: 1000109627 ns, Reaching safepoint: 123111 ns, At safepoint: 5639 ns, Total: 128750 ns
[2020-10-31T07:50:20.172+0000][info][safepoint    ] Safepoint "Cleanup", Time since last: 1000107063 ns, Reaching safepoint: 128686 ns, At safepoint: 6423 ns, Total: 135109 ns
[2020-10-31T07:50:21.172+0000][info][safepoint    ] Safepoint "Cleanup", Time since last: 1000115946 ns, Reaching safepoint: 60759 ns, At safepoint: 6455 ns, Total: 67214 ns
[2020-10-31T07:50:21.783+0000][info][gc,start     ] GC(195) Pause Young (Normal) (G1 Evacuation Pause)
[2020-10-31T07:50:21.783+0000][info][gc,task      ] GC(195) Using 2 workers of 2 for evacuation
[2020-10-31T07:50:21.907+0000][info][gc,phases    ] GC(195)   Pre Evacuate Collection Set: 0.6ms
[2020-10-31T07:50:21.907+0000][info][gc,phases    ] GC(195)   Evacuate Collection Set: 94.1ms
[2020-10-31T07:50:21.907+0000][info][gc,phases    ] GC(195)   Post Evacuate Collection Set: 28.2ms
[2020-10-31T07:50:21.907+0000][info][gc,phases    ] GC(195)   Other: 0.5ms
[2020-10-31T07:50:21.907+0000][info][gc,heap      ] GC(195) Eden regions: 1677->0(1677)
[2020-10-31T07:50:21.907+0000][info][gc,heap      ] GC(195) Survivor regions: 12->12(212)
[2020-10-31T07:50:21.907+0000][info][gc,heap      ] GC(195) Old regions: 3->3
[2020-10-31T07:50:21.907+0000][info][gc,heap      ] GC(195) Archive regions: 2->2
[2020-10-31T07:50:21.907+0000][info][gc,heap      ] GC(195) Humongous regions: 0->0
[2020-10-31T07:50:21.907+0000][info][gc,metaspace ] GC(195) Metaspace: 13750K->13750K(1062912K)
[2020-10-31T07:50:21.907+0000][info][gc           ] GC(195) Pause Young (Normal) (G1 Evacuation Pause) 3384M->30M(5632M) 123.461ms
[2020-10-31T07:50:21.907+0000][info][gc,cpu       ] GC(195) User=0.23s Sys=0.00s Real=0.13s
[2020-10-31T07:50:21.907+0000][info][safepoint    ] Safepoint "G1CollectForAllocation", Time since last: 610746828 ns, Reaching safepoint: 53185 ns, At safepoint: 123514125 ns, Total: 123567310 ns
[2020-10-31T07:50:22.907+0000][info][safepoint    ] Safepoint "Cleanup", Time since last: 1000081564 ns, Reaching safepoint: 135123 ns, At safepoint: 4908 ns, Total: 140031 ns
[2020-10-31T07:50:23.907+0000][info][safepoint    ] Safepoint "Cleanup", Time since last: 1000109084 ns, Reaching safepoint: 52049 ns, At safepoint: 2094 ns, Total: 54143 ns
[2020-10-31T07:50:24.907+0000][info][safepoint    ] Safepoint "Cleanup", Time since last: 1000100771 ns, Reaching safepoint: 137241 ns, At safepoint: 3375 ns, Total: 140616 ns
[2020-10-31T07:50:25.908+0000][info][safepoint    ] Safepoint "Cleanup", Time since last: 1000112100 ns, Reaching safepoint: 130676 ns, At safepoint: 5872 ns, Total: 136548 ns
[2020-10-31T07:50:26.908+0000][info][safepoint    ] Safepoint "Cleanup", Time since last: 1000283095 ns, Reaching safepoint: 61133 ns, At safepoint: 3154 ns, Total: 64287 ns
[2020-10-31T07:50:27.908+0000][info][safepoint    ] Safepoint "Cleanup", Time since last: 1000101471 ns, Reaching safepoint: 141374 ns, At safepoint: 3293 ns, Total: 144667 ns
[2020-10-31T07:50:28.909+0000][info][safepoint    ] Safepoint "Cleanup", Time since last: 1000111104 ns, Reaching safepoint: 145012 ns, At safepoint: 5590 ns, Total: 150602 ns
[2020-10-31T07:50:29.909+0000][info][safepoint    ] Safepoint "Cleanup", Time since last: 1000109891 ns, Reaching safepoint: 142554 ns, At safepoint: 3437 ns, Total: 145991 ns
[2020-10-31T07:50:30.909+0000][info][safepoint    ] Safepoint "Cleanup", Time since last: 1000109247 ns, Reaching safepoint: 48522 ns, At safepoint: 3242 ns, Total: 51764 ns
[2020-10-31T07:50:31.909+0000][info][safepoint    ] Safepoint "Cleanup", Time since last: 1000123890 ns, Reaching safepoint: 126092 ns, At safepoint: 7649 ns, Total: 133741 ns
[2020-10-31T07:50:32.524+0000][info][gc,start     ] GC(196) Pause Young (Normal) (G1 Evacuation Pause)
[2020-10-31T07:50:32.524+0000][info][gc,task      ] GC(196) Using 2 workers of 2 for evacuation
[2020-10-31T07:50:32.646+0000][info][gc,phases    ] GC(196)   Pre Evacuate Collection Set: 0.6ms
[2020-10-31T07:50:32.646+0000][info][gc,phases    ] GC(196)   Evacuate Collection Set: 90.9ms
[2020-10-31T07:50:32.646+0000][info][gc,phases    ] GC(196)   Post Evacuate Collection Set: 30.1ms
[2020-10-31T07:50:32.646+0000][info][gc,phases    ] GC(196)   Other: 0.5ms
[2020-10-31T07:50:32.646+0000][info][gc,heap      ] GC(196) Eden regions: 1677->0(1676)
[2020-10-31T07:50:32.646+0000][info][gc,heap      ] GC(196) Survivor regions: 12->13(212)
[2020-10-31T07:50:32.646+0000][info][gc,heap      ] GC(196) Old regions: 3->3
[2020-10-31T07:50:32.646+0000][info][gc,heap      ] GC(196) Archive regions: 2->2
[2020-10-31T07:50:32.646+0000][info][gc,heap      ] GC(196) Humongous regions: 0->0
[2020-10-31T07:50:32.646+0000][info][gc,metaspace ] GC(196) Metaspace: 13750K->13750K(1062912K)
[2020-10-31T07:50:32.646+0000][info][gc           ] GC(196) Pause Young (Normal) (G1 Evacuation Pause) 3384M->31M(5632M) 122.177ms
[2020-10-31T07:50:32.646+0000][info][gc,cpu       ] GC(196) User=0.23s Sys=0.00s Real=0.13s
[2020-10-31T07:50:32.646+0000][info][safepoint    ] Safepoint "G1CollectForAllocation", Time since last: 614659223 ns, Reaching safepoint: 55610 ns, At safepoint: 122229323 ns, Total: 122284933 ns
[2020-10-31T07:50:33.646+0000][info][safepoint    ] Safepoint "Cleanup", Time since last: 1000082263 ns, Reaching safepoint: 127376 ns, At safepoint: 6549 ns, Total: 133925 ns
[2020-10-31T07:50:34.647+0000][info][safepoint    ] Safepoint "Cleanup", Time since last: 1000107835 ns, Reaching safepoint: 139752 ns, At safepoint: 3683 ns, Total: 143435 ns
[2020-10-31T07:50:35.647+0000][info][safepoint    ] Safepoint "Cleanup", Time since last: 1000106673 ns, Reaching safepoint: 135307 ns, At safepoint: 3628 ns, Total: 138935 ns
[2020-10-31T07:50:36.647+0000][info][safepoint    ] Safepoint "Cleanup", Time since last: 1000111607 ns, Reaching safepoint: 50274 ns, At safepoint: 3560 ns, Total: 53834 ns
[2020-10-31T07:50:37.647+0000][info][safepoint    ] Safepoint "Cleanup", Time since last: 1000109181 ns, Reaching safepoint: 129854 ns, At safepoint: 6205 ns, Total: 136059 ns
[2020-10-31T07:50:38.648+0000][info][safepoint    ] Safepoint "Cleanup", Time since last: 1000109901 ns, Reaching safepoint: 142859 ns, At safepoint: 5329 ns, Total: 148188 ns
[2020-10-31T07:50:39.648+0000][info][safepoint    ] Safepoint "Cleanup", Time since last: 1000108788 ns, Reaching safepoint: 127072 ns, At safepoint: 6142 ns, Total: 133214 ns
[2020-10-31T07:50:40.648+0000][info][safepoint    ] Safepoint "Cleanup", Time since last: 1000108895 ns, Reaching safepoint: 53737 ns, At safepoint: 5255 ns, Total: 58992 ns
[2020-10-31T07:50:41.648+0000][info][safepoint    ] Safepoint "Cleanup", Time since last: 1000107296 ns, Reaching safepoint: 132544 ns, At safepoint: 5893 ns, Total: 138437 ns
[2020-10-31T07:50:42.648+0000][info][safepoint    ] Safepoint "Cleanup", Time since last: 1000113879 ns, Reaching safepoint: 129505 ns, At safepoint: 5515 ns, Total: 135020 ns
[2020-10-31T07:50:43.263+0000][info][gc,start     ] GC(197) Pause Young (Normal) (G1 Evacuation Pause)
[2020-10-31T07:50:43.263+0000][info][gc,task      ] GC(197) Using 2 workers of 2 for evacuation
[2020-10-31T07:50:43.383+0000][info][gc,phases    ] GC(197)   Pre Evacuate Collection Set: 0.6ms
[2020-10-31T07:50:43.383+0000][info][gc,phases    ] GC(197)   Evacuate Collection Set: 90.7ms
[2020-10-31T07:50:43.383+0000][info][gc,phases    ] GC(197)   Post Evacuate Collection Set: 27.7ms
[2020-10-31T07:50:43.383+0000][info][gc,phases    ] GC(197)   Other: 0.5ms
[2020-10-31T07:50:43.383+0000][info][gc,heap      ] GC(197) Eden regions: 1676->0(1677)
[2020-10-31T07:50:43.383+0000][info][gc,heap      ] GC(197) Survivor regions: 13->12(212)
[2020-10-31T07:50:43.383+0000][info][gc,heap      ] GC(197) Old regions: 3->3
[2020-10-31T07:50:43.383+0000][info][gc,heap      ] GC(197) Archive regions: 2->2
[2020-10-31T07:50:43.383+0000][info][gc,heap      ] GC(197) Humongous regions: 0->0
[2020-10-31T07:50:43.383+0000][info][gc,metaspace ] GC(197) Metaspace: 13750K->13750K(1062912K)
[2020-10-31T07:50:43.383+0000][info][gc           ] GC(197) Pause Young (Normal) (G1 Evacuation Pause) 3383M->30M(5632M) 119.556ms
[2020-10-31T07:50:43.383+0000][info][gc,cpu       ] GC(197) User=0.24s Sys=0.00s Real=0.12s
[2020-10-31T07:50:43.383+0000][info][safepoint    ] Safepoint "G1CollectForAllocation", Time since last: 614653267 ns, Reaching safepoint: 52723 ns, At safepoint: 119617444 ns, Total: 119670167 ns
[2020-10-31T07:50:44.383+0000][info][safepoint    ] Safepoint "Cleanup", Time since last: 1000080512 ns, Reaching safepoint: 48184 ns, At safepoint: 2250 ns, Total: 50434 ns
[2020-10-31T07:50:45.383+0000][info][safepoint    ] Safepoint "Cleanup", Time since last: 1000099939 ns, Reaching safepoint: 145325 ns, At safepoint: 4297 ns, Total: 149622 ns
[2020-10-31T07:50:46.383+0000][info][safepoint    ] Safepoint "Cleanup", Time since last: 1000100602 ns, Reaching safepoint: 139022 ns, At safepoint: 3815 ns, Total: 142837 ns
[2020-10-31T07:50:47.384+0000][info][safepoint    ] Safepoint "Cleanup", Time since last: 1000109152 ns, Reaching safepoint: 130456 ns, At safepoint: 6642 ns, Total: 137098 ns
[2020-10-31T07:50:48.384+0000][info][safepoint    ] Safepoint "Cleanup", Time since last: 1000109347 ns, Reaching safepoint: 48050 ns, At safepoint: 1930 ns, Total: 49980 ns
[2020-10-31T07:50:49.384+0000][info][safepoint    ] Safepoint "Cleanup", Time since last: 1000102187 ns, Reaching safepoint: 121600 ns, At safepoint: 5474 ns, Total: 127074 ns
[2020-10-31T07:50:50.384+0000][info][safepoint    ] Safepoint "Cleanup", Time since last: 1000108022 ns, Reaching safepoint: 133646 ns, At safepoint: 5600 ns, Total: 139246 ns
[2020-10-31T07:50:51.385+0000][info][safepoint    ] Safepoint "Cleanup", Time since last: 1000113662 ns, Reaching safepoint: 130870 ns, At safepoint: 15673 ns, Total: 146543 ns
[2020-10-31T07:50:52.385+0000][info][safepoint    ] Safepoint "Cleanup", Time since last: 1000110256 ns, Reaching safepoint: 127382 ns, At safepoint: 6464 ns, Total: 133846 ns
[2020-10-31T07:50:53.385+0000][info][safepoint    ] Safepoint "Cleanup", Time since last: 1000105537 ns, Reaching safepoint: 122596 ns, At safepoint: 3822 ns, Total: 126418 ns
[2020-10-31T07:50:53.981+0000][info][gc,start     ] GC(198) Pause Young (Normal) (G1 Evacuation Pause)
[2020-10-31T07:50:53.981+0000][info][gc,task      ] GC(198) Using 2 workers of 2 for evacuation
[2020-10-31T07:50:54.102+0000][info][gc,phases    ] GC(198)   Pre Evacuate Collection Set: 0.6ms
[2020-10-31T07:50:54.102+0000][info][gc,phases    ] GC(198)   Evacuate Collection Set: 90.9ms
[2020-10-31T07:50:54.102+0000][info][gc,phases    ] GC(198)   Post Evacuate Collection Set: 29.1ms
[2020-10-31T07:50:54.102+0000][info][gc,phases    ] GC(198)   Other: 0.5ms
[2020-10-31T07:50:54.102+0000][info][gc,heap      ] GC(198) Eden regions: 1677->0(1677)
[2020-10-31T07:50:54.102+0000][info][gc,heap      ] GC(198) Survivor regions: 12->12(212)
[2020-10-31T07:50:54.103+0000][info][gc,heap      ] GC(198) Old regions: 3->3
[2020-10-31T07:50:54.103+0000][info][gc,heap      ] GC(198) Archive regions: 2->2
[2020-10-31T07:50:54.103+0000][info][gc,heap      ] GC(198) Humongous regions: 0->0
[2020-10-31T07:50:54.103+0000][info][gc,metaspace ] GC(198) Metaspace: 13750K->13750K(1062912K)
[2020-10-31T07:50:54.103+0000][info][gc           ] GC(198) Pause Young (Normal) (G1 Evacuation Pause) 3384M->30M(5632M) 121.166ms
[2020-10-31T07:50:54.103+0000][info][gc,cpu       ] GC(198) User=0.24s Sys=0.00s Real=0.12s
[2020-10-31T07:50:54.103+0000][info][safepoint    ] Safepoint "G1CollectForAllocation", Time since last: 596297687 ns, Reaching safepoint: 49322 ns, At safepoint: 121218872 ns, Total: 121268194 ns
[2020-10-31T07:50:55.103+0000][info][safepoint    ] Safepoint "Cleanup", Time since last: 1000094438 ns, Reaching safepoint: 126392 ns, At safepoint: 7053 ns, Total: 133445 ns
[2020-10-31T07:50:56.103+0000][info][safepoint    ] Safepoint "Cleanup", Time since last: 1000107317 ns, Reaching safepoint: 126156 ns, At safepoint: 6112 ns, Total: 132268 ns
[2020-10-31T07:50:57.103+0000][info][safepoint    ] Safepoint "Cleanup", Time since last: 1000114527 ns, Reaching safepoint: 57659 ns, At safepoint: 3422 ns, Total: 61081 ns
[2020-10-31T07:50:58.103+0000][info][safepoint    ] Safepoint "Cleanup", Time since last: 1000108685 ns, Reaching safepoint: 57549 ns, At safepoint: 3283 ns, Total: 60832 ns
[2020-10-31T07:50:59.104+0000][info][safepoint    ] Safepoint "Cleanup", Time since last: 1000099678 ns, Reaching safepoint: 132928 ns, At safepoint: 5660 ns, Total: 138588 ns
[2020-10-31T07:51:00.104+0000][info][safepoint    ] Safepoint "Cleanup", Time since last: 1000109131 ns, Reaching safepoint: 127405 ns, At safepoint: 6229 ns, Total: 133634 ns
[2020-10-31T07:51:01.104+0000][info][safepoint    ] Safepoint "Cleanup", Time since last: 1000111101 ns, Reaching safepoint: 127927 ns, At safepoint: 6058 ns, Total: 133985 ns
[2020-10-31T07:51:02.104+0000][info][safepoint    ] Safepoint "Cleanup", Time since last: 1000111764 ns, Reaching safepoint: 130238 ns, At safepoint: 6351 ns, Total: 136589 ns
[2020-10-31T07:51:03.105+0000][info][safepoint    ] Safepoint "Cleanup", Time since last: 1000110908 ns, Reaching safepoint: 130042 ns, At safepoint: 12814 ns, Total: 142856 ns
[2020-10-31T07:51:04.105+0000][info][safepoint    ] Safepoint "Cleanup", Time since last: 1000111062 ns, Reaching safepoint: 139223 ns, At safepoint: 3796 ns, Total: 143019 ns
[2020-10-31T07:51:04.708+0000][info][gc,start     ] GC(199) Pause Young (Normal) (G1 Evacuation Pause)
[2020-10-31T07:51:04.708+0000][info][gc,task      ] GC(199) Using 2 workers of 2 for evacuation
[2020-10-31T07:51:04.830+0000][info][gc,phases    ] GC(199)   Pre Evacuate Collection Set: 0.6ms
[2020-10-31T07:51:04.830+0000][info][gc,phases    ] GC(199)   Evacuate Collection Set: 90.9ms
[2020-10-31T07:51:04.830+0000][info][gc,phases    ] GC(199)   Post Evacuate Collection Set: 30.6ms
[2020-10-31T07:51:04.830+0000][info][gc,phases    ] GC(199)   Other: 0.5ms
[2020-10-31T07:51:04.830+0000][info][gc,heap      ] GC(199) Eden regions: 1677->0(1677)
[2020-10-31T07:51:04.830+0000][info][gc,heap      ] GC(199) Survivor regions: 12->12(212)
[2020-10-31T07:51:04.830+0000][info][gc,heap      ] GC(199) Old regions: 3->3
[2020-10-31T07:51:04.830+0000][info][gc,heap      ] GC(199) Archive regions: 2->2
[2020-10-31T07:51:04.830+0000][info][gc,heap      ] GC(199) Humongous regions: 0->0
[2020-10-31T07:51:04.830+0000][info][gc,metaspace ] GC(199) Metaspace: 13750K->13750K(1062912K)
[2020-10-31T07:51:04.830+0000][info][gc           ] GC(199) Pause Young (Normal) (G1 Evacuation Pause) 3384M->30M(5632M) 122.596ms
[2020-10-31T07:51:04.830+0000][info][gc,cpu       ] GC(199) User=0.24s Sys=0.00s Real=0.12s
[2020-10-31T07:51:04.830+0000][info][safepoint    ] Safepoint "G1CollectForAllocation", Time since last: 602686553 ns, Reaching safepoint: 53323 ns, At safepoint: 122659202 ns, Total: 122712525 ns
[2020-10-31T07:51:05.830+0000][info][safepoint    ] Safepoint "Cleanup", Time since last: 1000084491 ns, Reaching safepoint: 57095 ns, At safepoint: 3292 ns, Total: 60387 ns
[2020-10-31T07:51:06.831+0000][info][safepoint    ] Safepoint "Cleanup", Time since last: 1000104212 ns, Reaching safepoint: 64509 ns, At safepoint: 7678 ns, Total: 72187 ns
[2020-10-31T07:51:07.831+0000][info][safepoint    ] Safepoint "Cleanup", Time since last: 1000100839 ns, Reaching safepoint: 56168 ns, At safepoint: 3414 ns, Total: 59582 ns
[2020-10-31T07:51:08.831+0000][info][safepoint    ] Safepoint "Cleanup", Time since last: 1000101704 ns, Reaching safepoint: 140083 ns, At safepoint: 3695 ns, Total: 143778 ns
[2020-10-31T07:51:09.831+0000][info][safepoint    ] Safepoint "Cleanup", Time since last: 1000127523 ns, Reaching safepoint: 138400 ns, At safepoint: 3374 ns, Total: 141774 ns
[2020-10-31T07:51:10.831+0000][info][safepoint    ] Safepoint "Cleanup", Time since last: 1000106154 ns, Reaching safepoint: 128235 ns, At safepoint: 5533 ns, Total: 133768 ns
[2020-10-31T07:51:11.832+0000][info][safepoint    ] Safepoint "Cleanup", Time since last: 1000110952 ns, Reaching safepoint: 138666 ns, At safepoint: 6656 ns, Total: 145322 ns
[2020-10-31T07:51:12.832+0000][info][safepoint    ] Safepoint "Cleanup", Time since last: 1000108139 ns, Reaching safepoint: 140633 ns, At safepoint: 3588 ns, Total: 144221 ns
[2020-10-31T07:51:13.832+0000][info][safepoint    ] Safepoint "Cleanup", Time since last: 1000108373 ns, Reaching safepoint: 131730 ns, At safepoint: 6424 ns, Total: 138154 ns
[2020-10-31T07:51:14.832+0000][info][safepoint    ] Safepoint "Cleanup", Time since last: 1000106571 ns, Reaching safepoint: 50658 ns, At safepoint: 2522 ns, Total: 53180 ns
[2020-10-31T07:51:15.446+0000][info][gc,start     ] GC(200) Pause Young (Normal) (G1 Evacuation Pause)
[2020-10-31T07:51:15.446+0000][info][gc,task      ] GC(200) Using 2 workers of 2 for evacuation
[2020-10-31T07:51:15.574+0000][info][gc,phases    ] GC(200)   Pre Evacuate Collection Set: 0.6ms
[2020-10-31T07:51:15.574+0000][info][gc,phases    ] GC(200)   Evacuate Collection Set: 98.2ms
[2020-10-31T07:51:15.574+0000][info][gc,phases    ] GC(200)   Post Evacuate Collection Set: 28.9ms
[2020-10-31T07:51:15.574+0000][info][gc,phases    ] GC(200)   Other: 0.5ms
[2020-10-31T07:51:15.574+0000][info][gc,heap      ] GC(200) Eden regions: 1677->0(1676)
[2020-10-31T07:51:15.574+0000][info][gc,heap      ] GC(200) Survivor regions: 12->13(212)
[2020-10-31T07:51:15.574+0000][info][gc,heap      ] GC(200) Old regions: 3->3
[2020-10-31T07:51:15.574+0000][info][gc,heap      ] GC(200) Archive regions: 2->2
[2020-10-31T07:51:15.574+0000][info][gc,heap      ] GC(200) Humongous regions: 0->0
[2020-10-31T07:51:15.574+0000][info][gc,metaspace ] GC(200) Metaspace: 13750K->13750K(1062912K)
[2020-10-31T07:51:15.574+0000][info][gc           ] GC(200) Pause Young (Normal) (G1 Evacuation Pause) 3384M->31M(5632M) 128.218ms
[2020-10-31T07:51:15.574+0000][info][gc,cpu       ] GC(200) User=0.23s Sys=0.00s Real=0.13s
[2020-10-31T07:51:15.574+0000][info][safepoint    ] Safepoint "G1CollectForAllocation", Time since last: 613157680 ns, Reaching safepoint: 67494 ns, At safepoint: 128272762 ns, Total: 128340256 ns
[2020-10-31T07:51:16.574+0000][info][safepoint    ] Safepoint "Cleanup", Time since last: 1000086729 ns, Reaching safepoint: 160508 ns, At safepoint: 3397 ns, Total: 163905 ns
[2020-10-31T07:51:17.574+0000][info][safepoint    ] Safepoint "Cleanup", Time since last: 1000101676 ns, Reaching safepoint: 65677 ns, At safepoint: 4636 ns, Total: 70313 ns
[2020-10-31T07:51:18.575+0000][info][safepoint    ] Safepoint "Cleanup", Time since last: 1000103428 ns, Reaching safepoint: 129532 ns, At safepoint: 5873 ns, Total: 135405 ns
[2020-10-31T07:51:19.575+0000][info][safepoint    ] Safepoint "Cleanup", Time since last: 1000104968 ns, Reaching safepoint: 141630 ns, At safepoint: 5277 ns, Total: 146907 ns
[2020-10-31T07:51:20.575+0000][info][safepoint    ] Safepoint "Cleanup", Time since last: 1000109208 ns, Reaching safepoint: 66378 ns, At safepoint: 3940 ns, Total: 70318 ns
[2020-10-31T07:51:21.575+0000][info][safepoint    ] Safepoint "Cleanup", Time since last: 1000108701 ns, Reaching safepoint: 136540 ns, At safepoint: 3298 ns, Total: 139838 ns
[2020-10-31T07:51:22.575+0000][info][safepoint    ] Safepoint "Cleanup", Time since last: 1000109024 ns, Reaching safepoint: 60459 ns, At safepoint: 4532 ns, Total: 64991 ns
[2020-10-31T07:51:23.576+0000][info][safepoint    ] Safepoint "Cleanup", Time since last: 1000110640 ns, Reaching safepoint: 133179 ns, At safepoint: 5358 ns, Total: 138537 ns
[2020-10-31T07:51:24.576+0000][info][safepoint    ] Safepoint "Cleanup", Time since last: 1000111920 ns, Reaching safepoint: 134194 ns, At safepoint: 5753 ns, Total: 139947 ns
[2020-10-31T07:51:25.576+0000][info][safepoint    ] Safepoint "Cleanup", Time since last: 1000120023 ns, Reaching safepoint: 141005 ns, At safepoint: 3324 ns, Total: 144329 ns
[2020-10-31T07:51:26.161+0000][info][gc,start     ] GC(201) Pause Young (Normal) (G1 Evacuation Pause)
[2020-10-31T07:51:26.161+0000][info][gc,task      ] GC(201) Using 2 workers of 2 for evacuation
[2020-10-31T07:51:26.283+0000][info][gc,phases    ] GC(201)   Pre Evacuate Collection Set: 0.6ms
[2020-10-31T07:51:26.283+0000][info][gc,phases    ] GC(201)   Evacuate Collection Set: 92.2ms
[2020-10-31T07:51:26.283+0000][info][gc,phases    ] GC(201)   Post Evacuate Collection Set: 28.5ms
[2020-10-31T07:51:26.283+0000][info][gc,phases    ] GC(201)   Other: 0.5ms
[2020-10-31T07:51:26.283+0000][info][gc,heap      ] GC(201) Eden regions: 1676->0(1677)
[2020-10-31T07:51:26.283+0000][info][gc,heap      ] GC(201) Survivor regions: 13->12(212)
[2020-10-31T07:51:26.283+0000][info][gc,heap      ] GC(201) Old regions: 3->3
[2020-10-31T07:51:26.283+0000][info][gc,heap      ] GC(201) Archive regions: 2->2
[2020-10-31T07:51:26.283+0000][info][gc,heap      ] GC(201) Humongous regions: 0->0
[2020-10-31T07:51:26.283+0000][info][gc,metaspace ] GC(201) Metaspace: 13750K->13750K(1062912K)
[2020-10-31T07:51:26.283+0000][info][gc           ] GC(201) Pause Young (Normal) (G1 Evacuation Pause) 3383M->30M(5632M) 121.822ms
[2020-10-31T07:51:26.283+0000][info][gc,cpu       ] GC(201) User=0.23s Sys=0.00s Real=0.12s
[2020-10-31T07:51:26.283+0000][info][safepoint    ] Safepoint "G1CollectForAllocation", Time since last: 584720025 ns, Reaching safepoint: 50695 ns, At safepoint: 121883590 ns, Total: 121934285 ns
[2020-10-31T07:51:27.283+0000][info][safepoint    ] Safepoint "Cleanup", Time since last: 1000080998 ns, Reaching safepoint: 129903 ns, At safepoint: 5237 ns, Total: 135140 ns
[2020-10-31T07:51:28.283+0000][info][safepoint    ] Safepoint "Cleanup", Time since last: 1000111657 ns, Reaching safepoint: 140263 ns, At safepoint: 3644 ns, Total: 143907 ns
[2020-10-31T07:51:29.284+0000][info][safepoint    ] Safepoint "Cleanup", Time since last: 1000107143 ns, Reaching safepoint: 139797 ns, At safepoint: 3530 ns, Total: 143327 ns
[2020-10-31T07:51:30.284+0000][info][safepoint    ] Safepoint "Cleanup", Time since last: 1000109050 ns, Reaching safepoint: 123155 ns, At safepoint: 5705 ns, Total: 128860 ns
[2020-10-31T07:51:31.284+0000][info][safepoint    ] Safepoint "Cleanup", Time since last: 1000106841 ns, Reaching safepoint: 127172 ns, At safepoint: 5989 ns, Total: 133161 ns
[2020-10-31T07:51:32.284+0000][info][safepoint    ] Safepoint "Cleanup", Time since last: 1000109921 ns, Reaching safepoint: 122277 ns, At safepoint: 7115 ns, Total: 129392 ns
[2020-10-31T07:51:33.284+0000][info][safepoint    ] Safepoint "Cleanup", Time since last: 1000109860 ns, Reaching safepoint: 50428 ns, At safepoint: 5319 ns, Total: 55747 ns
[2020-10-31T07:51:34.285+0000][info][safepoint    ] Safepoint "Cleanup", Time since last: 1000083968 ns, Reaching safepoint: 121774 ns, At safepoint: 5320 ns, Total: 127094 ns
[2020-10-31T07:51:35.285+0000][info][safepoint    ] Safepoint "Cleanup", Time since last: 1000110778 ns, Reaching safepoint: 122693 ns, At safepoint: 6056 ns, Total: 128749 ns
[2020-10-31T07:51:36.286+0000][info][safepoint    ] Safepoint "Cleanup", Time since last: 1000844106 ns, Reaching safepoint: 50255 ns, At safepoint: 1920 ns, Total: 52175 ns
[2020-10-31T07:51:36.844+0000][info][gc,start     ] GC(202) Pause Young (Normal) (G1 Evacuation Pause)
[2020-10-31T07:51:36.844+0000][info][gc,task      ] GC(202) Using 2 workers of 2 for evacuation
[2020-10-31T07:51:36.967+0000][info][gc,phases    ] GC(202)   Pre Evacuate Collection Set: 0.6ms
[2020-10-31T07:51:36.967+0000][info][gc,phases    ] GC(202)   Evacuate Collection Set: 91.8ms
[2020-10-31T07:51:36.967+0000][info][gc,phases    ] GC(202)   Post Evacuate Collection Set: 29.5ms
[2020-10-31T07:51:36.967+0000][info][gc,phases    ] GC(202)   Other: 0.5ms
[2020-10-31T07:51:36.967+0000][info][gc,heap      ] GC(202) Eden regions: 1677->0(1677)
[2020-10-31T07:51:36.967+0000][info][gc,heap      ] GC(202) Survivor regions: 12->12(212)
[2020-10-31T07:51:36.967+0000][info][gc,heap      ] GC(202) Old regions: 3->3
[2020-10-31T07:51:36.967+0000][info][gc,heap      ] GC(202) Archive regions: 2->2
[2020-10-31T07:51:36.967+0000][info][gc,heap      ] GC(202) Humongous regions: 0->0
[2020-10-31T07:51:36.967+0000][info][gc,metaspace ] GC(202) Metaspace: 13750K->13750K(1062912K)
[2020-10-31T07:51:36.967+0000][info][gc           ] GC(202) Pause Young (Normal) (G1 Evacuation Pause) 3384M->30M(5632M) 122.453ms
[2020-10-31T07:51:36.967+0000][info][gc,cpu       ] GC(202) User=0.24s Sys=0.00s Real=0.13s
[2020-10-31T07:51:36.967+0000][info][safepoint    ] Safepoint "G1CollectForAllocation", Time since last: 558313024 ns, Reaching safepoint: 51283 ns, At safepoint: 122506512 ns, Total: 122557795 ns
[2020-10-31T07:51:37.967+0000][info][safepoint    ] Safepoint "Cleanup", Time since last: 1000084880 ns, Reaching safepoint: 137838 ns, At safepoint: 7580 ns, Total: 145418 ns
[2020-10-31T07:51:38.967+0000][info][safepoint    ] Safepoint "Cleanup", Time since last: 1000108325 ns, Reaching safepoint: 69093 ns, At safepoint: 5818 ns, Total: 74911 ns
[2020-10-31T07:51:39.967+0000][info][safepoint    ] Safepoint "Cleanup", Time since last: 1000108362 ns, Reaching safepoint: 128999 ns, At safepoint: 5657 ns, Total: 134656 ns
[2020-10-31T07:51:40.968+0000][info][safepoint    ] Safepoint "Cleanup", Time since last: 1000104811 ns, Reaching safepoint: 124321 ns, At safepoint: 3291 ns, Total: 127612 ns
[2020-10-31T07:51:41.968+0000][info][safepoint    ] Safepoint "Cleanup", Time since last: 1000110384 ns, Reaching safepoint: 143378 ns, At safepoint: 6212 ns, Total: 149590 ns
[2020-10-31T07:51:42.968+0000][info][safepoint    ] Safepoint "Cleanup", Time since last: 1000110163 ns, Reaching safepoint: 129899 ns, At safepoint: 6592 ns, Total: 136491 ns
[2020-10-31T07:51:43.968+0000][info][safepoint    ] Safepoint "Cleanup", Time since last: 1000110911 ns, Reaching safepoint: 129869 ns, At safepoint: 5718 ns, Total: 135587 ns
[2020-10-31T07:51:44.969+0000][info][safepoint    ] Safepoint "Cleanup", Time since last: 1000110316 ns, Reaching safepoint: 135451 ns, At safepoint: 6449 ns, Total: 141900 ns
[2020-10-31T07:51:45.969+0000][info][safepoint    ] Safepoint "Cleanup", Time since last: 1000108412 ns, Reaching safepoint: 129720 ns, At safepoint: 6829 ns, Total: 136549 ns
[2020-10-31T07:51:46.969+0000][info][safepoint    ] Safepoint "Cleanup", Time since last: 1000110082 ns, Reaching safepoint: 66168 ns, At safepoint: 1957 ns, Total: 68125 ns
[2020-10-31T07:51:47.524+0000][info][gc,start     ] GC(203) Pause Young (Normal) (G1 Evacuation Pause)
[2020-10-31T07:51:47.524+0000][info][gc,task      ] GC(203) Using 2 workers of 2 for evacuation
[2020-10-31T07:51:47.646+0000][info][gc,phases    ] GC(203)   Pre Evacuate Collection Set: 0.6ms
[2020-10-31T07:51:47.646+0000][info][gc,phases    ] GC(203)   Evacuate Collection Set: 91.1ms
[2020-10-31T07:51:47.646+0000][info][gc,phases    ] GC(203)   Post Evacuate Collection Set: 30.4ms
[2020-10-31T07:51:47.646+0000][info][gc,phases    ] GC(203)   Other: 0.5ms
[2020-10-31T07:51:47.646+0000][info][gc,heap      ] GC(203) Eden regions: 1677->0(1677)
[2020-10-31T07:51:47.646+0000][info][gc,heap      ] GC(203) Survivor regions: 12->12(212)
[2020-10-31T07:51:47.646+0000][info][gc,heap      ] GC(203) Old regions: 3->3
[2020-10-31T07:51:47.646+0000][info][gc,heap      ] GC(203) Archive regions: 2->2
[2020-10-31T07:51:47.646+0000][info][gc,heap      ] GC(203) Humongous regions: 0->0
[2020-10-31T07:51:47.646+0000][info][gc,metaspace ] GC(203) Metaspace: 13750K->13750K(1062912K)
[2020-10-31T07:51:47.646+0000][info][gc           ] GC(203) Pause Young (Normal) (G1 Evacuation Pause) 3384M->30M(5632M) 122.652ms
[2020-10-31T07:51:47.646+0000][info][gc,cpu       ] GC(203) User=0.23s Sys=0.00s Real=0.13s
[2020-10-31T07:51:47.646+0000][info][safepoint    ] Safepoint "G1CollectForAllocation", Time since last: 554666960 ns, Reaching safepoint: 54100 ns, At safepoint: 122714156 ns, Total: 122768256 ns
[2020-10-31T07:51:48.647+0000][info][safepoint    ] Safepoint "Cleanup", Time since last: 1000098596 ns, Reaching safepoint: 68162 ns, At safepoint: 5024 ns, Total: 73186 ns
[2020-10-31T07:51:49.647+0000][info][safepoint    ] Safepoint "Cleanup", Time since last: 1000107454 ns, Reaching safepoint: 141337 ns, At safepoint: 3756 ns, Total: 145093 ns
[2020-10-31T07:51:50.647+0000][info][safepoint    ] Safepoint "Cleanup", Time since last: 1000109529 ns, Reaching safepoint: 136497 ns, At safepoint: 5272 ns, Total: 141769 ns
[2020-10-31T07:51:51.647+0000][info][safepoint    ] Safepoint "Cleanup", Time since last: 1000112959 ns, Reaching safepoint: 143068 ns, At safepoint: 3447 ns, Total: 146515 ns
[2020-10-31T07:51:52.648+0000][info][safepoint    ] Safepoint "Cleanup", Time since last: 1000113613 ns, Reaching safepoint: 131363 ns, At safepoint: 6556 ns, Total: 137919 ns
[2020-10-31T07:51:53.648+0000][info][safepoint    ] Safepoint "Cleanup", Time since last: 1000109904 ns, Reaching safepoint: 127276 ns, At safepoint: 5844 ns, Total: 133120 ns
[2020-10-31T07:51:54.648+0000][info][safepoint    ] Safepoint "Cleanup", Time since last: 1000114091 ns, Reaching safepoint: 65024 ns, At safepoint: 4995 ns, Total: 70019 ns
[2020-10-31T07:51:55.648+0000][info][safepoint    ] Safepoint "Cleanup", Time since last: 1000105946 ns, Reaching safepoint: 129215 ns, At safepoint: 6010 ns, Total: 135225 ns
[2020-10-31T07:51:56.649+0000][info][safepoint    ] Safepoint "Cleanup", Time since last: 1000110303 ns, Reaching safepoint: 140371 ns, At safepoint: 6681 ns, Total: 147052 ns
[2020-10-31T07:51:57.649+0000][info][safepoint    ] Safepoint "Cleanup", Time since last: 1000115187 ns, Reaching safepoint: 131711 ns, At safepoint: 5636 ns, Total: 137347 ns
[2020-10-31T07:51:58.218+0000][info][gc,start     ] GC(204) Pause Young (Normal) (G1 Evacuation Pause)
[2020-10-31T07:51:58.218+0000][info][gc,task      ] GC(204) Using 2 workers of 2 for evacuation
[2020-10-31T07:51:58.343+0000][info][gc,phases    ] GC(204)   Pre Evacuate Collection Set: 0.6ms
[2020-10-31T07:51:58.343+0000][info][gc,phases    ] GC(204)   Evacuate Collection Set: 92.0ms
[2020-10-31T07:51:58.343+0000][info][gc,phases    ] GC(204)   Post Evacuate Collection Set: 31.4ms
[2020-10-31T07:51:58.343+0000][info][gc,phases    ] GC(204)   Other: 0.5ms
[2020-10-31T07:51:58.343+0000][info][gc,heap      ] GC(204) Eden regions: 1677->0(1676)
[2020-10-31T07:51:58.343+0000][info][gc,heap      ] GC(204) Survivor regions: 12->13(212)
[2020-10-31T07:51:58.343+0000][info][gc,heap      ] GC(204) Old regions: 3->3
[2020-10-31T07:51:58.343+0000][info][gc,heap      ] GC(204) Archive regions: 2->2
[2020-10-31T07:51:58.343+0000][info][gc,heap      ] GC(204) Humongous regions: 0->0
[2020-10-31T07:51:58.343+0000][info][gc,metaspace ] GC(204) Metaspace: 13750K->13750K(1062912K)
[2020-10-31T07:51:58.343+0000][info][gc           ] GC(204) Pause Young (Normal) (G1 Evacuation Pause) 3384M->31M(5632M) 124.564ms
[2020-10-31T07:51:58.343+0000][info][gc,cpu       ] GC(204) User=0.24s Sys=0.00s Real=0.12s
[2020-10-31T07:51:58.343+0000][info][safepoint    ] Safepoint "G1CollectForAllocation", Time since last: 569350584 ns, Reaching safepoint: 53983 ns, At safepoint: 124618333 ns, Total: 124672316 ns
[2020-10-31T07:51:59.343+0000][info][safepoint    ] Safepoint "Cleanup", Time since last: 1000082372 ns, Reaching safepoint: 59789 ns, At safepoint: 3591 ns, Total: 63380 ns
[2020-10-31T07:52:00.343+0000][info][safepoint    ] Safepoint "Cleanup", Time since last: 1000105821 ns, Reaching safepoint: 129928 ns, At safepoint: 5372 ns, Total: 135300 ns
[2020-10-31T07:52:01.343+0000][info][safepoint    ] Safepoint "Cleanup", Time since last: 1000112300 ns, Reaching safepoint: 61897 ns, At safepoint: 3474 ns, Total: 65371 ns
[2020-10-31T07:52:02.344+0000][info][safepoint    ] Safepoint "Cleanup", Time since last: 1000109009 ns, Reaching safepoint: 59769 ns, At safepoint: 4125 ns, Total: 63894 ns
[2020-10-31T07:52:03.344+0000][info][safepoint    ] Safepoint "Cleanup", Time since last: 1000112586 ns, Reaching safepoint: 126963 ns, At safepoint: 6699 ns, Total: 133662 ns
[2020-10-31T07:52:04.344+0000][info][safepoint    ] Safepoint "Cleanup", Time since last: 1000125880 ns, Reaching safepoint: 50362 ns, At safepoint: 5437 ns, Total: 55799 ns
[2020-10-31T07:52:05.344+0000][info][safepoint    ] Safepoint "Cleanup", Time since last: 1000108235 ns, Reaching safepoint: 130452 ns, At safepoint: 6042 ns, Total: 136494 ns
[2020-10-31T07:52:06.345+0000][info][safepoint    ] Safepoint "Cleanup", Time since last: 1000993997 ns, Reaching safepoint: 130045 ns, At safepoint: 6438 ns, Total: 136483 ns
[2020-10-31T07:52:07.346+0000][info][safepoint    ] Safepoint "Cleanup", Time since last: 1000116978 ns, Reaching safepoint: 49451 ns, At safepoint: 1988 ns, Total: 51439 ns
[2020-10-31T07:52:08.346+0000][info][safepoint    ] Safepoint "Cleanup", Time since last: 1000107078 ns, Reaching safepoint: 49763 ns, At safepoint: 2258 ns, Total: 52021 ns
[2020-10-31T07:52:08.932+0000][info][gc,start     ] GC(205) Pause Young (Normal) (G1 Evacuation Pause)
[2020-10-31T07:52:08.932+0000][info][gc,task      ] GC(205) Using 2 workers of 2 for evacuation
[2020-10-31T07:52:09.056+0000][info][gc,phases    ] GC(205)   Pre Evacuate Collection Set: 0.6ms
[2020-10-31T07:52:09.056+0000][info][gc,phases    ] GC(205)   Evacuate Collection Set: 92.8ms
[2020-10-31T07:52:09.056+0000][info][gc,phases    ] GC(205)   Post Evacuate Collection Set: 29.8ms
[2020-10-31T07:52:09.056+0000][info][gc,phases    ] GC(205)   Other: 0.5ms
[2020-10-31T07:52:09.056+0000][info][gc,heap      ] GC(205) Eden regions: 1676->0(1677)
[2020-10-31T07:52:09.056+0000][info][gc,heap      ] GC(205) Survivor regions: 13->12(212)
[2020-10-31T07:52:09.056+0000][info][gc,heap      ] GC(205) Old regions: 3->3
[2020-10-31T07:52:09.056+0000][info][gc,heap      ] GC(205) Archive regions: 2->2
[2020-10-31T07:52:09.056+0000][info][gc,heap      ] GC(205) Humongous regions: 0->0
[2020-10-31T07:52:09.056+0000][info][gc,metaspace ] GC(205) Metaspace: 13750K->13750K(1062912K)
[2020-10-31T07:52:09.056+0000][info][gc           ] GC(205) Pause Young (Normal) (G1 Evacuation Pause) 3383M->30M(5632M) 123.821ms
[2020-10-31T07:52:09.056+0000][info][gc,cpu       ] GC(205) User=0.24s Sys=0.00s Real=0.13s
[2020-10-31T07:52:09.056+0000][info][safepoint    ] Safepoint "G1CollectForAllocation", Time since last: 586035804 ns, Reaching safepoint: 60126 ns, At safepoint: 123884723 ns, Total: 123944849 ns
[2020-10-31T07:52:10.056+0000][info][safepoint    ] Safepoint "Cleanup", Time since last: 1000083872 ns, Reaching safepoint: 52006 ns, At safepoint: 2278 ns, Total: 54284 ns
[2020-10-31T07:52:11.056+0000][info][safepoint    ] Safepoint "Cleanup", Time since last: 1000106824 ns, Reaching safepoint: 127167 ns, At safepoint: 5831 ns, Total: 132998 ns
[2020-10-31T07:52:12.056+0000][info][safepoint    ] Safepoint "Cleanup", Time since last: 1000111224 ns, Reaching safepoint: 51812 ns, At safepoint: 7605 ns, Total: 59417 ns
[2020-10-31T07:52:13.056+0000][info][safepoint    ] Safepoint "Cleanup", Time since last: 1000113905 ns, Reaching safepoint: 141846 ns, At safepoint: 3606 ns, Total: 145452 ns
[2020-10-31T07:52:14.057+0000][info][safepoint    ] Safepoint "Cleanup", Time since last: 1000070985 ns, Reaching safepoint: 128622 ns, At safepoint: 6648 ns, Total: 135270 ns
[2020-10-31T07:52:15.057+0000][info][safepoint    ] Safepoint "Cleanup", Time since last: 1000111710 ns, Reaching safepoint: 127571 ns, At safepoint: 6491 ns, Total: 134062 ns
[2020-10-31T07:52:16.057+0000][info][safepoint    ] Safepoint "Cleanup", Time since last: 1000111188 ns, Reaching safepoint: 129649 ns, At safepoint: 6034 ns, Total: 135683 ns
[2020-10-31T07:52:17.057+0000][info][safepoint    ] Safepoint "Cleanup", Time since last: 1000111962 ns, Reaching safepoint: 133148 ns, At safepoint: 5565 ns, Total: 138713 ns
[2020-10-31T07:52:18.058+0000][info][safepoint    ] Safepoint "Cleanup", Time since last: 1000112144 ns, Reaching safepoint: 79467 ns, At safepoint: 3677 ns, Total: 83144 ns
[2020-10-31T07:52:19.058+0000][info][safepoint    ] Safepoint "Cleanup", Time since last: 1000106558 ns, Reaching safepoint: 133860 ns, At safepoint: 5746 ns, Total: 139606 ns
[2020-10-31T07:52:19.685+0000][info][gc,start     ] GC(206) Pause Young (Normal) (G1 Evacuation Pause)
[2020-10-31T07:52:19.685+0000][info][gc,task      ] GC(206) Using 2 workers of 2 for evacuation
[2020-10-31T07:52:19.807+0000][info][gc,phases    ] GC(206)   Pre Evacuate Collection Set: 0.6ms
[2020-10-31T07:52:19.807+0000][info][gc,phases    ] GC(206)   Evacuate Collection Set: 91.3ms
[2020-10-31T07:52:19.807+0000][info][gc,phases    ] GC(206)   Post Evacuate Collection Set: 29.4ms
[2020-10-31T07:52:19.807+0000][info][gc,phases    ] GC(206)   Other: 0.5ms
[2020-10-31T07:52:19.807+0000][info][gc,heap      ] GC(206) Eden regions: 1677->0(1677)
[2020-10-31T07:52:19.807+0000][info][gc,heap      ] GC(206) Survivor regions: 12->12(212)
[2020-10-31T07:52:19.807+0000][info][gc,heap      ] GC(206) Old regions: 3->3
[2020-10-31T07:52:19.807+0000][info][gc,heap      ] GC(206) Archive regions: 2->2
[2020-10-31T07:52:19.807+0000][info][gc,heap      ] GC(206) Humongous regions: 0->0
[2020-10-31T07:52:19.807+0000][info][gc,metaspace ] GC(206) Metaspace: 13750K->13750K(1062912K)
[2020-10-31T07:52:19.807+0000][info][gc           ] GC(206) Pause Young (Normal) (G1 Evacuation Pause) 3384M->30M(5632M) 121.902ms
[2020-10-31T07:52:19.807+0000][info][gc,cpu       ] GC(206) User=0.24s Sys=0.00s Real=0.12s
[2020-10-31T07:52:19.807+0000][info][safepoint    ] Safepoint "G1CollectForAllocation", Time since last: 627169386 ns, Reaching safepoint: 49596 ns, At safepoint: 121966905 ns, Total: 122016501 ns
[2020-10-31T07:52:20.807+0000][info][safepoint    ] Safepoint "Cleanup", Time since last: 1000083559 ns, Reaching safepoint: 121916 ns, At safepoint: 6729 ns, Total: 128645 ns
[2020-10-31T07:52:21.808+0000][info][safepoint    ] Safepoint "Cleanup", Time since last: 1000113950 ns, Reaching safepoint: 133955 ns, At safepoint: 3249 ns, Total: 137204 ns
[2020-10-31T07:52:22.808+0000][info][safepoint    ] Safepoint "Cleanup", Time since last: 1000106350 ns, Reaching safepoint: 145793 ns, At safepoint: 3375 ns, Total: 149168 ns
[2020-10-31T07:52:23.808+0000][info][safepoint    ] Safepoint "Cleanup", Time since last: 1000106826 ns, Reaching safepoint: 131594 ns, At safepoint: 5784 ns, Total: 137378 ns
[2020-10-31T07:52:24.808+0000][info][safepoint    ] Safepoint "Cleanup", Time since last: 1000111023 ns, Reaching safepoint: 57710 ns, At safepoint: 2924 ns, Total: 60634 ns
[2020-10-31T07:52:25.808+0000][info][safepoint    ] Safepoint "Cleanup", Time since last: 1000104118 ns, Reaching safepoint: 126226 ns, At safepoint: 6397 ns, Total: 132623 ns
[2020-10-31T07:52:26.809+0000][info][safepoint    ] Safepoint "Cleanup", Time since last: 1000113538 ns, Reaching safepoint: 133972 ns, At safepoint: 5106 ns, Total: 139078 ns
[2020-10-31T07:52:27.809+0000][info][safepoint    ] Safepoint "Cleanup", Time since last: 1000112070 ns, Reaching safepoint: 143543 ns, At safepoint: 6344 ns, Total: 149887 ns
[2020-10-31T07:52:28.809+0000][info][safepoint    ] Safepoint "Cleanup", Time since last: 1000110784 ns, Reaching safepoint: 127705 ns, At safepoint: 5846 ns, Total: 133551 ns
[2020-10-31T07:52:29.809+0000][info][safepoint    ] Safepoint "Cleanup", Time since last: 1000106294 ns, Reaching safepoint: 123253 ns, At safepoint: 5440 ns, Total: 128693 ns
[2020-10-31T07:52:30.376+0000][info][gc,start     ] GC(207) Pause Young (Normal) (G1 Evacuation Pause)
[2020-10-31T07:52:30.376+0000][info][gc,task      ] GC(207) Using 2 workers of 2 for evacuation
[2020-10-31T07:52:30.499+0000][info][gc,phases    ] GC(207)   Pre Evacuate Collection Set: 0.6ms
[2020-10-31T07:52:30.499+0000][info][gc,phases    ] GC(207)   Evacuate Collection Set: 92.3ms
[2020-10-31T07:52:30.499+0000][info][gc,phases    ] GC(207)   Post Evacuate Collection Set: 29.8ms
[2020-10-31T07:52:30.499+0000][info][gc,phases    ] GC(207)   Other: 0.5ms
[2020-10-31T07:52:30.499+0000][info][gc,heap      ] GC(207) Eden regions: 1677->0(1677)
[2020-10-31T07:52:30.499+0000][info][gc,heap      ] GC(207) Survivor regions: 12->12(212)
[2020-10-31T07:52:30.499+0000][info][gc,heap      ] GC(207) Old regions: 3->3
[2020-10-31T07:52:30.499+0000][info][gc,heap      ] GC(207) Archive regions: 2->2
[2020-10-31T07:52:30.499+0000][info][gc,heap      ] GC(207) Humongous regions: 0->0
[2020-10-31T07:52:30.499+0000][info][gc,metaspace ] GC(207) Metaspace: 13750K->13750K(1062912K)
[2020-10-31T07:52:30.499+0000][info][gc           ] GC(207) Pause Young (Normal) (G1 Evacuation Pause) 3384M->30M(5632M) 123.333ms
[2020-10-31T07:52:30.499+0000][info][gc,cpu       ] GC(207) User=0.24s Sys=0.00s Real=0.12s
[2020-10-31T07:52:30.499+0000][info][safepoint    ] Safepoint "G1CollectForAllocation", Time since last: 566206739 ns, Reaching safepoint: 52860 ns, At safepoint: 123393792 ns, Total: 123446652 ns
[2020-10-31T07:52:31.499+0000][info][safepoint    ] Safepoint "Cleanup", Time since last: 1000083914 ns, Reaching safepoint: 138806 ns, At safepoint: 5416 ns, Total: 144222 ns
[2020-10-31T07:52:32.500+0000][info][safepoint    ] Safepoint "Cleanup", Time since last: 1000109146 ns, Reaching safepoint: 133118 ns, At safepoint: 5397 ns, Total: 138515 ns
[2020-10-31T07:52:33.500+0000][info][safepoint    ] Safepoint "Cleanup", Time since last: 1000111208 ns, Reaching safepoint: 51087 ns, At safepoint: 2212 ns, Total: 53299 ns
[2020-10-31T07:52:34.500+0000][info][safepoint    ] Safepoint "Cleanup", Time since last: 1000103302 ns, Reaching safepoint: 140201 ns, At safepoint: 3505 ns, Total: 143706 ns
[2020-10-31T07:52:35.500+0000][info][safepoint    ] Safepoint "Cleanup", Time since last: 1000110233 ns, Reaching safepoint: 51037 ns, At safepoint: 2553 ns, Total: 53590 ns
[2020-10-31T07:52:36.500+0000][info][safepoint    ] Safepoint "Cleanup", Time since last: 1000103892 ns, Reaching safepoint: 130008 ns, At safepoint: 5826 ns, Total: 135834 ns
[2020-10-31T07:52:37.501+0000][info][safepoint    ] Safepoint "Cleanup", Time since last: 1000107871 ns, Reaching safepoint: 146753 ns, At safepoint: 5394 ns, Total: 152147 ns
[2020-10-31T07:52:38.501+0000][info][safepoint    ] Safepoint "Cleanup", Time since last: 1000110178 ns, Reaching safepoint: 127129 ns, At safepoint: 4695 ns, Total: 131824 ns
[2020-10-31T07:52:39.501+0000][info][safepoint    ] Safepoint "Cleanup", Time since last: 1000104620 ns, Reaching safepoint: 135657 ns, At safepoint: 7963 ns, Total: 143620 ns
[2020-10-31T07:52:40.501+0000][info][safepoint    ] Safepoint "Cleanup", Time since last: 1000111795 ns, Reaching safepoint: 126096 ns, At safepoint: 5390 ns, Total: 131486 ns
[2020-10-31T07:52:41.133+0000][info][gc,start     ] GC(208) Pause Young (Normal) (G1 Evacuation Pause)
[2020-10-31T07:52:41.133+0000][info][gc,task      ] GC(208) Using 2 workers of 2 for evacuation
[2020-10-31T07:52:41.254+0000][info][gc,phases    ] GC(208)   Pre Evacuate Collection Set: 0.6ms
[2020-10-31T07:52:41.254+0000][info][gc,phases    ] GC(208)   Evacuate Collection Set: 90.7ms
[2020-10-31T07:52:41.254+0000][info][gc,phases    ] GC(208)   Post Evacuate Collection Set: 29.2ms
[2020-10-31T07:52:41.254+0000][info][gc,phases    ] GC(208)   Other: 0.5ms
[2020-10-31T07:52:41.254+0000][info][gc,heap      ] GC(208) Eden regions: 1677->0(1677)
[2020-10-31T07:52:41.254+0000][info][gc,heap      ] GC(208) Survivor regions: 12->12(212)
[2020-10-31T07:52:41.254+0000][info][gc,heap      ] GC(208) Old regions: 3->3
[2020-10-31T07:52:41.254+0000][info][gc,heap      ] GC(208) Archive regions: 2->2
[2020-10-31T07:52:41.254+0000][info][gc,heap      ] GC(208) Humongous regions: 0->0
[2020-10-31T07:52:41.254+0000][info][gc,metaspace ] GC(208) Metaspace: 13750K->13750K(1062912K)
[2020-10-31T07:52:41.254+0000][info][gc           ] GC(208) Pause Young (Normal) (G1 Evacuation Pause) 3384M->30M(5632M) 121.039ms
[2020-10-31T07:52:41.254+0000][info][gc,cpu       ] GC(208) User=0.23s Sys=0.00s Real=0.12s
[2020-10-31T07:52:41.254+0000][info][safepoint    ] Safepoint "G1CollectForAllocation", Time since last: 631840685 ns, Reaching safepoint: 50515 ns, At safepoint: 121092759 ns, Total: 121143274 ns
[2020-10-31T07:52:42.255+0000][info][safepoint    ] Safepoint "Cleanup", Time since last: 1000086803 ns, Reaching safepoint: 136022 ns, At safepoint: 6267 ns, Total: 142289 ns
[2020-10-31T07:52:43.255+0000][info][safepoint    ] Safepoint "Cleanup", Time since last: 1000121994 ns, Reaching safepoint: 124234 ns, At safepoint: 5645 ns, Total: 129879 ns
[2020-10-31T07:52:44.255+0000][info][safepoint    ] Safepoint "Cleanup", Time since last: 1000111306 ns, Reaching safepoint: 144386 ns, At safepoint: 3513 ns, Total: 147899 ns
[2020-10-31T07:52:45.255+0000][info][safepoint    ] Safepoint "Cleanup", Time since last: 1000108222 ns, Reaching safepoint: 125806 ns, At safepoint: 6172 ns, Total: 131978 ns
[2020-10-31T07:52:46.256+0000][info][safepoint    ] Safepoint "Cleanup", Time since last: 1000109254 ns, Reaching safepoint: 138479 ns, At safepoint: 3494 ns, Total: 141973 ns
[2020-10-31T07:52:47.256+0000][info][safepoint    ] Safepoint "Cleanup", Time since last: 1000108017 ns, Reaching safepoint: 49995 ns, At safepoint: 1804 ns, Total: 51799 ns
[2020-10-31T07:52:48.256+0000][info][safepoint    ] Safepoint "Cleanup", Time since last: 1000102828 ns, Reaching safepoint: 47452 ns, At safepoint: 1885 ns, Total: 49337 ns
[2020-10-31T07:52:49.256+0000][info][safepoint    ] Safepoint "Cleanup", Time since last: 1000101370 ns, Reaching safepoint: 127210 ns, At safepoint: 6243 ns, Total: 133453 ns
[2020-10-31T07:52:50.256+0000][info][safepoint    ] Safepoint "Cleanup", Time since last: 1000112177 ns, Reaching safepoint: 124777 ns, At safepoint: 6517 ns, Total: 131294 ns
[2020-10-31T07:52:51.257+0000][info][safepoint    ] Safepoint "Cleanup", Time since last: 1000109656 ns, Reaching safepoint: 125445 ns, At safepoint: 6429 ns, Total: 131874 ns
[2020-10-31T07:52:51.889+0000][info][gc,start     ] GC(209) Pause Young (Normal) (G1 Evacuation Pause)
[2020-10-31T07:52:51.889+0000][info][gc,task      ] GC(209) Using 2 workers of 2 for evacuation
[2020-10-31T07:52:52.011+0000][info][gc,phases    ] GC(209)   Pre Evacuate Collection Set: 0.6ms
[2020-10-31T07:52:52.011+0000][info][gc,phases    ] GC(209)   Evacuate Collection Set: 91.0ms
[2020-10-31T07:52:52.011+0000][info][gc,phases    ] GC(209)   Post Evacuate Collection Set: 29.9ms
[2020-10-31T07:52:52.011+0000][info][gc,phases    ] GC(209)   Other: 0.5ms
[2020-10-31T07:52:52.011+0000][info][gc,heap      ] GC(209) Eden regions: 1677->0(1677)
[2020-10-31T07:52:52.011+0000][info][gc,heap      ] GC(209) Survivor regions: 12->12(212)
[2020-10-31T07:52:52.011+0000][info][gc,heap      ] GC(209) Old regions: 3->3
[2020-10-31T07:52:52.011+0000][info][gc,heap      ] GC(209) Archive regions: 2->2
[2020-10-31T07:52:52.011+0000][info][gc,heap      ] GC(209) Humongous regions: 0->0
[2020-10-31T07:52:52.011+0000][info][gc,metaspace ] GC(209) Metaspace: 13750K->13750K(1062912K)
[2020-10-31T07:52:52.011+0000][info][gc           ] GC(209) Pause Young (Normal) (G1 Evacuation Pause) 3384M->30M(5632M) 122.099ms
[2020-10-31T07:52:52.011+0000][info][gc,cpu       ] GC(209) User=0.24s Sys=0.00s Real=0.12s
[2020-10-31T07:52:52.011+0000][info][safepoint    ] Safepoint "G1CollectForAllocation", Time since last: 631877964 ns, Reaching safepoint: 67376 ns, At safepoint: 122151640 ns, Total: 122219016 ns
[2020-10-31T07:52:53.011+0000][info][safepoint    ] Safepoint "Cleanup", Time since last: 1000088505 ns, Reaching safepoint: 154083 ns, At safepoint: 7998 ns, Total: 162081 ns
[2020-10-31T07:52:54.011+0000][info][safepoint    ] Safepoint "Cleanup", Time since last: 1000097994 ns, Reaching safepoint: 127875 ns, At safepoint: 5421 ns, Total: 133296 ns
[2020-10-31T07:52:55.074+0000][info][safepoint    ] Safepoint "Cleanup", Time since last: 1062310927 ns, Reaching safepoint: 137487 ns, At safepoint: 3645 ns, Total: 141132 ns
[2020-10-31T07:52:56.074+0000][info][safepoint    ] Safepoint "Cleanup", Time since last: 1000111158 ns, Reaching safepoint: 141035 ns, At safepoint: 4308 ns, Total: 145343 ns
[2020-10-31T07:52:57.074+0000][info][safepoint    ] Safepoint "Cleanup", Time since last: 1000111748 ns, Reaching safepoint: 50861 ns, At safepoint: 5470 ns, Total: 56331 ns
[2020-10-31T07:52:58.074+0000][info][safepoint    ] Safepoint "Cleanup", Time since last: 1000111965 ns, Reaching safepoint: 138863 ns, At safepoint: 3530 ns, Total: 142393 ns
[2020-10-31T07:52:59.074+0000][info][safepoint    ] Safepoint "Cleanup", Time since last: 1000121338 ns, Reaching safepoint: 59015 ns, At safepoint: 3481 ns, Total: 62496 ns
[2020-10-31T07:53:00.075+0000][info][safepoint    ] Safepoint "Cleanup", Time since last: 1000111741 ns, Reaching safepoint: 131847 ns, At safepoint: 7090 ns, Total: 138937 ns
[2020-10-31T07:53:01.075+0000][info][safepoint    ] Safepoint "Cleanup", Time since last: 1000109227 ns, Reaching safepoint: 132943 ns, At safepoint: 7910 ns, Total: 140853 ns
[2020-10-31T07:53:02.075+0000][info][safepoint    ] Safepoint "Cleanup", Time since last: 1000104302 ns, Reaching safepoint: 134791 ns, At safepoint: 3823 ns, Total: 138614 ns
[2020-10-31T07:53:02.652+0000][info][gc,start     ] GC(210) Pause Young (Normal) (G1 Evacuation Pause)
[2020-10-31T07:53:02.652+0000][info][gc,task      ] GC(210) Using 2 workers of 2 for evacuation
[2020-10-31T07:53:02.774+0000][info][gc,phases    ] GC(210)   Pre Evacuate Collection Set: 0.5ms
[2020-10-31T07:53:02.774+0000][info][gc,phases    ] GC(210)   Evacuate Collection Set: 94.4ms
[2020-10-31T07:53:02.774+0000][info][gc,phases    ] GC(210)   Post Evacuate Collection Set: 26.3ms
[2020-10-31T07:53:02.774+0000][info][gc,phases    ] GC(210)   Other: 0.5ms
[2020-10-31T07:53:02.774+0000][info][gc,heap      ] GC(210) Eden regions: 1677->0(1677)
[2020-10-31T07:53:02.774+0000][info][gc,heap      ] GC(210) Survivor regions: 12->12(212)
[2020-10-31T07:53:02.774+0000][info][gc,heap      ] GC(210) Old regions: 3->3
[2020-10-31T07:53:02.774+0000][info][gc,heap      ] GC(210) Archive regions: 2->2
[2020-10-31T07:53:02.774+0000][info][gc,heap      ] GC(210) Humongous regions: 0->0
[2020-10-31T07:53:02.774+0000][info][gc,metaspace ] GC(210) Metaspace: 13750K->13750K(1062912K)
[2020-10-31T07:53:02.774+0000][info][gc           ] GC(210) Pause Young (Normal) (G1 Evacuation Pause) 3384M->30M(5632M) 121.810ms
[2020-10-31T07:53:02.774+0000][info][gc,cpu       ] GC(210) User=0.23s Sys=0.00s Real=0.13s
[2020-10-31T07:53:02.774+0000][info][safepoint    ] Safepoint "G1CollectForAllocation", Time since last: 576667360 ns, Reaching safepoint: 57270 ns, At safepoint: 121872222 ns, Total: 121929492 ns
[2020-10-31T07:53:03.774+0000][info][safepoint    ] Safepoint "Cleanup", Time since last: 1000085480 ns, Reaching safepoint: 129294 ns, At safepoint: 6558 ns, Total: 135852 ns
[2020-10-31T07:53:04.774+0000][info][safepoint    ] Safepoint "Cleanup", Time since last: 1000108965 ns, Reaching safepoint: 139194 ns, At safepoint: 3698 ns, Total: 142892 ns
[2020-10-31T07:53:05.775+0000][info][safepoint    ] Safepoint "Cleanup", Time since last: 1000099273 ns, Reaching safepoint: 136464 ns, At safepoint: 3670 ns, Total: 140134 ns
[2020-10-31T07:53:06.775+0000][info][safepoint    ] Safepoint "Cleanup", Time since last: 1000112465 ns, Reaching safepoint: 125396 ns, At safepoint: 6250 ns, Total: 131646 ns
[2020-10-31T07:53:07.775+0000][info][safepoint    ] Safepoint "Cleanup", Time since last: 1000113308 ns, Reaching safepoint: 144508 ns, At safepoint: 8000 ns, Total: 152508 ns
[2020-10-31T07:53:08.775+0000][info][safepoint    ] Safepoint "Cleanup", Time since last: 1000109100 ns, Reaching safepoint: 51469 ns, At safepoint: 5722 ns, Total: 57191 ns
[2020-10-31T07:53:09.775+0000][info][safepoint    ] Safepoint "Cleanup", Time since last: 1000106384 ns, Reaching safepoint: 50551 ns, At safepoint: 2525 ns, Total: 53076 ns
[2020-10-31T07:53:10.776+0000][info][safepoint    ] Safepoint "Cleanup", Time since last: 1000100967 ns, Reaching safepoint: 127804 ns, At safepoint: 6585 ns, Total: 134389 ns
[2020-10-31T07:53:11.776+0000][info][safepoint    ] Safepoint "Cleanup", Time since last: 1000109098 ns, Reaching safepoint: 61160 ns, At safepoint: 3815 ns, Total: 64975 ns
[2020-10-31T07:53:12.776+0000][info][safepoint    ] Safepoint "Cleanup", Time since last: 1000110603 ns, Reaching safepoint: 51717 ns, At safepoint: 5474 ns, Total: 57191 ns
[2020-10-31T07:53:13.402+0000][info][gc,start     ] GC(211) Pause Young (Normal) (G1 Evacuation Pause)
[2020-10-31T07:53:13.402+0000][info][gc,task      ] GC(211) Using 2 workers of 2 for evacuation
[2020-10-31T07:53:13.522+0000][info][gc,phases    ] GC(211)   Pre Evacuate Collection Set: 0.6ms
[2020-10-31T07:53:13.522+0000][info][gc,phases    ] GC(211)   Evacuate Collection Set: 91.1ms
[2020-10-31T07:53:13.522+0000][info][gc,phases    ] GC(211)   Post Evacuate Collection Set: 28.0ms
[2020-10-31T07:53:13.522+0000][info][gc,phases    ] GC(211)   Other: 0.5ms
[2020-10-31T07:53:13.522+0000][info][gc,heap      ] GC(211) Eden regions: 1677->0(1676)
[2020-10-31T07:53:13.522+0000][info][gc,heap      ] GC(211) Survivor regions: 12->13(212)
[2020-10-31T07:53:13.522+0000][info][gc,heap      ] GC(211) Old regions: 3->3
[2020-10-31T07:53:13.522+0000][info][gc,heap      ] GC(211) Archive regions: 2->2
[2020-10-31T07:53:13.522+0000][info][gc,heap      ] GC(211) Humongous regions: 0->0
[2020-10-31T07:53:13.522+0000][info][gc,metaspace ] GC(211) Metaspace: 13750K->13750K(1062912K)
[2020-10-31T07:53:13.522+0000][info][gc           ] GC(211) Pause Young (Normal) (G1 Evacuation Pause) 3384M->31M(5632M) 120.266ms
[2020-10-31T07:53:13.522+0000][info][gc,cpu       ] GC(211) User=0.24s Sys=0.00s Real=0.12s
[2020-10-31T07:53:13.522+0000][info][safepoint    ] Safepoint "G1CollectForAllocation", Time since last: 625597172 ns, Reaching safepoint: 60415 ns, At safepoint: 120320321 ns, Total: 120380736 ns
[2020-10-31T07:53:14.522+0000][info][safepoint    ] Safepoint "Cleanup", Time since last: 1000081608 ns, Reaching safepoint: 135729 ns, At safepoint: 3142 ns, Total: 138871 ns
[2020-10-31T07:53:15.522+0000][info][safepoint    ] Safepoint "Cleanup", Time since last: 1000107335 ns, Reaching safepoint: 121959 ns, At safepoint: 6820 ns, Total: 128779 ns
[2020-10-31T07:53:16.523+0000][info][safepoint    ] Safepoint "Cleanup", Time since last: 1000109828 ns, Reaching safepoint: 139158 ns, At safepoint: 3212 ns, Total: 142370 ns
[2020-10-31T07:53:17.523+0000][info][safepoint    ] Safepoint "Cleanup", Time since last: 1000104887 ns, Reaching safepoint: 131008 ns, At safepoint: 6059 ns, Total: 137067 ns
[2020-10-31T07:53:18.523+0000][info][safepoint    ] Safepoint "Cleanup", Time since last: 1000108376 ns, Reaching safepoint: 125806 ns, At safepoint: 6814 ns, Total: 132620 ns
[2020-10-31T07:53:19.523+0000][info][safepoint    ] Safepoint "Cleanup", Time since last: 1000108962 ns, Reaching safepoint: 136819 ns, At safepoint: 3443 ns, Total: 140262 ns
[2020-10-31T07:53:20.524+0000][info][safepoint    ] Safepoint "Cleanup", Time since last: 1000111102 ns, Reaching safepoint: 140316 ns, At safepoint: 3708 ns, Total: 144024 ns
[2020-10-31T07:53:21.524+0000][info][safepoint    ] Safepoint "Cleanup", Time since last: 1000108054 ns, Reaching safepoint: 57167 ns, At safepoint: 5623 ns, Total: 62790 ns
[2020-10-31T07:53:22.524+0000][info][safepoint    ] Safepoint "Cleanup", Time since last: 1000111613 ns, Reaching safepoint: 132117 ns, At safepoint: 5343 ns, Total: 137460 ns
[2020-10-31T07:53:23.524+0000][info][safepoint    ] Safepoint "Cleanup", Time since last: 1000111639 ns, Reaching safepoint: 132557 ns, At safepoint: 6861 ns, Total: 139418 ns
[2020-10-31T07:53:24.149+0000][info][gc,start     ] GC(212) Pause Young (Normal) (G1 Evacuation Pause)
[2020-10-31T07:53:24.149+0000][info][gc,task      ] GC(212) Using 2 workers of 2 for evacuation
[2020-10-31T07:53:24.278+0000][info][gc,phases    ] GC(212)   Pre Evacuate Collection Set: 0.6ms
[2020-10-31T07:53:24.278+0000][info][gc,phases    ] GC(212)   Evacuate Collection Set: 97.4ms
[2020-10-31T07:53:24.278+0000][info][gc,phases    ] GC(212)   Post Evacuate Collection Set: 30.4ms
[2020-10-31T07:53:24.278+0000][info][gc,phases    ] GC(212)   Other: 0.5ms
[2020-10-31T07:53:24.278+0000][info][gc,heap      ] GC(212) Eden regions: 1676->0(1677)
[2020-10-31T07:53:24.278+0000][info][gc,heap      ] GC(212) Survivor regions: 13->12(212)
[2020-10-31T07:53:24.278+0000][info][gc,heap      ] GC(212) Old regions: 3->3
[2020-10-31T07:53:24.278+0000][info][gc,heap      ] GC(212) Archive regions: 2->2
[2020-10-31T07:53:24.278+0000][info][gc,heap      ] GC(212) Humongous regions: 0->0
[2020-10-31T07:53:24.278+0000][info][gc,metaspace ] GC(212) Metaspace: 13750K->13750K(1062912K)
[2020-10-31T07:53:24.278+0000][info][gc           ] GC(212) Pause Young (Normal) (G1 Evacuation Pause) 3383M->30M(5632M) 129.015ms
[2020-10-31T07:53:24.278+0000][info][gc,cpu       ] GC(212) User=0.23s Sys=0.00s Real=0.13s
[2020-10-31T07:53:24.278+0000][info][safepoint    ] Safepoint "G1CollectForAllocation", Time since last: 624939674 ns, Reaching safepoint: 81480 ns, At safepoint: 129068239 ns, Total: 129149719 ns
[2020-10-31T07:53:25.279+0000][info][safepoint    ] Safepoint "Cleanup", Time since last: 1000084499 ns, Reaching safepoint: 122251 ns, At safepoint: 6575 ns, Total: 128826 ns
[2020-10-31T07:53:26.279+0000][info][safepoint    ] Safepoint "Cleanup", Time since last: 1000103185 ns, Reaching safepoint: 135589 ns, At safepoint: 3547 ns, Total: 139136 ns
[2020-10-31T07:53:27.279+0000][info][safepoint    ] Safepoint "Cleanup", Time since last: 1000109672 ns, Reaching safepoint: 143839 ns, At safepoint: 3482 ns, Total: 147321 ns
[2020-10-31T07:53:28.279+0000][info][safepoint    ] Safepoint "Cleanup", Time since last: 1000108523 ns, Reaching safepoint: 59156 ns, At safepoint: 3858 ns, Total: 63014 ns
[2020-10-31T07:53:29.280+0000][info][safepoint    ] Safepoint "Cleanup", Time since last: 1000106525 ns, Reaching safepoint: 125194 ns, At safepoint: 5326 ns, Total: 130520 ns
[2020-10-31T07:53:30.280+0000][info][safepoint    ] Safepoint "Cleanup", Time since last: 1000108305 ns, Reaching safepoint: 129933 ns, At safepoint: 5796 ns, Total: 135729 ns
[2020-10-31T07:53:31.280+0000][info][safepoint    ] Safepoint "Cleanup", Time since last: 1000107858 ns, Reaching safepoint: 125891 ns, At safepoint: 7029 ns, Total: 132920 ns
[2020-10-31T07:53:32.280+0000][info][safepoint    ] Safepoint "Cleanup", Time since last: 1000110933 ns, Reaching safepoint: 137429 ns, At safepoint: 3389 ns, Total: 140818 ns
[2020-10-31T07:53:33.280+0000][info][safepoint    ] Safepoint "Cleanup", Time since last: 1000111140 ns, Reaching safepoint: 58765 ns, At safepoint: 7158 ns, Total: 65923 ns
[2020-10-31T07:53:34.281+0000][info][safepoint    ] Safepoint "Cleanup", Time since last: 1000115522 ns, Reaching safepoint: 128611 ns, At safepoint: 5420 ns, Total: 134031 ns
[2020-10-31T07:53:34.839+0000][info][gc,start     ] GC(213) Pause Young (Normal) (G1 Evacuation Pause)
[2020-10-31T07:53:34.839+0000][info][gc,task      ] GC(213) Using 2 workers of 2 for evacuation
[2020-10-31T07:53:34.958+0000][info][gc,phases    ] GC(213)   Pre Evacuate Collection Set: 0.5ms
[2020-10-31T07:53:34.958+0000][info][gc,phases    ] GC(213)   Evacuate Collection Set: 90.5ms
[2020-10-31T07:53:34.958+0000][info][gc,phases    ] GC(213)   Post Evacuate Collection Set: 27.8ms
[2020-10-31T07:53:34.958+0000][info][gc,phases    ] GC(213)   Other: 0.5ms
[2020-10-31T07:53:34.958+0000][info][gc,heap      ] GC(213) Eden regions: 1677->0(1677)
[2020-10-31T07:53:34.958+0000][info][gc,heap      ] GC(213) Survivor regions: 12->12(212)
[2020-10-31T07:53:34.958+0000][info][gc,heap      ] GC(213) Old regions: 3->3
[2020-10-31T07:53:34.958+0000][info][gc,heap      ] GC(213) Archive regions: 2->2
[2020-10-31T07:53:34.958+0000][info][gc,heap      ] GC(213) Humongous regions: 0->0
[2020-10-31T07:53:34.958+0000][info][gc,metaspace ] GC(213) Metaspace: 13750K->13750K(1062912K)
[2020-10-31T07:53:34.958+0000][info][gc           ] GC(213) Pause Young (Normal) (G1 Evacuation Pause) 3384M->30M(5632M) 119.433ms
[2020-10-31T07:53:34.958+0000][info][gc,cpu       ] GC(213) User=0.23s Sys=0.00s Real=0.12s
[2020-10-31T07:53:34.958+0000][info][safepoint    ] Safepoint "G1CollectForAllocation", Time since last: 558182979 ns, Reaching safepoint: 58300 ns, At safepoint: 119494404 ns, Total: 119552704 ns
[2020-10-31T07:53:35.959+0000][info][safepoint    ] Safepoint "Cleanup", Time since last: 1000080780 ns, Reaching safepoint: 137490 ns, At safepoint: 3740 ns, Total: 141230 ns
[2020-10-31T07:53:36.959+0000][info][safepoint    ] Safepoint "Cleanup", Time since last: 1000123427 ns, Reaching safepoint: 131524 ns, At safepoint: 5510 ns, Total: 137034 ns
[2020-10-31T07:53:37.959+0000][info][safepoint    ] Safepoint "Cleanup", Time since last: 1000106944 ns, Reaching safepoint: 136135 ns, At safepoint: 4808 ns, Total: 140943 ns
[2020-10-31T07:53:38.959+0000][info][safepoint    ] Safepoint "Cleanup", Time since last: 1000112407 ns, Reaching safepoint: 140585 ns, At safepoint: 3394 ns, Total: 143979 ns
[2020-10-31T07:53:39.960+0000][info][safepoint    ] Safepoint "Cleanup", Time since last: 1000108414 ns, Reaching safepoint: 135694 ns, At safepoint: 3312 ns, Total: 139006 ns
[2020-10-31T07:53:40.960+0000][info][safepoint    ] Safepoint "Cleanup", Time since last: 1000112536 ns, Reaching safepoint: 129015 ns, At safepoint: 5776 ns, Total: 134791 ns
[2020-10-31T07:53:41.960+0000][info][safepoint    ] Safepoint "Cleanup", Time since last: 1000107768 ns, Reaching safepoint: 127045 ns, At safepoint: 5332 ns, Total: 132377 ns
[2020-10-31T07:53:42.960+0000][info][safepoint    ] Safepoint "Cleanup", Time since last: 1000107876 ns, Reaching safepoint: 131329 ns, At safepoint: 7203 ns, Total: 138532 ns
[2020-10-31T07:53:43.961+0000][info][safepoint    ] Safepoint "Cleanup", Time since last: 1000109336 ns, Reaching safepoint: 61557 ns, At safepoint: 2112 ns, Total: 63669 ns
[2020-10-31T07:53:44.961+0000][info][safepoint    ] Safepoint "Cleanup", Time since last: 1000103345 ns, Reaching safepoint: 128944 ns, At safepoint: 5480 ns, Total: 134424 ns
[2020-10-31T07:53:45.531+0000][info][gc,start     ] GC(214) Pause Young (Normal) (G1 Evacuation Pause)
[2020-10-31T07:53:45.531+0000][info][gc,task      ] GC(214) Using 2 workers of 2 for evacuation
[2020-10-31T07:53:45.654+0000][info][gc,phases    ] GC(214)   Pre Evacuate Collection Set: 0.6ms
[2020-10-31T07:53:45.654+0000][info][gc,phases    ] GC(214)   Evacuate Collection Set: 91.2ms
[2020-10-31T07:53:45.654+0000][info][gc,phases    ] GC(214)   Post Evacuate Collection Set: 30.8ms
[2020-10-31T07:53:45.654+0000][info][gc,phases    ] GC(214)   Other: 0.5ms
[2020-10-31T07:53:45.654+0000][info][gc,heap      ] GC(214) Eden regions: 1677->0(1676)
[2020-10-31T07:53:45.654+0000][info][gc,heap      ] GC(214) Survivor regions: 12->13(212)
[2020-10-31T07:53:45.654+0000][info][gc,heap      ] GC(214) Old regions: 3->3
[2020-10-31T07:53:45.654+0000][info][gc,heap      ] GC(214) Archive regions: 2->2
[2020-10-31T07:53:45.654+0000][info][gc,heap      ] GC(214) Humongous regions: 0->0
[2020-10-31T07:53:45.654+0000][info][gc,metaspace ] GC(214) Metaspace: 13754K->13754K(1062912K)
[2020-10-31T07:53:45.654+0000][info][gc           ] GC(214) Pause Young (Normal) (G1 Evacuation Pause) 3384M->31M(5632M) 123.135ms
[2020-10-31T07:53:45.654+0000][info][gc,cpu       ] GC(214) User=0.24s Sys=0.00s Real=0.13s
[2020-10-31T07:53:45.654+0000][info][safepoint    ] Safepoint "G1CollectForAllocation", Time since last: 570099737 ns, Reaching safepoint: 51768 ns, At safepoint: 123190237 ns, Total: 123242005 ns
[2020-10-31T07:53:46.654+0000][info][safepoint    ] Safepoint "Cleanup", Time since last: 1000084735 ns, Reaching safepoint: 126512 ns, At safepoint: 6290 ns, Total: 132802 ns
[2020-10-31T07:53:47.655+0000][info][safepoint    ] Safepoint "Cleanup", Time since last: 1000105317 ns, Reaching safepoint: 125619 ns, At safepoint: 6174 ns, Total: 131793 ns
[2020-10-31T07:53:48.655+0000][info][safepoint    ] Safepoint "Cleanup", Time since last: 1000111158 ns, Reaching safepoint: 126399 ns, At safepoint: 5357 ns, Total: 131756 ns
[2020-10-31T07:53:49.655+0000][info][safepoint    ] Safepoint "Cleanup", Time since last: 1000110147 ns, Reaching safepoint: 127933 ns, At safepoint: 3374 ns, Total: 131307 ns
[2020-10-31T07:53:50.655+0000][info][safepoint    ] Safepoint "Cleanup", Time since last: 1000110008 ns, Reaching safepoint: 128272 ns, At safepoint: 6699 ns, Total: 134971 ns
[2020-10-31T07:53:51.656+0000][info][safepoint    ] Safepoint "Cleanup", Time since last: 1000111857 ns, Reaching safepoint: 128788 ns, At safepoint: 6130 ns, Total: 134918 ns
[2020-10-31T07:53:52.656+0000][info][safepoint    ] Safepoint "Cleanup", Time since last: 1000125001 ns, Reaching safepoint: 143754 ns, At safepoint: 7909 ns, Total: 151663 ns
[2020-10-31T07:53:53.656+0000][info][safepoint    ] Safepoint "Cleanup", Time since last: 1000111644 ns, Reaching safepoint: 125705 ns, At safepoint: 7064 ns, Total: 132769 ns
[2020-10-31T07:53:54.656+0000][info][safepoint    ] Safepoint "Cleanup", Time since last: 1000115368 ns, Reaching safepoint: 64660 ns, At safepoint: 1716 ns, Total: 66376 ns
[2020-10-31T07:53:55.656+0000][info][safepoint    ] Safepoint "Cleanup", Time since last: 1000102764 ns, Reaching safepoint: 127321 ns, At safepoint: 7203 ns, Total: 134524 ns
[2020-10-31T07:53:56.218+0000][info][gc,start     ] GC(215) Pause Young (Normal) (G1 Evacuation Pause)
[2020-10-31T07:53:56.218+0000][info][gc,task      ] GC(215) Using 2 workers of 2 for evacuation
[2020-10-31T07:53:56.355+0000][info][gc,phases    ] GC(215)   Pre Evacuate Collection Set: 0.5ms
[2020-10-31T07:53:56.355+0000][info][gc,phases    ] GC(215)   Evacuate Collection Set: 107.7ms
[2020-10-31T07:53:56.355+0000][info][gc,phases    ] GC(215)   Post Evacuate Collection Set: 28.6ms
[2020-10-31T07:53:56.355+0000][info][gc,phases    ] GC(215)   Other: 0.5ms
[2020-10-31T07:53:56.355+0000][info][gc,heap      ] GC(215) Eden regions: 1676->0(1677)
[2020-10-31T07:53:56.355+0000][info][gc,heap      ] GC(215) Survivor regions: 13->12(212)
[2020-10-31T07:53:56.355+0000][info][gc,heap      ] GC(215) Old regions: 3->3
[2020-10-31T07:53:56.355+0000][info][gc,heap      ] GC(215) Archive regions: 2->2
[2020-10-31T07:53:56.355+0000][info][gc,heap      ] GC(215) Humongous regions: 0->0
[2020-10-31T07:53:56.355+0000][info][gc,metaspace ] GC(215) Metaspace: 13754K->13754K(1062912K)
[2020-10-31T07:53:56.355+0000][info][gc           ] GC(215) Pause Young (Normal) (G1 Evacuation Pause) 3383M->30M(5632M) 137.407ms
[2020-10-31T07:53:56.355+0000][info][gc,cpu       ] GC(215) User=0.22s Sys=0.00s Real=0.14s
[2020-10-31T07:53:56.355+0000][info][safepoint    ] Safepoint "G1CollectForAllocation", Time since last: 561273026 ns, Reaching safepoint: 58209 ns, At safepoint: 137477271 ns, Total: 137535480 ns
[2020-10-31T07:53:57.356+0000][info][safepoint    ] Safepoint "Cleanup", Time since last: 1000082967 ns, Reaching safepoint: 138035 ns, At safepoint: 3425 ns, Total: 141460 ns
[2020-10-31T07:53:58.356+0000][info][safepoint    ] Safepoint "Cleanup", Time since last: 1000113498 ns, Reaching safepoint: 51679 ns, At safepoint: 2356 ns, Total: 54035 ns
[2020-10-31T07:53:59.356+0000][info][safepoint    ] Safepoint "Cleanup", Time since last: 1000104259 ns, Reaching safepoint: 131583 ns, At safepoint: 5970 ns, Total: 137553 ns
[2020-10-31T07:54:00.356+0000][info][safepoint    ] Safepoint "Cleanup", Time since last: 1000112553 ns, Reaching safepoint: 65435 ns, At safepoint: 5064 ns, Total: 70499 ns
[2020-10-31T07:54:01.356+0000][info][safepoint    ] Safepoint "Cleanup", Time since last: 1000109096 ns, Reaching safepoint: 135216 ns, At safepoint: 5587 ns, Total: 140803 ns
[2020-10-31T07:54:02.357+0000][info][safepoint    ] Safepoint "Cleanup", Time since last: 1000109710 ns, Reaching safepoint: 128675 ns, At safepoint: 6265 ns, Total: 134940 ns
[2020-10-31T07:54:03.357+0000][info][safepoint    ] Safepoint "Cleanup", Time since last: 1000114776 ns, Reaching safepoint: 130072 ns, At safepoint: 7049 ns, Total: 137121 ns
[2020-10-31T07:54:04.357+0000][info][safepoint    ] Safepoint "Cleanup", Time since last: 1000112689 ns, Reaching safepoint: 52579 ns, At safepoint: 7925 ns, Total: 60504 ns
[2020-10-31T07:54:05.357+0000][info][safepoint    ] Safepoint "Cleanup", Time since last: 1000113047 ns, Reaching safepoint: 124875 ns, At safepoint: 7528 ns, Total: 132403 ns
[2020-10-31T07:54:06.357+0000][info][safepoint    ] Safepoint "Cleanup", Time since last: 1000111142 ns, Reaching safepoint: 50745 ns, At safepoint: 5843 ns, Total: 56588 ns
[2020-10-31T07:54:06.944+0000][info][gc,start     ] GC(216) Pause Young (Normal) (G1 Evacuation Pause)
[2020-10-31T07:54:06.944+0000][info][gc,task      ] GC(216) Using 2 workers of 2 for evacuation
[2020-10-31T07:54:07.067+0000][info][gc,phases    ] GC(216)   Pre Evacuate Collection Set: 0.6ms
[2020-10-31T07:54:07.067+0000][info][gc,phases    ] GC(216)   Evacuate Collection Set: 92.3ms
[2020-10-31T07:54:07.067+0000][info][gc,phases    ] GC(216)   Post Evacuate Collection Set: 29.8ms
[2020-10-31T07:54:07.067+0000][info][gc,phases    ] GC(216)   Other: 0.5ms
[2020-10-31T07:54:07.067+0000][info][gc,heap      ] GC(216) Eden regions: 1677->0(1677)
[2020-10-31T07:54:07.067+0000][info][gc,heap      ] GC(216) Survivor regions: 12->12(212)
[2020-10-31T07:54:07.067+0000][info][gc,heap      ] GC(216) Old regions: 3->3
[2020-10-31T07:54:07.067+0000][info][gc,heap      ] GC(216) Archive regions: 2->2
[2020-10-31T07:54:07.067+0000][info][gc,heap      ] GC(216) Humongous regions: 0->0
[2020-10-31T07:54:07.067+0000][info][gc,metaspace ] GC(216) Metaspace: 13754K->13754K(1062912K)
[2020-10-31T07:54:07.067+0000][info][gc           ] GC(216) Pause Young (Normal) (G1 Evacuation Pause) 3384M->30M(5632M) 123.244ms
[2020-10-31T07:54:07.067+0000][info][gc,cpu       ] GC(216) User=0.25s Sys=0.00s Real=0.13s
[2020-10-31T07:54:07.067+0000][info][safepoint    ] Safepoint "G1CollectForAllocation", Time since last: 586579811 ns, Reaching safepoint: 54492 ns, At safepoint: 123298055 ns, Total: 123352547 ns
[2020-10-31T07:54:08.068+0000][info][safepoint    ] Safepoint "Cleanup", Time since last: 1000086009 ns, Reaching safepoint: 125541 ns, At safepoint: 6208 ns, Total: 131749 ns
[2020-10-31T07:54:09.068+0000][info][safepoint    ] Safepoint "Cleanup", Time since last: 1000111692 ns, Reaching safepoint: 126060 ns, At safepoint: 6553 ns, Total: 132613 ns
[2020-10-31T07:54:10.068+0000][info][safepoint    ] Safepoint "Cleanup", Time since last: 1000110253 ns, Reaching safepoint: 131493 ns, At safepoint: 6359 ns, Total: 137852 ns
[2020-10-31T07:54:11.068+0000][info][safepoint    ] Safepoint "Cleanup", Time since last: 1000109612 ns, Reaching safepoint: 61420 ns, At safepoint: 3915 ns, Total: 65335 ns
[2020-10-31T07:54:12.068+0000][info][safepoint    ] Safepoint "Cleanup", Time since last: 1000107243 ns, Reaching safepoint: 52641 ns, At safepoint: 5822 ns, Total: 58463 ns
[2020-10-31T07:54:13.069+0000][info][safepoint    ] Safepoint "Cleanup", Time since last: 1000109086 ns, Reaching safepoint: 122809 ns, At safepoint: 7865 ns, Total: 130674 ns
[2020-10-31T07:54:14.069+0000][info][safepoint    ] Safepoint "Cleanup", Time since last: 1000107259 ns, Reaching safepoint: 126023 ns, At safepoint: 6303 ns, Total: 132326 ns
[2020-10-31T07:54:15.069+0000][info][safepoint    ] Safepoint "Cleanup", Time since last: 1000109062 ns, Reaching safepoint: 126261 ns, At safepoint: 7433 ns, Total: 133694 ns
[2020-10-31T07:54:16.069+0000][info][safepoint    ] Safepoint "Cleanup", Time since last: 1000110709 ns, Reaching safepoint: 126903 ns, At safepoint: 5996 ns, Total: 132899 ns
[2020-10-31T07:54:17.070+0000][info][safepoint    ] Safepoint "Cleanup", Time since last: 1000107347 ns, Reaching safepoint: 136652 ns, At safepoint: 3208 ns, Total: 139860 ns
[2020-10-31T07:54:17.632+0000][info][gc,start     ] GC(217) Pause Young (Normal) (G1 Evacuation Pause)
[2020-10-31T07:54:17.632+0000][info][gc,task      ] GC(217) Using 2 workers of 2 for evacuation
[2020-10-31T07:54:17.754+0000][info][gc,phases    ] GC(217)   Pre Evacuate Collection Set: 0.6ms
[2020-10-31T07:54:17.754+0000][info][gc,phases    ] GC(217)   Evacuate Collection Set: 90.0ms
[2020-10-31T07:54:17.754+0000][info][gc,phases    ] GC(217)   Post Evacuate Collection Set: 31.1ms
[2020-10-31T07:54:17.754+0000][info][gc,phases    ] GC(217)   Other: 0.5ms
[2020-10-31T07:54:17.754+0000][info][gc,heap      ] GC(217) Eden regions: 1677->0(1677)
[2020-10-31T07:54:17.754+0000][info][gc,heap      ] GC(217) Survivor regions: 12->12(212)
[2020-10-31T07:54:17.754+0000][info][gc,heap      ] GC(217) Old regions: 3->3
[2020-10-31T07:54:17.754+0000][info][gc,heap      ] GC(217) Archive regions: 2->2
[2020-10-31T07:54:17.754+0000][info][gc,heap      ] GC(217) Humongous regions: 0->0
[2020-10-31T07:54:17.754+0000][info][gc,metaspace ] GC(217) Metaspace: 13754K->13754K(1062912K)
[2020-10-31T07:54:17.754+0000][info][gc           ] GC(217) Pause Young (Normal) (G1 Evacuation Pause) 3384M->30M(5632M) 122.269ms
[2020-10-31T07:54:17.754+0000][info][gc,cpu       ] GC(217) User=0.23s Sys=0.00s Real=0.13s
[2020-10-31T07:54:17.754+0000][info][safepoint    ] Safepoint "G1CollectForAllocation", Time since last: 562077732 ns, Reaching safepoint: 56340 ns, At safepoint: 122329706 ns, Total: 122386046 ns
[2020-10-31T07:54:18.754+0000][info][safepoint    ] Safepoint "Cleanup", Time since last: 1000084300 ns, Reaching safepoint: 64925 ns, At safepoint: 4255 ns, Total: 69180 ns
[2020-10-31T07:54:19.754+0000][info][safepoint    ] Safepoint "Cleanup", Time since last: 1000106744 ns, Reaching safepoint: 46093 ns, At safepoint: 2134 ns, Total: 48227 ns
[2020-10-31T07:54:20.755+0000][info][safepoint    ] Safepoint "Cleanup", Time since last: 1000091661 ns, Reaching safepoint: 51299 ns, At safepoint: 2219 ns, Total: 53518 ns
[2020-10-31T07:54:21.755+0000][info][safepoint    ] Safepoint "Cleanup", Time since last: 1000097111 ns, Reaching safepoint: 133203 ns, At safepoint: 3955 ns, Total: 137158 ns
[2020-10-31T07:54:22.755+0000][info][safepoint    ] Safepoint "Cleanup", Time since last: 1000108349 ns, Reaching safepoint: 127717 ns, At safepoint: 6553 ns, Total: 134270 ns
[2020-10-31T07:54:23.755+0000][info][safepoint    ] Safepoint "Cleanup", Time since last: 1000106716 ns, Reaching safepoint: 125521 ns, At safepoint: 5366 ns, Total: 130887 ns
[2020-10-31T07:54:24.756+0000][info][safepoint    ] Safepoint "Cleanup", Time since last: 1000105171 ns, Reaching safepoint: 128620 ns, At safepoint: 6517 ns, Total: 135137 ns
[2020-10-31T07:54:25.756+0000][info][safepoint    ] Safepoint "Cleanup", Time since last: 1000095692 ns, Reaching safepoint: 65767 ns, At safepoint: 5602 ns, Total: 71369 ns
[2020-10-31T07:54:26.756+0000][info][safepoint    ] Safepoint "Cleanup", Time since last: 1000103768 ns, Reaching safepoint: 125260 ns, At safepoint: 5348 ns, Total: 130608 ns
[2020-10-31T07:54:27.756+0000][info][safepoint    ] Safepoint "Cleanup", Time since last: 1000113562 ns, Reaching safepoint: 54646 ns, At safepoint: 5963 ns, Total: 60609 ns
[2020-10-31T07:54:28.317+0000][info][gc,start     ] GC(218) Pause Young (Normal) (G1 Evacuation Pause)
[2020-10-31T07:54:28.317+0000][info][gc,task      ] GC(218) Using 2 workers of 2 for evacuation
[2020-10-31T07:54:28.438+0000][info][gc,phases    ] GC(218)   Pre Evacuate Collection Set: 0.6ms
[2020-10-31T07:54:28.438+0000][info][gc,phases    ] GC(218)   Evacuate Collection Set: 91.7ms
[2020-10-31T07:54:28.438+0000][info][gc,phases    ] GC(218)   Post Evacuate Collection Set: 28.9ms
[2020-10-31T07:54:28.438+0000][info][gc,phases    ] GC(218)   Other: 0.5ms
[2020-10-31T07:54:28.438+0000][info][gc,heap      ] GC(218) Eden regions: 1677->0(1676)
[2020-10-31T07:54:28.438+0000][info][gc,heap      ] GC(218) Survivor regions: 12->13(212)
[2020-10-31T07:54:28.438+0000][info][gc,heap      ] GC(218) Old regions: 3->3
[2020-10-31T07:54:28.438+0000][info][gc,heap      ] GC(218) Archive regions: 2->2
[2020-10-31T07:54:28.438+0000][info][gc,heap      ] GC(218) Humongous regions: 0->0
[2020-10-31T07:54:28.438+0000][info][gc,metaspace ] GC(218) Metaspace: 13754K->13754K(1062912K)
[2020-10-31T07:54:28.439+0000][info][gc           ] GC(218) Pause Young (Normal) (G1 Evacuation Pause) 3384M->31M(5632M) 121.769ms
[2020-10-31T07:54:28.439+0000][info][gc,cpu       ] GC(218) User=0.24s Sys=0.00s Real=0.12s
[2020-10-31T07:54:28.439+0000][info][safepoint    ] Safepoint "G1CollectForAllocation", Time since last: 560559441 ns, Reaching safepoint: 56980 ns, At safepoint: 121823454 ns, Total: 121880434 ns
[2020-10-31T07:54:29.439+0000][info][safepoint    ] Safepoint "Cleanup", Time since last: 1000086667 ns, Reaching safepoint: 141180 ns, At safepoint: 3446 ns, Total: 144626 ns
[2020-10-31T07:54:30.439+0000][info][safepoint    ] Safepoint "Cleanup", Time since last: 1000106492 ns, Reaching safepoint: 137333 ns, At safepoint: 3226 ns, Total: 140559 ns
[2020-10-31T07:54:31.439+0000][info][safepoint    ] Safepoint "Cleanup", Time since last: 1000124090 ns, Reaching safepoint: 121872 ns, At safepoint: 5907 ns, Total: 127779 ns
[2020-10-31T07:54:32.440+0000][info][safepoint    ] Safepoint "Cleanup", Time since last: 1000109150 ns, Reaching safepoint: 143776 ns, At safepoint: 6152 ns, Total: 149928 ns
[2020-10-31T07:54:33.440+0000][info][safepoint    ] Safepoint "Cleanup", Time since last: 1000111030 ns, Reaching safepoint: 138675 ns, At safepoint: 3576 ns, Total: 142251 ns
[2020-10-31T07:54:34.440+0000][info][safepoint    ] Safepoint "Cleanup", Time since last: 1000109981 ns, Reaching safepoint: 125070 ns, At safepoint: 5727 ns, Total: 130797 ns
[2020-10-31T07:54:35.440+0000][info][safepoint    ] Safepoint "Cleanup", Time since last: 1000107428 ns, Reaching safepoint: 129453 ns, At safepoint: 6015 ns, Total: 135468 ns
[2020-10-31T07:54:36.440+0000][info][safepoint    ] Safepoint "Cleanup", Time since last: 1000110684 ns, Reaching safepoint: 61398 ns, At safepoint: 6680 ns, Total: 68078 ns
[2020-10-31T07:54:37.441+0000][info][safepoint    ] Safepoint "Cleanup", Time since last: 1000088471 ns, Reaching safepoint: 130224 ns, At safepoint: 6182 ns, Total: 136406 ns
[2020-10-31T07:54:38.442+0000][info][safepoint    ] Safepoint "Cleanup", Time since last: 1000850083 ns, Reaching safepoint: 52383 ns, At safepoint: 5944 ns, Total: 58327 ns
[2020-10-31T07:54:39.048+0000][info][gc,start     ] GC(219) Pause Young (Normal) (G1 Evacuation Pause)
[2020-10-31T07:54:39.048+0000][info][gc,task      ] GC(219) Using 2 workers of 2 for evacuation
[2020-10-31T07:54:39.178+0000][info][gc,phases    ] GC(219)   Pre Evacuate Collection Set: 0.6ms
[2020-10-31T07:54:39.178+0000][info][gc,phases    ] GC(219)   Evacuate Collection Set: 98.4ms
[2020-10-31T07:54:39.178+0000][info][gc,phases    ] GC(219)   Post Evacuate Collection Set: 30.2ms
[2020-10-31T07:54:39.178+0000][info][gc,phases    ] GC(219)   Other: 0.5ms
[2020-10-31T07:54:39.178+0000][info][gc,heap      ] GC(219) Eden regions: 1676->0(1677)
[2020-10-31T07:54:39.178+0000][info][gc,heap      ] GC(219) Survivor regions: 13->12(212)
[2020-10-31T07:54:39.178+0000][info][gc,heap      ] GC(219) Old regions: 3->3
[2020-10-31T07:54:39.178+0000][info][gc,heap      ] GC(219) Archive regions: 2->2
[2020-10-31T07:54:39.178+0000][info][gc,heap      ] GC(219) Humongous regions: 0->0
[2020-10-31T07:54:39.178+0000][info][gc,metaspace ] GC(219) Metaspace: 13754K->13754K(1062912K)
[2020-10-31T07:54:39.178+0000][info][gc           ] GC(219) Pause Young (Normal) (G1 Evacuation Pause) 3383M->30M(5632M) 129.827ms
[2020-10-31T07:54:39.178+0000][info][gc,cpu       ] GC(219) User=0.23s Sys=0.00s Real=0.13s
[2020-10-31T07:54:39.178+0000][info][safepoint    ] Safepoint "G1CollectForAllocation", Time since last: 606762860 ns, Reaching safepoint: 64109 ns, At safepoint: 129888416 ns, Total: 129952525 ns
[2020-10-31T07:54:40.179+0000][info][safepoint    ] Safepoint "Cleanup", Time since last: 1000080605 ns, Reaching safepoint: 136894 ns, At safepoint: 3738 ns, Total: 140632 ns
[2020-10-31T07:54:41.179+0000][info][safepoint    ] Safepoint "Cleanup", Time since last: 1000107625 ns, Reaching safepoint: 137202 ns, At safepoint: 3235 ns, Total: 140437 ns
[2020-10-31T07:54:42.179+0000][info][safepoint    ] Safepoint "Cleanup", Time since last: 1000105511 ns, Reaching safepoint: 123390 ns, At safepoint: 6749 ns, Total: 130139 ns
[2020-10-31T07:54:43.179+0000][info][safepoint    ] Safepoint "Cleanup", Time since last: 1000111560 ns, Reaching safepoint: 61578 ns, At safepoint: 3581 ns, Total: 65159 ns
[2020-10-31T07:54:44.179+0000][info][safepoint    ] Safepoint "Cleanup", Time since last: 1000110100 ns, Reaching safepoint: 139670 ns, At safepoint: 3302 ns, Total: 142972 ns
[2020-10-31T07:54:45.180+0000][info][safepoint    ] Safepoint "Cleanup", Time since last: 1000107138 ns, Reaching safepoint: 138385 ns, At safepoint: 3570 ns, Total: 141955 ns
[2020-10-31T07:54:46.180+0000][info][safepoint    ] Safepoint "Cleanup", Time since last: 1000112823 ns, Reaching safepoint: 67184 ns, At safepoint: 7126 ns, Total: 74310 ns
[2020-10-31T07:54:47.180+0000][info][safepoint    ] Safepoint "Cleanup", Time since last: 1000118779 ns, Reaching safepoint: 125454 ns, At safepoint: 6149 ns, Total: 131603 ns
[2020-10-31T07:54:48.180+0000][info][safepoint    ] Safepoint "Cleanup", Time since last: 1000111075 ns, Reaching safepoint: 120335 ns, At safepoint: 7092 ns, Total: 127427 ns
[2020-10-31T07:54:49.181+0000][info][safepoint    ] Safepoint "Cleanup", Time since last: 1000109689 ns, Reaching safepoint: 126557 ns, At safepoint: 6681 ns, Total: 133238 ns
[2020-10-31T07:54:49.710+0000][info][gc,start     ] GC(220) Pause Young (Normal) (G1 Evacuation Pause)
[2020-10-31T07:54:49.710+0000][info][gc,task      ] GC(220) Using 2 workers of 2 for evacuation
[2020-10-31T07:54:49.830+0000][info][gc,phases    ] GC(220)   Pre Evacuate Collection Set: 0.5ms
[2020-10-31T07:54:49.830+0000][info][gc,phases    ] GC(220)   Evacuate Collection Set: 89.8ms
[2020-10-31T07:54:49.830+0000][info][gc,phases    ] GC(220)   Post Evacuate Collection Set: 29.2ms
[2020-10-31T07:54:49.830+0000][info][gc,phases    ] GC(220)   Other: 0.5ms
[2020-10-31T07:54:49.830+0000][info][gc,heap      ] GC(220) Eden regions: 1677->0(1677)
[2020-10-31T07:54:49.830+0000][info][gc,heap      ] GC(220) Survivor regions: 12->12(212)
[2020-10-31T07:54:49.830+0000][info][gc,heap      ] GC(220) Old regions: 3->3
[2020-10-31T07:54:49.830+0000][info][gc,heap      ] GC(220) Archive regions: 2->2
[2020-10-31T07:54:49.830+0000][info][gc,heap      ] GC(220) Humongous regions: 0->0
[2020-10-31T07:54:49.830+0000][info][gc,metaspace ] GC(220) Metaspace: 13754K->13754K(1062912K)
[2020-10-31T07:54:49.830+0000][info][gc           ] GC(220) Pause Young (Normal) (G1 Evacuation Pause) 3384M->30M(5632M) 120.084ms
[2020-10-31T07:54:49.830+0000][info][gc,cpu       ] GC(220) User=0.23s Sys=0.00s Real=0.12s
[2020-10-31T07:54:49.830+0000][info][safepoint    ] Safepoint "G1CollectForAllocation", Time since last: 529017836 ns, Reaching safepoint: 50222 ns, At safepoint: 120137265 ns, Total: 120187487 ns
[2020-10-31T07:54:50.830+0000][info][safepoint    ] Safepoint "Cleanup", Time since last: 1000085414 ns, Reaching safepoint: 141912 ns, At safepoint: 3444 ns, Total: 145356 ns
[2020-10-31T07:54:51.830+0000][info][safepoint    ] Safepoint "Cleanup", Time since last: 1000111311 ns, Reaching safepoint: 127447 ns, At safepoint: 5335 ns, Total: 132782 ns
[2020-10-31T07:54:52.831+0000][info][safepoint    ] Safepoint "Cleanup", Time since last: 1000105676 ns, Reaching safepoint: 129026 ns, At safepoint: 5985 ns, Total: 135011 ns
[2020-10-31T07:54:53.831+0000][info][safepoint    ] Safepoint "Cleanup", Time since last: 1000111017 ns, Reaching safepoint: 57730 ns, At safepoint: 3622 ns, Total: 61352 ns
[2020-10-31T07:54:54.831+0000][info][safepoint    ] Safepoint "Cleanup", Time since last: 1000109634 ns, Reaching safepoint: 124407 ns, At safepoint: 5476 ns, Total: 129883 ns
[2020-10-31T07:54:55.831+0000][info][safepoint    ] Safepoint "Cleanup", Time since last: 1000105372 ns, Reaching safepoint: 140694 ns, At safepoint: 6401 ns, Total: 147095 ns
[2020-10-31T07:54:56.831+0000][info][safepoint    ] Safepoint "Cleanup", Time since last: 1000103100 ns, Reaching safepoint: 125144 ns, At safepoint: 5698 ns, Total: 130842 ns
[2020-10-31T07:54:57.832+0000][info][safepoint    ] Safepoint "Cleanup", Time since last: 1000108254 ns, Reaching safepoint: 120834 ns, At safepoint: 7071 ns, Total: 127905 ns
[2020-10-31T07:54:58.832+0000][info][safepoint    ] Safepoint "Cleanup", Time since last: 1000111200 ns, Reaching safepoint: 122833 ns, At safepoint: 6389 ns, Total: 129222 ns
[2020-10-31T07:54:59.832+0000][info][safepoint    ] Safepoint "Cleanup", Time since last: 1000109239 ns, Reaching safepoint: 142105 ns, At safepoint: 6572 ns, Total: 148677 ns
[2020-10-31T07:55:00.380+0000][info][gc,start     ] GC(221) Pause Young (Normal) (G1 Evacuation Pause)
[2020-10-31T07:55:00.380+0000][info][gc,task      ] GC(221) Using 2 workers of 2 for evacuation
[2020-10-31T07:55:00.503+0000][info][gc,phases    ] GC(221)   Pre Evacuate Collection Set: 0.6ms
[2020-10-31T07:55:00.503+0000][info][gc,phases    ] GC(221)   Evacuate Collection Set: 92.0ms
[2020-10-31T07:55:00.503+0000][info][gc,phases    ] GC(221)   Post Evacuate Collection Set: 30.2ms
[2020-10-31T07:55:00.503+0000][info][gc,phases    ] GC(221)   Other: 0.5ms
[2020-10-31T07:55:00.503+0000][info][gc,heap      ] GC(221) Eden regions: 1677->0(1677)
[2020-10-31T07:55:00.503+0000][info][gc,heap      ] GC(221) Survivor regions: 12->12(212)
[2020-10-31T07:55:00.503+0000][info][gc,heap      ] GC(221) Old regions: 3->3
[2020-10-31T07:55:00.503+0000][info][gc,heap      ] GC(221) Archive regions: 2->2
[2020-10-31T07:55:00.503+0000][info][gc,heap      ] GC(221) Humongous regions: 0->0
[2020-10-31T07:55:00.503+0000][info][gc,metaspace ] GC(221) Metaspace: 13754K->13754K(1062912K)
[2020-10-31T07:55:00.503+0000][info][gc           ] GC(221) Pause Young (Normal) (G1 Evacuation Pause) 3384M->30M(5632M) 123.303ms
[2020-10-31T07:55:00.503+0000][info][gc,cpu       ] GC(221) User=0.24s Sys=0.00s Real=0.12s
[2020-10-31T07:55:00.503+0000][info][safepoint    ] Safepoint "G1CollectForAllocation", Time since last: 547282481 ns, Reaching safepoint: 49177 ns, At safepoint: 123356210 ns, Total: 123405387 ns
[2020-10-31T07:55:01.503+0000][info][safepoint    ] Safepoint "Cleanup", Time since last: 1000085467 ns, Reaching safepoint: 129586 ns, At safepoint: 6508 ns, Total: 136094 ns
[2020-10-31T07:55:02.503+0000][info][safepoint    ] Safepoint "Cleanup", Time since last: 1000111490 ns, Reaching safepoint: 128168 ns, At safepoint: 5816 ns, Total: 133984 ns
[2020-10-31T07:55:03.503+0000][info][safepoint    ] Safepoint "Cleanup", Time since last: 1000110279 ns, Reaching safepoint: 62030 ns, At safepoint: 3744 ns, Total: 65774 ns
[2020-10-31T07:55:04.504+0000][info][safepoint    ] Safepoint "Cleanup", Time since last: 1000108114 ns, Reaching safepoint: 127904 ns, At safepoint: 5513 ns, Total: 133417 ns
[2020-10-31T07:55:05.504+0000][info][safepoint    ] Safepoint "Cleanup", Time since last: 1000109952 ns, Reaching safepoint: 127462 ns, At safepoint: 5317 ns, Total: 132779 ns
[2020-10-31T07:55:06.504+0000][info][safepoint    ] Safepoint "Cleanup", Time since last: 1000109203 ns, Reaching safepoint: 137238 ns, At safepoint: 5606 ns, Total: 142844 ns
[2020-10-31T07:55:07.504+0000][info][safepoint    ] Safepoint "Cleanup", Time since last: 1000108673 ns, Reaching safepoint: 139604 ns, At safepoint: 3686 ns, Total: 143290 ns
[2020-10-31T07:55:08.506+0000][info][safepoint    ] Safepoint "Cleanup", Time since last: 1001001945 ns, Reaching safepoint: 125950 ns, At safepoint: 6057 ns, Total: 132007 ns
[2020-10-31T07:55:09.506+0000][info][safepoint    ] Safepoint "Cleanup", Time since last: 1000108169 ns, Reaching safepoint: 140600 ns, At safepoint: 6430 ns, Total: 147030 ns
[2020-10-31T07:55:10.506+0000][info][safepoint    ] Safepoint "Cleanup", Time since last: 1000106215 ns, Reaching safepoint: 127999 ns, At safepoint: 5459 ns, Total: 133458 ns
[2020-10-31T07:55:11.066+0000][info][gc,start     ] GC(222) Pause Young (Normal) (G1 Evacuation Pause)
[2020-10-31T07:55:11.066+0000][info][gc,task      ] GC(222) Using 2 workers of 2 for evacuation
[2020-10-31T07:55:11.190+0000][info][gc,phases    ] GC(222)   Pre Evacuate Collection Set: 0.5ms
[2020-10-31T07:55:11.190+0000][info][gc,phases    ] GC(222)   Evacuate Collection Set: 94.4ms
[2020-10-31T07:55:11.190+0000][info][gc,phases    ] GC(222)   Post Evacuate Collection Set: 28.4ms
[2020-10-31T07:55:11.190+0000][info][gc,phases    ] GC(222)   Other: 0.5ms
[2020-10-31T07:55:11.190+0000][info][gc,heap      ] GC(222) Eden regions: 1677->0(1676)
[2020-10-31T07:55:11.190+0000][info][gc,heap      ] GC(222) Survivor regions: 12->13(212)
[2020-10-31T07:55:11.190+0000][info][gc,heap      ] GC(222) Old regions: 3->3
[2020-10-31T07:55:11.190+0000][info][gc,heap      ] GC(222) Archive regions: 2->2
[2020-10-31T07:55:11.190+0000][info][gc,heap      ] GC(222) Humongous regions: 0->0
[2020-10-31T07:55:11.190+0000][info][gc,metaspace ] GC(222) Metaspace: 13754K->13754K(1062912K)
[2020-10-31T07:55:11.190+0000][info][gc           ] GC(222) Pause Young (Normal) (G1 Evacuation Pause) 3384M->31M(5632M) 123.962ms
[2020-10-31T07:55:11.190+0000][info][gc,cpu       ] GC(222) User=0.23s Sys=0.00s Real=0.12s
[2020-10-31T07:55:11.190+0000][info][safepoint    ] Safepoint "G1CollectForAllocation", Time since last: 560130292 ns, Reaching safepoint: 57178 ns, At safepoint: 124013370 ns, Total: 124070548 ns
[2020-10-31T07:55:12.191+0000][info][safepoint    ] Safepoint "Cleanup", Time since last: 1000086261 ns, Reaching safepoint: 139174 ns, At safepoint: 3551 ns, Total: 142725 ns
[2020-10-31T07:55:13.191+0000][info][safepoint    ] Safepoint "Cleanup", Time since last: 1000110542 ns, Reaching safepoint: 131558 ns, At safepoint: 6419 ns, Total: 137977 ns
[2020-10-31T07:55:14.191+0000][info][safepoint    ] Safepoint "Cleanup", Time since last: 1000111176 ns, Reaching safepoint: 124908 ns, At safepoint: 6323 ns, Total: 131231 ns
[2020-10-31T07:55:15.191+0000][info][safepoint    ] Safepoint "Cleanup", Time since last: 1000112399 ns, Reaching safepoint: 61259 ns, At safepoint: 3828 ns, Total: 65087 ns
[2020-10-31T07:55:16.191+0000][info][safepoint    ] Safepoint "Cleanup", Time since last: 1000112589 ns, Reaching safepoint: 153281 ns, At safepoint: 8647 ns, Total: 161928 ns
[2020-10-31T07:55:17.192+0000][info][safepoint    ] Safepoint "Cleanup", Time since last: 1000112181 ns, Reaching safepoint: 128421 ns, At safepoint: 6284 ns, Total: 134705 ns
[2020-10-31T07:55:18.192+0000][info][safepoint    ] Safepoint "Cleanup", Time since last: 1000109189 ns, Reaching safepoint: 130028 ns, At safepoint: 6799 ns, Total: 136827 ns
[2020-10-31T07:55:19.192+0000][info][safepoint    ] Safepoint "Cleanup", Time since last: 1000108041 ns, Reaching safepoint: 126955 ns, At safepoint: 6018 ns, Total: 132973 ns
[2020-10-31T07:55:20.192+0000][info][safepoint    ] Safepoint "Cleanup", Time since last: 1000108548 ns, Reaching safepoint: 66006 ns, At safepoint: 3100 ns, Total: 69106 ns
[2020-10-31T07:55:21.193+0000][info][safepoint    ] Safepoint "Cleanup", Time since last: 1000109476 ns, Reaching safepoint: 125281 ns, At safepoint: 5904 ns, Total: 131185 ns
[2020-10-31T07:55:21.744+0000][info][gc,start     ] GC(223) Pause Young (Normal) (G1 Evacuation Pause)
[2020-10-31T07:55:21.744+0000][info][gc,task      ] GC(223) Using 2 workers of 2 for evacuation
[2020-10-31T07:55:21.862+0000][info][gc,phases    ] GC(223)   Pre Evacuate Collection Set: 0.6ms
[2020-10-31T07:55:21.862+0000][info][gc,phases    ] GC(223)   Evacuate Collection Set: 89.6ms
[2020-10-31T07:55:21.862+0000][info][gc,phases    ] GC(223)   Post Evacuate Collection Set: 27.6ms
[2020-10-31T07:55:21.862+0000][info][gc,phases    ] GC(223)   Other: 0.5ms
[2020-10-31T07:55:21.862+0000][info][gc,heap      ] GC(223) Eden regions: 1676->0(1677)
[2020-10-31T07:55:21.862+0000][info][gc,heap      ] GC(223) Survivor regions: 13->12(212)
[2020-10-31T07:55:21.862+0000][info][gc,heap      ] GC(223) Old regions: 3->3
[2020-10-31T07:55:21.862+0000][info][gc,heap      ] GC(223) Archive regions: 2->2
[2020-10-31T07:55:21.862+0000][info][gc,heap      ] GC(223) Humongous regions: 0->0
[2020-10-31T07:55:21.862+0000][info][gc,metaspace ] GC(223) Metaspace: 13754K->13754K(1062912K)
[2020-10-31T07:55:21.862+0000][info][gc           ] GC(223) Pause Young (Normal) (G1 Evacuation Pause) 3383M->30M(5632M) 118.412ms
[2020-10-31T07:55:21.862+0000][info][gc,cpu       ] GC(223) User=0.23s Sys=0.00s Real=0.12s
[2020-10-31T07:55:21.862+0000][info][safepoint    ] Safepoint "G1CollectForAllocation", Time since last: 550951221 ns, Reaching safepoint: 49976 ns, At safepoint: 118473714 ns, Total: 118523690 ns
[2020-10-31T07:55:22.862+0000][info][safepoint    ] Safepoint "Cleanup", Time since last: 1000081641 ns, Reaching safepoint: 131613 ns, At safepoint: 5977 ns, Total: 137590 ns
[2020-10-31T07:55:23.863+0000][info][safepoint    ] Safepoint "Cleanup", Time since last: 1000108895 ns, Reaching safepoint: 135452 ns, At safepoint: 3546 ns, Total: 138998 ns
[2020-10-31T07:55:24.863+0000][info][safepoint    ] Safepoint "Cleanup", Time since last: 1000121321 ns, Reaching safepoint: 125135 ns, At safepoint: 5936 ns, Total: 131071 ns
[2020-10-31T07:55:25.863+0000][info][safepoint    ] Safepoint "Cleanup", Time since last: 1000108627 ns, Reaching safepoint: 60794 ns, At safepoint: 3590 ns, Total: 64384 ns
[2020-10-31T07:55:26.863+0000][info][safepoint    ] Safepoint "Cleanup", Time since last: 1000110034 ns, Reaching safepoint: 146956 ns, At safepoint: 5756 ns, Total: 152712 ns
[2020-10-31T07:55:27.863+0000][info][safepoint    ] Safepoint "Cleanup", Time since last: 1000103166 ns, Reaching safepoint: 120787 ns, At safepoint: 5506 ns, Total: 126293 ns
[2020-10-31T07:55:28.864+0000][info][safepoint    ] Safepoint "Cleanup", Time since last: 1000105418 ns, Reaching safepoint: 127876 ns, At safepoint: 6745 ns, Total: 134621 ns
[2020-10-31T07:55:29.864+0000][info][safepoint    ] Safepoint "Cleanup", Time since last: 1000112765 ns, Reaching safepoint: 129832 ns, At safepoint: 6375 ns, Total: 136207 ns
[2020-10-31T07:55:30.864+0000][info][safepoint    ] Safepoint "Cleanup", Time since last: 1000110656 ns, Reaching safepoint: 128371 ns, At safepoint: 5808 ns, Total: 134179 ns
[2020-10-31T07:55:31.864+0000][info][safepoint    ] Safepoint "Cleanup", Time since last: 1000113225 ns, Reaching safepoint: 63204 ns, At safepoint: 3742 ns, Total: 66946 ns
[2020-10-31T07:55:32.419+0000][info][gc,start     ] GC(224) Pause Young (Normal) (G1 Evacuation Pause)
[2020-10-31T07:55:32.419+0000][info][gc,task      ] GC(224) Using 2 workers of 2 for evacuation
[2020-10-31T07:55:32.542+0000][info][gc,phases    ] GC(224)   Pre Evacuate Collection Set: 0.6ms
[2020-10-31T07:55:32.542+0000][info][gc,phases    ] GC(224)   Evacuate Collection Set: 91.3ms
[2020-10-31T07:55:32.542+0000][info][gc,phases    ] GC(224)   Post Evacuate Collection Set: 30.7ms
[2020-10-31T07:55:32.542+0000][info][gc,phases    ] GC(224)   Other: 0.5ms
[2020-10-31T07:55:32.542+0000][info][gc,heap      ] GC(224) Eden regions: 1677->0(1677)
[2020-10-31T07:55:32.542+0000][info][gc,heap      ] GC(224) Survivor regions: 12->12(212)
[2020-10-31T07:55:32.542+0000][info][gc,heap      ] GC(224) Old regions: 3->3
[2020-10-31T07:55:32.542+0000][info][gc,heap      ] GC(224) Archive regions: 2->2
[2020-10-31T07:55:32.542+0000][info][gc,heap      ] GC(224) Humongous regions: 0->0
[2020-10-31T07:55:32.542+0000][info][gc,metaspace ] GC(224) Metaspace: 13754K->13754K(1062912K)
[2020-10-31T07:55:32.542+0000][info][gc           ] GC(224) Pause Young (Normal) (G1 Evacuation Pause) 3384M->30M(5632M) 123.179ms
[2020-10-31T07:55:32.542+0000][info][gc,cpu       ] GC(224) User=0.24s Sys=0.00s Real=0.12s
[2020-10-31T07:55:32.542+0000][info][safepoint    ] Safepoint "G1CollectForAllocation", Time since last: 554787615 ns, Reaching safepoint: 52685 ns, At safepoint: 123233012 ns, Total: 123285697 ns
[2020-10-31T07:55:33.543+0000][info][safepoint    ] Safepoint "Cleanup", Time since last: 1000085182 ns, Reaching safepoint: 50332 ns, At safepoint: 5617 ns, Total: 55949 ns
[2020-10-31T07:55:34.543+0000][info][safepoint    ] Safepoint "Cleanup", Time since last: 1000108371 ns, Reaching safepoint: 138405 ns, At safepoint: 3513 ns, Total: 141918 ns
[2020-10-31T07:55:35.543+0000][info][safepoint    ] Safepoint "Cleanup", Time since last: 1000109866 ns, Reaching safepoint: 140735 ns, At safepoint: 3337 ns, Total: 144072 ns
[2020-10-31T07:55:36.543+0000][info][safepoint    ] Safepoint "Cleanup", Time since last: 1000107252 ns, Reaching safepoint: 51931 ns, At safepoint: 5231 ns, Total: 57162 ns
[2020-10-31T07:55:37.544+0000][info][safepoint    ] Safepoint "Cleanup", Time since last: 1000101629 ns, Reaching safepoint: 123659 ns, At safepoint: 6356 ns, Total: 130015 ns
[2020-10-31T07:55:38.544+0000][info][safepoint    ] Safepoint "Cleanup", Time since last: 1000835773 ns, Reaching safepoint: 135126 ns, At safepoint: 3602 ns, Total: 138728 ns
[2020-10-31T07:55:39.545+0000][info][safepoint    ] Safepoint "Cleanup", Time since last: 1000119450 ns, Reaching safepoint: 64770 ns, At safepoint: 4677 ns, Total: 69447 ns
[2020-10-31T07:55:40.545+0000][info][safepoint    ] Safepoint "Cleanup", Time since last: 1000118338 ns, Reaching safepoint: 131835 ns, At safepoint: 6275 ns, Total: 138110 ns
[2020-10-31T07:55:41.545+0000][info][safepoint    ] Safepoint "Cleanup", Time since last: 1000112802 ns, Reaching safepoint: 121282 ns, At safepoint: 5334 ns, Total: 126616 ns
[2020-10-31T07:55:42.545+0000][info][safepoint    ] Safepoint "Cleanup", Time since last: 1000107577 ns, Reaching safepoint: 130784 ns, At safepoint: 6667 ns, Total: 137451 ns
[2020-10-31T07:55:43.111+0000][info][gc,start     ] GC(225) Pause Young (Normal) (G1 Evacuation Pause)
[2020-10-31T07:55:43.111+0000][info][gc,task      ] GC(225) Using 2 workers of 2 for evacuation
[2020-10-31T07:55:43.239+0000][info][gc,phases    ] GC(225)   Pre Evacuate Collection Set: 0.5ms
[2020-10-31T07:55:43.239+0000][info][gc,phases    ] GC(225)   Evacuate Collection Set: 97.2ms
[2020-10-31T07:55:43.239+0000][info][gc,phases    ] GC(225)   Post Evacuate Collection Set: 29.5ms
[2020-10-31T07:55:43.239+0000][info][gc,phases    ] GC(225)   Other: 0.5ms
[2020-10-31T07:55:43.239+0000][info][gc,heap      ] GC(225) Eden regions: 1677->0(1676)
[2020-10-31T07:55:43.239+0000][info][gc,heap      ] GC(225) Survivor regions: 12->13(212)
[2020-10-31T07:55:43.239+0000][info][gc,heap      ] GC(225) Old regions: 3->3
[2020-10-31T07:55:43.239+0000][info][gc,heap      ] GC(225) Archive regions: 2->2
[2020-10-31T07:55:43.239+0000][info][gc,heap      ] GC(225) Humongous regions: 0->0
[2020-10-31T07:55:43.239+0000][info][gc,metaspace ] GC(225) Metaspace: 13754K->13754K(1062912K)
[2020-10-31T07:55:43.239+0000][info][gc           ] GC(225) Pause Young (Normal) (G1 Evacuation Pause) 3384M->31M(5632M) 127.768ms
[2020-10-31T07:55:43.239+0000][info][gc,cpu       ] GC(225) User=0.23s Sys=0.00s Real=0.13s
[2020-10-31T07:55:43.239+0000][info][safepoint    ] Safepoint "G1CollectForAllocation", Time since last: 565874841 ns, Reaching safepoint: 54616 ns, At safepoint: 127829990 ns, Total: 127884606 ns
[2020-10-31T07:55:44.239+0000][info][safepoint    ] Safepoint "Cleanup", Time since last: 1000081382 ns, Reaching safepoint: 138287 ns, At safepoint: 3241 ns, Total: 141528 ns
[2020-10-31T07:55:45.240+0000][info][safepoint    ] Safepoint "Cleanup", Time since last: 1000109817 ns, Reaching safepoint: 134182 ns, At safepoint: 5884 ns, Total: 140066 ns
[2020-10-31T07:55:46.240+0000][info][safepoint    ] Safepoint "Cleanup", Time since last: 1000111320 ns, Reaching safepoint: 138252 ns, At safepoint: 3128 ns, Total: 141380 ns
[2020-10-31T07:55:47.240+0000][info][safepoint    ] Safepoint "Cleanup", Time since last: 1000109548 ns, Reaching safepoint: 50134 ns, At safepoint: 5646 ns, Total: 55780 ns
[2020-10-31T07:55:48.240+0000][info][safepoint    ] Safepoint "Cleanup", Time since last: 1000104673 ns, Reaching safepoint: 128219 ns, At safepoint: 5338 ns, Total: 133557 ns
[2020-10-31T07:55:49.241+0000][info][safepoint    ] Safepoint "Cleanup", Time since last: 1000108468 ns, Reaching safepoint: 149236 ns, At safepoint: 3736 ns, Total: 152972 ns
[2020-10-31T07:55:50.241+0000][info][safepoint    ] Safepoint "Cleanup", Time since last: 1000108537 ns, Reaching safepoint: 131537 ns, At safepoint: 5911 ns, Total: 137448 ns
[2020-10-31T07:55:51.241+0000][info][safepoint    ] Safepoint "Cleanup", Time since last: 1000111928 ns, Reaching safepoint: 53044 ns, At safepoint: 5613 ns, Total: 58657 ns
[2020-10-31T07:55:52.241+0000][info][safepoint    ] Safepoint "Cleanup", Time since last: 1000104262 ns, Reaching safepoint: 126548 ns, At safepoint: 6082 ns, Total: 132630 ns
[2020-10-31T07:55:53.241+0000][info][safepoint    ] Safepoint "Cleanup", Time since last: 1000109604 ns, Reaching safepoint: 128124 ns, At safepoint: 5584 ns, Total: 133708 ns
[2020-10-31T07:55:53.808+0000][info][gc,start     ] GC(226) Pause Young (Normal) (G1 Evacuation Pause)
[2020-10-31T07:55:53.808+0000][info][gc,task      ] GC(226) Using 2 workers of 2 for evacuation
[2020-10-31T07:55:53.930+0000][info][gc,phases    ] GC(226)   Pre Evacuate Collection Set: 0.6ms
[2020-10-31T07:55:53.930+0000][info][gc,phases    ] GC(226)   Evacuate Collection Set: 90.3ms
[2020-10-31T07:55:53.930+0000][info][gc,phases    ] GC(226)   Post Evacuate Collection Set: 31.0ms
[2020-10-31T07:55:53.930+0000][info][gc,phases    ] GC(226)   Other: 0.5ms
[2020-10-31T07:55:53.930+0000][info][gc,heap      ] GC(226) Eden regions: 1676->0(1677)
[2020-10-31T07:55:53.930+0000][info][gc,heap      ] GC(226) Survivor regions: 13->12(212)
[2020-10-31T07:55:53.930+0000][info][gc,heap      ] GC(226) Old regions: 3->3
[2020-10-31T07:55:53.930+0000][info][gc,heap      ] GC(226) Archive regions: 2->2
[2020-10-31T07:55:53.930+0000][info][gc,heap      ] GC(226) Humongous regions: 0->0
[2020-10-31T07:55:53.930+0000][info][gc,metaspace ] GC(226) Metaspace: 13754K->13754K(1062912K)
[2020-10-31T07:55:53.930+0000][info][gc           ] GC(226) Pause Young (Normal) (G1 Evacuation Pause) 3383M->30M(5632M) 122.544ms
[2020-10-31T07:55:53.930+0000][info][gc,cpu       ] GC(226) User=0.23s Sys=0.00s Real=0.12s
[2020-10-31T07:55:53.930+0000][info][safepoint    ] Safepoint "G1CollectForAllocation", Time since last: 566336410 ns, Reaching safepoint: 48528 ns, At safepoint: 122598389 ns, Total: 122646917 ns
[2020-10-31T07:55:54.931+0000][info][safepoint    ] Safepoint "Cleanup", Time since last: 1000081718 ns, Reaching safepoint: 143623 ns, At safepoint: 7197 ns, Total: 150820 ns
[2020-10-31T07:55:55.931+0000][info][safepoint    ] Safepoint "Cleanup", Time since last: 1000111638 ns, Reaching safepoint: 64885 ns, At safepoint: 5352 ns, Total: 70237 ns
[2020-10-31T07:55:56.931+0000][info][safepoint    ] Safepoint "Cleanup", Time since last: 1000107648 ns, Reaching safepoint: 120458 ns, At safepoint: 7258 ns, Total: 127716 ns
[2020-10-31T07:55:57.931+0000][info][safepoint    ] Safepoint "Cleanup", Time since last: 1000107731 ns, Reaching safepoint: 83729 ns, At safepoint: 5204 ns, Total: 88933 ns
[2020-10-31T07:55:58.932+0000][info][safepoint    ] Safepoint "Cleanup", Time since last: 1000108138 ns, Reaching safepoint: 126600 ns, At safepoint: 6562 ns, Total: 133162 ns
[2020-10-31T07:55:59.932+0000][info][safepoint    ] Safepoint "Cleanup", Time since last: 1000110961 ns, Reaching safepoint: 138841 ns, At safepoint: 3140 ns, Total: 141981 ns
[2020-10-31T07:56:00.932+0000][info][safepoint    ] Safepoint "Cleanup", Time since last: 1000109715 ns, Reaching safepoint: 64241 ns, At safepoint: 4790 ns, Total: 69031 ns
[2020-10-31T07:56:01.932+0000][info][safepoint    ] Safepoint "Cleanup", Time since last: 1000103213 ns, Reaching safepoint: 121964 ns, At safepoint: 5653 ns, Total: 127617 ns
[2020-10-31T07:56:02.932+0000][info][safepoint    ] Safepoint "Cleanup", Time since last: 1000113003 ns, Reaching safepoint: 67064 ns, At safepoint: 7550 ns, Total: 74614 ns
[2020-10-31T07:56:03.933+0000][info][safepoint    ] Safepoint "Cleanup", Time since last: 1000104641 ns, Reaching safepoint: 127903 ns, At safepoint: 5748 ns, Total: 133651 ns
[2020-10-31T07:56:04.494+0000][info][gc,start     ] GC(227) Pause Young (Normal) (G1 Evacuation Pause)
[2020-10-31T07:56:04.494+0000][info][gc,task      ] GC(227) Using 2 workers of 2 for evacuation
[2020-10-31T07:56:04.614+0000][info][gc,phases    ] GC(227)   Pre Evacuate Collection Set: 0.6ms
[2020-10-31T07:56:04.614+0000][info][gc,phases    ] GC(227)   Evacuate Collection Set: 90.2ms
[2020-10-31T07:56:04.614+0000][info][gc,phases    ] GC(227)   Post Evacuate Collection Set: 28.8ms
[2020-10-31T07:56:04.614+0000][info][gc,phases    ] GC(227)   Other: 0.5ms
[2020-10-31T07:56:04.614+0000][info][gc,heap      ] GC(227) Eden regions: 1677->0(1677)
[2020-10-31T07:56:04.614+0000][info][gc,heap      ] GC(227) Survivor regions: 12->12(212)
[2020-10-31T07:56:04.614+0000][info][gc,heap      ] GC(227) Old regions: 3->3
[2020-10-31T07:56:04.614+0000][info][gc,heap      ] GC(227) Archive regions: 2->2
[2020-10-31T07:56:04.614+0000][info][gc,heap      ] GC(227) Humongous regions: 0->0
[2020-10-31T07:56:04.614+0000][info][gc,metaspace ] GC(227) Metaspace: 13754K->13754K(1062912K)
[2020-10-31T07:56:04.614+0000][info][gc           ] GC(227) Pause Young (Normal) (G1 Evacuation Pause) 3384M->30M(5632M) 120.141ms
[2020-10-31T07:56:04.614+0000][info][gc,cpu       ] GC(227) User=0.24s Sys=0.00s Real=0.12s
[2020-10-31T07:56:04.614+0000][info][safepoint    ] Safepoint "G1CollectForAllocation", Time since last: 561148486 ns, Reaching safepoint: 47936 ns, At safepoint: 120222521 ns, Total: 120270457 ns
[2020-10-31T07:56:05.614+0000][info][safepoint    ] Safepoint "Cleanup", Time since last: 1000084730 ns, Reaching safepoint: 141462 ns, At safepoint: 3890 ns, Total: 145352 ns
[2020-10-31T07:56:06.615+0000][info][safepoint    ] Safepoint "Cleanup", Time since last: 1000115124 ns, Reaching safepoint: 132888 ns, At safepoint: 6876 ns, Total: 139764 ns
[2020-10-31T07:56:07.615+0000][info][safepoint    ] Safepoint "Cleanup", Time since last: 1000112756 ns, Reaching safepoint: 125498 ns, At safepoint: 7241 ns, Total: 132739 ns
[2020-10-31T07:56:08.615+0000][info][safepoint    ] Safepoint "Cleanup", Time since last: 1000109141 ns, Reaching safepoint: 127603 ns, At safepoint: 6167 ns, Total: 133770 ns
[2020-10-31T07:56:09.615+0000][info][safepoint    ] Safepoint "Cleanup", Time since last: 1000110445 ns, Reaching safepoint: 128198 ns, At safepoint: 5552 ns, Total: 133750 ns
[2020-10-31T07:56:10.615+0000][info][safepoint    ] Safepoint "Cleanup", Time since last: 1000105791 ns, Reaching safepoint: 50251 ns, At safepoint: 2053 ns, Total: 52304 ns
[2020-10-31T07:56:11.616+0000][info][safepoint    ] Safepoint "Cleanup", Time since last: 1000100055 ns, Reaching safepoint: 128317 ns, At safepoint: 6907 ns, Total: 135224 ns
[2020-10-31T07:56:12.616+0000][info][safepoint    ] Safepoint "Cleanup", Time since last: 1000110894 ns, Reaching safepoint: 46749 ns, At safepoint: 1650 ns, Total: 48399 ns
[2020-10-31T07:56:13.616+0000][info][safepoint    ] Safepoint "Cleanup", Time since last: 1000102240 ns, Reaching safepoint: 126497 ns, At safepoint: 5327 ns, Total: 131824 ns
[2020-10-31T07:56:14.616+0000][info][safepoint    ] Safepoint "Cleanup", Time since last: 1000111597 ns, Reaching safepoint: 127301 ns, At safepoint: 6295 ns, Total: 133596 ns
[2020-10-31T07:56:15.199+0000][info][gc,start     ] GC(228) Pause Young (Normal) (G1 Evacuation Pause)
[2020-10-31T07:56:15.199+0000][info][gc,task      ] GC(228) Using 2 workers of 2 for evacuation
[2020-10-31T07:56:15.322+0000][info][gc,phases    ] GC(228)   Pre Evacuate Collection Set: 0.6ms
[2020-10-31T07:56:15.322+0000][info][gc,phases    ] GC(228)   Evacuate Collection Set: 94.9ms
[2020-10-31T07:56:15.322+0000][info][gc,phases    ] GC(228)   Post Evacuate Collection Set: 27.6ms
[2020-10-31T07:56:15.322+0000][info][gc,phases    ] GC(228)   Other: 0.5ms
[2020-10-31T07:56:15.322+0000][info][gc,heap      ] GC(228) Eden regions: 1677->0(1677)
[2020-10-31T07:56:15.322+0000][info][gc,heap      ] GC(228) Survivor regions: 12->12(212)
[2020-10-31T07:56:15.322+0000][info][gc,heap      ] GC(228) Old regions: 3->3
[2020-10-31T07:56:15.322+0000][info][gc,heap      ] GC(228) Archive regions: 2->2
[2020-10-31T07:56:15.322+0000][info][gc,heap      ] GC(228) Humongous regions: 0->0
[2020-10-31T07:56:15.322+0000][info][gc,metaspace ] GC(228) Metaspace: 13754K->13754K(1062912K)
[2020-10-31T07:56:15.322+0000][info][gc           ] GC(228) Pause Young (Normal) (G1 Evacuation Pause) 3384M->30M(5632M) 123.680ms
[2020-10-31T07:56:15.322+0000][info][gc,cpu       ] GC(228) User=0.23s Sys=0.00s Real=0.12s
[2020-10-31T07:56:15.322+0000][info][safepoint    ] Safepoint "G1CollectForAllocation", Time since last: 582371948 ns, Reaching safepoint: 53087 ns, At safepoint: 123736291 ns, Total: 123789378 ns
[2020-10-31T07:56:16.323+0000][info][safepoint    ] Safepoint "Cleanup", Time since last: 1000085392 ns, Reaching safepoint: 64762 ns, At safepoint: 4927 ns, Total: 69689 ns
[2020-10-31T07:56:17.323+0000][info][safepoint    ] Safepoint "Cleanup", Time since last: 1000105032 ns, Reaching safepoint: 128247 ns, At safepoint: 5610 ns, Total: 133857 ns
[2020-10-31T07:56:18.323+0000][info][safepoint    ] Safepoint "Cleanup", Time since last: 1000107350 ns, Reaching safepoint: 48988 ns, At safepoint: 1823 ns, Total: 50811 ns
[2020-10-31T07:56:19.323+0000][info][safepoint    ] Safepoint "Cleanup", Time since last: 1000118247 ns, Reaching safepoint: 47498 ns, At safepoint: 1909 ns, Total: 49407 ns
[2020-10-31T07:56:20.323+0000][info][safepoint    ] Safepoint "Cleanup", Time since last: 1000104399 ns, Reaching safepoint: 50833 ns, At safepoint: 7877 ns, Total: 58710 ns
[2020-10-31T07:56:21.324+0000][info][safepoint    ] Safepoint "Cleanup", Time since last: 1000113448 ns, Reaching safepoint: 127513 ns, At safepoint: 7056 ns, Total: 134569 ns
[2020-10-31T07:56:22.324+0000][info][safepoint    ] Safepoint "Cleanup", Time since last: 1000109394 ns, Reaching safepoint: 127726 ns, At safepoint: 5636 ns, Total: 133362 ns
[2020-10-31T07:56:23.324+0000][info][safepoint    ] Safepoint "Cleanup", Time since last: 1000112248 ns, Reaching safepoint: 47330 ns, At safepoint: 3166 ns, Total: 50496 ns
[2020-10-31T07:56:24.324+0000][info][safepoint    ] Safepoint "Cleanup", Time since last: 1000112581 ns, Reaching safepoint: 137132 ns, At safepoint: 3459 ns, Total: 140591 ns
[2020-10-31T07:56:25.325+0000][info][safepoint    ] Safepoint "Cleanup", Time since last: 1000112574 ns, Reaching safepoint: 144823 ns, At safepoint: 3526 ns, Total: 148349 ns
[2020-10-31T07:56:25.881+0000][info][gc,start     ] GC(229) Pause Young (Normal) (G1 Evacuation Pause)
[2020-10-31T07:56:25.881+0000][info][gc,task      ] GC(229) Using 2 workers of 2 for evacuation
[2020-10-31T07:56:26.003+0000][info][gc,phases    ] GC(229)   Pre Evacuate Collection Set: 0.6ms
[2020-10-31T07:56:26.003+0000][info][gc,phases    ] GC(229)   Evacuate Collection Set: 91.8ms
[2020-10-31T07:56:26.003+0000][info][gc,phases    ] GC(229)   Post Evacuate Collection Set: 29.0ms
[2020-10-31T07:56:26.003+0000][info][gc,phases    ] GC(229)   Other: 0.5ms
[2020-10-31T07:56:26.003+0000][info][gc,heap      ] GC(229) Eden regions: 1677->0(1676)
[2020-10-31T07:56:26.003+0000][info][gc,heap      ] GC(229) Survivor regions: 12->13(212)
[2020-10-31T07:56:26.003+0000][info][gc,heap      ] GC(229) Old regions: 3->3
[2020-10-31T07:56:26.003+0000][info][gc,heap      ] GC(229) Archive regions: 2->2
[2020-10-31T07:56:26.003+0000][info][gc,heap      ] GC(229) Humongous regions: 0->0
[2020-10-31T07:56:26.003+0000][info][gc,metaspace ] GC(229) Metaspace: 13754K->13754K(1062912K)
[2020-10-31T07:56:26.003+0000][info][gc           ] GC(229) Pause Young (Normal) (G1 Evacuation Pause) 3384M->31M(5632M) 122.057ms
[2020-10-31T07:56:26.003+0000][info][gc,cpu       ] GC(229) User=0.24s Sys=0.00s Real=0.12s
[2020-10-31T07:56:26.003+0000][info][safepoint    ] Safepoint "G1CollectForAllocation", Time since last: 556059877 ns, Reaching safepoint: 54166 ns, At safepoint: 122121952 ns, Total: 122176118 ns
[2020-10-31T07:56:27.003+0000][info][safepoint    ] Safepoint "Cleanup", Time since last: 1000084451 ns, Reaching safepoint: 51431 ns, At safepoint: 1963 ns, Total: 53394 ns
[2020-10-31T07:56:28.003+0000][info][safepoint    ] Safepoint "Cleanup", Time since last: 1000101559 ns, Reaching safepoint: 144023 ns, At safepoint: 5420 ns, Total: 149443 ns
[2020-10-31T07:56:29.003+0000][info][safepoint    ] Safepoint "Cleanup", Time since last: 1000106033 ns, Reaching safepoint: 138743 ns, At safepoint: 3452 ns, Total: 142195 ns
[2020-10-31T07:56:30.004+0000][info][safepoint    ] Safepoint "Cleanup", Time since last: 1000110601 ns, Reaching safepoint: 130273 ns, At safepoint: 6379 ns, Total: 136652 ns
[2020-10-31T07:56:31.004+0000][info][safepoint    ] Safepoint "Cleanup", Time since last: 1000110903 ns, Reaching safepoint: 138619 ns, At safepoint: 3209 ns, Total: 141828 ns
[2020-10-31T07:56:32.004+0000][info][safepoint    ] Safepoint "Cleanup", Time since last: 1000110627 ns, Reaching safepoint: 125424 ns, At safepoint: 5968 ns, Total: 131392 ns
[2020-10-31T07:56:33.004+0000][info][safepoint    ] Safepoint "Cleanup", Time since last: 1000109731 ns, Reaching safepoint: 128748 ns, At safepoint: 6553 ns, Total: 135301 ns
[2020-10-31T07:56:34.005+0000][info][safepoint    ] Safepoint "Cleanup", Time since last: 1000110904 ns, Reaching safepoint: 65214 ns, At safepoint: 2394 ns, Total: 67608 ns
[2020-10-31T07:56:35.005+0000][info][safepoint    ] Safepoint "Cleanup", Time since last: 1000113458 ns, Reaching safepoint: 127357 ns, At safepoint: 6017 ns, Total: 133374 ns
[2020-10-31T07:56:36.005+0000][info][safepoint    ] Safepoint "Cleanup", Time since last: 1000106129 ns, Reaching safepoint: 121038 ns, At safepoint: 6652 ns, Total: 127690 ns
[2020-10-31T07:56:36.627+0000][info][gc,start     ] GC(230) Pause Young (Normal) (G1 Evacuation Pause)
[2020-10-31T07:56:36.627+0000][info][gc,task      ] GC(230) Using 2 workers of 2 for evacuation
[2020-10-31T07:56:36.751+0000][info][gc,phases    ] GC(230)   Pre Evacuate Collection Set: 0.6ms
[2020-10-31T07:56:36.751+0000][info][gc,phases    ] GC(230)   Evacuate Collection Set: 91.2ms
[2020-10-31T07:56:36.751+0000][info][gc,phases    ] GC(230)   Post Evacuate Collection Set: 31.4ms
[2020-10-31T07:56:36.751+0000][info][gc,phases    ] GC(230)   Other: 0.5ms
[2020-10-31T07:56:36.751+0000][info][gc,heap      ] GC(230) Eden regions: 1676->0(1677)
[2020-10-31T07:56:36.751+0000][info][gc,heap      ] GC(230) Survivor regions: 13->12(212)
[2020-10-31T07:56:36.751+0000][info][gc,heap      ] GC(230) Old regions: 3->3
[2020-10-31T07:56:36.751+0000][info][gc,heap      ] GC(230) Archive regions: 2->2
[2020-10-31T07:56:36.751+0000][info][gc,heap      ] GC(230) Humongous regions: 0->0
[2020-10-31T07:56:36.751+0000][info][gc,metaspace ] GC(230) Metaspace: 13754K->13754K(1062912K)
[2020-10-31T07:56:36.751+0000][info][gc           ] GC(230) Pause Young (Normal) (G1 Evacuation Pause) 3383M->30M(5632M) 123.759ms
[2020-10-31T07:56:36.751+0000][info][gc,cpu       ] GC(230) User=0.24s Sys=0.00s Real=0.12s
[2020-10-31T07:56:36.751+0000][info][safepoint    ] Safepoint "G1CollectForAllocation", Time since last: 621848056 ns, Reaching safepoint: 55958 ns, At safepoint: 123812142 ns, Total: 123868100 ns
[2020-10-31T07:56:37.751+0000][info][safepoint    ] Safepoint "Cleanup", Time since last: 1000088987 ns, Reaching safepoint: 57772 ns, At safepoint: 6376 ns, Total: 64148 ns
[2020-10-31T07:56:38.752+0000][info][safepoint    ] Safepoint "Cleanup", Time since last: 1001049479 ns, Reaching safepoint: 127209 ns, At safepoint: 6378 ns, Total: 133587 ns
[2020-10-31T07:56:39.752+0000][info][safepoint    ] Safepoint "Cleanup", Time since last: 1000113056 ns, Reaching safepoint: 58626 ns, At safepoint: 2089 ns, Total: 60715 ns
[2020-10-31T07:56:40.752+0000][info][safepoint    ] Safepoint "Cleanup", Time since last: 1000096810 ns, Reaching safepoint: 127976 ns, At safepoint: 6016 ns, Total: 133992 ns
[2020-10-31T07:56:41.753+0000][info][safepoint    ] Safepoint "Cleanup", Time since last: 1000120833 ns, Reaching safepoint: 128761 ns, At safepoint: 6142 ns, Total: 134903 ns
[2020-10-31T07:56:42.753+0000][info][safepoint    ] Safepoint "Cleanup", Time since last: 1000110705 ns, Reaching safepoint: 128664 ns, At safepoint: 6118 ns, Total: 134782 ns
[2020-10-31T07:56:43.753+0000][info][safepoint    ] Safepoint "Cleanup", Time since last: 1000110450 ns, Reaching safepoint: 127150 ns, At safepoint: 5460 ns, Total: 132610 ns
[2020-10-31T07:56:44.753+0000][info][safepoint    ] Safepoint "Cleanup", Time since last: 1000111436 ns, Reaching safepoint: 126577 ns, At safepoint: 8184 ns, Total: 134761 ns
[2020-10-31T07:56:45.754+0000][info][safepoint    ] Safepoint "Cleanup", Time since last: 1000099153 ns, Reaching safepoint: 129161 ns, At safepoint: 6446 ns, Total: 135607 ns
[2020-10-31T07:56:46.754+0000][info][safepoint    ] Safepoint "Cleanup", Time since last: 1000107935 ns, Reaching safepoint: 143070 ns, At safepoint: 6981 ns, Total: 150051 ns
[2020-10-31T07:56:47.392+0000][info][gc,start     ] GC(231) Pause Young (Normal) (G1 Evacuation Pause)
[2020-10-31T07:56:47.392+0000][info][gc,task      ] GC(231) Using 2 workers of 2 for evacuation
[2020-10-31T07:56:47.518+0000][info][gc,phases    ] GC(231)   Pre Evacuate Collection Set: 0.6ms
[2020-10-31T07:56:47.518+0000][info][gc,phases    ] GC(231)   Evacuate Collection Set: 98.1ms
[2020-10-31T07:56:47.518+0000][info][gc,phases    ] GC(231)   Post Evacuate Collection Set: 27.4ms
[2020-10-31T07:56:47.519+0000][info][gc,phases    ] GC(231)   Other: 0.5ms
[2020-10-31T07:56:47.519+0000][info][gc,heap      ] GC(231) Eden regions: 1677->0(1677)
[2020-10-31T07:56:47.519+0000][info][gc,heap      ] GC(231) Survivor regions: 12->12(212)
[2020-10-31T07:56:47.519+0000][info][gc,heap      ] GC(231) Old regions: 3->3
[2020-10-31T07:56:47.519+0000][info][gc,heap      ] GC(231) Archive regions: 2->2
[2020-10-31T07:56:47.519+0000][info][gc,heap      ] GC(231) Humongous regions: 0->0
[2020-10-31T07:56:47.519+0000][info][gc,metaspace ] GC(231) Metaspace: 13754K->13754K(1062912K)
[2020-10-31T07:56:47.519+0000][info][gc           ] GC(231) Pause Young (Normal) (G1 Evacuation Pause) 3384M->30M(5632M) 126.687ms
[2020-10-31T07:56:47.519+0000][info][gc,cpu       ] GC(231) User=0.23s Sys=0.00s Real=0.13s
[2020-10-31T07:56:47.519+0000][info][safepoint    ] Safepoint "G1CollectForAllocation", Time since last: 637811720 ns, Reaching safepoint: 64268 ns, At safepoint: 126741354 ns, Total: 126805622 ns
[2020-10-31T07:56:48.519+0000][info][safepoint    ] Safepoint "Cleanup", Time since last: 1000086100 ns, Reaching safepoint: 54169 ns, At safepoint: 5825 ns, Total: 59994 ns
[2020-10-31T07:56:49.519+0000][info][safepoint    ] Safepoint "Cleanup", Time since last: 1000104264 ns, Reaching safepoint: 63024 ns, At safepoint: 6378 ns, Total: 69402 ns
[2020-10-31T07:56:50.519+0000][info][safepoint    ] Safepoint "Cleanup", Time since last: 1000107319 ns, Reaching safepoint: 133551 ns, At safepoint: 4845 ns, Total: 138396 ns
[2020-10-31T07:56:51.519+0000][info][safepoint    ] Safepoint "Cleanup", Time since last: 1000107757 ns, Reaching safepoint: 124711 ns, At safepoint: 5152 ns, Total: 129863 ns
[2020-10-31T07:56:52.520+0000][info][safepoint    ] Safepoint "Cleanup", Time since last: 1000106694 ns, Reaching safepoint: 135380 ns, At safepoint: 3413 ns, Total: 138793 ns
[2020-10-31T07:56:53.520+0000][info][safepoint    ] Safepoint "Cleanup", Time since last: 1000109083 ns, Reaching safepoint: 128893 ns, At safepoint: 5120 ns, Total: 134013 ns
[2020-10-31T07:56:54.520+0000][info][safepoint    ] Safepoint "Cleanup", Time since last: 1000109854 ns, Reaching safepoint: 128394 ns, At safepoint: 5705 ns, Total: 134099 ns
[2020-10-31T07:56:55.520+0000][info][safepoint    ] Safepoint "Cleanup", Time since last: 1000107925 ns, Reaching safepoint: 51933 ns, At safepoint: 2211 ns, Total: 54144 ns
[2020-10-31T07:56:56.521+0000][info][safepoint    ] Safepoint "Cleanup", Time since last: 1000103821 ns, Reaching safepoint: 141732 ns, At safepoint: 6801 ns, Total: 148533 ns
[2020-10-31T07:56:57.521+0000][info][safepoint    ] Safepoint "Cleanup", Time since last: 1000108895 ns, Reaching safepoint: 51699 ns, At safepoint: 5886 ns, Total: 57585 ns
[2020-10-31T07:56:58.131+0000][info][gc,start     ] GC(232) Pause Young (Normal) (G1 Evacuation Pause)
[2020-10-31T07:56:58.131+0000][info][gc,task      ] GC(232) Using 2 workers of 2 for evacuation
[2020-10-31T07:56:58.254+0000][info][gc,phases    ] GC(232)   Pre Evacuate Collection Set: 0.6ms
[2020-10-31T07:56:58.254+0000][info][gc,phases    ] GC(232)   Evacuate Collection Set: 91.3ms
[2020-10-31T07:56:58.254+0000][info][gc,phases    ] GC(232)   Post Evacuate Collection Set: 30.3ms
[2020-10-31T07:56:58.254+0000][info][gc,phases    ] GC(232)   Other: 0.5ms
[2020-10-31T07:56:58.254+0000][info][gc,heap      ] GC(232) Eden regions: 1677->0(1676)
[2020-10-31T07:56:58.254+0000][info][gc,heap      ] GC(232) Survivor regions: 12->13(212)
[2020-10-31T07:56:58.254+0000][info][gc,heap      ] GC(232) Old regions: 3->3
[2020-10-31T07:56:58.254+0000][info][gc,heap      ] GC(232) Archive regions: 2->2
[2020-10-31T07:56:58.254+0000][info][gc,heap      ] GC(232) Humongous regions: 0->0
[2020-10-31T07:56:58.254+0000][info][gc,metaspace ] GC(232) Metaspace: 13754K->13754K(1062912K)
[2020-10-31T07:56:58.254+0000][info][gc           ] GC(232) Pause Young (Normal) (G1 Evacuation Pause) 3384M->31M(5632M) 122.814ms
[2020-10-31T07:56:58.254+0000][info][gc,cpu       ] GC(232) User=0.24s Sys=0.00s Real=0.13s
[2020-10-31T07:56:58.254+0000][info][safepoint    ] Safepoint "G1CollectForAllocation", Time since last: 610337756 ns, Reaching safepoint: 52977 ns, At safepoint: 122886138 ns, Total: 122939115 ns
[2020-10-31T07:56:59.254+0000][info][safepoint    ] Safepoint "Cleanup", Time since last: 1000080405 ns, Reaching safepoint: 148363 ns, At safepoint: 5663 ns, Total: 154026 ns
[2020-10-31T07:57:00.254+0000][info][safepoint    ] Safepoint "Cleanup", Time since last: 1000090971 ns, Reaching safepoint: 144321 ns, At safepoint: 3827 ns, Total: 148148 ns
[2020-10-31T07:57:01.255+0000][info][safepoint    ] Safepoint "Cleanup", Time since last: 1000110039 ns, Reaching safepoint: 131656 ns, At safepoint: 4361 ns, Total: 136017 ns
[2020-10-31T07:57:02.255+0000][info][safepoint    ] Safepoint "Cleanup", Time since last: 1000107621 ns, Reaching safepoint: 138398 ns, At safepoint: 3244 ns, Total: 141642 ns
[2020-10-31T07:57:03.255+0000][info][safepoint    ] Safepoint "Cleanup", Time since last: 1000112264 ns, Reaching safepoint: 57759 ns, At safepoint: 3744 ns, Total: 61503 ns
[2020-10-31T07:57:04.255+0000][info][safepoint    ] Safepoint "Cleanup", Time since last: 1000114493 ns, Reaching safepoint: 50193 ns, At safepoint: 1942 ns, Total: 52135 ns
[2020-10-31T07:57:05.256+0000][info][safepoint    ] Safepoint "Cleanup", Time since last: 1000100532 ns, Reaching safepoint: 128314 ns, At safepoint: 5789 ns, Total: 134103 ns
[2020-10-31T07:57:06.256+0000][info][safepoint    ] Safepoint "Cleanup", Time since last: 1000114402 ns, Reaching safepoint: 130996 ns, At safepoint: 5687 ns, Total: 136683 ns
[2020-10-31T07:57:07.256+0000][info][safepoint    ] Safepoint "Cleanup", Time since last: 1000107464 ns, Reaching safepoint: 139986 ns, At safepoint: 5886 ns, Total: 145872 ns
[2020-10-31T07:57:08.256+0000][info][safepoint    ] Safepoint "Cleanup", Time since last: 1000111659 ns, Reaching safepoint: 52607 ns, At safepoint: 6134 ns, Total: 58741 ns
[2020-10-31T07:57:08.876+0000][info][gc,start     ] GC(233) Pause Young (Normal) (G1 Evacuation Pause)
[2020-10-31T07:57:08.876+0000][info][gc,task      ] GC(233) Using 2 workers of 2 for evacuation
[2020-10-31T07:57:08.998+0000][info][gc,phases    ] GC(233)   Pre Evacuate Collection Set: 0.5ms
[2020-10-31T07:57:08.998+0000][info][gc,phases    ] GC(233)   Evacuate Collection Set: 91.1ms
[2020-10-31T07:57:08.998+0000][info][gc,phases    ] GC(233)   Post Evacuate Collection Set: 29.1ms
[2020-10-31T07:57:08.998+0000][info][gc,phases    ] GC(233)   Other: 0.5ms
[2020-10-31T07:57:08.998+0000][info][gc,heap      ] GC(233) Eden regions: 1676->0(1676)
[2020-10-31T07:57:08.998+0000][info][gc,heap      ] GC(233) Survivor regions: 13->13(212)
[2020-10-31T07:57:08.998+0000][info][gc,heap      ] GC(233) Old regions: 3->3
[2020-10-31T07:57:08.998+0000][info][gc,heap      ] GC(233) Archive regions: 2->2
[2020-10-31T07:57:08.998+0000][info][gc,heap      ] GC(233) Humongous regions: 0->0
[2020-10-31T07:57:08.998+0000][info][gc,metaspace ] GC(233) Metaspace: 13754K->13754K(1062912K)
[2020-10-31T07:57:08.998+0000][info][gc           ] GC(233) Pause Young (Normal) (G1 Evacuation Pause) 3383M->31M(5632M) 121.345ms
[2020-10-31T07:57:08.998+0000][info][gc,cpu       ] GC(233) User=0.24s Sys=0.00s Real=0.12s
[2020-10-31T07:57:08.998+0000][info][safepoint    ] Safepoint "G1CollectForAllocation", Time since last: 620156915 ns, Reaching safepoint: 51748 ns, At safepoint: 121399320 ns, Total: 121451068 ns
[2020-10-31T07:57:09.998+0000][info][safepoint    ] Safepoint "Cleanup", Time since last: 1000083165 ns, Reaching safepoint: 53169 ns, At safepoint: 3125 ns, Total: 56294 ns
[2020-10-31T07:57:10.998+0000][info][safepoint    ] Safepoint "Cleanup", Time since last: 1000105782 ns, Reaching safepoint: 144008 ns, At safepoint: 7264 ns, Total: 151272 ns
[2020-10-31T07:57:11.998+0000][info][safepoint    ] Safepoint "Cleanup", Time since last: 1000112031 ns, Reaching safepoint: 126090 ns, At safepoint: 5083 ns, Total: 131173 ns
[2020-10-31T07:57:12.999+0000][info][safepoint    ] Safepoint "Cleanup", Time since last: 1000107678 ns, Reaching safepoint: 140467 ns, At safepoint: 3110 ns, Total: 143577 ns
[2020-10-31T07:57:13.999+0000][info][safepoint    ] Safepoint "Cleanup", Time since last: 1000126297 ns, Reaching safepoint: 137783 ns, At safepoint: 3687 ns, Total: 141470 ns
[2020-10-31T07:57:14.999+0000][info][safepoint    ] Safepoint "Cleanup", Time since last: 1000109319 ns, Reaching safepoint: 128994 ns, At safepoint: 5610 ns, Total: 134604 ns
[2020-10-31T07:57:15.999+0000][info][safepoint    ] Safepoint "Cleanup", Time since last: 1000111611 ns, Reaching safepoint: 131089 ns, At safepoint: 5587 ns, Total: 136676 ns
[2020-10-31T07:57:17.000+0000][info][safepoint    ] Safepoint "Cleanup", Time since last: 1000110010 ns, Reaching safepoint: 132385 ns, At safepoint: 7158 ns, Total: 139543 ns
[2020-10-31T07:57:18.000+0000][info][safepoint    ] Safepoint "Cleanup", Time since last: 1000109750 ns, Reaching safepoint: 132355 ns, At safepoint: 5972 ns, Total: 138327 ns
[2020-10-31T07:57:19.000+0000][info][safepoint    ] Safepoint "Cleanup", Time since last: 1000109693 ns, Reaching safepoint: 128682 ns, At safepoint: 6092 ns, Total: 134774 ns
[2020-10-31T07:57:19.548+0000][info][gc,start     ] GC(234) Pause Young (Normal) (G1 Evacuation Pause)
[2020-10-31T07:57:19.548+0000][info][gc,task      ] GC(234) Using 2 workers of 2 for evacuation
[2020-10-31T07:57:19.670+0000][info][gc,phases    ] GC(234)   Pre Evacuate Collection Set: 0.6ms
[2020-10-31T07:57:19.670+0000][info][gc,phases    ] GC(234)   Evacuate Collection Set: 90.7ms
[2020-10-31T07:57:19.670+0000][info][gc,phases    ] GC(234)   Post Evacuate Collection Set: 30.1ms
[2020-10-31T07:57:19.670+0000][info][gc,phases    ] GC(234)   Other: 0.5ms
[2020-10-31T07:57:19.670+0000][info][gc,heap      ] GC(234) Eden regions: 1676->0(1677)
[2020-10-31T07:57:19.670+0000][info][gc,heap      ] GC(234) Survivor regions: 13->12(212)
[2020-10-31T07:57:19.670+0000][info][gc,heap      ] GC(234) Old regions: 3->3
[2020-10-31T07:57:19.670+0000][info][gc,heap      ] GC(234) Archive regions: 2->2
[2020-10-31T07:57:19.670+0000][info][gc,heap      ] GC(234) Humongous regions: 0->0
[2020-10-31T07:57:19.670+0000][info][gc,metaspace ] GC(234) Metaspace: 13754K->13754K(1062912K)
[2020-10-31T07:57:19.670+0000][info][gc           ] GC(234) Pause Young (Normal) (G1 Evacuation Pause) 3383M->30M(5632M) 121.907ms
[2020-10-31T07:57:19.670+0000][info][gc,cpu       ] GC(234) User=0.23s Sys=0.00s Real=0.12s
[2020-10-31T07:57:19.670+0000][info][safepoint    ] Safepoint "G1CollectForAllocation", Time since last: 547708296 ns, Reaching safepoint: 51621 ns, At safepoint: 121968651 ns, Total: 122020272 ns
[2020-10-31T07:57:20.670+0000][info][safepoint    ] Safepoint "Cleanup", Time since last: 1000079073 ns, Reaching safepoint: 127966 ns, At safepoint: 6470 ns, Total: 134436 ns
[2020-10-31T07:57:21.670+0000][info][safepoint    ] Safepoint "Cleanup", Time since last: 1000106023 ns, Reaching safepoint: 129766 ns, At safepoint: 5926 ns, Total: 135692 ns
[2020-10-31T07:57:22.671+0000][info][safepoint    ] Safepoint "Cleanup", Time since last: 1000109320 ns, Reaching safepoint: 136624 ns, At safepoint: 5684 ns, Total: 142308 ns
[2020-10-31T07:57:23.671+0000][info][safepoint    ] Safepoint "Cleanup", Time since last: 1000108135 ns, Reaching safepoint: 130924 ns, At safepoint: 6520 ns, Total: 137444 ns
[2020-10-31T07:57:24.671+0000][info][safepoint    ] Safepoint "Cleanup", Time since last: 1000108602 ns, Reaching safepoint: 128527 ns, At safepoint: 6233 ns, Total: 134760 ns
[2020-10-31T07:57:25.671+0000][info][safepoint    ] Safepoint "Cleanup", Time since last: 1000107886 ns, Reaching safepoint: 137580 ns, At safepoint: 5700 ns, Total: 143280 ns
[2020-10-31T07:57:26.672+0000][info][safepoint    ] Safepoint "Cleanup", Time since last: 1000109107 ns, Reaching safepoint: 126992 ns, At safepoint: 6532 ns, Total: 133524 ns
[2020-10-31T07:57:27.672+0000][info][safepoint    ] Safepoint "Cleanup", Time since last: 1000109469 ns, Reaching safepoint: 132550 ns, At safepoint: 6564 ns, Total: 139114 ns
[2020-10-31T07:57:28.672+0000][info][safepoint    ] Safepoint "Cleanup", Time since last: 1000124256 ns, Reaching safepoint: 60377 ns, At safepoint: 3452 ns, Total: 63829 ns
[2020-10-31T07:57:29.672+0000][info][safepoint    ] Safepoint "Cleanup", Time since last: 1000109641 ns, Reaching safepoint: 147461 ns, At safepoint: 6295 ns, Total: 153756 ns
[2020-10-31T07:57:30.216+0000][info][gc,start     ] GC(235) Pause Young (Normal) (G1 Evacuation Pause)
[2020-10-31T07:57:30.216+0000][info][gc,task      ] GC(235) Using 2 workers of 2 for evacuation
[2020-10-31T07:57:30.334+0000][info][gc,phases    ] GC(235)   Pre Evacuate Collection Set: 0.5ms
[2020-10-31T07:57:30.334+0000][info][gc,phases    ] GC(235)   Evacuate Collection Set: 90.2ms
[2020-10-31T07:57:30.334+0000][info][gc,phases    ] GC(235)   Post Evacuate Collection Set: 26.7ms
[2020-10-31T07:57:30.334+0000][info][gc,phases    ] GC(235)   Other: 0.5ms
[2020-10-31T07:57:30.334+0000][info][gc,heap      ] GC(235) Eden regions: 1677->0(1677)
[2020-10-31T07:57:30.334+0000][info][gc,heap      ] GC(235) Survivor regions: 12->12(212)
[2020-10-31T07:57:30.334+0000][info][gc,heap      ] GC(235) Old regions: 3->3
[2020-10-31T07:57:30.334+0000][info][gc,heap      ] GC(235) Archive regions: 2->2
[2020-10-31T07:57:30.334+0000][info][gc,heap      ] GC(235) Humongous regions: 0->0
[2020-10-31T07:57:30.334+0000][info][gc,metaspace ] GC(235) Metaspace: 13754K->13754K(1062912K)
[2020-10-31T07:57:30.334+0000][info][gc           ] GC(235) Pause Young (Normal) (G1 Evacuation Pause) 3384M->30M(5632M) 118.010ms
[2020-10-31T07:57:30.334+0000][info][gc,cpu       ] GC(235) User=0.23s Sys=0.00s Real=0.12s
[2020-10-31T07:57:30.334+0000][info][safepoint    ] Safepoint "G1CollectForAllocation", Time since last: 543484279 ns, Reaching safepoint: 48765 ns, At safepoint: 118065035 ns, Total: 118113800 ns
[2020-10-31T07:57:31.334+0000][info][safepoint    ] Safepoint "Cleanup", Time since last: 1000084440 ns, Reaching safepoint: 129234 ns, At safepoint: 5374 ns, Total: 134608 ns
[2020-10-31T07:57:32.334+0000][info][safepoint    ] Safepoint "Cleanup", Time since last: 1000104974 ns, Reaching safepoint: 50848 ns, At safepoint: 5109 ns, Total: 55957 ns
[2020-10-31T07:57:33.335+0000][info][safepoint    ] Safepoint "Cleanup", Time since last: 1000113529 ns, Reaching safepoint: 141043 ns, At safepoint: 3330 ns, Total: 144373 ns
[2020-10-31T07:57:34.335+0000][info][safepoint    ] Safepoint "Cleanup", Time since last: 1000108421 ns, Reaching safepoint: 54689 ns, At safepoint: 5952 ns, Total: 60641 ns
[2020-10-31T07:57:35.335+0000][info][safepoint    ] Safepoint "Cleanup", Time since last: 1000108110 ns, Reaching safepoint: 127412 ns, At safepoint: 5491 ns, Total: 132903 ns
[2020-10-31T07:57:36.335+0000][info][safepoint    ] Safepoint "Cleanup", Time since last: 1000108819 ns, Reaching safepoint: 125702 ns, At safepoint: 5298 ns, Total: 131000 ns
[2020-10-31T07:57:37.335+0000][info][safepoint    ] Safepoint "Cleanup", Time since last: 1000108243 ns, Reaching safepoint: 127989 ns, At safepoint: 6591 ns, Total: 134580 ns
[2020-10-31T07:57:38.336+0000][info][safepoint    ] Safepoint "Cleanup", Time since last: 1000108588 ns, Reaching safepoint: 122863 ns, At safepoint: 7080 ns, Total: 129943 ns
[2020-10-31T07:57:39.336+0000][info][safepoint    ] Safepoint "Cleanup", Time since last: 1000109769 ns, Reaching safepoint: 137030 ns, At safepoint: 4031 ns, Total: 141061 ns
[2020-10-31T07:57:40.336+0000][info][safepoint    ] Safepoint "Cleanup", Time since last: 1000115403 ns, Reaching safepoint: 120905 ns, At safepoint: 5144 ns, Total: 126049 ns
[2020-10-31T07:57:40.944+0000][info][gc,start     ] GC(236) Pause Young (Normal) (G1 Evacuation Pause)
[2020-10-31T07:57:40.944+0000][info][gc,task      ] GC(236) Using 2 workers of 2 for evacuation
[2020-10-31T07:57:41.066+0000][info][gc,phases    ] GC(236)   Pre Evacuate Collection Set: 0.6ms
[2020-10-31T07:57:41.066+0000][info][gc,phases    ] GC(236)   Evacuate Collection Set: 92.6ms
[2020-10-31T07:57:41.066+0000][info][gc,phases    ] GC(236)   Post Evacuate Collection Set: 28.3ms
[2020-10-31T07:57:41.066+0000][info][gc,phases    ] GC(236)   Other: 0.5ms
[2020-10-31T07:57:41.066+0000][info][gc,heap      ] GC(236) Eden regions: 1677->0(1676)
[2020-10-31T07:57:41.066+0000][info][gc,heap      ] GC(236) Survivor regions: 12->13(212)
[2020-10-31T07:57:41.066+0000][info][gc,heap      ] GC(236) Old regions: 3->3
[2020-10-31T07:57:41.066+0000][info][gc,heap      ] GC(236) Archive regions: 2->2
[2020-10-31T07:57:41.066+0000][info][gc,heap      ] GC(236) Humongous regions: 0->0
[2020-10-31T07:57:41.066+0000][info][gc,metaspace ] GC(236) Metaspace: 13754K->13754K(1062912K)
[2020-10-31T07:57:41.066+0000][info][gc           ] GC(236) Pause Young (Normal) (G1 Evacuation Pause) 3384M->31M(5632M) 122.164ms
[2020-10-31T07:57:41.066+0000][info][gc,cpu       ] GC(236) User=0.23s Sys=0.00s Real=0.13s
[2020-10-31T07:57:41.066+0000][info][safepoint    ] Safepoint "G1CollectForAllocation", Time since last: 607599220 ns, Reaching safepoint: 51782 ns, At safepoint: 122225700 ns, Total: 122277482 ns
[2020-10-31T07:57:42.066+0000][info][safepoint    ] Safepoint "Cleanup", Time since last: 1000080011 ns, Reaching safepoint: 129260 ns, At safepoint: 5605 ns, Total: 134865 ns
[2020-10-31T07:57:43.066+0000][info][safepoint    ] Safepoint "Cleanup", Time since last: 1000111440 ns, Reaching safepoint: 64211 ns, At safepoint: 6411 ns, Total: 70622 ns
[2020-10-31T07:57:44.067+0000][info][safepoint    ] Safepoint "Cleanup", Time since last: 1000105866 ns, Reaching safepoint: 127260 ns, At safepoint: 6077 ns, Total: 133337 ns
[2020-10-31T07:57:45.067+0000][info][safepoint    ] Safepoint "Cleanup", Time since last: 1000112713 ns, Reaching safepoint: 46349 ns, At safepoint: 1779 ns, Total: 48128 ns
[2020-10-31T07:57:46.067+0000][info][safepoint    ] Safepoint "Cleanup", Time since last: 1000103377 ns, Reaching safepoint: 64099 ns, At safepoint: 6822 ns, Total: 70921 ns
[2020-10-31T07:57:47.067+0000][info][safepoint    ] Safepoint "Cleanup", Time since last: 1000107357 ns, Reaching safepoint: 124562 ns, At safepoint: 5550 ns, Total: 130112 ns
[2020-10-31T07:57:48.067+0000][info][safepoint    ] Safepoint "Cleanup", Time since last: 1000109983 ns, Reaching safepoint: 124168 ns, At safepoint: 7566 ns, Total: 131734 ns
[2020-10-31T07:57:49.068+0000][info][safepoint    ] Safepoint "Cleanup", Time since last: 1000109247 ns, Reaching safepoint: 124591 ns, At safepoint: 6072 ns, Total: 130663 ns
[2020-10-31T07:57:50.068+0000][info][safepoint    ] Safepoint "Cleanup", Time since last: 1000106914 ns, Reaching safepoint: 128156 ns, At safepoint: 6094 ns, Total: 134250 ns
[2020-10-31T07:57:51.068+0000][info][safepoint    ] Safepoint "Cleanup", Time since last: 1000112624 ns, Reaching safepoint: 129386 ns, At safepoint: 5255 ns, Total: 134641 ns
[2020-10-31T07:57:51.667+0000][info][gc,start     ] GC(237) Pause Young (Normal) (G1 Evacuation Pause)
[2020-10-31T07:57:51.667+0000][info][gc,task      ] GC(237) Using 2 workers of 2 for evacuation
[2020-10-31T07:57:51.786+0000][info][gc,phases    ] GC(237)   Pre Evacuate Collection Set: 0.6ms
[2020-10-31T07:57:51.786+0000][info][gc,phases    ] GC(237)   Evacuate Collection Set: 90.3ms
[2020-10-31T07:57:51.786+0000][info][gc,phases    ] GC(237)   Post Evacuate Collection Set: 28.2ms
[2020-10-31T07:57:51.786+0000][info][gc,phases    ] GC(237)   Other: 0.5ms
[2020-10-31T07:57:51.786+0000][info][gc,heap      ] GC(237) Eden regions: 1676->0(1677)
[2020-10-31T07:57:51.786+0000][info][gc,heap      ] GC(237) Survivor regions: 13->12(212)
[2020-10-31T07:57:51.786+0000][info][gc,heap      ] GC(237) Old regions: 3->3
[2020-10-31T07:57:51.786+0000][info][gc,heap      ] GC(237) Archive regions: 2->2
[2020-10-31T07:57:51.786+0000][info][gc,heap      ] GC(237) Humongous regions: 0->0
[2020-10-31T07:57:51.786+0000][info][gc,metaspace ] GC(237) Metaspace: 13754K->13754K(1062912K)
[2020-10-31T07:57:51.786+0000][info][gc           ] GC(237) Pause Young (Normal) (G1 Evacuation Pause) 3383M->30M(5632M) 119.709ms
[2020-10-31T07:57:51.786+0000][info][gc,cpu       ] GC(237) User=0.24s Sys=0.00s Real=0.12s
[2020-10-31T07:57:51.786+0000][info][safepoint    ] Safepoint "G1CollectForAllocation", Time since last: 598280892 ns, Reaching safepoint: 49419 ns, At safepoint: 119774822 ns, Total: 119824241 ns
[2020-10-31T07:57:52.787+0000][info][safepoint    ] Safepoint "Cleanup", Time since last: 1000084593 ns, Reaching safepoint: 145452 ns, At safepoint: 7789 ns, Total: 153241 ns
[2020-10-31T07:57:53.787+0000][info][safepoint    ] Safepoint "Cleanup", Time since last: 1000108821 ns, Reaching safepoint: 129881 ns, At safepoint: 6042 ns, Total: 135923 ns
[2020-10-31T07:57:54.787+0000][info][safepoint    ] Safepoint "Cleanup", Time since last: 1000108459 ns, Reaching safepoint: 134511 ns, At safepoint: 3749 ns, Total: 138260 ns
[2020-10-31T07:57:55.787+0000][info][safepoint    ] Safepoint "Cleanup", Time since last: 1000100418 ns, Reaching safepoint: 139227 ns, At safepoint: 7705 ns, Total: 146932 ns
[2020-10-31T07:57:56.788+0000][info][safepoint    ] Safepoint "Cleanup", Time since last: 1000108191 ns, Reaching safepoint: 125646 ns, At safepoint: 5874 ns, Total: 131520 ns
[2020-10-31T07:57:57.788+0000][info][safepoint    ] Safepoint "Cleanup", Time since last: 1000106590 ns, Reaching safepoint: 60985 ns, At safepoint: 3888 ns, Total: 64873 ns
[2020-10-31T07:57:58.788+0000][info][safepoint    ] Safepoint "Cleanup", Time since last: 1000107922 ns, Reaching safepoint: 122970 ns, At safepoint: 5499 ns, Total: 128469 ns
[2020-10-31T07:57:59.788+0000][info][safepoint    ] Safepoint "Cleanup", Time since last: 1000106488 ns, Reaching safepoint: 130128 ns, At safepoint: 7014 ns, Total: 137142 ns
[2020-10-31T07:58:00.788+0000][info][safepoint    ] Safepoint "Cleanup", Time since last: 1000103995 ns, Reaching safepoint: 147266 ns, At safepoint: 6165 ns, Total: 153431 ns
[2020-10-31T07:58:02.344+0000][info][gc,start     ] GC(238) Pause Young (Normal) (G1 Evacuation Pause)
[2020-10-31T07:58:02.344+0000][info][gc,task      ] GC(238) Using 2 workers of 2 for evacuation
[2020-10-31T07:58:02.466+0000][info][gc,phases    ] GC(238)   Pre Evacuate Collection Set: 0.6ms
[2020-10-31T07:58:02.466+0000][info][gc,phases    ] GC(238)   Evacuate Collection Set: 90.2ms
[2020-10-31T07:58:02.466+0000][info][gc,phases    ] GC(238)   Post Evacuate Collection Set: 30.4ms
[2020-10-31T07:58:02.466+0000][info][gc,phases    ] GC(238)   Other: 0.5ms
[2020-10-31T07:58:02.466+0000][info][gc,heap      ] GC(238) Eden regions: 1677->0(1677)
[2020-10-31T07:58:02.466+0000][info][gc,heap      ] GC(238) Survivor regions: 12->12(212)
[2020-10-31T07:58:02.466+0000][info][gc,heap      ] GC(238) Old regions: 3->3
[2020-10-31T07:58:02.466+0000][info][gc,heap      ] GC(238) Archive regions: 2->2
[2020-10-31T07:58:02.466+0000][info][gc,heap      ] GC(238) Humongous regions: 0->0
[2020-10-31T07:58:02.466+0000][info][gc,metaspace ] GC(238) Metaspace: 13754K->13754K(1062912K)
[2020-10-31T07:58:02.466+0000][info][gc           ] GC(238) Pause Young (Normal) (G1 Evacuation Pause) 3384M->30M(5632M) 121.712ms
[2020-10-31T07:58:02.466+0000][info][gc,cpu       ] GC(238) User=0.23s Sys=0.00s Real=0.13s
[2020-10-31T07:58:02.466+0000][info][safepoint    ] Safepoint "G1CollectForAllocation", Time since last: 1555733229 ns, Reaching safepoint: 53933 ns, At safepoint: 121773943 ns, Total: 121827876 ns
[2020-10-31T07:58:03.466+0000][info][safepoint    ] Safepoint "Cleanup", Time since last: 1000080848 ns, Reaching safepoint: 134722 ns, At safepoint: 3978 ns, Total: 138700 ns
[2020-10-31T07:58:04.466+0000][info][safepoint    ] Safepoint "Cleanup", Time since last: 1000104772 ns, Reaching safepoint: 50749 ns, At safepoint: 1958 ns, Total: 52707 ns
[2020-10-31T07:58:05.467+0000][info][safepoint    ] Safepoint "Cleanup", Time since last: 1000102966 ns, Reaching safepoint: 131700 ns, At safepoint: 5928 ns, Total: 137628 ns
[2020-10-31T07:58:06.467+0000][info][safepoint    ] Safepoint "Cleanup", Time since last: 1000109417 ns, Reaching safepoint: 139679 ns, At safepoint: 3344 ns, Total: 143023 ns
[2020-10-31T07:58:07.467+0000][info][safepoint    ] Safepoint "Cleanup", Time since last: 1000111680 ns, Reaching safepoint: 125627 ns, At safepoint: 6251 ns, Total: 131878 ns
[2020-10-31T07:58:08.467+0000][info][safepoint    ] Safepoint "Cleanup", Time since last: 1000126436 ns, Reaching safepoint: 126597 ns, At safepoint: 6706 ns, Total: 133303 ns
[2020-10-31T07:58:09.468+0000][info][safepoint    ] Safepoint "Cleanup", Time since last: 1000108354 ns, Reaching safepoint: 126582 ns, At safepoint: 5952 ns, Total: 132534 ns
[2020-10-31T07:58:10.468+0000][info][safepoint    ] Safepoint "Cleanup", Time since last: 1000108770 ns, Reaching safepoint: 131678 ns, At safepoint: 6168 ns, Total: 137846 ns
[2020-10-31T07:58:11.468+0000][info][safepoint    ] Safepoint "Cleanup", Time since last: 1000107613 ns, Reaching safepoint: 130590 ns, At safepoint: 4567 ns, Total: 135157 ns
[2020-10-31T07:58:12.468+0000][info][safepoint    ] Safepoint "Cleanup", Time since last: 1000101573 ns, Reaching safepoint: 132493 ns, At safepoint: 4939 ns, Total: 137432 ns
[2020-10-31T07:58:13.030+0000][info][gc,start     ] GC(239) Pause Young (Normal) (G1 Evacuation Pause)
[2020-10-31T07:58:13.030+0000][info][gc,task      ] GC(239) Using 2 workers of 2 for evacuation
[2020-10-31T07:58:13.150+0000][info][gc,phases    ] GC(239)   Pre Evacuate Collection Set: 0.6ms
[2020-10-31T07:58:13.150+0000][info][gc,phases    ] GC(239)   Evacuate Collection Set: 90.1ms
[2020-10-31T07:58:13.150+0000][info][gc,phases    ] GC(239)   Post Evacuate Collection Set: 28.9ms
[2020-10-31T07:58:13.150+0000][info][gc,phases    ] GC(239)   Other: 0.5ms
[2020-10-31T07:58:13.150+0000][info][gc,heap      ] GC(239) Eden regions: 1677->0(1677)
[2020-10-31T07:58:13.150+0000][info][gc,heap      ] GC(239) Survivor regions: 12->12(212)
[2020-10-31T07:58:13.150+0000][info][gc,heap      ] GC(239) Old regions: 3->3
[2020-10-31T07:58:13.150+0000][info][gc,heap      ] GC(239) Archive regions: 2->2
[2020-10-31T07:58:13.150+0000][info][gc,heap      ] GC(239) Humongous regions: 0->0
[2020-10-31T07:58:13.150+0000][info][gc,metaspace ] GC(239) Metaspace: 13754K->13754K(1062912K)
[2020-10-31T07:58:13.150+0000][info][gc           ] GC(239) Pause Young (Normal) (G1 Evacuation Pause) 3384M->30M(5632M) 120.173ms
[2020-10-31T07:58:13.150+0000][info][gc,cpu       ] GC(239) User=0.23s Sys=0.00s Real=0.12s
[2020-10-31T07:58:13.150+0000][info][safepoint    ] Safepoint "G1CollectForAllocation", Time since last: 561485775 ns, Reaching safepoint: 52978 ns, At safepoint: 120226502 ns, Total: 120279480 ns
[2020-10-31T07:58:14.150+0000][info][safepoint    ] Safepoint "Cleanup", Time since last: 1000082173 ns, Reaching safepoint: 125135 ns, At safepoint: 6192 ns, Total: 131327 ns
[2020-10-31T07:58:15.151+0000][info][safepoint    ] Safepoint "Cleanup", Time since last: 1000109453 ns, Reaching safepoint: 137359 ns, At safepoint: 5975 ns, Total: 143334 ns
[2020-10-31T07:58:16.151+0000][info][safepoint    ] Safepoint "Cleanup", Time since last: 1000110758 ns, Reaching safepoint: 60189 ns, At safepoint: 3868 ns, Total: 64057 ns
[2020-10-31T07:58:17.151+0000][info][safepoint    ] Safepoint "Cleanup", Time since last: 1000108100 ns, Reaching safepoint: 141924 ns, At safepoint: 6127 ns, Total: 148051 ns
[2020-10-31T07:58:18.151+0000][info][safepoint    ] Safepoint "Cleanup", Time since last: 1000109549 ns, Reaching safepoint: 131292 ns, At safepoint: 5673 ns, Total: 136965 ns
[2020-10-31T07:58:19.152+0000][info][safepoint    ] Safepoint "Cleanup", Time since last: 1000108487 ns, Reaching safepoint: 129645 ns, At safepoint: 6822 ns, Total: 136467 ns
[2020-10-31T07:58:20.152+0000][info][safepoint    ] Safepoint "Cleanup", Time since last: 1000105982 ns, Reaching safepoint: 127089 ns, At safepoint: 6180 ns, Total: 133269 ns
[2020-10-31T07:58:21.152+0000][info][safepoint    ] Safepoint "Cleanup", Time since last: 1000108494 ns, Reaching safepoint: 128737 ns, At safepoint: 6378 ns, Total: 135115 ns
[2020-10-31T07:58:22.152+0000][info][safepoint    ] Safepoint "Cleanup", Time since last: 1000107956 ns, Reaching safepoint: 129437 ns, At safepoint: 6859 ns, Total: 136296 ns
[2020-10-31T07:58:23.152+0000][info][safepoint    ] Safepoint "Cleanup", Time since last: 1000109668 ns, Reaching safepoint: 129091 ns, At safepoint: 6572 ns, Total: 135663 ns
[2020-10-31T07:58:23.764+0000][info][gc,start     ] GC(240) Pause Young (Normal) (G1 Evacuation Pause)
[2020-10-31T07:58:23.764+0000][info][gc,task      ] GC(240) Using 2 workers of 2 for evacuation
[2020-10-31T07:58:23.886+0000][info][gc,phases    ] GC(240)   Pre Evacuate Collection Set: 0.6ms
[2020-10-31T07:58:23.886+0000][info][gc,phases    ] GC(240)   Evacuate Collection Set: 90.2ms
[2020-10-31T07:58:23.886+0000][info][gc,phases    ] GC(240)   Post Evacuate Collection Set: 30.6ms
[2020-10-31T07:58:23.886+0000][info][gc,phases    ] GC(240)   Other: 0.5ms
[2020-10-31T07:58:23.886+0000][info][gc,heap      ] GC(240) Eden regions: 1677->0(1677)
[2020-10-31T07:58:23.886+0000][info][gc,heap      ] GC(240) Survivor regions: 12->12(212)
[2020-10-31T07:58:23.886+0000][info][gc,heap      ] GC(240) Old regions: 3->3
[2020-10-31T07:58:23.886+0000][info][gc,heap      ] GC(240) Archive regions: 2->2
[2020-10-31T07:58:23.886+0000][info][gc,heap      ] GC(240) Humongous regions: 0->0
[2020-10-31T07:58:23.886+0000][info][gc,metaspace ] GC(240) Metaspace: 13754K->13754K(1062912K)
[2020-10-31T07:58:23.886+0000][info][gc           ] GC(240) Pause Young (Normal) (G1 Evacuation Pause) 3384M->30M(5632M) 121.921ms
[2020-10-31T07:58:23.886+0000][info][gc,cpu       ] GC(240) User=0.24s Sys=0.00s Real=0.13s
[2020-10-31T07:58:23.886+0000][info][safepoint    ] Safepoint "G1CollectForAllocation", Time since last: 611468266 ns, Reaching safepoint: 52684 ns, At safepoint: 121981206 ns, Total: 122033890 ns
[2020-10-31T07:58:24.886+0000][info][safepoint    ] Safepoint "Cleanup", Time since last: 1000084336 ns, Reaching safepoint: 125323 ns, At safepoint: 5928 ns, Total: 131251 ns
[2020-10-31T07:58:25.886+0000][info][safepoint    ] Safepoint "Cleanup", Time since last: 1000107606 ns, Reaching safepoint: 137764 ns, At safepoint: 3548 ns, Total: 141312 ns
[2020-10-31T07:58:26.887+0000][info][safepoint    ] Safepoint "Cleanup", Time since last: 1000108157 ns, Reaching safepoint: 126219 ns, At safepoint: 5437 ns, Total: 131656 ns
[2020-10-31T07:58:27.887+0000][info][safepoint    ] Safepoint "Cleanup", Time since last: 1000108417 ns, Reaching safepoint: 139425 ns, At safepoint: 5184 ns, Total: 144609 ns
[2020-10-31T07:58:28.887+0000][info][safepoint    ] Safepoint "Cleanup", Time since last: 1000110169 ns, Reaching safepoint: 129420 ns, At safepoint: 5343 ns, Total: 134763 ns
[2020-10-31T07:58:29.887+0000][info][safepoint    ] Safepoint "Cleanup", Time since last: 1000107925 ns, Reaching safepoint: 128384 ns, At safepoint: 6224 ns, Total: 134608 ns
[2020-10-31T07:58:30.888+0000][info][safepoint    ] Safepoint "Cleanup", Time since last: 1000106689 ns, Reaching safepoint: 150186 ns, At safepoint: 6428 ns, Total: 156614 ns
[2020-10-31T07:58:31.888+0000][info][safepoint    ] Safepoint "Cleanup", Time since last: 1000103931 ns, Reaching safepoint: 127986 ns, At safepoint: 6189 ns, Total: 134175 ns
[2020-10-31T07:58:32.888+0000][info][safepoint    ] Safepoint "Cleanup", Time since last: 1000109239 ns, Reaching safepoint: 128548 ns, At safepoint: 6046 ns, Total: 134594 ns
[2020-10-31T07:58:33.888+0000][info][safepoint    ] Safepoint "Cleanup", Time since last: 1000112718 ns, Reaching safepoint: 63646 ns, At safepoint: 6564 ns, Total: 70210 ns
[2020-10-31T07:58:34.503+0000][info][gc,start     ] GC(241) Pause Young (Normal) (G1 Evacuation Pause)
[2020-10-31T07:58:34.503+0000][info][gc,task      ] GC(241) Using 2 workers of 2 for evacuation
[2020-10-31T07:58:34.626+0000][info][gc,phases    ] GC(241)   Pre Evacuate Collection Set: 0.5ms
[2020-10-31T07:58:34.626+0000][info][gc,phases    ] GC(241)   Evacuate Collection Set: 94.4ms
[2020-10-31T07:58:34.626+0000][info][gc,phases    ] GC(241)   Post Evacuate Collection Set: 27.6ms
[2020-10-31T07:58:34.626+0000][info][gc,phases    ] GC(241)   Other: 0.5ms
[2020-10-31T07:58:34.626+0000][info][gc,heap      ] GC(241) Eden regions: 1677->0(1677)
[2020-10-31T07:58:34.626+0000][info][gc,heap      ] GC(241) Survivor regions: 12->12(212)
[2020-10-31T07:58:34.626+0000][info][gc,heap      ] GC(241) Old regions: 3->3
[2020-10-31T07:58:34.626+0000][info][gc,heap      ] GC(241) Archive regions: 2->2
[2020-10-31T07:58:34.626+0000][info][gc,heap      ] GC(241) Humongous regions: 0->0
[2020-10-31T07:58:34.626+0000][info][gc,metaspace ] GC(241) Metaspace: 13754K->13754K(1062912K)
[2020-10-31T07:58:34.626+0000][info][gc           ] GC(241) Pause Young (Normal) (G1 Evacuation Pause) 3384M->30M(5632M) 123.141ms
[2020-10-31T07:58:34.626+0000][info][gc,cpu       ] GC(241) User=0.23s Sys=0.00s Real=0.13s
[2020-10-31T07:58:34.626+0000][info][safepoint    ] Safepoint "G1CollectForAllocation", Time since last: 614136659 ns, Reaching safepoint: 53791 ns, At safepoint: 123194888 ns, Total: 123248679 ns
[2020-10-31T07:58:35.626+0000][info][safepoint    ] Safepoint "Cleanup", Time since last: 1000083966 ns, Reaching safepoint: 124294 ns, At safepoint: 5749 ns, Total: 130043 ns
[2020-10-31T07:58:36.626+0000][info][safepoint    ] Safepoint "Cleanup", Time since last: 1000105037 ns, Reaching safepoint: 131419 ns, At safepoint: 6304 ns, Total: 137723 ns
[2020-10-31T07:58:37.626+0000][info][safepoint    ] Safepoint "Cleanup", Time since last: 1000109683 ns, Reaching safepoint: 141820 ns, At safepoint: 7844 ns, Total: 149664 ns
[2020-10-31T07:58:38.627+0000][info][safepoint    ] Safepoint "Cleanup", Time since last: 1000109257 ns, Reaching safepoint: 50753 ns, At safepoint: 5272 ns, Total: 56025 ns
[2020-10-31T07:58:39.627+0000][info][safepoint    ] Safepoint "Cleanup", Time since last: 1000101511 ns, Reaching safepoint: 137775 ns, At safepoint: 3448 ns, Total: 141223 ns
[2020-10-31T07:58:40.627+0000][info][safepoint    ] Safepoint "Cleanup", Time since last: 1000111953 ns, Reaching safepoint: 137908 ns, At safepoint: 3632 ns, Total: 141540 ns
[2020-10-31T07:58:41.627+0000][info][safepoint    ] Safepoint "Cleanup", Time since last: 1000109614 ns, Reaching safepoint: 137579 ns, At safepoint: 3563 ns, Total: 141142 ns
[2020-10-31T07:58:42.628+0000][info][safepoint    ] Safepoint "Cleanup", Time since last: 1000110252 ns, Reaching safepoint: 121269 ns, At safepoint: 6905 ns, Total: 128174 ns
[2020-10-31T07:58:43.628+0000][info][safepoint    ] Safepoint "Cleanup", Time since last: 1000110837 ns, Reaching safepoint: 124653 ns, At safepoint: 9048 ns, Total: 133701 ns
[2020-10-31T07:58:44.628+0000][info][safepoint    ] Safepoint "Cleanup", Time since last: 1000105061 ns, Reaching safepoint: 127997 ns, At safepoint: 6612 ns, Total: 134609 ns
[2020-10-31T07:58:45.232+0000][info][gc,start     ] GC(242) Pause Young (Normal) (G1 Evacuation Pause)
[2020-10-31T07:58:45.232+0000][info][gc,task      ] GC(242) Using 2 workers of 2 for evacuation
[2020-10-31T07:58:45.356+0000][info][gc,phases    ] GC(242)   Pre Evacuate Collection Set: 0.5ms
[2020-10-31T07:58:45.356+0000][info][gc,phases    ] GC(242)   Evacuate Collection Set: 94.2ms
[2020-10-31T07:58:45.356+0000][info][gc,phases    ] GC(242)   Post Evacuate Collection Set: 28.5ms
[2020-10-31T07:58:45.356+0000][info][gc,phases    ] GC(242)   Other: 0.5ms
[2020-10-31T07:58:45.356+0000][info][gc,heap      ] GC(242) Eden regions: 1677->0(1677)
[2020-10-31T07:58:45.356+0000][info][gc,heap      ] GC(242) Survivor regions: 12->12(212)
[2020-10-31T07:58:45.356+0000][info][gc,heap      ] GC(242) Old regions: 3->3
[2020-10-31T07:58:45.356+0000][info][gc,heap      ] GC(242) Archive regions: 2->2
[2020-10-31T07:58:45.356+0000][info][gc,heap      ] GC(242) Humongous regions: 0->0
[2020-10-31T07:58:45.356+0000][info][gc,metaspace ] GC(242) Metaspace: 13754K->13754K(1062912K)
[2020-10-31T07:58:45.356+0000][info][gc           ] GC(242) Pause Young (Normal) (G1 Evacuation Pause) 3384M->30M(5632M) 123.774ms
[2020-10-31T07:58:45.356+0000][info][gc,cpu       ] GC(242) User=0.23s Sys=0.00s Real=0.13s
[2020-10-31T07:58:45.356+0000][info][safepoint    ] Safepoint "G1CollectForAllocation", Time since last: 604101872 ns, Reaching safepoint: 55668 ns, At safepoint: 123825094 ns, Total: 123880762 ns
[2020-10-31T07:58:46.356+0000][info][safepoint    ] Safepoint "Cleanup", Time since last: 1000084623 ns, Reaching safepoint: 138479 ns, At safepoint: 3682 ns, Total: 142161 ns
[2020-10-31T07:58:47.357+0000][info][safepoint    ] Safepoint "Cleanup", Time since last: 1000128633 ns, Reaching safepoint: 140648 ns, At safepoint: 6511 ns, Total: 147159 ns
[2020-10-31T07:58:48.357+0000][info][safepoint    ] Safepoint "Cleanup", Time since last: 1000106071 ns, Reaching safepoint: 50626 ns, At safepoint: 7772 ns, Total: 58398 ns
[2020-10-31T07:58:49.357+0000][info][safepoint    ] Safepoint "Cleanup", Time since last: 1000109622 ns, Reaching safepoint: 135215 ns, At safepoint: 6526 ns, Total: 141741 ns
[2020-10-31T07:58:50.357+0000][info][safepoint    ] Safepoint "Cleanup", Time since last: 1000109040 ns, Reaching safepoint: 127201 ns, At safepoint: 5920 ns, Total: 133121 ns
