[2020-11-01T01:04:56.491+0000][info][gc] Consider -XX:+ClassUnloadingWithConcurrentMark if large pause times are observed on class-unloading sensitive workloads
[2020-11-01T01:04:56.492+0000][info][gc,init] Regions: 2048 x 2048K
[2020-11-01T01:04:56.492+0000][info][gc,init] Humongous object threshold: 2048K
[2020-11-01T01:04:56.492+0000][info][gc,init] Max TLAB size: 2048K
[2020-11-01T01:04:56.493+0000][info][gc,init] GC threads: 1 parallel, 1 concurrent
[2020-11-01T01:04:56.493+0000][info][gc,init] Reference processing: parallel
[2020-11-01T01:04:56.493+0000][info][gc     ] Heuristics ergonomically sets -XX:+ExplicitGCInvokesConcurrent
[2020-11-01T01:04:56.493+0000][info][gc     ] Heuristics ergonomically sets -XX:+ShenandoahImplicitGCInvokesConcurrent
[2020-11-01T01:04:56.493+0000][info][gc,init] Shenandoah heuristics: adaptive
[2020-11-01T01:04:56.494+0000][info][gc,init] Pretouch bitmap: 2048 regions, 4096 bytes page
[2020-11-01T01:04:56.534+0000][info][gc,init] Pretouch heap: 2048 regions, 4096 bytes page
[2020-11-01T01:04:58.758+0000][info][gc,ergo] Pacer for Idle. Initial: 81M, Alloc Tax Rate: 1.0x
[2020-11-01T01:04:58.758+0000][info][gc,init] Initialize Shenandoah heap: 4096M initial, 4096M min, 4096M max
[2020-11-01T01:04:58.758+0000][info][gc,init] Safepointing mechanism: thread-local poll
[2020-11-01T01:04:58.758+0000][info][gc     ] Using Shenandoah
[2020-11-01T01:04:58.758+0000][info][gc,heap,coops] Heap address: 0x0000000700000000, size: 4096 MB, Compressed Oops mode: Zero based, Oop shift amount: 3
[2020-11-01T01:04:58.811+0000][info][safepoint    ] Safepoint "Deoptimize", Time since last: 46109904 ns, Reaching safepoint: 50493 ns, At safepoint: 17120 ns, Total: 67613 ns
[2020-11-01T01:04:59.018+0000][info][safepoint    ] Safepoint "Deoptimize", Time since last: 206060879 ns, Reaching safepoint: 145537 ns, At safepoint: 59717 ns, Total: 205254 ns
[2020-11-01T01:04:59.090+0000][info][safepoint    ] Safepoint "Deoptimize", Time since last: 72352229 ns, Reaching safepoint: 128655 ns, At safepoint: 56986 ns, Total: 185641 ns
[2020-11-01T01:04:59.104+0000][info][safepoint    ] Safepoint "EnableBiasedLocking", Time since last: 13539609 ns, Reaching safepoint: 108997 ns, At safepoint: 149475 ns, Total: 258472 ns
[2020-11-01T01:04:59.297+0000][info][safepoint    ] Safepoint "Deoptimize", Time since last: 192366243 ns, Reaching safepoint: 92209 ns, At safepoint: 78335 ns, Total: 170544 ns
[2020-11-01T01:04:59.374+0000][info][safepoint    ] Safepoint "Deoptimize", Time since last: 77118589 ns, Reaching safepoint: 69246 ns, At safepoint: 98395 ns, Total: 167641 ns
[2020-11-01T01:04:59.398+0000][info][safepoint    ] Safepoint "RevokeBias", Time since last: 23912981 ns, Reaching safepoint: 116045 ns, At safepoint: 19348 ns, Total: 135393 ns
[2020-11-01T01:04:59.405+0000][info][safepoint    ] Safepoint "RevokeBias", Time since last: 529189 ns, Reaching safepoint: 6434653 ns, At safepoint: 40845 ns, Total: 6475498 ns
[2020-11-01T01:04:59.409+0000][info][safepoint    ] Safepoint "RevokeBias", Time since last: 3131870 ns, Reaching safepoint: 675549 ns, At safepoint: 8843 ns, Total: 684392 ns
[2020-11-01T01:04:59.409+0000][info][safepoint    ] Safepoint "RevokeBias", Time since last: 235486 ns, Reaching safepoint: 106172 ns, At safepoint: 26620 ns, Total: 132792 ns
[2020-11-01T01:04:59.414+0000][info][safepoint    ] Safepoint "RevokeBias", Time since last: 4319215 ns, Reaching safepoint: 722557 ns, At safepoint: 24194 ns, Total: 746751 ns
[2020-11-01T01:04:59.415+0000][info][safepoint    ] Safepoint "RevokeBias", Time since last: 181189 ns, Reaching safepoint: 111124 ns, At safepoint: 23965 ns, Total: 135089 ns
[2020-11-01T01:04:59.415+0000][info][safepoint    ] Safepoint "RevokeBias", Time since last: 455209 ns, Reaching safepoint: 101651 ns, At safepoint: 21783 ns, Total: 123434 ns
[2020-11-01T01:04:59.416+0000][info][safepoint    ] Safepoint "RevokeBias", Time since last: 451031 ns, Reaching safepoint: 301194 ns, At safepoint: 80569 ns, Total: 381763 ns
[2020-11-01T01:04:59.419+0000][info][safepoint    ] Safepoint "RevokeBias", Time since last: 2880799 ns, Reaching safepoint: 99756 ns, At safepoint: 14928 ns, Total: 114684 ns
[2020-11-01T01:04:59.422+0000][info][safepoint    ] Safepoint "RevokeBias", Time since last: 2498401 ns, Reaching safepoint: 103238 ns, At safepoint: 8595 ns, Total: 111833 ns
[2020-11-01T01:04:59.422+0000][info][safepoint    ] Safepoint "RevokeBias", Time since last: 40922 ns, Reaching safepoint: 90833 ns, At safepoint: 6646 ns, Total: 97479 ns
[2020-11-01T01:04:59.424+0000][info][safepoint    ] Safepoint "RevokeBias", Time since last: 2564628 ns, Reaching safepoint: 100328 ns, At safepoint: 9521 ns, Total: 109849 ns
[2020-11-01T01:04:59.425+0000][info][safepoint    ] Safepoint "RevokeBias", Time since last: 591563 ns, Reaching safepoint: 103933 ns, At safepoint: 14127 ns, Total: 118060 ns
[2020-11-01T01:04:59.425+0000][info][safepoint    ] Safepoint "RevokeBias", Time since last: 44048 ns, Reaching safepoint: 146633 ns, At safepoint: 11679 ns, Total: 158312 ns
[2020-11-01T01:04:59.426+0000][info][safepoint    ] Safepoint "RevokeBias", Time since last: 737762 ns, Reaching safepoint: 107355 ns, At safepoint: 9628 ns, Total: 116983 ns
[2020-11-01T01:04:59.426+0000][info][safepoint    ] Safepoint "RevokeBias", Time since last: 248063 ns, Reaching safepoint: 103005 ns, At safepoint: 9726 ns, Total: 112731 ns
[2020-11-01T01:04:59.431+0000][info][safepoint    ] Safepoint "RevokeBias", Time since last: 4516617 ns, Reaching safepoint: 105287 ns, At safepoint: 7984 ns, Total: 113271 ns
[2020-11-01T01:04:59.431+0000][info][safepoint    ] Safepoint "RevokeBias", Time since last: 45566 ns, Reaching safepoint: 93246 ns, At safepoint: 6101 ns, Total: 99347 ns
[2020-11-01T01:04:59.432+0000][info][safepoint    ] Safepoint "RevokeBias", Time since last: 895400 ns, Reaching safepoint: 105046 ns, At safepoint: 8221 ns, Total: 113267 ns
[2020-11-01T01:04:59.433+0000][info][safepoint    ] Safepoint "RevokeBias", Time since last: 453519 ns, Reaching safepoint: 98581 ns, At safepoint: 6561 ns, Total: 105142 ns
[2020-11-01T01:04:59.434+0000][info][safepoint    ] Safepoint "RevokeBias", Time since last: 1023473 ns, Reaching safepoint: 30464 ns, At safepoint: 6698 ns, Total: 37162 ns
[2020-11-01T01:04:59.434+0000][info][safepoint    ] Safepoint "RevokeBias", Time since last: 250727 ns, Reaching safepoint: 28521 ns, At safepoint: 6428 ns, Total: 34949 ns
[2020-11-01T01:04:59.434+0000][info][safepoint    ] Safepoint "RevokeBias", Time since last: 34202 ns, Reaching safepoint: 20104 ns, At safepoint: 5134 ns, Total: 25238 ns
[2020-11-01T01:04:59.435+0000][info][safepoint    ] Safepoint "BulkRevokeBias", Time since last: 877123 ns, Reaching safepoint: 30370 ns, At safepoint: 36015 ns, Total: 66385 ns
[2020-11-01T01:04:59.485+0000][info][safepoint    ] Safepoint "RevokeBias", Time since last: 49474180 ns, Reaching safepoint: 134661 ns, At safepoint: 18593 ns, Total: 153254 ns
[2020-11-01T01:04:59.487+0000][info][safepoint    ] Safepoint "RevokeBias", Time since last: 2355796 ns, Reaching safepoint: 122161 ns, At safepoint: 26995 ns, Total: 149156 ns
[2020-11-01T01:04:59.489+0000][info][safepoint    ] Safepoint "RevokeBias", Time since last: 1938324 ns, Reaching safepoint: 117458 ns, At safepoint: 25920 ns, Total: 143378 ns
[2020-11-01T01:04:59.490+0000][info][safepoint    ] Safepoint "RevokeBias", Time since last: 530544 ns, Reaching safepoint: 115846 ns, At safepoint: 25243 ns, Total: 141089 ns
[2020-11-01T01:04:59.515+0000][info][safepoint    ] Safepoint "RevokeBias", Time since last: 24770602 ns, Reaching safepoint: 118886 ns, At safepoint: 11710 ns, Total: 130596 ns
[2020-11-01T01:04:59.515+0000][info][safepoint    ] Safepoint "RevokeBias", Time since last: 403498 ns, Reaching safepoint: 110027 ns, At safepoint: 10732 ns, Total: 120759 ns
[2020-11-01T01:04:59.517+0000][info][safepoint    ] Safepoint "RevokeBias", Time since last: 1506458 ns, Reaching safepoint: 107936 ns, At safepoint: 9244 ns, Total: 117180 ns
[2020-11-01T01:04:59.517+0000][info][safepoint    ] Safepoint "RevokeBias", Time since last: 142978 ns, Reaching safepoint: 98712 ns, At safepoint: 8395 ns, Total: 107107 ns
[2020-11-01T01:04:59.519+0000][info][safepoint    ] Safepoint "RevokeBias", Time since last: 1579515 ns, Reaching safepoint: 100256 ns, At safepoint: 8870 ns, Total: 109126 ns
[2020-11-01T01:04:59.528+0000][info][safepoint    ] Safepoint "RevokeBias", Time since last: 8968777 ns, Reaching safepoint: 107886 ns, At safepoint: 14605 ns, Total: 122491 ns
[2020-11-01T01:04:59.530+0000][info][safepoint    ] Safepoint "RevokeBias", Time since last: 2004687 ns, Reaching safepoint: 35744 ns, At safepoint: 7358 ns, Total: 43102 ns
[2020-11-01T01:04:59.530+0000][info][safepoint    ] Safepoint "RevokeBias", Time since last: 262483 ns, Reaching safepoint: 34133 ns, At safepoint: 9715 ns, Total: 43848 ns
[2020-11-01T01:04:59.531+0000][info][safepoint    ] Safepoint "RevokeBias", Time since last: 163339 ns, Reaching safepoint: 30265 ns, At safepoint: 5817 ns, Total: 36082 ns
[2020-11-01T01:04:59.532+0000][info][safepoint    ] Safepoint "RevokeBias", Time since last: 1556592 ns, Reaching safepoint: 33360 ns, At safepoint: 8720 ns, Total: 42080 ns
[2020-11-01T01:04:59.533+0000][info][safepoint    ] Safepoint "RevokeBias", Time since last: 1094175 ns, Reaching safepoint: 33371 ns, At safepoint: 7938 ns, Total: 41309 ns
[2020-11-01T01:04:59.538+0000][info][safepoint    ] Safepoint "RevokeBias", Time since last: 4088204 ns, Reaching safepoint: 34302 ns, At safepoint: 8072 ns, Total: 42374 ns
[2020-11-01T01:04:59.539+0000][info][safepoint    ] Safepoint "RevokeBias", Time since last: 1671236 ns, Reaching safepoint: 41397 ns, At safepoint: 31414 ns, Total: 72811 ns
[2020-11-01T01:04:59.541+0000][info][safepoint    ] Safepoint "RevokeBias", Time since last: 1395052 ns, Reaching safepoint: 95607 ns, At safepoint: 6926 ns, Total: 102533 ns
[2020-11-01T01:04:59.543+0000][info][safepoint    ] Safepoint "RevokeBias", Time since last: 2190559 ns, Reaching safepoint: 299716 ns, At safepoint: 11288 ns, Total: 311004 ns
[2020-11-01T01:04:59.544+0000][info][safepoint    ] Safepoint "RevokeBias", Time since last: 1007642 ns, Reaching safepoint: 115092 ns, At safepoint: 13241 ns, Total: 128333 ns
[2020-11-01T01:04:59.545+0000][info][safepoint    ] Safepoint "RevokeBias", Time since last: 936573 ns, Reaching safepoint: 109130 ns, At safepoint: 11164 ns, Total: 120294 ns
[2020-11-01T01:04:59.546+0000][info][safepoint    ] Safepoint "RevokeBias", Time since last: 638344 ns, Reaching safepoint: 104390 ns, At safepoint: 12769 ns, Total: 117159 ns
[2020-11-01T01:04:59.548+0000][info][safepoint    ] Safepoint "RevokeBias", Time since last: 2137939 ns, Reaching safepoint: 44630 ns, At safepoint: 9444 ns, Total: 54074 ns
[2020-11-01T01:04:59.551+0000][info][safepoint    ] Safepoint "RevokeBias", Time since last: 2289603 ns, Reaching safepoint: 27526 ns, At safepoint: 11092 ns, Total: 38618 ns
[2020-11-01T01:04:59.551+0000][info][safepoint    ] Safepoint "RevokeBias", Time since last: 155171 ns, Reaching safepoint: 23594 ns, At safepoint: 9408 ns, Total: 33002 ns
[2020-11-01T01:04:59.554+0000][info][safepoint    ] Safepoint "RevokeBias", Time since last: 2459481 ns, Reaching safepoint: 34709 ns, At safepoint: 62141 ns, Total: 96850 ns
[2020-11-01T01:04:59.561+0000][info][safepoint    ] Safepoint "RevokeBias", Time since last: 7645581 ns, Reaching safepoint: 253674 ns, At safepoint: 11508 ns, Total: 265182 ns
[2020-11-01T01:04:59.581+0000][info][safepoint    ] Safepoint "RevokeBias", Time since last: 19127695 ns, Reaching safepoint: 183388 ns, At safepoint: 23318 ns, Total: 206706 ns
[2020-11-01T01:04:59.583+0000][info][safepoint    ] Safepoint "RevokeBias", Time since last: 2544528 ns, Reaching safepoint: 112424 ns, At safepoint: 30473 ns, Total: 142897 ns
[2020-11-01T01:04:59.584+0000][info][safepoint    ] Safepoint "RevokeBias", Time since last: 373786 ns, Reaching safepoint: 106016 ns, At safepoint: 26701 ns, Total: 132717 ns
[2020-11-01T01:04:59.597+0000][info][safepoint    ] Safepoint "RevokeBias", Time since last: 10149880 ns, Reaching safepoint: 3219780 ns, At safepoint: 17872 ns, Total: 3237652 ns
[2020-11-01T01:04:59.622+0000][info][safepoint    ] Safepoint "RevokeBias", Time since last: 24149366 ns, Reaching safepoint: 42919 ns, At safepoint: 9412 ns, Total: 52331 ns
[2020-11-01T01:04:59.649+0000][info][safepoint    ] Safepoint "Deoptimize", Time since last: 27577339 ns, Reaching safepoint: 53831 ns, At safepoint: 108255 ns, Total: 162086 ns
[2020-11-01T01:04:59.702+0000][info][safepoint    ] Safepoint "RevokeBias", Time since last: 52520732 ns, Reaching safepoint: 122123 ns, At safepoint: 12105 ns, Total: 134228 ns
[2020-11-01T01:04:59.702+0000][info][safepoint    ] Safepoint "RevokeBias", Time since last: 82070 ns, Reaching safepoint: 96699 ns, At safepoint: 7560 ns, Total: 104259 ns
[2020-11-01T01:04:59.712+0000][info][safepoint    ] Safepoint "RevokeBias", Time since last: 9531714 ns, Reaching safepoint: 120542 ns, At safepoint: 18922 ns, Total: 139464 ns
[2020-11-01T01:04:59.712+0000][info][safepoint    ] Safepoint "RevokeBias", Time since last: 319076 ns, Reaching safepoint: 34903 ns, At safepoint: 8367 ns, Total: 43270 ns
[2020-11-01T01:05:00.072+0000][info][safepoint    ] Safepoint "ICBufferFull", Time since last: 359638211 ns, Reaching safepoint: 169625 ns, At safepoint: 3158 ns, Total: 172783 ns
[2020-11-01T01:05:00.205+0000][info][safepoint    ] Safepoint "ICBufferFull", Time since last: 132945798 ns, Reaching safepoint: 141258 ns, At safepoint: 7899 ns, Total: 149157 ns
[2020-11-01T01:05:00.906+0000][info][safepoint    ] Safepoint "ICBufferFull", Time since last: 700818304 ns, Reaching safepoint: 215475 ns, At safepoint: 7310 ns, Total: 222785 ns
[2020-11-01T01:05:01.906+0000][info][safepoint    ] Safepoint "Cleanup", Time since last: 1000117883 ns, Reaching safepoint: 125093 ns, At safepoint: 3247 ns, Total: 128340 ns
[2020-11-01T01:05:02.907+0000][info][safepoint    ] Safepoint "Cleanup", Time since last: 1000155127 ns, Reaching safepoint: 137649 ns, At safepoint: 3392 ns, Total: 141041 ns
[2020-11-01T01:05:03.907+0000][info][safepoint    ] Safepoint "Cleanup", Time since last: 1000101507 ns, Reaching safepoint: 165934 ns, At safepoint: 5444 ns, Total: 171378 ns
[2020-11-01T01:05:04.704+0000][info][gc           ] Trigger: Learning 1 of 5. Free (2866M) is below initial threshold (2867M)
[2020-11-01T01:05:04.704+0000][info][gc,ergo      ] Free: 2866M (1433 regions), Max regular: 2048K, Max humongous: 2932736K, External frag: 1%, Internal frag: 0%
[2020-11-01T01:05:04.704+0000][info][gc,ergo      ] Evacuation Reserve: 206M (103 regions), Max regular: 2048K
[2020-11-01T01:05:04.704+0000][info][gc,start     ] GC(0) Concurrent reset
[2020-11-01T01:05:04.704+0000][info][gc,task      ] GC(0) Using 1 of 1 workers for concurrent reset
[2020-11-01T01:05:04.705+0000][info][gc           ] GC(0) Concurrent reset 1024M->1024M(4096M) 0.231ms
[2020-11-01T01:05:04.705+0000][info][gc,start     ] GC(0) Pause Init Mark (process weakrefs)
[2020-11-01T01:05:04.705+0000][info][gc,task      ] GC(0) Using 1 of 1 workers for init marking
[2020-11-01T01:05:04.706+0000][info][gc,ergo      ] GC(0) Pacer for Mark. Expected Live: 409M, Free: 2866M, Non-Taxable: 286M, Alloc Tax Rate: 0.5x
[2020-11-01T01:05:04.706+0000][info][gc           ] GC(0) Pause Init Mark (process weakrefs) 1.105ms
[2020-11-01T01:05:04.706+0000][info][safepoint    ] Safepoint "ShenandoahInitMark", Time since last: 797811757 ns, Reaching safepoint: 79672 ns, At safepoint: 1128083 ns, Total: 1207755 ns
[2020-11-01T01:05:04.706+0000][info][gc,start     ] GC(0) Concurrent marking (process weakrefs)
[2020-11-01T01:05:04.706+0000][info][gc,task      ] GC(0) Using 1 of 1 workers for concurrent marking
[2020-11-01T01:05:04.716+0000][info][gc           ] GC(0) Concurrent marking (process weakrefs) 1026M->1028M(4096M) 9.659ms
[2020-11-01T01:05:04.716+0000][info][gc,start     ] GC(0) Concurrent precleaning
[2020-11-01T01:05:04.716+0000][info][gc,task      ] GC(0) Using 1 of 1 workers for concurrent preclean
[2020-11-01T01:05:04.716+0000][info][gc           ] GC(0) Concurrent precleaning 1028M->1028M(4096M) 0.177ms
[2020-11-01T01:05:04.716+0000][info][gc,start     ] GC(0) Pause Final Mark (process weakrefs)
[2020-11-01T01:05:04.716+0000][info][gc,task      ] GC(0) Using 1 of 1 workers for final marking
[2020-11-01T01:05:04.717+0000][info][gc,ergo      ] GC(0) Adaptive CSet Selection. Target Free: 409M, Actual Free: 3958M, Max CSet: 170M, Min Garbage: 0M
[2020-11-01T01:05:04.717+0000][info][gc,ergo      ] GC(0) Collectable Garbage: 128M (12% of total), 3M CSet, 66 CSet regions
[2020-11-01T01:05:04.717+0000][info][gc,ergo      ] GC(0) Immediate Garbage: 890M (87% of total), 445 regions
[2020-11-01T01:05:04.719+0000][info][gc,ergo      ] GC(0) Pacer for Evacuation. Used CSet: 132M, Free: 3752M, Non-Taxable: 375M, Alloc Tax Rate: 1.1x
[2020-11-01T01:05:04.719+0000][info][gc           ] GC(0) Pause Final Mark (process weakrefs) 3.068ms
[2020-11-01T01:05:04.719+0000][info][safepoint    ] Safepoint "ShenandoahFinalMarkStartEvac", Time since last: 9912306 ns, Reaching safepoint: 56531 ns, At safepoint: 3092501 ns, Total: 3149032 ns
[2020-11-01T01:05:04.719+0000][info][gc,start     ] GC(0) Concurrent cleanup
[2020-11-01T01:05:04.719+0000][info][gc           ] GC(0) Concurrent cleanup 1028M->138M(4096M) 0.224ms
[2020-11-01T01:05:04.719+0000][info][gc,ergo      ] GC(0) Free: 3752M (1876 regions), Max regular: 2048K, Max humongous: 2928640K, External frag: 24%, Internal frag: 0%
[2020-11-01T01:05:04.719+0000][info][gc,ergo      ] GC(0) Evacuation Reserve: 205M (103 regions), Max regular: 2048K
[2020-11-01T01:05:04.719+0000][info][gc,start     ] GC(0) Concurrent evacuation
[2020-11-01T01:05:04.719+0000][info][gc,task      ] GC(0) Using 1 of 1 workers for concurrent evacuation
[2020-11-01T01:05:04.723+0000][info][gc           ] GC(0) Concurrent evacuation 138M->148M(4096M) 4.037ms
[2020-11-01T01:05:04.724+0000][info][gc,start     ] GC(0) Pause Init Update Refs
[2020-11-01T01:05:04.724+0000][info][gc,ergo      ] GC(0) Pacer for Update Refs. Used: 148M, Free: 3746M, Non-Taxable: 374M, Alloc Tax Rate: 1.1x
[2020-11-01T01:05:04.724+0000][info][gc           ] GC(0) Pause Init Update Refs 0.037ms
[2020-11-01T01:05:04.724+0000][info][safepoint    ] Safepoint "ShenandoahInitUpdateRefs", Time since last: 4412768 ns, Reaching safepoint: 120950 ns, At safepoint: 60695 ns, Total: 181645 ns
[2020-11-01T01:05:04.724+0000][info][gc,start     ] GC(0) Concurrent update references
[2020-11-01T01:05:04.724+0000][info][gc,task      ] GC(0) Using 1 of 1 workers for concurrent reference update
[2020-11-01T01:05:04.730+0000][info][gc           ] GC(0) Concurrent update references 150M->152M(4096M) 6.613ms
[2020-11-01T01:05:04.730+0000][info][gc,start     ] GC(0) Pause Final Update Refs
[2020-11-01T01:05:04.730+0000][info][gc,task      ] GC(0) Using 1 of 1 workers for final reference update
[2020-11-01T01:05:04.731+0000][info][gc           ] GC(0) Pause Final Update Refs 0.179ms
[2020-11-01T01:05:04.731+0000][info][safepoint    ] Safepoint "ShenandoahFinalUpdateRefs", Time since last: 6675805 ns, Reaching safepoint: 120560 ns, At safepoint: 204652 ns, Total: 325212 ns
[2020-11-01T01:05:04.731+0000][info][gc,start     ] GC(0) Concurrent cleanup
[2020-11-01T01:05:04.731+0000][info][gc           ] GC(0) Concurrent cleanup 152M->20M(4096M) 0.156ms
[2020-11-01T01:05:04.731+0000][info][gc,ergo      ] Free: 3870M (1935 regions), Max regular: 2048K, Max humongous: 2924544K, External frag: 27%, Internal frag: 0%
[2020-11-01T01:05:04.731+0000][info][gc,ergo      ] Evacuation Reserve: 206M (103 regions), Max regular: 2048K
[2020-11-01T01:05:04.731+0000][info][gc,ergo      ] Pacer for Idle. Initial: 81M, Alloc Tax Rate: 1.0x
[2020-11-01T01:05:05.731+0000][info][safepoint    ] Safepoint "Cleanup", Time since last: 1000080086 ns, Reaching safepoint: 75313 ns, At safepoint: 5776 ns, Total: 81089 ns
[2020-11-01T01:05:06.731+0000][info][safepoint    ] Safepoint "Cleanup", Time since last: 1000102803 ns, Reaching safepoint: 155240 ns, At safepoint: 5060 ns, Total: 160300 ns
[2020-11-01T01:05:07.731+0000][info][safepoint    ] Safepoint "Cleanup", Time since last: 1000111833 ns, Reaching safepoint: 137880 ns, At safepoint: 5149 ns, Total: 143029 ns
[2020-11-01T01:05:07.804+0000][info][gc           ] Trigger: Learning 2 of 5. Free (2866M) is below initial threshold (2867M)
[2020-11-01T01:05:07.805+0000][info][gc,ergo      ] Free: 2866M (1433 regions), Max regular: 2048K, Max humongous: 2924544K, External frag: 1%, Internal frag: 0%
[2020-11-01T01:05:07.805+0000][info][gc,ergo      ] Evacuation Reserve: 206M (103 regions), Max regular: 2048K
[2020-11-01T01:05:07.805+0000][info][gc,start     ] GC(1) Concurrent reset
[2020-11-01T01:05:07.805+0000][info][gc,task      ] GC(1) Using 1 of 1 workers for concurrent reset
[2020-11-01T01:05:07.805+0000][info][gc           ] GC(1) Concurrent reset 1024M->1024M(4096M) 0.548ms
[2020-11-01T01:05:07.805+0000][info][gc,start     ] GC(1) Pause Init Mark
[2020-11-01T01:05:07.805+0000][info][gc,task      ] GC(1) Using 1 of 1 workers for init marking
[2020-11-01T01:05:07.806+0000][info][gc,ergo      ] GC(1) Pacer for Mark. Expected Live: 4M, Free: 2866M, Non-Taxable: 286M, Alloc Tax Rate: 0.0x
[2020-11-01T01:05:07.806+0000][info][gc           ] GC(1) Pause Init Mark 0.403ms
[2020-11-01T01:05:07.806+0000][info][safepoint    ] Safepoint "ShenandoahInitMark", Time since last: 73956549 ns, Reaching safepoint: 130982 ns, At safepoint: 435922 ns, Total: 566904 ns
[2020-11-01T01:05:07.806+0000][info][gc,start     ] GC(1) Concurrent marking
[2020-11-01T01:05:07.806+0000][info][gc,task      ] GC(1) Using 1 of 1 workers for concurrent marking
[2020-11-01T01:05:07.811+0000][info][gc           ] GC(1) Concurrent marking 1025M->1027M(4096M) 5.411ms
[2020-11-01T01:05:07.811+0000][info][gc,start     ] GC(1) Pause Final Mark
[2020-11-01T01:05:07.811+0000][info][gc,task      ] GC(1) Using 1 of 1 workers for final marking
[2020-11-01T01:05:07.812+0000][info][gc,ergo      ] GC(1) Immediate Garbage: 1010M (99% of total), 505 regions
[2020-11-01T01:05:07.812+0000][info][gc           ] GC(1) Pause Final Mark 0.549ms
[2020-11-01T01:05:07.812+0000][info][safepoint    ] Safepoint "ShenandoahFinalMarkStartEvac", Time since last: 5473239 ns, Reaching safepoint: 123031 ns, At safepoint: 578496 ns, Total: 701527 ns
[2020-11-01T01:05:07.812+0000][info][gc,start     ] GC(1) Concurrent cleanup
[2020-11-01T01:05:07.812+0000][info][gc           ] GC(1) Concurrent cleanup 1027M->19M(4096M) 0.169ms
[2020-11-01T01:05:07.812+0000][info][gc,ergo      ] GC(1) Free: 3870M (1937 regions), Max regular: 2048K, Max humongous: 2934784K, External frag: 26%, Internal frag: 0%
[2020-11-01T01:05:07.812+0000][info][gc,ergo      ] GC(1) Evacuation Reserve: 206M (103 regions), Max regular: 2048K
[2020-11-01T01:05:07.812+0000][info][gc,ergo      ] Free: 3870M (1937 regions), Max regular: 2048K, Max humongous: 2934784K, External frag: 26%, Internal frag: 0%
[2020-11-01T01:05:07.812+0000][info][gc,ergo      ] Evacuation Reserve: 206M (103 regions), Max regular: 2048K
[2020-11-01T01:05:07.812+0000][info][gc,ergo      ] Pacer for Idle. Initial: 81M, Alloc Tax Rate: 1.0x
[2020-11-01T01:05:08.812+0000][info][safepoint    ] Safepoint "Cleanup", Time since last: 1000080310 ns, Reaching safepoint: 138589 ns, At safepoint: 7286 ns, Total: 145875 ns
[2020-11-01T01:05:09.812+0000][info][safepoint    ] Safepoint "Cleanup", Time since last: 1000115413 ns, Reaching safepoint: 149454 ns, At safepoint: 5352 ns, Total: 154806 ns
[2020-11-01T01:05:10.813+0000][info][safepoint    ] Safepoint "Cleanup", Time since last: 1000124423 ns, Reaching safepoint: 58319 ns, At safepoint: 6187 ns, Total: 64506 ns
[2020-11-01T01:05:10.856+0000][info][gc           ] Trigger: Learning 3 of 5. Free (2866M) is below initial threshold (2867M)
[2020-11-01T01:05:10.856+0000][info][gc,ergo      ] Free: 2866M (1435 regions), Max regular: 2048K, Max humongous: 2934784K, External frag: 1%, Internal frag: 0%
[2020-11-01T01:05:10.856+0000][info][gc,ergo      ] Evacuation Reserve: 206M (103 regions), Max regular: 2048K
[2020-11-01T01:05:10.856+0000][info][gc,start     ] GC(2) Concurrent reset
[2020-11-01T01:05:10.856+0000][info][gc,task      ] GC(2) Using 1 of 1 workers for concurrent reset
[2020-11-01T01:05:10.857+0000][info][gc           ] GC(2) Concurrent reset 1023M->1023M(4096M) 0.256ms
[2020-11-01T01:05:10.857+0000][info][gc,start     ] GC(2) Pause Init Mark
[2020-11-01T01:05:10.857+0000][info][gc,task      ] GC(2) Using 1 of 1 workers for init marking
[2020-11-01T01:05:10.857+0000][info][gc,ergo      ] GC(2) Pacer for Mark. Expected Live: 4M, Free: 2866M, Non-Taxable: 286M, Alloc Tax Rate: 0.0x
[2020-11-01T01:05:10.857+0000][info][gc           ] GC(2) Pause Init Mark 0.399ms
[2020-11-01T01:05:10.857+0000][info][safepoint    ] Safepoint "ShenandoahInitMark", Time since last: 43983694 ns, Reaching safepoint: 131944 ns, At safepoint: 417932 ns, Total: 549876 ns
[2020-11-01T01:05:10.857+0000][info][gc,start     ] GC(2) Concurrent marking
[2020-11-01T01:05:10.857+0000][info][gc,task      ] GC(2) Using 1 of 1 workers for concurrent marking
[2020-11-01T01:05:10.863+0000][info][gc           ] GC(2) Concurrent marking 1023M->1023M(4096M) 5.357ms
[2020-11-01T01:05:10.863+0000][info][gc,start     ] GC(2) Pause Final Mark
[2020-11-01T01:05:10.863+0000][info][gc,task      ] GC(2) Using 1 of 1 workers for final marking
[2020-11-01T01:05:10.863+0000][info][gc,ergo      ] GC(2) Immediate Garbage: 1004M (98% of total), 502 regions
[2020-11-01T01:05:10.863+0000][info][gc           ] GC(2) Pause Final Mark 0.536ms
[2020-11-01T01:05:10.863+0000][info][safepoint    ] Safepoint "ShenandoahFinalMarkStartEvac", Time since last: 5415910 ns, Reaching safepoint: 120915 ns, At safepoint: 554802 ns, Total: 675717 ns
[2020-11-01T01:05:10.863+0000][info][gc,start     ] GC(2) Concurrent cleanup
[2020-11-01T01:05:10.863+0000][info][gc           ] GC(2) Concurrent cleanup 1025M->23M(4096M) 0.171ms
[2020-11-01T01:05:10.864+0000][info][gc,ergo      ] GC(2) Free: 3866M (1935 regions), Max regular: 2048K, Max humongous: 2932736K, External frag: 26%, Internal frag: 0%
[2020-11-01T01:05:10.864+0000][info][gc,ergo      ] GC(2) Evacuation Reserve: 206M (103 regions), Max regular: 2048K
[2020-11-01T01:05:10.864+0000][info][gc,ergo      ] Free: 3866M (1935 regions), Max regular: 2048K, Max humongous: 2932736K, External frag: 26%, Internal frag: 0%
[2020-11-01T01:05:10.864+0000][info][gc,ergo      ] Evacuation Reserve: 206M (103 regions), Max regular: 2048K
[2020-11-01T01:05:10.864+0000][info][gc,ergo      ] Pacer for Idle. Initial: 81M, Alloc Tax Rate: 1.0x
[2020-11-01T01:05:11.864+0000][info][safepoint    ] Safepoint "Cleanup", Time since last: 1000079855 ns, Reaching safepoint: 137580 ns, At safepoint: 5101 ns, Total: 142681 ns
[2020-11-01T01:05:12.864+0000][info][safepoint    ] Safepoint "Cleanup", Time since last: 1000107295 ns, Reaching safepoint: 134545 ns, At safepoint: 2889 ns, Total: 137434 ns
[2020-11-01T01:05:13.805+0000][info][gc           ] Trigger: Learning 4 of 5. Free (2866M) is below initial threshold (2867M)
[2020-11-01T01:05:13.806+0000][info][gc,ergo      ] Free: 2866M (1435 regions), Max regular: 2048K, Max humongous: 2932736K, External frag: 1%, Internal frag: 0%
[2020-11-01T01:05:13.806+0000][info][gc,ergo      ] Evacuation Reserve: 206M (103 regions), Max regular: 2048K
[2020-11-01T01:05:13.806+0000][info][gc,start     ] GC(3) Concurrent reset
[2020-11-01T01:05:13.806+0000][info][gc,task      ] GC(3) Using 1 of 1 workers for concurrent reset
[2020-11-01T01:05:13.806+0000][info][gc           ] GC(3) Concurrent reset 1023M->1023M(4096M) 0.254ms
[2020-11-01T01:05:13.806+0000][info][gc,start     ] GC(3) Pause Init Mark
[2020-11-01T01:05:13.806+0000][info][gc,task      ] GC(3) Using 1 of 1 workers for init marking
[2020-11-01T01:05:13.806+0000][info][gc,ergo      ] GC(3) Pacer for Mark. Expected Live: 4M, Free: 2866M, Non-Taxable: 286M, Alloc Tax Rate: 0.0x
[2020-11-01T01:05:13.806+0000][info][gc           ] GC(3) Pause Init Mark 0.411ms
[2020-11-01T01:05:13.806+0000][info][safepoint    ] Safepoint "ShenandoahInitMark", Time since last: 942139545 ns, Reaching safepoint: 136963 ns, At safepoint: 428462 ns, Total: 565425 ns
[2020-11-01T01:05:13.806+0000][info][gc,start     ] GC(3) Concurrent marking
[2020-11-01T01:05:13.806+0000][info][gc,task      ] GC(3) Using 1 of 1 workers for concurrent marking
[2020-11-01T01:05:13.812+0000][info][gc           ] GC(3) Concurrent marking 1023M->1025M(4096M) 5.371ms
[2020-11-01T01:05:13.812+0000][info][gc,start     ] GC(3) Pause Final Mark
[2020-11-01T01:05:13.812+0000][info][gc,task      ] GC(3) Using 1 of 1 workers for final marking
[2020-11-01T01:05:13.813+0000][info][gc,ergo      ] GC(3) Immediate Garbage: 1004M (98% of total), 502 regions
[2020-11-01T01:05:13.813+0000][info][gc           ] GC(3) Pause Final Mark 0.556ms
[2020-11-01T01:05:13.813+0000][info][safepoint    ] Safepoint "ShenandoahFinalMarkStartEvac", Time since last: 5429760 ns, Reaching safepoint: 125760 ns, At safepoint: 574379 ns, Total: 700139 ns
[2020-11-01T01:05:13.813+0000][info][gc,start     ] GC(3) Concurrent cleanup
[2020-11-01T01:05:13.813+0000][info][gc           ] GC(3) Concurrent cleanup 1025M->23M(4096M) 0.172ms
[2020-11-01T01:05:13.813+0000][info][gc,ergo      ] GC(3) Free: 3866M (1934 regions), Max regular: 2048K, Max humongous: 2930688K, External frag: 26%, Internal frag: 0%
[2020-11-01T01:05:13.813+0000][info][gc,ergo      ] GC(3) Evacuation Reserve: 206M (103 regions), Max regular: 2048K
[2020-11-01T01:05:13.813+0000][info][gc,ergo      ] Free: 3866M (1934 regions), Max regular: 2048K, Max humongous: 2930688K, External frag: 26%, Internal frag: 0%
[2020-11-01T01:05:13.813+0000][info][gc,ergo      ] Evacuation Reserve: 206M (103 regions), Max regular: 2048K
[2020-11-01T01:05:13.813+0000][info][gc,ergo      ] Pacer for Idle. Initial: 81M, Alloc Tax Rate: 1.0x
[2020-11-01T01:05:14.813+0000][info][safepoint    ] Safepoint "Cleanup", Time since last: 1000080634 ns, Reaching safepoint: 133617 ns, At safepoint: 7491 ns, Total: 141108 ns
[2020-11-01T01:05:15.813+0000][info][safepoint    ] Safepoint "Cleanup", Time since last: 1000114468 ns, Reaching safepoint: 58300 ns, At safepoint: 5586 ns, Total: 63886 ns
[2020-11-01T01:05:16.763+0000][info][gc           ] Trigger: Learning 5 of 5. Free (2866M) is below initial threshold (2867M)
[2020-11-01T01:05:16.763+0000][info][gc,ergo      ] Free: 2866M (1434 regions), Max regular: 2048K, Max humongous: 2930688K, External frag: 1%, Internal frag: 0%
[2020-11-01T01:05:16.763+0000][info][gc,ergo      ] Evacuation Reserve: 206M (103 regions), Max regular: 2048K
[2020-11-01T01:05:16.763+0000][info][gc,start     ] GC(4) Concurrent reset
[2020-11-01T01:05:16.763+0000][info][gc,task      ] GC(4) Using 1 of 1 workers for concurrent reset
[2020-11-01T01:05:16.763+0000][info][gc           ] GC(4) Concurrent reset 1023M->1023M(4096M) 0.254ms
[2020-11-01T01:05:16.763+0000][info][gc,start     ] GC(4) Pause Init Mark
[2020-11-01T01:05:16.763+0000][info][gc,task      ] GC(4) Using 1 of 1 workers for init marking
[2020-11-01T01:05:16.764+0000][info][gc,ergo      ] GC(4) Pacer for Mark. Expected Live: 4M, Free: 2866M, Non-Taxable: 286M, Alloc Tax Rate: 0.0x
[2020-11-01T01:05:16.764+0000][info][gc           ] GC(4) Pause Init Mark 0.410ms
[2020-11-01T01:05:16.764+0000][info][safepoint    ] Safepoint "ShenandoahInitMark", Time since last: 950027259 ns, Reaching safepoint: 134221 ns, At safepoint: 430017 ns, Total: 564238 ns
[2020-11-01T01:05:16.764+0000][info][gc,start     ] GC(4) Concurrent marking
[2020-11-01T01:05:16.764+0000][info][gc,task      ] GC(4) Using 1 of 1 workers for concurrent marking
[2020-11-01T01:05:16.772+0000][info][gc           ] GC(4) Concurrent marking 1023M->1027M(4096M) 7.955ms
[2020-11-01T01:05:16.772+0000][info][gc,start     ] GC(4) Pause Final Mark
[2020-11-01T01:05:16.772+0000][info][gc,task      ] GC(4) Using 1 of 1 workers for final marking
[2020-11-01T01:05:16.772+0000][info][gc,ergo      ] GC(4) Immediate Garbage: 1006M (98% of total), 503 regions
[2020-11-01T01:05:16.772+0000][info][gc           ] GC(4) Pause Final Mark 0.572ms
[2020-11-01T01:05:16.772+0000][info][safepoint    ] Safepoint "ShenandoahFinalMarkStartEvac", Time since last: 8018102 ns, Reaching safepoint: 61257 ns, At safepoint: 592164 ns, Total: 653421 ns
[2020-11-01T01:05:16.772+0000][info][gc,start     ] GC(4) Concurrent cleanup
[2020-11-01T01:05:16.772+0000][info][gc           ] GC(4) Concurrent cleanup 1027M->25M(4096M) 0.201ms
[2020-11-01T01:05:16.773+0000][info][gc,ergo      ] GC(4) Free: 3864M (1934 regions), Max regular: 2048K, Max humongous: 2930688K, External frag: 26%, Internal frag: 0%
[2020-11-01T01:05:16.773+0000][info][gc,ergo      ] GC(4) Evacuation Reserve: 206M (103 regions), Max regular: 2048K
[2020-11-01T01:05:16.773+0000][info][gc,ergo      ] Free: 3864M (1934 regions), Max regular: 2048K, Max humongous: 2930688K, External frag: 26%, Internal frag: 0%
[2020-11-01T01:05:16.773+0000][info][gc,ergo      ] Evacuation Reserve: 206M (103 regions), Max regular: 2048K
[2020-11-01T01:05:16.773+0000][info][gc,ergo      ] Pacer for Idle. Initial: 81M, Alloc Tax Rate: 1.0x
[2020-11-01T01:05:17.772+0000][info][safepoint    ] Safepoint "Cleanup", Time since last: 1000077134 ns, Reaching safepoint: 85310 ns, At safepoint: 4410 ns, Total: 89720 ns
[2020-11-01T01:05:18.773+0000][info][safepoint    ] Safepoint "Cleanup", Time since last: 1000105287 ns, Reaching safepoint: 131117 ns, At safepoint: 2929 ns, Total: 134046 ns
[2020-11-01T01:05:19.618+0000][info][safepoint    ] Safepoint "RevokeBias", Time since last: 845550031 ns, Reaching safepoint: 62014 ns, At safepoint: 18716 ns, Total: 80730 ns
[2020-11-01T01:05:20.619+0000][info][safepoint    ] Safepoint "Cleanup", Time since last: 1000102637 ns, Reaching safepoint: 193077 ns, At safepoint: 3444 ns, Total: 196521 ns
[2020-11-01T01:05:21.619+0000][info][safepoint    ] Safepoint "Cleanup", Time since last: 1000108024 ns, Reaching safepoint: 147336 ns, At safepoint: 4945 ns, Total: 152281 ns
[2020-11-01T01:05:22.619+0000][info][safepoint    ] Safepoint "Cleanup", Time since last: 1000107649 ns, Reaching safepoint: 132905 ns, At safepoint: 5673 ns, Total: 138578 ns
[2020-11-01T01:05:23.619+0000][info][safepoint    ] Safepoint "Cleanup", Time since last: 1000106148 ns, Reaching safepoint: 61361 ns, At safepoint: 3790 ns, Total: 65151 ns
[2020-11-01T01:05:24.620+0000][info][safepoint    ] Safepoint "Cleanup", Time since last: 1000113031 ns, Reaching safepoint: 136061 ns, At safepoint: 4999 ns, Total: 141060 ns
[2020-11-01T01:05:25.620+0000][info][safepoint    ] Safepoint "Cleanup", Time since last: 1000107254 ns, Reaching safepoint: 52454 ns, At safepoint: 6386 ns, Total: 58840 ns
[2020-11-01T01:05:26.620+0000][info][safepoint    ] Safepoint "Cleanup", Time since last: 1000112380 ns, Reaching safepoint: 75367 ns, At safepoint: 6162 ns, Total: 81529 ns
[2020-11-01T01:05:27.404+0000][info][gc           ] Trigger: Free (408M) is below minimum threshold (409M)
[2020-11-01T01:05:27.404+0000][info][gc,ergo      ] Free: 408M (205 regions), Max regular: 2048K, Max humongous: 417792K, External frag: 1%, Internal frag: 0%
[2020-11-01T01:05:27.404+0000][info][gc,ergo      ] Evacuation Reserve: 206M (103 regions), Max regular: 2048K
[2020-11-01T01:05:27.404+0000][info][gc,start     ] GC(5) Concurrent reset
[2020-11-01T01:05:27.404+0000][info][gc,task      ] GC(5) Using 1 of 1 workers for concurrent reset
[2020-11-01T01:05:27.405+0000][info][gc           ] GC(5) Concurrent reset 3481M->3481M(4096M) 0.282ms
[2020-11-01T01:05:27.405+0000][info][gc,start     ] GC(5) Pause Init Mark (process weakrefs)
[2020-11-01T01:05:27.405+0000][info][gc,task      ] GC(5) Using 1 of 1 workers for init marking
[2020-11-01T01:05:27.405+0000][info][gc,ergo      ] GC(5) Pacer for Mark. Expected Live: 4M, Free: 408M, Non-Taxable: 40M, Alloc Tax Rate: 0.0x
[2020-11-01T01:05:27.405+0000][info][gc           ] GC(5) Pause Init Mark (process weakrefs) 0.442ms
[2020-11-01T01:05:27.405+0000][info][safepoint    ] Safepoint "ShenandoahInitMark", Time since last: 784913477 ns, Reaching safepoint: 146171 ns, At safepoint: 460804 ns, Total: 606975 ns
[2020-11-01T01:05:27.405+0000][info][gc,start     ] GC(5) Concurrent marking (process weakrefs)
[2020-11-01T01:05:27.405+0000][info][gc,task      ] GC(5) Using 1 of 1 workers for concurrent marking
[2020-11-01T01:05:27.411+0000][info][gc           ] GC(5) Concurrent marking (process weakrefs) 3482M->3482M(4096M) 5.706ms
[2020-11-01T01:05:27.411+0000][info][gc,start     ] GC(5) Concurrent precleaning
[2020-11-01T01:05:27.411+0000][info][gc,task      ] GC(5) Using 1 of 1 workers for concurrent preclean
[2020-11-01T01:05:27.411+0000][info][gc           ] GC(5) Concurrent precleaning 3484M->3486M(4096M) 0.175ms
[2020-11-01T01:05:27.411+0000][info][gc,start     ] GC(5) Pause Final Mark (process weakrefs)
[2020-11-01T01:05:27.411+0000][info][gc,task      ] GC(5) Using 1 of 1 workers for final marking
[2020-11-01T01:05:27.412+0000][info][gc,ergo      ] GC(5) Immediate Garbage: 3450M (99% of total), 1725 regions
[2020-11-01T01:05:27.412+0000][info][gc           ] GC(5) Pause Final Mark (process weakrefs) 0.600ms
[2020-11-01T01:05:27.412+0000][info][safepoint    ] Safepoint "ShenandoahFinalMarkStartEvac", Time since last: 5955193 ns, Reaching safepoint: 122901 ns, At safepoint: 620569 ns, Total: 743470 ns
[2020-11-01T01:05:27.412+0000][info][gc,start     ] GC(5) Concurrent cleanup
[2020-11-01T01:05:27.412+0000][info][gc           ] GC(5) Concurrent cleanup 3486M->36M(4096M) 0.254ms
[2020-11-01T01:05:27.412+0000][info][gc,ergo      ] GC(5) Free: 3854M (1927 regions), Max regular: 2048K, Max humongous: 2543616K, External frag: 36%, Internal frag: 0%
[2020-11-01T01:05:27.412+0000][info][gc,ergo      ] GC(5) Evacuation Reserve: 206M (103 regions), Max regular: 2048K
[2020-11-01T01:05:27.412+0000][info][gc,ergo      ] Free: 3854M (1927 regions), Max regular: 2048K, Max humongous: 2543616K, External frag: 36%, Internal frag: 0%
[2020-11-01T01:05:27.412+0000][info][gc,ergo      ] Evacuation Reserve: 206M (103 regions), Max regular: 2048K
[2020-11-01T01:05:27.412+0000][info][gc,ergo      ] Pacer for Idle. Initial: 81M, Alloc Tax Rate: 1.0x
[2020-11-01T01:05:28.412+0000][info][safepoint    ] Safepoint "Cleanup", Time since last: 1000085753 ns, Reaching safepoint: 56087 ns, At safepoint: 5911 ns, Total: 61998 ns
[2020-11-01T01:05:29.412+0000][info][safepoint    ] Safepoint "Cleanup", Time since last: 1000109751 ns, Reaching safepoint: 63457 ns, At safepoint: 6587 ns, Total: 70044 ns
[2020-11-01T01:05:30.413+0000][info][safepoint    ] Safepoint "Cleanup", Time since last: 1000112821 ns, Reaching safepoint: 131553 ns, At safepoint: 7611 ns, Total: 139164 ns
[2020-11-01T01:05:31.413+0000][info][safepoint    ] Safepoint "Cleanup", Time since last: 1000108640 ns, Reaching safepoint: 131367 ns, At safepoint: 3048 ns, Total: 134415 ns
[2020-11-01T01:05:32.413+0000][info][safepoint    ] Safepoint "Cleanup", Time since last: 1000108237 ns, Reaching safepoint: 153311 ns, At safepoint: 5517 ns, Total: 158828 ns
[2020-11-01T01:05:33.413+0000][info][safepoint    ] Safepoint "Cleanup", Time since last: 1000105198 ns, Reaching safepoint: 142810 ns, At safepoint: 5063 ns, Total: 147873 ns
[2020-11-01T01:05:34.414+0000][info][safepoint    ] Safepoint "Cleanup", Time since last: 1000111867 ns, Reaching safepoint: 128586 ns, At safepoint: 5629 ns, Total: 134215 ns
[2020-11-01T01:05:35.414+0000][info][safepoint    ] Safepoint "Cleanup", Time since last: 1000106563 ns, Reaching safepoint: 135321 ns, At safepoint: 3060 ns, Total: 138381 ns
[2020-11-01T01:05:36.414+0000][info][safepoint    ] Safepoint "Cleanup", Time since last: 1000109119 ns, Reaching safepoint: 57256 ns, At safepoint: 7448 ns, Total: 64704 ns
[2020-11-01T01:05:37.414+0000][info][safepoint    ] Safepoint "Cleanup", Time since last: 1000104202 ns, Reaching safepoint: 133054 ns, At safepoint: 5600 ns, Total: 138654 ns
[2020-11-01T01:05:37.553+0000][info][gc           ] Trigger: Free (408M) is below minimum threshold (409M)
[2020-11-01T01:05:37.553+0000][info][gc,ergo      ] Free: 408M (204 regions), Max regular: 2048K, Max humongous: 411648K, External frag: 2%, Internal frag: 0%
[2020-11-01T01:05:37.553+0000][info][gc,ergo      ] Evacuation Reserve: 206M (103 regions), Max regular: 2048K
[2020-11-01T01:05:37.553+0000][info][gc,start     ] GC(6) Concurrent reset
[2020-11-01T01:05:37.553+0000][info][gc,task      ] GC(6) Using 1 of 1 workers for concurrent reset
[2020-11-01T01:05:37.553+0000][info][gc           ] GC(6) Concurrent reset 3482M->3482M(4096M) 0.298ms
[2020-11-01T01:05:37.553+0000][info][gc,start     ] GC(6) Pause Init Mark
[2020-11-01T01:05:37.553+0000][info][gc,task      ] GC(6) Using 1 of 1 workers for init marking
[2020-11-01T01:05:37.554+0000][info][gc,ergo      ] GC(6) Pacer for Mark. Expected Live: 4M, Free: 408M, Non-Taxable: 40M, Alloc Tax Rate: 0.0x
[2020-11-01T01:05:37.554+0000][info][gc           ] GC(6) Pause Init Mark 0.442ms
[2020-11-01T01:05:37.554+0000][info][safepoint    ] Safepoint "ShenandoahInitMark", Time since last: 138965462 ns, Reaching safepoint: 135948 ns, At safepoint: 460677 ns, Total: 596625 ns
[2020-11-01T01:05:37.554+0000][info][gc,start     ] GC(6) Concurrent marking
[2020-11-01T01:05:37.554+0000][info][gc,task      ] GC(6) Using 1 of 1 workers for concurrent marking
[2020-11-01T01:05:37.559+0000][info][gc           ] GC(6) Concurrent marking 3482M->3484M(4096M) 5.489ms
[2020-11-01T01:05:37.560+0000][info][gc,start     ] GC(6) Pause Final Mark
[2020-11-01T01:05:37.560+0000][info][gc,task      ] GC(6) Using 1 of 1 workers for final marking
[2020-11-01T01:05:37.560+0000][info][gc,ergo      ] GC(6) Immediate Garbage: 3450M (99% of total), 1725 regions
[2020-11-01T01:05:37.560+0000][info][gc           ] GC(6) Pause Final Mark 0.553ms
[2020-11-01T01:05:37.560+0000][info][safepoint    ] Safepoint "ShenandoahFinalMarkStartEvac", Time since last: 5548419 ns, Reaching safepoint: 119672 ns, At safepoint: 571559 ns, Total: 691231 ns
[2020-11-01T01:05:37.560+0000][info][gc,start     ] GC(6) Concurrent cleanup
[2020-11-01T01:05:37.560+0000][info][gc           ] GC(6) Concurrent cleanup 3486M->38M(4096M) 0.256ms
[2020-11-01T01:05:37.560+0000][info][gc,ergo      ] GC(6) Free: 3852M (1926 regions), Max regular: 2048K, Max humongous: 2537472K, External frag: 36%, Internal frag: 0%
[2020-11-01T01:05:37.560+0000][info][gc,ergo      ] GC(6) Evacuation Reserve: 206M (103 regions), Max regular: 2048K
[2020-11-01T01:05:37.560+0000][info][gc,ergo      ] Free: 3852M (1926 regions), Max regular: 2048K, Max humongous: 2537472K, External frag: 36%, Internal frag: 0%
[2020-11-01T01:05:37.560+0000][info][gc,ergo      ] Evacuation Reserve: 206M (103 regions), Max regular: 2048K
[2020-11-01T01:05:37.560+0000][info][gc,ergo      ] Pacer for Idle. Initial: 81M, Alloc Tax Rate: 1.0x
[2020-11-01T01:05:38.560+0000][info][safepoint    ] Safepoint "Cleanup", Time since last: 1000079781 ns, Reaching safepoint: 136116 ns, At safepoint: 5189 ns, Total: 141305 ns
[2020-11-01T01:05:39.561+0000][info][safepoint    ] Safepoint "Cleanup", Time since last: 1000112249 ns, Reaching safepoint: 64949 ns, At safepoint: 6046 ns, Total: 70995 ns
[2020-11-01T01:05:40.561+0000][info][safepoint    ] Safepoint "Cleanup", Time since last: 1000115865 ns, Reaching safepoint: 153163 ns, At safepoint: 5202 ns, Total: 158365 ns
[2020-11-01T01:05:41.561+0000][info][safepoint    ] Safepoint "Cleanup", Time since last: 1000114552 ns, Reaching safepoint: 143024 ns, At safepoint: 7133 ns, Total: 150157 ns
[2020-11-01T01:05:42.561+0000][info][safepoint    ] Safepoint "Cleanup", Time since last: 1000111791 ns, Reaching safepoint: 134330 ns, At safepoint: 3365 ns, Total: 137695 ns
[2020-11-01T01:05:43.562+0000][info][safepoint    ] Safepoint "Cleanup", Time since last: 1000120180 ns, Reaching safepoint: 131493 ns, At safepoint: 5910 ns, Total: 137403 ns
[2020-11-01T01:05:44.562+0000][info][safepoint    ] Safepoint "Cleanup", Time since last: 1000114600 ns, Reaching safepoint: 54759 ns, At safepoint: 5570 ns, Total: 60329 ns
[2020-11-01T01:05:45.562+0000][info][safepoint    ] Safepoint "Cleanup", Time since last: 1000112587 ns, Reaching safepoint: 52403 ns, At safepoint: 5529 ns, Total: 57932 ns
[2020-11-01T01:05:46.562+0000][info][safepoint    ] Safepoint "Cleanup", Time since last: 1000108507 ns, Reaching safepoint: 131736 ns, At safepoint: 4728 ns, Total: 136464 ns
[2020-11-01T01:05:47.562+0000][info][safepoint    ] Safepoint "Cleanup", Time since last: 1000102954 ns, Reaching safepoint: 134638 ns, At safepoint: 7248 ns, Total: 141886 ns
[2020-11-01T01:05:47.720+0000][info][gc           ] Trigger: Free (408M) is below minimum threshold (409M)
[2020-11-01T01:05:47.720+0000][info][gc,ergo      ] Free: 408M (204 regions), Max regular: 2048K, Max humongous: 415744K, External frag: 1%, Internal frag: 0%
[2020-11-01T01:05:47.720+0000][info][gc,ergo      ] Evacuation Reserve: 206M (103 regions), Max regular: 2048K
[2020-11-01T01:05:47.720+0000][info][gc,start     ] GC(7) Concurrent reset
[2020-11-01T01:05:47.720+0000][info][gc,task      ] GC(7) Using 1 of 1 workers for concurrent reset
[2020-11-01T01:05:47.720+0000][info][gc           ] GC(7) Concurrent reset 3482M->3482M(4096M) 0.293ms
[2020-11-01T01:05:47.720+0000][info][gc,start     ] GC(7) Pause Init Mark
[2020-11-01T01:05:47.720+0000][info][gc,task      ] GC(7) Using 1 of 1 workers for init marking
[2020-11-01T01:05:47.721+0000][info][gc,ergo      ] GC(7) Pacer for Mark. Expected Live: 4M, Free: 408M, Non-Taxable: 40M, Alloc Tax Rate: 0.0x
[2020-11-01T01:05:47.721+0000][info][gc           ] GC(7) Pause Init Mark 0.459ms
[2020-11-01T01:05:47.721+0000][info][safepoint    ] Safepoint "ShenandoahInitMark", Time since last: 157494926 ns, Reaching safepoint: 142313 ns, At safepoint: 477852 ns, Total: 620165 ns
[2020-11-01T01:05:47.721+0000][info][gc,start     ] GC(7) Concurrent marking
[2020-11-01T01:05:47.721+0000][info][gc,task      ] GC(7) Using 1 of 1 workers for concurrent marking
[2020-11-01T01:05:47.726+0000][info][gc           ] GC(7) Concurrent marking 3484M->3484M(4096M) 5.564ms
[2020-11-01T01:05:47.726+0000][info][gc,start     ] GC(7) Pause Final Mark
[2020-11-01T01:05:47.726+0000][info][gc,task      ] GC(7) Using 1 of 1 workers for final marking
[2020-11-01T01:05:47.727+0000][info][gc,ergo      ] GC(7) Immediate Garbage: 3442M (98% of total), 1721 regions
[2020-11-01T01:05:47.727+0000][info][gc           ] GC(7) Pause Final Mark 0.567ms
[2020-11-01T01:05:47.727+0000][info][safepoint    ] Safepoint "ShenandoahFinalMarkStartEvac", Time since last: 5632731 ns, Reaching safepoint: 123774 ns, At safepoint: 587181 ns, Total: 710955 ns
[2020-11-01T01:05:47.727+0000][info][gc,start     ] GC(7) Concurrent cleanup
[2020-11-01T01:05:47.727+0000][info][gc           ] GC(7) Concurrent cleanup 3484M->46M(4096M) 0.258ms
[2020-11-01T01:05:47.727+0000][info][gc,ergo      ] GC(7) Free: 3844M (1922 regions), Max regular: 2048K, Max humongous: 2543616K, External frag: 36%, Internal frag: 0%
[2020-11-01T01:05:47.727+0000][info][gc,ergo      ] GC(7) Evacuation Reserve: 206M (103 regions), Max regular: 2048K
[2020-11-01T01:05:47.727+0000][info][gc,ergo      ] Free: 3844M (1922 regions), Max regular: 2048K, Max humongous: 2543616K, External frag: 36%, Internal frag: 0%
[2020-11-01T01:05:47.727+0000][info][gc,ergo      ] Evacuation Reserve: 206M (103 regions), Max regular: 2048K
[2020-11-01T01:05:47.727+0000][info][gc,ergo      ] Pacer for Idle. Initial: 81M, Alloc Tax Rate: 1.0x
[2020-11-01T01:05:48.727+0000][info][safepoint    ] Safepoint "Cleanup", Time since last: 1000082086 ns, Reaching safepoint: 143623 ns, At safepoint: 5137 ns, Total: 148760 ns
[2020-11-01T01:05:49.727+0000][info][safepoint    ] Safepoint "Cleanup", Time since last: 1000112336 ns, Reaching safepoint: 134947 ns, At safepoint: 5150 ns, Total: 140097 ns
[2020-11-01T01:05:50.728+0000][info][safepoint    ] Safepoint "Cleanup", Time since last: 1000107865 ns, Reaching safepoint: 55683 ns, At safepoint: 6294 ns, Total: 61977 ns
[2020-11-01T01:05:51.728+0000][info][safepoint    ] Safepoint "Cleanup", Time since last: 1000102826 ns, Reaching safepoint: 128113 ns, At safepoint: 5076 ns, Total: 133189 ns
[2020-11-01T01:05:52.728+0000][info][safepoint    ] Safepoint "Cleanup", Time since last: 1000105478 ns, Reaching safepoint: 138898 ns, At safepoint: 6935 ns, Total: 145833 ns
[2020-11-01T01:05:53.728+0000][info][safepoint    ] Safepoint "Cleanup", Time since last: 1000112051 ns, Reaching safepoint: 59939 ns, At safepoint: 6372 ns, Total: 66311 ns
[2020-11-01T01:05:54.728+0000][info][safepoint    ] Safepoint "Cleanup", Time since last: 1000103377 ns, Reaching safepoint: 137371 ns, At safepoint: 4981 ns, Total: 142352 ns
[2020-11-01T01:05:55.729+0000][info][safepoint    ] Safepoint "Cleanup", Time since last: 1000135213 ns, Reaching safepoint: 134280 ns, At safepoint: 5859 ns, Total: 140139 ns
[2020-11-01T01:05:56.729+0000][info][safepoint    ] Safepoint "Cleanup", Time since last: 1000110993 ns, Reaching safepoint: 138384 ns, At safepoint: 5101 ns, Total: 143485 ns
[2020-11-01T01:05:57.729+0000][info][safepoint    ] Safepoint "Cleanup", Time since last: 1000108466 ns, Reaching safepoint: 131629 ns, At safepoint: 7794 ns, Total: 139423 ns
[2020-11-01T01:05:57.818+0000][info][gc           ] Trigger: Free (408M) is below minimum threshold (409M)
[2020-11-01T01:05:57.819+0000][info][gc,ergo      ] Free: 408M (204 regions), Max regular: 2048K, Max humongous: 411648K, External frag: 2%, Internal frag: 0%
[2020-11-01T01:05:57.819+0000][info][gc,ergo      ] Evacuation Reserve: 206M (103 regions), Max regular: 2048K
[2020-11-01T01:05:57.819+0000][info][gc,start     ] GC(8) Concurrent reset
[2020-11-01T01:05:57.819+0000][info][gc,task      ] GC(8) Using 1 of 1 workers for concurrent reset
[2020-11-01T01:05:57.819+0000][info][gc           ] GC(8) Concurrent reset 3482M->3482M(4096M) 0.332ms
[2020-11-01T01:05:57.819+0000][info][gc,start     ] GC(8) Pause Init Mark
[2020-11-01T01:05:57.819+0000][info][gc,task      ] GC(8) Using 1 of 1 workers for init marking
[2020-11-01T01:05:57.819+0000][info][gc,ergo      ] GC(8) Pacer for Mark. Expected Live: 4M, Free: 408M, Non-Taxable: 40M, Alloc Tax Rate: 0.0x
[2020-11-01T01:05:57.819+0000][info][gc           ] GC(8) Pause Init Mark 0.442ms
[2020-11-01T01:05:57.820+0000][info][safepoint    ] Safepoint "ShenandoahInitMark", Time since last: 89672936 ns, Reaching safepoint: 134828 ns, At safepoint: 461432 ns, Total: 596260 ns
[2020-11-01T01:05:57.820+0000][info][gc,start     ] GC(8) Concurrent marking
[2020-11-01T01:05:57.820+0000][info][gc,task      ] GC(8) Using 1 of 1 workers for concurrent marking
[2020-11-01T01:05:57.825+0000][info][gc           ] GC(8) Concurrent marking 3484M->3484M(4096M) 5.540ms
[2020-11-01T01:05:57.825+0000][info][gc,start     ] GC(8) Pause Final Mark
[2020-11-01T01:05:57.825+0000][info][gc,task      ] GC(8) Using 1 of 1 workers for final marking
[2020-11-01T01:05:57.826+0000][info][gc,ergo      ] GC(8) Immediate Garbage: 3442M (98% of total), 1721 regions
[2020-11-01T01:05:57.826+0000][info][gc           ] GC(8) Pause Final Mark 0.560ms
[2020-11-01T01:05:57.826+0000][info][safepoint    ] Safepoint "ShenandoahFinalMarkStartEvac", Time since last: 5602379 ns, Reaching safepoint: 42059 ns, At safepoint: 579834 ns, Total: 621893 ns
[2020-11-01T01:05:57.826+0000][info][gc,start     ] GC(8) Concurrent cleanup
[2020-11-01T01:05:57.826+0000][info][gc           ] GC(8) Concurrent cleanup 3484M->42M(4096M) 0.257ms
[2020-11-01T01:05:57.826+0000][info][gc,ergo      ] GC(8) Free: 3848M (1924 regions), Max regular: 2048K, Max humongous: 2537472K, External frag: 36%, Internal frag: 0%
[2020-11-01T01:05:57.826+0000][info][gc,ergo      ] GC(8) Evacuation Reserve: 206M (103 regions), Max regular: 2048K
[2020-11-01T01:05:57.826+0000][info][gc,ergo      ] Free: 3848M (1924 regions), Max regular: 2048K, Max humongous: 2537472K, External frag: 36%, Internal frag: 0%
[2020-11-01T01:05:57.826+0000][info][gc,ergo      ] Evacuation Reserve: 206M (103 regions), Max regular: 2048K
[2020-11-01T01:05:57.826+0000][info][gc,ergo      ] Pacer for Idle. Initial: 81M, Alloc Tax Rate: 1.0x
[2020-11-01T01:05:58.826+0000][info][safepoint    ] Safepoint "Cleanup", Time since last: 1000087625 ns, Reaching safepoint: 132737 ns, At safepoint: 3295 ns, Total: 136032 ns
[2020-11-01T01:05:59.826+0000][info][safepoint    ] Safepoint "Cleanup", Time since last: 1000109864 ns, Reaching safepoint: 136175 ns, At safepoint: 4989 ns, Total: 141164 ns
[2020-11-01T01:06:01.105+0000][info][safepoint    ] Safepoint "Cleanup", Time since last: 1278648658 ns, Reaching safepoint: 222867 ns, At safepoint: 5241 ns, Total: 228108 ns
[2020-11-01T01:06:02.105+0000][info][safepoint    ] Safepoint "Cleanup", Time since last: 1000105519 ns, Reaching safepoint: 133613 ns, At safepoint: 5567 ns, Total: 139180 ns
[2020-11-01T01:06:03.106+0000][info][safepoint    ] Safepoint "Cleanup", Time since last: 1000126692 ns, Reaching safepoint: 87977 ns, At safepoint: 4559 ns, Total: 92536 ns
[2020-11-01T01:06:04.106+0000][info][safepoint    ] Safepoint "Cleanup", Time since last: 1000100869 ns, Reaching safepoint: 129938 ns, At safepoint: 5570 ns, Total: 135508 ns
[2020-11-01T01:06:05.106+0000][info][safepoint    ] Safepoint "Cleanup", Time since last: 1000109234 ns, Reaching safepoint: 137394 ns, At safepoint: 5172 ns, Total: 142566 ns
[2020-11-01T01:06:06.106+0000][info][safepoint    ] Safepoint "Cleanup", Time since last: 1000118125 ns, Reaching safepoint: 131632 ns, At safepoint: 6360 ns, Total: 137992 ns
[2020-11-01T01:06:07.107+0000][info][safepoint    ] Safepoint "Cleanup", Time since last: 1000106775 ns, Reaching safepoint: 136196 ns, At safepoint: 5550 ns, Total: 141746 ns
[2020-11-01T01:06:07.949+0000][info][gc           ] Trigger: Free (408M) is below minimum threshold (409M)
[2020-11-01T01:06:07.949+0000][info][gc,ergo      ] Free: 408M (204 regions), Max regular: 2048K, Max humongous: 415744K, External frag: 1%, Internal frag: 0%
[2020-11-01T01:06:07.949+0000][info][gc,ergo      ] Evacuation Reserve: 206M (103 regions), Max regular: 2048K
[2020-11-01T01:06:07.949+0000][info][gc,start     ] GC(9) Concurrent reset
[2020-11-01T01:06:07.949+0000][info][gc,task      ] GC(9) Using 1 of 1 workers for concurrent reset
[2020-11-01T01:06:07.950+0000][info][gc           ] GC(9) Concurrent reset 3482M->3482M(4096M) 0.324ms
[2020-11-01T01:06:07.950+0000][info][gc,start     ] GC(9) Pause Init Mark
[2020-11-01T01:06:07.950+0000][info][gc,task      ] GC(9) Using 1 of 1 workers for init marking
[2020-11-01T01:06:07.950+0000][info][gc,ergo      ] GC(9) Pacer for Mark. Expected Live: 4M, Free: 408M, Non-Taxable: 40M, Alloc Tax Rate: 0.0x
[2020-11-01T01:06:07.950+0000][info][gc           ] GC(9) Pause Init Mark 0.440ms
[2020-11-01T01:06:07.950+0000][info][safepoint    ] Safepoint "ShenandoahInitMark", Time since last: 843291933 ns, Reaching safepoint: 132248 ns, At safepoint: 459633 ns, Total: 591881 ns
[2020-11-01T01:06:07.950+0000][info][gc,start     ] GC(9) Concurrent marking
[2020-11-01T01:06:07.950+0000][info][gc,task      ] GC(9) Using 1 of 1 workers for concurrent marking
[2020-11-01T01:06:07.956+0000][info][gc           ] GC(9) Concurrent marking 3484M->3484M(4096M) 5.619ms
[2020-11-01T01:06:07.956+0000][info][gc,start     ] GC(9) Pause Final Mark
[2020-11-01T01:06:07.956+0000][info][gc,task      ] GC(9) Using 1 of 1 workers for final marking
[2020-11-01T01:06:07.957+0000][info][gc,ergo      ] GC(9) Immediate Garbage: 3436M (98% of total), 1718 regions
[2020-11-01T01:06:07.957+0000][info][gc           ] GC(9) Pause Final Mark 0.595ms
[2020-11-01T01:06:07.957+0000][info][safepoint    ] Safepoint "ShenandoahFinalMarkStartEvac", Time since last: 5687384 ns, Reaching safepoint: 127064 ns, At safepoint: 615490 ns, Total: 742554 ns
[2020-11-01T01:06:07.957+0000][info][gc,start     ] GC(9) Concurrent cleanup
[2020-11-01T01:06:07.957+0000][info][gc           ] GC(9) Concurrent cleanup 3486M->52M(4096M) 0.258ms
[2020-11-01T01:06:07.957+0000][info][gc,ergo      ] GC(9) Free: 3838M (1919 regions), Max regular: 2048K, Max humongous: 2545664K, External frag: 36%, Internal frag: 0%
[2020-11-01T01:06:07.957+0000][info][gc,ergo      ] GC(9) Evacuation Reserve: 206M (103 regions), Max regular: 2048K
[2020-11-01T01:06:07.957+0000][info][gc,ergo      ] Free: 3838M (1919 regions), Max regular: 2048K, Max humongous: 2545664K, External frag: 36%, Internal frag: 0%
[2020-11-01T01:06:07.957+0000][info][gc,ergo      ] Evacuation Reserve: 206M (103 regions), Max regular: 2048K
[2020-11-01T01:06:07.957+0000][info][gc,ergo      ] Pacer for Idle. Initial: 81M, Alloc Tax Rate: 1.0x
[2020-11-01T01:06:08.957+0000][info][safepoint    ] Safepoint "Cleanup", Time since last: 1000081221 ns, Reaching safepoint: 54076 ns, At safepoint: 5445 ns, Total: 59521 ns
[2020-11-01T01:06:09.957+0000][info][safepoint    ] Safepoint "Cleanup", Time since last: 1000111933 ns, Reaching safepoint: 53424 ns, At safepoint: 5462 ns, Total: 58886 ns
[2020-11-01T01:06:10.958+0000][info][safepoint    ] Safepoint "Cleanup", Time since last: 1000962823 ns, Reaching safepoint: 134531 ns, At safepoint: 5953 ns, Total: 140484 ns
[2020-11-01T01:06:11.959+0000][info][safepoint    ] Safepoint "Cleanup", Time since last: 1000107701 ns, Reaching safepoint: 145192 ns, At safepoint: 4991 ns, Total: 150183 ns
[2020-11-01T01:06:12.959+0000][info][safepoint    ] Safepoint "Cleanup", Time since last: 1000108581 ns, Reaching safepoint: 133007 ns, At safepoint: 5554 ns, Total: 138561 ns
[2020-11-01T01:06:13.959+0000][info][safepoint    ] Safepoint "Cleanup", Time since last: 1000107809 ns, Reaching safepoint: 54833 ns, At safepoint: 5679 ns, Total: 60512 ns
[2020-11-01T01:06:14.959+0000][info][safepoint    ] Safepoint "Cleanup", Time since last: 1000092596 ns, Reaching safepoint: 133541 ns, At safepoint: 5708 ns, Total: 139249 ns
[2020-11-01T01:06:15.959+0000][info][safepoint    ] Safepoint "Cleanup", Time since last: 1000108430 ns, Reaching safepoint: 133514 ns, At safepoint: 5462 ns, Total: 138976 ns
[2020-11-01T01:06:16.745+0000][info][safepoint    ] Safepoint "RevokeBias", Time since last: 785775743 ns, Reaching safepoint: 131193 ns, At safepoint: 16844 ns, Total: 148037 ns
[2020-11-01T01:06:17.865+0000][info][safepoint    ] Safepoint "Cleanup", Time since last: 1119879041 ns, Reaching safepoint: 106970 ns, At safepoint: 6538 ns, Total: 113508 ns
[2020-11-01T01:06:18.064+0000][info][gc           ] Trigger: Free (408M) is below minimum threshold (409M)
[2020-11-01T01:06:18.064+0000][info][gc,ergo      ] Free: 408M (204 regions), Max regular: 2048K, Max humongous: 411648K, External frag: 2%, Internal frag: 0%
[2020-11-01T01:06:18.064+0000][info][gc,ergo      ] Evacuation Reserve: 206M (103 regions), Max regular: 2048K
[2020-11-01T01:06:18.064+0000][info][gc,start     ] GC(10) Concurrent reset
[2020-11-01T01:06:18.064+0000][info][gc,task      ] GC(10) Using 1 of 1 workers for concurrent reset
[2020-11-01T01:06:18.064+0000][info][gc           ] GC(10) Concurrent reset 3482M->3482M(4096M) 0.339ms
[2020-11-01T01:06:18.064+0000][info][gc,start     ] GC(10) Pause Init Mark (process weakrefs)
[2020-11-01T01:06:18.064+0000][info][gc,task      ] GC(10) Using 1 of 1 workers for init marking
[2020-11-01T01:06:18.065+0000][info][gc,ergo      ] GC(10) Pacer for Mark. Expected Live: 4M, Free: 408M, Non-Taxable: 40M, Alloc Tax Rate: 0.0x
[2020-11-01T01:06:18.065+0000][info][gc           ] GC(10) Pause Init Mark (process weakrefs) 0.719ms
[2020-11-01T01:06:18.065+0000][info][safepoint    ] Safepoint "ShenandoahInitMark", Time since last: 198833331 ns, Reaching safepoint: 139202 ns, At safepoint: 739862 ns, Total: 879064 ns
[2020-11-01T01:06:18.065+0000][info][gc,start     ] GC(10) Concurrent marking (process weakrefs)
[2020-11-01T01:06:18.065+0000][info][gc,task      ] GC(10) Using 1 of 1 workers for concurrent marking
[2020-11-01T01:06:18.071+0000][info][gc           ] GC(10) Concurrent marking (process weakrefs) 3484M->3486M(4096M) 5.623ms
[2020-11-01T01:06:18.071+0000][info][gc,start     ] GC(10) Concurrent precleaning
[2020-11-01T01:06:18.071+0000][info][gc,task      ] GC(10) Using 1 of 1 workers for concurrent preclean
[2020-11-01T01:06:18.071+0000][info][gc           ] GC(10) Concurrent precleaning 3486M->3486M(4096M) 0.174ms
[2020-11-01T01:06:18.071+0000][info][gc,start     ] GC(10) Pause Final Mark (process weakrefs)
[2020-11-01T01:06:18.071+0000][info][gc,task      ] GC(10) Using 1 of 1 workers for final marking
[2020-11-01T01:06:18.072+0000][info][gc,ergo      ] GC(10) Immediate Garbage: 3430M (98% of total), 1715 regions
[2020-11-01T01:06:18.072+0000][info][gc           ] GC(10) Pause Final Mark (process weakrefs) 0.702ms
[2020-11-01T01:06:18.072+0000][info][safepoint    ] Safepoint "ShenandoahFinalMarkStartEvac", Time since last: 5872162 ns, Reaching safepoint: 127183 ns, At safepoint: 724720 ns, Total: 851903 ns
[2020-11-01T01:06:18.072+0000][info][gc,start     ] GC(10) Concurrent cleanup
[2020-11-01T01:06:18.072+0000][info][gc           ] GC(10) Concurrent cleanup 3486M->60M(4096M) 0.299ms
[2020-11-01T01:06:18.072+0000][info][gc,ergo      ] GC(10) Free: 3830M (1915 regions), Max regular: 2048K, Max humongous: 2086912K, External frag: 47%, Internal frag: 0%
[2020-11-01T01:06:18.072+0000][info][gc,ergo      ] GC(10) Evacuation Reserve: 206M (103 regions), Max regular: 2048K
[2020-11-01T01:06:18.072+0000][info][gc,ergo      ] Free: 3830M (1915 regions), Max regular: 2048K, Max humongous: 2086912K, External frag: 47%, Internal frag: 0%
[2020-11-01T01:06:18.072+0000][info][gc,ergo      ] Evacuation Reserve: 206M (103 regions), Max regular: 2048K
[2020-11-01T01:06:18.072+0000][info][gc,ergo      ] Pacer for Idle. Initial: 81M, Alloc Tax Rate: 1.0x
[2020-11-01T01:06:19.072+0000][info][safepoint    ] Safepoint "Cleanup", Time since last: 1000070637 ns, Reaching safepoint: 142992 ns, At safepoint: 5734 ns, Total: 148726 ns
[2020-11-01T01:06:20.072+0000][info][safepoint    ] Safepoint "Cleanup", Time since last: 1000107515 ns, Reaching safepoint: 134886 ns, At safepoint: 5341 ns, Total: 140227 ns
[2020-11-01T01:06:21.072+0000][info][safepoint    ] Safepoint "Cleanup", Time since last: 1000106648 ns, Reaching safepoint: 143707 ns, At safepoint: 5230 ns, Total: 148937 ns
[2020-11-01T01:06:22.073+0000][info][safepoint    ] Safepoint "Cleanup", Time since last: 1000119723 ns, Reaching safepoint: 129082 ns, At safepoint: 5646 ns, Total: 134728 ns
[2020-11-01T01:06:23.073+0000][info][safepoint    ] Safepoint "Cleanup", Time since last: 1000107040 ns, Reaching safepoint: 78466 ns, At safepoint: 5117 ns, Total: 83583 ns
[2020-11-01T01:06:24.073+0000][info][safepoint    ] Safepoint "Cleanup", Time since last: 1000107787 ns, Reaching safepoint: 58392 ns, At safepoint: 6221 ns, Total: 64613 ns
[2020-11-01T01:06:25.073+0000][info][safepoint    ] Safepoint "Cleanup", Time since last: 1000110139 ns, Reaching safepoint: 139477 ns, At safepoint: 3128 ns, Total: 142605 ns
[2020-11-01T01:06:26.074+0000][info][safepoint    ] Safepoint "Cleanup", Time since last: 1000110004 ns, Reaching safepoint: 132660 ns, At safepoint: 5829 ns, Total: 138489 ns
[2020-11-01T01:06:27.074+0000][info][safepoint    ] Safepoint "Cleanup", Time since last: 1000115886 ns, Reaching safepoint: 138890 ns, At safepoint: 6114 ns, Total: 145004 ns
[2020-11-01T01:06:28.074+0000][info][safepoint    ] Safepoint "Cleanup", Time since last: 1000111672 ns, Reaching safepoint: 162945 ns, At safepoint: 7370 ns, Total: 170315 ns
[2020-11-01T01:06:28.158+0000][info][gc           ] Trigger: Free (408M) is below minimum threshold (409M)
[2020-11-01T01:06:28.158+0000][info][gc,ergo      ] Free: 408M (204 regions), Max regular: 2048K, Max humongous: 415744K, External frag: 1%, Internal frag: 0%
[2020-11-01T01:06:28.158+0000][info][gc,ergo      ] Evacuation Reserve: 206M (103 regions), Max regular: 2048K
[2020-11-01T01:06:28.159+0000][info][gc,start     ] GC(11) Concurrent reset
[2020-11-01T01:06:28.159+0000][info][gc,task      ] GC(11) Using 1 of 1 workers for concurrent reset
[2020-11-01T01:06:28.159+0000][info][gc           ] GC(11) Concurrent reset 3482M->3482M(4096M) 0.345ms
[2020-11-01T01:06:28.159+0000][info][gc,start     ] GC(11) Pause Init Mark
[2020-11-01T01:06:28.159+0000][info][gc,task      ] GC(11) Using 1 of 1 workers for init marking
[2020-11-01T01:06:28.159+0000][info][gc,ergo      ] GC(11) Pacer for Mark. Expected Live: 4M, Free: 408M, Non-Taxable: 40M, Alloc Tax Rate: 0.0x
[2020-11-01T01:06:28.160+0000][info][gc           ] GC(11) Pause Init Mark 0.476ms
[2020-11-01T01:06:28.160+0000][info][safepoint    ] Safepoint "ShenandoahInitMark", Time since last: 84731321 ns, Reaching safepoint: 143402 ns, At safepoint: 495671 ns, Total: 639073 ns
[2020-11-01T01:06:28.160+0000][info][gc,start     ] GC(11) Concurrent marking
[2020-11-01T01:06:28.160+0000][info][gc,task      ] GC(11) Using 1 of 1 workers for concurrent marking
[2020-11-01T01:06:28.165+0000][info][gc           ] GC(11) Concurrent marking 3484M->3484M(4096M) 5.431ms
[2020-11-01T01:06:28.165+0000][info][gc,start     ] GC(11) Pause Final Mark
[2020-11-01T01:06:28.165+0000][info][gc,task      ] GC(11) Using 1 of 1 workers for final marking
[2020-11-01T01:06:28.166+0000][info][gc,ergo      ] GC(11) Immediate Garbage: 3428M (98% of total), 1714 regions
[2020-11-01T01:06:28.166+0000][info][gc           ] GC(11) Pause Final Mark 0.588ms
[2020-11-01T01:06:28.166+0000][info][safepoint    ] Safepoint "ShenandoahFinalMarkStartEvac", Time since last: 5512339 ns, Reaching safepoint: 126544 ns, At safepoint: 607300 ns, Total: 733844 ns
[2020-11-01T01:06:28.166+0000][info][gc,start     ] GC(11) Concurrent cleanup
[2020-11-01T01:06:28.166+0000][info][gc           ] GC(11) Concurrent cleanup 3486M->60M(4096M) 0.255ms
[2020-11-01T01:06:28.166+0000][info][gc,ergo      ] GC(11) Free: 3830M (1915 regions), Max regular: 2048K, Max humongous: 2086912K, External frag: 47%, Internal frag: 0%
[2020-11-01T01:06:28.166+0000][info][gc,ergo      ] GC(11) Evacuation Reserve: 206M (103 regions), Max regular: 2048K
[2020-11-01T01:06:28.166+0000][info][gc,ergo      ] Free: 3830M (1915 regions), Max regular: 2048K, Max humongous: 2086912K, External frag: 47%, Internal frag: 0%
[2020-11-01T01:06:28.166+0000][info][gc,ergo      ] Evacuation Reserve: 206M (103 regions), Max regular: 2048K
[2020-11-01T01:06:28.166+0000][info][gc,ergo      ] Pacer for Idle. Initial: 81M, Alloc Tax Rate: 1.0x
[2020-11-01T01:06:29.166+0000][info][safepoint    ] Safepoint "Cleanup", Time since last: 1000080178 ns, Reaching safepoint: 63037 ns, At safepoint: 5726 ns, Total: 68763 ns
[2020-11-01T01:06:30.166+0000][info][safepoint    ] Safepoint "Cleanup", Time since last: 1000105762 ns, Reaching safepoint: 147379 ns, At safepoint: 5952 ns, Total: 153331 ns
[2020-11-01T01:06:31.166+0000][info][safepoint    ] Safepoint "Cleanup", Time since last: 1000117737 ns, Reaching safepoint: 60800 ns, At safepoint: 6876 ns, Total: 67676 ns
[2020-11-01T01:06:32.167+0000][info][safepoint    ] Safepoint "Cleanup", Time since last: 1000098853 ns, Reaching safepoint: 61463 ns, At safepoint: 3416 ns, Total: 64879 ns
[2020-11-01T01:06:33.167+0000][info][safepoint    ] Safepoint "Cleanup", Time since last: 1000114263 ns, Reaching safepoint: 80716 ns, At safepoint: 5154 ns, Total: 85870 ns
[2020-11-01T01:06:34.167+0000][info][safepoint    ] Safepoint "Cleanup", Time since last: 1000103978 ns, Reaching safepoint: 136749 ns, At safepoint: 5597 ns, Total: 142346 ns
[2020-11-01T01:06:35.167+0000][info][safepoint    ] Safepoint "Cleanup", Time since last: 1000112103 ns, Reaching safepoint: 138883 ns, At safepoint: 5251 ns, Total: 144134 ns
[2020-11-01T01:06:36.167+0000][info][safepoint    ] Safepoint "Cleanup", Time since last: 1000109283 ns, Reaching safepoint: 64378 ns, At safepoint: 6511 ns, Total: 70889 ns
[2020-11-01T01:06:37.168+0000][info][safepoint    ] Safepoint "Cleanup", Time since last: 1000103843 ns, Reaching safepoint: 137620 ns, At safepoint: 5948 ns, Total: 143568 ns
[2020-11-01T01:06:38.168+0000][info][safepoint    ] Safepoint "Cleanup", Time since last: 1000112175 ns, Reaching safepoint: 160347 ns, At safepoint: 5144 ns, Total: 165491 ns
[2020-11-01T01:06:38.240+0000][info][gc           ] Trigger: Free (408M) is below minimum threshold (409M)
[2020-11-01T01:06:38.240+0000][info][gc,ergo      ] Free: 408M (204 regions), Max regular: 2048K, Max humongous: 411648K, External frag: 2%, Internal frag: 0%
[2020-11-01T01:06:38.240+0000][info][gc,ergo      ] Evacuation Reserve: 206M (103 regions), Max regular: 2048K
[2020-11-01T01:06:38.240+0000][info][gc,start     ] GC(12) Concurrent reset
[2020-11-01T01:06:38.240+0000][info][gc,task      ] GC(12) Using 1 of 1 workers for concurrent reset
[2020-11-01T01:06:38.241+0000][info][gc           ] GC(12) Concurrent reset 3482M->3482M(4096M) 0.374ms
[2020-11-01T01:06:38.241+0000][info][gc,start     ] GC(12) Pause Init Mark
[2020-11-01T01:06:38.241+0000][info][gc,task      ] GC(12) Using 1 of 1 workers for init marking
[2020-11-01T01:06:38.242+0000][info][gc,ergo      ] GC(12) Pacer for Mark. Expected Live: 4M, Free: 408M, Non-Taxable: 40M, Alloc Tax Rate: 0.0x
[2020-11-01T01:06:38.242+0000][info][gc           ] GC(12) Pause Init Mark 0.580ms
[2020-11-01T01:06:38.242+0000][info][safepoint    ] Safepoint "ShenandoahInitMark", Time since last: 72933050 ns, Reaching safepoint: 139296 ns, At safepoint: 600905 ns, Total: 740201 ns
[2020-11-01T01:06:38.242+0000][info][gc,start     ] GC(12) Concurrent marking
[2020-11-01T01:06:38.242+0000][info][gc,task      ] GC(12) Using 1 of 1 workers for concurrent marking
[2020-11-01T01:06:38.247+0000][info][gc           ] GC(12) Concurrent marking 3484M->3484M(4096M) 5.348ms
[2020-11-01T01:06:38.247+0000][info][gc,start     ] GC(12) Pause Final Mark
[2020-11-01T01:06:38.247+0000][info][gc,task      ] GC(12) Using 1 of 1 workers for final marking
[2020-11-01T01:06:38.248+0000][info][gc,ergo      ] GC(12) Immediate Garbage: 3426M (98% of total), 1713 regions
[2020-11-01T01:06:38.248+0000][info][gc           ] GC(12) Pause Final Mark 0.573ms
[2020-11-01T01:06:38.248+0000][info][safepoint    ] Safepoint "ShenandoahFinalMarkStartEvac", Time since last: 5407505 ns, Reaching safepoint: 126027 ns, At safepoint: 591886 ns, Total: 717913 ns
[2020-11-01T01:06:38.248+0000][info][gc,start     ] GC(12) Concurrent cleanup
[2020-11-01T01:06:38.248+0000][info][gc           ] GC(12) Concurrent cleanup 3486M->62M(4096M) 0.254ms
[2020-11-01T01:06:38.248+0000][info][gc,ergo      ] GC(12) Free: 3828M (1914 regions), Max regular: 2048K, Max humongous: 1572864K, External frag: 60%, Internal frag: 0%
[2020-11-01T01:06:38.248+0000][info][gc,ergo      ] GC(12) Evacuation Reserve: 206M (103 regions), Max regular: 2048K
[2020-11-01T01:06:38.248+0000][info][gc,ergo      ] Free: 3828M (1914 regions), Max regular: 2048K, Max humongous: 1572864K, External frag: 60%, Internal frag: 0%
[2020-11-01T01:06:38.248+0000][info][gc,ergo      ] Evacuation Reserve: 206M (103 regions), Max regular: 2048K
[2020-11-01T01:06:38.248+0000][info][gc,ergo      ] Pacer for Idle. Initial: 81M, Alloc Tax Rate: 1.0x
[2020-11-01T01:06:39.248+0000][info][safepoint    ] Safepoint "Cleanup", Time since last: 1000083811 ns, Reaching safepoint: 140544 ns, At safepoint: 5284 ns, Total: 145828 ns
[2020-11-01T01:06:40.248+0000][info][safepoint    ] Safepoint "Cleanup", Time since last: 1000114929 ns, Reaching safepoint: 139683 ns, At safepoint: 5175 ns, Total: 144858 ns
[2020-11-01T01:06:41.248+0000][info][safepoint    ] Safepoint "Cleanup", Time since last: 1000119125 ns, Reaching safepoint: 140068 ns, At safepoint: 6229 ns, Total: 146297 ns
[2020-11-01T01:06:42.249+0000][info][safepoint    ] Safepoint "Cleanup", Time since last: 1000119663 ns, Reaching safepoint: 134170 ns, At safepoint: 3090 ns, Total: 137260 ns
[2020-11-01T01:06:43.249+0000][info][safepoint    ] Safepoint "Cleanup", Time since last: 1000108006 ns, Reaching safepoint: 139744 ns, At safepoint: 5122 ns, Total: 144866 ns
[2020-11-01T01:06:44.249+0000][info][safepoint    ] Safepoint "Cleanup", Time since last: 1000111151 ns, Reaching safepoint: 56417 ns, At safepoint: 5588 ns, Total: 62005 ns
[2020-11-01T01:06:45.249+0000][info][safepoint    ] Safepoint "Cleanup", Time since last: 1000110112 ns, Reaching safepoint: 62499 ns, At safepoint: 6279 ns, Total: 68778 ns
[2020-11-01T01:06:46.250+0000][info][safepoint    ] Safepoint "Cleanup", Time since last: 1000099945 ns, Reaching safepoint: 129512 ns, At safepoint: 6353 ns, Total: 135865 ns
[2020-11-01T01:06:47.250+0000][info][safepoint    ] Safepoint "Cleanup", Time since last: 1000105729 ns, Reaching safepoint: 138246 ns, At safepoint: 3026 ns, Total: 141272 ns
[2020-11-01T01:06:48.250+0000][info][safepoint    ] Safepoint "Cleanup", Time since last: 1000121970 ns, Reaching safepoint: 63561 ns, At safepoint: 5145 ns, Total: 68706 ns
[2020-11-01T01:06:48.304+0000][info][gc           ] Trigger: Free (408M) is below minimum threshold (409M)
[2020-11-01T01:06:48.304+0000][info][gc,ergo      ] Free: 408M (204 regions), Max regular: 2048K, Max humongous: 415744K, External frag: 1%, Internal frag: 0%
[2020-11-01T01:06:48.304+0000][info][gc,ergo      ] Evacuation Reserve: 206M (103 regions), Max regular: 2048K
[2020-11-01T01:06:48.304+0000][info][gc,start     ] GC(13) Concurrent reset
[2020-11-01T01:06:48.304+0000][info][gc,task      ] GC(13) Using 1 of 1 workers for concurrent reset
[2020-11-01T01:06:48.304+0000][info][gc           ] GC(13) Concurrent reset 3482M->3482M(4096M) 0.361ms
[2020-11-01T01:06:48.305+0000][info][gc,start     ] GC(13) Pause Init Mark
[2020-11-01T01:06:48.305+0000][info][gc,task      ] GC(13) Using 1 of 1 workers for init marking
[2020-11-01T01:06:48.305+0000][info][gc,ergo      ] GC(13) Pacer for Mark. Expected Live: 4M, Free: 408M, Non-Taxable: 40M, Alloc Tax Rate: 0.0x
[2020-11-01T01:06:48.305+0000][info][gc           ] GC(13) Pause Init Mark 0.454ms
[2020-11-01T01:06:48.305+0000][info][safepoint    ] Safepoint "ShenandoahInitMark", Time since last: 54417552 ns, Reaching safepoint: 139890 ns, At safepoint: 472540 ns, Total: 612430 ns
[2020-11-01T01:06:48.305+0000][info][gc,start     ] GC(13) Concurrent marking
[2020-11-01T01:06:48.305+0000][info][gc,task      ] GC(13) Using 1 of 1 workers for concurrent marking
[2020-11-01T01:06:48.310+0000][info][gc           ] GC(13) Concurrent marking 3484M->3484M(4096M) 5.294ms
[2020-11-01T01:06:48.311+0000][info][gc,start     ] GC(13) Pause Final Mark
[2020-11-01T01:06:48.311+0000][info][gc,task      ] GC(13) Using 1 of 1 workers for final marking
[2020-11-01T01:06:48.311+0000][info][gc,ergo      ] GC(13) Immediate Garbage: 3420M (98% of total), 1710 regions
[2020-11-01T01:06:48.311+0000][info][gc           ] GC(13) Pause Final Mark 0.551ms
[2020-11-01T01:06:48.311+0000][info][safepoint    ] Safepoint "ShenandoahFinalMarkStartEvac", Time since last: 5353472 ns, Reaching safepoint: 123250 ns, At safepoint: 569671 ns, Total: 692921 ns
[2020-11-01T01:06:48.311+0000][info][gc,start     ] GC(13) Concurrent cleanup
[2020-11-01T01:06:48.311+0000][info][gc           ] GC(13) Concurrent cleanup 3486M->68M(4096M) 0.253ms
[2020-11-01T01:06:48.311+0000][info][gc,ergo      ] GC(13) Free: 3822M (1911 regions), Max regular: 2048K, Max humongous: 1572864K, External frag: 60%, Internal frag: 0%
[2020-11-01T01:06:48.311+0000][info][gc,ergo      ] GC(13) Evacuation Reserve: 206M (103 regions), Max regular: 2048K
[2020-11-01T01:06:48.311+0000][info][gc,ergo      ] Free: 3822M (1911 regions), Max regular: 2048K, Max humongous: 1572864K, External frag: 60%, Internal frag: 0%
[2020-11-01T01:06:48.311+0000][info][gc,ergo      ] Evacuation Reserve: 206M (103 regions), Max regular: 2048K
[2020-11-01T01:06:48.311+0000][info][gc,ergo      ] Pacer for Idle. Initial: 81M, Alloc Tax Rate: 1.0x
[2020-11-01T01:06:49.311+0000][info][safepoint    ] Safepoint "Cleanup", Time since last: 1000080476 ns, Reaching safepoint: 62399 ns, At safepoint: 6304 ns, Total: 68703 ns
[2020-11-01T01:06:50.311+0000][info][safepoint    ] Safepoint "Cleanup", Time since last: 1000100485 ns, Reaching safepoint: 133611 ns, At safepoint: 3009 ns, Total: 136620 ns
[2020-11-01T01:06:51.312+0000][info][safepoint    ] Safepoint "Cleanup", Time since last: 1000109701 ns, Reaching safepoint: 59610 ns, At safepoint: 5678 ns, Total: 65288 ns
[2020-11-01T01:06:52.312+0000][info][safepoint    ] Safepoint "Cleanup", Time since last: 1000106905 ns, Reaching safepoint: 59165 ns, At safepoint: 6261 ns, Total: 65426 ns
[2020-11-01T01:06:53.312+0000][info][safepoint    ] Safepoint "Cleanup", Time since last: 1000110765 ns, Reaching safepoint: 136237 ns, At safepoint: 5199 ns, Total: 141436 ns
[2020-11-01T01:06:54.312+0000][info][safepoint    ] Safepoint "Cleanup", Time since last: 1000109649 ns, Reaching safepoint: 139620 ns, At safepoint: 5664 ns, Total: 145284 ns
[2020-11-01T01:06:55.313+0000][info][safepoint    ] Safepoint "Cleanup", Time since last: 1000110868 ns, Reaching safepoint: 140301 ns, At safepoint: 3198 ns, Total: 143499 ns
[2020-11-01T01:06:56.313+0000][info][safepoint    ] Safepoint "Cleanup", Time since last: 1000110943 ns, Reaching safepoint: 137238 ns, At safepoint: 4603 ns, Total: 141841 ns
[2020-11-01T01:06:57.313+0000][info][safepoint    ] Safepoint "Cleanup", Time since last: 1000064992 ns, Reaching safepoint: 139488 ns, At safepoint: 5468 ns, Total: 144956 ns
[2020-11-01T01:06:58.313+0000][info][safepoint    ] Safepoint "Cleanup", Time since last: 1000128582 ns, Reaching safepoint: 130691 ns, At safepoint: 5226 ns, Total: 135917 ns
[2020-11-01T01:06:58.347+0000][info][gc           ] Trigger: Free (408M) is below minimum threshold (409M)
[2020-11-01T01:06:58.347+0000][info][gc,ergo      ] Free: 408M (204 regions), Max regular: 2048K, Max humongous: 411648K, External frag: 2%, Internal frag: 0%
[2020-11-01T01:06:58.347+0000][info][gc,ergo      ] Evacuation Reserve: 206M (103 regions), Max regular: 2048K
[2020-11-01T01:06:58.347+0000][info][gc,start     ] GC(14) Concurrent reset
[2020-11-01T01:06:58.347+0000][info][gc,task      ] GC(14) Using 1 of 1 workers for concurrent reset
[2020-11-01T01:06:58.347+0000][info][gc           ] GC(14) Concurrent reset 3482M->3482M(4096M) 0.378ms
[2020-11-01T01:06:58.347+0000][info][gc,start     ] GC(14) Pause Init Mark
[2020-11-01T01:06:58.347+0000][info][gc,task      ] GC(14) Using 1 of 1 workers for init marking
[2020-11-01T01:06:58.348+0000][info][gc,ergo      ] GC(14) Pacer for Mark. Expected Live: 4M, Free: 408M, Non-Taxable: 40M, Alloc Tax Rate: 0.0x
[2020-11-01T01:06:58.348+0000][info][gc           ] GC(14) Pause Init Mark 0.433ms
[2020-11-01T01:06:58.348+0000][info][safepoint    ] Safepoint "ShenandoahInitMark", Time since last: 34057699 ns, Reaching safepoint: 64110 ns, At safepoint: 453849 ns, Total: 517959 ns
[2020-11-01T01:06:58.348+0000][info][gc,start     ] GC(14) Concurrent marking
[2020-11-01T01:06:58.348+0000][info][gc,task      ] GC(14) Using 1 of 1 workers for concurrent marking
[2020-11-01T01:06:58.353+0000][info][gc           ] GC(14) Concurrent marking 3482M->3484M(4096M) 5.396ms
[2020-11-01T01:06:58.353+0000][info][gc,start     ] GC(14) Pause Final Mark
[2020-11-01T01:06:58.353+0000][info][gc,task      ] GC(14) Using 1 of 1 workers for final marking
[2020-11-01T01:06:58.354+0000][info][gc,ergo      ] GC(14) Immediate Garbage: 3420M (98% of total), 1710 regions
[2020-11-01T01:06:58.354+0000][info][gc           ] GC(14) Pause Final Mark 0.576ms
[2020-11-01T01:06:58.354+0000][info][safepoint    ] Safepoint "ShenandoahFinalMarkStartEvac", Time since last: 5455810 ns, Reaching safepoint: 124504 ns, At safepoint: 595300 ns, Total: 719804 ns
[2020-11-01T01:06:58.354+0000][info][gc,start     ] GC(14) Concurrent cleanup
[2020-11-01T01:06:58.354+0000][info][gc           ] GC(14) Concurrent cleanup 3486M->68M(4096M) 0.255ms
[2020-11-01T01:06:58.354+0000][info][gc,ergo      ] GC(14) Free: 3822M (1911 regions), Max regular: 2048K, Max humongous: 1572864K, External frag: 60%, Internal frag: 0%
[2020-11-01T01:06:58.354+0000][info][gc,ergo      ] GC(14) Evacuation Reserve: 206M (103 regions), Max regular: 2048K
[2020-11-01T01:06:58.354+0000][info][gc,ergo      ] Free: 3822M (1911 regions), Max regular: 2048K, Max humongous: 1572864K, External frag: 60%, Internal frag: 0%
[2020-11-01T01:06:58.354+0000][info][gc,ergo      ] Evacuation Reserve: 206M (103 regions), Max regular: 2048K
[2020-11-01T01:06:58.354+0000][info][gc,ergo      ] Pacer for Idle. Initial: 81M, Alloc Tax Rate: 1.0x
[2020-11-01T01:06:59.354+0000][info][safepoint    ] Safepoint "Cleanup", Time since last: 1000078929 ns, Reaching safepoint: 159820 ns, At safepoint: 5611 ns, Total: 165431 ns
[2020-11-01T01:07:00.355+0000][info][safepoint    ] Safepoint "Cleanup", Time since last: 1000114742 ns, Reaching safepoint: 137009 ns, At safepoint: 3180 ns, Total: 140189 ns
[2020-11-01T01:07:01.355+0000][info][safepoint    ] Safepoint "Cleanup", Time since last: 1000108936 ns, Reaching safepoint: 57273 ns, At safepoint: 5685 ns, Total: 62958 ns
[2020-11-01T01:07:02.355+0000][info][safepoint    ] Safepoint "Cleanup", Time since last: 1000114262 ns, Reaching safepoint: 66029 ns, At safepoint: 6632 ns, Total: 72661 ns
[2020-11-01T01:07:03.355+0000][info][safepoint    ] Safepoint "Cleanup", Time since last: 1000106554 ns, Reaching safepoint: 140931 ns, At safepoint: 5425 ns, Total: 146356 ns
[2020-11-01T01:07:04.868+0000][info][safepoint    ] Safepoint "Cleanup", Time since last: 1512370773 ns, Reaching safepoint: 142028 ns, At safepoint: 5176 ns, Total: 147204 ns
[2020-11-01T01:07:05.868+0000][info][safepoint    ] Safepoint "Cleanup", Time since last: 1000110911 ns, Reaching safepoint: 142451 ns, At safepoint: 7299 ns, Total: 149750 ns
[2020-11-01T01:07:06.868+0000][info][safepoint    ] Safepoint "Cleanup", Time since last: 1000112734 ns, Reaching safepoint: 59532 ns, At safepoint: 5436 ns, Total: 64968 ns
[2020-11-01T01:07:07.868+0000][info][safepoint    ] Safepoint "Cleanup", Time since last: 1000114735 ns, Reaching safepoint: 67031 ns, At safepoint: 6358 ns, Total: 73389 ns
[2020-11-01T01:07:08.404+0000][info][gc           ] Trigger: Free (408M) is below minimum threshold (409M)
[2020-11-01T01:07:08.404+0000][info][gc,ergo      ] Free: 408M (204 regions), Max regular: 2048K, Max humongous: 415744K, External frag: 1%, Internal frag: 0%
[2020-11-01T01:07:08.404+0000][info][gc,ergo      ] Evacuation Reserve: 206M (103 regions), Max regular: 2048K
[2020-11-01T01:07:08.404+0000][info][gc,start     ] GC(15) Concurrent reset
[2020-11-01T01:07:08.404+0000][info][gc,task      ] GC(15) Using 1 of 1 workers for concurrent reset
[2020-11-01T01:07:08.404+0000][info][gc           ] GC(15) Concurrent reset 3482M->3482M(4096M) 0.365ms
[2020-11-01T01:07:08.405+0000][info][gc,start     ] GC(15) Pause Init Mark (process weakrefs)
[2020-11-01T01:07:08.405+0000][info][gc,task      ] GC(15) Using 1 of 1 workers for init marking
[2020-11-01T01:07:08.405+0000][info][gc,ergo      ] GC(15) Pacer for Mark. Expected Live: 4M, Free: 408M, Non-Taxable: 40M, Alloc Tax Rate: 0.0x
[2020-11-01T01:07:08.405+0000][info][gc           ] GC(15) Pause Init Mark (process weakrefs) 0.455ms
[2020-11-01T01:07:08.405+0000][info][safepoint    ] Safepoint "ShenandoahInitMark", Time since last: 536126172 ns, Reaching safepoint: 138970 ns, At safepoint: 473855 ns, Total: 612825 ns
[2020-11-01T01:07:08.405+0000][info][gc,start     ] GC(15) Concurrent marking (process weakrefs)
[2020-11-01T01:07:08.405+0000][info][gc,task      ] GC(15) Using 1 of 1 workers for concurrent marking
[2020-11-01T01:07:08.411+0000][info][gc           ] GC(15) Concurrent marking (process weakrefs) 3482M->3484M(4096M) 5.468ms
[2020-11-01T01:07:08.411+0000][info][gc,start     ] GC(15) Concurrent precleaning
[2020-11-01T01:07:08.411+0000][info][gc,task      ] GC(15) Using 1 of 1 workers for concurrent preclean
[2020-11-01T01:07:08.411+0000][info][gc           ] GC(15) Concurrent precleaning 3486M->3486M(4096M) 0.174ms
[2020-11-01T01:07:08.411+0000][info][gc,start     ] GC(15) Pause Final Mark (process weakrefs)
[2020-11-01T01:07:08.411+0000][info][gc,task      ] GC(15) Using 1 of 1 workers for final marking
[2020-11-01T01:07:08.411+0000][info][gc,ergo      ] GC(15) Immediate Garbage: 3420M (98% of total), 1710 regions
[2020-11-01T01:07:08.411+0000][info][gc           ] GC(15) Pause Final Mark (process weakrefs) 0.632ms
[2020-11-01T01:07:08.411+0000][info][safepoint    ] Safepoint "ShenandoahFinalMarkStartEvac", Time since last: 5714457 ns, Reaching safepoint: 44882 ns, At safepoint: 651711 ns, Total: 696593 ns
[2020-11-01T01:07:08.412+0000][info][gc,start     ] GC(15) Concurrent cleanup
[2020-11-01T01:07:08.412+0000][info][gc           ] GC(15) Concurrent cleanup 3486M->70M(4096M) 0.287ms
[2020-11-01T01:07:08.412+0000][info][gc,ergo      ] GC(15) Free: 3820M (1910 regions), Max regular: 2048K, Max humongous: 1572864K, External frag: 60%, Internal frag: 0%
[2020-11-01T01:07:08.412+0000][info][gc,ergo      ] GC(15) Evacuation Reserve: 206M (103 regions), Max regular: 2048K
[2020-11-01T01:07:08.412+0000][info][gc,ergo      ] Free: 3820M (1910 regions), Max regular: 2048K, Max humongous: 1572864K, External frag: 60%, Internal frag: 0%
[2020-11-01T01:07:08.412+0000][info][gc,ergo      ] Evacuation Reserve: 206M (103 regions), Max regular: 2048K
[2020-11-01T01:07:08.412+0000][info][gc,ergo      ] Pacer for Idle. Initial: 81M, Alloc Tax Rate: 1.0x
[2020-11-01T01:07:09.412+0000][info][safepoint    ] Safepoint "Cleanup", Time since last: 1000080821 ns, Reaching safepoint: 115970 ns, At safepoint: 6368 ns, Total: 122338 ns
[2020-11-01T01:07:10.412+0000][info][safepoint    ] Safepoint "Cleanup", Time since last: 1000124851 ns, Reaching safepoint: 141419 ns, At safepoint: 5176 ns, Total: 146595 ns
[2020-11-01T01:07:11.412+0000][info][safepoint    ] Safepoint "Cleanup", Time since last: 1000106766 ns, Reaching safepoint: 140199 ns, At safepoint: 3320 ns, Total: 143519 ns
[2020-11-01T01:07:12.412+0000][info][safepoint    ] Safepoint "Cleanup", Time since last: 1000117689 ns, Reaching safepoint: 138618 ns, At safepoint: 5159 ns, Total: 143777 ns
[2020-11-01T01:07:13.413+0000][info][safepoint    ] Safepoint "Cleanup", Time since last: 1000113096 ns, Reaching safepoint: 136372 ns, At safepoint: 3238 ns, Total: 139610 ns
[2020-11-01T01:07:14.413+0000][info][safepoint    ] Safepoint "Cleanup", Time since last: 1000107967 ns, Reaching safepoint: 57842 ns, At safepoint: 6505 ns, Total: 64347 ns
[2020-11-01T01:07:15.413+0000][info][safepoint    ] Safepoint "Cleanup", Time since last: 1000107985 ns, Reaching safepoint: 140468 ns, At safepoint: 3263 ns, Total: 143731 ns
[2020-11-01T01:07:16.413+0000][info][safepoint    ] Safepoint "Cleanup", Time since last: 1000105755 ns, Reaching safepoint: 135986 ns, At safepoint: 5641 ns, Total: 141627 ns
[2020-11-01T01:07:17.414+0000][info][safepoint    ] Safepoint "Cleanup", Time since last: 1000108709 ns, Reaching safepoint: 139696 ns, At safepoint: 4998 ns, Total: 144694 ns
[2020-11-01T01:07:18.414+0000][info][safepoint    ] Safepoint "Cleanup", Time since last: 1000107706 ns, Reaching safepoint: 135238 ns, At safepoint: 4915 ns, Total: 140153 ns
[2020-11-01T01:07:18.452+0000][info][gc           ] Trigger: Free (408M) is below minimum threshold (409M)
[2020-11-01T01:07:18.452+0000][info][gc,ergo      ] Free: 408M (204 regions), Max regular: 2048K, Max humongous: 411648K, External frag: 2%, Internal frag: 0%
[2020-11-01T01:07:18.452+0000][info][gc,ergo      ] Evacuation Reserve: 206M (103 regions), Max regular: 2048K
[2020-11-01T01:07:18.452+0000][info][gc,start     ] GC(16) Concurrent reset
[2020-11-01T01:07:18.452+0000][info][gc,task      ] GC(16) Using 1 of 1 workers for concurrent reset
[2020-11-01T01:07:18.452+0000][info][gc           ] GC(16) Concurrent reset 3482M->3482M(4096M) 0.388ms
[2020-11-01T01:07:18.452+0000][info][gc,start     ] GC(16) Pause Init Mark
[2020-11-01T01:07:18.452+0000][info][gc,task      ] GC(16) Using 1 of 1 workers for init marking
[2020-11-01T01:07:18.453+0000][info][gc,ergo      ] GC(16) Pacer for Mark. Expected Live: 4M, Free: 408M, Non-Taxable: 40M, Alloc Tax Rate: 0.0x
[2020-11-01T01:07:18.453+0000][info][gc           ] GC(16) Pause Init Mark 0.447ms
[2020-11-01T01:07:18.453+0000][info][safepoint    ] Safepoint "ShenandoahInitMark", Time since last: 38265234 ns, Reaching safepoint: 132951 ns, At safepoint: 466203 ns, Total: 599154 ns
[2020-11-01T01:07:18.453+0000][info][gc,start     ] GC(16) Concurrent marking
[2020-11-01T01:07:18.453+0000][info][gc,task      ] GC(16) Using 1 of 1 workers for concurrent marking
[2020-11-01T01:07:18.458+0000][info][gc           ] GC(16) Concurrent marking 3484M->3486M(4096M) 5.384ms
[2020-11-01T01:07:18.458+0000][info][gc,start     ] GC(16) Pause Final Mark
[2020-11-01T01:07:18.458+0000][info][gc,task      ] GC(16) Using 1 of 1 workers for final marking
[2020-11-01T01:07:18.459+0000][info][gc,ergo      ] GC(16) Immediate Garbage: 3420M (98% of total), 1710 regions
[2020-11-01T01:07:18.459+0000][info][gc           ] GC(16) Pause Final Mark 0.576ms
[2020-11-01T01:07:18.459+0000][info][safepoint    ] Safepoint "ShenandoahFinalMarkStartEvac", Time since last: 5442914 ns, Reaching safepoint: 122570 ns, At safepoint: 593497 ns, Total: 716067 ns
[2020-11-01T01:07:18.459+0000][info][gc,start     ] GC(16) Concurrent cleanup
[2020-11-01T01:07:18.459+0000][info][gc           ] GC(16) Concurrent cleanup 3486M->68M(4096M) 0.256ms
[2020-11-01T01:07:18.459+0000][info][gc,ergo      ] GC(16) Free: 3822M (1911 regions), Max regular: 2048K, Max humongous: 1572864K, External frag: 60%, Internal frag: 0%
[2020-11-01T01:07:18.459+0000][info][gc,ergo      ] GC(16) Evacuation Reserve: 206M (103 regions), Max regular: 2048K
[2020-11-01T01:07:18.459+0000][info][gc,ergo      ] Free: 3822M (1911 regions), Max regular: 2048K, Max humongous: 1572864K, External frag: 60%, Internal frag: 0%
[2020-11-01T01:07:18.459+0000][info][gc,ergo      ] Evacuation Reserve: 206M (103 regions), Max regular: 2048K
[2020-11-01T01:07:18.459+0000][info][gc,ergo      ] Pacer for Idle. Initial: 81M, Alloc Tax Rate: 1.0x
[2020-11-01T01:07:19.459+0000][info][safepoint    ] Safepoint "Cleanup", Time since last: 1000077380 ns, Reaching safepoint: 138455 ns, At safepoint: 3310 ns, Total: 141765 ns
[2020-11-01T01:07:20.459+0000][info][safepoint    ] Safepoint "Cleanup", Time since last: 1000107961 ns, Reaching safepoint: 62557 ns, At safepoint: 3471 ns, Total: 66028 ns
[2020-11-01T01:07:21.459+0000][info][safepoint    ] Safepoint "Cleanup", Time since last: 1000108577 ns, Reaching safepoint: 57498 ns, At safepoint: 6326 ns, Total: 63824 ns
[2020-11-01T01:07:22.460+0000][info][safepoint    ] Safepoint "Cleanup", Time since last: 1000110975 ns, Reaching safepoint: 141085 ns, At safepoint: 5097 ns, Total: 146182 ns
[2020-11-01T01:07:23.460+0000][info][safepoint    ] Safepoint "Cleanup", Time since last: 1000111470 ns, Reaching safepoint: 135536 ns, At safepoint: 5046 ns, Total: 140582 ns
[2020-11-01T01:07:24.460+0000][info][safepoint    ] Safepoint "Cleanup", Time since last: 1000107829 ns, Reaching safepoint: 60966 ns, At safepoint: 5779 ns, Total: 66745 ns
[2020-11-01T01:07:25.753+0000][info][safepoint    ] Safepoint "Cleanup", Time since last: 1292476581 ns, Reaching safepoint: 59416 ns, At safepoint: 7151 ns, Total: 66567 ns
[2020-11-01T01:07:26.753+0000][info][safepoint    ] Safepoint "Cleanup", Time since last: 1000101501 ns, Reaching safepoint: 62040 ns, At safepoint: 7405 ns, Total: 69445 ns
[2020-11-01T01:07:27.753+0000][info][safepoint    ] Safepoint "Cleanup", Time since last: 1000102136 ns, Reaching safepoint: 137963 ns, At safepoint: 6114 ns, Total: 144077 ns
[2020-11-01T01:07:28.507+0000][info][gc           ] Trigger: Free (408M) is below minimum threshold (409M)
[2020-11-01T01:07:28.507+0000][info][gc,ergo      ] Free: 408M (204 regions), Max regular: 2048K, Max humongous: 415744K, External frag: 1%, Internal frag: 0%
[2020-11-01T01:07:28.507+0000][info][gc,ergo      ] Evacuation Reserve: 206M (103 regions), Max regular: 2048K
[2020-11-01T01:07:28.507+0000][info][gc,start     ] GC(17) Concurrent reset
[2020-11-01T01:07:28.507+0000][info][gc,task      ] GC(17) Using 1 of 1 workers for concurrent reset
[2020-11-01T01:07:28.508+0000][info][gc           ] GC(17) Concurrent reset 3482M->3482M(4096M) 0.382ms
[2020-11-01T01:07:28.508+0000][info][gc,start     ] GC(17) Pause Init Mark
[2020-11-01T01:07:28.508+0000][info][gc,task      ] GC(17) Using 1 of 1 workers for init marking
[2020-11-01T01:07:28.508+0000][info][gc,ergo      ] GC(17) Pacer for Mark. Expected Live: 4M, Free: 408M, Non-Taxable: 40M, Alloc Tax Rate: 0.0x
[2020-11-01T01:07:28.508+0000][info][gc           ] GC(17) Pause Init Mark 0.467ms
[2020-11-01T01:07:28.508+0000][info][safepoint    ] Safepoint "ShenandoahInitMark", Time since last: 754718965 ns, Reaching safepoint: 142564 ns, At safepoint: 486308 ns, Total: 628872 ns
[2020-11-01T01:07:28.508+0000][info][gc,start     ] GC(17) Concurrent marking
[2020-11-01T01:07:28.508+0000][info][gc,task      ] GC(17) Using 1 of 1 workers for concurrent marking
[2020-11-01T01:07:28.514+0000][info][gc           ] GC(17) Concurrent marking 3484M->3484M(4096M) 5.326ms
[2020-11-01T01:07:28.514+0000][info][gc,start     ] GC(17) Pause Final Mark
[2020-11-01T01:07:28.514+0000][info][gc,task      ] GC(17) Using 1 of 1 workers for final marking
[2020-11-01T01:07:28.515+0000][info][gc,ergo      ] GC(17) Immediate Garbage: 3418M (98% of total), 1709 regions
[2020-11-01T01:07:28.515+0000][info][gc           ] GC(17) Pause Final Mark 0.601ms
[2020-11-01T01:07:28.515+0000][info][safepoint    ] Safepoint "ShenandoahFinalMarkStartEvac", Time since last: 5386212 ns, Reaching safepoint: 123003 ns, At safepoint: 619900 ns, Total: 742903 ns
[2020-11-01T01:07:28.515+0000][info][gc,start     ] GC(17) Concurrent cleanup
[2020-11-01T01:07:28.515+0000][info][gc           ] GC(17) Concurrent cleanup 3486M->70M(4096M) 0.255ms
[2020-11-01T01:07:28.515+0000][info][gc,ergo      ] GC(17) Free: 3820M (1910 regions), Max regular: 2048K, Max humongous: 1572864K, External frag: 60%, Internal frag: 0%
[2020-11-01T01:07:28.515+0000][info][gc,ergo      ] GC(17) Evacuation Reserve: 206M (103 regions), Max regular: 2048K
[2020-11-01T01:07:28.515+0000][info][gc,ergo      ] Free: 3820M (1910 regions), Max regular: 2048K, Max humongous: 1572864K, External frag: 60%, Internal frag: 0%
[2020-11-01T01:07:28.515+0000][info][gc,ergo      ] Evacuation Reserve: 206M (103 regions), Max regular: 2048K
[2020-11-01T01:07:28.515+0000][info][gc,ergo      ] Pacer for Idle. Initial: 81M, Alloc Tax Rate: 1.0x
[2020-11-01T01:07:29.515+0000][info][safepoint    ] Safepoint "Cleanup", Time since last: 1000097469 ns, Reaching safepoint: 153870 ns, At safepoint: 5768 ns, Total: 159638 ns
[2020-11-01T01:07:30.515+0000][info][safepoint    ] Safepoint "Cleanup", Time since last: 1000104836 ns, Reaching safepoint: 129656 ns, At safepoint: 3488 ns, Total: 133144 ns
[2020-11-01T01:07:31.515+0000][info][safepoint    ] Safepoint "Cleanup", Time since last: 1000109458 ns, Reaching safepoint: 137807 ns, At safepoint: 5126 ns, Total: 142933 ns
[2020-11-01T01:07:32.516+0000][info][safepoint    ] Safepoint "Cleanup", Time since last: 1000109334 ns, Reaching safepoint: 139066 ns, At safepoint: 5021 ns, Total: 144087 ns
[2020-11-01T01:07:33.516+0000][info][safepoint    ] Safepoint "Cleanup", Time since last: 1000111546 ns, Reaching safepoint: 139173 ns, At safepoint: 5411 ns, Total: 144584 ns
[2020-11-01T01:07:34.516+0000][info][safepoint    ] Safepoint "Cleanup", Time since last: 1000109910 ns, Reaching safepoint: 60569 ns, At safepoint: 5464 ns, Total: 66033 ns
[2020-11-01T01:07:35.516+0000][info][safepoint    ] Safepoint "Cleanup", Time since last: 1000117999 ns, Reaching safepoint: 62862 ns, At safepoint: 5673 ns, Total: 68535 ns
[2020-11-01T01:07:36.516+0000][info][safepoint    ] Safepoint "Cleanup", Time since last: 1000112572 ns, Reaching safepoint: 144235 ns, At safepoint: 6968 ns, Total: 151203 ns
[2020-11-01T01:07:37.517+0000][info][safepoint    ] Safepoint "Cleanup", Time since last: 1000126334 ns, Reaching safepoint: 137923 ns, At safepoint: 5089 ns, Total: 143012 ns
[2020-11-01T01:07:38.517+0000][info][safepoint    ] Safepoint "Cleanup", Time since last: 1000114270 ns, Reaching safepoint: 135831 ns, At safepoint: 5447 ns, Total: 141278 ns
[2020-11-01T01:07:38.555+0000][info][gc           ] Trigger: Free (408M) is below minimum threshold (409M)
[2020-11-01T01:07:38.555+0000][info][gc,ergo      ] Free: 408M (204 regions), Max regular: 2048K, Max humongous: 411648K, External frag: 2%, Internal frag: 0%
[2020-11-01T01:07:38.555+0000][info][gc,ergo      ] Evacuation Reserve: 206M (103 regions), Max regular: 2048K
[2020-11-01T01:07:38.556+0000][info][gc,start     ] GC(18) Concurrent reset
[2020-11-01T01:07:38.556+0000][info][gc,task      ] GC(18) Using 1 of 1 workers for concurrent reset
[2020-11-01T01:07:38.556+0000][info][gc           ] GC(18) Concurrent reset 3482M->3482M(4096M) 0.392ms
[2020-11-01T01:07:38.556+0000][info][gc,start     ] GC(18) Pause Init Mark
[2020-11-01T01:07:38.556+0000][info][gc,task      ] GC(18) Using 1 of 1 workers for init marking
[2020-11-01T01:07:38.557+0000][info][gc,ergo      ] GC(18) Pacer for Mark. Expected Live: 4M, Free: 408M, Non-Taxable: 40M, Alloc Tax Rate: 0.0x
[2020-11-01T01:07:38.557+0000][info][gc           ] GC(18) Pause Init Mark 0.489ms
[2020-11-01T01:07:38.557+0000][info][safepoint    ] Safepoint "ShenandoahInitMark", Time since last: 38925031 ns, Reaching safepoint: 132012 ns, At safepoint: 508662 ns, Total: 640674 ns
[2020-11-01T01:07:38.557+0000][info][gc,start     ] GC(18) Concurrent marking
[2020-11-01T01:07:38.557+0000][info][gc,task      ] GC(18) Using 1 of 1 workers for concurrent marking
[2020-11-01T01:07:38.562+0000][info][gc           ] GC(18) Concurrent marking 3482M->3486M(4096M) 5.362ms
[2020-11-01T01:07:38.562+0000][info][gc,start     ] GC(18) Pause Final Mark
[2020-11-01T01:07:38.562+0000][info][gc,task      ] GC(18) Using 1 of 1 workers for final marking
[2020-11-01T01:07:38.563+0000][info][gc,ergo      ] GC(18) Immediate Garbage: 3416M (98% of total), 1708 regions
[2020-11-01T01:07:38.563+0000][info][gc           ] GC(18) Pause Final Mark 0.575ms
[2020-11-01T01:07:38.563+0000][info][safepoint    ] Safepoint "ShenandoahFinalMarkStartEvac", Time since last: 5423917 ns, Reaching safepoint: 119113 ns, At safepoint: 594291 ns, Total: 713404 ns
[2020-11-01T01:07:38.563+0000][info][gc,start     ] GC(18) Concurrent cleanup
[2020-11-01T01:07:38.563+0000][info][gc           ] GC(18) Concurrent cleanup 3486M->72M(4096M) 0.255ms
[2020-11-01T01:07:38.563+0000][info][gc,ergo      ] GC(18) Free: 3818M (1909 regions), Max regular: 2048K, Max humongous: 1572864K, External frag: 60%, Internal frag: 0%
[2020-11-01T01:07:38.563+0000][info][gc,ergo      ] GC(18) Evacuation Reserve: 206M (103 regions), Max regular: 2048K
[2020-11-01T01:07:38.563+0000][info][gc,ergo      ] Free: 3818M (1909 regions), Max regular: 2048K, Max humongous: 1572864K, External frag: 60%, Internal frag: 0%
[2020-11-01T01:07:38.563+0000][info][gc,ergo      ] Evacuation Reserve: 206M (103 regions), Max regular: 2048K
[2020-11-01T01:07:38.563+0000][info][gc,ergo      ] Pacer for Idle. Initial: 81M, Alloc Tax Rate: 1.0x
[2020-11-01T01:07:39.563+0000][info][safepoint    ] Safepoint "Cleanup", Time since last: 1000078983 ns, Reaching safepoint: 138099 ns, At safepoint: 3310 ns, Total: 141409 ns
[2020-11-01T01:07:40.563+0000][info][safepoint    ] Safepoint "Cleanup", Time since last: 1000121956 ns, Reaching safepoint: 134352 ns, At safepoint: 6692 ns, Total: 141044 ns
[2020-11-01T01:07:41.563+0000][info][safepoint    ] Safepoint "Cleanup", Time since last: 1000107722 ns, Reaching safepoint: 128791 ns, At safepoint: 5421 ns, Total: 134212 ns
[2020-11-01T01:07:42.564+0000][info][safepoint    ] Safepoint "Cleanup", Time since last: 1000109518 ns, Reaching safepoint: 133164 ns, At safepoint: 5452 ns, Total: 138616 ns
[2020-11-01T01:07:43.564+0000][info][safepoint    ] Safepoint "Cleanup", Time since last: 1000129651 ns, Reaching safepoint: 57824 ns, At safepoint: 5652 ns, Total: 63476 ns
[2020-11-01T01:07:44.564+0000][info][safepoint    ] Safepoint "Cleanup", Time since last: 1000109114 ns, Reaching safepoint: 134395 ns, At safepoint: 3096 ns, Total: 137491 ns
[2020-11-01T01:07:45.564+0000][info][safepoint    ] Safepoint "Cleanup", Time since last: 1000121067 ns, Reaching safepoint: 142051 ns, At safepoint: 5178 ns, Total: 147229 ns
[2020-11-01T01:07:46.565+0000][info][safepoint    ] Safepoint "Cleanup", Time since last: 1000112564 ns, Reaching safepoint: 140727 ns, At safepoint: 3291 ns, Total: 144018 ns
[2020-11-01T01:07:47.565+0000][info][safepoint    ] Safepoint "Cleanup", Time since last: 1000116014 ns, Reaching safepoint: 57644 ns, At safepoint: 5670 ns, Total: 63314 ns
[2020-11-01T01:07:48.565+0000][info][safepoint    ] Safepoint "Cleanup", Time since last: 1000108113 ns, Reaching safepoint: 131477 ns, At safepoint: 5380 ns, Total: 136857 ns
[2020-11-01T01:07:48.596+0000][info][gc           ] Trigger: Free (408M) is below minimum threshold (409M)
[2020-11-01T01:07:48.596+0000][info][gc,ergo      ] Free: 408M (204 regions), Max regular: 2048K, Max humongous: 415744K, External frag: 1%, Internal frag: 0%
[2020-11-01T01:07:48.596+0000][info][gc,ergo      ] Evacuation Reserve: 206M (103 regions), Max regular: 2048K
[2020-11-01T01:07:48.596+0000][info][gc,start     ] GC(19) Concurrent reset
[2020-11-01T01:07:48.596+0000][info][gc,task      ] GC(19) Using 1 of 1 workers for concurrent reset
[2020-11-01T01:07:48.596+0000][info][gc           ] GC(19) Concurrent reset 3482M->3482M(4096M) 0.378ms
[2020-11-01T01:07:48.596+0000][info][gc,start     ] GC(19) Pause Init Mark
[2020-11-01T01:07:48.596+0000][info][gc,task      ] GC(19) Using 1 of 1 workers for init marking
[2020-11-01T01:07:48.597+0000][info][gc,ergo      ] GC(19) Pacer for Mark. Expected Live: 4M, Free: 408M, Non-Taxable: 40M, Alloc Tax Rate: 0.0x
[2020-11-01T01:07:48.597+0000][info][gc           ] GC(19) Pause Init Mark 0.482ms
[2020-11-01T01:07:48.597+0000][info][safepoint    ] Safepoint "ShenandoahInitMark", Time since last: 30997297 ns, Reaching safepoint: 141094 ns, At safepoint: 501134 ns, Total: 642228 ns
[2020-11-01T01:07:48.597+0000][info][gc,start     ] GC(19) Concurrent marking
[2020-11-01T01:07:48.597+0000][info][gc,task      ] GC(19) Using 1 of 1 workers for concurrent marking
[2020-11-01T01:07:48.602+0000][info][gc           ] GC(19) Concurrent marking 3484M->3484M(4096M) 5.320ms
[2020-11-01T01:07:48.602+0000][info][gc,start     ] GC(19) Pause Final Mark
[2020-11-01T01:07:48.602+0000][info][gc,task      ] GC(19) Using 1 of 1 workers for final marking
[2020-11-01T01:07:48.603+0000][info][gc,ergo      ] GC(19) Immediate Garbage: 3416M (98% of total), 1708 regions
[2020-11-01T01:07:48.603+0000][info][gc           ] GC(19) Pause Final Mark 0.564ms
[2020-11-01T01:07:48.603+0000][info][safepoint    ] Safepoint "ShenandoahFinalMarkStartEvac", Time since last: 5380750 ns, Reaching safepoint: 121803 ns, At safepoint: 581770 ns, Total: 703573 ns
[2020-11-01T01:07:48.603+0000][info][gc,start     ] GC(19) Concurrent cleanup
[2020-11-01T01:07:48.603+0000][info][gc           ] GC(19) Concurrent cleanup 3486M->72M(4096M) 0.257ms
[2020-11-01T01:07:48.603+0000][info][gc,ergo      ] GC(19) Free: 3818M (1909 regions), Max regular: 2048K, Max humongous: 1572864K, External frag: 60%, Internal frag: 0%
[2020-11-01T01:07:48.603+0000][info][gc,ergo      ] GC(19) Evacuation Reserve: 206M (103 regions), Max regular: 2048K
[2020-11-01T01:07:48.603+0000][info][gc,ergo      ] Free: 3818M (1909 regions), Max regular: 2048K, Max humongous: 1572864K, External frag: 60%, Internal frag: 0%
[2020-11-01T01:07:48.603+0000][info][gc,ergo      ] Evacuation Reserve: 206M (103 regions), Max regular: 2048K
[2020-11-01T01:07:48.603+0000][info][gc,ergo      ] Pacer for Idle. Initial: 81M, Alloc Tax Rate: 1.0x
[2020-11-01T01:07:49.603+0000][info][safepoint    ] Safepoint "Cleanup", Time since last: 1000078751 ns, Reaching safepoint: 146645 ns, At safepoint: 5201 ns, Total: 151846 ns
[2020-11-01T01:07:50.603+0000][info][safepoint    ] Safepoint "Cleanup", Time since last: 1000112212 ns, Reaching safepoint: 137674 ns, At safepoint: 7805 ns, Total: 145479 ns
[2020-11-01T01:07:51.604+0000][info][safepoint    ] Safepoint "Cleanup", Time since last: 1000110927 ns, Reaching safepoint: 130956 ns, At safepoint: 5671 ns, Total: 136627 ns
[2020-11-01T01:07:52.604+0000][info][safepoint    ] Safepoint "Cleanup", Time since last: 1000110223 ns, Reaching safepoint: 137481 ns, At safepoint: 5096 ns, Total: 142577 ns
[2020-11-01T01:07:53.604+0000][info][safepoint    ] Safepoint "Cleanup", Time since last: 1000112109 ns, Reaching safepoint: 135255 ns, At safepoint: 5513 ns, Total: 140768 ns
[2020-11-01T01:07:54.604+0000][info][safepoint    ] Safepoint "Cleanup", Time since last: 1000110808 ns, Reaching safepoint: 58904 ns, At safepoint: 5528 ns, Total: 64432 ns
[2020-11-01T01:07:55.604+0000][info][safepoint    ] Safepoint "Cleanup", Time since last: 1000095336 ns, Reaching safepoint: 135944 ns, At safepoint: 5031 ns, Total: 140975 ns
[2020-11-01T01:07:56.605+0000][info][safepoint    ] Safepoint "Cleanup", Time since last: 1000109924 ns, Reaching safepoint: 57732 ns, At safepoint: 5577 ns, Total: 63309 ns
[2020-11-01T01:07:57.605+0000][info][safepoint    ] Safepoint "Cleanup", Time since last: 1000109914 ns, Reaching safepoint: 58033 ns, At safepoint: 5175 ns, Total: 63208 ns
[2020-11-01T01:07:58.605+0000][info][safepoint    ] Safepoint "Cleanup", Time since last: 1000112080 ns, Reaching safepoint: 56500 ns, At safepoint: 5856 ns, Total: 62356 ns
[2020-11-01T01:07:58.630+0000][info][gc           ] Trigger: Free (408M) is below minimum threshold (409M)
[2020-11-01T01:07:58.630+0000][info][gc,ergo      ] Free: 408M (204 regions), Max regular: 2048K, Max humongous: 411648K, External frag: 2%, Internal frag: 0%
[2020-11-01T01:07:58.630+0000][info][gc,ergo      ] Evacuation Reserve: 206M (103 regions), Max regular: 2048K
[2020-11-01T01:07:58.630+0000][info][gc,start     ] GC(20) Concurrent reset
[2020-11-01T01:07:58.630+0000][info][gc,task      ] GC(20) Using 1 of 1 workers for concurrent reset
[2020-11-01T01:07:58.631+0000][info][gc           ] GC(20) Concurrent reset 3482M->3482M(4096M) 0.393ms
[2020-11-01T01:07:58.631+0000][info][gc,start     ] GC(20) Pause Init Mark (process weakrefs)
[2020-11-01T01:07:58.631+0000][info][gc,task      ] GC(20) Using 1 of 1 workers for init marking
[2020-11-01T01:07:58.631+0000][info][gc,ergo      ] GC(20) Pacer for Mark. Expected Live: 4M, Free: 408M, Non-Taxable: 40M, Alloc Tax Rate: 0.0x
[2020-11-01T01:07:58.631+0000][info][gc           ] GC(20) Pause Init Mark (process weakrefs) 0.471ms
[2020-11-01T01:07:58.631+0000][info][safepoint    ] Safepoint "ShenandoahInitMark", Time since last: 25615325 ns, Reaching safepoint: 64004 ns, At safepoint: 491258 ns, Total: 555262 ns
[2020-11-01T01:07:58.631+0000][info][gc,start     ] GC(20) Concurrent marking (process weakrefs)
[2020-11-01T01:07:58.631+0000][info][gc,task      ] GC(20) Using 1 of 1 workers for concurrent marking
[2020-11-01T01:07:58.639+0000][info][gc           ] GC(20) Concurrent marking (process weakrefs) 3484M->3486M(4096M) 7.959ms
[2020-11-01T01:07:58.639+0000][info][gc,start     ] GC(20) Concurrent precleaning
[2020-11-01T01:07:58.639+0000][info][gc,task      ] GC(20) Using 1 of 1 workers for concurrent preclean
[2020-11-01T01:07:58.639+0000][info][gc           ] GC(20) Concurrent precleaning 3486M->3486M(4096M) 0.115ms
[2020-11-01T01:07:58.639+0000][info][gc,start     ] GC(20) Pause Final Mark (process weakrefs)
[2020-11-01T01:07:58.639+0000][info][gc,task      ] GC(20) Using 1 of 1 workers for final marking
[2020-11-01T01:07:58.640+0000][info][gc,ergo      ] GC(20) Immediate Garbage: 3416M (98% of total), 1708 regions
[2020-11-01T01:07:58.640+0000][info][gc           ] GC(20) Pause Final Mark (process weakrefs) 0.683ms
[2020-11-01T01:07:58.640+0000][info][safepoint    ] Safepoint "ShenandoahFinalMarkStartEvac", Time since last: 8146953 ns, Reaching safepoint: 55321 ns, At safepoint: 705463 ns, Total: 760784 ns
[2020-11-01T01:07:58.640+0000][info][gc,start     ] GC(20) Concurrent cleanup
[2020-11-01T01:07:58.640+0000][info][gc           ] GC(20) Concurrent cleanup 3486M->74M(4096M) 0.295ms
[2020-11-01T01:07:58.640+0000][info][gc,ergo      ] GC(20) Free: 3816M (1908 regions), Max regular: 2048K, Max humongous: 1572864K, External frag: 60%, Internal frag: 0%
[2020-11-01T01:07:58.640+0000][info][gc,ergo      ] GC(20) Evacuation Reserve: 206M (103 regions), Max regular: 2048K
[2020-11-01T01:07:58.641+0000][info][gc,ergo      ] Free: 3816M (1908 regions), Max regular: 2048K, Max humongous: 1572864K, External frag: 60%, Internal frag: 0%
[2020-11-01T01:07:58.641+0000][info][gc,ergo      ] Evacuation Reserve: 206M (103 regions), Max regular: 2048K
[2020-11-01T01:07:58.641+0000][info][gc,ergo      ] Pacer for Idle. Initial: 81M, Alloc Tax Rate: 1.0x
[2020-11-01T01:07:59.640+0000][info][safepoint    ] Safepoint "Cleanup", Time since last: 1000079177 ns, Reaching safepoint: 61067 ns, At safepoint: 3592 ns, Total: 64659 ns
[2020-11-01T01:08:00.640+0000][info][safepoint    ] Safepoint "Cleanup", Time since last: 1000111438 ns, Reaching safepoint: 76911 ns, At safepoint: 5863 ns, Total: 82774 ns
[2020-11-01T01:08:01.641+0000][info][safepoint    ] Safepoint "Cleanup", Time since last: 1000105733 ns, Reaching safepoint: 137708 ns, At safepoint: 5886 ns, Total: 143594 ns
[2020-11-01T01:08:02.641+0000][info][safepoint    ] Safepoint "Cleanup", Time since last: 1000116952 ns, Reaching safepoint: 58402 ns, At safepoint: 7784 ns, Total: 66186 ns
[2020-11-01T01:08:03.641+0000][info][safepoint    ] Safepoint "Cleanup", Time since last: 1000106676 ns, Reaching safepoint: 128379 ns, At safepoint: 5939 ns, Total: 134318 ns
[2020-11-01T01:08:04.641+0000][info][safepoint    ] Safepoint "Cleanup", Time since last: 1000118120 ns, Reaching safepoint: 135925 ns, At safepoint: 5744 ns, Total: 141669 ns
[2020-11-01T01:08:05.642+0000][info][safepoint    ] Safepoint "Cleanup", Time since last: 1000115212 ns, Reaching safepoint: 56327 ns, At safepoint: 5150 ns, Total: 61477 ns
[2020-11-01T01:08:06.642+0000][info][safepoint    ] Safepoint "Cleanup", Time since last: 1000116233 ns, Reaching safepoint: 138061 ns, At safepoint: 5111 ns, Total: 143172 ns
[2020-11-01T01:08:07.642+0000][info][safepoint    ] Safepoint "Cleanup", Time since last: 1000106584 ns, Reaching safepoint: 136078 ns, At safepoint: 5409 ns, Total: 141487 ns
[2020-11-01T01:08:08.642+0000][info][safepoint    ] Safepoint "Cleanup", Time since last: 1000108482 ns, Reaching safepoint: 55646 ns, At safepoint: 6060 ns, Total: 61706 ns
[2020-11-01T01:08:08.666+0000][info][gc           ] Trigger: Free (408M) is below minimum threshold (409M)
[2020-11-01T01:08:08.666+0000][info][gc,ergo      ] Free: 408M (204 regions), Max regular: 2048K, Max humongous: 415744K, External frag: 1%, Internal frag: 0%
[2020-11-01T01:08:08.666+0000][info][gc,ergo      ] Evacuation Reserve: 206M (103 regions), Max regular: 2048K
[2020-11-01T01:08:08.666+0000][info][gc,start     ] GC(21) Concurrent reset
[2020-11-01T01:08:08.666+0000][info][gc,task      ] GC(21) Using 1 of 1 workers for concurrent reset
[2020-11-01T01:08:08.667+0000][info][gc           ] GC(21) Concurrent reset 3482M->3482M(4096M) 0.393ms
[2020-11-01T01:08:08.667+0000][info][gc,start     ] GC(21) Pause Init Mark
[2020-11-01T01:08:08.667+0000][info][gc,task      ] GC(21) Using 1 of 1 workers for init marking
[2020-11-01T01:08:08.667+0000][info][gc,ergo      ] GC(21) Pacer for Mark. Expected Live: 4M, Free: 408M, Non-Taxable: 40M, Alloc Tax Rate: 0.0x
[2020-11-01T01:08:08.667+0000][info][gc           ] GC(21) Pause Init Mark 0.452ms
[2020-11-01T01:08:08.667+0000][info][safepoint    ] Safepoint "ShenandoahInitMark", Time since last: 24602296 ns, Reaching safepoint: 141690 ns, At safepoint: 471114 ns, Total: 612804 ns
[2020-11-01T01:08:08.667+0000][info][gc,start     ] GC(21) Concurrent marking
[2020-11-01T01:08:08.667+0000][info][gc,task      ] GC(21) Using 1 of 1 workers for concurrent marking
[2020-11-01T01:08:08.673+0000][info][gc           ] GC(21) Concurrent marking 3484M->3484M(4096M) 5.294ms
[2020-11-01T01:08:08.673+0000][info][gc,start     ] GC(21) Pause Final Mark
[2020-11-01T01:08:08.673+0000][info][gc,task      ] GC(21) Using 1 of 1 workers for final marking
[2020-11-01T01:08:08.673+0000][info][gc,ergo      ] GC(21) Immediate Garbage: 3416M (98% of total), 1708 regions
[2020-11-01T01:08:08.673+0000][info][gc           ] GC(21) Pause Final Mark 0.573ms
[2020-11-01T01:08:08.673+0000][info][safepoint    ] Safepoint "ShenandoahFinalMarkStartEvac", Time since last: 5353463 ns, Reaching safepoint: 119858 ns, At safepoint: 593159 ns, Total: 713017 ns
[2020-11-01T01:08:08.673+0000][info][gc,start     ] GC(21) Concurrent cleanup
[2020-11-01T01:08:08.674+0000][info][gc           ] GC(21) Concurrent cleanup 3486M->72M(4096M) 0.257ms
[2020-11-01T01:08:08.674+0000][info][gc,ergo      ] GC(21) Free: 3818M (1909 regions), Max regular: 2048K, Max humongous: 1572864K, External frag: 60%, Internal frag: 0%
[2020-11-01T01:08:08.674+0000][info][gc,ergo      ] GC(21) Evacuation Reserve: 206M (103 regions), Max regular: 2048K
[2020-11-01T01:08:08.674+0000][info][gc,ergo      ] Free: 3818M (1909 regions), Max regular: 2048K, Max humongous: 1572864K, External frag: 60%, Internal frag: 0%
[2020-11-01T01:08:08.674+0000][info][gc,ergo      ] Evacuation Reserve: 206M (103 regions), Max regular: 2048K
[2020-11-01T01:08:08.674+0000][info][gc,ergo      ] Pacer for Idle. Initial: 81M, Alloc Tax Rate: 1.0x
[2020-11-01T01:08:09.674+0000][info][safepoint    ] Safepoint "Cleanup", Time since last: 1000078347 ns, Reaching safepoint: 49936 ns, At safepoint: 5707 ns, Total: 55643 ns
[2020-11-01T01:08:10.674+0000][info][safepoint    ] Safepoint "Cleanup", Time since last: 1000104580 ns, Reaching safepoint: 138603 ns, At safepoint: 5074 ns, Total: 143677 ns
[2020-11-01T01:08:11.674+0000][info][safepoint    ] Safepoint "Cleanup", Time since last: 1000129226 ns, Reaching safepoint: 59340 ns, At safepoint: 6595 ns, Total: 65935 ns
[2020-11-01T01:08:12.674+0000][info][safepoint    ] Safepoint "Cleanup", Time since last: 1000111060 ns, Reaching safepoint: 135808 ns, At safepoint: 6461 ns, Total: 142269 ns
[2020-11-01T01:08:13.675+0000][info][safepoint    ] Safepoint "Cleanup", Time since last: 1000109610 ns, Reaching safepoint: 136717 ns, At safepoint: 3330 ns, Total: 140047 ns
[2020-11-01T01:08:14.675+0000][info][safepoint    ] Safepoint "Cleanup", Time since last: 1000118389 ns, Reaching safepoint: 136045 ns, At safepoint: 7856 ns, Total: 143901 ns
[2020-11-01T01:08:15.675+0000][info][safepoint    ] Safepoint "Cleanup", Time since last: 1000110163 ns, Reaching safepoint: 57185 ns, At safepoint: 3456 ns, Total: 60641 ns
[2020-11-01T01:08:16.675+0000][info][safepoint    ] Safepoint "Cleanup", Time since last: 1000107930 ns, Reaching safepoint: 132850 ns, At safepoint: 3241 ns, Total: 136091 ns
[2020-11-01T01:08:17.675+0000][info][safepoint    ] Safepoint "Cleanup", Time since last: 1000106947 ns, Reaching safepoint: 129973 ns, At safepoint: 3214 ns, Total: 133187 ns
[2020-11-01T01:08:18.676+0000][info][safepoint    ] Safepoint "Cleanup", Time since last: 1000108821 ns, Reaching safepoint: 144548 ns, At safepoint: 5653 ns, Total: 150201 ns
[2020-11-01T01:08:18.693+0000][info][gc           ] Trigger: Free (408M) is below minimum threshold (409M)
[2020-11-01T01:08:18.693+0000][info][gc,ergo      ] Free: 408M (204 regions), Max regular: 2048K, Max humongous: 411648K, External frag: 2%, Internal frag: 0%
[2020-11-01T01:08:18.693+0000][info][gc,ergo      ] Evacuation Reserve: 206M (103 regions), Max regular: 2048K
[2020-11-01T01:08:18.693+0000][info][gc,start     ] GC(22) Concurrent reset
[2020-11-01T01:08:18.693+0000][info][gc,task      ] GC(22) Using 1 of 1 workers for concurrent reset
[2020-11-01T01:08:18.693+0000][info][gc           ] GC(22) Concurrent reset 3482M->3482M(4096M) 0.385ms
[2020-11-01T01:08:18.693+0000][info][gc,start     ] GC(22) Pause Init Mark
[2020-11-01T01:08:18.693+0000][info][gc,task      ] GC(22) Using 1 of 1 workers for init marking
[2020-11-01T01:08:18.694+0000][info][gc,ergo      ] GC(22) Pacer for Mark. Expected Live: 4M, Free: 408M, Non-Taxable: 40M, Alloc Tax Rate: 0.0x
[2020-11-01T01:08:18.694+0000][info][gc           ] GC(22) Pause Init Mark 0.469ms
[2020-11-01T01:08:18.694+0000][info][safepoint    ] Safepoint "ShenandoahInitMark", Time since last: 17503624 ns, Reaching safepoint: 133451 ns, At safepoint: 488796 ns, Total: 622247 ns
[2020-11-01T01:08:18.694+0000][info][gc,start     ] GC(22) Concurrent marking
[2020-11-01T01:08:18.694+0000][info][gc,task      ] GC(22) Using 1 of 1 workers for concurrent marking
[2020-11-01T01:08:18.699+0000][info][gc           ] GC(22) Concurrent marking 3482M->3484M(4096M) 5.261ms
[2020-11-01T01:08:18.699+0000][info][gc,start     ] GC(22) Pause Final Mark
[2020-11-01T01:08:18.699+0000][info][gc,task      ] GC(22) Using 1 of 1 workers for final marking
[2020-11-01T01:08:18.700+0000][info][gc,ergo      ] GC(22) Immediate Garbage: 3416M (98% of total), 1708 regions
[2020-11-01T01:08:18.700+0000][info][gc           ] GC(22) Pause Final Mark 0.569ms
[2020-11-01T01:08:18.700+0000][info][safepoint    ] Safepoint "ShenandoahFinalMarkStartEvac", Time since last: 5318759 ns, Reaching safepoint: 126752 ns, At safepoint: 587428 ns, Total: 714180 ns
[2020-11-01T01:08:18.700+0000][info][gc,start     ] GC(22) Concurrent cleanup
[2020-11-01T01:08:18.700+0000][info][gc           ] GC(22) Concurrent cleanup 3486M->72M(4096M) 0.253ms
[2020-11-01T01:08:18.700+0000][info][gc,ergo      ] GC(22) Free: 3818M (1909 regions), Max regular: 2048K, Max humongous: 1572864K, External frag: 60%, Internal frag: 0%
[2020-11-01T01:08:18.700+0000][info][gc,ergo      ] GC(22) Evacuation Reserve: 206M (103 regions), Max regular: 2048K
[2020-11-01T01:08:18.700+0000][info][gc,ergo      ] Free: 3818M (1909 regions), Max regular: 2048K, Max humongous: 1572864K, External frag: 60%, Internal frag: 0%
[2020-11-01T01:08:18.700+0000][info][gc,ergo      ] Evacuation Reserve: 206M (103 regions), Max regular: 2048K
[2020-11-01T01:08:18.700+0000][info][gc,ergo      ] Pacer for Idle. Initial: 81M, Alloc Tax Rate: 1.0x
[2020-11-01T01:08:20.674+0000][info][safepoint    ] Safepoint "Cleanup", Time since last: 1974112083 ns, Reaching safepoint: 135275 ns, At safepoint: 5094 ns, Total: 140369 ns
[2020-11-01T01:08:21.674+0000][info][safepoint    ] Safepoint "Cleanup", Time since last: 1000107378 ns, Reaching safepoint: 136431 ns, At safepoint: 5898 ns, Total: 142329 ns
[2020-11-01T01:08:22.675+0000][info][safepoint    ] Safepoint "Cleanup", Time since last: 1000108714 ns, Reaching safepoint: 146116 ns, At safepoint: 5303 ns, Total: 151419 ns
[2020-11-01T01:08:23.675+0000][info][safepoint    ] Safepoint "Cleanup", Time since last: 1000108891 ns, Reaching safepoint: 135495 ns, At safepoint: 4971 ns, Total: 140466 ns
[2020-11-01T01:08:24.675+0000][info][safepoint    ] Safepoint "Cleanup", Time since last: 1000110099 ns, Reaching safepoint: 133341 ns, At safepoint: 5126 ns, Total: 138467 ns
[2020-11-01T01:08:25.675+0000][info][safepoint    ] Safepoint "Cleanup", Time since last: 1000113388 ns, Reaching safepoint: 56603 ns, At safepoint: 6468 ns, Total: 63071 ns
[2020-11-01T01:08:26.675+0000][info][safepoint    ] Safepoint "Cleanup", Time since last: 1000112563 ns, Reaching safepoint: 53926 ns, At safepoint: 5948 ns, Total: 59874 ns
[2020-11-01T01:08:27.676+0000][info][safepoint    ] Safepoint "Cleanup", Time since last: 1000109634 ns, Reaching safepoint: 58444 ns, At safepoint: 5403 ns, Total: 63847 ns
[2020-11-01T01:08:28.676+0000][info][safepoint    ] Safepoint "Cleanup", Time since last: 1000108382 ns, Reaching safepoint: 59752 ns, At safepoint: 6641 ns, Total: 66393 ns
[2020-11-01T01:08:28.726+0000][info][gc           ] Trigger: Free (408M) is below minimum threshold (409M)
[2020-11-01T01:08:28.726+0000][info][gc,ergo      ] Free: 408M (204 regions), Max regular: 2048K, Max humongous: 415744K, External frag: 1%, Internal frag: 0%
[2020-11-01T01:08:28.726+0000][info][gc,ergo      ] Evacuation Reserve: 206M (103 regions), Max regular: 2048K
[2020-11-01T01:08:28.726+0000][info][gc,start     ] GC(23) Concurrent reset
[2020-11-01T01:08:28.726+0000][info][gc,task      ] GC(23) Using 1 of 1 workers for concurrent reset
[2020-11-01T01:08:28.727+0000][info][gc           ] GC(23) Concurrent reset 3482M->3482M(4096M) 0.380ms
[2020-11-01T01:08:28.727+0000][info][gc,start     ] GC(23) Pause Init Mark
[2020-11-01T01:08:28.727+0000][info][gc,task      ] GC(23) Using 1 of 1 workers for init marking
[2020-11-01T01:08:28.727+0000][info][gc,ergo      ] GC(23) Pacer for Mark. Expected Live: 4M, Free: 408M, Non-Taxable: 40M, Alloc Tax Rate: 0.0x
[2020-11-01T01:08:28.727+0000][info][gc           ] GC(23) Pause Init Mark 0.488ms
[2020-11-01T01:08:28.727+0000][info][safepoint    ] Safepoint "ShenandoahInitMark", Time since last: 50783676 ns, Reaching safepoint: 138886 ns, At safepoint: 509631 ns, Total: 648517 ns
[2020-11-01T01:08:28.727+0000][info][gc,start     ] GC(23) Concurrent marking
[2020-11-01T01:08:28.727+0000][info][gc,task      ] GC(23) Using 1 of 1 workers for concurrent marking
[2020-11-01T01:08:28.735+0000][info][gc           ] GC(23) Concurrent marking 3482M->3486M(4096M) 7.714ms
[2020-11-01T01:08:28.735+0000][info][gc,start     ] GC(23) Pause Final Mark
[2020-11-01T01:08:28.735+0000][info][gc,task      ] GC(23) Using 1 of 1 workers for final marking
[2020-11-01T01:08:28.736+0000][info][gc,ergo      ] GC(23) Immediate Garbage: 3414M (98% of total), 1707 regions
[2020-11-01T01:08:28.736+0000][info][gc           ] GC(23) Pause Final Mark 0.591ms
[2020-11-01T01:08:28.736+0000][info][safepoint    ] Safepoint "ShenandoahFinalMarkStartEvac", Time since last: 7775441 ns, Reaching safepoint: 132904 ns, At safepoint: 610850 ns, Total: 743754 ns
[2020-11-01T01:08:28.736+0000][info][gc,start     ] GC(23) Concurrent cleanup
[2020-11-01T01:08:28.736+0000][info][gc           ] GC(23) Concurrent cleanup 3486M->76M(4096M) 0.293ms
[2020-11-01T01:08:28.736+0000][info][gc,ergo      ] GC(23) Free: 3814M (1907 regions), Max regular: 2048K, Max humongous: 1572864K, External frag: 60%, Internal frag: 0%
[2020-11-01T01:08:28.736+0000][info][gc,ergo      ] GC(23) Evacuation Reserve: 206M (103 regions), Max regular: 2048K
[2020-11-01T01:08:28.736+0000][info][gc,ergo      ] Free: 3814M (1907 regions), Max regular: 2048K, Max humongous: 1572864K, External frag: 60%, Internal frag: 0%
[2020-11-01T01:08:28.736+0000][info][gc,ergo      ] Evacuation Reserve: 206M (103 regions), Max regular: 2048K
[2020-11-01T01:08:28.736+0000][info][gc,ergo      ] Pacer for Idle. Initial: 81M, Alloc Tax Rate: 1.0x
[2020-11-01T01:08:29.736+0000][info][safepoint    ] Safepoint "Cleanup", Time since last: 1000079344 ns, Reaching safepoint: 128894 ns, At safepoint: 3122 ns, Total: 132016 ns
[2020-11-01T01:08:30.736+0000][info][safepoint    ] Safepoint "Cleanup", Time since last: 1000081578 ns, Reaching safepoint: 139381 ns, At safepoint: 4970 ns, Total: 144351 ns
[2020-11-01T01:08:31.736+0000][info][safepoint    ] Safepoint "Cleanup", Time since last: 1000106444 ns, Reaching safepoint: 78768 ns, At safepoint: 5738 ns, Total: 84506 ns
[2020-11-01T01:08:32.737+0000][info][safepoint    ] Safepoint "Cleanup", Time since last: 1000113409 ns, Reaching safepoint: 136209 ns, At safepoint: 5384 ns, Total: 141593 ns
[2020-11-01T01:08:33.737+0000][info][safepoint    ] Safepoint "Cleanup", Time since last: 1000111169 ns, Reaching safepoint: 136145 ns, At safepoint: 3019 ns, Total: 139164 ns
[2020-11-01T01:08:34.737+0000][info][safepoint    ] Safepoint "Cleanup", Time since last: 1000112574 ns, Reaching safepoint: 140263 ns, At safepoint: 5222 ns, Total: 145485 ns
[2020-11-01T01:08:35.737+0000][info][safepoint    ] Safepoint "Cleanup", Time since last: 1000111350 ns, Reaching safepoint: 135848 ns, At safepoint: 4989 ns, Total: 140837 ns
[2020-11-01T01:08:36.738+0000][info][safepoint    ] Safepoint "Cleanup", Time since last: 1000106631 ns, Reaching safepoint: 58159 ns, At safepoint: 6390 ns, Total: 64549 ns
[2020-11-01T01:08:37.738+0000][info][safepoint    ] Safepoint "Cleanup", Time since last: 1000114270 ns, Reaching safepoint: 137256 ns, At safepoint: 5055 ns, Total: 142311 ns
[2020-11-01T01:08:38.738+0000][info][safepoint    ] Safepoint "Cleanup", Time since last: 1000107745 ns, Reaching safepoint: 135759 ns, At safepoint: 3262 ns, Total: 139021 ns
[2020-11-01T01:08:38.771+0000][info][gc           ] Trigger: Free (408M) is below minimum threshold (409M)
[2020-11-01T01:08:38.771+0000][info][gc,ergo      ] Free: 408M (204 regions), Max regular: 2048K, Max humongous: 411648K, External frag: 2%, Internal frag: 0%
[2020-11-01T01:08:38.771+0000][info][gc,ergo      ] Evacuation Reserve: 206M (103 regions), Max regular: 2048K
[2020-11-01T01:08:38.771+0000][info][gc,start     ] GC(24) Concurrent reset
[2020-11-01T01:08:38.771+0000][info][gc,task      ] GC(24) Using 1 of 1 workers for concurrent reset
[2020-11-01T01:08:38.772+0000][info][gc           ] GC(24) Concurrent reset 3482M->3482M(4096M) 0.391ms
[2020-11-01T01:08:38.772+0000][info][gc,start     ] GC(24) Pause Init Mark
[2020-11-01T01:08:38.772+0000][info][gc,task      ] GC(24) Using 1 of 1 workers for init marking
[2020-11-01T01:08:38.772+0000][info][gc,ergo      ] GC(24) Pacer for Mark. Expected Live: 4M, Free: 408M, Non-Taxable: 40M, Alloc Tax Rate: 0.0x
[2020-11-01T01:08:38.772+0000][info][gc           ] GC(24) Pause Init Mark 0.479ms
[2020-11-01T01:08:38.772+0000][info][safepoint    ] Safepoint "ShenandoahInitMark", Time since last: 33596788 ns, Reaching safepoint: 138245 ns, At safepoint: 499451 ns, Total: 637696 ns
[2020-11-01T01:08:38.772+0000][info][gc,start     ] GC(24) Concurrent marking
[2020-11-01T01:08:38.772+0000][info][gc,task      ] GC(24) Using 1 of 1 workers for concurrent marking
[2020-11-01T01:08:38.780+0000][info][gc           ] GC(24) Concurrent marking 3482M->3486M(4096M) 7.900ms
[2020-11-01T01:08:38.780+0000][info][gc,start     ] GC(24) Pause Final Mark
[2020-11-01T01:08:38.780+0000][info][gc,task      ] GC(24) Using 1 of 1 workers for final marking
[2020-11-01T01:08:38.781+0000][info][gc,ergo      ] GC(24) Immediate Garbage: 3414M (98% of total), 1707 regions
[2020-11-01T01:08:38.781+0000][info][gc           ] GC(24) Pause Final Mark 0.639ms
[2020-11-01T01:08:38.781+0000][info][safepoint    ] Safepoint "ShenandoahFinalMarkStartEvac", Time since last: 7972471 ns, Reaching safepoint: 141800 ns, At safepoint: 659415 ns, Total: 801215 ns
[2020-11-01T01:08:38.781+0000][info][gc,start     ] GC(24) Concurrent cleanup
[2020-11-01T01:08:38.781+0000][info][gc           ] GC(24) Concurrent cleanup 3486M->76M(4096M) 0.294ms
[2020-11-01T01:08:38.781+0000][info][gc,ergo      ] GC(24) Free: 3814M (1907 regions), Max regular: 2048K, Max humongous: 1572864K, External frag: 60%, Internal frag: 0%
[2020-11-01T01:08:38.782+0000][info][gc,ergo      ] GC(24) Evacuation Reserve: 206M (103 regions), Max regular: 2048K
[2020-11-01T01:08:38.782+0000][info][gc,ergo      ] Free: 3814M (1907 regions), Max regular: 2048K, Max humongous: 1572864K, External frag: 60%, Internal frag: 0%
[2020-11-01T01:08:38.782+0000][info][gc,ergo      ] Evacuation Reserve: 206M (103 regions), Max regular: 2048K
[2020-11-01T01:08:38.782+0000][info][gc,ergo      ] Pacer for Idle. Initial: 81M, Alloc Tax Rate: 1.0x
[2020-11-01T01:08:39.781+0000][info][safepoint    ] Safepoint "Cleanup", Time since last: 1000083354 ns, Reaching safepoint: 139621 ns, At safepoint: 5111 ns, Total: 144732 ns
[2020-11-01T01:08:40.782+0000][info][safepoint    ] Safepoint "Cleanup", Time since last: 1000114975 ns, Reaching safepoint: 58955 ns, At safepoint: 5630 ns, Total: 64585 ns
[2020-11-01T01:08:41.782+0000][info][safepoint    ] Safepoint "Cleanup", Time since last: 1000110834 ns, Reaching safepoint: 134101 ns, At safepoint: 5387 ns, Total: 139488 ns
[2020-11-01T01:08:42.782+0000][info][safepoint    ] Safepoint "Cleanup", Time since last: 1000121477 ns, Reaching safepoint: 133360 ns, At safepoint: 6193 ns, Total: 139553 ns
[2020-11-01T01:08:43.782+0000][info][safepoint    ] Safepoint "Cleanup", Time since last: 1000109002 ns, Reaching safepoint: 54033 ns, At safepoint: 6177 ns, Total: 60210 ns
[2020-11-01T01:08:44.784+0000][info][safepoint    ] Safepoint "Cleanup", Time since last: 1001166065 ns, Reaching safepoint: 134817 ns, At safepoint: 5595 ns, Total: 140412 ns
[2020-11-01T01:08:45.784+0000][info][safepoint    ] Safepoint "Cleanup", Time since last: 1000107282 ns, Reaching safepoint: 133670 ns, At safepoint: 3430 ns, Total: 137100 ns
[2020-11-01T01:08:46.784+0000][info][safepoint    ] Safepoint "Cleanup", Time since last: 1000109473 ns, Reaching safepoint: 59584 ns, At safepoint: 3261 ns, Total: 62845 ns
[2020-11-01T01:08:47.784+0000][info][safepoint    ] Safepoint "Cleanup", Time since last: 1000102653 ns, Reaching safepoint: 141852 ns, At safepoint: 5400 ns, Total: 147252 ns
[2020-11-01T01:08:48.784+0000][info][safepoint    ] Safepoint "Cleanup", Time since last: 1000111330 ns, Reaching safepoint: 136482 ns, At safepoint: 5239 ns, Total: 141721 ns
[2020-11-01T01:08:48.809+0000][info][gc           ] Trigger: Free (408M) is below minimum threshold (409M)
[2020-11-01T01:08:48.809+0000][info][gc,ergo      ] Free: 408M (204 regions), Max regular: 2048K, Max humongous: 415744K, External frag: 1%, Internal frag: 0%
[2020-11-01T01:08:48.809+0000][info][gc,ergo      ] Evacuation Reserve: 206M (103 regions), Max regular: 2048K
[2020-11-01T01:08:48.809+0000][info][gc,start     ] GC(25) Concurrent reset
[2020-11-01T01:08:48.809+0000][info][gc,task      ] GC(25) Using 1 of 1 workers for concurrent reset
[2020-11-01T01:08:48.810+0000][info][gc           ] GC(25) Concurrent reset 3482M->3482M(4096M) 0.401ms
[2020-11-01T01:08:48.810+0000][info][gc,start     ] GC(25) Pause Init Mark (process weakrefs)
[2020-11-01T01:08:48.810+0000][info][gc,task      ] GC(25) Using 1 of 1 workers for init marking
[2020-11-01T01:08:48.810+0000][info][gc,ergo      ] GC(25) Pacer for Mark. Expected Live: 4M, Free: 408M, Non-Taxable: 40M, Alloc Tax Rate: 0.0x
[2020-11-01T01:08:48.810+0000][info][gc           ] GC(25) Pause Init Mark (process weakrefs) 0.463ms
[2020-11-01T01:08:48.810+0000][info][safepoint    ] Safepoint "ShenandoahInitMark", Time since last: 25211756 ns, Reaching safepoint: 137573 ns, At safepoint: 481425 ns, Total: 618998 ns
[2020-11-01T01:08:48.810+0000][info][gc,start     ] GC(25) Concurrent marking (process weakrefs)
[2020-11-01T01:08:48.810+0000][info][gc,task      ] GC(25) Using 1 of 1 workers for concurrent marking
[2020-11-01T01:08:48.816+0000][info][gc           ] GC(25) Concurrent marking (process weakrefs) 3484M->3486M(4096M) 5.561ms
[2020-11-01T01:08:48.816+0000][info][gc,start     ] GC(25) Concurrent precleaning
[2020-11-01T01:08:48.816+0000][info][gc,task      ] GC(25) Using 1 of 1 workers for concurrent preclean
[2020-11-01T01:08:48.816+0000][info][gc           ] GC(25) Concurrent precleaning 3486M->3486M(4096M) 0.184ms
[2020-11-01T01:08:48.816+0000][info][gc,start     ] GC(25) Pause Final Mark (process weakrefs)
[2020-11-01T01:08:48.816+0000][info][gc,task      ] GC(25) Using 1 of 1 workers for final marking
[2020-11-01T01:08:48.817+0000][info][gc,ergo      ] GC(25) Immediate Garbage: 3414M (98% of total), 1707 regions
[2020-11-01T01:08:48.817+0000][info][gc           ] GC(25) Pause Final Mark (process weakrefs) 0.609ms
[2020-11-01T01:08:48.817+0000][info][safepoint    ] Safepoint "ShenandoahFinalMarkStartEvac", Time since last: 5820607 ns, Reaching safepoint: 44639 ns, At safepoint: 628464 ns, Total: 673103 ns
[2020-11-01T01:08:48.817+0000][info][gc,start     ] GC(25) Concurrent cleanup
[2020-11-01T01:08:48.817+0000][info][gc           ] GC(25) Concurrent cleanup 3486M->72M(4096M) 0.246ms
[2020-11-01T01:08:48.817+0000][info][gc,ergo      ] GC(25) Free: 3818M (1909 regions), Max regular: 2048K, Max humongous: 1572864K, External frag: 60%, Internal frag: 0%
[2020-11-01T01:08:48.817+0000][info][gc,ergo      ] GC(25) Evacuation Reserve: 206M (103 regions), Max regular: 2048K
[2020-11-01T01:08:48.817+0000][info][gc,ergo      ] Free: 3818M (1909 regions), Max regular: 2048K, Max humongous: 1572864K, External frag: 60%, Internal frag: 0%
[2020-11-01T01:08:48.817+0000][info][gc,ergo      ] Evacuation Reserve: 206M (103 regions), Max regular: 2048K
[2020-11-01T01:08:48.817+0000][info][gc,ergo      ] Pacer for Idle. Initial: 81M, Alloc Tax Rate: 1.0x
[2020-11-01T01:08:49.817+0000][info][safepoint    ] Safepoint "Cleanup", Time since last: 1000084740 ns, Reaching safepoint: 58418 ns, At safepoint: 5533 ns, Total: 63951 ns
[2020-11-01T01:08:50.817+0000][info][safepoint    ] Safepoint "Cleanup", Time since last: 1000113786 ns, Reaching safepoint: 56588 ns, At safepoint: 5719 ns, Total: 62307 ns
[2020-11-01T01:08:51.817+0000][info][safepoint    ] Safepoint "Cleanup", Time since last: 1000109902 ns, Reaching safepoint: 132472 ns, At safepoint: 5841 ns, Total: 138313 ns
[2020-11-01T01:08:52.818+0000][info][safepoint    ] Safepoint "Cleanup", Time since last: 1000109009 ns, Reaching safepoint: 140228 ns, At safepoint: 5257 ns, Total: 145485 ns
[2020-11-01T01:08:53.818+0000][info][safepoint    ] Safepoint "Cleanup", Time since last: 1000117187 ns, Reaching safepoint: 56617 ns, At safepoint: 5439 ns, Total: 62056 ns
[2020-11-01T01:08:54.818+0000][info][safepoint    ] Safepoint "Cleanup", Time since last: 1000110385 ns, Reaching safepoint: 136977 ns, At safepoint: 3302 ns, Total: 140279 ns
[2020-11-01T01:08:55.818+0000][info][safepoint    ] Safepoint "Cleanup", Time since last: 1000107651 ns, Reaching safepoint: 141597 ns, At safepoint: 7196 ns, Total: 148793 ns
[2020-11-01T01:08:56.819+0000][info][safepoint    ] Safepoint "Cleanup", Time since last: 1000106281 ns, Reaching safepoint: 133492 ns, At safepoint: 5639 ns, Total: 139131 ns
[2020-11-01T01:08:57.819+0000][info][safepoint    ] Safepoint "Cleanup", Time since last: 1000106921 ns, Reaching safepoint: 132326 ns, At safepoint: 3306 ns, Total: 135632 ns
[2020-11-01T01:08:58.819+0000][info][safepoint    ] Safepoint "Cleanup", Time since last: 1000114251 ns, Reaching safepoint: 135932 ns, At safepoint: 5193 ns, Total: 141125 ns
[2020-11-01T01:08:58.847+0000][info][gc           ] Trigger: Free (408M) is below minimum threshold (409M)
[2020-11-01T01:08:58.847+0000][info][gc,ergo      ] Free: 408M (204 regions), Max regular: 2048K, Max humongous: 411648K, External frag: 2%, Internal frag: 0%
[2020-11-01T01:08:58.847+0000][info][gc,ergo      ] Evacuation Reserve: 206M (103 regions), Max regular: 2048K
[2020-11-01T01:08:58.847+0000][info][gc,start     ] GC(26) Concurrent reset
[2020-11-01T01:08:58.847+0000][info][gc,task      ] GC(26) Using 1 of 1 workers for concurrent reset
[2020-11-01T01:08:58.847+0000][info][gc           ] GC(26) Concurrent reset 3482M->3482M(4096M) 0.386ms
[2020-11-01T01:08:58.847+0000][info][gc,start     ] GC(26) Pause Init Mark
[2020-11-01T01:08:58.847+0000][info][gc,task      ] GC(26) Using 1 of 1 workers for init marking
[2020-11-01T01:08:58.848+0000][info][gc,ergo      ] GC(26) Pacer for Mark. Expected Live: 4M, Free: 408M, Non-Taxable: 40M, Alloc Tax Rate: 0.0x
[2020-11-01T01:08:58.848+0000][info][gc           ] GC(26) Pause Init Mark 0.460ms
[2020-11-01T01:08:58.848+0000][info][safepoint    ] Safepoint "ShenandoahInitMark", Time since last: 28046052 ns, Reaching safepoint: 140689 ns, At safepoint: 478930 ns, Total: 619619 ns
[2020-11-01T01:08:58.848+0000][info][gc,start     ] GC(26) Concurrent marking
[2020-11-01T01:08:58.848+0000][info][gc,task      ] GC(26) Using 1 of 1 workers for concurrent marking
[2020-11-01T01:08:58.853+0000][info][gc           ] GC(26) Concurrent marking 3484M->3484M(4096M) 5.338ms
[2020-11-01T01:08:58.853+0000][info][gc,start     ] GC(26) Pause Final Mark
[2020-11-01T01:08:58.853+0000][info][gc,task      ] GC(26) Using 1 of 1 workers for final marking
[2020-11-01T01:08:58.854+0000][info][gc,ergo      ] GC(26) Immediate Garbage: 3414M (98% of total), 1707 regions
[2020-11-01T01:08:58.854+0000][info][gc           ] GC(26) Pause Final Mark 0.566ms
[2020-11-01T01:08:58.854+0000][info][safepoint    ] Safepoint "ShenandoahFinalMarkStartEvac", Time since last: 5395631 ns, Reaching safepoint: 119096 ns, At safepoint: 583990 ns, Total: 703086 ns
[2020-11-01T01:08:58.854+0000][info][gc,start     ] GC(26) Concurrent cleanup
[2020-11-01T01:08:58.854+0000][info][gc           ] GC(26) Concurrent cleanup 3486M->74M(4096M) 0.256ms
[2020-11-01T01:08:58.854+0000][info][gc,ergo      ] GC(26) Free: 3816M (1908 regions), Max regular: 2048K, Max humongous: 1572864K, External frag: 60%, Internal frag: 0%
[2020-11-01T01:08:58.854+0000][info][gc,ergo      ] GC(26) Evacuation Reserve: 206M (103 regions), Max regular: 2048K
[2020-11-01T01:08:58.854+0000][info][gc,ergo      ] Free: 3816M (1908 regions), Max regular: 2048K, Max humongous: 1572864K, External frag: 60%, Internal frag: 0%
[2020-11-01T01:08:58.854+0000][info][gc,ergo      ] Evacuation Reserve: 206M (103 regions), Max regular: 2048K
[2020-11-01T01:08:58.854+0000][info][gc,ergo      ] Pacer for Idle. Initial: 81M, Alloc Tax Rate: 1.0x
[2020-11-01T01:08:59.854+0000][info][safepoint    ] Safepoint "Cleanup", Time since last: 1000082155 ns, Reaching safepoint: 137466 ns, At safepoint: 5290 ns, Total: 142756 ns
[2020-11-01T01:09:00.854+0000][info][safepoint    ] Safepoint "Cleanup", Time since last: 1000105361 ns, Reaching safepoint: 58799 ns, At safepoint: 6159 ns, Total: 64958 ns
[2020-11-01T01:09:01.854+0000][info][safepoint    ] Safepoint "Cleanup", Time since last: 1000112078 ns, Reaching safepoint: 73808 ns, At safepoint: 3711 ns, Total: 77519 ns
[2020-11-01T01:09:02.855+0000][info][safepoint    ] Safepoint "Cleanup", Time since last: 1000104634 ns, Reaching safepoint: 135393 ns, At safepoint: 5129 ns, Total: 140522 ns
[2020-11-01T01:09:03.855+0000][info][safepoint    ] Safepoint "Cleanup", Time since last: 1000111851 ns, Reaching safepoint: 138479 ns, At safepoint: 7755 ns, Total: 146234 ns
[2020-11-01T01:09:04.855+0000][info][safepoint    ] Safepoint "Cleanup", Time since last: 1000108176 ns, Reaching safepoint: 134168 ns, At safepoint: 3498 ns, Total: 137666 ns
[2020-11-01T01:09:05.855+0000][info][safepoint    ] Safepoint "Cleanup", Time since last: 1000112088 ns, Reaching safepoint: 136186 ns, At safepoint: 5279 ns, Total: 141465 ns
[2020-11-01T01:09:06.856+0000][info][safepoint    ] Safepoint "Cleanup", Time since last: 1000121246 ns, Reaching safepoint: 53187 ns, At safepoint: 5559 ns, Total: 58746 ns
[2020-11-01T01:09:07.856+0000][info][safepoint    ] Safepoint "Cleanup", Time since last: 1000108333 ns, Reaching safepoint: 57171 ns, At safepoint: 5551 ns, Total: 62722 ns
[2020-11-01T01:09:08.856+0000][info][safepoint    ] Safepoint "Cleanup", Time since last: 1000110997 ns, Reaching safepoint: 154272 ns, At safepoint: 5583 ns, Total: 159855 ns
[2020-11-01T01:09:08.885+0000][info][gc           ] Trigger: Free (408M) is below minimum threshold (409M)
[2020-11-01T01:09:08.885+0000][info][gc,ergo      ] Free: 408M (204 regions), Max regular: 2048K, Max humongous: 415744K, External frag: 1%, Internal frag: 0%
[2020-11-01T01:09:08.885+0000][info][gc,ergo      ] Evacuation Reserve: 206M (103 regions), Max regular: 2048K
[2020-11-01T01:09:08.885+0000][info][gc,start     ] GC(27) Concurrent reset
[2020-11-01T01:09:08.885+0000][info][gc,task      ] GC(27) Using 1 of 1 workers for concurrent reset
[2020-11-01T01:09:08.885+0000][info][gc           ] GC(27) Concurrent reset 3482M->3482M(4096M) 0.385ms
[2020-11-01T01:09:08.885+0000][info][gc,start     ] GC(27) Pause Init Mark
[2020-11-01T01:09:08.885+0000][info][gc,task      ] GC(27) Using 1 of 1 workers for init marking
[2020-11-01T01:09:08.886+0000][info][gc,ergo      ] GC(27) Pacer for Mark. Expected Live: 4M, Free: 408M, Non-Taxable: 40M, Alloc Tax Rate: 0.0x
[2020-11-01T01:09:08.886+0000][info][gc           ] GC(27) Pause Init Mark 0.440ms
[2020-11-01T01:09:08.886+0000][info][safepoint    ] Safepoint "ShenandoahInitMark", Time since last: 29244751 ns, Reaching safepoint: 56077 ns, At safepoint: 459669 ns, Total: 515746 ns
[2020-11-01T01:09:08.886+0000][info][gc,start     ] GC(27) Concurrent marking
[2020-11-01T01:09:08.886+0000][info][gc,task      ] GC(27) Using 1 of 1 workers for concurrent marking
[2020-11-01T01:09:08.894+0000][info][gc           ] GC(27) Concurrent marking 3484M->3486M(4096M) 7.858ms
[2020-11-01T01:09:08.894+0000][info][gc,start     ] GC(27) Pause Final Mark
[2020-11-01T01:09:08.894+0000][info][gc,task      ] GC(27) Using 1 of 1 workers for final marking
[2020-11-01T01:09:08.894+0000][info][gc,ergo      ] GC(27) Immediate Garbage: 3412M (98% of total), 1706 regions
[2020-11-01T01:09:08.894+0000][info][gc           ] GC(27) Pause Final Mark 0.597ms
[2020-11-01T01:09:08.894+0000][info][safepoint    ] Safepoint "ShenandoahFinalMarkStartEvac", Time since last: 7918611 ns, Reaching safepoint: 133211 ns, At safepoint: 616924 ns, Total: 750135 ns
[2020-11-01T01:09:08.894+0000][info][gc,start     ] GC(27) Concurrent cleanup
[2020-11-01T01:09:08.895+0000][info][gc           ] GC(27) Concurrent cleanup 3486M->78M(4096M) 0.292ms
[2020-11-01T01:09:08.895+0000][info][gc,ergo      ] GC(27) Free: 3812M (1906 regions), Max regular: 2048K, Max humongous: 1572864K, External frag: 60%, Internal frag: 0%
[2020-11-01T01:09:08.895+0000][info][gc,ergo      ] GC(27) Evacuation Reserve: 206M (103 regions), Max regular: 2048K
[2020-11-01T01:09:08.895+0000][info][gc,ergo      ] Free: 3812M (1906 regions), Max regular: 2048K, Max humongous: 1572864K, External frag: 60%, Internal frag: 0%
[2020-11-01T01:09:08.895+0000][info][gc,ergo      ] Evacuation Reserve: 206M (103 regions), Max regular: 2048K
[2020-11-01T01:09:08.895+0000][info][gc,ergo      ] Pacer for Idle. Initial: 81M, Alloc Tax Rate: 1.0x
[2020-11-01T01:09:09.895+0000][info][safepoint    ] Safepoint "Cleanup", Time since last: 1000080812 ns, Reaching safepoint: 55460 ns, At safepoint: 6142 ns, Total: 61602 ns
[2020-11-01T01:09:10.895+0000][info][safepoint    ] Safepoint "Cleanup", Time since last: 1000114806 ns, Reaching safepoint: 136999 ns, At safepoint: 7007 ns, Total: 144006 ns
[2020-11-01T01:09:11.895+0000][info][safepoint    ] Safepoint "Cleanup", Time since last: 1000107445 ns, Reaching safepoint: 141443 ns, At safepoint: 5345 ns, Total: 146788 ns
[2020-11-01T01:09:12.895+0000][info][safepoint    ] Safepoint "Cleanup", Time since last: 1000125630 ns, Reaching safepoint: 140786 ns, At safepoint: 2999 ns, Total: 143785 ns
[2020-11-01T01:09:13.895+0000][info][safepoint    ] Safepoint "Cleanup", Time since last: 1000083336 ns, Reaching safepoint: 61242 ns, At safepoint: 4291 ns, Total: 65533 ns
[2020-11-01T01:09:14.896+0000][info][safepoint    ] Safepoint "Cleanup", Time since last: 1000106464 ns, Reaching safepoint: 135699 ns, At safepoint: 3174 ns, Total: 138873 ns
[2020-11-01T01:09:15.896+0000][info][safepoint    ] Safepoint "Cleanup", Time since last: 1000111039 ns, Reaching safepoint: 134507 ns, At safepoint: 5491 ns, Total: 139998 ns
[2020-11-01T01:09:16.896+0000][info][safepoint    ] Safepoint "Cleanup", Time since last: 1000110092 ns, Reaching safepoint: 151610 ns, At safepoint: 5380 ns, Total: 156990 ns
[2020-11-01T01:09:17.897+0000][info][safepoint    ] Safepoint "Cleanup", Time since last: 1000116210 ns, Reaching safepoint: 135061 ns, At safepoint: 7110 ns, Total: 142171 ns
[2020-11-01T01:09:18.897+0000][info][safepoint    ] Safepoint "Cleanup", Time since last: 1000123759 ns, Reaching safepoint: 139622 ns, At safepoint: 5265 ns, Total: 144887 ns
[2020-11-01T01:09:18.926+0000][info][gc           ] Trigger: Free (408M) is below minimum threshold (409M)
[2020-11-01T01:09:18.926+0000][info][gc,ergo      ] Free: 408M (204 regions), Max regular: 2048K, Max humongous: 411648K, External frag: 2%, Internal frag: 0%
[2020-11-01T01:09:18.926+0000][info][gc,ergo      ] Evacuation Reserve: 206M (103 regions), Max regular: 2048K
[2020-11-01T01:09:18.926+0000][info][gc,start     ] GC(28) Concurrent reset
[2020-11-01T01:09:18.926+0000][info][gc,task      ] GC(28) Using 1 of 1 workers for concurrent reset
[2020-11-01T01:09:18.926+0000][info][gc           ] GC(28) Concurrent reset 3482M->3482M(4096M) 0.397ms
[2020-11-01T01:09:18.926+0000][info][gc,start     ] GC(28) Pause Init Mark
[2020-11-01T01:09:18.926+0000][info][gc,task      ] GC(28) Using 1 of 1 workers for init marking
[2020-11-01T01:09:18.927+0000][info][gc,ergo      ] GC(28) Pacer for Mark. Expected Live: 4M, Free: 408M, Non-Taxable: 40M, Alloc Tax Rate: 0.0x
[2020-11-01T01:09:18.927+0000][info][gc           ] GC(28) Pause Init Mark 0.459ms
[2020-11-01T01:09:18.927+0000][info][safepoint    ] Safepoint "ShenandoahInitMark", Time since last: 29340064 ns, Reaching safepoint: 138032 ns, At safepoint: 477666 ns, Total: 615698 ns
[2020-11-01T01:09:18.927+0000][info][gc,start     ] GC(28) Concurrent marking
[2020-11-01T01:09:18.927+0000][info][gc,task      ] GC(28) Using 1 of 1 workers for concurrent marking
[2020-11-01T01:09:18.932+0000][info][gc           ] GC(28) Concurrent marking 3484M->3484M(4096M) 5.386ms
[2020-11-01T01:09:18.932+0000][info][gc,start     ] GC(28) Pause Final Mark
[2020-11-01T01:09:18.932+0000][info][gc,task      ] GC(28) Using 1 of 1 workers for final marking
[2020-11-01T01:09:18.933+0000][info][gc,ergo      ] GC(28) Immediate Garbage: 3412M (98% of total), 1706 regions
[2020-11-01T01:09:18.933+0000][info][gc           ] GC(28) Pause Final Mark 0.596ms
[2020-11-01T01:09:18.933+0000][info][safepoint    ] Safepoint "ShenandoahFinalMarkStartEvac", Time since last: 5448474 ns, Reaching safepoint: 121370 ns, At safepoint: 616237 ns, Total: 737607 ns
[2020-11-01T01:09:18.933+0000][info][gc,start     ] GC(28) Concurrent cleanup
[2020-11-01T01:09:18.933+0000][info][gc           ] GC(28) Concurrent cleanup 3486M->78M(4096M) 0.286ms
[2020-11-01T01:09:18.933+0000][info][gc,ergo      ] GC(28) Free: 3812M (1906 regions), Max regular: 2048K, Max humongous: 1572864K, External frag: 60%, Internal frag: 0%
[2020-11-01T01:09:18.933+0000][info][gc,ergo      ] GC(28) Evacuation Reserve: 206M (103 regions), Max regular: 2048K
[2020-11-01T01:09:18.933+0000][info][gc,ergo      ] Free: 3812M (1906 regions), Max regular: 2048K, Max humongous: 1572864K, External frag: 60%, Internal frag: 0%
[2020-11-01T01:09:18.933+0000][info][gc,ergo      ] Evacuation Reserve: 206M (103 regions), Max regular: 2048K
[2020-11-01T01:09:18.933+0000][info][gc,ergo      ] Pacer for Idle. Initial: 81M, Alloc Tax Rate: 1.0x
[2020-11-01T01:09:19.933+0000][info][safepoint    ] Safepoint "Cleanup", Time since last: 1000080265 ns, Reaching safepoint: 56529 ns, At safepoint: 5313 ns, Total: 61842 ns
[2020-11-01T01:09:20.933+0000][info][safepoint    ] Safepoint "Cleanup", Time since last: 1000112130 ns, Reaching safepoint: 133409 ns, At safepoint: 5076 ns, Total: 138485 ns
[2020-11-01T01:09:21.934+0000][info][safepoint    ] Safepoint "Cleanup", Time since last: 1000077942 ns, Reaching safepoint: 141142 ns, At safepoint: 6067 ns, Total: 147209 ns
[2020-11-01T01:09:22.934+0000][info][safepoint    ] Safepoint "Cleanup", Time since last: 1000109061 ns, Reaching safepoint: 133833 ns, At safepoint: 5695 ns, Total: 139528 ns
[2020-11-01T01:09:23.934+0000][info][safepoint    ] Safepoint "Cleanup", Time since last: 1000106337 ns, Reaching safepoint: 133357 ns, At safepoint: 7394 ns, Total: 140751 ns
[2020-11-01T01:09:24.934+0000][info][safepoint    ] Safepoint "Cleanup", Time since last: 1000110272 ns, Reaching safepoint: 140445 ns, At safepoint: 5173 ns, Total: 145618 ns
[2020-11-01T01:09:25.935+0000][info][safepoint    ] Safepoint "Cleanup", Time since last: 1000106646 ns, Reaching safepoint: 127527 ns, At safepoint: 3126 ns, Total: 130653 ns
[2020-11-01T01:09:26.935+0000][info][safepoint    ] Safepoint "Cleanup", Time since last: 1000105820 ns, Reaching safepoint: 61459 ns, At safepoint: 6876 ns, Total: 68335 ns
[2020-11-01T01:09:27.935+0000][info][safepoint    ] Safepoint "Cleanup", Time since last: 1000102153 ns, Reaching safepoint: 56495 ns, At safepoint: 6598 ns, Total: 63093 ns
[2020-11-01T01:09:28.935+0000][info][safepoint    ] Safepoint "Cleanup", Time since last: 1000105284 ns, Reaching safepoint: 138312 ns, At safepoint: 3125 ns, Total: 141437 ns
[2020-11-01T01:09:28.974+0000][info][gc           ] Trigger: Free (408M) is below minimum threshold (409M)
[2020-11-01T01:09:28.974+0000][info][gc,ergo      ] Free: 408M (204 regions), Max regular: 2048K, Max humongous: 415744K, External frag: 1%, Internal frag: 0%
[2020-11-01T01:09:28.974+0000][info][gc,ergo      ] Evacuation Reserve: 206M (103 regions), Max regular: 2048K
[2020-11-01T01:09:28.974+0000][info][gc,start     ] GC(29) Concurrent reset
[2020-11-01T01:09:28.974+0000][info][gc,task      ] GC(29) Using 1 of 1 workers for concurrent reset
[2020-11-01T01:09:28.974+0000][info][gc           ] GC(29) Concurrent reset 3482M->3482M(4096M) 0.399ms
[2020-11-01T01:09:28.975+0000][info][gc,start     ] GC(29) Pause Init Mark
[2020-11-01T01:09:28.975+0000][info][gc,task      ] GC(29) Using 1 of 1 workers for init marking
[2020-11-01T01:09:28.975+0000][info][gc,ergo      ] GC(29) Pacer for Mark. Expected Live: 4M, Free: 408M, Non-Taxable: 40M, Alloc Tax Rate: 0.0x
[2020-11-01T01:09:28.975+0000][info][gc           ] GC(29) Pause Init Mark 0.451ms
[2020-11-01T01:09:28.975+0000][info][safepoint    ] Safepoint "ShenandoahInitMark", Time since last: 39332839 ns, Reaching safepoint: 139724 ns, At safepoint: 469122 ns, Total: 608846 ns
[2020-11-01T01:09:28.975+0000][info][gc,start     ] GC(29) Concurrent marking
[2020-11-01T01:09:28.975+0000][info][gc,task      ] GC(29) Using 1 of 1 workers for concurrent marking
[2020-11-01T01:09:28.980+0000][info][gc           ] GC(29) Concurrent marking 3484M->3484M(4096M) 5.317ms
[2020-11-01T01:09:28.981+0000][info][gc,start     ] GC(29) Pause Final Mark
[2020-11-01T01:09:28.981+0000][info][gc,task      ] GC(29) Using 1 of 1 workers for final marking
[2020-11-01T01:09:28.981+0000][info][gc,ergo      ] GC(29) Immediate Garbage: 3406M (97% of total), 1703 regions
[2020-11-01T01:09:28.981+0000][info][gc           ] GC(29) Pause Final Mark 0.578ms
[2020-11-01T01:09:28.981+0000][info][safepoint    ] Safepoint "ShenandoahFinalMarkStartEvac", Time since last: 5378240 ns, Reaching safepoint: 126774 ns, At safepoint: 597599 ns, Total: 724373 ns
[2020-11-01T01:09:28.981+0000][info][gc,start     ] GC(29) Concurrent cleanup
[2020-11-01T01:09:28.981+0000][info][gc           ] GC(29) Concurrent cleanup 3486M->84M(4096M) 0.285ms
[2020-11-01T01:09:28.982+0000][info][gc,ergo      ] GC(29) Free: 3806M (1903 regions), Max regular: 2048K, Max humongous: 1572864K, External frag: 60%, Internal frag: 0%
[2020-11-01T01:09:28.982+0000][info][gc,ergo      ] GC(29) Evacuation Reserve: 206M (103 regions), Max regular: 2048K
[2020-11-01T01:09:28.982+0000][info][gc,ergo      ] Free: 3806M (1903 regions), Max regular: 2048K, Max humongous: 1572864K, External frag: 60%, Internal frag: 0%
[2020-11-01T01:09:28.982+0000][info][gc,ergo      ] Evacuation Reserve: 206M (103 regions), Max regular: 2048K
[2020-11-01T01:09:28.982+0000][info][gc,ergo      ] Pacer for Idle. Initial: 81M, Alloc Tax Rate: 1.0x
[2020-11-01T01:09:29.981+0000][info][safepoint    ] Safepoint "Cleanup", Time since last: 1000080705 ns, Reaching safepoint: 129897 ns, At safepoint: 4516 ns, Total: 134413 ns
[2020-11-01T01:09:30.982+0000][info][safepoint    ] Safepoint "Cleanup", Time since last: 1000104097 ns, Reaching safepoint: 136079 ns, At safepoint: 7990 ns, Total: 144069 ns
[2020-11-01T01:09:31.982+0000][info][safepoint    ] Safepoint "Cleanup", Time since last: 1000107902 ns, Reaching safepoint: 135759 ns, At safepoint: 5594 ns, Total: 141353 ns
[2020-11-01T01:09:32.982+0000][info][safepoint    ] Safepoint "Cleanup", Time since last: 1000108600 ns, Reaching safepoint: 154939 ns, At safepoint: 6003 ns, Total: 160942 ns
[2020-11-01T01:09:33.982+0000][info][safepoint    ] Safepoint "Cleanup", Time since last: 1000104402 ns, Reaching safepoint: 137485 ns, At safepoint: 5242 ns, Total: 142727 ns
[2020-11-01T01:09:34.983+0000][info][safepoint    ] Safepoint "Cleanup", Time since last: 1000111275 ns, Reaching safepoint: 131970 ns, At safepoint: 6131 ns, Total: 138101 ns
[2020-11-01T01:09:35.983+0000][info][safepoint    ] Safepoint "Cleanup", Time since last: 1000111539 ns, Reaching safepoint: 135436 ns, At safepoint: 4796 ns, Total: 140232 ns
[2020-11-01T01:09:36.983+0000][info][safepoint    ] Safepoint "Cleanup", Time since last: 1000106445 ns, Reaching safepoint: 132662 ns, At safepoint: 3132 ns, Total: 135794 ns
[2020-11-01T01:09:38.319+0000][info][safepoint    ] Safepoint "Cleanup", Time since last: 1335930234 ns, Reaching safepoint: 62224 ns, At safepoint: 5722 ns, Total: 67946 ns
[2020-11-01T01:09:38.988+0000][info][gc           ] Trigger: Free (408M) is below minimum threshold (409M)
[2020-11-01T01:09:38.988+0000][info][gc,ergo      ] Free: 408M (204 regions), Max regular: 2048K, Max humongous: 411648K, External frag: 2%, Internal frag: 0%
[2020-11-01T01:09:38.988+0000][info][gc,ergo      ] Evacuation Reserve: 206M (103 regions), Max regular: 2048K
[2020-11-01T01:09:38.988+0000][info][gc,start     ] GC(30) Concurrent reset
[2020-11-01T01:09:38.988+0000][info][gc,task      ] GC(30) Using 1 of 1 workers for concurrent reset
[2020-11-01T01:09:38.989+0000][info][gc           ] GC(30) Concurrent reset 3482M->3482M(4096M) 0.429ms
[2020-11-01T01:09:38.989+0000][info][gc,start     ] GC(30) Pause Init Mark (process weakrefs)
[2020-11-01T01:09:38.989+0000][info][gc,task      ] GC(30) Using 1 of 1 workers for init marking
[2020-11-01T01:09:38.989+0000][info][gc,ergo      ] GC(30) Pacer for Mark. Expected Live: 4M, Free: 408M, Non-Taxable: 40M, Alloc Tax Rate: 0.0x
[2020-11-01T01:09:38.989+0000][info][gc           ] GC(30) Pause Init Mark (process weakrefs) 0.452ms
[2020-11-01T01:09:38.989+0000][info][safepoint    ] Safepoint "ShenandoahInitMark", Time since last: 669612886 ns, Reaching safepoint: 138910 ns, At safepoint: 471250 ns, Total: 610160 ns
[2020-11-01T01:09:38.989+0000][info][gc,start     ] GC(30) Concurrent marking (process weakrefs)
[2020-11-01T01:09:38.989+0000][info][gc,task      ] GC(30) Using 1 of 1 workers for concurrent marking
[2020-11-01T01:09:38.995+0000][info][gc           ] GC(30) Concurrent marking (process weakrefs) 3484M->3484M(4096M) 5.468ms
[2020-11-01T01:09:38.995+0000][info][gc,start     ] GC(30) Concurrent precleaning
[2020-11-01T01:09:38.995+0000][info][gc,task      ] GC(30) Using 1 of 1 workers for concurrent preclean
[2020-11-01T01:09:38.995+0000][info][gc           ] GC(30) Concurrent precleaning 3486M->3486M(4096M) 0.167ms
[2020-11-01T01:09:38.995+0000][info][gc,start     ] GC(30) Pause Final Mark (process weakrefs)
[2020-11-01T01:09:38.995+0000][info][gc,task      ] GC(30) Using 1 of 1 workers for final marking
[2020-11-01T01:09:38.996+0000][info][gc,ergo      ] GC(30) Immediate Garbage: 3406M (97% of total), 1703 regions
[2020-11-01T01:09:38.996+0000][info][gc           ] GC(30) Pause Final Mark (process weakrefs) 0.587ms
[2020-11-01T01:09:38.996+0000][info][safepoint    ] Safepoint "ShenandoahFinalMarkStartEvac", Time since last: 5723983 ns, Reaching safepoint: 46571 ns, At safepoint: 607734 ns, Total: 654305 ns
[2020-11-01T01:09:38.996+0000][info][gc,start     ] GC(30) Concurrent cleanup
[2020-11-01T01:09:38.996+0000][info][gc           ] GC(30) Concurrent cleanup 3486M->80M(4096M) 0.248ms
[2020-11-01T01:09:38.996+0000][info][gc,ergo      ] GC(30) Free: 3810M (1905 regions), Max regular: 2048K, Max humongous: 1572864K, External frag: 60%, Internal frag: 0%
[2020-11-01T01:09:38.996+0000][info][gc,ergo      ] GC(30) Evacuation Reserve: 206M (103 regions), Max regular: 2048K
[2020-11-01T01:09:38.996+0000][info][gc,ergo      ] Free: 3810M (1905 regions), Max regular: 2048K, Max humongous: 1572864K, External frag: 60%, Internal frag: 0%
[2020-11-01T01:09:38.996+0000][info][gc,ergo      ] Evacuation Reserve: 206M (103 regions), Max regular: 2048K
[2020-11-01T01:09:38.996+0000][info][gc,ergo      ] Pacer for Idle. Initial: 81M, Alloc Tax Rate: 1.0x
[2020-11-01T01:09:39.996+0000][info][safepoint    ] Safepoint "Cleanup", Time since last: 1000080776 ns, Reaching safepoint: 95477 ns, At safepoint: 6289 ns, Total: 101766 ns
[2020-11-01T01:09:40.996+0000][info][safepoint    ] Safepoint "Cleanup", Time since last: 1000113737 ns, Reaching safepoint: 154075 ns, At safepoint: 7443 ns, Total: 161518 ns
[2020-11-01T01:09:41.996+0000][info][safepoint    ] Safepoint "Cleanup", Time since last: 1000111340 ns, Reaching safepoint: 135286 ns, At safepoint: 5577 ns, Total: 140863 ns
[2020-11-01T01:09:42.997+0000][info][safepoint    ] Safepoint "Cleanup", Time since last: 1000119317 ns, Reaching safepoint: 135848 ns, At safepoint: 5118 ns, Total: 140966 ns
[2020-11-01T01:09:43.997+0000][info][safepoint    ] Safepoint "Cleanup", Time since last: 1000109753 ns, Reaching safepoint: 130570 ns, At safepoint: 3090 ns, Total: 133660 ns
[2020-11-01T01:09:44.997+0000][info][safepoint    ] Safepoint "Cleanup", Time since last: 1000118068 ns, Reaching safepoint: 132462 ns, At safepoint: 3437 ns, Total: 135899 ns
[2020-11-01T01:09:45.997+0000][info][safepoint    ] Safepoint "Cleanup", Time since last: 1000111547 ns, Reaching safepoint: 131930 ns, At safepoint: 3058 ns, Total: 134988 ns
[2020-11-01T01:09:46.998+0000][info][safepoint    ] Safepoint "Cleanup", Time since last: 1000111278 ns, Reaching safepoint: 140010 ns, At safepoint: 5249 ns, Total: 145259 ns
[2020-11-01T01:09:47.998+0000][info][safepoint    ] Safepoint "Cleanup", Time since last: 1000110237 ns, Reaching safepoint: 134038 ns, At safepoint: 5509 ns, Total: 139547 ns
[2020-11-01T01:09:48.998+0000][info][safepoint    ] Safepoint "Cleanup", Time since last: 1000113216 ns, Reaching safepoint: 136490 ns, At safepoint: 5340 ns, Total: 141830 ns
[2020-11-01T01:09:48.999+0000][info][gc           ] Trigger: Free (408M) is below minimum threshold (409M)
[2020-11-01T01:09:49.000+0000][info][gc,ergo      ] Free: 408M (204 regions), Max regular: 2048K, Max humongous: 415744K, External frag: 1%, Internal frag: 0%
[2020-11-01T01:09:49.000+0000][info][gc,ergo      ] Evacuation Reserve: 206M (103 regions), Max regular: 2048K
[2020-11-01T01:09:49.000+0000][info][gc,start     ] GC(31) Concurrent reset
[2020-11-01T01:09:49.000+0000][info][gc,task      ] GC(31) Using 1 of 1 workers for concurrent reset
[2020-11-01T01:09:49.000+0000][info][gc           ] GC(31) Concurrent reset 3482M->3482M(4096M) 0.413ms
[2020-11-01T01:09:49.000+0000][info][gc,start     ] GC(31) Pause Init Mark
[2020-11-01T01:09:49.000+0000][info][gc,task      ] GC(31) Using 1 of 1 workers for init marking
[2020-11-01T01:09:49.001+0000][info][gc,ergo      ] GC(31) Pacer for Mark. Expected Live: 4M, Free: 408M, Non-Taxable: 40M, Alloc Tax Rate: 0.0x
[2020-11-01T01:09:49.001+0000][info][gc           ] GC(31) Pause Init Mark 0.473ms
[2020-11-01T01:09:49.001+0000][info][safepoint    ] Safepoint "ShenandoahInitMark", Time since last: 1787778 ns, Reaching safepoint: 130147 ns, At safepoint: 492307 ns, Total: 622454 ns
[2020-11-01T01:09:49.001+0000][info][gc,start     ] GC(31) Concurrent marking
[2020-11-01T01:09:49.001+0000][info][gc,task      ] GC(31) Using 1 of 1 workers for concurrent marking
[2020-11-01T01:09:49.006+0000][info][gc           ] GC(31) Concurrent marking 3482M->3486M(4096M) 5.329ms
[2020-11-01T01:09:49.006+0000][info][gc,start     ] GC(31) Pause Final Mark
[2020-11-01T01:09:49.006+0000][info][gc,task      ] GC(31) Using 1 of 1 workers for final marking
[2020-11-01T01:09:49.007+0000][info][gc,ergo      ] GC(31) Immediate Garbage: 3402M (97% of total), 1701 regions
[2020-11-01T01:09:49.007+0000][info][gc           ] GC(31) Pause Final Mark 0.578ms
[2020-11-01T01:09:49.007+0000][info][safepoint    ] Safepoint "ShenandoahFinalMarkStartEvac", Time since last: 5386531 ns, Reaching safepoint: 119001 ns, At safepoint: 596732 ns, Total: 715733 ns
[2020-11-01T01:09:49.007+0000][info][gc,start     ] GC(31) Concurrent cleanup
[2020-11-01T01:09:49.007+0000][info][gc           ] GC(31) Concurrent cleanup 3486M->86M(4096M) 0.259ms
[2020-11-01T01:09:49.007+0000][info][gc,ergo      ] GC(31) Free: 3804M (1902 regions), Max regular: 2048K, Max humongous: 1572864K, External frag: 60%, Internal frag: 0%
[2020-11-01T01:09:49.007+0000][info][gc,ergo      ] GC(31) Evacuation Reserve: 206M (103 regions), Max regular: 2048K
[2020-11-01T01:09:49.007+0000][info][gc,ergo      ] Free: 3804M (1902 regions), Max regular: 2048K, Max humongous: 1572864K, External frag: 60%, Internal frag: 0%
[2020-11-01T01:09:49.007+0000][info][gc,ergo      ] Evacuation Reserve: 206M (103 regions), Max regular: 2048K
[2020-11-01T01:09:49.007+0000][info][gc,ergo      ] Pacer for Idle. Initial: 81M, Alloc Tax Rate: 1.0x
[2020-11-01T01:09:50.007+0000][info][safepoint    ] Safepoint "Cleanup", Time since last: 1000079138 ns, Reaching safepoint: 134650 ns, At safepoint: 5097 ns, Total: 139747 ns
[2020-11-01T01:09:51.007+0000][info][safepoint    ] Safepoint "Cleanup", Time since last: 1000106472 ns, Reaching safepoint: 58129 ns, At safepoint: 6733 ns, Total: 64862 ns
[2020-11-01T01:09:52.007+0000][info][safepoint    ] Safepoint "Cleanup", Time since last: 1000112580 ns, Reaching safepoint: 151741 ns, At safepoint: 5872 ns, Total: 157613 ns
[2020-11-01T01:09:53.008+0000][info][safepoint    ] Safepoint "Cleanup", Time since last: 1000113360 ns, Reaching safepoint: 61634 ns, At safepoint: 6562 ns, Total: 68196 ns
[2020-11-01T01:09:54.008+0000][info][safepoint    ] Safepoint "Cleanup", Time since last: 1000102020 ns, Reaching safepoint: 132882 ns, At safepoint: 5428 ns, Total: 138310 ns
[2020-11-01T01:09:55.008+0000][info][safepoint    ] Safepoint "Cleanup", Time since last: 1000109824 ns, Reaching safepoint: 137541 ns, At safepoint: 5163 ns, Total: 142704 ns
[2020-11-01T01:09:56.008+0000][info][safepoint    ] Safepoint "Cleanup", Time since last: 1000107264 ns, Reaching safepoint: 135884 ns, At safepoint: 2974 ns, Total: 138858 ns
[2020-11-01T01:09:57.008+0000][info][safepoint    ] Safepoint "Cleanup", Time since last: 1000116521 ns, Reaching safepoint: 58885 ns, At safepoint: 5382 ns, Total: 64267 ns
[2020-11-01T01:09:58.009+0000][info][safepoint    ] Safepoint "Cleanup", Time since last: 1000120647 ns, Reaching safepoint: 134025 ns, At safepoint: 5003 ns, Total: 139028 ns
[2020-11-01T01:09:59.001+0000][info][gc           ] Trigger: Free (408M) is below minimum threshold (409M)
[2020-11-01T01:09:59.001+0000][info][gc,ergo      ] Free: 408M (204 regions), Max regular: 2048K, Max humongous: 411648K, External frag: 2%, Internal frag: 0%
[2020-11-01T01:09:59.001+0000][info][gc,ergo      ] Evacuation Reserve: 206M (103 regions), Max regular: 2048K
[2020-11-01T01:09:59.001+0000][info][gc,start     ] GC(32) Concurrent reset
[2020-11-01T01:09:59.001+0000][info][gc,task      ] GC(32) Using 1 of 1 workers for concurrent reset
[2020-11-01T01:09:59.001+0000][info][gc           ] GC(32) Concurrent reset 3482M->3482M(4096M) 0.425ms
[2020-11-01T01:09:59.001+0000][info][gc,start     ] GC(32) Pause Init Mark
[2020-11-01T01:09:59.001+0000][info][gc,task      ] GC(32) Using 1 of 1 workers for init marking
[2020-11-01T01:09:59.002+0000][info][gc,ergo      ] GC(32) Pacer for Mark. Expected Live: 4M, Free: 408M, Non-Taxable: 40M, Alloc Tax Rate: 0.0x
[2020-11-01T01:09:59.002+0000][info][gc           ] GC(32) Pause Init Mark 0.450ms
[2020-11-01T01:09:59.002+0000][info][safepoint    ] Safepoint "ShenandoahInitMark", Time since last: 992491801 ns, Reaching safepoint: 138953 ns, At safepoint: 469524 ns, Total: 608477 ns
[2020-11-01T01:09:59.002+0000][info][gc,start     ] GC(32) Concurrent marking
[2020-11-01T01:09:59.002+0000][info][gc,task      ] GC(32) Using 1 of 1 workers for concurrent marking
[2020-11-01T01:09:59.007+0000][info][gc           ] GC(32) Concurrent marking 3482M->3484M(4096M) 5.341ms
[2020-11-01T01:09:59.007+0000][info][gc,start     ] GC(32) Pause Final Mark
[2020-11-01T01:09:59.007+0000][info][gc,task      ] GC(32) Using 1 of 1 workers for final marking
[2020-11-01T01:09:59.008+0000][info][gc,ergo      ] GC(32) Immediate Garbage: 3402M (97% of total), 1701 regions
[2020-11-01T01:09:59.008+0000][info][gc           ] GC(32) Pause Final Mark 0.580ms
[2020-11-01T01:09:59.008+0000][info][safepoint    ] Safepoint "ShenandoahFinalMarkStartEvac", Time since last: 5402962 ns, Reaching safepoint: 124063 ns, At safepoint: 599039 ns, Total: 723102 ns
[2020-11-01T01:09:59.008+0000][info][gc,start     ] GC(32) Concurrent cleanup
[2020-11-01T01:09:59.008+0000][info][gc           ] GC(32) Concurrent cleanup 3486M->86M(4096M) 0.255ms
[2020-11-01T01:09:59.008+0000][info][gc,ergo      ] GC(32) Free: 3804M (1902 regions), Max regular: 2048K, Max humongous: 1572864K, External frag: 60%, Internal frag: 0%
[2020-11-01T01:09:59.008+0000][info][gc,ergo      ] GC(32) Evacuation Reserve: 206M (103 regions), Max regular: 2048K
[2020-11-01T01:09:59.008+0000][info][gc,ergo      ] Free: 3804M (1902 regions), Max regular: 2048K, Max humongous: 1572864K, External frag: 60%, Internal frag: 0%
[2020-11-01T01:09:59.008+0000][info][gc,ergo      ] Evacuation Reserve: 206M (103 regions), Max regular: 2048K
[2020-11-01T01:09:59.008+0000][info][gc,ergo      ] Pacer for Idle. Initial: 81M, Alloc Tax Rate: 1.0x
[2020-11-01T01:10:00.008+0000][info][safepoint    ] Safepoint "Cleanup", Time since last: 1000080140 ns, Reaching safepoint: 147648 ns, At safepoint: 5322 ns, Total: 152970 ns
[2020-11-01T01:10:01.008+0000][info][safepoint    ] Safepoint "Cleanup", Time since last: 1000110970 ns, Reaching safepoint: 141639 ns, At safepoint: 6972 ns, Total: 148611 ns
[2020-11-01T01:10:02.009+0000][info][safepoint    ] Safepoint "Cleanup", Time since last: 1000084971 ns, Reaching safepoint: 65509 ns, At safepoint: 6037 ns, Total: 71546 ns
[2020-11-01T01:10:03.009+0000][info][safepoint    ] Safepoint "Cleanup", Time since last: 1000107383 ns, Reaching safepoint: 148430 ns, At safepoint: 5710 ns, Total: 154140 ns
[2020-11-01T01:10:04.009+0000][info][safepoint    ] Safepoint "Cleanup", Time since last: 1000102831 ns, Reaching safepoint: 57624 ns, At safepoint: 5518 ns, Total: 63142 ns
[2020-11-01T01:10:05.009+0000][info][safepoint    ] Safepoint "Cleanup", Time since last: 1000107617 ns, Reaching safepoint: 131043 ns, At safepoint: 15574 ns, Total: 146617 ns
[2020-11-01T01:10:06.010+0000][info][safepoint    ] Safepoint "Cleanup", Time since last: 1000109277 ns, Reaching safepoint: 136087 ns, At safepoint: 3149 ns, Total: 139236 ns
[2020-11-01T01:10:07.010+0000][info][safepoint    ] Safepoint "Cleanup", Time since last: 1000108032 ns, Reaching safepoint: 140218 ns, At safepoint: 5186 ns, Total: 145404 ns
[2020-11-01T01:10:08.010+0000][info][safepoint    ] Safepoint "Cleanup", Time since last: 1000113799 ns, Reaching safepoint: 57682 ns, At safepoint: 5576 ns, Total: 63258 ns
[2020-11-01T01:10:09.007+0000][info][gc           ] Trigger: Free (408M) is below minimum threshold (409M)
[2020-11-01T01:10:09.007+0000][info][gc,ergo      ] Free: 408M (204 regions), Max regular: 2048K, Max humongous: 415744K, External frag: 1%, Internal frag: 0%
[2020-11-01T01:10:09.007+0000][info][gc,ergo      ] Evacuation Reserve: 206M (103 regions), Max regular: 2048K
[2020-11-01T01:10:09.007+0000][info][gc,start     ] GC(33) Concurrent reset
[2020-11-01T01:10:09.007+0000][info][gc,task      ] GC(33) Using 1 of 1 workers for concurrent reset
[2020-11-01T01:10:09.008+0000][info][gc           ] GC(33) Concurrent reset 3482M->3482M(4096M) 0.423ms
[2020-11-01T01:10:09.008+0000][info][gc,start     ] GC(33) Pause Init Mark
[2020-11-01T01:10:09.008+0000][info][gc,task      ] GC(33) Using 1 of 1 workers for init marking
[2020-11-01T01:10:09.008+0000][info][gc,ergo      ] GC(33) Pacer for Mark. Expected Live: 4M, Free: 408M, Non-Taxable: 40M, Alloc Tax Rate: 0.0x
[2020-11-01T01:10:09.008+0000][info][gc           ] GC(33) Pause Init Mark 0.454ms
[2020-11-01T01:10:09.008+0000][info][safepoint    ] Safepoint "ShenandoahInitMark", Time since last: 997724400 ns, Reaching safepoint: 141285 ns, At safepoint: 472528 ns, Total: 613813 ns
[2020-11-01T01:10:09.008+0000][info][gc,start     ] GC(33) Concurrent marking
[2020-11-01T01:10:09.008+0000][info][gc,task      ] GC(33) Using 1 of 1 workers for concurrent marking
[2020-11-01T01:10:09.014+0000][info][gc           ] GC(33) Concurrent marking 3484M->3484M(4096M) 5.275ms
[2020-11-01T01:10:09.014+0000][info][gc,start     ] GC(33) Pause Final Mark
[2020-11-01T01:10:09.014+0000][info][gc,task      ] GC(33) Using 1 of 1 workers for final marking
[2020-11-01T01:10:09.014+0000][info][gc,ergo      ] GC(33) Immediate Garbage: 3402M (97% of total), 1701 regions
[2020-11-01T01:10:09.014+0000][info][gc           ] GC(33) Pause Final Mark 0.560ms
[2020-11-01T01:10:09.014+0000][info][safepoint    ] Safepoint "ShenandoahFinalMarkStartEvac", Time since last: 5334874 ns, Reaching safepoint: 121044 ns, At safepoint: 579558 ns, Total: 700602 ns
[2020-11-01T01:10:09.014+0000][info][gc,start     ] GC(33) Concurrent cleanup
[2020-11-01T01:10:09.015+0000][info][gc           ] GC(33) Concurrent cleanup 3486M->86M(4096M) 0.252ms
[2020-11-01T01:10:09.015+0000][info][gc,ergo      ] GC(33) Free: 3804M (1902 regions), Max regular: 2048K, Max humongous: 1572864K, External frag: 60%, Internal frag: 0%
[2020-11-01T01:10:09.015+0000][info][gc,ergo      ] GC(33) Evacuation Reserve: 206M (103 regions), Max regular: 2048K
[2020-11-01T01:10:09.015+0000][info][gc,ergo      ] Free: 3804M (1902 regions), Max regular: 2048K, Max humongous: 1572864K, External frag: 60%, Internal frag: 0%
[2020-11-01T01:10:09.015+0000][info][gc,ergo      ] Evacuation Reserve: 206M (103 regions), Max regular: 2048K
[2020-11-01T01:10:09.015+0000][info][gc,ergo      ] Pacer for Idle. Initial: 81M, Alloc Tax Rate: 1.0x
[2020-11-01T01:10:10.015+0000][info][safepoint    ] Safepoint "Cleanup", Time since last: 1000083449 ns, Reaching safepoint: 134771 ns, At safepoint: 5233 ns, Total: 140004 ns
[2020-11-01T01:10:11.015+0000][info][safepoint    ] Safepoint "Cleanup", Time since last: 1000109990 ns, Reaching safepoint: 140916 ns, At safepoint: 4944 ns, Total: 145860 ns
[2020-11-01T01:10:12.015+0000][info][safepoint    ] Safepoint "Cleanup", Time since last: 1000108208 ns, Reaching safepoint: 134881 ns, At safepoint: 5590 ns, Total: 140471 ns
[2020-11-01T01:10:13.015+0000][info][safepoint    ] Safepoint "Cleanup", Time since last: 1000106216 ns, Reaching safepoint: 134031 ns, At safepoint: 3145 ns, Total: 137176 ns
[2020-11-01T01:10:14.015+0000][info][safepoint    ] Safepoint "Cleanup", Time since last: 1000107027 ns, Reaching safepoint: 57660 ns, At safepoint: 5978 ns, Total: 63638 ns
[2020-11-01T01:10:15.016+0000][info][safepoint    ] Safepoint "Cleanup", Time since last: 1000113225 ns, Reaching safepoint: 63304 ns, At safepoint: 6416 ns, Total: 69720 ns
[2020-11-01T01:10:16.016+0000][info][safepoint    ] Safepoint "Cleanup", Time since last: 1000115380 ns, Reaching safepoint: 137922 ns, At safepoint: 5387 ns, Total: 143309 ns
[2020-11-01T01:10:17.016+0000][info][safepoint    ] Safepoint "Cleanup", Time since last: 1000142768 ns, Reaching safepoint: 143148 ns, At safepoint: 5272 ns, Total: 148420 ns
[2020-11-01T01:10:18.016+0000][info][safepoint    ] Safepoint "Cleanup", Time since last: 1000114609 ns, Reaching safepoint: 140518 ns, At safepoint: 5486 ns, Total: 146004 ns
[2020-11-01T01:10:19.015+0000][info][gc           ] Trigger: Free (408M) is below minimum threshold (409M)
[2020-11-01T01:10:19.015+0000][info][gc,ergo      ] Free: 408M (204 regions), Max regular: 2048K, Max humongous: 411648K, External frag: 2%, Internal frag: 0%
[2020-11-01T01:10:19.015+0000][info][gc,ergo      ] Evacuation Reserve: 206M (103 regions), Max regular: 2048K
[2020-11-01T01:10:19.015+0000][info][gc,start     ] GC(34) Concurrent reset
[2020-11-01T01:10:19.015+0000][info][gc,task      ] GC(34) Using 1 of 1 workers for concurrent reset
[2020-11-01T01:10:19.016+0000][info][gc           ] GC(34) Concurrent reset 3482M->3482M(4096M) 0.414ms
[2020-11-01T01:10:19.016+0000][info][gc,start     ] GC(34) Pause Init Mark
[2020-11-01T01:10:19.016+0000][info][gc,task      ] GC(34) Using 1 of 1 workers for init marking
[2020-11-01T01:10:19.016+0000][info][gc,ergo      ] GC(34) Pacer for Mark. Expected Live: 4M, Free: 408M, Non-Taxable: 40M, Alloc Tax Rate: 0.0x
[2020-11-01T01:10:19.016+0000][info][gc           ] GC(34) Pause Init Mark 0.429ms
[2020-11-01T01:10:19.016+0000][info][safepoint    ] Safepoint "ShenandoahInitMark", Time since last: 999432315 ns, Reaching safepoint: 60335 ns, At safepoint: 450319 ns, Total: 510654 ns
[2020-11-01T01:10:19.016+0000][info][gc,start     ] GC(34) Concurrent marking
[2020-11-01T01:10:19.016+0000][info][gc,task      ] GC(34) Using 1 of 1 workers for concurrent marking
[2020-11-01T01:10:19.022+0000][info][gc           ] GC(34) Concurrent marking 3482M->3484M(4096M) 5.357ms
[2020-11-01T01:10:19.022+0000][info][gc,start     ] GC(34) Pause Final Mark
[2020-11-01T01:10:19.022+0000][info][gc,task      ] GC(34) Using 1 of 1 workers for final marking
[2020-11-01T01:10:19.023+0000][info][gc,ergo      ] GC(34) Immediate Garbage: 3402M (97% of total), 1701 regions
[2020-11-01T01:10:19.023+0000][info][gc           ] GC(34) Pause Final Mark 0.571ms
[2020-11-01T01:10:19.023+0000][info][safepoint    ] Safepoint "ShenandoahFinalMarkStartEvac", Time since last: 5414581 ns, Reaching safepoint: 124782 ns, At safepoint: 590610 ns, Total: 715392 ns
[2020-11-01T01:10:19.023+0000][info][gc,start     ] GC(34) Concurrent cleanup
[2020-11-01T01:10:19.023+0000][info][gc           ] GC(34) Concurrent cleanup 3486M->86M(4096M) 0.254ms
[2020-11-01T01:10:19.023+0000][info][gc,ergo      ] GC(34) Free: 3804M (1902 regions), Max regular: 2048K, Max humongous: 1572864K, External frag: 60%, Internal frag: 0%
[2020-11-01T01:10:19.023+0000][info][gc,ergo      ] GC(34) Evacuation Reserve: 206M (103 regions), Max regular: 2048K
[2020-11-01T01:10:19.023+0000][info][gc,ergo      ] Free: 3804M (1902 regions), Max regular: 2048K, Max humongous: 1572864K, External frag: 60%, Internal frag: 0%
[2020-11-01T01:10:19.023+0000][info][gc,ergo      ] Evacuation Reserve: 206M (103 regions), Max regular: 2048K
[2020-11-01T01:10:19.023+0000][info][gc,ergo      ] Pacer for Idle. Initial: 81M, Alloc Tax Rate: 1.0x
[2020-11-01T01:10:20.023+0000][info][safepoint    ] Safepoint "Cleanup", Time since last: 1000077833 ns, Reaching safepoint: 97950 ns, At safepoint: 5874 ns, Total: 103824 ns
[2020-11-01T01:10:21.023+0000][info][safepoint    ] Safepoint "Cleanup", Time since last: 1000110292 ns, Reaching safepoint: 55069 ns, At safepoint: 7128 ns, Total: 62197 ns
[2020-11-01T01:10:22.023+0000][info][safepoint    ] Safepoint "Cleanup", Time since last: 1000102059 ns, Reaching safepoint: 136264 ns, At safepoint: 7111 ns, Total: 143375 ns
[2020-11-01T01:10:23.023+0000][info][safepoint    ] Safepoint "Cleanup", Time since last: 1000111296 ns, Reaching safepoint: 134434 ns, At safepoint: 5053 ns, Total: 139487 ns
[2020-11-01T01:10:24.024+0000][info][safepoint    ] Safepoint "Cleanup", Time since last: 1000119725 ns, Reaching safepoint: 142138 ns, At safepoint: 7416 ns, Total: 149554 ns
[2020-11-01T01:10:25.024+0000][info][safepoint    ] Safepoint "Cleanup", Time since last: 1000111991 ns, Reaching safepoint: 61006 ns, At safepoint: 5369 ns, Total: 66375 ns
[2020-11-01T01:10:26.024+0000][info][safepoint    ] Safepoint "Cleanup", Time since last: 1000111434 ns, Reaching safepoint: 62174 ns, At safepoint: 6308 ns, Total: 68482 ns
[2020-11-01T01:10:27.024+0000][info][safepoint    ] Safepoint "Cleanup", Time since last: 1000101877 ns, Reaching safepoint: 127853 ns, At safepoint: 3026 ns, Total: 130879 ns
[2020-11-01T01:10:28.024+0000][info][safepoint    ] Safepoint "Cleanup", Time since last: 1000111456 ns, Reaching safepoint: 60680 ns, At safepoint: 5540 ns, Total: 66220 ns
[2020-11-01T01:10:29.021+0000][info][gc           ] Trigger: Free (408M) is below minimum threshold (409M)
[2020-11-01T01:10:29.021+0000][info][gc,ergo      ] Free: 408M (204 regions), Max regular: 2048K, Max humongous: 415744K, External frag: 1%, Internal frag: 0%
[2020-11-01T01:10:29.021+0000][info][gc,ergo      ] Evacuation Reserve: 206M (103 regions), Max regular: 2048K
[2020-11-01T01:10:29.021+0000][info][gc,start     ] GC(35) Concurrent reset
[2020-11-01T01:10:29.021+0000][info][gc,task      ] GC(35) Using 1 of 1 workers for concurrent reset
[2020-11-01T01:10:29.021+0000][info][gc           ] GC(35) Concurrent reset 3482M->3482M(4096M) 0.422ms
[2020-11-01T01:10:29.021+0000][info][gc,start     ] GC(35) Pause Init Mark (process weakrefs)
[2020-11-01T01:10:29.021+0000][info][gc,task      ] GC(35) Using 1 of 1 workers for init marking
[2020-11-01T01:10:29.022+0000][info][gc,ergo      ] GC(35) Pacer for Mark. Expected Live: 4M, Free: 408M, Non-Taxable: 40M, Alloc Tax Rate: 0.0x
[2020-11-01T01:10:29.022+0000][info][gc           ] GC(35) Pause Init Mark (process weakrefs) 0.451ms
[2020-11-01T01:10:29.022+0000][info][safepoint    ] Safepoint "ShenandoahInitMark", Time since last: 996834711 ns, Reaching safepoint: 138028 ns, At safepoint: 470134 ns, Total: 608162 ns
[2020-11-01T01:10:29.022+0000][info][gc,start     ] GC(35) Concurrent marking (process weakrefs)
[2020-11-01T01:10:29.022+0000][info][gc,task      ] GC(35) Using 1 of 1 workers for concurrent marking
[2020-11-01T01:10:29.027+0000][info][gc           ] GC(35) Concurrent marking (process weakrefs) 3482M->3484M(4096M) 5.485ms
[2020-11-01T01:10:29.027+0000][info][gc,start     ] GC(35) Concurrent precleaning
[2020-11-01T01:10:29.027+0000][info][gc,task      ] GC(35) Using 1 of 1 workers for concurrent preclean
[2020-11-01T01:10:29.028+0000][info][gc           ] GC(35) Concurrent precleaning 3484M->3486M(4096M) 0.123ms
[2020-11-01T01:10:29.028+0000][info][gc,start     ] GC(35) Pause Final Mark (process weakrefs)
[2020-11-01T01:10:29.028+0000][info][gc,task      ] GC(35) Using 1 of 1 workers for final marking
[2020-11-01T01:10:29.028+0000][info][gc,ergo      ] GC(35) Immediate Garbage: 3402M (97% of total), 1701 regions
[2020-11-01T01:10:29.028+0000][info][gc           ] GC(35) Pause Final Mark (process weakrefs) 0.595ms
[2020-11-01T01:10:29.028+0000][info][safepoint    ] Safepoint "ShenandoahFinalMarkStartEvac", Time since last: 5679893 ns, Reaching safepoint: 126357 ns, At safepoint: 615631 ns, Total: 741988 ns
[2020-11-01T01:10:29.028+0000][info][gc,start     ] GC(35) Concurrent cleanup
[2020-11-01T01:10:29.029+0000][info][gc           ] GC(35) Concurrent cleanup 3486M->88M(4096M) 0.302ms
[2020-11-01T01:10:29.029+0000][info][gc,ergo      ] GC(35) Free: 3802M (1901 regions), Max regular: 2048K, Max humongous: 1572864K, External frag: 60%, Internal frag: 0%
[2020-11-01T01:10:29.029+0000][info][gc,ergo      ] GC(35) Evacuation Reserve: 206M (103 regions), Max regular: 2048K
[2020-11-01T01:10:29.029+0000][info][gc,ergo      ] Free: 3802M (1901 regions), Max regular: 2048K, Max humongous: 1572864K, External frag: 60%, Internal frag: 0%
[2020-11-01T01:10:29.029+0000][info][gc,ergo      ] Evacuation Reserve: 206M (103 regions), Max regular: 2048K
[2020-11-01T01:10:29.029+0000][info][gc,ergo      ] Pacer for Idle. Initial: 81M, Alloc Tax Rate: 1.0x
[2020-11-01T01:10:30.029+0000][info][safepoint    ] Safepoint "Cleanup", Time since last: 1000079597 ns, Reaching safepoint: 150783 ns, At safepoint: 5636 ns, Total: 156419 ns
[2020-11-01T01:10:31.029+0000][info][safepoint    ] Safepoint "Cleanup", Time since last: 1000107384 ns, Reaching safepoint: 54497 ns, At safepoint: 3553 ns, Total: 58050 ns
[2020-11-01T01:10:32.029+0000][info][safepoint    ] Safepoint "Cleanup", Time since last: 1000106951 ns, Reaching safepoint: 136299 ns, At safepoint: 3217 ns, Total: 139516 ns
[2020-11-01T01:10:33.029+0000][info][safepoint    ] Safepoint "Cleanup", Time since last: 1000107340 ns, Reaching safepoint: 144902 ns, At safepoint: 6587 ns, Total: 151489 ns
[2020-11-01T01:10:34.029+0000][info][safepoint    ] Safepoint "Cleanup", Time since last: 1000106126 ns, Reaching safepoint: 74507 ns, At safepoint: 6317 ns, Total: 80824 ns
[2020-11-01T01:10:35.030+0000][info][safepoint    ] Safepoint "Cleanup", Time since last: 1000102982 ns, Reaching safepoint: 138636 ns, At safepoint: 6865 ns, Total: 145501 ns
[2020-11-01T01:10:36.030+0000][info][safepoint    ] Safepoint "Cleanup", Time since last: 1000108487 ns, Reaching safepoint: 131841 ns, At safepoint: 5228 ns, Total: 137069 ns
[2020-11-01T01:10:37.030+0000][info][safepoint    ] Safepoint "Cleanup", Time since last: 1000112428 ns, Reaching safepoint: 136637 ns, At safepoint: 4963 ns, Total: 141600 ns
[2020-11-01T01:10:38.030+0000][info][safepoint    ] Safepoint "Cleanup", Time since last: 1000106507 ns, Reaching safepoint: 138196 ns, At safepoint: 7698 ns, Total: 145894 ns
[2020-11-01T01:10:39.019+0000][info][gc           ] Trigger: Free (408M) is below minimum threshold (409M)
[2020-11-01T01:10:39.019+0000][info][gc,ergo      ] Free: 408M (204 regions), Max regular: 2048K, Max humongous: 411648K, External frag: 2%, Internal frag: 0%
[2020-11-01T01:10:39.019+0000][info][gc,ergo      ] Evacuation Reserve: 206M (103 regions), Max regular: 2048K
[2020-11-01T01:10:39.020+0000][info][gc,start     ] GC(36) Concurrent reset
[2020-11-01T01:10:39.020+0000][info][gc,task      ] GC(36) Using 1 of 1 workers for concurrent reset
[2020-11-01T01:10:39.020+0000][info][gc           ] GC(36) Concurrent reset 3482M->3482M(4096M) 0.413ms
[2020-11-01T01:10:39.020+0000][info][gc,start     ] GC(36) Pause Init Mark
[2020-11-01T01:10:39.020+0000][info][gc,task      ] GC(36) Using 1 of 1 workers for init marking
[2020-11-01T01:10:39.021+0000][info][gc,ergo      ] GC(36) Pacer for Mark. Expected Live: 4M, Free: 408M, Non-Taxable: 40M, Alloc Tax Rate: 0.0x
[2020-11-01T01:10:39.021+0000][info][gc           ] GC(36) Pause Init Mark 0.454ms
[2020-11-01T01:10:39.021+0000][info][safepoint    ] Safepoint "ShenandoahInitMark", Time since last: 989557444 ns, Reaching safepoint: 137663 ns, At safepoint: 474269 ns, Total: 611932 ns
[2020-11-01T01:10:39.021+0000][info][gc,start     ] GC(36) Concurrent marking
[2020-11-01T01:10:39.021+0000][info][gc,task      ] GC(36) Using 1 of 1 workers for concurrent marking
[2020-11-01T01:10:39.026+0000][info][gc           ] GC(36) Concurrent marking 3484M->3486M(4096M) 5.344ms
[2020-11-01T01:10:39.026+0000][info][gc,start     ] GC(36) Pause Final Mark
[2020-11-01T01:10:39.026+0000][info][gc,task      ] GC(36) Using 1 of 1 workers for final marking
[2020-11-01T01:10:39.027+0000][info][gc,ergo      ] GC(36) Immediate Garbage: 3402M (97% of total), 1701 regions
[2020-11-01T01:10:39.027+0000][info][gc           ] GC(36) Pause Final Mark 0.586ms
[2020-11-01T01:10:39.027+0000][info][safepoint    ] Safepoint "ShenandoahFinalMarkStartEvac", Time since last: 5404570 ns, Reaching safepoint: 122061 ns, At safepoint: 605171 ns, Total: 727232 ns
[2020-11-01T01:10:39.027+0000][info][gc,start     ] GC(36) Concurrent cleanup
[2020-11-01T01:10:39.027+0000][info][gc           ] GC(36) Concurrent cleanup 3486M->86M(4096M) 0.255ms
[2020-11-01T01:10:39.027+0000][info][gc,ergo      ] GC(36) Free: 3804M (1902 regions), Max regular: 2048K, Max humongous: 1572864K, External frag: 60%, Internal frag: 0%
[2020-11-01T01:10:39.027+0000][info][gc,ergo      ] GC(36) Evacuation Reserve: 206M (103 regions), Max regular: 2048K
[2020-11-01T01:10:39.027+0000][info][gc,ergo      ] Free: 3804M (1902 regions), Max regular: 2048K, Max humongous: 1572864K, External frag: 60%, Internal frag: 0%
[2020-11-01T01:10:39.027+0000][info][gc,ergo      ] Evacuation Reserve: 206M (103 regions), Max regular: 2048K
[2020-11-01T01:10:39.027+0000][info][gc,ergo      ] Pacer for Idle. Initial: 81M, Alloc Tax Rate: 1.0x
[2020-11-01T01:10:40.618+0000][info][safepoint    ] Safepoint "Cleanup", Time since last: 1590948768 ns, Reaching safepoint: 155540 ns, At safepoint: 3089 ns, Total: 158629 ns
[2020-11-01T01:10:41.618+0000][info][safepoint    ] Safepoint "Cleanup", Time since last: 1000113320 ns, Reaching safepoint: 126198 ns, At safepoint: 6676 ns, Total: 132874 ns
[2020-11-01T01:10:42.618+0000][info][safepoint    ] Safepoint "Cleanup", Time since last: 1000106878 ns, Reaching safepoint: 57795 ns, At safepoint: 5617 ns, Total: 63412 ns
[2020-11-01T01:10:43.618+0000][info][safepoint    ] Safepoint "Cleanup", Time since last: 1000111459 ns, Reaching safepoint: 141056 ns, At safepoint: 5202 ns, Total: 146258 ns
[2020-11-01T01:10:44.619+0000][info][safepoint    ] Safepoint "Cleanup", Time since last: 1000108184 ns, Reaching safepoint: 75064 ns, At safepoint: 5764 ns, Total: 80828 ns
[2020-11-01T01:10:45.619+0000][info][safepoint    ] Safepoint "Cleanup", Time since last: 1000103555 ns, Reaching safepoint: 141287 ns, At safepoint: 5274 ns, Total: 146561 ns
[2020-11-01T01:10:46.619+0000][info][safepoint    ] Safepoint "Cleanup", Time since last: 1000111850 ns, Reaching safepoint: 138453 ns, At safepoint: 5695 ns, Total: 144148 ns
[2020-11-01T01:10:47.619+0000][info][safepoint    ] Safepoint "Cleanup", Time since last: 1000110112 ns, Reaching safepoint: 136510 ns, At safepoint: 5405 ns, Total: 141915 ns
[2020-11-01T01:10:48.620+0000][info][safepoint    ] Safepoint "Cleanup", Time since last: 1000111212 ns, Reaching safepoint: 54054 ns, At safepoint: 6081 ns, Total: 60135 ns
[2020-11-01T01:10:49.087+0000][info][gc           ] Trigger: Free (408M) is below minimum threshold (409M)
[2020-11-01T01:10:49.087+0000][info][gc,ergo      ] Free: 408M (204 regions), Max regular: 2048K, Max humongous: 415744K, External frag: 1%, Internal frag: 0%
[2020-11-01T01:10:49.087+0000][info][gc,ergo      ] Evacuation Reserve: 206M (103 regions), Max regular: 2048K
[2020-11-01T01:10:49.088+0000][info][gc,start     ] GC(37) Concurrent reset
[2020-11-01T01:10:49.088+0000][info][gc,task      ] GC(37) Using 1 of 1 workers for concurrent reset
[2020-11-01T01:10:49.088+0000][info][gc           ] GC(37) Concurrent reset 3482M->3482M(4096M) 0.424ms
[2020-11-01T01:10:49.088+0000][info][gc,start     ] GC(37) Pause Init Mark
[2020-11-01T01:10:49.088+0000][info][gc,task      ] GC(37) Using 1 of 1 workers for init marking
[2020-11-01T01:10:49.089+0000][info][gc,ergo      ] GC(37) Pacer for Mark. Expected Live: 4M, Free: 408M, Non-Taxable: 40M, Alloc Tax Rate: 0.0x
[2020-11-01T01:10:49.089+0000][info][gc           ] GC(37) Pause Init Mark 0.484ms
[2020-11-01T01:10:49.089+0000][info][safepoint    ] Safepoint "ShenandoahInitMark", Time since last: 468378818 ns, Reaching safepoint: 144068 ns, At safepoint: 504213 ns, Total: 648281 ns
[2020-11-01T01:10:49.089+0000][info][gc,start     ] GC(37) Concurrent marking
[2020-11-01T01:10:49.089+0000][info][gc,task      ] GC(37) Using 1 of 1 workers for concurrent marking
[2020-11-01T01:10:49.094+0000][info][gc           ] GC(37) Concurrent marking 3484M->3484M(4096M) 5.484ms
[2020-11-01T01:10:49.094+0000][info][gc,start     ] GC(37) Pause Final Mark
[2020-11-01T01:10:49.094+0000][info][gc,task      ] GC(37) Using 1 of 1 workers for final marking
[2020-11-01T01:10:49.095+0000][info][gc,ergo      ] GC(37) Immediate Garbage: 3402M (97% of total), 1701 regions
[2020-11-01T01:10:49.095+0000][info][gc           ] GC(37) Pause Final Mark 0.602ms
[2020-11-01T01:10:49.095+0000][info][safepoint    ] Safepoint "ShenandoahFinalMarkStartEvac", Time since last: 5549849 ns, Reaching safepoint: 124700 ns, At safepoint: 637028 ns, Total: 761728 ns
[2020-11-01T01:10:49.095+0000][info][gc,start     ] GC(37) Concurrent cleanup
[2020-11-01T01:10:49.095+0000][info][gc           ] GC(37) Concurrent cleanup 3486M->86M(4096M) 0.265ms
[2020-11-01T01:10:49.095+0000][info][gc,ergo      ] GC(37) Free: 3804M (1902 regions), Max regular: 2048K, Max humongous: 1572864K, External frag: 60%, Internal frag: 0%
[2020-11-01T01:10:49.095+0000][info][gc,ergo      ] GC(37) Evacuation Reserve: 206M (103 regions), Max regular: 2048K
[2020-11-01T01:10:49.095+0000][info][gc,ergo      ] Free: 3804M (1902 regions), Max regular: 2048K, Max humongous: 1572864K, External frag: 60%, Internal frag: 0%
[2020-11-01T01:10:49.095+0000][info][gc,ergo      ] Evacuation Reserve: 206M (103 regions), Max regular: 2048K
[2020-11-01T01:10:49.095+0000][info][gc,ergo      ] Pacer for Idle. Initial: 81M, Alloc Tax Rate: 1.0x
[2020-11-01T01:10:50.095+0000][info][safepoint    ] Safepoint "Cleanup", Time since last: 1000079296 ns, Reaching safepoint: 145982 ns, At safepoint: 5534 ns, Total: 151516 ns
[2020-11-01T01:10:51.095+0000][info][safepoint    ] Safepoint "Cleanup", Time since last: 1000109565 ns, Reaching safepoint: 137106 ns, At safepoint: 2986 ns, Total: 140092 ns
[2020-11-01T01:10:52.096+0000][info][safepoint    ] Safepoint "Cleanup", Time since last: 1000111064 ns, Reaching safepoint: 141239 ns, At safepoint: 3534 ns, Total: 144773 ns
[2020-11-01T01:10:53.096+0000][info][safepoint    ] Safepoint "Cleanup", Time since last: 1000111353 ns, Reaching safepoint: 62261 ns, At safepoint: 5662 ns, Total: 67923 ns
[2020-11-01T01:10:54.096+0000][info][safepoint    ] Safepoint "Cleanup", Time since last: 1000107450 ns, Reaching safepoint: 142406 ns, At safepoint: 5040 ns, Total: 147446 ns
[2020-11-01T01:10:55.096+0000][info][safepoint    ] Safepoint "Cleanup", Time since last: 1000121646 ns, Reaching safepoint: 137678 ns, At safepoint: 4963 ns, Total: 142641 ns
[2020-11-01T01:10:56.097+0000][info][safepoint    ] Safepoint "Cleanup", Time since last: 1000107902 ns, Reaching safepoint: 136142 ns, At safepoint: 5440 ns, Total: 141582 ns
[2020-11-01T01:10:57.097+0000][info][safepoint    ] Safepoint "Cleanup", Time since last: 1000109625 ns, Reaching safepoint: 56609 ns, At safepoint: 5770 ns, Total: 62379 ns
[2020-11-01T01:10:58.097+0000][info][safepoint    ] Safepoint "Cleanup", Time since last: 1000109278 ns, Reaching safepoint: 59942 ns, At safepoint: 6207 ns, Total: 66149 ns
[2020-11-01T01:10:59.081+0000][info][gc           ] Trigger: Free (408M) is below minimum threshold (409M)
[2020-11-01T01:10:59.081+0000][info][gc,ergo      ] Free: 408M (204 regions), Max regular: 2048K, Max humongous: 411648K, External frag: 2%, Internal frag: 0%
[2020-11-01T01:10:59.081+0000][info][gc,ergo      ] Evacuation Reserve: 206M (103 regions), Max regular: 2048K
[2020-11-01T01:10:59.081+0000][info][gc,start     ] GC(38) Concurrent reset
[2020-11-01T01:10:59.081+0000][info][gc,task      ] GC(38) Using 1 of 1 workers for concurrent reset
[2020-11-01T01:10:59.082+0000][info][gc           ] GC(38) Concurrent reset 3482M->3482M(4096M) 0.419ms
[2020-11-01T01:10:59.082+0000][info][gc,start     ] GC(38) Pause Init Mark
[2020-11-01T01:10:59.082+0000][info][gc,task      ] GC(38) Using 1 of 1 workers for init marking
[2020-11-01T01:10:59.082+0000][info][gc,ergo      ] GC(38) Pacer for Mark. Expected Live: 4M, Free: 408M, Non-Taxable: 40M, Alloc Tax Rate: 0.0x
[2020-11-01T01:10:59.082+0000][info][gc           ] GC(38) Pause Init Mark 0.449ms
[2020-11-01T01:10:59.082+0000][info][safepoint    ] Safepoint "ShenandoahInitMark", Time since last: 984796912 ns, Reaching safepoint: 139552 ns, At safepoint: 467668 ns, Total: 607220 ns
[2020-11-01T01:10:59.082+0000][info][gc,start     ] GC(38) Concurrent marking
[2020-11-01T01:10:59.082+0000][info][gc,task      ] GC(38) Using 1 of 1 workers for concurrent marking
[2020-11-01T01:10:59.088+0000][info][gc           ] GC(38) Concurrent marking 3484M->3484M(4096M) 5.342ms
[2020-11-01T01:10:59.088+0000][info][gc,start     ] GC(38) Pause Final Mark
[2020-11-01T01:10:59.088+0000][info][gc,task      ] GC(38) Using 1 of 1 workers for final marking
[2020-11-01T01:10:59.088+0000][info][gc,ergo      ] GC(38) Immediate Garbage: 3402M (97% of total), 1701 regions
[2020-11-01T01:10:59.088+0000][info][gc           ] GC(38) Pause Final Mark 0.568ms
[2020-11-01T01:10:59.089+0000][info][safepoint    ] Safepoint "ShenandoahFinalMarkStartEvac", Time since last: 5419250 ns, Reaching safepoint: 123113 ns, At safepoint: 587292 ns, Total: 710405 ns
[2020-11-01T01:10:59.089+0000][info][gc,start     ] GC(38) Concurrent cleanup
[2020-11-01T01:10:59.089+0000][info][gc           ] GC(38) Concurrent cleanup 3486M->86M(4096M) 0.257ms
[2020-11-01T01:10:59.089+0000][info][gc,ergo      ] GC(38) Free: 3804M (1902 regions), Max regular: 2048K, Max humongous: 1572864K, External frag: 60%, Internal frag: 0%
[2020-11-01T01:10:59.089+0000][info][gc,ergo      ] GC(38) Evacuation Reserve: 206M (103 regions), Max regular: 2048K
[2020-11-01T01:10:59.089+0000][info][gc,ergo      ] Free: 3804M (1902 regions), Max regular: 2048K, Max humongous: 1572864K, External frag: 60%, Internal frag: 0%
[2020-11-01T01:10:59.089+0000][info][gc,ergo      ] Evacuation Reserve: 206M (103 regions), Max regular: 2048K
[2020-11-01T01:10:59.089+0000][info][gc,ergo      ] Pacer for Idle. Initial: 81M, Alloc Tax Rate: 1.0x
[2020-11-01T01:11:00.089+0000][info][safepoint    ] Safepoint "Cleanup", Time since last: 1000090533 ns, Reaching safepoint: 60211 ns, At safepoint: 6745 ns, Total: 66956 ns
[2020-11-01T01:11:01.089+0000][info][safepoint    ] Safepoint "Cleanup", Time since last: 1000103413 ns, Reaching safepoint: 137112 ns, At safepoint: 3273 ns, Total: 140385 ns
[2020-11-01T01:11:02.584+0000][info][safepoint    ] Safepoint "Cleanup", Time since last: 1495415457 ns, Reaching safepoint: 67671 ns, At safepoint: 6565 ns, Total: 74236 ns
[2020-11-01T01:11:03.585+0000][info][safepoint    ] Safepoint "Cleanup", Time since last: 1000108514 ns, Reaching safepoint: 150333 ns, At safepoint: 5099 ns, Total: 155432 ns
[2020-11-01T01:11:04.585+0000][info][safepoint    ] Safepoint "Cleanup", Time since last: 1000109432 ns, Reaching safepoint: 61173 ns, At safepoint: 6465 ns, Total: 67638 ns
[2020-11-01T01:11:05.585+0000][info][safepoint    ] Safepoint "Cleanup", Time since last: 1000103015 ns, Reaching safepoint: 133591 ns, At safepoint: 5518 ns, Total: 139109 ns
[2020-11-01T01:11:06.585+0000][info][safepoint    ] Safepoint "Cleanup", Time since last: 1000104258 ns, Reaching safepoint: 136546 ns, At safepoint: 3464 ns, Total: 140010 ns
[2020-11-01T01:11:07.586+0000][info][safepoint    ] Safepoint "Cleanup", Time since last: 1000109832 ns, Reaching safepoint: 141175 ns, At safepoint: 5026 ns, Total: 146201 ns
[2020-11-01T01:11:08.586+0000][info][safepoint    ] Safepoint "Cleanup", Time since last: 1000102318 ns, Reaching safepoint: 133772 ns, At safepoint: 5817 ns, Total: 139589 ns
[2020-11-01T01:11:09.106+0000][info][gc           ] Trigger: Free (408M) is below minimum threshold (409M)
[2020-11-01T01:11:09.107+0000][info][gc,ergo      ] Free: 408M (204 regions), Max regular: 2048K, Max humongous: 415744K, External frag: 1%, Internal frag: 0%
[2020-11-01T01:11:09.107+0000][info][gc,ergo      ] Evacuation Reserve: 206M (103 regions), Max regular: 2048K
[2020-11-01T01:11:09.107+0000][info][gc,start     ] GC(39) Concurrent reset
[2020-11-01T01:11:09.107+0000][info][gc,task      ] GC(39) Using 1 of 1 workers for concurrent reset
[2020-11-01T01:11:09.107+0000][info][gc           ] GC(39) Concurrent reset 3482M->3482M(4096M) 0.424ms
[2020-11-01T01:11:09.107+0000][info][gc,start     ] GC(39) Pause Init Mark
[2020-11-01T01:11:09.107+0000][info][gc,task      ] GC(39) Using 1 of 1 workers for init marking
[2020-11-01T01:11:09.108+0000][info][gc,ergo      ] GC(39) Pacer for Mark. Expected Live: 4M, Free: 408M, Non-Taxable: 40M, Alloc Tax Rate: 0.0x
[2020-11-01T01:11:09.108+0000][info][gc           ] GC(39) Pause Init Mark 0.459ms
[2020-11-01T01:11:09.108+0000][info][safepoint    ] Safepoint "ShenandoahInitMark", Time since last: 521194402 ns, Reaching safepoint: 137866 ns, At safepoint: 492098 ns, Total: 629964 ns
[2020-11-01T01:11:09.108+0000][info][gc,start     ] GC(39) Concurrent marking
[2020-11-01T01:11:09.108+0000][info][gc,task      ] GC(39) Using 1 of 1 workers for concurrent marking
[2020-11-01T01:11:09.113+0000][info][gc           ] GC(39) Concurrent marking 3484M->3484M(4096M) 5.312ms
[2020-11-01T01:11:09.113+0000][info][gc,start     ] GC(39) Pause Final Mark
[2020-11-01T01:11:09.113+0000][info][gc,task      ] GC(39) Using 1 of 1 workers for final marking
[2020-11-01T01:11:09.114+0000][info][gc,ergo      ] GC(39) Immediate Garbage: 3402M (97% of total), 1701 regions
[2020-11-01T01:11:09.114+0000][info][gc           ] GC(39) Pause Final Mark 0.555ms
[2020-11-01T01:11:09.114+0000][info][safepoint    ] Safepoint "ShenandoahFinalMarkStartEvac", Time since last: 5370231 ns, Reaching safepoint: 123597 ns, At safepoint: 572167 ns, Total: 695764 ns
[2020-11-01T01:11:09.114+0000][info][gc,start     ] GC(39) Concurrent cleanup
[2020-11-01T01:11:09.114+0000][info][gc           ] GC(39) Concurrent cleanup 3486M->86M(4096M) 0.256ms
[2020-11-01T01:11:09.114+0000][info][gc,ergo      ] GC(39) Free: 3804M (1902 regions), Max regular: 2048K, Max humongous: 1572864K, External frag: 60%, Internal frag: 0%
[2020-11-01T01:11:09.114+0000][info][gc,ergo      ] GC(39) Evacuation Reserve: 206M (103 regions), Max regular: 2048K
[2020-11-01T01:11:09.114+0000][info][gc,ergo      ] Free: 3804M (1902 regions), Max regular: 2048K, Max humongous: 1572864K, External frag: 60%, Internal frag: 0%
[2020-11-01T01:11:09.114+0000][info][gc,ergo      ] Evacuation Reserve: 206M (103 regions), Max regular: 2048K
[2020-11-01T01:11:09.114+0000][info][gc,ergo      ] Pacer for Idle. Initial: 81M, Alloc Tax Rate: 1.0x
[2020-11-01T01:11:10.114+0000][info][safepoint    ] Safepoint "Cleanup", Time since last: 1000082596 ns, Reaching safepoint: 83197 ns, At safepoint: 6348 ns, Total: 89545 ns
[2020-11-01T01:11:11.114+0000][info][safepoint    ] Safepoint "Cleanup", Time since last: 1000099000 ns, Reaching safepoint: 133591 ns, At safepoint: 3136 ns, Total: 136727 ns
[2020-11-01T01:11:12.114+0000][info][safepoint    ] Safepoint "Cleanup", Time since last: 1000111586 ns, Reaching safepoint: 137678 ns, At safepoint: 4993 ns, Total: 142671 ns
[2020-11-01T01:11:13.115+0000][info][safepoint    ] Safepoint "Cleanup", Time since last: 1000841829 ns, Reaching safepoint: 57564 ns, At safepoint: 5166 ns, Total: 62730 ns
[2020-11-01T01:11:14.116+0000][info][safepoint    ] Safepoint "Cleanup", Time since last: 1000112034 ns, Reaching safepoint: 136131 ns, At safepoint: 5454 ns, Total: 141585 ns
[2020-11-01T01:11:15.116+0000][info][safepoint    ] Safepoint "Cleanup", Time since last: 1000109705 ns, Reaching safepoint: 139123 ns, At safepoint: 5130 ns, Total: 144253 ns
[2020-11-01T01:11:16.116+0000][info][safepoint    ] Safepoint "Cleanup", Time since last: 1000110463 ns, Reaching safepoint: 137107 ns, At safepoint: 5225 ns, Total: 142332 ns
[2020-11-01T01:11:16.756+0000][info][safepoint    ] Safepoint "RevokeBias", Time since last: 639671433 ns, Reaching safepoint: 136009 ns, At safepoint: 17936 ns, Total: 153945 ns
[2020-11-01T01:11:16.756+0000][info][safepoint    ] Safepoint "RevokeBias", Time since last: 94503 ns, Reaching safepoint: 118670 ns, At safepoint: 14976 ns, Total: 133646 ns
[2020-11-01T01:11:18.197+0000][info][safepoint    ] Safepoint "Cleanup", Time since last: 1440628349 ns, Reaching safepoint: 150485 ns, At safepoint: 7303 ns, Total: 157788 ns
[2020-11-01T01:11:19.109+0000][info][gc           ] Trigger: Free (408M) is below minimum threshold (409M)
[2020-11-01T01:11:19.109+0000][info][gc,ergo      ] Free: 408M (204 regions), Max regular: 2048K, Max humongous: 411648K, External frag: 2%, Internal frag: 0%
[2020-11-01T01:11:19.109+0000][info][gc,ergo      ] Evacuation Reserve: 206M (103 regions), Max regular: 2048K
[2020-11-01T01:11:19.109+0000][info][gc,start     ] GC(40) Concurrent reset
[2020-11-01T01:11:19.109+0000][info][gc,task      ] GC(40) Using 1 of 1 workers for concurrent reset
[2020-11-01T01:11:19.109+0000][info][gc           ] GC(40) Concurrent reset 3482M->3482M(4096M) 0.430ms
[2020-11-01T01:11:19.109+0000][info][gc,start     ] GC(40) Pause Init Mark (process weakrefs)
[2020-11-01T01:11:19.109+0000][info][gc,task      ] GC(40) Using 1 of 1 workers for init marking
[2020-11-01T01:11:19.110+0000][info][gc,ergo      ] GC(40) Pacer for Mark. Expected Live: 4M, Free: 408M, Non-Taxable: 40M, Alloc Tax Rate: 0.0x
[2020-11-01T01:11:19.110+0000][info][gc           ] GC(40) Pause Init Mark (process weakrefs) 0.484ms
[2020-11-01T01:11:19.110+0000][info][safepoint    ] Safepoint "ShenandoahInitMark", Time since last: 912407569 ns, Reaching safepoint: 139270 ns, At safepoint: 503288 ns, Total: 642558 ns
[2020-11-01T01:11:19.110+0000][info][gc,start     ] GC(40) Concurrent marking (process weakrefs)
[2020-11-01T01:11:19.110+0000][info][gc,task      ] GC(40) Using 1 of 1 workers for concurrent marking
[2020-11-01T01:11:19.118+0000][info][gc           ] GC(40) Concurrent marking (process weakrefs) 3484M->3486M(4096M) 7.953ms
[2020-11-01T01:11:19.118+0000][info][gc,start     ] GC(40) Concurrent precleaning
[2020-11-01T01:11:19.118+0000][info][gc,task      ] GC(40) Using 1 of 1 workers for concurrent preclean
[2020-11-01T01:11:19.118+0000][info][gc           ] GC(40) Concurrent precleaning 3486M->3486M(4096M) 0.110ms
[2020-11-01T01:11:19.118+0000][info][gc,start     ] GC(40) Pause Final Mark (process weakrefs)
[2020-11-01T01:11:19.118+0000][info][gc,task      ] GC(40) Using 1 of 1 workers for final marking
[2020-11-01T01:11:19.119+0000][info][gc,ergo      ] GC(40) Immediate Garbage: 3398M (97% of total), 1699 regions
[2020-11-01T01:11:19.119+0000][info][gc           ] GC(40) Pause Final Mark (process weakrefs) 0.596ms
[2020-11-01T01:11:19.119+0000][info][safepoint    ] Safepoint "ShenandoahFinalMarkStartEvac", Time since last: 8133810 ns, Reaching safepoint: 132245 ns, At safepoint: 615746 ns, Total: 747991 ns
[2020-11-01T01:11:19.119+0000][info][gc,start     ] GC(40) Concurrent cleanup
[2020-11-01T01:11:19.119+0000][info][gc           ] GC(40) Concurrent cleanup 3486M->92M(4096M) 0.285ms
[2020-11-01T01:11:19.119+0000][info][gc,ergo      ] GC(40) Free: 3798M (1899 regions), Max regular: 2048K, Max humongous: 1202176K, External frag: 70%, Internal frag: 0%
[2020-11-01T01:11:19.119+0000][info][gc,ergo      ] GC(40) Evacuation Reserve: 206M (103 regions), Max regular: 2048K
[2020-11-01T01:11:19.119+0000][info][gc,ergo      ] Free: 3798M (1899 regions), Max regular: 2048K, Max humongous: 1202176K, External frag: 70%, Internal frag: 0%
[2020-11-01T01:11:19.119+0000][info][gc,ergo      ] Evacuation Reserve: 206M (103 regions), Max regular: 2048K
[2020-11-01T01:11:19.119+0000][info][gc,ergo      ] Pacer for Idle. Initial: 81M, Alloc Tax Rate: 1.0x
[2020-11-01T01:11:20.119+0000][info][safepoint    ] Safepoint "Cleanup", Time since last: 1000085055 ns, Reaching safepoint: 145224 ns, At safepoint: 5419 ns, Total: 150643 ns
[2020-11-01T01:11:21.119+0000][info][safepoint    ] Safepoint "Cleanup", Time since last: 1000114536 ns, Reaching safepoint: 133727 ns, At safepoint: 4887 ns, Total: 138614 ns
[2020-11-01T01:11:22.120+0000][info][safepoint    ] Safepoint "Cleanup", Time since last: 1000108024 ns, Reaching safepoint: 145625 ns, At safepoint: 5824 ns, Total: 151449 ns
[2020-11-01T01:11:23.120+0000][info][safepoint    ] Safepoint "Cleanup", Time since last: 1000106283 ns, Reaching safepoint: 62518 ns, At safepoint: 3363 ns, Total: 65881 ns
[2020-11-01T01:11:24.120+0000][info][safepoint    ] Safepoint "Cleanup", Time since last: 1000108859 ns, Reaching safepoint: 61253 ns, At safepoint: 6646 ns, Total: 67899 ns
[2020-11-01T01:11:25.120+0000][info][safepoint    ] Safepoint "Cleanup", Time since last: 1000111361 ns, Reaching safepoint: 137487 ns, At safepoint: 3287 ns, Total: 140774 ns
[2020-11-01T01:11:26.120+0000][info][safepoint    ] Safepoint "Cleanup", Time since last: 1000107909 ns, Reaching safepoint: 145064 ns, At safepoint: 5087 ns, Total: 150151 ns
[2020-11-01T01:11:27.121+0000][info][safepoint    ] Safepoint "Cleanup", Time since last: 1000112998 ns, Reaching safepoint: 145586 ns, At safepoint: 6480 ns, Total: 152066 ns
[2020-11-01T01:11:28.121+0000][info][safepoint    ] Safepoint "Cleanup", Time since last: 1000110566 ns, Reaching safepoint: 139677 ns, At safepoint: 7955 ns, Total: 147632 ns
[2020-11-01T01:11:29.102+0000][info][gc           ] Trigger: Free (408M) is below minimum threshold (409M)
[2020-11-01T01:11:29.102+0000][info][gc,ergo      ] Free: 408M (204 regions), Max regular: 2048K, Max humongous: 415744K, External frag: 1%, Internal frag: 0%
[2020-11-01T01:11:29.102+0000][info][gc,ergo      ] Evacuation Reserve: 206M (103 regions), Max regular: 2048K
[2020-11-01T01:11:29.102+0000][info][gc,start     ] GC(41) Concurrent reset
[2020-11-01T01:11:29.102+0000][info][gc,task      ] GC(41) Using 1 of 1 workers for concurrent reset
[2020-11-01T01:11:29.102+0000][info][gc           ] GC(41) Concurrent reset 3482M->3482M(4096M) 0.431ms
[2020-11-01T01:11:29.103+0000][info][gc,start     ] GC(41) Pause Init Mark
[2020-11-01T01:11:29.103+0000][info][gc,task      ] GC(41) Using 1 of 1 workers for init marking
[2020-11-01T01:11:29.103+0000][info][gc,ergo      ] GC(41) Pacer for Mark. Expected Live: 4M, Free: 408M, Non-Taxable: 40M, Alloc Tax Rate: 0.0x
[2020-11-01T01:11:29.103+0000][info][gc           ] GC(41) Pause Init Mark 0.477ms
[2020-11-01T01:11:29.103+0000][info][safepoint    ] Safepoint "ShenandoahInitMark", Time since last: 981463045 ns, Reaching safepoint: 143830 ns, At safepoint: 495271 ns, Total: 639101 ns
[2020-11-01T01:11:29.103+0000][info][gc,start     ] GC(41) Concurrent marking
[2020-11-01T01:11:29.103+0000][info][gc,task      ] GC(41) Using 1 of 1 workers for concurrent marking
[2020-11-01T01:11:29.108+0000][info][gc           ] GC(41) Concurrent marking 3484M->3484M(4096M) 5.346ms
[2020-11-01T01:11:29.109+0000][info][gc,start     ] GC(41) Pause Final Mark
[2020-11-01T01:11:29.109+0000][info][gc,task      ] GC(41) Using 1 of 1 workers for final marking
[2020-11-01T01:11:29.109+0000][info][gc,ergo      ] GC(41) Immediate Garbage: 3396M (97% of total), 1698 regions
[2020-11-01T01:11:29.109+0000][info][gc           ] GC(41) Pause Final Mark 0.563ms
[2020-11-01T01:11:29.109+0000][info][safepoint    ] Safepoint "ShenandoahFinalMarkStartEvac", Time since last: 5403889 ns, Reaching safepoint: 126291 ns, At safepoint: 582985 ns, Total: 709276 ns
[2020-11-01T01:11:29.109+0000][info][gc,start     ] GC(41) Concurrent cleanup
[2020-11-01T01:11:29.109+0000][info][gc           ] GC(41) Concurrent cleanup 3486M->92M(4096M) 0.255ms
[2020-11-01T01:11:29.109+0000][info][gc,ergo      ] GC(41) Free: 3798M (1899 regions), Max regular: 2048K, Max humongous: 1202176K, External frag: 70%, Internal frag: 0%
[2020-11-01T01:11:29.109+0000][info][gc,ergo      ] GC(41) Evacuation Reserve: 206M (103 regions), Max regular: 2048K
[2020-11-01T01:11:29.109+0000][info][gc,ergo      ] Free: 3798M (1899 regions), Max regular: 2048K, Max humongous: 1202176K, External frag: 70%, Internal frag: 0%
[2020-11-01T01:11:29.109+0000][info][gc,ergo      ] Evacuation Reserve: 206M (103 regions), Max regular: 2048K
[2020-11-01T01:11:29.109+0000][info][gc,ergo      ] Pacer for Idle. Initial: 81M, Alloc Tax Rate: 1.0x
[2020-11-01T01:11:30.109+0000][info][safepoint    ] Safepoint "Cleanup", Time since last: 1000082187 ns, Reaching safepoint: 66876 ns, At safepoint: 6415 ns, Total: 73291 ns
[2020-11-01T01:11:31.110+0000][info][safepoint    ] Safepoint "Cleanup", Time since last: 1000101197 ns, Reaching safepoint: 140735 ns, At safepoint: 3243 ns, Total: 143978 ns
[2020-11-01T01:11:32.110+0000][info][safepoint    ] Safepoint "Cleanup", Time since last: 1000106330 ns, Reaching safepoint: 136473 ns, At safepoint: 5566 ns, Total: 142039 ns
[2020-11-01T01:11:33.110+0000][info][safepoint    ] Safepoint "Cleanup", Time since last: 1000109472 ns, Reaching safepoint: 137305 ns, At safepoint: 5016 ns, Total: 142321 ns
[2020-11-01T01:11:34.110+0000][info][safepoint    ] Safepoint "Cleanup", Time since last: 1000108218 ns, Reaching safepoint: 135751 ns, At safepoint: 7056 ns, Total: 142807 ns
[2020-11-01T01:11:35.111+0000][info][safepoint    ] Safepoint "Cleanup", Time since last: 1000126139 ns, Reaching safepoint: 127153 ns, At safepoint: 8260 ns, Total: 135413 ns
[2020-11-01T01:11:36.111+0000][info][safepoint    ] Safepoint "Cleanup", Time since last: 1000108317 ns, Reaching safepoint: 58687 ns, At safepoint: 6413 ns, Total: 65100 ns
[2020-11-01T01:11:37.111+0000][info][safepoint    ] Safepoint "Cleanup", Time since last: 1000111618 ns, Reaching safepoint: 143135 ns, At safepoint: 5341 ns, Total: 148476 ns
[2020-11-01T01:11:38.111+0000][info][safepoint    ] Safepoint "Cleanup", Time since last: 1000110117 ns, Reaching safepoint: 64337 ns, At safepoint: 6362 ns, Total: 70699 ns
[2020-11-01T01:11:39.094+0000][info][gc           ] Trigger: Free (408M) is below minimum threshold (409M)
[2020-11-01T01:11:39.094+0000][info][gc,ergo      ] Free: 408M (204 regions), Max regular: 2048K, Max humongous: 411648K, External frag: 2%, Internal frag: 0%
[2020-11-01T01:11:39.094+0000][info][gc,ergo      ] Evacuation Reserve: 206M (103 regions), Max regular: 2048K
[2020-11-01T01:11:39.094+0000][info][gc,start     ] GC(42) Concurrent reset
[2020-11-01T01:11:39.094+0000][info][gc,task      ] GC(42) Using 1 of 1 workers for concurrent reset
[2020-11-01T01:11:39.094+0000][info][gc           ] GC(42) Concurrent reset 3482M->3482M(4096M) 0.435ms
[2020-11-01T01:11:39.094+0000][info][gc,start     ] GC(42) Pause Init Mark
[2020-11-01T01:11:39.094+0000][info][gc,task      ] GC(42) Using 1 of 1 workers for init marking
[2020-11-01T01:11:39.095+0000][info][gc,ergo      ] GC(42) Pacer for Mark. Expected Live: 4M, Free: 408M, Non-Taxable: 40M, Alloc Tax Rate: 0.0x
[2020-11-01T01:11:39.095+0000][info][gc           ] GC(42) Pause Init Mark 0.458ms
[2020-11-01T01:11:39.095+0000][info][safepoint    ] Safepoint "ShenandoahInitMark", Time since last: 982871793 ns, Reaching safepoint: 142700 ns, At safepoint: 476819 ns, Total: 619519 ns
[2020-11-01T01:11:39.095+0000][info][gc,start     ] GC(42) Concurrent marking
[2020-11-01T01:11:39.095+0000][info][gc,task      ] GC(42) Using 1 of 1 workers for concurrent marking
[2020-11-01T01:11:39.100+0000][info][gc           ] GC(42) Concurrent marking 3484M->3484M(4096M) 5.313ms
[2020-11-01T01:11:39.100+0000][info][gc,start     ] GC(42) Pause Final Mark
[2020-11-01T01:11:39.100+0000][info][gc,task      ] GC(42) Using 1 of 1 workers for final marking
[2020-11-01T01:11:39.101+0000][info][gc,ergo      ] GC(42) Immediate Garbage: 3394M (97% of total), 1697 regions
[2020-11-01T01:11:39.101+0000][info][gc           ] GC(42) Pause Final Mark 0.582ms
[2020-11-01T01:11:39.101+0000][info][safepoint    ] Safepoint "ShenandoahFinalMarkStartEvac", Time since last: 5375768 ns, Reaching safepoint: 126290 ns, At safepoint: 601709 ns, Total: 727999 ns
[2020-11-01T01:11:39.101+0000][info][gc,start     ] GC(42) Concurrent cleanup
[2020-11-01T01:11:39.101+0000][info][gc           ] GC(42) Concurrent cleanup 3486M->96M(4096M) 0.283ms
[2020-11-01T01:11:39.101+0000][info][gc,ergo      ] GC(42) Free: 3794M (1897 regions), Max regular: 2048K, Max humongous: 1202176K, External frag: 70%, Internal frag: 0%
[2020-11-01T01:11:39.101+0000][info][gc,ergo      ] GC(42) Evacuation Reserve: 206M (103 regions), Max regular: 2048K
[2020-11-01T01:11:39.101+0000][info][gc,ergo      ] Free: 3794M (1897 regions), Max regular: 2048K, Max humongous: 1202176K, External frag: 70%, Internal frag: 0%
[2020-11-01T01:11:39.101+0000][info][gc,ergo      ] Evacuation Reserve: 206M (103 regions), Max regular: 2048K
[2020-11-01T01:11:39.101+0000][info][gc,ergo      ] Pacer for Idle. Initial: 81M, Alloc Tax Rate: 1.0x
[2020-11-01T01:11:40.101+0000][info][safepoint    ] Safepoint "Cleanup", Time since last: 1000084125 ns, Reaching safepoint: 66729 ns, At safepoint: 4304 ns, Total: 71033 ns
[2020-11-01T01:11:41.101+0000][info][safepoint    ] Safepoint "Cleanup", Time since last: 1000103262 ns, Reaching safepoint: 84027 ns, At safepoint: 6193 ns, Total: 90220 ns
[2020-11-01T01:11:42.101+0000][info][safepoint    ] Safepoint "Cleanup", Time since last: 1000122015 ns, Reaching safepoint: 133995 ns, At safepoint: 5742 ns, Total: 139737 ns
[2020-11-01T01:11:43.102+0000][info][safepoint    ] Safepoint "Cleanup", Time since last: 1000104029 ns, Reaching safepoint: 133364 ns, At safepoint: 4982 ns, Total: 138346 ns
[2020-11-01T01:11:44.102+0000][info][safepoint    ] Safepoint "Cleanup", Time since last: 1000107329 ns, Reaching safepoint: 138202 ns, At safepoint: 5591 ns, Total: 143793 ns
[2020-11-01T01:11:45.102+0000][info][safepoint    ] Safepoint "Cleanup", Time since last: 1000109516 ns, Reaching safepoint: 60130 ns, At safepoint: 4779 ns, Total: 64909 ns
[2020-11-01T01:11:46.102+0000][info][safepoint    ] Safepoint "Cleanup", Time since last: 1000094519 ns, Reaching safepoint: 136263 ns, At safepoint: 3422 ns, Total: 139685 ns
[2020-11-01T01:11:47.103+0000][info][safepoint    ] Safepoint "Cleanup", Time since last: 1000113239 ns, Reaching safepoint: 143385 ns, At safepoint: 4998 ns, Total: 148383 ns
[2020-11-01T01:11:48.103+0000][info][safepoint    ] Safepoint "Cleanup", Time since last: 1000108427 ns, Reaching safepoint: 139031 ns, At safepoint: 5121 ns, Total: 144152 ns
[2020-11-01T01:11:49.103+0000][info][safepoint    ] Safepoint "Cleanup", Time since last: 1000112253 ns, Reaching safepoint: 65985 ns, At safepoint: 6476 ns, Total: 72461 ns
[2020-11-01T01:11:49.372+0000][info][gc           ] Trigger: Free (408M) is below minimum threshold (409M)
[2020-11-01T01:11:49.372+0000][info][gc,ergo      ] Free: 408M (204 regions), Max regular: 2048K, Max humongous: 415744K, External frag: 1%, Internal frag: 0%
[2020-11-01T01:11:49.372+0000][info][gc,ergo      ] Evacuation Reserve: 206M (103 regions), Max regular: 2048K
[2020-11-01T01:11:49.372+0000][info][gc,start     ] GC(43) Concurrent reset
[2020-11-01T01:11:49.372+0000][info][gc,task      ] GC(43) Using 1 of 1 workers for concurrent reset
[2020-11-01T01:11:49.372+0000][info][gc           ] GC(43) Concurrent reset 3482M->3482M(4096M) 0.436ms
[2020-11-01T01:11:49.372+0000][info][gc,start     ] GC(43) Pause Init Mark
[2020-11-01T01:11:49.372+0000][info][gc,task      ] GC(43) Using 1 of 1 workers for init marking
[2020-11-01T01:11:49.373+0000][info][gc,ergo      ] GC(43) Pacer for Mark. Expected Live: 4M, Free: 408M, Non-Taxable: 40M, Alloc Tax Rate: 0.0x
[2020-11-01T01:11:49.373+0000][info][gc           ] GC(43) Pause Init Mark 0.492ms
[2020-11-01T01:11:49.373+0000][info][safepoint    ] Safepoint "ShenandoahInitMark", Time since last: 269122499 ns, Reaching safepoint: 140262 ns, At safepoint: 512551 ns, Total: 652813 ns
[2020-11-01T01:11:49.373+0000][info][gc,start     ] GC(43) Concurrent marking
[2020-11-01T01:11:49.373+0000][info][gc,task      ] GC(43) Using 1 of 1 workers for concurrent marking
[2020-11-01T01:11:49.381+0000][info][gc           ] GC(43) Concurrent marking 3482M->3486M(4096M) 7.741ms
[2020-11-01T01:11:49.381+0000][info][gc,start     ] GC(43) Pause Final Mark
[2020-11-01T01:11:49.381+0000][info][gc,task      ] GC(43) Using 1 of 1 workers for final marking
[2020-11-01T01:11:49.381+0000][info][gc,ergo      ] GC(43) Immediate Garbage: 3396M (97% of total), 1698 regions
[2020-11-01T01:11:49.381+0000][info][gc           ] GC(43) Pause Final Mark 0.580ms
[2020-11-01T01:11:49.381+0000][info][safepoint    ] Safepoint "ShenandoahFinalMarkStartEvac", Time since last: 7801672 ns, Reaching safepoint: 133081 ns, At safepoint: 600502 ns, Total: 733583 ns
[2020-11-01T01:11:49.381+0000][info][gc,start     ] GC(43) Concurrent cleanup
[2020-11-01T01:11:49.382+0000][info][gc           ] GC(43) Concurrent cleanup 3486M->94M(4096M) 0.288ms
[2020-11-01T01:11:49.382+0000][info][gc,ergo      ] GC(43) Free: 3796M (1898 regions), Max regular: 2048K, Max humongous: 1202176K, External frag: 70%, Internal frag: 0%
[2020-11-01T01:11:49.382+0000][info][gc,ergo      ] GC(43) Evacuation Reserve: 206M (103 regions), Max regular: 2048K
[2020-11-01T01:11:49.382+0000][info][gc,ergo      ] Free: 3796M (1898 regions), Max regular: 2048K, Max humongous: 1202176K, External frag: 70%, Internal frag: 0%
[2020-11-01T01:11:49.382+0000][info][gc,ergo      ] Evacuation Reserve: 206M (103 regions), Max regular: 2048K
[2020-11-01T01:11:49.382+0000][info][gc,ergo      ] Pacer for Idle. Initial: 81M, Alloc Tax Rate: 1.0x
[2020-11-01T01:11:50.382+0000][info][safepoint    ] Safepoint "Cleanup", Time since last: 1000081666 ns, Reaching safepoint: 134935 ns, At safepoint: 4985 ns, Total: 139920 ns
[2020-11-01T01:11:51.382+0000][info][safepoint    ] Safepoint "Cleanup", Time since last: 1000105631 ns, Reaching safepoint: 113084 ns, At safepoint: 6428 ns, Total: 119512 ns
[2020-11-01T01:11:52.382+0000][info][safepoint    ] Safepoint "Cleanup", Time since last: 1000108462 ns, Reaching safepoint: 56306 ns, At safepoint: 6311 ns, Total: 62617 ns
[2020-11-01T01:11:53.382+0000][info][safepoint    ] Safepoint "Cleanup", Time since last: 1000071739 ns, Reaching safepoint: 136850 ns, At safepoint: 3007 ns, Total: 139857 ns
[2020-11-01T01:11:54.382+0000][info][safepoint    ] Safepoint "Cleanup", Time since last: 1000107539 ns, Reaching safepoint: 133941 ns, At safepoint: 5475 ns, Total: 139416 ns
[2020-11-01T01:11:55.383+0000][info][safepoint    ] Safepoint "Cleanup", Time since last: 1000109615 ns, Reaching safepoint: 59470 ns, At safepoint: 6153 ns, Total: 65623 ns
[2020-11-01T01:11:56.383+0000][info][safepoint    ] Safepoint "Cleanup", Time since last: 1000112900 ns, Reaching safepoint: 140607 ns, At safepoint: 5376 ns, Total: 145983 ns
[2020-11-01T01:11:57.383+0000][info][safepoint    ] Safepoint "Cleanup", Time since last: 1000109247 ns, Reaching safepoint: 143391 ns, At safepoint: 6818 ns, Total: 150209 ns
[2020-11-01T01:11:58.383+0000][info][safepoint    ] Safepoint "Cleanup", Time since last: 1000109946 ns, Reaching safepoint: 140143 ns, At safepoint: 3251 ns, Total: 143394 ns
[2020-11-01T01:11:59.363+0000][info][gc           ] Trigger: Free (408M) is below minimum threshold (409M)
[2020-11-01T01:11:59.363+0000][info][gc,ergo      ] Free: 408M (204 regions), Max regular: 2048K, Max humongous: 411648K, External frag: 2%, Internal frag: 0%
[2020-11-01T01:11:59.363+0000][info][gc,ergo      ] Evacuation Reserve: 206M (103 regions), Max regular: 2048K
[2020-11-01T01:11:59.363+0000][info][gc,start     ] GC(44) Concurrent reset
[2020-11-01T01:11:59.363+0000][info][gc,task      ] GC(44) Using 1 of 1 workers for concurrent reset
[2020-11-01T01:11:59.364+0000][info][gc           ] GC(44) Concurrent reset 3482M->3482M(4096M) 0.428ms
[2020-11-01T01:11:59.364+0000][info][gc,start     ] GC(44) Pause Init Mark
[2020-11-01T01:11:59.364+0000][info][gc,task      ] GC(44) Using 1 of 1 workers for init marking
[2020-11-01T01:11:59.364+0000][info][gc,ergo      ] GC(44) Pacer for Mark. Expected Live: 4M, Free: 408M, Non-Taxable: 40M, Alloc Tax Rate: 0.0x
[2020-11-01T01:11:59.364+0000][info][gc           ] GC(44) Pause Init Mark 0.473ms
[2020-11-01T01:11:59.364+0000][info][safepoint    ] Safepoint "ShenandoahInitMark", Time since last: 980444475 ns, Reaching safepoint: 139954 ns, At safepoint: 493491 ns, Total: 633445 ns
[2020-11-01T01:11:59.364+0000][info][gc,start     ] GC(44) Concurrent marking
[2020-11-01T01:11:59.364+0000][info][gc,task      ] GC(44) Using 1 of 1 workers for concurrent marking
[2020-11-01T01:11:59.372+0000][info][gc           ] GC(44) Concurrent marking 3484M->3486M(4096M) 7.734ms
[2020-11-01T01:11:59.372+0000][info][gc,start     ] GC(44) Pause Final Mark
[2020-11-01T01:11:59.372+0000][info][gc,task      ] GC(44) Using 1 of 1 workers for final marking
[2020-11-01T01:11:59.373+0000][info][gc,ergo      ] GC(44) Immediate Garbage: 3396M (97% of total), 1698 regions
[2020-11-01T01:11:59.373+0000][info][gc           ] GC(44) Pause Final Mark 0.604ms
[2020-11-01T01:11:59.373+0000][info][safepoint    ] Safepoint "ShenandoahFinalMarkStartEvac", Time since last: 7795904 ns, Reaching safepoint: 135783 ns, At safepoint: 623754 ns, Total: 759537 ns
[2020-11-01T01:11:59.373+0000][info][gc,start     ] GC(44) Concurrent cleanup
[2020-11-01T01:11:59.373+0000][info][gc           ] GC(44) Concurrent cleanup 3486M->94M(4096M) 0.292ms
[2020-11-01T01:11:59.373+0000][info][gc,ergo      ] GC(44) Free: 3796M (1898 regions), Max regular: 2048K, Max humongous: 1202176K, External frag: 70%, Internal frag: 0%
[2020-11-01T01:11:59.373+0000][info][gc,ergo      ] GC(44) Evacuation Reserve: 206M (103 regions), Max regular: 2048K
[2020-11-01T01:11:59.373+0000][info][gc,ergo      ] Free: 3796M (1898 regions), Max regular: 2048K, Max humongous: 1202176K, External frag: 70%, Internal frag: 0%
[2020-11-01T01:11:59.373+0000][info][gc,ergo      ] Evacuation Reserve: 206M (103 regions), Max regular: 2048K
[2020-11-01T01:11:59.373+0000][info][gc,ergo      ] Pacer for Idle. Initial: 81M, Alloc Tax Rate: 1.0x
[2020-11-01T01:12:00.373+0000][info][safepoint    ] Safepoint "Cleanup", Time since last: 1000082182 ns, Reaching safepoint: 59542 ns, At safepoint: 5483 ns, Total: 65025 ns
[2020-11-01T01:12:01.373+0000][info][safepoint    ] Safepoint "Cleanup", Time since last: 1000111379 ns, Reaching safepoint: 139630 ns, At safepoint: 5301 ns, Total: 144931 ns
[2020-11-01T01:12:02.374+0000][info][safepoint    ] Safepoint "Cleanup", Time since last: 1000108192 ns, Reaching safepoint: 136464 ns, At safepoint: 6087 ns, Total: 142551 ns
[2020-11-01T01:12:03.374+0000][info][safepoint    ] Safepoint "Cleanup", Time since last: 1000112485 ns, Reaching safepoint: 59340 ns, At safepoint: 5458 ns, Total: 64798 ns
[2020-11-01T01:12:04.374+0000][info][safepoint    ] Safepoint "Cleanup", Time since last: 1000109501 ns, Reaching safepoint: 134065 ns, At safepoint: 5025 ns, Total: 139090 ns
[2020-11-01T01:12:05.374+0000][info][safepoint    ] Safepoint "Cleanup", Time since last: 1000110188 ns, Reaching safepoint: 140745 ns, At safepoint: 5159 ns, Total: 145904 ns
[2020-11-01T01:12:06.374+0000][info][safepoint    ] Safepoint "Cleanup", Time since last: 1000108109 ns, Reaching safepoint: 56901 ns, At safepoint: 5960 ns, Total: 62861 ns
[2020-11-01T01:12:07.375+0000][info][safepoint    ] Safepoint "Cleanup", Time since last: 1000108231 ns, Reaching safepoint: 136109 ns, At safepoint: 3269 ns, Total: 139378 ns
[2020-11-01T01:12:08.375+0000][info][safepoint    ] Safepoint "Cleanup", Time since last: 1000108762 ns, Reaching safepoint: 136711 ns, At safepoint: 5722 ns, Total: 142433 ns
[2020-11-01T01:12:09.347+0000][info][gc           ] Trigger: Free (408M) is below minimum threshold (409M)
[2020-11-01T01:12:09.347+0000][info][gc,ergo      ] Free: 408M (204 regions), Max regular: 2048K, Max humongous: 415744K, External frag: 1%, Internal frag: 0%
[2020-11-01T01:12:09.347+0000][info][gc,ergo      ] Evacuation Reserve: 206M (103 regions), Max regular: 2048K
[2020-11-01T01:12:09.347+0000][info][gc,start     ] GC(45) Concurrent reset
[2020-11-01T01:12:09.347+0000][info][gc,task      ] GC(45) Using 1 of 1 workers for concurrent reset
[2020-11-01T01:12:09.348+0000][info][gc           ] GC(45) Concurrent reset 3482M->3482M(4096M) 0.442ms
[2020-11-01T01:12:09.348+0000][info][gc,start     ] GC(45) Pause Init Mark (process weakrefs)
[2020-11-01T01:12:09.348+0000][info][gc,task      ] GC(45) Using 1 of 1 workers for init marking
[2020-11-01T01:12:09.348+0000][info][gc,ergo      ] GC(45) Pacer for Mark. Expected Live: 4M, Free: 408M, Non-Taxable: 40M, Alloc Tax Rate: 0.0x
[2020-11-01T01:12:09.348+0000][info][gc           ] GC(45) Pause Init Mark (process weakrefs) 0.473ms
[2020-11-01T01:12:09.348+0000][info][safepoint    ] Safepoint "ShenandoahInitMark", Time since last: 972613637 ns, Reaching safepoint: 134045 ns, At safepoint: 492568 ns, Total: 626613 ns
[2020-11-01T01:12:09.348+0000][info][gc,start     ] GC(45) Concurrent marking (process weakrefs)
[2020-11-01T01:12:09.348+0000][info][gc,task      ] GC(45) Using 1 of 1 workers for concurrent marking
[2020-11-01T01:12:09.356+0000][info][gc           ] GC(45) Concurrent marking (process weakrefs) 3484M->3486M(4096M) 7.969ms
[2020-11-01T01:12:09.356+0000][info][gc,start     ] GC(45) Concurrent precleaning
[2020-11-01T01:12:09.356+0000][info][gc,task      ] GC(45) Using 1 of 1 workers for concurrent preclean
[2020-11-01T01:12:09.356+0000][info][gc           ] GC(45) Concurrent precleaning 3486M->3486M(4096M) 0.107ms
[2020-11-01T01:12:09.356+0000][info][gc,start     ] GC(45) Pause Final Mark (process weakrefs)
[2020-11-01T01:12:09.357+0000][info][gc,task      ] GC(45) Using 1 of 1 workers for final marking
[2020-11-01T01:12:09.357+0000][info][gc,ergo      ] GC(45) Immediate Garbage: 3396M (97% of total), 1698 regions
[2020-11-01T01:12:09.357+0000][info][gc           ] GC(45) Pause Final Mark (process weakrefs) 0.610ms
[2020-11-01T01:12:09.357+0000][info][safepoint    ] Safepoint "ShenandoahFinalMarkStartEvac", Time since last: 8161269 ns, Reaching safepoint: 131417 ns, At safepoint: 629148 ns, Total: 760565 ns
[2020-11-01T01:12:09.357+0000][info][gc,start     ] GC(45) Concurrent cleanup
[2020-11-01T01:12:09.357+0000][info][gc           ] GC(45) Concurrent cleanup 3486M->94M(4096M) 0.288ms
[2020-11-01T01:12:09.357+0000][info][gc,ergo      ] GC(45) Free: 3796M (1898 regions), Max regular: 2048K, Max humongous: 1202176K, External frag: 70%, Internal frag: 0%
[2020-11-01T01:12:09.357+0000][info][gc,ergo      ] GC(45) Evacuation Reserve: 206M (103 regions), Max regular: 2048K
[2020-11-01T01:12:09.358+0000][info][gc,ergo      ] Free: 3796M (1898 regions), Max regular: 2048K, Max humongous: 1202176K, External frag: 70%, Internal frag: 0%
[2020-11-01T01:12:09.358+0000][info][gc,ergo      ] Evacuation Reserve: 206M (103 regions), Max regular: 2048K
[2020-11-01T01:12:09.358+0000][info][gc,ergo      ] Pacer for Idle. Initial: 81M, Alloc Tax Rate: 1.0x
[2020-11-01T01:12:10.357+0000][info][safepoint    ] Safepoint "Cleanup", Time since last: 1000053399 ns, Reaching safepoint: 58386 ns, At safepoint: 5169 ns, Total: 63555 ns
[2020-11-01T01:12:11.358+0000][info][safepoint    ] Safepoint "Cleanup", Time since last: 1000107402 ns, Reaching safepoint: 154444 ns, At safepoint: 6271 ns, Total: 160715 ns
[2020-11-01T01:12:12.358+0000][info][safepoint    ] Safepoint "Cleanup", Time since last: 1000106587 ns, Reaching safepoint: 60418 ns, At safepoint: 5069 ns, Total: 65487 ns
[2020-11-01T01:12:13.358+0000][info][safepoint    ] Safepoint "Cleanup", Time since last: 1000108475 ns, Reaching safepoint: 138693 ns, At safepoint: 5197 ns, Total: 143890 ns
[2020-11-01T01:12:14.358+0000][info][safepoint    ] Safepoint "Cleanup", Time since last: 1000110118 ns, Reaching safepoint: 134533 ns, At safepoint: 5088 ns, Total: 139621 ns
[2020-11-01T01:12:15.358+0000][info][safepoint    ] Safepoint "Cleanup", Time since last: 1000108704 ns, Reaching safepoint: 136605 ns, At safepoint: 5713 ns, Total: 142318 ns
[2020-11-01T01:12:16.359+0000][info][safepoint    ] Safepoint "Cleanup", Time since last: 1000115638 ns, Reaching safepoint: 56653 ns, At safepoint: 5530 ns, Total: 62183 ns
[2020-11-01T01:12:17.359+0000][info][safepoint    ] Safepoint "Cleanup", Time since last: 1000118258 ns, Reaching safepoint: 59374 ns, At safepoint: 5248 ns, Total: 64622 ns
[2020-11-01T01:12:18.359+0000][info][safepoint    ] Safepoint "Cleanup", Time since last: 1000109815 ns, Reaching safepoint: 60000 ns, At safepoint: 5554 ns, Total: 65554 ns
[2020-11-01T01:12:19.333+0000][info][gc           ] Trigger: Free (408M) is below minimum threshold (409M)
[2020-11-01T01:12:19.333+0000][info][gc,ergo      ] Free: 408M (204 regions), Max regular: 2048K, Max humongous: 411648K, External frag: 2%, Internal frag: 0%
[2020-11-01T01:12:19.333+0000][info][gc,ergo      ] Evacuation Reserve: 206M (103 regions), Max regular: 2048K
[2020-11-01T01:12:19.333+0000][info][gc,start     ] GC(46) Concurrent reset
[2020-11-01T01:12:19.333+0000][info][gc,task      ] GC(46) Using 1 of 1 workers for concurrent reset
[2020-11-01T01:12:19.333+0000][info][gc           ] GC(46) Concurrent reset 3482M->3482M(4096M) 0.438ms
[2020-11-01T01:12:19.334+0000][info][gc,start     ] GC(46) Pause Init Mark
[2020-11-01T01:12:19.334+0000][info][gc,task      ] GC(46) Using 1 of 1 workers for init marking
[2020-11-01T01:12:19.334+0000][info][gc,ergo      ] GC(46) Pacer for Mark. Expected Live: 4M, Free: 408M, Non-Taxable: 40M, Alloc Tax Rate: 0.0x
[2020-11-01T01:12:19.334+0000][info][gc           ] GC(46) Pause Init Mark 0.441ms
[2020-11-01T01:12:19.334+0000][info][safepoint    ] Safepoint "ShenandoahInitMark", Time since last: 974488447 ns, Reaching safepoint: 127727 ns, At safepoint: 459413 ns, Total: 587140 ns
[2020-11-01T01:12:19.334+0000][info][gc,start     ] GC(46) Concurrent marking
[2020-11-01T01:12:19.334+0000][info][gc,task      ] GC(46) Using 1 of 1 workers for concurrent marking
[2020-11-01T01:12:19.339+0000][info][gc           ] GC(46) Concurrent marking 3484M->3486M(4096M) 5.385ms
[2020-11-01T01:12:19.340+0000][info][gc,start     ] GC(46) Pause Final Mark
[2020-11-01T01:12:19.340+0000][info][gc,task      ] GC(46) Using 1 of 1 workers for final marking
[2020-11-01T01:12:19.340+0000][info][gc,ergo      ] GC(46) Immediate Garbage: 3396M (97% of total), 1698 regions
[2020-11-01T01:12:19.340+0000][info][gc           ] GC(46) Pause Final Mark 0.550ms
[2020-11-01T01:12:19.340+0000][info][safepoint    ] Safepoint "ShenandoahFinalMarkStartEvac", Time since last: 5441967 ns, Reaching safepoint: 123423 ns, At safepoint: 568540 ns, Total: 691963 ns
[2020-11-01T01:12:19.340+0000][info][gc,start     ] GC(46) Concurrent cleanup
[2020-11-01T01:12:19.340+0000][info][gc           ] GC(46) Concurrent cleanup 3486M->92M(4096M) 0.256ms
[2020-11-01T01:12:19.340+0000][info][gc,ergo      ] GC(46) Free: 3798M (1899 regions), Max regular: 2048K, Max humongous: 1202176K, External frag: 70%, Internal frag: 0%
[2020-11-01T01:12:19.340+0000][info][gc,ergo      ] GC(46) Evacuation Reserve: 206M (103 regions), Max regular: 2048K
[2020-11-01T01:12:19.341+0000][info][gc,ergo      ] Free: 3798M (1899 regions), Max regular: 2048K, Max humongous: 1202176K, External frag: 70%, Internal frag: 0%
[2020-11-01T01:12:19.341+0000][info][gc,ergo      ] Evacuation Reserve: 206M (103 regions), Max regular: 2048K
[2020-11-01T01:12:19.341+0000][info][gc,ergo      ] Pacer for Idle. Initial: 81M, Alloc Tax Rate: 1.0x
[2020-11-01T01:12:20.340+0000][info][safepoint    ] Safepoint "Cleanup", Time since last: 1000084553 ns, Reaching safepoint: 59800 ns, At safepoint: 5843 ns, Total: 65643 ns
[2020-11-01T01:12:21.342+0000][info][safepoint    ] Safepoint "Cleanup", Time since last: 1000341390 ns, Reaching safepoint: 872107 ns, At safepoint: 11179 ns, Total: 883286 ns
[2020-11-01T01:12:22.342+0000][info][safepoint    ] Safepoint "Cleanup", Time since last: 1000101958 ns, Reaching safepoint: 131457 ns, At safepoint: 5765 ns, Total: 137222 ns
[2020-11-01T01:12:23.342+0000][info][safepoint    ] Safepoint "Cleanup", Time since last: 1000109573 ns, Reaching safepoint: 142197 ns, At safepoint: 4853 ns, Total: 147050 ns
[2020-11-01T01:12:24.342+0000][info][safepoint    ] Safepoint "Cleanup", Time since last: 1000107534 ns, Reaching safepoint: 137584 ns, At safepoint: 3193 ns, Total: 140777 ns
[2020-11-01T01:12:25.343+0000][info][safepoint    ] Safepoint "Cleanup", Time since last: 1000106786 ns, Reaching safepoint: 133923 ns, At safepoint: 5629 ns, Total: 139552 ns
[2020-11-01T01:12:26.343+0000][info][safepoint    ] Safepoint "Cleanup", Time since last: 1000112071 ns, Reaching safepoint: 60945 ns, At safepoint: 3835 ns, Total: 64780 ns
[2020-11-01T01:12:27.343+0000][info][safepoint    ] Safepoint "Cleanup", Time since last: 1000080714 ns, Reaching safepoint: 138068 ns, At safepoint: 5667 ns, Total: 143735 ns
[2020-11-01T01:12:28.343+0000][info][safepoint    ] Safepoint "Cleanup", Time since last: 1000107948 ns, Reaching safepoint: 140207 ns, At safepoint: 5285 ns, Total: 145492 ns
[2020-11-01T01:12:29.314+0000][info][gc           ] Trigger: Free (408M) is below minimum threshold (409M)
[2020-11-01T01:12:29.314+0000][info][gc,ergo      ] Free: 408M (204 regions), Max regular: 2048K, Max humongous: 415744K, External frag: 1%, Internal frag: 0%
[2020-11-01T01:12:29.314+0000][info][gc,ergo      ] Evacuation Reserve: 206M (103 regions), Max regular: 2048K
[2020-11-01T01:12:29.314+0000][info][gc,start     ] GC(47) Concurrent reset
[2020-11-01T01:12:29.314+0000][info][gc,task      ] GC(47) Using 1 of 1 workers for concurrent reset
[2020-11-01T01:12:29.314+0000][info][gc           ] GC(47) Concurrent reset 3482M->3482M(4096M) 0.447ms
[2020-11-01T01:12:29.314+0000][info][gc,start     ] GC(47) Pause Init Mark
[2020-11-01T01:12:29.314+0000][info][gc,task      ] GC(47) Using 1 of 1 workers for init marking
[2020-11-01T01:12:29.315+0000][info][gc,ergo      ] GC(47) Pacer for Mark. Expected Live: 4M, Free: 408M, Non-Taxable: 40M, Alloc Tax Rate: 0.0x
[2020-11-01T01:12:29.315+0000][info][gc           ] GC(47) Pause Init Mark 0.468ms
[2020-11-01T01:12:29.315+0000][info][safepoint    ] Safepoint "ShenandoahInitMark", Time since last: 971074391 ns, Reaching safepoint: 156395 ns, At safepoint: 488100 ns, Total: 644495 ns
[2020-11-01T01:12:29.315+0000][info][gc,start     ] GC(47) Concurrent marking
[2020-11-01T01:12:29.315+0000][info][gc,task      ] GC(47) Using 1 of 1 workers for concurrent marking
[2020-11-01T01:12:29.320+0000][info][gc           ] GC(47) Concurrent marking 3484M->3484M(4096M) 5.345ms
[2020-11-01T01:12:29.320+0000][info][gc,start     ] GC(47) Pause Final Mark
[2020-11-01T01:12:29.320+0000][info][gc,task      ] GC(47) Using 1 of 1 workers for final marking
[2020-11-01T01:12:29.321+0000][info][gc,ergo      ] GC(47) Immediate Garbage: 3396M (97% of total), 1698 regions
[2020-11-01T01:12:29.321+0000][info][gc           ] GC(47) Pause Final Mark 0.589ms
[2020-11-01T01:12:29.321+0000][info][safepoint    ] Safepoint "ShenandoahFinalMarkStartEvac", Time since last: 5405259 ns, Reaching safepoint: 128144 ns, At safepoint: 608441 ns, Total: 736585 ns
[2020-11-01T01:12:29.321+0000][info][gc,start     ] GC(47) Concurrent cleanup
[2020-11-01T01:12:29.321+0000][info][gc           ] GC(47) Concurrent cleanup 3486M->94M(4096M) 0.285ms
[2020-11-01T01:12:29.321+0000][info][gc,ergo      ] GC(47) Free: 3796M (1898 regions), Max regular: 2048K, Max humongous: 1202176K, External frag: 70%, Internal frag: 0%
[2020-11-01T01:12:29.321+0000][info][gc,ergo      ] GC(47) Evacuation Reserve: 206M (103 regions), Max regular: 2048K
[2020-11-01T01:12:29.321+0000][info][gc,ergo      ] Free: 3796M (1898 regions), Max regular: 2048K, Max humongous: 1202176K, External frag: 70%, Internal frag: 0%
[2020-11-01T01:12:29.321+0000][info][gc,ergo      ] Evacuation Reserve: 206M (103 regions), Max regular: 2048K
[2020-11-01T01:12:29.322+0000][info][gc,ergo      ] Pacer for Idle. Initial: 81M, Alloc Tax Rate: 1.0x
[2020-11-01T01:12:30.321+0000][info][safepoint    ] Safepoint "Cleanup", Time since last: 1000080126 ns, Reaching safepoint: 148497 ns, At safepoint: 7116 ns, Total: 155613 ns
[2020-11-01T01:12:31.321+0000][info][safepoint    ] Safepoint "Cleanup", Time since last: 1000111399 ns, Reaching safepoint: 58395 ns, At safepoint: 6480 ns, Total: 64875 ns
[2020-11-01T01:12:32.322+0000][info][safepoint    ] Safepoint "Cleanup", Time since last: 1000113184 ns, Reaching safepoint: 136818 ns, At safepoint: 4978 ns, Total: 141796 ns
[2020-11-01T01:12:33.322+0000][info][safepoint    ] Safepoint "Cleanup", Time since last: 1000107777 ns, Reaching safepoint: 135362 ns, At safepoint: 5764 ns, Total: 141126 ns
[2020-11-01T01:12:34.322+0000][info][safepoint    ] Safepoint "Cleanup", Time since last: 1000109864 ns, Reaching safepoint: 137004 ns, At safepoint: 6735 ns, Total: 143739 ns
[2020-11-01T01:12:35.322+0000][info][safepoint    ] Safepoint "Cleanup", Time since last: 1000106856 ns, Reaching safepoint: 62265 ns, At safepoint: 5813 ns, Total: 68078 ns
[2020-11-01T01:12:36.323+0000][info][safepoint    ] Safepoint "Cleanup", Time since last: 1000105735 ns, Reaching safepoint: 138072 ns, At safepoint: 5179 ns, Total: 143251 ns
[2020-11-01T01:12:37.323+0000][info][safepoint    ] Safepoint "Cleanup", Time since last: 1000110481 ns, Reaching safepoint: 78781 ns, At safepoint: 3937 ns, Total: 82718 ns
[2020-11-01T01:12:38.323+0000][info][safepoint    ] Safepoint "Cleanup", Time since last: 1000109712 ns, Reaching safepoint: 56036 ns, At safepoint: 6177 ns, Total: 62213 ns
[2020-11-01T01:12:39.300+0000][info][gc           ] Trigger: Free (408M) is below minimum threshold (409M)
[2020-11-01T01:12:39.300+0000][info][gc,ergo      ] Free: 408M (204 regions), Max regular: 2048K, Max humongous: 411648K, External frag: 2%, Internal frag: 0%
[2020-11-01T01:12:39.300+0000][info][gc,ergo      ] Evacuation Reserve: 206M (103 regions), Max regular: 2048K
[2020-11-01T01:12:39.300+0000][info][gc,start     ] GC(48) Concurrent reset
[2020-11-01T01:12:39.300+0000][info][gc,task      ] GC(48) Using 1 of 1 workers for concurrent reset
[2020-11-01T01:12:39.301+0000][info][gc           ] GC(48) Concurrent reset 3482M->3482M(4096M) 0.439ms
[2020-11-01T01:12:39.301+0000][info][gc,start     ] GC(48) Pause Init Mark
[2020-11-01T01:12:39.301+0000][info][gc,task      ] GC(48) Using 1 of 1 workers for init marking
[2020-11-01T01:12:39.301+0000][info][gc,ergo      ] GC(48) Pacer for Mark. Expected Live: 4M, Free: 408M, Non-Taxable: 40M, Alloc Tax Rate: 0.0x
[2020-11-01T01:12:39.301+0000][info][gc           ] GC(48) Pause Init Mark 0.452ms
[2020-11-01T01:12:39.301+0000][info][safepoint    ] Safepoint "ShenandoahInitMark", Time since last: 977872728 ns, Reaching safepoint: 136757 ns, At safepoint: 470894 ns, Total: 607651 ns
[2020-11-01T01:12:39.302+0000][info][gc,start     ] GC(48) Concurrent marking
[2020-11-01T01:12:39.302+0000][info][gc,task      ] GC(48) Using 1 of 1 workers for concurrent marking
[2020-11-01T01:12:39.307+0000][info][gc           ] GC(48) Concurrent marking 3484M->3484M(4096M) 5.370ms
[2020-11-01T01:12:39.307+0000][info][gc,start     ] GC(48) Pause Final Mark
[2020-11-01T01:12:39.307+0000][info][gc,task      ] GC(48) Using 1 of 1 workers for final marking
[2020-11-01T01:12:39.308+0000][info][gc,ergo      ] GC(48) Immediate Garbage: 3398M (97% of total), 1699 regions
[2020-11-01T01:12:39.308+0000][info][gc           ] GC(48) Pause Final Mark 0.575ms
[2020-11-01T01:12:39.308+0000][info][safepoint    ] Safepoint "ShenandoahFinalMarkStartEvac", Time since last: 5430192 ns, Reaching safepoint: 122972 ns, At safepoint: 593024 ns, Total: 715996 ns
[2020-11-01T01:12:39.308+0000][info][gc,start     ] GC(48) Concurrent cleanup
[2020-11-01T01:12:39.308+0000][info][gc           ] GC(48) Concurrent cleanup 3486M->90M(4096M) 0.255ms
[2020-11-01T01:12:39.308+0000][info][gc,ergo      ] GC(48) Free: 3800M (1900 regions), Max regular: 2048K, Max humongous: 1202176K, External frag: 70%, Internal frag: 0%
[2020-11-01T01:12:39.308+0000][info][gc,ergo      ] GC(48) Evacuation Reserve: 206M (103 regions), Max regular: 2048K
[2020-11-01T01:12:39.308+0000][info][gc,ergo      ] Free: 3800M (1900 regions), Max regular: 2048K, Max humongous: 1202176K, External frag: 70%, Internal frag: 0%
[2020-11-01T01:12:39.308+0000][info][gc,ergo      ] Evacuation Reserve: 206M (103 regions), Max regular: 2048K
[2020-11-01T01:12:39.308+0000][info][gc,ergo      ] Pacer for Idle. Initial: 81M, Alloc Tax Rate: 1.0x
[2020-11-01T01:12:40.308+0000][info][safepoint    ] Safepoint "Cleanup", Time since last: 1000079476 ns, Reaching safepoint: 136744 ns, At safepoint: 5336 ns, Total: 142080 ns
[2020-11-01T01:12:41.308+0000][info][safepoint    ] Safepoint "Cleanup", Time since last: 1000111318 ns, Reaching safepoint: 148508 ns, At safepoint: 5024 ns, Total: 153532 ns
[2020-11-01T01:12:42.308+0000][info][safepoint    ] Safepoint "Cleanup", Time since last: 1000113021 ns, Reaching safepoint: 56567 ns, At safepoint: 6038 ns, Total: 62605 ns
[2020-11-01T01:12:43.309+0000][info][safepoint    ] Safepoint "Cleanup", Time since last: 1000114707 ns, Reaching safepoint: 145791 ns, At safepoint: 5219 ns, Total: 151010 ns
[2020-11-01T01:12:44.309+0000][info][safepoint    ] Safepoint "Cleanup", Time since last: 1000110185 ns, Reaching safepoint: 133836 ns, At safepoint: 5642 ns, Total: 139478 ns
[2020-11-01T01:12:45.309+0000][info][safepoint    ] Safepoint "Cleanup", Time since last: 1000116732 ns, Reaching safepoint: 139265 ns, At safepoint: 5423 ns, Total: 144688 ns
[2020-11-01T01:12:46.309+0000][info][safepoint    ] Safepoint "Cleanup", Time since last: 1000110760 ns, Reaching safepoint: 135664 ns, At safepoint: 5649 ns, Total: 141313 ns
[2020-11-01T01:12:47.310+0000][info][safepoint    ] Safepoint "Cleanup", Time since last: 1000911377 ns, Reaching safepoint: 64892 ns, At safepoint: 6600 ns, Total: 71492 ns
[2020-11-01T01:12:48.311+0000][info][safepoint    ] Safepoint "Cleanup", Time since last: 1000114888 ns, Reaching safepoint: 138335 ns, At safepoint: 5367 ns, Total: 143702 ns
[2020-11-01T01:12:49.294+0000][info][gc           ] Trigger: Free (408M) is below minimum threshold (409M)
[2020-11-01T01:12:49.294+0000][info][gc,ergo      ] Free: 408M (204 regions), Max regular: 2048K, Max humongous: 415744K, External frag: 1%, Internal frag: 0%
[2020-11-01T01:12:49.294+0000][info][gc,ergo      ] Evacuation Reserve: 206M (103 regions), Max regular: 2048K
[2020-11-01T01:12:49.294+0000][info][gc,start     ] GC(49) Concurrent reset
[2020-11-01T01:12:49.294+0000][info][gc,task      ] GC(49) Using 1 of 1 workers for concurrent reset
[2020-11-01T01:12:49.294+0000][info][gc           ] GC(49) Concurrent reset 3482M->3482M(4096M) 0.438ms
[2020-11-01T01:12:49.294+0000][info][gc,start     ] GC(49) Pause Init Mark
[2020-11-01T01:12:49.294+0000][info][gc,task      ] GC(49) Using 1 of 1 workers for init marking
[2020-11-01T01:12:49.295+0000][info][gc,ergo      ] GC(49) Pacer for Mark. Expected Live: 4M, Free: 408M, Non-Taxable: 40M, Alloc Tax Rate: 0.0x
[2020-11-01T01:12:49.295+0000][info][gc           ] GC(49) Pause Init Mark 0.476ms
[2020-11-01T01:12:49.295+0000][info][safepoint    ] Safepoint "ShenandoahInitMark", Time since last: 983707294 ns, Reaching safepoint: 138052 ns, At safepoint: 495672 ns, Total: 633724 ns
[2020-11-01T01:12:49.295+0000][info][gc,start     ] GC(49) Concurrent marking
[2020-11-01T01:12:49.295+0000][info][gc,task      ] GC(49) Using 1 of 1 workers for concurrent marking
[2020-11-01T01:12:49.303+0000][info][gc           ] GC(49) Concurrent marking 3484M->3486M(4096M) 7.776ms
[2020-11-01T01:12:49.303+0000][info][gc,start     ] GC(49) Pause Final Mark
[2020-11-01T01:12:49.303+0000][info][gc,task      ] GC(49) Using 1 of 1 workers for final marking
[2020-11-01T01:12:49.303+0000][info][gc,ergo      ] GC(49) Immediate Garbage: 3394M (97% of total), 1697 regions
[2020-11-01T01:12:49.303+0000][info][gc           ] GC(49) Pause Final Mark 0.586ms
[2020-11-01T01:12:49.303+0000][info][safepoint    ] Safepoint "ShenandoahFinalMarkStartEvac", Time since last: 7838896 ns, Reaching safepoint: 131311 ns, At safepoint: 605203 ns, Total: 736514 ns
[2020-11-01T01:12:49.304+0000][info][gc,start     ] GC(49) Concurrent cleanup
[2020-11-01T01:12:49.304+0000][info][gc           ] GC(49) Concurrent cleanup 3486M->96M(4096M) 0.286ms
[2020-11-01T01:12:49.304+0000][info][gc,ergo      ] GC(49) Free: 3794M (1897 regions), Max regular: 2048K, Max humongous: 1202176K, External frag: 70%, Internal frag: 0%
[2020-11-01T01:12:49.304+0000][info][gc,ergo      ] GC(49) Evacuation Reserve: 206M (103 regions), Max regular: 2048K
[2020-11-01T01:12:49.304+0000][info][gc,ergo      ] Free: 3794M (1897 regions), Max regular: 2048K, Max humongous: 1202176K, External frag: 70%, Internal frag: 0%
[2020-11-01T01:12:49.304+0000][info][gc,ergo      ] Evacuation Reserve: 206M (103 regions), Max regular: 2048K
[2020-11-01T01:12:49.304+0000][info][gc,ergo      ] Pacer for Idle. Initial: 81M, Alloc Tax Rate: 1.0x
[2020-11-01T01:12:50.304+0000][info][safepoint    ] Safepoint "Cleanup", Time since last: 1000084127 ns, Reaching safepoint: 62745 ns, At safepoint: 6326 ns, Total: 69071 ns
[2020-11-01T01:12:51.304+0000][info][safepoint    ] Safepoint "Cleanup", Time since last: 1000077728 ns, Reaching safepoint: 138176 ns, At safepoint: 5512 ns, Total: 143688 ns
[2020-11-01T01:12:52.304+0000][info][safepoint    ] Safepoint "Cleanup", Time since last: 1000109378 ns, Reaching safepoint: 142485 ns, At safepoint: 5675 ns, Total: 148160 ns
[2020-11-01T01:12:53.304+0000][info][safepoint    ] Safepoint "Cleanup", Time since last: 1000109432 ns, Reaching safepoint: 139162 ns, At safepoint: 5428 ns, Total: 144590 ns
[2020-11-01T01:12:54.305+0000][info][safepoint    ] Safepoint "Cleanup", Time since last: 1000108382 ns, Reaching safepoint: 135533 ns, At safepoint: 3331 ns, Total: 138864 ns
[2020-11-01T01:12:55.305+0000][info][safepoint    ] Safepoint "Cleanup", Time since last: 1000124003 ns, Reaching safepoint: 58443 ns, At safepoint: 5164 ns, Total: 63607 ns
[2020-11-01T01:12:56.305+0000][info][safepoint    ] Safepoint "Cleanup", Time since last: 1000108323 ns, Reaching safepoint: 129788 ns, At safepoint: 6524 ns, Total: 136312 ns
[2020-11-01T01:12:57.305+0000][info][safepoint    ] Safepoint "Cleanup", Time since last: 1000100729 ns, Reaching safepoint: 137017 ns, At safepoint: 5763 ns, Total: 142780 ns
[2020-11-01T01:12:58.306+0000][info][safepoint    ] Safepoint "Cleanup", Time since last: 1000109140 ns, Reaching safepoint: 137396 ns, At safepoint: 5628 ns, Total: 143024 ns
[2020-11-01T01:12:59.267+0000][info][gc           ] Trigger: Free (408M) is below minimum threshold (409M)
[2020-11-01T01:12:59.267+0000][info][gc,ergo      ] Free: 408M (204 regions), Max regular: 2048K, Max humongous: 411648K, External frag: 2%, Internal frag: 0%
[2020-11-01T01:12:59.267+0000][info][gc,ergo      ] Evacuation Reserve: 206M (103 regions), Max regular: 2048K
[2020-11-01T01:12:59.267+0000][info][gc,start     ] GC(50) Concurrent reset
[2020-11-01T01:12:59.267+0000][info][gc,task      ] GC(50) Using 1 of 1 workers for concurrent reset
[2020-11-01T01:12:59.268+0000][info][gc           ] GC(50) Concurrent reset 3482M->3482M(4096M) 0.441ms
[2020-11-01T01:12:59.268+0000][info][gc,start     ] GC(50) Pause Init Mark (process weakrefs)
[2020-11-01T01:12:59.268+0000][info][gc,task      ] GC(50) Using 1 of 1 workers for init marking
[2020-11-01T01:12:59.268+0000][info][gc,ergo      ] GC(50) Pacer for Mark. Expected Live: 4M, Free: 408M, Non-Taxable: 40M, Alloc Tax Rate: 0.0x
[2020-11-01T01:12:59.268+0000][info][gc           ] GC(50) Pause Init Mark (process weakrefs) 0.450ms
[2020-11-01T01:12:59.268+0000][info][safepoint    ] Safepoint "ShenandoahInitMark", Time since last: 962060803 ns, Reaching safepoint: 133761 ns, At safepoint: 469187 ns, Total: 602948 ns
[2020-11-01T01:12:59.268+0000][info][gc,start     ] GC(50) Concurrent marking (process weakrefs)
[2020-11-01T01:12:59.268+0000][info][gc,task      ] GC(50) Using 1 of 1 workers for concurrent marking
[2020-11-01T01:12:59.274+0000][info][gc           ] GC(50) Concurrent marking (process weakrefs) 3484M->3484M(4096M) 5.474ms
[2020-11-01T01:12:59.274+0000][info][gc,start     ] GC(50) Concurrent precleaning
[2020-11-01T01:12:59.274+0000][info][gc,task      ] GC(50) Using 1 of 1 workers for concurrent preclean
[2020-11-01T01:12:59.274+0000][info][gc           ] GC(50) Concurrent precleaning 3486M->3486M(4096M) 0.144ms
[2020-11-01T01:12:59.274+0000][info][gc,start     ] GC(50) Pause Final Mark (process weakrefs)
[2020-11-01T01:12:59.274+0000][info][gc,task      ] GC(50) Using 1 of 1 workers for final marking
[2020-11-01T01:12:59.275+0000][info][gc,ergo      ] GC(50) Immediate Garbage: 3394M (97% of total), 1697 regions
[2020-11-01T01:12:59.275+0000][info][gc           ] GC(50) Pause Final Mark (process weakrefs) 0.637ms
[2020-11-01T01:12:59.275+0000][info][safepoint    ] Safepoint "ShenandoahFinalMarkStartEvac", Time since last: 5687845 ns, Reaching safepoint: 45233 ns, At safepoint: 657248 ns, Total: 702481 ns
[2020-11-01T01:12:59.275+0000][info][gc,start     ] GC(50) Concurrent cleanup
[2020-11-01T01:12:59.275+0000][info][gc           ] GC(50) Concurrent cleanup 3486M->96M(4096M) 0.284ms
[2020-11-01T01:12:59.275+0000][info][gc,ergo      ] GC(50) Free: 3794M (1897 regions), Max regular: 2048K, Max humongous: 1202176K, External frag: 70%, Internal frag: 0%
[2020-11-01T01:12:59.275+0000][info][gc,ergo      ] GC(50) Evacuation Reserve: 206M (103 regions), Max regular: 2048K
[2020-11-01T01:12:59.275+0000][info][gc,ergo      ] Free: 3794M (1897 regions), Max regular: 2048K, Max humongous: 1202176K, External frag: 70%, Internal frag: 0%
[2020-11-01T01:12:59.275+0000][info][gc,ergo      ] Evacuation Reserve: 206M (103 regions), Max regular: 2048K
[2020-11-01T01:12:59.275+0000][info][gc,ergo      ] Pacer for Idle. Initial: 81M, Alloc Tax Rate: 1.0x
[2020-11-01T01:13:00.275+0000][info][safepoint    ] Safepoint "Cleanup", Time since last: 1000080417 ns, Reaching safepoint: 138024 ns, At safepoint: 7176 ns, Total: 145200 ns
[2020-11-01T01:13:01.275+0000][info][safepoint    ] Safepoint "Cleanup", Time since last: 1000108993 ns, Reaching safepoint: 135738 ns, At safepoint: 5106 ns, Total: 140844 ns
[2020-11-01T01:13:02.275+0000][info][safepoint    ] Safepoint "Cleanup", Time since last: 1000113655 ns, Reaching safepoint: 63228 ns, At safepoint: 6562 ns, Total: 69790 ns
[2020-11-01T01:13:03.276+0000][info][safepoint    ] Safepoint "Cleanup", Time since last: 1000115406 ns, Reaching safepoint: 125746 ns, At safepoint: 5534 ns, Total: 131280 ns
[2020-11-01T01:13:04.276+0000][info][safepoint    ] Safepoint "Cleanup", Time since last: 1000105779 ns, Reaching safepoint: 131075 ns, At safepoint: 5532 ns, Total: 136607 ns
[2020-11-01T01:13:05.276+0000][info][safepoint    ] Safepoint "Cleanup", Time since last: 1000110513 ns, Reaching safepoint: 139538 ns, At safepoint: 5039 ns, Total: 144577 ns
[2020-11-01T01:13:06.276+0000][info][safepoint    ] Safepoint "Cleanup", Time since last: 1000107728 ns, Reaching safepoint: 144720 ns, At safepoint: 5336 ns, Total: 150056 ns
[2020-11-01T01:13:07.277+0000][info][safepoint    ] Safepoint "Cleanup", Time since last: 1000110490 ns, Reaching safepoint: 164198 ns, At safepoint: 5175 ns, Total: 169373 ns
[2020-11-01T01:13:08.277+0000][info][safepoint    ] Safepoint "Cleanup", Time since last: 1000103144 ns, Reaching safepoint: 65362 ns, At safepoint: 7013 ns, Total: 72375 ns
[2020-11-01T01:13:09.264+0000][info][gc           ] Trigger: Free (406M) is below minimum threshold (409M)
[2020-11-01T01:13:09.264+0000][info][gc,ergo      ] Free: 406M (203 regions), Max regular: 2048K, Max humongous: 413696K, External frag: 1%, Internal frag: 0%
[2020-11-01T01:13:09.264+0000][info][gc,ergo      ] Evacuation Reserve: 206M (103 regions), Max regular: 2048K
[2020-11-01T01:13:09.264+0000][info][gc,start     ] GC(51) Concurrent reset
[2020-11-01T01:13:09.264+0000][info][gc,task      ] GC(51) Using 1 of 1 workers for concurrent reset
[2020-11-01T01:13:09.264+0000][info][gc           ] GC(51) Concurrent reset 3484M->3484M(4096M) 0.439ms
[2020-11-01T01:13:09.264+0000][info][gc,start     ] GC(51) Pause Init Mark
[2020-11-01T01:13:09.264+0000][info][gc,task      ] GC(51) Using 1 of 1 workers for init marking
[2020-11-01T01:13:09.265+0000][info][gc,ergo      ] GC(51) Pacer for Mark. Expected Live: 4M, Free: 406M, Non-Taxable: 40M, Alloc Tax Rate: 0.0x
[2020-11-01T01:13:09.265+0000][info][gc           ] GC(51) Pause Init Mark 0.468ms
[2020-11-01T01:13:09.265+0000][info][safepoint    ] Safepoint "ShenandoahInitMark", Time since last: 987394040 ns, Reaching safepoint: 138456 ns, At safepoint: 488170 ns, Total: 626626 ns
[2020-11-01T01:13:09.265+0000][info][gc,start     ] GC(51) Concurrent marking
[2020-11-01T01:13:09.265+0000][info][gc,task      ] GC(51) Using 1 of 1 workers for concurrent marking
[2020-11-01T01:13:09.270+0000][info][gc           ] GC(51) Concurrent marking 3486M->3486M(4096M) 5.361ms
[2020-11-01T01:13:09.270+0000][info][gc,start     ] GC(51) Pause Final Mark
[2020-11-01T01:13:09.270+0000][info][gc,task      ] GC(51) Using 1 of 1 workers for final marking
[2020-11-01T01:13:09.271+0000][info][gc,ergo      ] GC(51) Immediate Garbage: 3398M (97% of total), 1699 regions
[2020-11-01T01:13:09.271+0000][info][gc           ] GC(51) Pause Final Mark 0.571ms
[2020-11-01T01:13:09.271+0000][info][safepoint    ] Safepoint "ShenandoahFinalMarkStartEvac", Time since last: 5420728 ns, Reaching safepoint: 119884 ns, At safepoint: 591193 ns, Total: 711077 ns
[2020-11-01T01:13:09.271+0000][info][gc,start     ] GC(51) Concurrent cleanup
[2020-11-01T01:13:09.271+0000][info][gc           ] GC(51) Concurrent cleanup 3488M->94M(4096M) 0.279ms
[2020-11-01T01:13:09.271+0000][info][gc,ergo      ] GC(51) Free: 3796M (1898 regions), Max regular: 2048K, Max humongous: 1202176K, External frag: 70%, Internal frag: 0%
[2020-11-01T01:13:09.271+0000][info][gc,ergo      ] GC(51) Evacuation Reserve: 206M (103 regions), Max regular: 2048K
[2020-11-01T01:13:09.271+0000][info][gc,ergo      ] Free: 3796M (1898 regions), Max regular: 2048K, Max humongous: 1202176K, External frag: 70%, Internal frag: 0%
[2020-11-01T01:13:09.271+0000][info][gc,ergo      ] Evacuation Reserve: 206M (103 regions), Max regular: 2048K
[2020-11-01T01:13:09.271+0000][info][gc,ergo      ] Pacer for Idle. Initial: 81M, Alloc Tax Rate: 1.0x
[2020-11-01T01:13:10.271+0000][info][safepoint    ] Safepoint "Cleanup", Time since last: 1000083751 ns, Reaching safepoint: 56751 ns, At safepoint: 5304 ns, Total: 62055 ns
[2020-11-01T01:13:11.271+0000][info][safepoint    ] Safepoint "Cleanup", Time since last: 1000108476 ns, Reaching safepoint: 133809 ns, At safepoint: 5480 ns, Total: 139289 ns
[2020-11-01T01:13:12.272+0000][info][safepoint    ] Safepoint "Cleanup", Time since last: 1000104689 ns, Reaching safepoint: 137693 ns, At safepoint: 3544 ns, Total: 141237 ns
[2020-11-01T01:13:13.272+0000][info][safepoint    ] Safepoint "Cleanup", Time since last: 1000111845 ns, Reaching safepoint: 139844 ns, At safepoint: 5123 ns, Total: 144967 ns
[2020-11-01T01:13:14.272+0000][info][safepoint    ] Safepoint "Cleanup", Time since last: 1000112016 ns, Reaching safepoint: 58728 ns, At safepoint: 5646 ns, Total: 64374 ns
[2020-11-01T01:13:15.272+0000][info][safepoint    ] Safepoint "Cleanup", Time since last: 1000111568 ns, Reaching safepoint: 137846 ns, At safepoint: 5511 ns, Total: 143357 ns
[2020-11-01T01:13:16.272+0000][info][safepoint    ] Safepoint "Cleanup", Time since last: 1000107549 ns, Reaching safepoint: 143407 ns, At safepoint: 4922 ns, Total: 148329 ns
[2020-11-01T01:13:17.273+0000][info][safepoint    ] Safepoint "Cleanup", Time since last: 1000108531 ns, Reaching safepoint: 133691 ns, At safepoint: 5936 ns, Total: 139627 ns
[2020-11-01T01:13:18.274+0000][info][safepoint    ] Safepoint "Cleanup", Time since last: 1000932022 ns, Reaching safepoint: 141230 ns, At safepoint: 5693 ns, Total: 146923 ns
[2020-11-01T01:13:19.253+0000][info][gc           ] Trigger: Free (408M) is below minimum threshold (409M)
[2020-11-01T01:13:19.254+0000][info][gc,ergo      ] Free: 408M (204 regions), Max regular: 2048K, Max humongous: 409600K, External frag: 2%, Internal frag: 0%
[2020-11-01T01:13:19.254+0000][info][gc,ergo      ] Evacuation Reserve: 206M (103 regions), Max regular: 2048K
[2020-11-01T01:13:19.254+0000][info][gc,start     ] GC(52) Concurrent reset
[2020-11-01T01:13:19.254+0000][info][gc,task      ] GC(52) Using 1 of 1 workers for concurrent reset
[2020-11-01T01:13:19.254+0000][info][gc           ] GC(52) Concurrent reset 3482M->3482M(4096M) 0.430ms
[2020-11-01T01:13:19.254+0000][info][gc,start     ] GC(52) Pause Init Mark
[2020-11-01T01:13:19.254+0000][info][gc,task      ] GC(52) Using 1 of 1 workers for init marking
[2020-11-01T01:13:19.255+0000][info][gc,ergo      ] GC(52) Pacer for Mark. Expected Live: 4M, Free: 408M, Non-Taxable: 40M, Alloc Tax Rate: 0.0x
[2020-11-01T01:13:19.255+0000][info][gc           ] GC(52) Pause Init Mark 0.474ms
[2020-11-01T01:13:19.255+0000][info][safepoint    ] Safepoint "ShenandoahInitMark", Time since last: 980247660 ns, Reaching safepoint: 133235 ns, At safepoint: 496423 ns, Total: 629658 ns
[2020-11-01T01:13:19.255+0000][info][gc,start     ] GC(52) Concurrent marking
[2020-11-01T01:13:19.255+0000][info][gc,task      ] GC(52) Using 1 of 1 workers for concurrent marking
[2020-11-01T01:13:19.263+0000][info][gc           ] GC(52) Concurrent marking 3484M->3486M(4096M) 7.834ms
[2020-11-01T01:13:19.263+0000][info][gc,start     ] GC(52) Pause Final Mark
[2020-11-01T01:13:19.263+0000][info][gc,task      ] GC(52) Using 1 of 1 workers for final marking
[2020-11-01T01:13:19.263+0000][info][gc,ergo      ] GC(52) Immediate Garbage: 3396M (97% of total), 1698 regions
[2020-11-01T01:13:19.263+0000][info][gc           ] GC(52) Pause Final Mark 0.591ms
[2020-11-01T01:13:19.263+0000][info][safepoint    ] Safepoint "ShenandoahFinalMarkStartEvac", Time since last: 7897885 ns, Reaching safepoint: 132593 ns, At safepoint: 611610 ns, Total: 744203 ns
[2020-11-01T01:13:19.263+0000][info][gc,start     ] GC(52) Concurrent cleanup
[2020-11-01T01:13:19.264+0000][info][gc           ] GC(52) Concurrent cleanup 3486M->94M(4096M) 0.293ms
[2020-11-01T01:13:19.264+0000][info][gc,ergo      ] GC(52) Free: 3796M (1898 regions), Max regular: 2048K, Max humongous: 1202176K, External frag: 70%, Internal frag: 0%
[2020-11-01T01:13:19.264+0000][info][gc,ergo      ] GC(52) Evacuation Reserve: 206M (103 regions), Max regular: 2048K
[2020-11-01T01:13:19.264+0000][info][gc,ergo      ] Free: 3796M (1898 regions), Max regular: 2048K, Max humongous: 1202176K, External frag: 70%, Internal frag: 0%
[2020-11-01T01:13:19.264+0000][info][gc,ergo      ] Evacuation Reserve: 206M (103 regions), Max regular: 2048K
[2020-11-01T01:13:19.264+0000][info][gc,ergo      ] Pacer for Idle. Initial: 81M, Alloc Tax Rate: 1.0x
[2020-11-01T01:13:20.264+0000][info][safepoint    ] Safepoint "Cleanup", Time since last: 1000096361 ns, Reaching safepoint: 135904 ns, At safepoint: 2979 ns, Total: 138883 ns
[2020-11-01T01:13:21.264+0000][info][safepoint    ] Safepoint "Cleanup", Time since last: 1000109202 ns, Reaching safepoint: 132550 ns, At safepoint: 5422 ns, Total: 137972 ns
[2020-11-01T01:13:22.264+0000][info][safepoint    ] Safepoint "Cleanup", Time since last: 1000109341 ns, Reaching safepoint: 61045 ns, At safepoint: 5541 ns, Total: 66586 ns
[2020-11-01T01:13:23.264+0000][info][safepoint    ] Safepoint "Cleanup", Time since last: 1000101556 ns, Reaching safepoint: 136226 ns, At safepoint: 5349 ns, Total: 141575 ns
[2020-11-01T01:13:24.264+0000][info][safepoint    ] Safepoint "Cleanup", Time since last: 1000106722 ns, Reaching safepoint: 139428 ns, At safepoint: 5393 ns, Total: 144821 ns
[2020-11-01T01:13:25.265+0000][info][safepoint    ] Safepoint "Cleanup", Time since last: 1000065913 ns, Reaching safepoint: 134574 ns, At safepoint: 5572 ns, Total: 140146 ns
[2020-11-01T01:13:26.265+0000][info][safepoint    ] Safepoint "Cleanup", Time since last: 1000113785 ns, Reaching safepoint: 137836 ns, At safepoint: 5174 ns, Total: 143010 ns
[2020-11-01T01:13:27.265+0000][info][safepoint    ] Safepoint "Cleanup", Time since last: 1000104351 ns, Reaching safepoint: 132199 ns, At safepoint: 7556 ns, Total: 139755 ns
[2020-11-01T01:13:28.265+0000][info][safepoint    ] Safepoint "Cleanup", Time since last: 1000109767 ns, Reaching safepoint: 133195 ns, At safepoint: 5505 ns, Total: 138700 ns
[2020-11-01T01:13:29.238+0000][info][gc           ] Trigger: Free (408M) is below minimum threshold (409M)
[2020-11-01T01:13:29.238+0000][info][gc,ergo      ] Free: 408M (204 regions), Max regular: 2048K, Max humongous: 415744K, External frag: 1%, Internal frag: 0%
[2020-11-01T01:13:29.238+0000][info][gc,ergo      ] Evacuation Reserve: 206M (103 regions), Max regular: 2048K
[2020-11-01T01:13:29.238+0000][info][gc,start     ] GC(53) Concurrent reset
[2020-11-01T01:13:29.238+0000][info][gc,task      ] GC(53) Using 1 of 1 workers for concurrent reset
[2020-11-01T01:13:29.238+0000][info][gc           ] GC(53) Concurrent reset 3482M->3482M(4096M) 0.435ms
[2020-11-01T01:13:29.238+0000][info][gc,start     ] GC(53) Pause Init Mark
[2020-11-01T01:13:29.238+0000][info][gc,task      ] GC(53) Using 1 of 1 workers for init marking
[2020-11-01T01:13:29.239+0000][info][gc,ergo      ] GC(53) Pacer for Mark. Expected Live: 4M, Free: 408M, Non-Taxable: 40M, Alloc Tax Rate: 0.0x
[2020-11-01T01:13:29.239+0000][info][gc           ] GC(53) Pause Init Mark 0.460ms
[2020-11-01T01:13:29.239+0000][info][safepoint    ] Safepoint "ShenandoahInitMark", Time since last: 972805321 ns, Reaching safepoint: 141220 ns, At safepoint: 480041 ns, Total: 621261 ns
[2020-11-01T01:13:29.239+0000][info][gc,start     ] GC(53) Concurrent marking
[2020-11-01T01:13:29.239+0000][info][gc,task      ] GC(53) Using 1 of 1 workers for concurrent marking
[2020-11-01T01:13:29.244+0000][info][gc           ] GC(53) Concurrent marking 3484M->3484M(4096M) 5.438ms
[2020-11-01T01:13:29.244+0000][info][gc,start     ] GC(53) Pause Final Mark
[2020-11-01T01:13:29.244+0000][info][gc,task      ] GC(53) Using 1 of 1 workers for final marking
[2020-11-01T01:13:29.245+0000][info][gc,ergo      ] GC(53) Immediate Garbage: 3394M (97% of total), 1697 regions
[2020-11-01T01:13:29.245+0000][info][gc           ] GC(53) Pause Final Mark 0.610ms
[2020-11-01T01:13:29.245+0000][info][safepoint    ] Safepoint "ShenandoahFinalMarkStartEvac", Time since last: 5502587 ns, Reaching safepoint: 127361 ns, At safepoint: 629947 ns, Total: 757308 ns
[2020-11-01T01:13:29.245+0000][info][gc,start     ] GC(53) Concurrent cleanup
[2020-11-01T01:13:29.245+0000][info][gc           ] GC(53) Concurrent cleanup 3486M->96M(4096M) 0.282ms
[2020-11-01T01:13:29.245+0000][info][gc,ergo      ] GC(53) Free: 3794M (1897 regions), Max regular: 2048K, Max humongous: 1202176K, External frag: 70%, Internal frag: 0%
[2020-11-01T01:13:29.245+0000][info][gc,ergo      ] GC(53) Evacuation Reserve: 206M (103 regions), Max regular: 2048K
[2020-11-01T01:13:29.246+0000][info][gc,ergo      ] Free: 3794M (1897 regions), Max regular: 2048K, Max humongous: 1202176K, External frag: 70%, Internal frag: 0%
[2020-11-01T01:13:29.246+0000][info][gc,ergo      ] Evacuation Reserve: 206M (103 regions), Max regular: 2048K
[2020-11-01T01:13:29.246+0000][info][gc,ergo      ] Pacer for Idle. Initial: 81M, Alloc Tax Rate: 1.0x
[2020-11-01T01:13:30.245+0000][info][safepoint    ] Safepoint "Cleanup", Time since last: 1000081437 ns, Reaching safepoint: 139170 ns, At safepoint: 5090 ns, Total: 144260 ns
[2020-11-01T01:13:31.246+0000][info][safepoint    ] Safepoint "Cleanup", Time since last: 1000110208 ns, Reaching safepoint: 142216 ns, At safepoint: 5213 ns, Total: 147429 ns
[2020-11-01T01:13:32.246+0000][info][safepoint    ] Safepoint "Cleanup", Time since last: 1000105979 ns, Reaching safepoint: 134483 ns, At safepoint: 5675 ns, Total: 140158 ns
[2020-11-01T01:13:33.562+0000][info][safepoint    ] Safepoint "Cleanup", Time since last: 1315876159 ns, Reaching safepoint: 69432 ns, At safepoint: 5535 ns, Total: 74967 ns
[2020-11-01T01:13:34.562+0000][info][safepoint    ] Safepoint "Cleanup", Time since last: 1000115491 ns, Reaching safepoint: 138481 ns, At safepoint: 5076 ns, Total: 143557 ns
[2020-11-01T01:13:35.562+0000][info][safepoint    ] Safepoint "Cleanup", Time since last: 1000113043 ns, Reaching safepoint: 144806 ns, At safepoint: 5124 ns, Total: 149930 ns
[2020-11-01T01:13:36.563+0000][info][safepoint    ] Safepoint "Cleanup", Time since last: 1000108777 ns, Reaching safepoint: 129795 ns, At safepoint: 5260 ns, Total: 135055 ns
[2020-11-01T01:13:37.563+0000][info][safepoint    ] Safepoint "Cleanup", Time since last: 1000104711 ns, Reaching safepoint: 132835 ns, At safepoint: 5397 ns, Total: 138232 ns
[2020-11-01T01:13:38.563+0000][info][safepoint    ] Safepoint "Cleanup", Time since last: 1000104281 ns, Reaching safepoint: 81814 ns, At safepoint: 6398 ns, Total: 88212 ns
[2020-11-01T01:13:39.280+0000][info][gc           ] Trigger: Free (408M) is below minimum threshold (409M)
[2020-11-01T01:13:39.280+0000][info][gc,ergo      ] Free: 408M (204 regions), Max regular: 2048K, Max humongous: 411648K, External frag: 2%, Internal frag: 0%
[2020-11-01T01:13:39.280+0000][info][gc,ergo      ] Evacuation Reserve: 206M (103 regions), Max regular: 2048K
[2020-11-01T01:13:39.280+0000][info][gc,start     ] GC(54) Concurrent reset
[2020-11-01T01:13:39.280+0000][info][gc,task      ] GC(54) Using 1 of 1 workers for concurrent reset
[2020-11-01T01:13:39.281+0000][info][gc           ] GC(54) Concurrent reset 3482M->3482M(4096M) 0.448ms
[2020-11-01T01:13:39.281+0000][info][gc,start     ] GC(54) Pause Init Mark
[2020-11-01T01:13:39.281+0000][info][gc,task      ] GC(54) Using 1 of 1 workers for init marking
[2020-11-01T01:13:39.282+0000][info][gc,ergo      ] GC(54) Pacer for Mark. Expected Live: 4M, Free: 408M, Non-Taxable: 40M, Alloc Tax Rate: 0.0x
[2020-11-01T01:13:39.282+0000][info][gc           ] GC(54) Pause Init Mark 0.458ms
[2020-11-01T01:13:39.282+0000][info][safepoint    ] Safepoint "ShenandoahInitMark", Time since last: 717988967 ns, Reaching safepoint: 138988 ns, At safepoint: 478232 ns, Total: 617220 ns
[2020-11-01T01:13:39.282+0000][info][gc,start     ] GC(54) Concurrent marking
[2020-11-01T01:13:39.282+0000][info][gc,task      ] GC(54) Using 1 of 1 workers for concurrent marking
[2020-11-01T01:13:39.287+0000][info][gc           ] GC(54) Concurrent marking 3484M->3484M(4096M) 5.323ms
[2020-11-01T01:13:39.287+0000][info][gc,start     ] GC(54) Pause Final Mark
[2020-11-01T01:13:39.287+0000][info][gc,task      ] GC(54) Using 1 of 1 workers for final marking
[2020-11-01T01:13:39.288+0000][info][gc,ergo      ] GC(54) Immediate Garbage: 3394M (97% of total), 1697 regions
[2020-11-01T01:13:39.288+0000][info][gc           ] GC(54) Pause Final Mark 0.570ms
[2020-11-01T01:13:39.288+0000][info][safepoint    ] Safepoint "ShenandoahFinalMarkStartEvac", Time since last: 5400815 ns, Reaching safepoint: 122597 ns, At safepoint: 587528 ns, Total: 710125 ns
[2020-11-01T01:13:39.288+0000][info][gc,start     ] GC(54) Concurrent cleanup
[2020-11-01T01:13:39.288+0000][info][gc           ] GC(54) Concurrent cleanup 3486M->94M(4096M) 0.253ms
[2020-11-01T01:13:39.288+0000][info][gc,ergo      ] GC(54) Free: 3796M (1898 regions), Max regular: 2048K, Max humongous: 1202176K, External frag: 70%, Internal frag: 0%
[2020-11-01T01:13:39.288+0000][info][gc,ergo      ] GC(54) Evacuation Reserve: 206M (103 regions), Max regular: 2048K
[2020-11-01T01:13:39.288+0000][info][gc,ergo      ] Free: 3796M (1898 regions), Max regular: 2048K, Max humongous: 1202176K, External frag: 70%, Internal frag: 0%
[2020-11-01T01:13:39.288+0000][info][gc,ergo      ] Evacuation Reserve: 206M (103 regions), Max regular: 2048K
[2020-11-01T01:13:39.288+0000][info][gc,ergo      ] Pacer for Idle. Initial: 81M, Alloc Tax Rate: 1.0x
[2020-11-01T01:13:40.288+0000][info][safepoint    ] Safepoint "Cleanup", Time since last: 1000079807 ns, Reaching safepoint: 143214 ns, At safepoint: 5194 ns, Total: 148408 ns
[2020-11-01T01:13:41.288+0000][info][safepoint    ] Safepoint "Cleanup", Time since last: 1000110699 ns, Reaching safepoint: 131740 ns, At safepoint: 5809 ns, Total: 137549 ns
[2020-11-01T01:13:42.288+0000][info][safepoint    ] Safepoint "Cleanup", Time since last: 1000117543 ns, Reaching safepoint: 137077 ns, At safepoint: 4999 ns, Total: 142076 ns
[2020-11-01T01:13:43.289+0000][info][safepoint    ] Safepoint "Cleanup", Time since last: 1000112697 ns, Reaching safepoint: 58103 ns, At safepoint: 5434 ns, Total: 63537 ns
[2020-11-01T01:13:44.289+0000][info][safepoint    ] Safepoint "Cleanup", Time since last: 1000108771 ns, Reaching safepoint: 133587 ns, At safepoint: 6207 ns, Total: 139794 ns
[2020-11-01T01:13:45.289+0000][info][safepoint    ] Safepoint "Cleanup", Time since last: 1000107051 ns, Reaching safepoint: 133781 ns, At safepoint: 5544 ns, Total: 139325 ns
[2020-11-01T01:13:46.289+0000][info][safepoint    ] Safepoint "Cleanup", Time since last: 1000108141 ns, Reaching safepoint: 137811 ns, At safepoint: 5658 ns, Total: 143469 ns
[2020-11-01T01:13:47.290+0000][info][safepoint    ] Safepoint "Cleanup", Time since last: 1000107508 ns, Reaching safepoint: 114452 ns, At safepoint: 5738 ns, Total: 120190 ns
[2020-11-01T01:13:48.291+0000][info][safepoint    ] Safepoint "Cleanup", Time since last: 1000833562 ns, Reaching safepoint: 133489 ns, At safepoint: 3075 ns, Total: 136564 ns
[2020-11-01T01:13:49.291+0000][info][safepoint    ] Safepoint "Cleanup", Time since last: 1000111923 ns, Reaching safepoint: 135879 ns, At safepoint: 5537 ns, Total: 141416 ns
[2020-11-01T01:13:49.292+0000][info][gc           ] Trigger: Free (408M) is below minimum threshold (409M)
[2020-11-01T01:13:49.292+0000][info][gc,ergo      ] Free: 408M (204 regions), Max regular: 2048K, Max humongous: 415744K, External frag: 1%, Internal frag: 0%
[2020-11-01T01:13:49.292+0000][info][gc,ergo      ] Evacuation Reserve: 206M (103 regions), Max regular: 2048K
[2020-11-01T01:13:49.292+0000][info][gc,start     ] GC(55) Concurrent reset
[2020-11-01T01:13:49.292+0000][info][gc,task      ] GC(55) Using 1 of 1 workers for concurrent reset
[2020-11-01T01:13:49.293+0000][info][gc           ] GC(55) Concurrent reset 3482M->3482M(4096M) 0.445ms
[2020-11-01T01:13:49.293+0000][info][gc,start     ] GC(55) Pause Init Mark (process weakrefs)
[2020-11-01T01:13:49.293+0000][info][gc,task      ] GC(55) Using 1 of 1 workers for init marking
[2020-11-01T01:13:49.294+0000][info][gc,ergo      ] GC(55) Pacer for Mark. Expected Live: 4M, Free: 408M, Non-Taxable: 40M, Alloc Tax Rate: 0.0x
[2020-11-01T01:13:49.294+0000][info][gc           ] GC(55) Pause Init Mark (process weakrefs) 0.450ms
[2020-11-01T01:13:49.294+0000][info][safepoint    ] Safepoint "ShenandoahInitMark", Time since last: 2166928 ns, Reaching safepoint: 130661 ns, At safepoint: 469074 ns, Total: 599735 ns
[2020-11-01T01:13:49.294+0000][info][gc,start     ] GC(55) Concurrent marking (process weakrefs)
[2020-11-01T01:13:49.294+0000][info][gc,task      ] GC(55) Using 1 of 1 workers for concurrent marking
[2020-11-01T01:13:49.299+0000][info][gc           ] GC(55) Concurrent marking (process weakrefs) 3484M->3484M(4096M) 5.509ms
[2020-11-01T01:13:49.299+0000][info][gc,start     ] GC(55) Concurrent precleaning
[2020-11-01T01:13:49.299+0000][info][gc,task      ] GC(55) Using 1 of 1 workers for concurrent preclean
[2020-11-01T01:13:49.299+0000][info][gc           ] GC(55) Concurrent precleaning 3486M->3486M(4096M) 0.169ms
[2020-11-01T01:13:49.299+0000][info][gc,start     ] GC(55) Pause Final Mark (process weakrefs)
[2020-11-01T01:13:49.299+0000][info][gc,task      ] GC(55) Using 1 of 1 workers for final marking
[2020-11-01T01:13:49.300+0000][info][gc,ergo      ] GC(55) Immediate Garbage: 3394M (97% of total), 1697 regions
[2020-11-01T01:13:49.300+0000][info][gc           ] GC(55) Pause Final Mark (process weakrefs) 0.592ms
[2020-11-01T01:13:49.300+0000][info][safepoint    ] Safepoint "ShenandoahFinalMarkStartEvac", Time since last: 5748239 ns, Reaching safepoint: 119831 ns, At safepoint: 611260 ns, Total: 731091 ns
[2020-11-01T01:13:49.300+0000][info][gc,start     ] GC(55) Concurrent cleanup
[2020-11-01T01:13:49.300+0000][info][gc           ] GC(55) Concurrent cleanup 3486M->94M(4096M) 0.252ms
[2020-11-01T01:13:49.300+0000][info][gc,ergo      ] GC(55) Free: 3796M (1898 regions), Max regular: 2048K, Max humongous: 1202176K, External frag: 70%, Internal frag: 0%
[2020-11-01T01:13:49.300+0000][info][gc,ergo      ] GC(55) Evacuation Reserve: 206M (103 regions), Max regular: 2048K
[2020-11-01T01:13:49.300+0000][info][gc,ergo      ] Free: 3796M (1898 regions), Max regular: 2048K, Max humongous: 1202176K, External frag: 70%, Internal frag: 0%
[2020-11-01T01:13:49.300+0000][info][gc,ergo      ] Evacuation Reserve: 206M (103 regions), Max regular: 2048K
[2020-11-01T01:13:49.300+0000][info][gc,ergo      ] Pacer for Idle. Initial: 81M, Alloc Tax Rate: 1.0x
[2020-11-01T01:13:50.866+0000][info][safepoint    ] Safepoint "Cleanup", Time since last: 1565589154 ns, Reaching safepoint: 65336 ns, At safepoint: 6491 ns, Total: 71827 ns
[2020-11-01T01:13:51.866+0000][info][safepoint    ] Safepoint "Cleanup", Time since last: 1000108954 ns, Reaching safepoint: 136744 ns, At safepoint: 5489 ns, Total: 142233 ns
[2020-11-01T01:13:52.866+0000][info][safepoint    ] Safepoint "Cleanup", Time since last: 1000110775 ns, Reaching safepoint: 134512 ns, At safepoint: 5068 ns, Total: 139580 ns
[2020-11-01T01:13:53.866+0000][info][safepoint    ] Safepoint "Cleanup", Time since last: 1000107868 ns, Reaching safepoint: 135685 ns, At safepoint: 5107 ns, Total: 140792 ns
[2020-11-01T01:13:54.867+0000][info][safepoint    ] Safepoint "Cleanup", Time since last: 1000111165 ns, Reaching safepoint: 56332 ns, At safepoint: 6149 ns, Total: 62481 ns
[2020-11-01T01:13:55.867+0000][info][safepoint    ] Safepoint "Cleanup", Time since last: 1000107308 ns, Reaching safepoint: 134344 ns, At safepoint: 3093 ns, Total: 137437 ns
[2020-11-01T01:13:56.867+0000][info][safepoint    ] Safepoint "Cleanup", Time since last: 1000110719 ns, Reaching safepoint: 140174 ns, At safepoint: 5220 ns, Total: 145394 ns
[2020-11-01T01:13:57.867+0000][info][safepoint    ] Safepoint "Cleanup", Time since last: 1000111161 ns, Reaching safepoint: 137737 ns, At safepoint: 5203 ns, Total: 142940 ns
[2020-11-01T01:13:58.868+0000][info][safepoint    ] Safepoint "Cleanup", Time since last: 1000120185 ns, Reaching safepoint: 136165 ns, At safepoint: 5126 ns, Total: 141291 ns
[2020-11-01T01:13:59.312+0000][info][gc           ] Trigger: Free (408M) is below minimum threshold (409M)
[2020-11-01T01:13:59.312+0000][info][gc,ergo      ] Free: 408M (204 regions), Max regular: 2048K, Max humongous: 411648K, External frag: 2%, Internal frag: 0%
[2020-11-01T01:13:59.312+0000][info][gc,ergo      ] Evacuation Reserve: 206M (103 regions), Max regular: 2048K
[2020-11-01T01:13:59.312+0000][info][gc,start     ] GC(56) Concurrent reset
[2020-11-01T01:13:59.312+0000][info][gc,task      ] GC(56) Using 1 of 1 workers for concurrent reset
[2020-11-01T01:13:59.313+0000][info][gc           ] GC(56) Concurrent reset 3482M->3482M(4096M) 0.450ms
[2020-11-01T01:13:59.313+0000][info][gc,start     ] GC(56) Pause Init Mark
[2020-11-01T01:13:59.313+0000][info][gc,task      ] GC(56) Using 1 of 1 workers for init marking
[2020-11-01T01:13:59.314+0000][info][gc,ergo      ] GC(56) Pacer for Mark. Expected Live: 4M, Free: 408M, Non-Taxable: 40M, Alloc Tax Rate: 0.0x
[2020-11-01T01:13:59.314+0000][info][gc           ] GC(56) Pause Init Mark 0.465ms
[2020-11-01T01:13:59.314+0000][info][safepoint    ] Safepoint "ShenandoahInitMark", Time since last: 445318610 ns, Reaching safepoint: 137855 ns, At safepoint: 484645 ns, Total: 622500 ns
[2020-11-01T01:13:59.314+0000][info][gc,start     ] GC(56) Concurrent marking
[2020-11-01T01:13:59.314+0000][info][gc,task      ] GC(56) Using 1 of 1 workers for concurrent marking
[2020-11-01T01:13:59.319+0000][info][gc           ] GC(56) Concurrent marking 3484M->3484M(4096M) 5.423ms
[2020-11-01T01:13:59.319+0000][info][gc,start     ] GC(56) Pause Final Mark
[2020-11-01T01:13:59.319+0000][info][gc,task      ] GC(56) Using 1 of 1 workers for final marking
[2020-11-01T01:13:59.320+0000][info][gc,ergo      ] GC(56) Immediate Garbage: 3394M (97% of total), 1697 regions
[2020-11-01T01:13:59.320+0000][info][gc           ] GC(56) Pause Final Mark 0.581ms
[2020-11-01T01:13:59.320+0000][info][safepoint    ] Safepoint "ShenandoahFinalMarkStartEvac", Time since last: 5485993 ns, Reaching safepoint: 123291 ns, At safepoint: 600354 ns, Total: 723645 ns
[2020-11-01T01:13:59.320+0000][info][gc,start     ] GC(56) Concurrent cleanup
[2020-11-01T01:13:59.320+0000][info][gc           ] GC(56) Concurrent cleanup 3486M->94M(4096M) 0.256ms
[2020-11-01T01:13:59.320+0000][info][gc,ergo      ] GC(56) Free: 3796M (1898 regions), Max regular: 2048K, Max humongous: 1202176K, External frag: 70%, Internal frag: 0%
[2020-11-01T01:13:59.320+0000][info][gc,ergo      ] GC(56) Evacuation Reserve: 206M (103 regions), Max regular: 2048K
[2020-11-01T01:13:59.320+0000][info][gc,ergo      ] Free: 3796M (1898 regions), Max regular: 2048K, Max humongous: 1202176K, External frag: 70%, Internal frag: 0%
[2020-11-01T01:13:59.320+0000][info][gc,ergo      ] Evacuation Reserve: 206M (103 regions), Max regular: 2048K
[2020-11-01T01:13:59.320+0000][info][gc,ergo      ] Pacer for Idle. Initial: 81M, Alloc Tax Rate: 1.0x
[2020-11-01T01:14:00.320+0000][info][safepoint    ] Safepoint "Cleanup", Time since last: 1000079088 ns, Reaching safepoint: 60545 ns, At safepoint: 15534 ns, Total: 76079 ns
[2020-11-01T01:14:01.320+0000][info][safepoint    ] Safepoint "Cleanup", Time since last: 1000103619 ns, Reaching safepoint: 63909 ns, At safepoint: 6412 ns, Total: 70321 ns
[2020-11-01T01:14:02.320+0000][info][safepoint    ] Safepoint "Cleanup", Time since last: 1000107403 ns, Reaching safepoint: 56585 ns, At safepoint: 5492 ns, Total: 62077 ns
[2020-11-01T01:14:03.321+0000][info][safepoint    ] Safepoint "Cleanup", Time since last: 1000113270 ns, Reaching safepoint: 138217 ns, At safepoint: 5183 ns, Total: 143400 ns
[2020-11-01T01:14:04.321+0000][info][safepoint    ] Safepoint "Cleanup", Time since last: 1000108843 ns, Reaching safepoint: 55793 ns, At safepoint: 5240 ns, Total: 61033 ns
[2020-11-01T01:14:05.321+0000][info][safepoint    ] Safepoint "Cleanup", Time since last: 1000110552 ns, Reaching safepoint: 133587 ns, At safepoint: 5036 ns, Total: 138623 ns
[2020-11-01T01:14:06.321+0000][info][safepoint    ] Safepoint "Cleanup", Time since last: 1000123150 ns, Reaching safepoint: 128103 ns, At safepoint: 7206 ns, Total: 135309 ns
[2020-11-01T01:14:07.321+0000][info][safepoint    ] Safepoint "Cleanup", Time since last: 1000109197 ns, Reaching safepoint: 58980 ns, At safepoint: 6824 ns, Total: 65804 ns
[2020-11-01T01:14:08.322+0000][info][safepoint    ] Safepoint "Cleanup", Time since last: 1000102556 ns, Reaching safepoint: 58714 ns, At safepoint: 6712 ns, Total: 65426 ns
[2020-11-01T01:14:09.322+0000][info][safepoint    ] Safepoint "Cleanup", Time since last: 1000101484 ns, Reaching safepoint: 80805 ns, At safepoint: 6906 ns, Total: 87711 ns
[2020-11-01T01:14:09.329+0000][info][gc           ] Trigger: Free (408M) is below minimum threshold (409M)
[2020-11-01T01:14:09.330+0000][info][gc,ergo      ] Free: 408M (204 regions), Max regular: 2048K, Max humongous: 415744K, External frag: 1%, Internal frag: 0%
[2020-11-01T01:14:09.330+0000][info][gc,ergo      ] Evacuation Reserve: 206M (103 regions), Max regular: 2048K
[2020-11-01T01:14:09.330+0000][info][gc,start     ] GC(57) Concurrent reset
[2020-11-01T01:14:09.330+0000][info][gc,task      ] GC(57) Using 1 of 1 workers for concurrent reset
[2020-11-01T01:14:09.330+0000][info][gc           ] GC(57) Concurrent reset 3482M->3482M(4096M) 0.442ms
[2020-11-01T01:14:09.330+0000][info][gc,start     ] GC(57) Pause Init Mark
[2020-11-01T01:14:09.330+0000][info][gc,task      ] GC(57) Using 1 of 1 workers for init marking
[2020-11-01T01:14:09.331+0000][info][gc,ergo      ] GC(57) Pacer for Mark. Expected Live: 4M, Free: 408M, Non-Taxable: 40M, Alloc Tax Rate: 0.0x
[2020-11-01T01:14:09.331+0000][info][gc           ] GC(57) Pause Init Mark 0.465ms
[2020-11-01T01:14:09.331+0000][info][safepoint    ] Safepoint "ShenandoahInitMark", Time since last: 8270747 ns, Reaching safepoint: 129757 ns, At safepoint: 486078 ns, Total: 615835 ns
[2020-11-01T01:14:09.331+0000][info][gc,start     ] GC(57) Concurrent marking
[2020-11-01T01:14:09.331+0000][info][gc,task      ] GC(57) Using 1 of 1 workers for concurrent marking
[2020-11-01T01:14:09.339+0000][info][gc           ] GC(57) Concurrent marking 3484M->3486M(4096M) 7.818ms
[2020-11-01T01:14:09.339+0000][info][gc,start     ] GC(57) Pause Final Mark
[2020-11-01T01:14:09.339+0000][info][gc,task      ] GC(57) Using 1 of 1 workers for final marking
[2020-11-01T01:14:09.339+0000][info][gc,ergo      ] GC(57) Immediate Garbage: 3392M (97% of total), 1696 regions
[2020-11-01T01:14:09.339+0000][info][gc           ] GC(57) Pause Final Mark 0.586ms
[2020-11-01T01:14:09.339+0000][info][safepoint    ] Safepoint "ShenandoahFinalMarkStartEvac", Time since last: 7876364 ns, Reaching safepoint: 125054 ns, At safepoint: 605831 ns, Total: 730885 ns
[2020-11-01T01:14:09.339+0000][info][gc,start     ] GC(57) Concurrent cleanup
[2020-11-01T01:14:09.340+0000][info][gc           ] GC(57) Concurrent cleanup 3486M->98M(4096M) 0.293ms
[2020-11-01T01:14:09.340+0000][info][gc,ergo      ] GC(57) Free: 3792M (1896 regions), Max regular: 2048K, Max humongous: 1202176K, External frag: 70%, Internal frag: 0%
[2020-11-01T01:14:09.340+0000][info][gc,ergo      ] GC(57) Evacuation Reserve: 206M (103 regions), Max regular: 2048K
[2020-11-01T01:14:09.340+0000][info][gc,ergo      ] Free: 3792M (1896 regions), Max regular: 2048K, Max humongous: 1202176K, External frag: 70%, Internal frag: 0%
[2020-11-01T01:14:09.340+0000][info][gc,ergo      ] Evacuation Reserve: 206M (103 regions), Max regular: 2048K
[2020-11-01T01:14:09.340+0000][info][gc,ergo      ] Pacer for Idle. Initial: 81M, Alloc Tax Rate: 1.0x
[2020-11-01T01:14:10.339+0000][info][safepoint    ] Safepoint "Cleanup", Time since last: 1000079234 ns, Reaching safepoint: 140137 ns, At safepoint: 5391 ns, Total: 145528 ns
[2020-11-01T01:14:11.340+0000][info][safepoint    ] Safepoint "Cleanup", Time since last: 1000109851 ns, Reaching safepoint: 139297 ns, At safepoint: 5005 ns, Total: 144302 ns
[2020-11-01T01:14:12.340+0000][info][safepoint    ] Safepoint "Cleanup", Time since last: 1000127352 ns, Reaching safepoint: 137830 ns, At safepoint: 5118 ns, Total: 142948 ns
[2020-11-01T01:14:13.340+0000][info][safepoint    ] Safepoint "Cleanup", Time since last: 1000109416 ns, Reaching safepoint: 133048 ns, At safepoint: 5272 ns, Total: 138320 ns
[2020-11-01T01:14:14.341+0000][info][safepoint    ] Safepoint "Cleanup", Time since last: 1000109812 ns, Reaching safepoint: 129376 ns, At safepoint: 15381 ns, Total: 144757 ns
[2020-11-01T01:14:15.341+0000][info][safepoint    ] Safepoint "Cleanup", Time since last: 1000101807 ns, Reaching safepoint: 137561 ns, At safepoint: 3209 ns, Total: 140770 ns
[2020-11-01T01:14:16.341+0000][info][safepoint    ] Safepoint "Cleanup", Time since last: 1000111887 ns, Reaching safepoint: 61870 ns, At safepoint: 6285 ns, Total: 68155 ns
[2020-11-01T01:14:17.341+0000][info][safepoint    ] Safepoint "Cleanup", Time since last: 1000100953 ns, Reaching safepoint: 136215 ns, At safepoint: 3172 ns, Total: 139387 ns
[2020-11-01T01:14:18.342+0000][info][safepoint    ] Safepoint "Cleanup", Time since last: 1000910275 ns, Reaching safepoint: 131292 ns, At safepoint: 5604 ns, Total: 136896 ns
[2020-11-01T01:14:19.336+0000][info][gc           ] Trigger: Free (408M) is below minimum threshold (409M)
[2020-11-01T01:14:19.336+0000][info][gc,ergo      ] Free: 408M (204 regions), Max regular: 2048K, Max humongous: 411648K, External frag: 2%, Internal frag: 0%
[2020-11-01T01:14:19.336+0000][info][gc,ergo      ] Evacuation Reserve: 206M (103 regions), Max regular: 2048K
[2020-11-01T01:14:19.336+0000][info][gc,start     ] GC(58) Concurrent reset
[2020-11-01T01:14:19.336+0000][info][gc,task      ] GC(58) Using 1 of 1 workers for concurrent reset
[2020-11-01T01:14:19.336+0000][info][gc           ] GC(58) Concurrent reset 3482M->3482M(4096M) 0.441ms
[2020-11-01T01:14:19.336+0000][info][gc,start     ] GC(58) Pause Init Mark
[2020-11-01T01:14:19.336+0000][info][gc,task      ] GC(58) Using 1 of 1 workers for init marking
[2020-11-01T01:14:19.337+0000][info][gc,ergo      ] GC(58) Pacer for Mark. Expected Live: 4M, Free: 408M, Non-Taxable: 40M, Alloc Tax Rate: 0.0x
[2020-11-01T01:14:19.337+0000][info][gc           ] GC(58) Pause Init Mark 0.463ms
[2020-11-01T01:14:19.337+0000][info][safepoint    ] Safepoint "ShenandoahInitMark", Time since last: 993925043 ns, Reaching safepoint: 129613 ns, At safepoint: 483248 ns, Total: 612861 ns
[2020-11-01T01:14:19.337+0000][info][gc,start     ] GC(58) Concurrent marking
[2020-11-01T01:14:19.337+0000][info][gc,task      ] GC(58) Using 1 of 1 workers for concurrent marking
[2020-11-01T01:14:19.342+0000][info][gc           ] GC(58) Concurrent marking 3482M->3486M(4096M) 5.351ms
[2020-11-01T01:14:19.342+0000][info][gc,start     ] GC(58) Pause Final Mark
[2020-11-01T01:14:19.342+0000][info][gc,task      ] GC(58) Using 1 of 1 workers for final marking
[2020-11-01T01:14:19.343+0000][info][gc,ergo      ] GC(58) Immediate Garbage: 3392M (97% of total), 1696 regions
[2020-11-01T01:14:19.343+0000][info][gc           ] GC(58) Pause Final Mark 0.578ms
[2020-11-01T01:14:19.343+0000][info][safepoint    ] Safepoint "ShenandoahFinalMarkStartEvac", Time since last: 5412699 ns, Reaching safepoint: 119736 ns, At safepoint: 596792 ns, Total: 716528 ns
[2020-11-01T01:14:19.343+0000][info][gc,start     ] GC(58) Concurrent cleanup
[2020-11-01T01:14:19.343+0000][info][gc           ] GC(58) Concurrent cleanup 3486M->96M(4096M) 0.254ms
[2020-11-01T01:14:19.343+0000][info][gc,ergo      ] GC(58) Free: 3794M (1897 regions), Max regular: 2048K, Max humongous: 1202176K, External frag: 70%, Internal frag: 0%
[2020-11-01T01:14:19.343+0000][info][gc,ergo      ] GC(58) Evacuation Reserve: 206M (103 regions), Max regular: 2048K
[2020-11-01T01:14:19.343+0000][info][gc,ergo      ] Free: 3794M (1897 regions), Max regular: 2048K, Max humongous: 1202176K, External frag: 70%, Internal frag: 0%
[2020-11-01T01:14:19.343+0000][info][gc,ergo      ] Evacuation Reserve: 206M (103 regions), Max regular: 2048K
[2020-11-01T01:14:19.343+0000][info][gc,ergo      ] Pacer for Idle. Initial: 81M, Alloc Tax Rate: 1.0x
[2020-11-01T01:14:20.343+0000][info][safepoint    ] Safepoint "Cleanup", Time since last: 1000082458 ns, Reaching safepoint: 141421 ns, At safepoint: 5984 ns, Total: 147405 ns
[2020-11-01T01:14:21.343+0000][info][safepoint    ] Safepoint "Cleanup", Time since last: 1000107570 ns, Reaching safepoint: 137532 ns, At safepoint: 3083 ns, Total: 140615 ns
[2020-11-01T01:14:22.344+0000][info][safepoint    ] Safepoint "Cleanup", Time since last: 1000111261 ns, Reaching safepoint: 60427 ns, At safepoint: 6293 ns, Total: 66720 ns
[2020-11-01T01:14:23.344+0000][info][safepoint    ] Safepoint "Cleanup", Time since last: 1000128127 ns, Reaching safepoint: 61978 ns, At safepoint: 6284 ns, Total: 68262 ns
[2020-11-01T01:14:24.344+0000][info][safepoint    ] Safepoint "Cleanup", Time since last: 1000107865 ns, Reaching safepoint: 131759 ns, At safepoint: 7205 ns, Total: 138964 ns
[2020-11-01T01:14:25.344+0000][info][safepoint    ] Safepoint "Cleanup", Time since last: 1000110783 ns, Reaching safepoint: 139988 ns, At safepoint: 6894 ns, Total: 146882 ns
[2020-11-01T01:14:26.345+0000][info][safepoint    ] Safepoint "Cleanup", Time since last: 1000107737 ns, Reaching safepoint: 145160 ns, At safepoint: 14784 ns, Total: 159944 ns
[2020-11-01T01:14:27.345+0000][info][safepoint    ] Safepoint "Cleanup", Time since last: 1000113133 ns, Reaching safepoint: 136703 ns, At safepoint: 5196 ns, Total: 141899 ns
[2020-11-01T01:14:28.345+0000][info][safepoint    ] Safepoint "Cleanup", Time since last: 1000109287 ns, Reaching safepoint: 137290 ns, At safepoint: 5282 ns, Total: 142572 ns
[2020-11-01T01:14:29.345+0000][info][safepoint    ] Safepoint "Cleanup", Time since last: 1000105826 ns, Reaching safepoint: 133373 ns, At safepoint: 3433 ns, Total: 136806 ns
[2020-11-01T01:14:29.348+0000][info][gc           ] Trigger: Free (408M) is below minimum threshold (409M)
[2020-11-01T01:14:29.348+0000][info][gc,ergo      ] Free: 408M (204 regions), Max regular: 2048K, Max humongous: 415744K, External frag: 1%, Internal frag: 0%
[2020-11-01T01:14:29.348+0000][info][gc,ergo      ] Evacuation Reserve: 206M (103 regions), Max regular: 2048K
[2020-11-01T01:14:29.348+0000][info][gc,start     ] GC(59) Concurrent reset
[2020-11-01T01:14:29.348+0000][info][gc,task      ] GC(59) Using 1 of 1 workers for concurrent reset
[2020-11-01T01:14:29.348+0000][info][gc           ] GC(59) Concurrent reset 3482M->3482M(4096M) 0.447ms
[2020-11-01T01:14:29.348+0000][info][gc,start     ] GC(59) Pause Init Mark
[2020-11-01T01:14:29.348+0000][info][gc,task      ] GC(59) Using 1 of 1 workers for init marking
[2020-11-01T01:14:29.349+0000][info][gc,ergo      ] GC(59) Pacer for Mark. Expected Live: 4M, Free: 408M, Non-Taxable: 40M, Alloc Tax Rate: 0.0x
[2020-11-01T01:14:29.349+0000][info][gc           ] GC(59) Pause Init Mark 0.467ms
[2020-11-01T01:14:29.349+0000][info][safepoint    ] Safepoint "ShenandoahInitMark", Time since last: 2789549 ns, Reaching safepoint: 133307 ns, At safepoint: 486505 ns, Total: 619812 ns
[2020-11-01T01:14:29.349+0000][info][gc,start     ] GC(59) Concurrent marking
[2020-11-01T01:14:29.349+0000][info][gc,task      ] GC(59) Using 1 of 1 workers for concurrent marking
[2020-11-01T01:14:29.354+0000][info][gc           ] GC(59) Concurrent marking 3484M->3484M(4096M) 5.419ms
[2020-11-01T01:14:29.354+0000][info][gc,start     ] GC(59) Pause Final Mark
[2020-11-01T01:14:29.354+0000][info][gc,task      ] GC(59) Using 1 of 1 workers for final marking
[2020-11-01T01:14:29.355+0000][info][gc,ergo      ] GC(59) Immediate Garbage: 3386M (97% of total), 1693 regions
[2020-11-01T01:14:29.355+0000][info][gc           ] GC(59) Pause Final Mark 0.578ms
[2020-11-01T01:14:29.355+0000][info][safepoint    ] Safepoint "ShenandoahFinalMarkStartEvac", Time since last: 5478287 ns, Reaching safepoint: 124249 ns, At safepoint: 597491 ns, Total: 721740 ns
[2020-11-01T01:14:29.355+0000][info][gc,start     ] GC(59) Concurrent cleanup
[2020-11-01T01:14:29.355+0000][info][gc           ] GC(59) Concurrent cleanup 3486M->102M(4096M) 0.254ms
[2020-11-01T01:14:29.355+0000][info][gc,ergo      ] GC(59) Free: 3788M (1894 regions), Max regular: 2048K, Max humongous: 1202176K, External frag: 70%, Internal frag: 0%
[2020-11-01T01:14:29.355+0000][info][gc,ergo      ] GC(59) Evacuation Reserve: 206M (103 regions), Max regular: 2048K
[2020-11-01T01:14:29.355+0000][info][gc,ergo      ] Free: 3788M (1894 regions), Max regular: 2048K, Max humongous: 1202176K, External frag: 70%, Internal frag: 0%
[2020-11-01T01:14:29.355+0000][info][gc,ergo      ] Evacuation Reserve: 206M (103 regions), Max regular: 2048K
[2020-11-01T01:14:29.355+0000][info][gc,ergo      ] Pacer for Idle. Initial: 81M, Alloc Tax Rate: 1.0x
[2020-11-01T01:14:30.355+0000][info][safepoint    ] Safepoint "Cleanup", Time since last: 1000080111 ns, Reaching safepoint: 131653 ns, At safepoint: 5592 ns, Total: 137245 ns
[2020-11-01T01:14:31.355+0000][info][safepoint    ] Safepoint "Cleanup", Time since last: 1000109526 ns, Reaching safepoint: 139936 ns, At safepoint: 5129 ns, Total: 145065 ns
[2020-11-01T01:14:32.356+0000][info][safepoint    ] Safepoint "Cleanup", Time since last: 1000111367 ns, Reaching safepoint: 138702 ns, At safepoint: 5413 ns, Total: 144115 ns
[2020-11-01T01:14:33.356+0000][info][safepoint    ] Safepoint "Cleanup", Time since last: 1000107495 ns, Reaching safepoint: 137432 ns, At safepoint: 5080 ns, Total: 142512 ns
[2020-11-01T01:14:34.356+0000][info][safepoint    ] Safepoint "Cleanup", Time since last: 1000109672 ns, Reaching safepoint: 139304 ns, At safepoint: 12717 ns, Total: 152021 ns
[2020-11-01T01:14:35.356+0000][info][safepoint    ] Safepoint "Cleanup", Time since last: 1000110110 ns, Reaching safepoint: 60613 ns, At safepoint: 6430 ns, Total: 67043 ns
[2020-11-01T01:14:36.357+0000][info][safepoint    ] Safepoint "Cleanup", Time since last: 1000102273 ns, Reaching safepoint: 148676 ns, At safepoint: 5850 ns, Total: 154526 ns
[2020-11-01T01:14:37.357+0000][info][safepoint    ] Safepoint "Cleanup", Time since last: 1000109257 ns, Reaching safepoint: 136752 ns, At safepoint: 5027 ns, Total: 141779 ns
[2020-11-01T01:14:38.357+0000][info][safepoint    ] Safepoint "Cleanup", Time since last: 1000106456 ns, Reaching safepoint: 94652 ns, At safepoint: 5848 ns, Total: 100500 ns
[2020-11-01T01:14:39.336+0000][info][gc           ] Trigger: Free (408M) is below minimum threshold (409M)
[2020-11-01T01:14:39.336+0000][info][gc,ergo      ] Free: 408M (204 regions), Max regular: 2048K, Max humongous: 411648K, External frag: 2%, Internal frag: 0%
[2020-11-01T01:14:39.336+0000][info][gc,ergo      ] Evacuation Reserve: 206M (103 regions), Max regular: 2048K
[2020-11-01T01:14:39.336+0000][info][gc,start     ] GC(60) Concurrent reset
[2020-11-01T01:14:39.336+0000][info][gc,task      ] GC(60) Using 1 of 1 workers for concurrent reset
[2020-11-01T01:14:39.337+0000][info][gc           ] GC(60) Concurrent reset 3482M->3482M(4096M) 0.474ms
[2020-11-01T01:14:39.337+0000][info][gc,start     ] GC(60) Pause Init Mark (process weakrefs)
[2020-11-01T01:14:39.337+0000][info][gc,task      ] GC(60) Using 1 of 1 workers for init marking
[2020-11-01T01:14:39.337+0000][info][gc,ergo      ] GC(60) Pacer for Mark. Expected Live: 4M, Free: 408M, Non-Taxable: 40M, Alloc Tax Rate: 0.0x
[2020-11-01T01:14:39.337+0000][info][gc           ] GC(60) Pause Init Mark (process weakrefs) 0.451ms
[2020-11-01T01:14:39.338+0000][info][safepoint    ] Safepoint "ShenandoahInitMark", Time since last: 979883185 ns, Reaching safepoint: 136644 ns, At safepoint: 470027 ns, Total: 606671 ns
[2020-11-01T01:14:39.338+0000][info][gc,start     ] GC(60) Concurrent marking (process weakrefs)
[2020-11-01T01:14:39.338+0000][info][gc,task      ] GC(60) Using 1 of 1 workers for concurrent marking
[2020-11-01T01:14:39.343+0000][info][gc           ] GC(60) Concurrent marking (process weakrefs) 3484M->3486M(4096M) 5.567ms
[2020-11-01T01:14:39.343+0000][info][gc,start     ] GC(60) Concurrent precleaning
[2020-11-01T01:14:39.343+0000][info][gc,task      ] GC(60) Using 1 of 1 workers for concurrent preclean
[2020-11-01T01:14:39.343+0000][info][gc           ] GC(60) Concurrent precleaning 3486M->3486M(4096M) 0.150ms
[2020-11-01T01:14:39.343+0000][info][gc,start     ] GC(60) Pause Final Mark (process weakrefs)
[2020-11-01T01:14:39.343+0000][info][gc,task      ] GC(60) Using 1 of 1 workers for final marking
[2020-11-01T01:14:39.344+0000][info][gc,ergo      ] GC(60) Immediate Garbage: 3386M (97% of total), 1693 regions
[2020-11-01T01:14:39.344+0000][info][gc           ] GC(60) Pause Final Mark (process weakrefs) 0.589ms
[2020-11-01T01:14:39.344+0000][info][safepoint    ] Safepoint "ShenandoahFinalMarkStartEvac", Time since last: 5787829 ns, Reaching safepoint: 120065 ns, At safepoint: 607722 ns, Total: 727787 ns
[2020-11-01T01:14:39.344+0000][info][gc,start     ] GC(60) Concurrent cleanup
[2020-11-01T01:14:39.344+0000][info][gc           ] GC(60) Concurrent cleanup 3486M->102M(4096M) 0.251ms
[2020-11-01T01:14:39.344+0000][info][gc,ergo      ] GC(60) Free: 3788M (1894 regions), Max regular: 2048K, Max humongous: 1202176K, External frag: 70%, Internal frag: 0%
[2020-11-01T01:14:39.344+0000][info][gc,ergo      ] GC(60) Evacuation Reserve: 206M (103 regions), Max regular: 2048K
[2020-11-01T01:14:39.344+0000][info][gc,ergo      ] Free: 3788M (1894 regions), Max regular: 2048K, Max humongous: 1202176K, External frag: 70%, Internal frag: 0%
[2020-11-01T01:14:39.344+0000][info][gc,ergo      ] Evacuation Reserve: 206M (103 regions), Max regular: 2048K
[2020-11-01T01:14:39.344+0000][info][gc,ergo      ] Pacer for Idle. Initial: 81M, Alloc Tax Rate: 1.0x
[2020-11-01T01:14:40.671+0000][info][safepoint    ] Safepoint "Cleanup", Time since last: 1327255122 ns, Reaching safepoint: 77713 ns, At safepoint: 5597 ns, Total: 83310 ns
[2020-11-01T01:14:41.672+0000][info][safepoint    ] Safepoint "Cleanup", Time since last: 1000105453 ns, Reaching safepoint: 53973 ns, At safepoint: 6320 ns, Total: 60293 ns
[2020-11-01T01:14:42.672+0000][info][safepoint    ] Safepoint "Cleanup", Time since last: 1000111666 ns, Reaching safepoint: 131426 ns, At safepoint: 3392 ns, Total: 134818 ns
[2020-11-01T01:14:43.672+0000][info][safepoint    ] Safepoint "Cleanup", Time since last: 1000113054 ns, Reaching safepoint: 141852 ns, At safepoint: 5038 ns, Total: 146890 ns
[2020-11-01T01:14:44.672+0000][info][safepoint    ] Safepoint "Cleanup", Time since last: 1000105691 ns, Reaching safepoint: 135889 ns, At safepoint: 4925 ns, Total: 140814 ns
[2020-11-01T01:14:45.673+0000][info][safepoint    ] Safepoint "Cleanup", Time since last: 1000111368 ns, Reaching safepoint: 152173 ns, At safepoint: 5410 ns, Total: 157583 ns
[2020-11-01T01:14:46.673+0000][info][safepoint    ] Safepoint "Cleanup", Time since last: 1000110188 ns, Reaching safepoint: 141890 ns, At safepoint: 5139 ns, Total: 147029 ns
[2020-11-01T01:14:47.673+0000][info][safepoint    ] Safepoint "Cleanup", Time since last: 1000107103 ns, Reaching safepoint: 138240 ns, At safepoint: 4596 ns, Total: 142836 ns
[2020-11-01T01:14:48.674+0000][info][safepoint    ] Safepoint "Cleanup", Time since last: 1001296271 ns, Reaching safepoint: 138128 ns, At safepoint: 5012 ns, Total: 143140 ns
[2020-11-01T01:14:49.327+0000][info][gc           ] Trigger: Free (408M) is below minimum threshold (409M)
[2020-11-01T01:14:49.327+0000][info][gc,ergo      ] Free: 408M (204 regions), Max regular: 2048K, Max humongous: 415744K, External frag: 1%, Internal frag: 0%
[2020-11-01T01:14:49.327+0000][info][gc,ergo      ] Evacuation Reserve: 206M (103 regions), Max regular: 2048K
[2020-11-01T01:14:49.327+0000][info][gc,start     ] GC(61) Concurrent reset
[2020-11-01T01:14:49.327+0000][info][gc,task      ] GC(61) Using 1 of 1 workers for concurrent reset
[2020-11-01T01:14:49.328+0000][info][gc           ] GC(61) Concurrent reset 3482M->3482M(4096M) 0.458ms
[2020-11-01T01:14:49.328+0000][info][gc,start     ] GC(61) Pause Init Mark
[2020-11-01T01:14:49.328+0000][info][gc,task      ] GC(61) Using 1 of 1 workers for init marking
[2020-11-01T01:14:49.329+0000][info][gc,ergo      ] GC(61) Pacer for Mark. Expected Live: 4M, Free: 408M, Non-Taxable: 40M, Alloc Tax Rate: 0.0x
[2020-11-01T01:14:49.329+0000][info][gc           ] GC(61) Pause Init Mark 0.476ms
[2020-11-01T01:14:49.329+0000][info][safepoint    ] Safepoint "ShenandoahInitMark", Time since last: 653447039 ns, Reaching safepoint: 141040 ns, At safepoint: 496143 ns, Total: 637183 ns
[2020-11-01T01:14:49.329+0000][info][gc,start     ] GC(61) Concurrent marking
[2020-11-01T01:14:49.329+0000][info][gc,task      ] GC(61) Using 1 of 1 workers for concurrent marking
[2020-11-01T01:14:49.334+0000][info][gc           ] GC(61) Concurrent marking 3484M->3484M(4096M) 5.337ms
[2020-11-01T01:14:49.334+0000][info][gc,start     ] GC(61) Pause Final Mark
[2020-11-01T01:14:49.334+0000][info][gc,task      ] GC(61) Using 1 of 1 workers for final marking
[2020-11-01T01:14:49.335+0000][info][gc,ergo      ] GC(61) Immediate Garbage: 3386M (97% of total), 1693 regions
[2020-11-01T01:14:49.335+0000][info][gc           ] GC(61) Pause Final Mark 0.562ms
[2020-11-01T01:14:49.335+0000][info][safepoint    ] Safepoint "ShenandoahFinalMarkStartEvac", Time since last: 5397804 ns, Reaching safepoint: 120299 ns, At safepoint: 579388 ns, Total: 699687 ns
[2020-11-01T01:14:49.335+0000][info][gc,start     ] GC(61) Concurrent cleanup
[2020-11-01T01:14:49.335+0000][info][gc           ] GC(61) Concurrent cleanup 3486M->102M(4096M) 0.253ms
[2020-11-01T01:14:49.335+0000][info][gc,ergo      ] GC(61) Free: 3788M (1894 regions), Max regular: 2048K, Max humongous: 1202176K, External frag: 70%, Internal frag: 0%
[2020-11-01T01:14:49.335+0000][info][gc,ergo      ] GC(61) Evacuation Reserve: 206M (103 regions), Max regular: 2048K
[2020-11-01T01:14:49.335+0000][info][gc,ergo      ] Free: 3788M (1894 regions), Max regular: 2048K, Max humongous: 1202176K, External frag: 70%, Internal frag: 0%
[2020-11-01T01:14:49.335+0000][info][gc,ergo      ] Evacuation Reserve: 206M (103 regions), Max regular: 2048K
[2020-11-01T01:14:49.335+0000][info][gc,ergo      ] Pacer for Idle. Initial: 81M, Alloc Tax Rate: 1.0x
[2020-11-01T01:14:50.335+0000][info][safepoint    ] Safepoint "Cleanup", Time since last: 1000077302 ns, Reaching safepoint: 146461 ns, At safepoint: 5315 ns, Total: 151776 ns
[2020-11-01T01:14:51.335+0000][info][safepoint    ] Safepoint "Cleanup", Time since last: 1000115645 ns, Reaching safepoint: 134506 ns, At safepoint: 5093 ns, Total: 139599 ns
[2020-11-01T01:14:52.335+0000][info][safepoint    ] Safepoint "Cleanup", Time since last: 1000111520 ns, Reaching safepoint: 59926 ns, At safepoint: 7379 ns, Total: 67305 ns
[2020-11-01T01:14:53.336+0000][info][safepoint    ] Safepoint "Cleanup", Time since last: 1000106293 ns, Reaching safepoint: 57896 ns, At safepoint: 6441 ns, Total: 64337 ns
[2020-11-01T01:14:54.336+0000][info][safepoint    ] Safepoint "Cleanup", Time since last: 1000122139 ns, Reaching safepoint: 56712 ns, At safepoint: 6745 ns, Total: 63457 ns
[2020-11-01T01:14:55.336+0000][info][safepoint    ] Safepoint "Cleanup", Time since last: 1000104545 ns, Reaching safepoint: 140731 ns, At safepoint: 4995 ns, Total: 145726 ns
[2020-11-01T01:14:56.336+0000][info][safepoint    ] Safepoint "Cleanup", Time since last: 1000108623 ns, Reaching safepoint: 149265 ns, At safepoint: 5492 ns, Total: 154757 ns
[2020-11-01T01:14:57.336+0000][info][safepoint    ] Safepoint "Cleanup", Time since last: 1000110562 ns, Reaching safepoint: 136475 ns, At safepoint: 5300 ns, Total: 141775 ns
[2020-11-01T01:14:58.337+0000][info][safepoint    ] Safepoint "Cleanup", Time since last: 1000074318 ns, Reaching safepoint: 57566 ns, At safepoint: 5274 ns, Total: 62840 ns
[2020-11-01T01:14:59.312+0000][info][gc           ] Trigger: Free (408M) is below minimum threshold (409M)
[2020-11-01T01:14:59.312+0000][info][gc,ergo      ] Free: 408M (204 regions), Max regular: 2048K, Max humongous: 411648K, External frag: 2%, Internal frag: 0%
[2020-11-01T01:14:59.312+0000][info][gc,ergo      ] Evacuation Reserve: 206M (103 regions), Max regular: 2048K
[2020-11-01T01:14:59.312+0000][info][gc,start     ] GC(62) Concurrent reset
[2020-11-01T01:14:59.312+0000][info][gc,task      ] GC(62) Using 1 of 1 workers for concurrent reset
[2020-11-01T01:14:59.313+0000][info][gc           ] GC(62) Concurrent reset 3482M->3482M(4096M) 0.492ms
[2020-11-01T01:14:59.313+0000][info][gc,start     ] GC(62) Pause Init Mark
[2020-11-01T01:14:59.313+0000][info][gc,task      ] GC(62) Using 1 of 1 workers for init marking
[2020-11-01T01:14:59.313+0000][info][gc,ergo      ] GC(62) Pacer for Mark. Expected Live: 4M, Free: 408M, Non-Taxable: 40M, Alloc Tax Rate: 0.0x
[2020-11-01T01:14:59.313+0000][info][gc           ] GC(62) Pause Init Mark 0.465ms
[2020-11-01T01:14:59.313+0000][info][safepoint    ] Safepoint "ShenandoahInitMark", Time since last: 976279423 ns, Reaching safepoint: 131879 ns, At safepoint: 485224 ns, Total: 617103 ns
[2020-11-01T01:14:59.314+0000][info][gc,start     ] GC(62) Concurrent marking
[2020-11-01T01:14:59.314+0000][info][gc,task      ] GC(62) Using 1 of 1 workers for concurrent marking
[2020-11-01T01:14:59.321+0000][info][gc           ] GC(62) Concurrent marking 3482M->3486M(4096M) 7.832ms
[2020-11-01T01:14:59.322+0000][info][gc,start     ] GC(62) Pause Final Mark
[2020-11-01T01:14:59.322+0000][info][gc,task      ] GC(62) Using 1 of 1 workers for final marking
[2020-11-01T01:14:59.322+0000][info][gc,ergo      ] GC(62) Immediate Garbage: 3386M (97% of total), 1693 regions
[2020-11-01T01:14:59.322+0000][info][gc           ] GC(62) Pause Final Mark 0.598ms
[2020-11-01T01:14:59.322+0000][info][safepoint    ] Safepoint "ShenandoahFinalMarkStartEvac", Time since last: 7894293 ns, Reaching safepoint: 132847 ns, At safepoint: 618262 ns, Total: 751109 ns
[2020-11-01T01:14:59.322+0000][info][gc,start     ] GC(62) Concurrent cleanup
[2020-11-01T01:14:59.322+0000][info][gc           ] GC(62) Concurrent cleanup 3486M->104M(4096M) 0.286ms
[2020-11-01T01:14:59.323+0000][info][gc,ergo      ] GC(62) Free: 3786M (1893 regions), Max regular: 2048K, Max humongous: 1202176K, External frag: 69%, Internal frag: 0%
[2020-11-01T01:14:59.323+0000][info][gc,ergo      ] GC(62) Evacuation Reserve: 206M (103 regions), Max regular: 2048K
[2020-11-01T01:14:59.323+0000][info][gc,ergo      ] Free: 3786M (1893 regions), Max regular: 2048K, Max humongous: 1202176K, External frag: 69%, Internal frag: 0%
[2020-11-01T01:14:59.323+0000][info][gc,ergo      ] Evacuation Reserve: 206M (103 regions), Max regular: 2048K
[2020-11-01T01:14:59.323+0000][info][gc,ergo      ] Pacer for Idle. Initial: 81M, Alloc Tax Rate: 1.0x
[2020-11-01T01:15:00.322+0000][info][safepoint    ] Safepoint "Cleanup", Time since last: 1000082130 ns, Reaching safepoint: 131847 ns, At safepoint: 6249 ns, Total: 138096 ns
[2020-11-01T01:15:01.323+0000][info][safepoint    ] Safepoint "Cleanup", Time since last: 1000101610 ns, Reaching safepoint: 144238 ns, At safepoint: 5004 ns, Total: 149242 ns
[2020-11-01T01:15:02.323+0000][info][safepoint    ] Safepoint "Cleanup", Time since last: 1000108306 ns, Reaching safepoint: 136173 ns, At safepoint: 5210 ns, Total: 141383 ns
[2020-11-01T01:15:03.323+0000][info][safepoint    ] Safepoint "Cleanup", Time since last: 1000110756 ns, Reaching safepoint: 135684 ns, At safepoint: 5189 ns, Total: 140873 ns
[2020-11-01T01:15:04.323+0000][info][safepoint    ] Safepoint "Cleanup", Time since last: 1000115357 ns, Reaching safepoint: 54817 ns, At safepoint: 5456 ns, Total: 60273 ns
[2020-11-01T01:15:05.324+0000][info][safepoint    ] Safepoint "Cleanup", Time since last: 1000111456 ns, Reaching safepoint: 136234 ns, At safepoint: 5002 ns, Total: 141236 ns
[2020-11-01T01:15:06.324+0000][info][safepoint    ] Safepoint "Cleanup", Time since last: 1000111998 ns, Reaching safepoint: 141003 ns, At safepoint: 5199 ns, Total: 146202 ns
[2020-11-01T01:15:07.324+0000][info][safepoint    ] Safepoint "Cleanup", Time since last: 1000111465 ns, Reaching safepoint: 57922 ns, At safepoint: 5349 ns, Total: 63271 ns
[2020-11-01T01:15:08.324+0000][info][safepoint    ] Safepoint "Cleanup", Time since last: 1000108930 ns, Reaching safepoint: 134487 ns, At safepoint: 3416 ns, Total: 137903 ns
[2020-11-01T01:15:09.301+0000][info][gc           ] Trigger: Free (408M) is below minimum threshold (409M)
[2020-11-01T01:15:09.301+0000][info][gc,ergo      ] Free: 408M (204 regions), Max regular: 2048K, Max humongous: 415744K, External frag: 1%, Internal frag: 0%
[2020-11-01T01:15:09.301+0000][info][gc,ergo      ] Evacuation Reserve: 206M (103 regions), Max regular: 2048K
[2020-11-01T01:15:09.301+0000][info][gc,start     ] GC(63) Concurrent reset
[2020-11-01T01:15:09.301+0000][info][gc,task      ] GC(63) Using 1 of 1 workers for concurrent reset
[2020-11-01T01:15:09.301+0000][info][gc           ] GC(63) Concurrent reset 3482M->3482M(4096M) 0.472ms
[2020-11-01T01:15:09.301+0000][info][gc,start     ] GC(63) Pause Init Mark
[2020-11-01T01:15:09.301+0000][info][gc,task      ] GC(63) Using 1 of 1 workers for init marking
[2020-11-01T01:15:09.302+0000][info][gc,ergo      ] GC(63) Pacer for Mark. Expected Live: 4M, Free: 408M, Non-Taxable: 40M, Alloc Tax Rate: 0.0x
[2020-11-01T01:15:09.302+0000][info][gc           ] GC(63) Pause Init Mark 0.454ms
[2020-11-01T01:15:09.302+0000][info][safepoint    ] Safepoint "ShenandoahInitMark", Time since last: 976991751 ns, Reaching safepoint: 64357 ns, At safepoint: 473993 ns, Total: 538350 ns
[2020-11-01T01:15:09.302+0000][info][gc,start     ] GC(63) Concurrent marking
[2020-11-01T01:15:09.302+0000][info][gc,task      ] GC(63) Using 1 of 1 workers for concurrent marking
[2020-11-01T01:15:09.307+0000][info][gc           ] GC(63) Concurrent marking 3484M->3484M(4096M) 5.329ms
[2020-11-01T01:15:09.307+0000][info][gc,start     ] GC(63) Pause Final Mark
[2020-11-01T01:15:09.307+0000][info][gc,task      ] GC(63) Using 1 of 1 workers for final marking
[2020-11-01T01:15:09.308+0000][info][gc,ergo      ] GC(63) Immediate Garbage: 3386M (97% of total), 1693 regions
[2020-11-01T01:15:09.308+0000][info][gc           ] GC(63) Pause Final Mark 0.577ms
[2020-11-01T01:15:09.308+0000][info][safepoint    ] Safepoint "ShenandoahFinalMarkStartEvac", Time since last: 5389527 ns, Reaching safepoint: 46965 ns, At safepoint: 595446 ns, Total: 642411 ns
[2020-11-01T01:15:09.308+0000][info][gc,start     ] GC(63) Concurrent cleanup
[2020-11-01T01:15:09.308+0000][info][gc           ] GC(63) Concurrent cleanup 3482M->102M(4096M) 0.284ms
[2020-11-01T01:15:09.308+0000][info][gc,ergo      ] GC(63) Free: 3788M (1894 regions), Max regular: 2048K, Max humongous: 1202176K, External frag: 70%, Internal frag: 0%
[2020-11-01T01:15:09.308+0000][info][gc,ergo      ] GC(63) Evacuation Reserve: 206M (103 regions), Max regular: 2048K
[2020-11-01T01:15:09.308+0000][info][gc,ergo      ] Free: 3788M (1894 regions), Max regular: 2048K, Max humongous: 1202176K, External frag: 70%, Internal frag: 0%
[2020-11-01T01:15:09.308+0000][info][gc,ergo      ] Evacuation Reserve: 206M (103 regions), Max regular: 2048K
[2020-11-01T01:15:09.308+0000][info][gc,ergo      ] Pacer for Idle. Initial: 81M, Alloc Tax Rate: 1.0x
[2020-11-01T01:15:10.308+0000][info][safepoint    ] Safepoint "Cleanup", Time since last: 1000085977 ns, Reaching safepoint: 79645 ns, At safepoint: 5543 ns, Total: 85188 ns
[2020-11-01T01:15:11.308+0000][info][safepoint    ] Safepoint "Cleanup", Time since last: 1000105075 ns, Reaching safepoint: 143363 ns, At safepoint: 5377 ns, Total: 148740 ns
[2020-11-01T01:15:12.308+0000][info][safepoint    ] Safepoint "Cleanup", Time since last: 1000112505 ns, Reaching safepoint: 135107 ns, At safepoint: 4948 ns, Total: 140055 ns
[2020-11-01T01:15:13.309+0000][info][safepoint    ] Safepoint "Cleanup", Time since last: 1000071977 ns, Reaching safepoint: 140262 ns, At safepoint: 5088 ns, Total: 145350 ns
[2020-11-01T01:15:14.309+0000][info][safepoint    ] Safepoint "Cleanup", Time since last: 1000109495 ns, Reaching safepoint: 61961 ns, At safepoint: 6603 ns, Total: 68564 ns
[2020-11-01T01:15:15.309+0000][info][safepoint    ] Safepoint "Cleanup", Time since last: 1000100991 ns, Reaching safepoint: 136572 ns, At safepoint: 3035 ns, Total: 139607 ns
[2020-11-01T01:15:16.309+0000][info][safepoint    ] Safepoint "Cleanup", Time since last: 1000112932 ns, Reaching safepoint: 68063 ns, At safepoint: 3558 ns, Total: 71621 ns
[2020-11-01T01:15:17.467+0000][info][safepoint    ] Safepoint "Cleanup", Time since last: 1157717419 ns, Reaching safepoint: 145120 ns, At safepoint: 5048 ns, Total: 150168 ns
[2020-11-01T01:15:18.467+0000][info][safepoint    ] Safepoint "Cleanup", Time since last: 1000127671 ns, Reaching safepoint: 140141 ns, At safepoint: 5267 ns, Total: 145408 ns
[2020-11-01T01:15:19.312+0000][info][gc           ] Trigger: Free (408M) is below minimum threshold (409M)
[2020-11-01T01:15:19.312+0000][info][gc,ergo      ] Free: 408M (204 regions), Max regular: 2048K, Max humongous: 413696K, External frag: 1%, Internal frag: 0%
[2020-11-01T01:15:19.313+0000][info][gc,ergo      ] Evacuation Reserve: 206M (103 regions), Max regular: 2048K
[2020-11-01T01:15:19.313+0000][info][gc,start     ] GC(64) Concurrent reset
[2020-11-01T01:15:19.313+0000][info][gc,task      ] GC(64) Using 1 of 1 workers for concurrent reset
[2020-11-01T01:15:19.313+0000][info][gc           ] GC(64) Concurrent reset 3482M->3482M(4096M) 0.495ms
[2020-11-01T01:15:19.313+0000][info][gc,start     ] GC(64) Pause Init Mark
[2020-11-01T01:15:19.313+0000][info][gc,task      ] GC(64) Using 1 of 1 workers for init marking
[2020-11-01T01:15:19.314+0000][info][gc,ergo      ] GC(64) Pacer for Mark. Expected Live: 4M, Free: 408M, Non-Taxable: 40M, Alloc Tax Rate: 0.0x
[2020-11-01T01:15:19.314+0000][info][gc           ] GC(64) Pause Init Mark 0.472ms
[2020-11-01T01:15:19.314+0000][info][safepoint    ] Safepoint "ShenandoahInitMark", Time since last: 845649766 ns, Reaching safepoint: 138053 ns, At safepoint: 492708 ns, Total: 630761 ns
[2020-11-01T01:15:19.314+0000][info][gc,start     ] GC(64) Concurrent marking
[2020-11-01T01:15:19.314+0000][info][gc,task      ] GC(64) Using 1 of 1 workers for concurrent marking
[2020-11-01T01:15:19.322+0000][info][gc           ] GC(64) Concurrent marking 3484M->3486M(4096M) 7.820ms
[2020-11-01T01:15:19.322+0000][info][gc,start     ] GC(64) Pause Final Mark
[2020-11-01T01:15:19.322+0000][info][gc,task      ] GC(64) Using 1 of 1 workers for final marking
[2020-11-01T01:15:19.322+0000][info][gc,ergo      ] GC(64) Immediate Garbage: 3386M (97% of total), 1693 regions
[2020-11-01T01:15:19.322+0000][info][gc           ] GC(64) Pause Final Mark 0.599ms
[2020-11-01T01:15:19.322+0000][info][safepoint    ] Safepoint "ShenandoahFinalMarkStartEvac", Time since last: 7883152 ns, Reaching safepoint: 136607 ns, At safepoint: 618629 ns, Total: 755236 ns
[2020-11-01T01:15:19.322+0000][info][gc,start     ] GC(64) Concurrent cleanup
[2020-11-01T01:15:19.323+0000][info][gc           ] GC(64) Concurrent cleanup 3484M->104M(4096M) 0.286ms
[2020-11-01T01:15:19.323+0000][info][gc,ergo      ] GC(64) Free: 3786M (1893 regions), Max regular: 2048K, Max humongous: 1202176K, External frag: 69%, Internal frag: 0%
[2020-11-01T01:15:19.323+0000][info][gc,ergo      ] GC(64) Evacuation Reserve: 206M (103 regions), Max regular: 2048K
[2020-11-01T01:15:19.323+0000][info][gc,ergo      ] Free: 3786M (1893 regions), Max regular: 2048K, Max humongous: 1202176K, External frag: 69%, Internal frag: 0%
[2020-11-01T01:15:19.323+0000][info][gc,ergo      ] Evacuation Reserve: 206M (103 regions), Max regular: 2048K
[2020-11-01T01:15:19.323+0000][info][gc,ergo      ] Pacer for Idle. Initial: 81M, Alloc Tax Rate: 1.0x
[2020-11-01T01:15:20.323+0000][info][safepoint    ] Safepoint "Cleanup", Time since last: 1000086074 ns, Reaching safepoint: 135661 ns, At safepoint: 6225 ns, Total: 141886 ns
[2020-11-01T01:15:21.323+0000][info][safepoint    ] Safepoint "Cleanup", Time since last: 1000110414 ns, Reaching safepoint: 136224 ns, At safepoint: 3483 ns, Total: 139707 ns
[2020-11-01T01:15:22.323+0000][info][safepoint    ] Safepoint "Cleanup", Time since last: 1000111976 ns, Reaching safepoint: 137193 ns, At safepoint: 3151 ns, Total: 140344 ns
[2020-11-01T01:15:23.323+0000][info][safepoint    ] Safepoint "Cleanup", Time since last: 1000108180 ns, Reaching safepoint: 139243 ns, At safepoint: 5782 ns, Total: 145025 ns
[2020-11-01T01:15:24.324+0000][info][safepoint    ] Safepoint "Cleanup", Time since last: 1000106660 ns, Reaching safepoint: 135827 ns, At safepoint: 7205 ns, Total: 143032 ns
[2020-11-01T01:15:25.324+0000][info][safepoint    ] Safepoint "Cleanup", Time since last: 1000124399 ns, Reaching safepoint: 135003 ns, At safepoint: 7461 ns, Total: 142464 ns
[2020-11-01T01:15:26.324+0000][info][safepoint    ] Safepoint "Cleanup", Time since last: 1000118451 ns, Reaching safepoint: 61800 ns, At safepoint: 6388 ns, Total: 68188 ns
[2020-11-01T01:15:27.324+0000][info][safepoint    ] Safepoint "Cleanup", Time since last: 1000103797 ns, Reaching safepoint: 139413 ns, At safepoint: 5225 ns, Total: 144638 ns
[2020-11-01T01:15:28.325+0000][info][safepoint    ] Safepoint "Cleanup", Time since last: 1000110553 ns, Reaching safepoint: 157604 ns, At safepoint: 6137 ns, Total: 163741 ns
[2020-11-01T01:15:29.304+0000][info][gc           ] Trigger: Free (408M) is below minimum threshold (409M)
[2020-11-01T01:15:29.304+0000][info][gc,ergo      ] Free: 408M (204 regions), Max regular: 2048K, Max humongous: 411648K, External frag: 2%, Internal frag: 0%
[2020-11-01T01:15:29.304+0000][info][gc,ergo      ] Evacuation Reserve: 206M (103 regions), Max regular: 2048K
[2020-11-01T01:15:29.304+0000][info][gc,start     ] GC(65) Concurrent reset
[2020-11-01T01:15:29.304+0000][info][gc,task      ] GC(65) Using 1 of 1 workers for concurrent reset
[2020-11-01T01:15:29.305+0000][info][gc           ] GC(65) Concurrent reset 3482M->3482M(4096M) 0.475ms
[2020-11-01T01:15:29.305+0000][info][gc,start     ] GC(65) Pause Init Mark (process weakrefs)
[2020-11-01T01:15:29.305+0000][info][gc,task      ] GC(65) Using 1 of 1 workers for init marking
[2020-11-01T01:15:29.305+0000][info][gc,ergo      ] GC(65) Pacer for Mark. Expected Live: 4M, Free: 408M, Non-Taxable: 40M, Alloc Tax Rate: 0.0x
[2020-11-01T01:15:29.305+0000][info][gc           ] GC(65) Pause Init Mark (process weakrefs) 0.457ms
[2020-11-01T01:15:29.305+0000][info][safepoint    ] Safepoint "ShenandoahInitMark", Time since last: 980217693 ns, Reaching safepoint: 143236 ns, At safepoint: 476811 ns, Total: 620047 ns
[2020-11-01T01:15:29.305+0000][info][gc,start     ] GC(65) Concurrent marking (process weakrefs)
[2020-11-01T01:15:29.305+0000][info][gc,task      ] GC(65) Using 1 of 1 workers for concurrent marking
[2020-11-01T01:15:29.311+0000][info][gc           ] GC(65) Concurrent marking (process weakrefs) 3484M->3484M(4096M) 5.564ms
[2020-11-01T01:15:29.311+0000][info][gc,start     ] GC(65) Concurrent precleaning
[2020-11-01T01:15:29.311+0000][info][gc,task      ] GC(65) Using 1 of 1 workers for concurrent preclean
[2020-11-01T01:15:29.311+0000][info][gc           ] GC(65) Concurrent precleaning 3486M->3486M(4096M) 0.159ms
[2020-11-01T01:15:29.311+0000][info][gc,start     ] GC(65) Pause Final Mark (process weakrefs)
[2020-11-01T01:15:29.311+0000][info][gc,task      ] GC(65) Using 1 of 1 workers for final marking
[2020-11-01T01:15:29.312+0000][info][gc,ergo      ] GC(65) Immediate Garbage: 3386M (97% of total), 1693 regions
[2020-11-01T01:15:29.312+0000][info][gc           ] GC(65) Pause Final Mark (process weakrefs) 0.587ms
[2020-11-01T01:15:29.312+0000][info][safepoint    ] Safepoint "ShenandoahFinalMarkStartEvac", Time since last: 5800879 ns, Reaching safepoint: 124386 ns, At safepoint: 605098 ns, Total: 729484 ns
[2020-11-01T01:15:29.312+0000][info][gc,start     ] GC(65) Concurrent cleanup
[2020-11-01T01:15:29.312+0000][info][gc           ] GC(65) Concurrent cleanup 3486M->102M(4096M) 0.254ms
[2020-11-01T01:15:29.312+0000][info][gc,ergo      ] GC(65) Free: 3788M (1894 regions), Max regular: 2048K, Max humongous: 1202176K, External frag: 70%, Internal frag: 0%
[2020-11-01T01:15:29.312+0000][info][gc,ergo      ] GC(65) Evacuation Reserve: 206M (103 regions), Max regular: 2048K
[2020-11-01T01:15:29.312+0000][info][gc,ergo      ] Free: 3788M (1894 regions), Max regular: 2048K, Max humongous: 1202176K, External frag: 70%, Internal frag: 0%
[2020-11-01T01:15:29.312+0000][info][gc,ergo      ] Evacuation Reserve: 206M (103 regions), Max regular: 2048K
[2020-11-01T01:15:29.312+0000][info][gc,ergo      ] Pacer for Idle. Initial: 81M, Alloc Tax Rate: 1.0x
[2020-11-01T01:15:30.312+0000][info][safepoint    ] Safepoint "Cleanup", Time since last: 1000084871 ns, Reaching safepoint: 140894 ns, At safepoint: 5134 ns, Total: 146028 ns
[2020-11-01T01:15:31.312+0000][info][safepoint    ] Safepoint "Cleanup", Time since last: 1000111360 ns, Reaching safepoint: 134992 ns, At safepoint: 5663 ns, Total: 140655 ns
[2020-11-01T01:15:32.313+0000][info][safepoint    ] Safepoint "Cleanup", Time since last: 1000122130 ns, Reaching safepoint: 138505 ns, At safepoint: 5006 ns, Total: 143511 ns
[2020-11-01T01:15:33.313+0000][info][safepoint    ] Safepoint "Cleanup", Time since last: 1000106042 ns, Reaching safepoint: 135752 ns, At safepoint: 5482 ns, Total: 141234 ns
[2020-11-01T01:15:34.313+0000][info][safepoint    ] Safepoint "Cleanup", Time since last: 1000109769 ns, Reaching safepoint: 100788 ns, At safepoint: 6208 ns, Total: 106996 ns
[2020-11-01T01:15:35.313+0000][info][safepoint    ] Safepoint "Cleanup", Time since last: 1000110918 ns, Reaching safepoint: 138426 ns, At safepoint: 5127 ns, Total: 143553 ns
[2020-11-01T01:15:36.314+0000][info][safepoint    ] Safepoint "Cleanup", Time since last: 1000108619 ns, Reaching safepoint: 136134 ns, At safepoint: 7482 ns, Total: 143616 ns
[2020-11-01T01:15:37.314+0000][info][safepoint    ] Safepoint "Cleanup", Time since last: 1000110527 ns, Reaching safepoint: 57899 ns, At safepoint: 6146 ns, Total: 64045 ns
[2020-11-01T01:15:38.314+0000][info][safepoint    ] Safepoint "Cleanup", Time since last: 1000109300 ns, Reaching safepoint: 135461 ns, At safepoint: 5394 ns, Total: 140855 ns
[2020-11-01T01:15:39.281+0000][info][gc           ] Trigger: Free (408M) is below minimum threshold (409M)
[2020-11-01T01:15:39.281+0000][info][gc,ergo      ] Free: 408M (204 regions), Max regular: 2048K, Max humongous: 413696K, External frag: 1%, Internal frag: 0%
[2020-11-01T01:15:39.281+0000][info][gc,ergo      ] Evacuation Reserve: 206M (103 regions), Max regular: 2048K
[2020-11-01T01:15:39.281+0000][info][gc,start     ] GC(66) Concurrent reset
[2020-11-01T01:15:39.281+0000][info][gc,task      ] GC(66) Using 1 of 1 workers for concurrent reset
[2020-11-01T01:15:39.281+0000][info][gc           ] GC(66) Concurrent reset 3482M->3482M(4096M) 0.469ms
[2020-11-01T01:15:39.282+0000][info][gc,start     ] GC(66) Pause Init Mark
[2020-11-01T01:15:39.282+0000][info][gc,task      ] GC(66) Using 1 of 1 workers for init marking
[2020-11-01T01:15:39.282+0000][info][gc,ergo      ] GC(66) Pacer for Mark. Expected Live: 4M, Free: 408M, Non-Taxable: 40M, Alloc Tax Rate: 0.0x
[2020-11-01T01:15:39.282+0000][info][gc           ] GC(66) Pause Init Mark 0.458ms
[2020-11-01T01:15:39.282+0000][info][safepoint    ] Safepoint "ShenandoahInitMark", Time since last: 967316984 ns, Reaching safepoint: 140679 ns, At safepoint: 476497 ns, Total: 617176 ns
[2020-11-01T01:15:39.282+0000][info][gc,start     ] GC(66) Concurrent marking
[2020-11-01T01:15:39.282+0000][info][gc,task      ] GC(66) Using 1 of 1 workers for concurrent marking
[2020-11-01T01:15:39.287+0000][info][gc           ] GC(66) Concurrent marking 3484M->3484M(4096M) 5.371ms
[2020-11-01T01:15:39.288+0000][info][gc,start     ] GC(66) Pause Final Mark
[2020-11-01T01:15:39.288+0000][info][gc,task      ] GC(66) Using 1 of 1 workers for final marking
[2020-11-01T01:15:39.288+0000][info][gc,ergo      ] GC(66) Immediate Garbage: 3386M (97% of total), 1693 regions
[2020-11-01T01:15:39.288+0000][info][gc           ] GC(66) Pause Final Mark 0.569ms
[2020-11-01T01:15:39.288+0000][info][safepoint    ] Safepoint "ShenandoahFinalMarkStartEvac", Time since last: 5429051 ns, Reaching safepoint: 121174 ns, At safepoint: 587398 ns, Total: 708572 ns
[2020-11-01T01:15:39.288+0000][info][gc,start     ] GC(66) Concurrent cleanup
[2020-11-01T01:15:39.288+0000][info][gc           ] GC(66) Concurrent cleanup 3486M->102M(4096M) 0.256ms
[2020-11-01T01:15:39.288+0000][info][gc,ergo      ] GC(66) Free: 3788M (1894 regions), Max regular: 2048K, Max humongous: 1202176K, External frag: 70%, Internal frag: 0%
[2020-11-01T01:15:39.288+0000][info][gc,ergo      ] GC(66) Evacuation Reserve: 206M (103 regions), Max regular: 2048K
[2020-11-01T01:15:39.288+0000][info][gc,ergo      ] Free: 3788M (1894 regions), Max regular: 2048K, Max humongous: 1202176K, External frag: 70%, Internal frag: 0%
[2020-11-01T01:15:39.288+0000][info][gc,ergo      ] Evacuation Reserve: 206M (103 regions), Max regular: 2048K
[2020-11-01T01:15:39.288+0000][info][gc,ergo      ] Pacer for Idle. Initial: 81M, Alloc Tax Rate: 1.0x
[2020-11-01T01:15:40.969+0000][info][safepoint    ] Safepoint "Cleanup", Time since last: 1680758068 ns, Reaching safepoint: 80302 ns, At safepoint: 5527 ns, Total: 85829 ns
[2020-11-01T01:15:41.969+0000][info][safepoint    ] Safepoint "Cleanup", Time since last: 1000106827 ns, Reaching safepoint: 57783 ns, At safepoint: 5634 ns, Total: 63417 ns
[2020-11-01T01:15:42.969+0000][info][safepoint    ] Safepoint "Cleanup", Time since last: 1000111371 ns, Reaching safepoint: 136486 ns, At safepoint: 3176 ns, Total: 139662 ns
[2020-11-01T01:15:43.970+0000][info][safepoint    ] Safepoint "Cleanup", Time since last: 1000110805 ns, Reaching safepoint: 134054 ns, At safepoint: 5057 ns, Total: 139111 ns
[2020-11-01T01:15:44.970+0000][info][safepoint    ] Safepoint "Cleanup", Time since last: 1000110609 ns, Reaching safepoint: 58394 ns, At safepoint: 5653 ns, Total: 64047 ns
[2020-11-01T01:15:45.970+0000][info][safepoint    ] Safepoint "Cleanup", Time since last: 1000107669 ns, Reaching safepoint: 62349 ns, At safepoint: 4447 ns, Total: 66796 ns
[2020-11-01T01:15:46.970+0000][info][safepoint    ] Safepoint "Cleanup", Time since last: 1000105758 ns, Reaching safepoint: 142983 ns, At safepoint: 5058 ns, Total: 148041 ns
[2020-11-01T01:15:47.970+0000][info][safepoint    ] Safepoint "Cleanup", Time since last: 1000110151 ns, Reaching safepoint: 58415 ns, At safepoint: 5594 ns, Total: 64009 ns
[2020-11-01T01:15:48.971+0000][info][safepoint    ] Safepoint "Cleanup", Time since last: 1000111289 ns, Reaching safepoint: 133379 ns, At safepoint: 5010 ns, Total: 138389 ns
[2020-11-01T01:15:49.281+0000][info][gc           ] Trigger: Free (408M) is below minimum threshold (409M)
[2020-11-01T01:15:49.281+0000][info][gc,ergo      ] Free: 408M (204 regions), Max regular: 2048K, Max humongous: 411648K, External frag: 2%, Internal frag: 0%
[2020-11-01T01:15:49.281+0000][info][gc,ergo      ] Evacuation Reserve: 206M (103 regions), Max regular: 2048K
[2020-11-01T01:15:49.281+0000][info][gc,start     ] GC(67) Concurrent reset
[2020-11-01T01:15:49.281+0000][info][gc,task      ] GC(67) Using 1 of 1 workers for concurrent reset
[2020-11-01T01:15:49.281+0000][info][gc           ] GC(67) Concurrent reset 3482M->3482M(4096M) 0.452ms
[2020-11-01T01:15:49.282+0000][info][gc,start     ] GC(67) Pause Init Mark
[2020-11-01T01:15:49.282+0000][info][gc,task      ] GC(67) Using 1 of 1 workers for init marking
[2020-11-01T01:15:49.282+0000][info][gc,ergo      ] GC(67) Pacer for Mark. Expected Live: 4M, Free: 408M, Non-Taxable: 40M, Alloc Tax Rate: 0.0x
[2020-11-01T01:15:49.282+0000][info][gc           ] GC(67) Pause Init Mark 0.449ms
[2020-11-01T01:15:49.282+0000][info][safepoint    ] Safepoint "ShenandoahInitMark", Time since last: 310842327 ns, Reaching safepoint: 138058 ns, At safepoint: 468853 ns, Total: 606911 ns
[2020-11-01T01:15:49.282+0000][info][gc,start     ] GC(67) Concurrent marking
[2020-11-01T01:15:49.282+0000][info][gc,task      ] GC(67) Using 1 of 1 workers for concurrent marking
[2020-11-01T01:15:49.287+0000][info][gc           ] GC(67) Concurrent marking 3484M->3484M(4096M) 5.314ms
[2020-11-01T01:15:49.288+0000][info][gc,start     ] GC(67) Pause Final Mark
[2020-11-01T01:15:49.288+0000][info][gc,task      ] GC(67) Using 1 of 1 workers for final marking
[2020-11-01T01:15:49.288+0000][info][gc,ergo      ] GC(67) Immediate Garbage: 3382M (97% of total), 1691 regions
[2020-11-01T01:15:49.288+0000][info][gc           ] GC(67) Pause Final Mark 0.568ms
[2020-11-01T01:15:49.288+0000][info][safepoint    ] Safepoint "ShenandoahFinalMarkStartEvac", Time since last: 5376777 ns, Reaching safepoint: 121854 ns, At safepoint: 587720 ns, Total: 709574 ns
[2020-11-01T01:15:49.288+0000][info][gc,start     ] GC(67) Concurrent cleanup
[2020-11-01T01:15:49.289+0000][info][gc           ] GC(67) Concurrent cleanup 3486M->108M(4096M) 0.300ms
[2020-11-01T01:15:49.289+0000][info][gc,ergo      ] GC(67) Free: 3782M (1891 regions), Max regular: 2048K, Max humongous: 1202176K, External frag: 69%, Internal frag: 0%
[2020-11-01T01:15:49.289+0000][info][gc,ergo      ] GC(67) Evacuation Reserve: 206M (103 regions), Max regular: 2048K
[2020-11-01T01:15:49.289+0000][info][gc,ergo      ] Free: 3782M (1891 regions), Max regular: 2048K, Max humongous: 1202176K, External frag: 69%, Internal frag: 0%
[2020-11-01T01:15:49.289+0000][info][gc,ergo      ] Evacuation Reserve: 206M (103 regions), Max regular: 2048K
[2020-11-01T01:15:49.289+0000][info][gc,ergo      ] Pacer for Idle. Initial: 81M, Alloc Tax Rate: 1.0x
[2020-11-01T01:15:50.288+0000][info][safepoint    ] Safepoint "Cleanup", Time since last: 1000099151 ns, Reaching safepoint: 54172 ns, At safepoint: 6094 ns, Total: 60266 ns
[2020-11-01T01:15:51.289+0000][info][safepoint    ] Safepoint "Cleanup", Time since last: 1000108176 ns, Reaching safepoint: 72382 ns, At safepoint: 3168 ns, Total: 75550 ns
[2020-11-01T01:15:52.289+0000][info][safepoint    ] Safepoint "Cleanup", Time since last: 1000105906 ns, Reaching safepoint: 128872 ns, At safepoint: 3597 ns, Total: 132469 ns
[2020-11-01T01:15:53.289+0000][info][safepoint    ] Safepoint "Cleanup", Time since last: 1000111206 ns, Reaching safepoint: 56363 ns, At safepoint: 5477 ns, Total: 61840 ns
[2020-11-01T01:15:54.289+0000][info][safepoint    ] Safepoint "Cleanup", Time since last: 1000109686 ns, Reaching safepoint: 137709 ns, At safepoint: 7971 ns, Total: 145680 ns
[2020-11-01T01:15:55.289+0000][info][safepoint    ] Safepoint "Cleanup", Time since last: 1000107528 ns, Reaching safepoint: 135784 ns, At safepoint: 6211 ns, Total: 141995 ns
[2020-11-01T01:15:56.290+0000][info][safepoint    ] Safepoint "Cleanup", Time since last: 1000109143 ns, Reaching safepoint: 75869 ns, At safepoint: 6278 ns, Total: 82147 ns
[2020-11-01T01:15:57.290+0000][info][safepoint    ] Safepoint "Cleanup", Time since last: 1000103621 ns, Reaching safepoint: 59603 ns, At safepoint: 7600 ns, Total: 67203 ns
[2020-11-01T01:15:58.290+0000][info][safepoint    ] Safepoint "Cleanup", Time since last: 1000114270 ns, Reaching safepoint: 56047 ns, At safepoint: 6445 ns, Total: 62492 ns
[2020-11-01T01:15:59.247+0000][info][gc           ] Trigger: Free (408M) is below minimum threshold (409M)
[2020-11-01T01:15:59.247+0000][info][gc,ergo      ] Free: 408M (204 regions), Max regular: 2048K, Max humongous: 413696K, External frag: 1%, Internal frag: 0%
[2020-11-01T01:15:59.247+0000][info][gc,ergo      ] Evacuation Reserve: 206M (103 regions), Max regular: 2048K
[2020-11-01T01:15:59.247+0000][info][gc,start     ] GC(68) Concurrent reset
[2020-11-01T01:15:59.247+0000][info][gc,task      ] GC(68) Using 1 of 1 workers for concurrent reset
[2020-11-01T01:15:59.247+0000][info][gc           ] GC(68) Concurrent reset 3482M->3482M(4096M) 0.460ms
[2020-11-01T01:15:59.247+0000][info][gc,start     ] GC(68) Pause Init Mark
[2020-11-01T01:15:59.247+0000][info][gc,task      ] GC(68) Using 1 of 1 workers for init marking
[2020-11-01T01:15:59.248+0000][info][gc,ergo      ] GC(68) Pacer for Mark. Expected Live: 4M, Free: 408M, Non-Taxable: 40M, Alloc Tax Rate: 0.0x
[2020-11-01T01:15:59.248+0000][info][gc           ] GC(68) Pause Init Mark 0.465ms
[2020-11-01T01:15:59.248+0000][info][safepoint    ] Safepoint "ShenandoahInitMark", Time since last: 957231518 ns, Reaching safepoint: 136389 ns, At safepoint: 485127 ns, Total: 621516 ns
[2020-11-01T01:15:59.248+0000][info][gc,start     ] GC(68) Concurrent marking
[2020-11-01T01:15:59.248+0000][info][gc,task      ] GC(68) Using 1 of 1 workers for concurrent marking
[2020-11-01T01:15:59.256+0000][info][gc           ] GC(68) Concurrent marking 3482M->3486M(4096M) 7.727ms
[2020-11-01T01:15:59.256+0000][info][gc,start     ] GC(68) Pause Final Mark
[2020-11-01T01:15:59.256+0000][info][gc,task      ] GC(68) Using 1 of 1 workers for final marking
[2020-11-01T01:15:59.256+0000][info][gc,ergo      ] GC(68) Immediate Garbage: 3382M (97% of total), 1691 regions
[2020-11-01T01:15:59.256+0000][info][gc           ] GC(68) Pause Final Mark 0.616ms
[2020-11-01T01:15:59.256+0000][info][safepoint    ] Safepoint "ShenandoahFinalMarkStartEvac", Time since last: 7788504 ns, Reaching safepoint: 131331 ns, At safepoint: 634959 ns, Total: 766290 ns
[2020-11-01T01:15:59.256+0000][info][gc,start     ] GC(68) Concurrent cleanup
[2020-11-01T01:15:59.257+0000][info][gc           ] GC(68) Concurrent cleanup 3486M->108M(4096M) 0.305ms
[2020-11-01T01:15:59.257+0000][info][gc,ergo      ] GC(68) Free: 3782M (1891 regions), Max regular: 2048K, Max humongous: 1202176K, External frag: 69%, Internal frag: 0%
[2020-11-01T01:15:59.257+0000][info][gc,ergo      ] GC(68) Evacuation Reserve: 206M (103 regions), Max regular: 2048K
[2020-11-01T01:15:59.257+0000][info][gc,ergo      ] Free: 3782M (1891 regions), Max regular: 2048K, Max humongous: 1202176K, External frag: 69%, Internal frag: 0%
[2020-11-01T01:15:59.257+0000][info][gc,ergo      ] Evacuation Reserve: 206M (103 regions), Max regular: 2048K
[2020-11-01T01:15:59.257+0000][info][gc,ergo      ] Pacer for Idle. Initial: 81M, Alloc Tax Rate: 1.0x
[2020-11-01T01:16:00.257+0000][info][safepoint    ] Safepoint "Cleanup", Time since last: 1000083496 ns, Reaching safepoint: 136548 ns, At safepoint: 3370 ns, Total: 139918 ns
[2020-11-01T01:16:01.257+0000][info][safepoint    ] Safepoint "Cleanup", Time since last: 1000110224 ns, Reaching safepoint: 128845 ns, At safepoint: 7417 ns, Total: 136262 ns
[2020-11-01T01:16:02.257+0000][info][safepoint    ] Safepoint "Cleanup", Time since last: 1000113009 ns, Reaching safepoint: 60724 ns, At safepoint: 5246 ns, Total: 65970 ns
[2020-11-01T01:16:03.257+0000][info][safepoint    ] Safepoint "Cleanup", Time since last: 1000111293 ns, Reaching safepoint: 68614 ns, At safepoint: 5379 ns, Total: 73993 ns
[2020-11-01T01:16:04.258+0000][info][safepoint    ] Safepoint "Cleanup", Time since last: 1000111830 ns, Reaching safepoint: 134324 ns, At safepoint: 7078 ns, Total: 141402 ns
[2020-11-01T01:16:05.258+0000][info][safepoint    ] Safepoint "Cleanup", Time since last: 1000107089 ns, Reaching safepoint: 135850 ns, At safepoint: 3199 ns, Total: 139049 ns
[2020-11-01T01:16:06.258+0000][info][safepoint    ] Safepoint "Cleanup", Time since last: 1000114077 ns, Reaching safepoint: 60515 ns, At safepoint: 6467 ns, Total: 66982 ns
[2020-11-01T01:16:07.258+0000][info][safepoint    ] Safepoint "Cleanup", Time since last: 1000105055 ns, Reaching safepoint: 156206 ns, At safepoint: 3473 ns, Total: 159679 ns
[2020-11-01T01:16:08.258+0000][info][safepoint    ] Safepoint "Cleanup", Time since last: 1000104614 ns, Reaching safepoint: 60629 ns, At safepoint: 6911 ns, Total: 67540 ns
[2020-11-01T01:16:09.226+0000][info][gc           ] Trigger: Free (408M) is below minimum threshold (409M)
[2020-11-01T01:16:09.226+0000][info][gc,ergo      ] Free: 408M (204 regions), Max regular: 2048K, Max humongous: 411648K, External frag: 2%, Internal frag: 0%
[2020-11-01T01:16:09.226+0000][info][gc,ergo      ] Evacuation Reserve: 206M (103 regions), Max regular: 2048K
[2020-11-01T01:16:09.226+0000][info][gc,start     ] GC(69) Concurrent reset
[2020-11-01T01:16:09.226+0000][info][gc,task      ] GC(69) Using 1 of 1 workers for concurrent reset
[2020-11-01T01:16:09.226+0000][info][gc           ] GC(69) Concurrent reset 3482M->3482M(4096M) 0.482ms
[2020-11-01T01:16:09.227+0000][info][gc,start     ] GC(69) Pause Init Mark
[2020-11-01T01:16:09.227+0000][info][gc,task      ] GC(69) Using 1 of 1 workers for init marking
[2020-11-01T01:16:09.227+0000][info][gc,ergo      ] GC(69) Pacer for Mark. Expected Live: 4M, Free: 408M, Non-Taxable: 40M, Alloc Tax Rate: 0.0x
[2020-11-01T01:16:09.227+0000][info][gc           ] GC(69) Pause Init Mark 0.449ms
[2020-11-01T01:16:09.227+0000][info][safepoint    ] Safepoint "ShenandoahInitMark", Time since last: 968033729 ns, Reaching safepoint: 136120 ns, At safepoint: 468769 ns, Total: 604889 ns
[2020-11-01T01:16:09.227+0000][info][gc,start     ] GC(69) Concurrent marking
[2020-11-01T01:16:09.227+0000][info][gc,task      ] GC(69) Using 1 of 1 workers for concurrent marking
[2020-11-01T01:16:09.232+0000][info][gc           ] GC(69) Concurrent marking 3484M->3484M(4096M) 5.356ms
[2020-11-01T01:16:09.233+0000][info][gc,start     ] GC(69) Pause Final Mark
[2020-11-01T01:16:09.233+0000][info][gc,task      ] GC(69) Using 1 of 1 workers for final marking
[2020-11-01T01:16:09.233+0000][info][gc,ergo      ] GC(69) Immediate Garbage: 3384M (97% of total), 1692 regions
[2020-11-01T01:16:09.233+0000][info][gc           ] GC(69) Pause Final Mark 0.566ms
[2020-11-01T01:16:09.233+0000][info][safepoint    ] Safepoint "ShenandoahFinalMarkStartEvac", Time since last: 5433466 ns, Reaching safepoint: 120179 ns, At safepoint: 584437 ns, Total: 704616 ns
[2020-11-01T01:16:09.233+0000][info][gc,start     ] GC(69) Concurrent cleanup
[2020-11-01T01:16:09.233+0000][info][gc           ] GC(69) Concurrent cleanup 3486M->104M(4096M) 0.255ms
[2020-11-01T01:16:09.233+0000][info][gc,ergo      ] GC(69) Free: 3786M (1893 regions), Max regular: 2048K, Max humongous: 1202176K, External frag: 69%, Internal frag: 0%
[2020-11-01T01:16:09.233+0000][info][gc,ergo      ] GC(69) Evacuation Reserve: 206M (103 regions), Max regular: 2048K
[2020-11-01T01:16:09.233+0000][info][gc,ergo      ] Free: 3786M (1893 regions), Max regular: 2048K, Max humongous: 1202176K, External frag: 69%, Internal frag: 0%
[2020-11-01T01:16:09.233+0000][info][gc,ergo      ] Evacuation Reserve: 206M (103 regions), Max regular: 2048K
[2020-11-01T01:16:09.233+0000][info][gc,ergo      ] Pacer for Idle. Initial: 81M, Alloc Tax Rate: 1.0x
[2020-11-01T01:16:10.233+0000][info][safepoint    ] Safepoint "Cleanup", Time since last: 1000079735 ns, Reaching safepoint: 133611 ns, At safepoint: 3199 ns, Total: 136810 ns
[2020-11-01T01:16:11.234+0000][info][safepoint    ] Safepoint "Cleanup", Time since last: 1000110836 ns, Reaching safepoint: 133140 ns, At safepoint: 3108 ns, Total: 136248 ns
[2020-11-01T01:16:12.234+0000][info][safepoint    ] Safepoint "Cleanup", Time since last: 1000107850 ns, Reaching safepoint: 71794 ns, At safepoint: 6325 ns, Total: 78119 ns
[2020-11-01T01:16:13.234+0000][info][safepoint    ] Safepoint "Cleanup", Time since last: 1000102823 ns, Reaching safepoint: 60713 ns, At safepoint: 5832 ns, Total: 66545 ns
[2020-11-01T01:16:14.234+0000][info][safepoint    ] Safepoint "Cleanup", Time since last: 1000116680 ns, Reaching safepoint: 61740 ns, At safepoint: 6201 ns, Total: 67941 ns
[2020-11-01T01:16:15.234+0000][info][safepoint    ] Safepoint "Cleanup", Time since last: 1000109968 ns, Reaching safepoint: 146970 ns, At safepoint: 6008 ns, Total: 152978 ns
[2020-11-01T01:16:16.235+0000][info][safepoint    ] Safepoint "Cleanup", Time since last: 1000108391 ns, Reaching safepoint: 57983 ns, At safepoint: 6528 ns, Total: 64511 ns
[2020-11-01T01:16:16.766+0000][info][safepoint    ] Safepoint "RevokeBias", Time since last: 531468022 ns, Reaching safepoint: 124999 ns, At safepoint: 19388 ns, Total: 144387 ns
[2020-11-01T01:16:16.766+0000][info][safepoint    ] Safepoint "RevokeBias", Time since last: 92782 ns, Reaching safepoint: 118949 ns, At safepoint: 13372 ns, Total: 132321 ns
[2020-11-01T01:16:17.767+0000][info][safepoint    ] Safepoint "Cleanup", Time since last: 1000085147 ns, Reaching safepoint: 134152 ns, At safepoint: 5819 ns, Total: 139971 ns
[2020-11-01T01:16:18.767+0000][info][safepoint    ] Safepoint "Cleanup", Time since last: 1000105986 ns, Reaching safepoint: 141586 ns, At safepoint: 3241 ns, Total: 144827 ns
[2020-11-01T01:16:19.205+0000][info][gc           ] Trigger: Free (408M) is below minimum threshold (409M)
[2020-11-01T01:16:19.205+0000][info][gc,ergo      ] Free: 408M (204 regions), Max regular: 2048K, Max humongous: 413696K, External frag: 1%, Internal frag: 0%
[2020-11-01T01:16:19.205+0000][info][gc,ergo      ] Evacuation Reserve: 206M (103 regions), Max regular: 2048K
[2020-11-01T01:16:19.205+0000][info][gc,start     ] GC(70) Concurrent reset
[2020-11-01T01:16:19.205+0000][info][gc,task      ] GC(70) Using 1 of 1 workers for concurrent reset
[2020-11-01T01:16:19.206+0000][info][gc           ] GC(70) Concurrent reset 3482M->3482M(4096M) 0.476ms
[2020-11-01T01:16:19.206+0000][info][gc,start     ] GC(70) Pause Init Mark (process weakrefs)
[2020-11-01T01:16:19.206+0000][info][gc,task      ] GC(70) Using 1 of 1 workers for init marking
[2020-11-01T01:16:19.206+0000][info][gc,ergo      ] GC(70) Pacer for Mark. Expected Live: 4M, Free: 408M, Non-Taxable: 40M, Alloc Tax Rate: 0.0x
[2020-11-01T01:16:19.206+0000][info][gc           ] GC(70) Pause Init Mark (process weakrefs) 0.479ms
[2020-11-01T01:16:19.206+0000][info][safepoint    ] Safepoint "ShenandoahInitMark", Time since last: 438699961 ns, Reaching safepoint: 144050 ns, At safepoint: 497878 ns, Total: 641928 ns
[2020-11-01T01:16:19.206+0000][info][gc,start     ] GC(70) Concurrent marking (process weakrefs)
[2020-11-01T01:16:19.206+0000][info][gc,task      ] GC(70) Using 1 of 1 workers for concurrent marking
[2020-11-01T01:16:19.212+0000][info][gc           ] GC(70) Concurrent marking (process weakrefs) 3482M->3486M(4096M) 5.490ms
[2020-11-01T01:16:19.212+0000][info][gc,start     ] GC(70) Concurrent precleaning
[2020-11-01T01:16:19.212+0000][info][gc,task      ] GC(70) Using 1 of 1 workers for concurrent preclean
[2020-11-01T01:16:19.212+0000][info][gc           ] GC(70) Concurrent precleaning 3486M->3486M(4096M) 0.185ms
[2020-11-01T01:16:19.212+0000][info][gc,start     ] GC(70) Pause Final Mark (process weakrefs)
[2020-11-01T01:16:19.212+0000][info][gc,task      ] GC(70) Using 1 of 1 workers for final marking
[2020-11-01T01:16:19.213+0000][info][gc,ergo      ] GC(70) Immediate Garbage: 3380M (97% of total), 1690 regions
[2020-11-01T01:16:19.213+0000][info][gc           ] GC(70) Pause Final Mark (process weakrefs) 0.585ms
[2020-11-01T01:16:19.213+0000][info][safepoint    ] Safepoint "ShenandoahFinalMarkStartEvac", Time since last: 5747387 ns, Reaching safepoint: 47430 ns, At safepoint: 603930 ns, Total: 651360 ns
[2020-11-01T01:16:19.213+0000][info][gc,start     ] GC(70) Concurrent cleanup
[2020-11-01T01:16:19.213+0000][info][gc           ] GC(70) Concurrent cleanup 3486M->110M(4096M) 0.281ms
[2020-11-01T01:16:19.213+0000][info][gc,ergo      ] GC(70) Free: 3780M (1890 regions), Max regular: 2048K, Max humongous: 1169408K, External frag: 70%, Internal frag: 0%
[2020-11-01T01:16:19.213+0000][info][gc,ergo      ] GC(70) Evacuation Reserve: 206M (103 regions), Max regular: 2048K
[2020-11-01T01:16:19.213+0000][info][gc,ergo      ] Free: 3780M (1890 regions), Max regular: 2048K, Max humongous: 1169408K, External frag: 70%, Internal frag: 0%
[2020-11-01T01:16:19.213+0000][info][gc,ergo      ] Evacuation Reserve: 206M (103 regions), Max regular: 2048K
[2020-11-01T01:16:19.213+0000][info][gc,ergo      ] Pacer for Idle. Initial: 81M, Alloc Tax Rate: 1.0x
[2020-11-01T01:16:20.213+0000][info][safepoint    ] Safepoint "Cleanup", Time since last: 1000079811 ns, Reaching safepoint: 142643 ns, At safepoint: 7488 ns, Total: 150131 ns
[2020-11-01T01:16:21.213+0000][info][safepoint    ] Safepoint "Cleanup", Time since last: 1000120198 ns, Reaching safepoint: 135131 ns, At safepoint: 5010 ns, Total: 140141 ns
[2020-11-01T01:16:22.213+0000][info][safepoint    ] Safepoint "Cleanup", Time since last: 1000106562 ns, Reaching safepoint: 139961 ns, At safepoint: 5950 ns, Total: 145911 ns
[2020-11-01T01:16:23.214+0000][info][safepoint    ] Safepoint "Cleanup", Time since last: 1000108088 ns, Reaching safepoint: 140787 ns, At safepoint: 4986 ns, Total: 145773 ns
[2020-11-01T01:16:24.214+0000][info][safepoint    ] Safepoint "Cleanup", Time since last: 1000106694 ns, Reaching safepoint: 58166 ns, At safepoint: 6621 ns, Total: 64787 ns
[2020-11-01T01:16:25.214+0000][info][safepoint    ] Safepoint "Cleanup", Time since last: 1000108982 ns, Reaching safepoint: 141152 ns, At safepoint: 5400 ns, Total: 146552 ns
[2020-11-01T01:16:26.214+0000][info][safepoint    ] Safepoint "Cleanup", Time since last: 1000107092 ns, Reaching safepoint: 138745 ns, At safepoint: 3367 ns, Total: 142112 ns
[2020-11-01T01:16:27.215+0000][info][safepoint    ] Safepoint "Cleanup", Time since last: 1000115458 ns, Reaching safepoint: 133678 ns, At safepoint: 3139 ns, Total: 136817 ns
[2020-11-01T01:16:28.215+0000][info][safepoint    ] Safepoint "Cleanup", Time since last: 1000107138 ns, Reaching safepoint: 137932 ns, At safepoint: 7770 ns, Total: 145702 ns
[2020-11-01T01:16:29.158+0000][info][gc           ] Trigger: Free (408M) is below minimum threshold (409M)
[2020-11-01T01:16:29.158+0000][info][gc,ergo      ] Free: 408M (204 regions), Max regular: 2048K, Max humongous: 411648K, External frag: 2%, Internal frag: 0%
[2020-11-01T01:16:29.158+0000][info][gc,ergo      ] Evacuation Reserve: 206M (103 regions), Max regular: 2048K
[2020-11-01T01:16:29.158+0000][info][gc,start     ] GC(71) Concurrent reset
[2020-11-01T01:16:29.158+0000][info][gc,task      ] GC(71) Using 1 of 1 workers for concurrent reset
[2020-11-01T01:16:29.159+0000][info][gc           ] GC(71) Concurrent reset 3482M->3482M(4096M) 0.474ms
[2020-11-01T01:16:29.159+0000][info][gc,start     ] GC(71) Pause Init Mark
[2020-11-01T01:16:29.159+0000][info][gc,task      ] GC(71) Using 1 of 1 workers for init marking
[2020-11-01T01:16:29.159+0000][info][gc,ergo      ] GC(71) Pacer for Mark. Expected Live: 4M, Free: 408M, Non-Taxable: 40M, Alloc Tax Rate: 0.0x
[2020-11-01T01:16:29.159+0000][info][gc           ] GC(71) Pause Init Mark 0.478ms
[2020-11-01T01:16:29.159+0000][info][safepoint    ] Safepoint "ShenandoahInitMark", Time since last: 944032507 ns, Reaching safepoint: 139498 ns, At safepoint: 498066 ns, Total: 637564 ns
[2020-11-01T01:16:29.160+0000][info][gc,start     ] GC(71) Concurrent marking
[2020-11-01T01:16:29.160+0000][info][gc,task      ] GC(71) Using 1 of 1 workers for concurrent marking
[2020-11-01T01:16:29.165+0000][info][gc           ] GC(71) Concurrent marking 3484M->3484M(4096M) 5.337ms
[2020-11-01T01:16:29.165+0000][info][gc,start     ] GC(71) Pause Final Mark
[2020-11-01T01:16:29.165+0000][info][gc,task      ] GC(71) Using 1 of 1 workers for final marking
[2020-11-01T01:16:29.166+0000][info][gc,ergo      ] GC(71) Immediate Garbage: 3380M (97% of total), 1690 regions
[2020-11-01T01:16:29.166+0000][info][gc           ] GC(71) Pause Final Mark 0.583ms
[2020-11-01T01:16:29.166+0000][info][safepoint    ] Safepoint "ShenandoahFinalMarkStartEvac", Time since last: 5398126 ns, Reaching safepoint: 128028 ns, At safepoint: 601782 ns, Total: 729810 ns
[2020-11-01T01:16:29.166+0000][info][gc,start     ] GC(71) Concurrent cleanup
[2020-11-01T01:16:29.166+0000][info][gc           ] GC(71) Concurrent cleanup 3486M->108M(4096M) 0.253ms
[2020-11-01T01:16:29.166+0000][info][gc,ergo      ] GC(71) Free: 3782M (1891 regions), Max regular: 2048K, Max humongous: 1169408K, External frag: 70%, Internal frag: 0%
[2020-11-01T01:16:29.166+0000][info][gc,ergo      ] GC(71) Evacuation Reserve: 206M (103 regions), Max regular: 2048K
[2020-11-01T01:16:29.166+0000][info][gc,ergo      ] Free: 3782M (1891 regions), Max regular: 2048K, Max humongous: 1169408K, External frag: 70%, Internal frag: 0%
[2020-11-01T01:16:29.166+0000][info][gc,ergo      ] Evacuation Reserve: 206M (103 regions), Max regular: 2048K
[2020-11-01T01:16:29.166+0000][info][gc,ergo      ] Pacer for Idle. Initial: 81M, Alloc Tax Rate: 1.0x
[2020-11-01T01:16:30.166+0000][info][safepoint    ] Safepoint "Cleanup", Time since last: 1000081259 ns, Reaching safepoint: 60652 ns, At safepoint: 6520 ns, Total: 67172 ns
[2020-11-01T01:16:31.166+0000][info][safepoint    ] Safepoint "Cleanup", Time since last: 1000106018 ns, Reaching safepoint: 138340 ns, At safepoint: 6895 ns, Total: 145235 ns
[2020-11-01T01:16:32.166+0000][info][safepoint    ] Safepoint "Cleanup", Time since last: 1000111706 ns, Reaching safepoint: 58765 ns, At safepoint: 5056 ns, Total: 63821 ns
[2020-11-01T01:16:33.166+0000][info][safepoint    ] Safepoint "Cleanup", Time since last: 1000106176 ns, Reaching safepoint: 137660 ns, At safepoint: 5152 ns, Total: 142812 ns
[2020-11-01T01:16:34.167+0000][info][safepoint    ] Safepoint "Cleanup", Time since last: 1000105442 ns, Reaching safepoint: 140036 ns, At safepoint: 5661 ns, Total: 145697 ns
[2020-11-01T01:16:35.167+0000][info][safepoint    ] Safepoint "Cleanup", Time since last: 1000125787 ns, Reaching safepoint: 139040 ns, At safepoint: 5374 ns, Total: 144414 ns
[2020-11-01T01:16:36.167+0000][info][safepoint    ] Safepoint "Cleanup", Time since last: 1000112554 ns, Reaching safepoint: 57369 ns, At safepoint: 6496 ns, Total: 63865 ns
[2020-11-01T01:16:37.167+0000][info][safepoint    ] Safepoint "Cleanup", Time since last: 1000109497 ns, Reaching safepoint: 136257 ns, At safepoint: 3104 ns, Total: 139361 ns
[2020-11-01T01:16:38.168+0000][info][safepoint    ] Safepoint "Cleanup", Time since last: 1000114305 ns, Reaching safepoint: 137355 ns, At safepoint: 5157 ns, Total: 142512 ns
[2020-11-01T01:16:39.121+0000][info][gc           ] Trigger: Free (406M) is below minimum threshold (409M)
[2020-11-01T01:16:39.121+0000][info][gc,ergo      ] Free: 406M (203 regions), Max regular: 2048K, Max humongous: 413696K, External frag: 1%, Internal frag: 0%
[2020-11-01T01:16:39.121+0000][info][gc,ergo      ] Evacuation Reserve: 206M (103 regions), Max regular: 2048K
[2020-11-01T01:16:39.121+0000][info][gc,start     ] GC(72) Concurrent reset
[2020-11-01T01:16:39.121+0000][info][gc,task      ] GC(72) Using 1 of 1 workers for concurrent reset
[2020-11-01T01:16:39.122+0000][info][gc           ] GC(72) Concurrent reset 3484M->3484M(4096M) 0.471ms
[2020-11-01T01:16:39.122+0000][info][gc,start     ] GC(72) Pause Init Mark
[2020-11-01T01:16:39.122+0000][info][gc,task      ] GC(72) Using 1 of 1 workers for init marking
[2020-11-01T01:16:39.122+0000][info][gc,ergo      ] GC(72) Pacer for Mark. Expected Live: 4M, Free: 406M, Non-Taxable: 40M, Alloc Tax Rate: 0.0x
[2020-11-01T01:16:39.122+0000][info][gc           ] GC(72) Pause Init Mark 0.461ms
[2020-11-01T01:16:39.122+0000][info][safepoint    ] Safepoint "ShenandoahInitMark", Time since last: 954031778 ns, Reaching safepoint: 144812 ns, At safepoint: 481142 ns, Total: 625954 ns
[2020-11-01T01:16:39.122+0000][info][gc,start     ] GC(72) Concurrent marking
[2020-11-01T01:16:39.122+0000][info][gc,task      ] GC(72) Using 1 of 1 workers for concurrent marking
[2020-11-01T01:16:39.128+0000][info][gc           ] GC(72) Concurrent marking 3486M->3486M(4096M) 5.311ms
[2020-11-01T01:16:39.128+0000][info][gc,start     ] GC(72) Pause Final Mark
[2020-11-01T01:16:39.128+0000][info][gc,task      ] GC(72) Using 1 of 1 workers for final marking
[2020-11-01T01:16:39.128+0000][info][gc,ergo      ] GC(72) Immediate Garbage: 3380M (97% of total), 1690 regions
[2020-11-01T01:16:39.128+0000][info][gc           ] GC(72) Pause Final Mark 0.564ms
[2020-11-01T01:16:39.128+0000][info][safepoint    ] Safepoint "ShenandoahFinalMarkStartEvac", Time since last: 5370766 ns, Reaching safepoint: 122080 ns, At safepoint: 582827 ns, Total: 704907 ns
[2020-11-01T01:16:39.128+0000][info][gc,start     ] GC(72) Concurrent cleanup
[2020-11-01T01:16:39.129+0000][info][gc           ] GC(72) Concurrent cleanup 3488M->110M(4096M) 0.270ms
[2020-11-01T01:16:39.129+0000][info][gc,ergo      ] GC(72) Free: 3780M (1890 regions), Max regular: 2048K, Max humongous: 1169408K, External frag: 70%, Internal frag: 0%
[2020-11-01T01:16:39.129+0000][info][gc,ergo      ] GC(72) Evacuation Reserve: 206M (103 regions), Max regular: 2048K
[2020-11-01T01:16:39.129+0000][info][gc,ergo      ] Free: 3780M (1890 regions), Max regular: 2048K, Max humongous: 1169408K, External frag: 70%, Internal frag: 0%
[2020-11-01T01:16:39.129+0000][info][gc,ergo      ] Evacuation Reserve: 206M (103 regions), Max regular: 2048K
[2020-11-01T01:16:39.129+0000][info][gc,ergo      ] Pacer for Idle. Initial: 81M, Alloc Tax Rate: 1.0x
[2020-11-01T01:16:40.129+0000][info][safepoint    ] Safepoint "Cleanup", Time since last: 1000078394 ns, Reaching safepoint: 131798 ns, At safepoint: 6697 ns, Total: 138495 ns
[2020-11-01T01:16:41.129+0000][info][safepoint    ] Safepoint "Cleanup", Time since last: 1000110220 ns, Reaching safepoint: 62596 ns, At safepoint: 6312 ns, Total: 68908 ns
[2020-11-01T01:16:42.129+0000][info][safepoint    ] Safepoint "Cleanup", Time since last: 1000110958 ns, Reaching safepoint: 134979 ns, At safepoint: 5569 ns, Total: 140548 ns
[2020-11-01T01:16:43.129+0000][info][safepoint    ] Safepoint "Cleanup", Time since last: 1000104560 ns, Reaching safepoint: 80059 ns, At safepoint: 6582 ns, Total: 86641 ns
[2020-11-01T01:16:44.129+0000][info][safepoint    ] Safepoint "Cleanup", Time since last: 1000107869 ns, Reaching safepoint: 139892 ns, At safepoint: 5116 ns, Total: 145008 ns
[2020-11-01T01:16:45.130+0000][info][safepoint    ] Safepoint "Cleanup", Time since last: 1000112363 ns, Reaching safepoint: 58215 ns, At safepoint: 6692 ns, Total: 64907 ns
[2020-11-01T01:16:46.131+0000][info][safepoint    ] Safepoint "Cleanup", Time since last: 1000932151 ns, Reaching safepoint: 137589 ns, At safepoint: 8265 ns, Total: 145854 ns
[2020-11-01T01:16:47.131+0000][info][safepoint    ] Safepoint "Cleanup", Time since last: 1000111023 ns, Reaching safepoint: 136421 ns, At safepoint: 5816 ns, Total: 142237 ns
[2020-11-01T01:16:48.131+0000][info][safepoint    ] Safepoint "Cleanup", Time since last: 1000116323 ns, Reaching safepoint: 142723 ns, At safepoint: 5165 ns, Total: 147888 ns
[2020-11-01T01:16:49.081+0000][info][gc           ] Trigger: Free (408M) is below minimum threshold (409M)
[2020-11-01T01:16:49.081+0000][info][gc,ergo      ] Free: 408M (204 regions), Max regular: 2048K, Max humongous: 409600K, External frag: 2%, Internal frag: 0%
[2020-11-01T01:16:49.081+0000][info][gc,ergo      ] Evacuation Reserve: 206M (103 regions), Max regular: 2048K
[2020-11-01T01:16:49.081+0000][info][gc,start     ] GC(73) Concurrent reset
[2020-11-01T01:16:49.081+0000][info][gc,task      ] GC(73) Using 1 of 1 workers for concurrent reset
[2020-11-01T01:16:49.082+0000][info][gc           ] GC(73) Concurrent reset 3482M->3482M(4096M) 0.483ms
[2020-11-01T01:16:49.082+0000][info][gc,start     ] GC(73) Pause Init Mark
[2020-11-01T01:16:49.082+0000][info][gc,task      ] GC(73) Using 1 of 1 workers for init marking
[2020-11-01T01:16:49.082+0000][info][gc,ergo      ] GC(73) Pacer for Mark. Expected Live: 4M, Free: 408M, Non-Taxable: 40M, Alloc Tax Rate: 0.0x
[2020-11-01T01:16:49.082+0000][info][gc           ] GC(73) Pause Init Mark 0.474ms
[2020-11-01T01:16:49.082+0000][info][safepoint    ] Safepoint "ShenandoahInitMark", Time since last: 950541377 ns, Reaching safepoint: 135705 ns, At safepoint: 494982 ns, Total: 630687 ns
[2020-11-01T01:16:49.082+0000][info][gc,start     ] GC(73) Concurrent marking
[2020-11-01T01:16:49.082+0000][info][gc,task      ] GC(73) Using 1 of 1 workers for concurrent marking
[2020-11-01T01:16:49.090+0000][info][gc           ] GC(73) Concurrent marking 3484M->3486M(4096M) 7.710ms
[2020-11-01T01:16:49.090+0000][info][gc,start     ] GC(73) Pause Final Mark
[2020-11-01T01:16:49.090+0000][info][gc,task      ] GC(73) Using 1 of 1 workers for final marking
[2020-11-01T01:16:49.091+0000][info][gc,ergo      ] GC(73) Immediate Garbage: 3378M (97% of total), 1689 regions
[2020-11-01T01:16:49.091+0000][info][gc           ] GC(73) Pause Final Mark 0.590ms
[2020-11-01T01:16:49.091+0000][info][safepoint    ] Safepoint "ShenandoahFinalMarkStartEvac", Time since last: 7771833 ns, Reaching safepoint: 133902 ns, At safepoint: 609753 ns, Total: 743655 ns
[2020-11-01T01:16:49.091+0000][info][gc,start     ] GC(73) Concurrent cleanup
[2020-11-01T01:16:49.091+0000][info][gc           ] GC(73) Concurrent cleanup 3486M->112M(4096M) 0.289ms
[2020-11-01T01:16:49.091+0000][info][gc,ergo      ] GC(73) Free: 3778M (1889 regions), Max regular: 2048K, Max humongous: 1169408K, External frag: 70%, Internal frag: 0%
[2020-11-01T01:16:49.091+0000][info][gc,ergo      ] GC(73) Evacuation Reserve: 206M (103 regions), Max regular: 2048K
[2020-11-01T01:16:49.091+0000][info][gc,ergo      ] Free: 3778M (1889 regions), Max regular: 2048K, Max humongous: 1169408K, External frag: 70%, Internal frag: 0%
[2020-11-01T01:16:49.091+0000][info][gc,ergo      ] Evacuation Reserve: 206M (103 regions), Max regular: 2048K
[2020-11-01T01:16:49.091+0000][info][gc,ergo      ] Pacer for Idle. Initial: 81M, Alloc Tax Rate: 1.0x
[2020-11-01T01:16:50.091+0000][info][safepoint    ] Safepoint "Cleanup", Time since last: 1000081520 ns, Reaching safepoint: 134553 ns, At safepoint: 2895 ns, Total: 137448 ns
[2020-11-01T01:16:51.091+0000][info][safepoint    ] Safepoint "Cleanup", Time since last: 1000111055 ns, Reaching safepoint: 145170 ns, At safepoint: 5083 ns, Total: 150253 ns
[2020-11-01T01:16:52.092+0000][info][safepoint    ] Safepoint "Cleanup", Time since last: 1000111695 ns, Reaching safepoint: 137504 ns, At safepoint: 7743 ns, Total: 145247 ns
[2020-11-01T01:16:53.806+0000][info][safepoint    ] Safepoint "Cleanup", Time since last: 1714277821 ns, Reaching safepoint: 63156 ns, At safepoint: 5536 ns, Total: 68692 ns
[2020-11-01T01:16:54.806+0000][info][safepoint    ] Safepoint "Cleanup", Time since last: 1000112464 ns, Reaching safepoint: 146974 ns, At safepoint: 3213 ns, Total: 150187 ns
[2020-11-01T01:16:55.807+0000][info][safepoint    ] Safepoint "Cleanup", Time since last: 1000109958 ns, Reaching safepoint: 139465 ns, At safepoint: 5265 ns, Total: 144730 ns
[2020-11-01T01:16:56.807+0000][info][safepoint    ] Safepoint "Cleanup", Time since last: 1000102350 ns, Reaching safepoint: 58098 ns, At safepoint: 6427 ns, Total: 64525 ns
[2020-11-01T01:16:57.807+0000][info][safepoint    ] Safepoint "Cleanup", Time since last: 1000102021 ns, Reaching safepoint: 130630 ns, At safepoint: 5254 ns, Total: 135884 ns
[2020-11-01T01:16:58.807+0000][info][safepoint    ] Safepoint "Cleanup", Time since last: 1000113230 ns, Reaching safepoint: 138362 ns, At safepoint: 5133 ns, Total: 143495 ns
[2020-11-01T01:16:59.047+0000][info][gc           ] Trigger: Free (408M) is below minimum threshold (409M)
[2020-11-01T01:16:59.047+0000][info][gc,ergo      ] Free: 408M (204 regions), Max regular: 2048K, Max humongous: 415744K, External frag: 1%, Internal frag: 0%
[2020-11-01T01:16:59.047+0000][info][gc,ergo      ] Evacuation Reserve: 206M (103 regions), Max regular: 2048K
[2020-11-01T01:16:59.047+0000][info][gc,start     ] GC(74) Concurrent reset
[2020-11-01T01:16:59.047+0000][info][gc,task      ] GC(74) Using 1 of 1 workers for concurrent reset
[2020-11-01T01:16:59.048+0000][info][gc           ] GC(74) Concurrent reset 3482M->3482M(4096M) 0.479ms
[2020-11-01T01:16:59.048+0000][info][gc,start     ] GC(74) Pause Init Mark
[2020-11-01T01:16:59.048+0000][info][gc,task      ] GC(74) Using 1 of 1 workers for init marking
[2020-11-01T01:16:59.048+0000][info][gc,ergo      ] GC(74) Pacer for Mark. Expected Live: 4M, Free: 408M, Non-Taxable: 40M, Alloc Tax Rate: 0.0x
[2020-11-01T01:16:59.048+0000][info][gc           ] GC(74) Pause Init Mark 0.445ms
[2020-11-01T01:16:59.048+0000][info][safepoint    ] Safepoint "ShenandoahInitMark", Time since last: 240697595 ns, Reaching safepoint: 136036 ns, At safepoint: 465268 ns, Total: 601304 ns
[2020-11-01T01:16:59.049+0000][info][gc,start     ] GC(74) Concurrent marking
[2020-11-01T01:16:59.049+0000][info][gc,task      ] GC(74) Using 1 of 1 workers for concurrent marking
[2020-11-01T01:16:59.054+0000][info][gc           ] GC(74) Concurrent marking 3484M->3484M(4096M) 5.384ms
[2020-11-01T01:16:59.054+0000][info][gc,start     ] GC(74) Pause Final Mark
[2020-11-01T01:16:59.054+0000][info][gc,task      ] GC(74) Using 1 of 1 workers for final marking
[2020-11-01T01:16:59.055+0000][info][gc,ergo      ] GC(74) Immediate Garbage: 3376M (97% of total), 1688 regions
[2020-11-01T01:16:59.055+0000][info][gc           ] GC(74) Pause Final Mark 0.574ms
[2020-11-01T01:16:59.055+0000][info][safepoint    ] Safepoint "ShenandoahFinalMarkStartEvac", Time since last: 5444461 ns, Reaching safepoint: 120224 ns, At safepoint: 591615 ns, Total: 711839 ns
[2020-11-01T01:16:59.055+0000][info][gc,start     ] GC(74) Concurrent cleanup
[2020-11-01T01:16:59.055+0000][info][gc           ] GC(74) Concurrent cleanup 3486M->112M(4096M) 0.254ms
[2020-11-01T01:16:59.055+0000][info][gc,ergo      ] GC(74) Free: 3778M (1889 regions), Max regular: 2048K, Max humongous: 1165312K, External frag: 70%, Internal frag: 0%
[2020-11-01T01:16:59.055+0000][info][gc,ergo      ] GC(74) Evacuation Reserve: 206M (103 regions), Max regular: 2048K
[2020-11-01T01:16:59.055+0000][info][gc,ergo      ] Free: 3778M (1889 regions), Max regular: 2048K, Max humongous: 1165312K, External frag: 70%, Internal frag: 0%
[2020-11-01T01:16:59.055+0000][info][gc,ergo      ] Evacuation Reserve: 206M (103 regions), Max regular: 2048K
[2020-11-01T01:16:59.055+0000][info][gc,ergo      ] Pacer for Idle. Initial: 81M, Alloc Tax Rate: 1.0x
[2020-11-01T01:17:00.055+0000][info][safepoint    ] Safepoint "Cleanup", Time since last: 1000081072 ns, Reaching safepoint: 134201 ns, At safepoint: 5812 ns, Total: 140013 ns
[2020-11-01T01:17:01.055+0000][info][safepoint    ] Safepoint "Cleanup", Time since last: 1000111167 ns, Reaching safepoint: 69361 ns, At safepoint: 4602 ns, Total: 73963 ns
[2020-11-01T01:17:02.055+0000][info][safepoint    ] Safepoint "Cleanup", Time since last: 1000103768 ns, Reaching safepoint: 134241 ns, At safepoint: 5662 ns, Total: 139903 ns
[2020-11-01T01:17:03.056+0000][info][safepoint    ] Safepoint "Cleanup", Time since last: 1000109801 ns, Reaching safepoint: 134746 ns, At safepoint: 5180 ns, Total: 139926 ns
[2020-11-01T01:17:04.056+0000][info][safepoint    ] Safepoint "Cleanup", Time since last: 1000111012 ns, Reaching safepoint: 139424 ns, At safepoint: 5433 ns, Total: 144857 ns
[2020-11-01T01:17:05.056+0000][info][safepoint    ] Safepoint "Cleanup", Time since last: 1000105950 ns, Reaching safepoint: 135909 ns, At safepoint: 3081 ns, Total: 138990 ns
[2020-11-01T01:17:06.056+0000][info][safepoint    ] Safepoint "Cleanup", Time since last: 1000109437 ns, Reaching safepoint: 61853 ns, At safepoint: 6659 ns, Total: 68512 ns
[2020-11-01T01:17:07.056+0000][info][safepoint    ] Safepoint "Cleanup", Time since last: 1000106070 ns, Reaching safepoint: 138078 ns, At safepoint: 5367 ns, Total: 143445 ns
[2020-11-01T01:17:08.057+0000][info][safepoint    ] Safepoint "Cleanup", Time since last: 1000119233 ns, Reaching safepoint: 138011 ns, At safepoint: 3293 ns, Total: 141304 ns
[2020-11-01T01:17:08.994+0000][info][gc           ] Trigger: Free (408M) is below minimum threshold (409M)
[2020-11-01T01:17:08.994+0000][info][gc,ergo      ] Free: 408M (204 regions), Max regular: 2048K, Max humongous: 411648K, External frag: 2%, Internal frag: 0%
[2020-11-01T01:17:08.994+0000][info][gc,ergo      ] Evacuation Reserve: 206M (103 regions), Max regular: 2048K
[2020-11-01T01:17:08.994+0000][info][gc,start     ] GC(75) Concurrent reset
[2020-11-01T01:17:08.994+0000][info][gc,task      ] GC(75) Using 1 of 1 workers for concurrent reset
[2020-11-01T01:17:08.995+0000][info][gc           ] GC(75) Concurrent reset 3482M->3482M(4096M) 0.488ms
[2020-11-01T01:17:08.995+0000][info][gc,start     ] GC(75) Pause Init Mark (process weakrefs)
[2020-11-01T01:17:08.995+0000][info][gc,task      ] GC(75) Using 1 of 1 workers for init marking
[2020-11-01T01:17:08.996+0000][info][gc,ergo      ] GC(75) Pacer for Mark. Expected Live: 4M, Free: 408M, Non-Taxable: 40M, Alloc Tax Rate: 0.0x
[2020-11-01T01:17:08.996+0000][info][gc           ] GC(75) Pause Init Mark (process weakrefs) 0.477ms
[2020-11-01T01:17:08.996+0000][info][safepoint    ] Safepoint "ShenandoahInitMark", Time since last: 938246408 ns, Reaching safepoint: 134897 ns, At safepoint: 496800 ns, Total: 631697 ns
[2020-11-01T01:17:08.996+0000][info][gc,start     ] GC(75) Concurrent marking (process weakrefs)
[2020-11-01T01:17:08.996+0000][info][gc,task      ] GC(75) Using 1 of 1 workers for concurrent marking
[2020-11-01T01:17:09.004+0000][info][gc           ] GC(75) Concurrent marking (process weakrefs) 3484M->3486M(4096M) 8.047ms
[2020-11-01T01:17:09.004+0000][info][gc,start     ] GC(75) Concurrent precleaning
[2020-11-01T01:17:09.004+0000][info][gc,task      ] GC(75) Using 1 of 1 workers for concurrent preclean
[2020-11-01T01:17:09.004+0000][info][gc           ] GC(75) Concurrent precleaning 3486M->3486M(4096M) 0.116ms
[2020-11-01T01:17:09.004+0000][info][gc,start     ] GC(75) Pause Final Mark (process weakrefs)
[2020-11-01T01:17:09.004+0000][info][gc,task      ] GC(75) Using 1 of 1 workers for final marking
[2020-11-01T01:17:09.005+0000][info][gc,ergo      ] GC(75) Immediate Garbage: 3376M (97% of total), 1688 regions
[2020-11-01T01:17:09.005+0000][info][gc           ] GC(75) Pause Final Mark (process weakrefs) 0.635ms
[2020-11-01T01:17:09.005+0000][info][safepoint    ] Safepoint "ShenandoahFinalMarkStartEvac", Time since last: 8240306 ns, Reaching safepoint: 137225 ns, At safepoint: 654744 ns, Total: 791969 ns
[2020-11-01T01:17:09.005+0000][info][gc,start     ] GC(75) Concurrent cleanup
[2020-11-01T01:17:09.005+0000][info][gc           ] GC(75) Concurrent cleanup 3486M->114M(4096M) 0.291ms
[2020-11-01T01:17:09.005+0000][info][gc,ergo      ] GC(75) Free: 3776M (1888 regions), Max regular: 2048K, Max humongous: 1165312K, External frag: 70%, Internal frag: 0%
[2020-11-01T01:17:09.005+0000][info][gc,ergo      ] GC(75) Evacuation Reserve: 206M (103 regions), Max regular: 2048K
[2020-11-01T01:17:09.005+0000][info][gc,ergo      ] Free: 3776M (1888 regions), Max regular: 2048K, Max humongous: 1165312K, External frag: 70%, Internal frag: 0%
[2020-11-01T01:17:09.005+0000][info][gc,ergo      ] Evacuation Reserve: 206M (103 regions), Max regular: 2048K
[2020-11-01T01:17:09.005+0000][info][gc,ergo      ] Pacer for Idle. Initial: 81M, Alloc Tax Rate: 1.0x
[2020-11-01T01:17:10.005+0000][info][safepoint    ] Safepoint "Cleanup", Time since last: 1000079687 ns, Reaching safepoint: 133921 ns, At safepoint: 5001 ns, Total: 138922 ns
[2020-11-01T01:17:11.005+0000][info][safepoint    ] Safepoint "Cleanup", Time since last: 1000108565 ns, Reaching safepoint: 57985 ns, At safepoint: 5083 ns, Total: 63068 ns
[2020-11-01T01:17:12.005+0000][info][safepoint    ] Safepoint "Cleanup", Time since last: 1000108219 ns, Reaching safepoint: 132362 ns, At safepoint: 5977 ns, Total: 138339 ns
[2020-11-01T01:17:13.006+0000][info][safepoint    ] Safepoint "Cleanup", Time since last: 1000110313 ns, Reaching safepoint: 158841 ns, At safepoint: 7899 ns, Total: 166740 ns
[2020-11-01T01:17:14.006+0000][info][safepoint    ] Safepoint "Cleanup", Time since last: 1000105021 ns, Reaching safepoint: 138589 ns, At safepoint: 7648 ns, Total: 146237 ns
[2020-11-01T01:17:15.006+0000][info][safepoint    ] Safepoint "Cleanup", Time since last: 1000118629 ns, Reaching safepoint: 59590 ns, At safepoint: 5906 ns, Total: 65496 ns
[2020-11-01T01:17:16.006+0000][info][safepoint    ] Safepoint "Cleanup", Time since last: 1000115084 ns, Reaching safepoint: 59012 ns, At safepoint: 4701 ns, Total: 63713 ns
[2020-11-01T01:17:17.006+0000][info][safepoint    ] Safepoint "Cleanup", Time since last: 1000109970 ns, Reaching safepoint: 57201 ns, At safepoint: 6022 ns, Total: 63223 ns
[2020-11-01T01:17:18.007+0000][info][safepoint    ] Safepoint "Cleanup", Time since last: 1000139003 ns, Reaching safepoint: 57992 ns, At safepoint: 6549 ns, Total: 64541 ns
[2020-11-01T01:17:18.953+0000][info][gc           ] Trigger: Free (408M) is below minimum threshold (409M)
[2020-11-01T01:17:18.953+0000][info][gc,ergo      ] Free: 408M (204 regions), Max regular: 2048K, Max humongous: 415744K, External frag: 1%, Internal frag: 0%
[2020-11-01T01:17:18.953+0000][info][gc,ergo      ] Evacuation Reserve: 206M (103 regions), Max regular: 2048K
[2020-11-01T01:17:18.954+0000][info][gc,start     ] GC(76) Concurrent reset
[2020-11-01T01:17:18.954+0000][info][gc,task      ] GC(76) Using 1 of 1 workers for concurrent reset
[2020-11-01T01:17:18.954+0000][info][gc           ] GC(76) Concurrent reset 3482M->3482M(4096M) 0.478ms
[2020-11-01T01:17:18.954+0000][info][gc,start     ] GC(76) Pause Init Mark
[2020-11-01T01:17:18.954+0000][info][gc,task      ] GC(76) Using 1 of 1 workers for init marking
[2020-11-01T01:17:18.955+0000][info][gc,ergo      ] GC(76) Pacer for Mark. Expected Live: 4M, Free: 408M, Non-Taxable: 40M, Alloc Tax Rate: 0.0x
[2020-11-01T01:17:18.955+0000][info][gc           ] GC(76) Pause Init Mark 0.460ms
[2020-11-01T01:17:18.955+0000][info][safepoint    ] Safepoint "ShenandoahInitMark", Time since last: 947485481 ns, Reaching safepoint: 136168 ns, At safepoint: 479591 ns, Total: 615759 ns
[2020-11-01T01:17:18.955+0000][info][gc,start     ] GC(76) Concurrent marking
[2020-11-01T01:17:18.955+0000][info][gc,task      ] GC(76) Using 1 of 1 workers for concurrent marking
[2020-11-01T01:17:18.960+0000][info][gc           ] GC(76) Concurrent marking 3484M->3484M(4096M) 5.357ms
[2020-11-01T01:17:18.960+0000][info][gc,start     ] GC(76) Pause Final Mark
[2020-11-01T01:17:18.960+0000][info][gc,task      ] GC(76) Using 1 of 1 workers for final marking
[2020-11-01T01:17:18.961+0000][info][gc,ergo      ] GC(76) Immediate Garbage: 3376M (97% of total), 1688 regions
[2020-11-01T01:17:18.961+0000][info][gc           ] GC(76) Pause Final Mark 0.579ms
[2020-11-01T01:17:18.961+0000][info][safepoint    ] Safepoint "ShenandoahFinalMarkStartEvac", Time since last: 5434013 ns, Reaching safepoint: 121615 ns, At safepoint: 599174 ns, Total: 720789 ns
[2020-11-01T01:17:18.961+0000][info][gc,start     ] GC(76) Concurrent cleanup
[2020-11-01T01:17:18.964+0000][info][gc           ] GC(76) Concurrent cleanup 3484M->112M(4096M) 2.739ms
[2020-11-01T01:17:18.964+0000][info][gc,ergo      ] GC(76) Free: 3778M (1889 regions), Max regular: 2048K, Max humongous: 1165312K, External frag: 70%, Internal frag: 0%
[2020-11-01T01:17:18.964+0000][info][gc,ergo      ] GC(76) Evacuation Reserve: 206M (103 regions), Max regular: 2048K
[2020-11-01T01:17:18.964+0000][info][gc,ergo      ] Free: 3778M (1889 regions), Max regular: 2048K, Max humongous: 1165312K, External frag: 70%, Internal frag: 0%
[2020-11-01T01:17:18.964+0000][info][gc,ergo      ] Evacuation Reserve: 206M (103 regions), Max regular: 2048K
[2020-11-01T01:17:18.964+0000][info][gc,ergo      ] Pacer for Idle. Initial: 81M, Alloc Tax Rate: 1.0x
[2020-11-01T01:17:19.961+0000][info][safepoint    ] Safepoint "Cleanup", Time since last: 1000081724 ns, Reaching safepoint: 132481 ns, At safepoint: 5504 ns, Total: 137985 ns
[2020-11-01T01:17:20.961+0000][info][safepoint    ] Safepoint "Cleanup", Time since last: 1000108811 ns, Reaching safepoint: 138058 ns, At safepoint: 3262 ns, Total: 141320 ns
[2020-11-01T01:17:21.961+0000][info][safepoint    ] Safepoint "Cleanup", Time since last: 1000118130 ns, Reaching safepoint: 67844 ns, At safepoint: 3897 ns, Total: 71741 ns
[2020-11-01T01:17:22.962+0000][info][safepoint    ] Safepoint "Cleanup", Time since last: 1000107768 ns, Reaching safepoint: 64726 ns, At safepoint: 7441 ns, Total: 72167 ns
[2020-11-01T01:17:23.962+0000][info][safepoint    ] Safepoint "Cleanup", Time since last: 1000105053 ns, Reaching safepoint: 140104 ns, At safepoint: 5300 ns, Total: 145404 ns
[2020-11-01T01:17:24.962+0000][info][safepoint    ] Safepoint "Cleanup", Time since last: 1000109899 ns, Reaching safepoint: 57915 ns, At safepoint: 6442 ns, Total: 64357 ns
[2020-11-01T01:17:25.962+0000][info][safepoint    ] Safepoint "Cleanup", Time since last: 1000114644 ns, Reaching safepoint: 147314 ns, At safepoint: 3745 ns, Total: 151059 ns
[2020-11-01T01:17:26.963+0000][info][safepoint    ] Safepoint "Cleanup", Time since last: 1000110131 ns, Reaching safepoint: 70115 ns, At safepoint: 3160 ns, Total: 73275 ns
[2020-11-01T01:17:27.963+0000][info][safepoint    ] Safepoint "Cleanup", Time since last: 1000105697 ns, Reaching safepoint: 133648 ns, At safepoint: 5620 ns, Total: 139268 ns
